###############################################################
#  Generated by:      Cadence Innovus 23.35-s106_1
#  OS:                Linux x86_64(Host ID microsys.openstack.polito)
#  Generated on:      Sat Oct 10 21:45:44 2026
#  Design:            boothmul_registered
#  Command:           report_ccopt_skew_groups -file reports/05_skew_groups.rpt
###############################################################

Skew Group Structure:
=====================

-----------------------------------------------------------------------------
Skew Group                Sources    Constrained Sinks    Unconstrained Sinks
-----------------------------------------------------------------------------
CLK/coherent-synthesis       1              128                    0
-----------------------------------------------------------------------------

Skew Group Summary:
===================

---------------------------------------------------------------------------------------------------------------------------------------------------------------------------
Timing Corner         Skew Group                ID Target    Min ID    Max ID    Avg ID    Std.Dev. ID    Skew Target Type    Skew Target    Skew     Skew window occupancy
---------------------------------------------------------------------------------------------------------------------------------------------------------------------------
std-typ:both.early    CLK/coherent-synthesis        -        0.066     0.075     0.070        0.003       ignored                  -         0.009              -
std-typ:both.late     CLK/coherent-synthesis    *0.050       0.066     0.075     0.070        0.003       explicit             0.050         0.009    100% {0.066, 0.075}
---------------------------------------------------------------------------------------------------------------------------------------------------------------------------

* - indicates that target was not met.

Skew Group Min/Max path pins:
=============================

------------------------------------------------------------------------------------
Timing Corner         Skew Group                Min ID    PathID    Max ID    PathID
------------------------------------------------------------------------------------
std-typ:both.early    CLK/coherent-synthesis    0.066       1       0.075       2
-    min p_reg_Y_temp_reg_61_/CK
-    max B_reg_Y_temp_reg_10_/CK
std-typ:both.late     CLK/coherent-synthesis    0.066       3       0.075       4
-    min p_reg_Y_temp_reg_61_/CK
-    max B_reg_Y_temp_reg_10_/CK
------------------------------------------------------------------------------------

Timing for timing corner std-typ:both.early, min clock_path:
============================================================

PathID    : 1
Path type : skew group CLK/coherent-synthesis (path 1 of 1)
Start     : CLK
End       : p_reg_Y_temp_reg_61_/CK
Delay     : 0.066

------------------------------------------------------------------------------------------------
Name  Lib cell   Event  Incr   Arrival  Slew   Cap     Location         Distance  Fanout  Status
                        (ns)   (ns)     (ns)   (fF)                     (um)              
-- Clockpath trace -----------------------------------------------------------------------------
CLK
-     -          rise   -       0.000   0.002  16.040  (55.905,0.000)   -            3    
CTS_ccl_a_buf_00001/A
-     CLKBUF_X3  rise   0.001   0.001   0.002  -       (81.760,12.565)   38.420   -       
CTS_ccl_a_buf_00001/Z
-     CLKBUF_X3  rise   0.062   0.064   0.041  50.647  (82.125,12.220)    0.710     42    
p_reg_Y_temp_reg_61_/CK
-     DFFS_X1    rise   0.002   0.066   0.041  -       (92.335,9.830)    12.600   -       
------------------------------------------------------------------------------------------------

Timing for timing corner std-typ:both.early, max clock_path:
============================================================

PathID    : 2
Path type : skew group CLK/coherent-synthesis (path 1 of 1)
Start     : CLK
End       : B_reg_Y_temp_reg_10_/CK
Delay     : 0.075

------------------------------------------------------------------------------------------------
Name  Lib cell   Event  Incr   Arrival  Slew   Cap     Location         Distance  Fanout  Status
                        (ns)   (ns)     (ns)   (fF)                     (um)              
-- Clockpath trace -----------------------------------------------------------------------------
CLK
-     -          rise   -       0.000   0.002  16.040  (55.905,0.000)   -            3    
CTS_ccl_a_buf_00003/A
-     CLKBUF_X3  rise   0.001   0.001   0.002  -       (15.900,12.565)   52.570   -       
CTS_ccl_a_buf_00003/Z
-     CLKBUF_X3  rise   0.068   0.069   0.046  57.219  (15.535,12.220)    0.710     45    
B_reg_Y_temp_reg_10_/CK
-     DFF_X1     rise   0.006   0.075   0.046  -       (35.190,92.710)  100.145   -       
------------------------------------------------------------------------------------------------

Timing for timing corner std-typ:both.late, min clock_path:
===========================================================

PathID    : 3
Path type : skew group CLK/coherent-synthesis (path 1 of 1)
Start     : CLK
End       : p_reg_Y_temp_reg_61_/CK
Delay     : 0.066

------------------------------------------------------------------------------------------------
Name  Lib cell   Event  Incr   Arrival  Slew   Cap     Location         Distance  Fanout  Status
                        (ns)   (ns)     (ns)   (fF)                     (um)              
-- Clockpath trace -----------------------------------------------------------------------------
CLK
-     -          rise   -       0.000   0.002  16.040  (55.905,0.000)   -            3    
CTS_ccl_a_buf_00001/A
-     CLKBUF_X3  rise   0.001   0.001   0.002  -       (81.760,12.565)   38.420   -       
CTS_ccl_a_buf_00001/Z
-     CLKBUF_X3  rise   0.062   0.064   0.041  50.647  (82.125,12.220)    0.710     42    
p_reg_Y_temp_reg_61_/CK
-     DFFS_X1    rise   0.002   0.066   0.041  -       (92.335,9.830)    12.600   -       
------------------------------------------------------------------------------------------------

Timing for timing corner std-typ:both.late, max clock_path:
===========================================================

PathID    : 4
Path type : skew group CLK/coherent-synthesis (path 1 of 1)
Start     : CLK
End       : B_reg_Y_temp_reg_10_/CK
Delay     : 0.075

------------------------------------------------------------------------------------------------
Name  Lib cell   Event  Incr   Arrival  Slew   Cap     Location         Distance  Fanout  Status
                        (ns)   (ns)     (ns)   (fF)                     (um)              
-- Clockpath trace -----------------------------------------------------------------------------
CLK
-     -          rise   -       0.000   0.002  16.040  (55.905,0.000)   -            3    
CTS_ccl_a_buf_00003/A
-     CLKBUF_X3  rise   0.001   0.001   0.002  -       (15.900,12.565)   52.570   -       
CTS_ccl_a_buf_00003/Z
-     CLKBUF_X3  rise   0.069   0.070   0.046  57.219  (15.535,12.220)    0.710     45    
B_reg_Y_temp_reg_10_/CK
-     DFF_X1     rise   0.006   0.075   0.046  -       (35.190,92.710)  100.145   -       
------------------------------------------------------------------------------------------------

