###############################################################
#  Generated by:      Cadence Innovus 23.35-s106_1
#  OS:                Linux x86_64(Host ID microsys.openstack.polito)
#  Generated on:      Sat Oct 10 21:49:33 2026
#  Design:            boothmul_registered
#  Command:           report_timing -early -max_paths 10 > reports/10_hold_paths.rpt
###############################################################
Path 1: MET Hold Check with Pin B_reg_Y_temp_reg_24_/CK 
Endpoint:   B_reg_Y_temp_reg_24_/D  (v) checked with  leading edge of 'CLK'
Beginpoint: B_reg_Y_temp_reg_24_/QN (^) triggered by  leading edge of 'CLK'
Path Groups: {CLK}
Analysis View: default
Other End Arrival Time          0.048
+ Hold                          0.010
+ Phase Shift                   0.000
- CPPR Adjustment               0.000
+ Uncertainty                   0.050
= Required Time                 0.108
  Arrival Time                  0.175
  Slack Time                    0.067
     Clock Rise Edge                 0.000
     + Clock Network Latency (Prop)  0.068
     = Beginpoint Arrival Time       0.068
     +-----------------------------------------------------------------------------+ 
     |       Instance       |     Arc      |   Cell   | Delay | Arrival | Required | 
     |                      |              |          |       |  Time   |   Time   | 
     |----------------------+--------------+----------+-------+---------+----------| 
     | B_reg_Y_temp_reg_24_ | CK ^         |          |       |   0.068 |    0.000 | 
     | B_reg_Y_temp_reg_24_ | CK ^ -> QN ^ | DFF_X1   | 0.073 |   0.141 |    0.074 | 
     | U3100                | A1 ^ -> ZN ^ | OR2_X1   | 0.022 |   0.163 |    0.096 | 
     | U3234                | A ^ -> ZN v  | OAI21_X1 | 0.012 |   0.175 |    0.108 | 
     | B_reg_Y_temp_reg_24_ | D v          | DFF_X1   | 0.000 |   0.175 |    0.108 | 
     +-----------------------------------------------------------------------------+ 
Path 2: MET Hold Check with Pin p_reg_Y_temp_reg_51_/CK 
Endpoint:   p_reg_Y_temp_reg_51_/D  (v) checked with  leading edge of 'CLK'
Beginpoint: p_reg_Y_temp_reg_51_/QN (^) triggered by  leading edge of 'CLK'
Path Groups: {CLK}
Analysis View: default
Other End Arrival Time          0.045
+ Hold                          0.010
+ Phase Shift                   0.000
- CPPR Adjustment               0.000
+ Uncertainty                   0.050
= Required Time                 0.105
  Arrival Time                  0.173
  Slack Time                    0.068
     Clock Rise Edge                 0.000
     + Clock Network Latency (Prop)  0.065
     = Beginpoint Arrival Time       0.065
     +-----------------------------------------------------------------------------+ 
     |       Instance       |     Arc      |   Cell   | Delay | Arrival | Required | 
     |                      |              |          |       |  Time   |   Time   | 
     |----------------------+--------------+----------+-------+---------+----------| 
     | p_reg_Y_temp_reg_51_ | CK ^         |          |       |   0.065 |   -0.002 | 
     | p_reg_Y_temp_reg_51_ | CK ^ -> QN ^ | DFF_X1   | 0.073 |   0.139 |    0.071 | 
     | U3193                | A1 ^ -> ZN ^ | OR2_X1   | 0.022 |   0.161 |    0.093 | 
     | U3310                | A ^ -> ZN v  | OAI21_X1 | 0.012 |   0.173 |    0.105 | 
     | p_reg_Y_temp_reg_51_ | D v          | DFF_X1   | 0.000 |   0.173 |    0.105 | 
     +-----------------------------------------------------------------------------+ 
Path 3: MET Hold Check with Pin B_reg_Y_temp_reg_25_/CK 
Endpoint:   B_reg_Y_temp_reg_25_/D  (v) checked with  leading edge of 'CLK'
Beginpoint: B_reg_Y_temp_reg_25_/QN (^) triggered by  leading edge of 'CLK'
Path Groups: {CLK}
Analysis View: default
Other End Arrival Time          0.048
+ Hold                          0.010
+ Phase Shift                   0.000
- CPPR Adjustment               0.000
+ Uncertainty                   0.050
= Required Time                 0.108
  Arrival Time                  0.176
  Slack Time                    0.068
     Clock Rise Edge                 0.000
     + Clock Network Latency (Prop)  0.068
     = Beginpoint Arrival Time       0.068
     +-----------------------------------------------------------------------------+ 
     |       Instance       |     Arc      |   Cell   | Delay | Arrival | Required | 
     |                      |              |          |       |  Time   |   Time   | 
     |----------------------+--------------+----------+-------+---------+----------| 
     | B_reg_Y_temp_reg_25_ | CK ^         |          |       |   0.068 |   -0.000 | 
     | B_reg_Y_temp_reg_25_ | CK ^ -> QN ^ | DFF_X1   | 0.073 |   0.141 |    0.073 | 
     | U3103                | A1 ^ -> ZN ^ | OR2_X1   | 0.022 |   0.164 |    0.096 | 
     | U3233                | A ^ -> ZN v  | OAI21_X1 | 0.012 |   0.176 |    0.108 | 
     | B_reg_Y_temp_reg_25_ | D v          | DFF_X1   | 0.000 |   0.176 |    0.108 | 
     +-----------------------------------------------------------------------------+ 
Path 4: MET Hold Check with Pin p_reg_Y_temp_reg_7_/CK 
Endpoint:   p_reg_Y_temp_reg_7_/D  (v) checked with  leading edge of 'CLK'
Beginpoint: p_reg_Y_temp_reg_7_/QN (^) triggered by  leading edge of 'CLK'
Path Groups: {CLK}
Analysis View: default
Other End Arrival Time          0.047
+ Hold                          0.010
+ Phase Shift                   0.000
- CPPR Adjustment               0.000
+ Uncertainty                   0.050
= Required Time                 0.107
  Arrival Time                  0.175
  Slack Time                    0.068
     Clock Rise Edge                 0.000
     + Clock Network Latency (Prop)  0.067
     = Beginpoint Arrival Time       0.067
     +----------------------------------------------------------------------------+ 
     |      Instance       |     Arc      |   Cell   | Delay | Arrival | Required | 
     |                     |              |          |       |  Time   |   Time   | 
     |---------------------+--------------+----------+-------+---------+----------| 
     | p_reg_Y_temp_reg_7_ | CK ^         |          |       |   0.067 |   -0.001 | 
     | p_reg_Y_temp_reg_7_ | CK ^ -> QN ^ | DFF_X1   | 0.073 |   0.140 |    0.072 | 
     | U3138               | A1 ^ -> ZN ^ | OR2_X1   | 0.023 |   0.163 |    0.095 | 
     | U3266               | A ^ -> ZN v  | OAI21_X1 | 0.012 |   0.175 |    0.107 | 
     | p_reg_Y_temp_reg_7_ | D v          | DFF_X1   | 0.000 |   0.175 |    0.107 | 
     +----------------------------------------------------------------------------+ 
Path 5: MET Hold Check with Pin p_reg_Y_temp_reg_26_/CK 
Endpoint:   p_reg_Y_temp_reg_26_/D  (v) checked with  leading edge of 'CLK'
Beginpoint: p_reg_Y_temp_reg_26_/QN (^) triggered by  leading edge of 'CLK'
Path Groups: {CLK}
Analysis View: default
Other End Arrival Time          0.046
+ Hold                          0.010
+ Phase Shift                   0.000
- CPPR Adjustment               0.000
+ Uncertainty                   0.050
= Required Time                 0.106
  Arrival Time                  0.174
  Slack Time                    0.068
     Clock Rise Edge                 0.000
     + Clock Network Latency (Prop)  0.066
     = Beginpoint Arrival Time       0.066
     +-----------------------------------------------------------------------------+ 
     |       Instance       |     Arc      |   Cell   | Delay | Arrival | Required | 
     |                      |              |          |       |  Time   |   Time   | 
     |----------------------+--------------+----------+-------+---------+----------| 
     | p_reg_Y_temp_reg_26_ | CK ^         |          |       |   0.066 |   -0.002 | 
     | p_reg_Y_temp_reg_26_ | CK ^ -> QN ^ | DFF_X1   | 0.073 |   0.140 |    0.072 | 
     | U3156                | A1 ^ -> ZN ^ | OR2_X1   | 0.023 |   0.162 |    0.094 | 
     | U3285                | A ^ -> ZN v  | OAI21_X1 | 0.012 |   0.174 |    0.106 | 
     | p_reg_Y_temp_reg_26_ | D v          | DFF_X1   | 0.000 |   0.174 |    0.106 | 
     +-----------------------------------------------------------------------------+ 
Path 6: MET Hold Check with Pin B_reg_Y_temp_reg_21_/CK 
Endpoint:   B_reg_Y_temp_reg_21_/D  (v) checked with  leading edge of 'CLK'
Beginpoint: B_reg_Y_temp_reg_21_/QN (^) triggered by  leading edge of 'CLK'
Path Groups: {CLK}
Analysis View: default
Other End Arrival Time          0.048
+ Hold                          0.010
+ Phase Shift                   0.000
- CPPR Adjustment               0.000
+ Uncertainty                   0.050
= Required Time                 0.108
  Arrival Time                  0.176
  Slack Time                    0.068
     Clock Rise Edge                 0.000
     + Clock Network Latency (Prop)  0.068
     = Beginpoint Arrival Time       0.068
     +-----------------------------------------------------------------------------+ 
     |       Instance       |     Arc      |   Cell   | Delay | Arrival | Required | 
     |                      |              |          |       |  Time   |   Time   | 
     |----------------------+--------------+----------+-------+---------+----------| 
     | B_reg_Y_temp_reg_21_ | CK ^         |          |       |   0.068 |   -0.000 | 
     | B_reg_Y_temp_reg_21_ | CK ^ -> QN ^ | DFF_X1   | 0.074 |   0.142 |    0.074 | 
     | U3108                | A1 ^ -> ZN ^ | OR2_X1   | 0.023 |   0.164 |    0.096 | 
     | U3237                | A ^ -> ZN v  | OAI21_X1 | 0.012 |   0.176 |    0.108 | 
     | B_reg_Y_temp_reg_21_ | D v          | DFF_X1   | 0.000 |   0.176 |    0.108 | 
     +-----------------------------------------------------------------------------+ 
Path 7: MET Hold Check with Pin B_reg_Y_temp_reg_23_/CK 
Endpoint:   B_reg_Y_temp_reg_23_/D  (v) checked with  leading edge of 'CLK'
Beginpoint: B_reg_Y_temp_reg_23_/QN (^) triggered by  leading edge of 'CLK'
Path Groups: {CLK}
Analysis View: default
Other End Arrival Time          0.048
+ Hold                          0.010
+ Phase Shift                   0.000
- CPPR Adjustment               0.000
+ Uncertainty                   0.050
= Required Time                 0.108
  Arrival Time                  0.176
  Slack Time                    0.068
     Clock Rise Edge                 0.000
     + Clock Network Latency (Prop)  0.068
     = Beginpoint Arrival Time       0.068
     +-----------------------------------------------------------------------------+ 
     |       Instance       |     Arc      |   Cell   | Delay | Arrival | Required | 
     |                      |              |          |       |  Time   |   Time   | 
     |----------------------+--------------+----------+-------+---------+----------| 
     | B_reg_Y_temp_reg_23_ | CK ^         |          |       |   0.068 |   -0.000 | 
     | B_reg_Y_temp_reg_23_ | CK ^ -> QN ^ | DFF_X1   | 0.073 |   0.141 |    0.073 | 
     | U3093                | A1 ^ -> ZN ^ | OR2_X1   | 0.022 |   0.164 |    0.096 | 
     | U3235                | A ^ -> ZN v  | OAI21_X1 | 0.013 |   0.176 |    0.108 | 
     | B_reg_Y_temp_reg_23_ | D v          | DFF_X1   | 0.000 |   0.176 |    0.108 | 
     +-----------------------------------------------------------------------------+ 
Path 8: MET Hold Check with Pin B_reg_Y_temp_reg_17_/CK 
Endpoint:   B_reg_Y_temp_reg_17_/D  (v) checked with  leading edge of 'CLK'
Beginpoint: B_reg_Y_temp_reg_17_/QN (^) triggered by  leading edge of 'CLK'
Path Groups: {CLK}
Analysis View: default
Other End Arrival Time          0.048
+ Hold                          0.010
+ Phase Shift                   0.000
- CPPR Adjustment               0.000
+ Uncertainty                   0.050
= Required Time                 0.109
  Arrival Time                  0.177
  Slack Time                    0.068
     Clock Rise Edge                 0.000
     + Clock Network Latency (Prop)  0.068
     = Beginpoint Arrival Time       0.068
     +-----------------------------------------------------------------------------+ 
     |       Instance       |     Arc      |   Cell   | Delay | Arrival | Required | 
     |                      |              |          |       |  Time   |   Time   | 
     |----------------------+--------------+----------+-------+---------+----------| 
     | B_reg_Y_temp_reg_17_ | CK ^         |          |       |   0.068 |    0.000 | 
     | B_reg_Y_temp_reg_17_ | CK ^ -> QN ^ | DFF_X1   | 0.074 |   0.142 |    0.074 | 
     | U3091                | A1 ^ -> ZN ^ | OR2_X1   | 0.023 |   0.165 |    0.097 | 
     | U3241                | A ^ -> ZN v  | OAI21_X1 | 0.012 |   0.177 |    0.109 | 
     | B_reg_Y_temp_reg_17_ | D v          | DFF_X1   | 0.000 |   0.177 |    0.109 | 
     +-----------------------------------------------------------------------------+ 
Path 9: MET Hold Check with Pin p_reg_Y_temp_reg_3_/CK 
Endpoint:   p_reg_Y_temp_reg_3_/D  (v) checked with  leading edge of 'CLK'
Beginpoint: p_reg_Y_temp_reg_3_/QN (^) triggered by  leading edge of 'CLK'
Path Groups: {CLK}
Analysis View: default
Other End Arrival Time          0.047
+ Hold                          0.010
+ Phase Shift                   0.000
- CPPR Adjustment               0.000
+ Uncertainty                   0.050
= Required Time                 0.107
  Arrival Time                  0.175
  Slack Time                    0.068
     Clock Rise Edge                 0.000
     + Clock Network Latency (Prop)  0.067
     = Beginpoint Arrival Time       0.067
     +----------------------------------------------------------------------------+ 
     |      Instance       |     Arc      |   Cell   | Delay | Arrival | Required | 
     |                     |              |          |       |  Time   |   Time   | 
     |---------------------+--------------+----------+-------+---------+----------| 
     | p_reg_Y_temp_reg_3_ | CK ^         |          |       |   0.067 |   -0.001 | 
     | p_reg_Y_temp_reg_3_ | CK ^ -> QN ^ | DFF_X1   | 0.074 |   0.141 |    0.072 | 
     | U3133               | A1 ^ -> ZN ^ | OR2_X1   | 0.022 |   0.163 |    0.095 | 
     | U3262               | A ^ -> ZN v  | OAI21_X1 | 0.012 |   0.175 |    0.107 | 
     | p_reg_Y_temp_reg_3_ | D v          | DFF_X1   | 0.000 |   0.175 |    0.107 | 
     +----------------------------------------------------------------------------+ 
Path 10: MET Hold Check with Pin B_reg_Y_temp_reg_26_/CK 
Endpoint:   B_reg_Y_temp_reg_26_/D  (v) checked with  leading edge of 'CLK'
Beginpoint: B_reg_Y_temp_reg_26_/QN (^) triggered by  leading edge of 'CLK'
Path Groups: {CLK}
Analysis View: default
Other End Arrival Time          0.044
+ Hold                          0.010
+ Phase Shift                   0.000
- CPPR Adjustment               0.000
+ Uncertainty                   0.050
= Required Time                 0.105
  Arrival Time                  0.173
  Slack Time                    0.068
     Clock Rise Edge                 0.000
     + Clock Network Latency (Prop)  0.065
     = Beginpoint Arrival Time       0.065
     +-----------------------------------------------------------------------------+ 
     |       Instance       |     Arc      |   Cell   | Delay | Arrival | Required | 
     |                      |              |          |       |  Time   |   Time   | 
     |----------------------+--------------+----------+-------+---------+----------| 
     | B_reg_Y_temp_reg_26_ | CK ^         |          |       |   0.065 |   -0.004 | 
     | B_reg_Y_temp_reg_26_ | CK ^ -> QN ^ | DFF_X1   | 0.074 |   0.138 |    0.070 | 
     | U3113                | A1 ^ -> ZN ^ | OR2_X1   | 0.022 |   0.160 |    0.092 | 
     | U3232                | A ^ -> ZN v  | OAI21_X1 | 0.013 |   0.173 |    0.105 | 
     | B_reg_Y_temp_reg_26_ | D v          | DFF_X1   | 0.000 |   0.173 |    0.105 | 
     +-----------------------------------------------------------------------------+ 

