###############################################################
#  Generated by:      Cadence Innovus 23.35-s106_1
#  OS:                Linux x86_64(Host ID microsys.openstack.polito)
#  Generated on:      Sat Oct 10 21:43:26 2026
#  Design:            boothmul_registered
#  Command:           report_timing -early -max_paths 10 > reports/10_hold_paths.rpt
###############################################################
Path 1: MET Hold Check with Pin p_reg_Y_temp_reg_15_/CK 
Endpoint:   p_reg_Y_temp_reg_15_/D  (v) checked with  leading edge of 'CLK'
Beginpoint: p_reg_Y_temp_reg_15_/QN (^) triggered by  leading edge of 'CLK'
Path Groups: {CLK}
Analysis View: default
Other End Arrival Time          0.049
+ Hold                          0.011
+ Phase Shift                   0.000
- CPPR Adjustment               0.000
+ Uncertainty                   0.050
= Required Time                 0.110
  Arrival Time                  0.181
  Slack Time                    0.071
     Clock Rise Edge                 0.000
     + Clock Network Latency (Prop)  0.073
     = Beginpoint Arrival Time       0.073
     +-----------------------------------------------------------------------------+ 
     |       Instance       |     Arc      |   Cell   | Delay | Arrival | Required | 
     |                      |              |          |       |  Time   |   Time   | 
     |----------------------+--------------+----------+-------+---------+----------| 
     | p_reg_Y_temp_reg_15_ | CK ^         |          |       |   0.073 |    0.002 | 
     | p_reg_Y_temp_reg_15_ | CK ^ -> QN ^ | DFF_X1   | 0.074 |   0.147 |    0.076 | 
     | U6317                | A1 ^ -> ZN ^ | OR2_X1   | 0.022 |   0.169 |    0.098 | 
     | U6482                | A ^ -> ZN v  | OAI21_X1 | 0.012 |   0.181 |    0.110 | 
     | p_reg_Y_temp_reg_15_ | D v          | DFF_X1   | 0.000 |   0.181 |    0.110 | 
     +-----------------------------------------------------------------------------+ 
Path 2: MET Hold Check with Pin p_reg_Y_temp_reg_63_/CK 
Endpoint:   p_reg_Y_temp_reg_63_/D  (v) checked with  leading edge of 'CLK'
Beginpoint: p_reg_Y_temp_reg_63_/QN (^) triggered by  leading edge of 'CLK'
Path Groups: {CLK}
Analysis View: default
Other End Arrival Time          0.051
+ Hold                          0.011
+ Phase Shift                   0.000
- CPPR Adjustment               0.000
+ Uncertainty                   0.050
= Required Time                 0.112
  Arrival Time                  0.183
  Slack Time                    0.071
     Clock Rise Edge                 0.000
     + Clock Network Latency (Prop)  0.075
     = Beginpoint Arrival Time       0.075
     +-----------------------------------------------------------------------------+ 
     |       Instance       |     Arc      |   Cell   | Delay | Arrival | Required | 
     |                      |              |          |       |  Time   |   Time   | 
     |----------------------+--------------+----------+-------+---------+----------| 
     | p_reg_Y_temp_reg_63_ | CK ^         |          |       |   0.075 |    0.004 | 
     | p_reg_Y_temp_reg_63_ | CK ^ -> QN ^ | DFF_X1   | 0.074 |   0.149 |    0.078 | 
     | U6350                | A1 ^ -> ZN ^ | OR2_X1   | 0.022 |   0.171 |    0.100 | 
     | U6233                | A2 ^ -> ZN v | NAND2_X1 | 0.012 |   0.183 |    0.112 | 
     | p_reg_Y_temp_reg_63_ | D v          | DFF_X1   | 0.000 |   0.183 |    0.112 | 
     +-----------------------------------------------------------------------------+ 
Path 3: MET Hold Check with Pin p_reg_Y_temp_reg_36_/CK 
Endpoint:   p_reg_Y_temp_reg_36_/D  (v) checked with  leading edge of 'CLK'
Beginpoint: p_reg_Y_temp_reg_36_/QN (^) triggered by  leading edge of 'CLK'
Path Groups: {CLK}
Analysis View: default
Other End Arrival Time          0.052
+ Hold                          0.011
+ Phase Shift                   0.000
- CPPR Adjustment               0.000
+ Uncertainty                   0.050
= Required Time                 0.112
  Arrival Time                  0.184
  Slack Time                    0.071
     Clock Rise Edge                 0.000
     + Clock Network Latency (Prop)  0.075
     = Beginpoint Arrival Time       0.075
     +-----------------------------------------------------------------------------+ 
     |       Instance       |     Arc      |   Cell   | Delay | Arrival | Required | 
     |                      |              |          |       |  Time   |   Time   | 
     |----------------------+--------------+----------+-------+---------+----------| 
     | p_reg_Y_temp_reg_36_ | CK ^         |          |       |   0.075 |    0.004 | 
     | p_reg_Y_temp_reg_36_ | CK ^ -> QN ^ | DFF_X1   | 0.074 |   0.150 |    0.078 | 
     | U6338                | A1 ^ -> ZN ^ | OR2_X1   | 0.022 |   0.172 |    0.100 | 
     | U6503                | A ^ -> ZN v  | OAI21_X1 | 0.012 |   0.184 |    0.112 | 
     | p_reg_Y_temp_reg_36_ | D v          | DFF_X1   | 0.000 |   0.184 |    0.112 | 
     +-----------------------------------------------------------------------------+ 
Path 4: MET Hold Check with Pin p_reg_Y_temp_reg_49_/CK 
Endpoint:   p_reg_Y_temp_reg_49_/D  (v) checked with  leading edge of 'CLK'
Beginpoint: p_reg_Y_temp_reg_49_/QN (^) triggered by  leading edge of 'CLK'
Path Groups: {CLK}
Analysis View: default
Other End Arrival Time          0.051
+ Hold                          0.011
+ Phase Shift                   0.000
- CPPR Adjustment               0.000
+ Uncertainty                   0.050
= Required Time                 0.112
  Arrival Time                  0.183
  Slack Time                    0.071
     Clock Rise Edge                 0.000
     + Clock Network Latency (Prop)  0.075
     = Beginpoint Arrival Time       0.075
     +-----------------------------------------------------------------------------+ 
     |       Instance       |     Arc      |   Cell   | Delay | Arrival | Required | 
     |                      |              |          |       |  Time   |   Time   | 
     |----------------------+--------------+----------+-------+---------+----------| 
     | p_reg_Y_temp_reg_49_ | CK ^         |          |       |   0.075 |    0.003 | 
     | p_reg_Y_temp_reg_49_ | CK ^ -> QN ^ | DFF_X1   | 0.074 |   0.149 |    0.077 | 
     | U6363                | A1 ^ -> ZN ^ | OR2_X1   | 0.022 |   0.171 |    0.100 | 
     | U6394                | A ^ -> ZN v  | OAI21_X1 | 0.012 |   0.183 |    0.112 | 
     | p_reg_Y_temp_reg_49_ | D v          | DFF_X1   | 0.000 |   0.183 |    0.112 | 
     +-----------------------------------------------------------------------------+ 
Path 5: MET Hold Check with Pin p_reg_Y_temp_reg_16_/CK 
Endpoint:   p_reg_Y_temp_reg_16_/D  (v) checked with  leading edge of 'CLK'
Beginpoint: p_reg_Y_temp_reg_16_/QN (^) triggered by  leading edge of 'CLK'
Path Groups: {CLK}
Analysis View: default
Other End Arrival Time          0.049
+ Hold                          0.011
+ Phase Shift                   0.000
- CPPR Adjustment               0.000
+ Uncertainty                   0.050
= Required Time                 0.109
  Arrival Time                  0.181
  Slack Time                    0.072
     Clock Rise Edge                 0.000
     + Clock Network Latency (Prop)  0.072
     = Beginpoint Arrival Time       0.072
     +-----------------------------------------------------------------------------+ 
     |       Instance       |     Arc      |   Cell   | Delay | Arrival | Required | 
     |                      |              |          |       |  Time   |   Time   | 
     |----------------------+--------------+----------+-------+---------+----------| 
     | p_reg_Y_temp_reg_16_ | CK ^         |          |       |   0.072 |    0.001 | 
     | p_reg_Y_temp_reg_16_ | CK ^ -> QN ^ | DFF_X1   | 0.074 |   0.147 |    0.075 | 
     | U6318                | A1 ^ -> ZN ^ | OR2_X1   | 0.022 |   0.169 |    0.097 | 
     | U6483                | A ^ -> ZN v  | OAI21_X1 | 0.012 |   0.181 |    0.109 | 
     | p_reg_Y_temp_reg_16_ | D v          | DFF_X1   | 0.000 |   0.181 |    0.109 | 
     +-----------------------------------------------------------------------------+ 
Path 6: MET Hold Check with Pin B_reg_Y_temp_reg_16_/CK 
Endpoint:   B_reg_Y_temp_reg_16_/D  (v) checked with  leading edge of 'CLK'
Beginpoint: B_reg_Y_temp_reg_16_/QN (^) triggered by  leading edge of 'CLK'
Path Groups: {CLK}
Analysis View: default
Other End Arrival Time          0.050
+ Hold                          0.011
+ Phase Shift                   0.000
- CPPR Adjustment               0.000
+ Uncertainty                   0.050
= Required Time                 0.111
  Arrival Time                  0.182
  Slack Time                    0.072
     Clock Rise Edge                 0.000
     + Clock Network Latency (Prop)  0.074
     = Beginpoint Arrival Time       0.074
     +-----------------------------------------------------------------------------+ 
     |       Instance       |     Arc      |   Cell   | Delay | Arrival | Required | 
     |                      |              |          |       |  Time   |   Time   | 
     |----------------------+--------------+----------+-------+---------+----------| 
     | B_reg_Y_temp_reg_16_ | CK ^         |          |       |   0.074 |    0.002 | 
     | B_reg_Y_temp_reg_16_ | CK ^ -> QN ^ | DFF_X1   | 0.074 |   0.148 |    0.076 | 
     | U6282                | A1 ^ -> ZN ^ | OR2_X1   | 0.022 |   0.170 |    0.098 | 
     | U6457                | A ^ -> ZN v  | OAI21_X1 | 0.012 |   0.182 |    0.111 | 
     | B_reg_Y_temp_reg_16_ | D v          | DFF_X1   | 0.000 |   0.182 |    0.111 | 
     +-----------------------------------------------------------------------------+ 
Path 7: MET Hold Check with Pin B_reg_Y_temp_reg_20_/CK 
Endpoint:   B_reg_Y_temp_reg_20_/D  (v) checked with  leading edge of 'CLK'
Beginpoint: B_reg_Y_temp_reg_20_/QN (^) triggered by  leading edge of 'CLK'
Path Groups: {CLK}
Analysis View: default
Other End Arrival Time          0.049
+ Hold                          0.011
+ Phase Shift                   0.000
- CPPR Adjustment               0.000
+ Uncertainty                   0.050
= Required Time                 0.109
  Arrival Time                  0.181
  Slack Time                    0.072
     Clock Rise Edge                 0.000
     + Clock Network Latency (Prop)  0.072
     = Beginpoint Arrival Time       0.072
     +-----------------------------------------------------------------------------+ 
     |       Instance       |     Arc      |   Cell   | Delay | Arrival | Required | 
     |                      |              |          |       |  Time   |   Time   | 
     |----------------------+--------------+----------+-------+---------+----------| 
     | B_reg_Y_temp_reg_20_ | CK ^         |          |       |   0.072 |    0.001 | 
     | B_reg_Y_temp_reg_20_ | CK ^ -> QN ^ | DFF_X1   | 0.074 |   0.147 |    0.075 | 
     | U6294                | A1 ^ -> ZN ^ | OR2_X1   | 0.022 |   0.169 |    0.097 | 
     | U6461                | A ^ -> ZN v  | OAI21_X1 | 0.012 |   0.181 |    0.109 | 
     | B_reg_Y_temp_reg_20_ | D v          | DFF_X1   | 0.000 |   0.181 |    0.109 | 
     +-----------------------------------------------------------------------------+ 
Path 8: MET Hold Check with Pin B_reg_Y_temp_reg_14_/CK 
Endpoint:   B_reg_Y_temp_reg_14_/D  (v) checked with  leading edge of 'CLK'
Beginpoint: B_reg_Y_temp_reg_14_/QN (^) triggered by  leading edge of 'CLK'
Path Groups: {CLK}
Analysis View: default
Other End Arrival Time          0.050
+ Hold                          0.011
+ Phase Shift                   0.000
- CPPR Adjustment               0.000
+ Uncertainty                   0.050
= Required Time                 0.111
  Arrival Time                  0.182
  Slack Time                    0.072
     Clock Rise Edge                 0.000
     + Clock Network Latency (Prop)  0.074
     = Beginpoint Arrival Time       0.074
     +-----------------------------------------------------------------------------+ 
     |       Instance       |     Arc      |   Cell   | Delay | Arrival | Required | 
     |                      |              |          |       |  Time   |   Time   | 
     |----------------------+--------------+----------+-------+---------+----------| 
     | B_reg_Y_temp_reg_14_ | CK ^         |          |       |   0.074 |    0.002 | 
     | B_reg_Y_temp_reg_14_ | CK ^ -> QN ^ | DFF_X1   | 0.075 |   0.148 |    0.077 | 
     | U6288                | A1 ^ -> ZN ^ | OR2_X1   | 0.022 |   0.170 |    0.099 | 
     | U6455                | A ^ -> ZN v  | OAI21_X1 | 0.012 |   0.182 |    0.111 | 
     | B_reg_Y_temp_reg_14_ | D v          | DFF_X1   | 0.000 |   0.182 |    0.111 | 
     +-----------------------------------------------------------------------------+ 
Path 9: MET Hold Check with Pin B_reg_Y_temp_reg_12_/CK 
Endpoint:   B_reg_Y_temp_reg_12_/D  (v) checked with  leading edge of 'CLK'
Beginpoint: B_reg_Y_temp_reg_12_/QN (^) triggered by  leading edge of 'CLK'
Path Groups: {CLK}
Analysis View: default
Other End Arrival Time          0.050
+ Hold                          0.011
+ Phase Shift                   0.000
- CPPR Adjustment               0.000
+ Uncertainty                   0.050
= Required Time                 0.111
  Arrival Time                  0.183
  Slack Time                    0.072
     Clock Rise Edge                 0.000
     + Clock Network Latency (Prop)  0.074
     = Beginpoint Arrival Time       0.074
     +-----------------------------------------------------------------------------+ 
     |       Instance       |     Arc      |   Cell   | Delay | Arrival | Required | 
     |                      |              |          |       |  Time   |   Time   | 
     |----------------------+--------------+----------+-------+---------+----------| 
     | B_reg_Y_temp_reg_12_ | CK ^         |          |       |   0.074 |    0.002 | 
     | B_reg_Y_temp_reg_12_ | CK ^ -> QN ^ | DFF_X1   | 0.075 |   0.148 |    0.077 | 
     | U6289                | A1 ^ -> ZN ^ | OR2_X1   | 0.022 |   0.171 |    0.099 | 
     | U6453                | A ^ -> ZN v  | OAI21_X1 | 0.012 |   0.183 |    0.111 | 
     | B_reg_Y_temp_reg_12_ | D v          | DFF_X1   | 0.000 |   0.183 |    0.111 | 
     +-----------------------------------------------------------------------------+ 
Path 10: MET Hold Check with Pin p_reg_Y_temp_reg_37_/CK 
Endpoint:   p_reg_Y_temp_reg_37_/D  (v) checked with  leading edge of 'CLK'
Beginpoint: p_reg_Y_temp_reg_37_/QN (^) triggered by  leading edge of 'CLK'
Path Groups: {CLK}
Analysis View: default
Other End Arrival Time          0.052
+ Hold                          0.011
+ Phase Shift                   0.000
- CPPR Adjustment               0.000
+ Uncertainty                   0.050
= Required Time                 0.112
  Arrival Time                  0.184
  Slack Time                    0.072
     Clock Rise Edge                 0.000
     + Clock Network Latency (Prop)  0.075
     = Beginpoint Arrival Time       0.075
     +-----------------------------------------------------------------------------+ 
     |       Instance       |     Arc      |   Cell   | Delay | Arrival | Required | 
     |                      |              |          |       |  Time   |   Time   | 
     |----------------------+--------------+----------+-------+---------+----------| 
     | p_reg_Y_temp_reg_37_ | CK ^         |          |       |   0.075 |    0.004 | 
     | p_reg_Y_temp_reg_37_ | CK ^ -> QN ^ | DFF_X1   | 0.074 |   0.150 |    0.078 | 
     | U6339                | A1 ^ -> ZN ^ | OR2_X1   | 0.022 |   0.172 |    0.100 | 
     | U6504                | A ^ -> ZN v  | OAI21_X1 | 0.012 |   0.184 |    0.112 | 
     | p_reg_Y_temp_reg_37_ | D v          | DFF_X1   | 0.000 |   0.184 |    0.112 | 
     +-----------------------------------------------------------------------------+ 

