
Power Net Detected:
        Voltage	    Name
             0V	    gnd
           1.1V	    vdd
Using Power View: default.
AAE_INFO: opIsDesignInPostRouteState() is 1
#################################################################################
# Design Stage: PostRoute
# Design Name: boothmul_registered
# Design Mode: 45nm
# Analysis Mode: MMMC OCV 
# Parasitics Mode: SPEF/RCDB 
# Signoff Settings: SI Off 
#################################################################################
Start delay calculation (fullDC) (4 T). (MEM=3467.85)
Total number of fetched objects 4530
AAE_INFO: Total number of nets for which stage creation was skipped for all views 0
End delay calculation. (MEM=3512.45 CPU=0:00:01.4 REAL=0:00:01.0)
End delay calculation (fullDC). (MEM=3512.45 CPU=0:00:01.7 REAL=0:00:01.0)
Load RC corner of view default

Begin Power Analysis

             0V	    gnd
           1.1V	    vdd

Begin Processing Timing Library for Power Calculation

Ended Processing Timing Library for Power Calculation: (cpu=0:00:00, real=0:00:00, mem(process/total/peak)=3483.00MB/8018.01MB/3528.16MB)



Begin Processing Power Net/Grid for Power Calculation

Ended Processing Power Net/Grid for Power Calculation: (cpu=0:00:00, real=0:00:00, mem(process/total/peak)=3483.00MB/8018.01MB/3528.16MB)

Begin Processing Timing Window Data for Power Calculation

CLK(250.394MHz) CK: assigning clock CLK to net CLK
Ended Processing Timing Window Data for Power Calculation: (cpu=0:00:00, real=0:00:00, mem(process/total/peak)=3486.75MB/8282.03MB/3528.16MB)

Begin Processing User Attributes

Ended Processing User Attributes: (cpu=0:00:00, real=0:00:00, mem(process/total/peak)=3486.75MB/8282.03MB/3528.16MB)

Begin Processing Signal Activity


Starting Levelizing
2026-Oct-10 22:41:42 (2026-Oct-10 20:41:42 GMT)
2026-Oct-10 22:41:42 (2026-Oct-10 20:41:42 GMT): 10%
2026-Oct-10 22:41:42 (2026-Oct-10 20:41:42 GMT): 20%
2026-Oct-10 22:41:42 (2026-Oct-10 20:41:42 GMT): 30%
2026-Oct-10 22:41:42 (2026-Oct-10 20:41:42 GMT): 40%
2026-Oct-10 22:41:42 (2026-Oct-10 20:41:42 GMT): 50%
2026-Oct-10 22:41:42 (2026-Oct-10 20:41:42 GMT): 60%
2026-Oct-10 22:41:42 (2026-Oct-10 20:41:42 GMT): 70%
2026-Oct-10 22:41:42 (2026-Oct-10 20:41:42 GMT): 80%
2026-Oct-10 22:41:42 (2026-Oct-10 20:41:42 GMT): 90%

Finished Levelizing
2026-Oct-10 22:41:42 (2026-Oct-10 20:41:42 GMT)

Starting Activity Propagation
2026-Oct-10 22:41:42 (2026-Oct-10 20:41:42 GMT)
** INFO:  (VOLTUS_POWR-1356): No default input activity has been set. Defaulting to 0.2.
Use 'set_default_switching_activity -input_activity' command to change the default activity value.

2026-Oct-10 22:41:42 (2026-Oct-10 20:41:42 GMT): 10%
2026-Oct-10 22:41:42 (2026-Oct-10 20:41:42 GMT): 20%
2026-Oct-10 22:41:42 (2026-Oct-10 20:41:42 GMT): 30%

Finished Activity Propagation
2026-Oct-10 22:41:43 (2026-Oct-10 20:41:43 GMT)
Ended Processing Signal Activity: (cpu=0:00:00, real=0:00:00, mem(process/total/peak)=3487.25MB/8282.03MB/3528.16MB)

Begin Power Computation

      ----------------------------------------------------------
      # of cell(s) missing both power/leakage table: 0
      # of cell(s) missing power table: 0
      # of cell(s) missing leakage table: 0
      ----------------------------------------------------------



Starting Calculating power
2026-Oct-10 22:41:43 (2026-Oct-10 20:41:43 GMT)
2026-Oct-10 22:41:43 (2026-Oct-10 20:41:43 GMT): 10%
2026-Oct-10 22:41:43 (2026-Oct-10 20:41:43 GMT): 20%
2026-Oct-10 22:41:43 (2026-Oct-10 20:41:43 GMT): 30%
2026-Oct-10 22:41:43 (2026-Oct-10 20:41:43 GMT): 40%
2026-Oct-10 22:41:43 (2026-Oct-10 20:41:43 GMT): 50%
2026-Oct-10 22:41:43 (2026-Oct-10 20:41:43 GMT): 60%
2026-Oct-10 22:41:43 (2026-Oct-10 20:41:43 GMT): 70%
2026-Oct-10 22:41:43 (2026-Oct-10 20:41:43 GMT): 80%
2026-Oct-10 22:41:43 (2026-Oct-10 20:41:43 GMT): 90%

Finished Calculating power
2026-Oct-10 22:41:43 (2026-Oct-10 20:41:43 GMT)
      # of MSMV cell(s) missing power_level: 0
Ended Power Computation: (cpu=0:00:00, real=0:00:00, mem(process/total/peak)=3500.03MB/8322.04MB/3528.16MB)

Begin Processing User Attributes

Begin Processing set_power
Ended Processing set_power: (cpu=0:00:00, real=0:00:00,
mem(process/total/peak)=3500.03MB/8322.04MB/3528.16MB)
Ended Processing User Attributes: (cpu=0:00:00, real=0:00:00, mem(process/total/peak)=3500.03MB/8322.04MB/3528.16MB)

Ended Power Analysis: (cpu=0:00:01, real=0:00:00, mem(process/total/peak)=3500.03MB/8322.04MB/3528.16MB)

Begin Boundary Leakage Calculation
Ended Boundary Leakage Calculation: (cpu=0:00:00, real=0:00:00,
mem(process/total/peak)=3500.03MB/8322.04MB/3528.16MB)
Begin Static Power Report Generation
*----------------------------------------------------------------------------------------
*	Innovus 23.35-s106_1 (64bit) 07/16/2025 17:52 (Linux 3.10.0-693.el7.x86_64)
*	
*
* 	Date & Time:	2026-Oct-10 22:41:43 (2026-Oct-10 20:41:43 GMT)
*
*----------------------------------------------------------------------------------------
*
*	Design: boothmul_registered
*
*	Liberty Libraries used:
*	        default: /eda/dk/nangate45/liberty/NangateOpenCellLibrary_typical_ecsm_nowlm.lib
*
*	Parasitic Files used:
*
*       Power View : default
*
*       User-Defined Activity : N.A.
*
*       Activity File: N.A.
*
*       Hierarchical Global Activity: N.A.
*
*       Global Activity: N.A.
*
*       Sequential Element Activity: 0.200000
*
*       Primary Input Activity: 0.200000
*
*       Default icg ratio: N.A.
*
*       Global Comb ClockGate Ratio: N.A.
*
*	Power Units = 1mW
*
*	Time Units = 1e-09 secs
*
*       report_power
*
-----------------------------------------------------------------------------------------
*



Total Power
-----------------------------------------------------------------------------------------
Total Internal Power:        2.65517571 	   47.5506%
Total Switching Power:       2.79341408 	   50.0263%
Total Leakage Power:         0.13530263 	    2.4231%
Total Power:                 5.58389243
-----------------------------------------------------------------------------------------


Group                           Internal   Switching     Leakage       Total  Percentage 
                                Power      Power         Power         Power  (%)        
-----------------------------------------------------------------------------------------
Sequential                        0.2212     0.08037     0.01036      0.3119       5.586
Macro                                  0           0           0           0           0
IO                                     0           0           0           0           0
Combinational                      2.425        2.66      0.1248       5.209       93.29
Clock (Combinational)            0.00932     0.05314    0.000107     0.06257        1.12
Clock (Sequential)                     0           0           0           0           0
-----------------------------------------------------------------------------------------
Total                              2.655       2.793      0.1353       5.584         100
-----------------------------------------------------------------------------------------


Rail                  Voltage   Internal   Switching     Leakage       Total  Percentage 
                                Power      Power         Power         Power  (%)        
-----------------------------------------------------------------------------------------
vdd                       1.1      2.655       2.793      0.1353       5.584         100


Clock                           Internal   Switching     Leakage       Total  Percentage 
                                Power      Power         Power         Power  (%)        
-----------------------------------------------------------------------------------------
CLK                              0.00932     0.05314    0.000107     0.06257        1.12
-----------------------------------------------------------------------------------------
Total                            0.00932     0.05314    0.000107     0.06257        1.12
-----------------------------------------------------------------------------------------
Clock: CLK
Clock Period: 0.003994 usec 
Clock Toggle Rate:   500.7887 Mhz 
Clock Static Probability:  0.5000
  
 
 
-----------------------------------------------------------------------------------------
*	Power Distribution Summary: 
*              Highest Average Power:       CTS_ccl_a_buf_00001 (CLKBUF_X3):          0.01995
*              Highest Leakage Power:                     U4045 (OAI21_X4):        0.0001437
*                Total Cap:      2.54568e-11 F
*                Total instances in design:  4244
*                Total instances in design with no power:     0
*                Total instances in design with no activty:     0

*                Total Fillers and Decap:     0
-----------------------------------------------------------------------------------------
 
** INFO:  (VOLTUS_POWR-3465): There are 0 decaps and 0 fillers in the design

Ended Static Power Report Generation: (cpu=0:00:00, real=0:00:00,
mem(process/total/peak)=3501.03MB/8322.04MB/3528.16MB)

