###############################################################
#  Generated by:      Cadence Innovus 23.35-s106_1
#  OS:                Linux x86_64(Host ID microsys.openstack.polito)
#  Generated on:      Sat Oct 10 22:41:39 2026
#  Design:            boothmul_registered
#  Command:           report_timing -max_paths 10 > reports/10_setup_paths.rpt
###############################################################
Path 1: MET Setup Check with Pin p_reg_Y_temp_reg_62_/CK 
Endpoint:   p_reg_Y_temp_reg_62_/D (v) checked with  leading edge of 'CLK'
Beginpoint: B_reg_Y_temp_reg_3_/Q  (^) triggered by  leading edge of 'CLK'
Path Groups: {CLK}
Analysis View: default
Other End Arrival Time          0.068
- Setup                         0.026
+ Phase Shift                   3.994
+ CPPR Adjustment               0.000
- Uncertainty                   0.050
= Required Time                 3.985
- Arrival Time                  3.512
= Slack Time                    0.473
     Clock Rise Edge                 0.000
     + Clock Network Latency (Prop)  0.055
     = Beginpoint Arrival Time       0.055
     +------------------------------------------------------------------------------+ 
     |       Instance       |     Arc      |   Cell    | Delay | Arrival | Required | 
     |                      |              |           |       |  Time   |   Time   | 
     |----------------------+--------------+-----------+-------+---------+----------| 
     | B_reg_Y_temp_reg_3_  | CK ^         |           |       |   0.055 |    0.528 | 
     | B_reg_Y_temp_reg_3_  | CK ^ -> Q ^  | DFF_X1    | 0.132 |   0.187 |    0.661 | 
     | U4309                | A1 ^ -> ZN v | NAND2_X2  | 0.074 |   0.261 |    0.735 | 
     | U4310                | A v -> ZN ^  | INV_X2    | 0.115 |   0.376 |    0.849 | 
     | U4320                | B1 ^ -> ZN v | AOI22_X1  | 0.061 |   0.437 |    0.911 | 
     | U4321                | B v -> Z v   | XOR2_X1   | 0.064 |   0.501 |    0.975 | 
     | FE_OFC46_n4776       | A v -> Z v   | CLKBUF_X1 | 0.156 |   0.657 |    1.131 | 
     | U4026                | A v -> ZN ^  | INV_X2    | 0.171 |   0.829 |    1.302 | 
     | FE_OFC50_n5030       | A ^ -> Z ^   | CLKBUF_X1 | 0.173 |   1.002 |    1.475 | 
     | U4846                | A ^ -> Z ^   | XOR2_X1   | 0.100 |   1.102 |    1.575 | 
     | U4847                | A1 ^ -> ZN v | OAI22_X1  | 0.028 |   1.129 |    1.603 | 
     | U4848                | A v -> ZN ^  | AOI21_X1  | 0.043 |   1.172 |    1.646 | 
     | U4849                | A ^ -> ZN v  | AOI21_X1  | 0.022 |   1.194 |    1.668 | 
     | U4890                | CI v -> S ^  | FA_X1     | 0.124 |   1.318 |    1.791 | 
     | U4859                | A ^ -> ZN ^  | XNOR2_X1  | 0.049 |   1.367 |    1.841 | 
     | U4920                | A1 ^ -> ZN v | NAND2_X1  | 0.023 |   1.390 |    1.863 | 
     | U4921                | A2 v -> ZN ^ | NOR2_X1   | 0.054 |   1.444 |    1.918 | 
     | U4922                | B ^ -> Z ^   | XOR2_X1   | 0.056 |   1.500 |    1.974 | 
     | U4923                | B ^ -> Z ^   | XOR2_X1   | 0.053 |   1.554 |    2.027 | 
     | U4924                | B ^ -> ZN ^  | XNOR2_X1  | 0.053 |   1.607 |    2.080 | 
     | U4926                | A ^ -> Z ^   | XOR2_X1   | 0.083 |   1.690 |    2.163 | 
     | U4927                | B ^ -> Z ^   | XOR2_X1   | 0.058 |   1.748 |    2.221 | 
     | U4928                | B ^ -> ZN v  | XNOR2_X1  | 0.028 |   1.776 |    2.249 | 
     | U4931                | B v -> Z v   | XOR2_X1   | 0.061 |   1.837 |    2.310 | 
     | U5118                | B v -> ZN ^  | AOI211_X1 | 0.064 |   1.901 |    2.375 | 
     | U5119                | A ^ -> ZN v  | INV_X1    | 0.009 |   1.911 |    2.384 | 
     | U5120                | A v -> ZN ^  | OAI21_X1  | 0.050 |   1.961 |    2.434 | 
     | U5123                | C2 ^ -> ZN v | OAI211_X1 | 0.039 |   2.000 |    2.473 | 
     | U5125                | C2 v -> ZN ^ | OAI221_X1 | 0.098 |   2.097 |    2.571 | 
     | U5341                | A1 ^ -> ZN v | NAND4_X1  | 0.040 |   2.138 |    2.611 | 
     | U4065                | B2 v -> ZN ^ | AOI21_X1  | 0.094 |   2.231 |    2.705 | 
     | U5343                | A ^ -> ZN v  | INV_X1    | 0.026 |   2.257 |    2.730 | 
     | U5632                | B1 v -> ZN ^ | AOI221_X1 | 0.089 |   2.346 |    2.819 | 
     | U5633                | A ^ -> ZN v  | INV_X1    | 0.013 |   2.359 |    2.833 | 
     | U6449                | A1 v -> ZN v | OR3_X1    | 0.067 |   2.427 |    2.900 | 
     | U6452                | C2 v -> ZN ^ | AOI211_X1 | 0.046 |   2.473 |    2.946 | 
     | U6453                | A2 ^ -> ZN v | NOR2_X1   | 0.022 |   2.495 |    2.968 | 
     | U6467                | C1 v -> ZN ^ | AOI211_X1 | 0.043 |   2.538 |    3.011 | 
     | U6475                | B2 ^ -> ZN v | OAI21_X1  | 0.024 |   2.562 |    3.035 | 
     | U6477                | A1 v -> ZN ^ | NAND2_X1  | 0.026 |   2.587 |    3.061 | 
     | U6478                | A2 ^ -> ZN v | NAND2_X1  | 0.019 |   2.606 |    3.080 | 
     | U6486                | B1 v -> ZN ^ | OAI221_X1 | 0.088 |   2.695 |    3.168 | 
     | U6492                | C2 ^ -> ZN v | OAI211_X1 | 0.047 |   2.742 |    3.215 | 
     | U6495                | A v -> ZN ^  | OAI211_X1 | 0.032 |   2.774 |    3.247 | 
     | U6496                | A ^ -> ZN v  | OAI21_X1  | 0.022 |   2.796 |    3.269 | 
     | U4064                | B2 v -> ZN ^ | OAI21_X1  | 0.106 |   2.902 |    3.375 | 
     | U7225                | B2 ^ -> ZN v | OAI221_X1 | 0.044 |   2.946 |    3.419 | 
     | U7228                | C2 v -> ZN ^ | OAI211_X1 | 0.059 |   3.005 |    3.478 | 
     | U7229                | A ^ -> ZN v  | INV_X1    | 0.012 |   3.017 |    3.490 | 
     | U7230                | A1 v -> ZN ^ | NAND3_X1  | 0.023 |   3.040 |    3.513 | 
     | U7231                | A ^ -> ZN v  | INV_X1    | 0.007 |   3.047 |    3.520 | 
     | U7232                | A1 v -> ZN v | AND4_X1   | 0.033 |   3.080 |    3.553 | 
     | U7234                | A v -> ZN ^  | AOI211_X2 | 0.110 |   3.190 |    3.663 | 
     | U7583                | A ^ -> ZN v  | OAI21_X1  | 0.032 |   3.222 |    3.695 | 
     | U7586                | C2 v -> ZN ^ | AOI211_X1 | 0.048 |   3.270 |    3.743 | 
     | U7587                | A ^ -> ZN v  | AOI221_X1 | 0.026 |   3.296 |    3.769 | 
     | U7804                | A1 v -> ZN ^ | NOR2_X1   | 0.029 |   3.325 |    3.798 | 
     | U7805                | C2 ^ -> ZN v | OAI211_X1 | 0.024 |   3.349 |    3.823 | 
     | U7807                | B2 v -> ZN ^ | AOI21_X1  | 0.047 |   3.396 |    3.870 | 
     | U3649                | A1 ^ -> ZN v | NOR2_X1   | 0.024 |   3.421 |    3.894 | 
     | U3653                | B1 v -> ZN ^ | AOI222_X1 | 0.083 |   3.504 |    3.977 | 
     | U3654                | A ^ -> ZN v  | INV_X1    | 0.008 |   3.512 |    3.985 | 
     | p_reg_Y_temp_reg_62_ | D v          | DFF_X1    | 0.000 |   3.512 |    3.985 | 
     +------------------------------------------------------------------------------+ 
Path 2: MET Setup Check with Pin p_reg_Y_temp_reg_63_/CK 
Endpoint:   p_reg_Y_temp_reg_63_/D (v) checked with  leading edge of 'CLK'
Beginpoint: B_reg_Y_temp_reg_3_/Q  (^) triggered by  leading edge of 'CLK'
Path Groups: {CLK}
Analysis View: default
Other End Arrival Time          0.067
- Setup                         0.026
+ Phase Shift                   3.994
+ CPPR Adjustment               0.000
- Uncertainty                   0.050
= Required Time                 3.985
- Arrival Time                  3.511
= Slack Time                    0.473
     Clock Rise Edge                 0.000
     + Clock Network Latency (Prop)  0.055
     = Beginpoint Arrival Time       0.055
     +------------------------------------------------------------------------------+ 
     |       Instance       |     Arc      |   Cell    | Delay | Arrival | Required | 
     |                      |              |           |       |  Time   |   Time   | 
     |----------------------+--------------+-----------+-------+---------+----------| 
     | B_reg_Y_temp_reg_3_  | CK ^         |           |       |   0.055 |    0.528 | 
     | B_reg_Y_temp_reg_3_  | CK ^ -> Q ^  | DFF_X1    | 0.132 |   0.187 |    0.661 | 
     | U4309                | A1 ^ -> ZN v | NAND2_X2  | 0.074 |   0.261 |    0.735 | 
     | U4310                | A v -> ZN ^  | INV_X2    | 0.115 |   0.376 |    0.849 | 
     | U4320                | B1 ^ -> ZN v | AOI22_X1  | 0.061 |   0.437 |    0.911 | 
     | U4321                | B v -> Z v   | XOR2_X1   | 0.064 |   0.501 |    0.975 | 
     | FE_OFC46_n4776       | A v -> Z v   | CLKBUF_X1 | 0.156 |   0.657 |    1.131 | 
     | U4026                | A v -> ZN ^  | INV_X2    | 0.171 |   0.829 |    1.302 | 
     | FE_OFC50_n5030       | A ^ -> Z ^   | CLKBUF_X1 | 0.173 |   1.002 |    1.475 | 
     | U4846                | A ^ -> Z ^   | XOR2_X1   | 0.100 |   1.102 |    1.575 | 
     | U4847                | A1 ^ -> ZN v | OAI22_X1  | 0.028 |   1.129 |    1.603 | 
     | U4848                | A v -> ZN ^  | AOI21_X1  | 0.043 |   1.172 |    1.646 | 
     | U4849                | A ^ -> ZN v  | AOI21_X1  | 0.022 |   1.194 |    1.668 | 
     | U4890                | CI v -> S ^  | FA_X1     | 0.124 |   1.318 |    1.792 | 
     | U4859                | A ^ -> ZN ^  | XNOR2_X1  | 0.049 |   1.367 |    1.841 | 
     | U4920                | A1 ^ -> ZN v | NAND2_X1  | 0.023 |   1.390 |    1.863 | 
     | U4921                | A2 v -> ZN ^ | NOR2_X1   | 0.054 |   1.444 |    1.918 | 
     | U4922                | B ^ -> Z ^   | XOR2_X1   | 0.056 |   1.500 |    1.974 | 
     | U4923                | B ^ -> Z ^   | XOR2_X1   | 0.053 |   1.554 |    2.027 | 
     | U4924                | B ^ -> ZN ^  | XNOR2_X1  | 0.053 |   1.607 |    2.080 | 
     | U4926                | A ^ -> Z ^   | XOR2_X1   | 0.083 |   1.690 |    2.163 | 
     | U4927                | B ^ -> Z ^   | XOR2_X1   | 0.058 |   1.748 |    2.221 | 
     | U4928                | B ^ -> ZN v  | XNOR2_X1  | 0.028 |   1.776 |    2.250 | 
     | U4931                | B v -> Z v   | XOR2_X1   | 0.061 |   1.837 |    2.311 | 
     | U5118                | B v -> ZN ^  | AOI211_X1 | 0.064 |   1.901 |    2.375 | 
     | U5119                | A ^ -> ZN v  | INV_X1    | 0.009 |   1.911 |    2.384 | 
     | U5120                | A v -> ZN ^  | OAI21_X1  | 0.050 |   1.961 |    2.435 | 
     | U5123                | C2 ^ -> ZN v | OAI211_X1 | 0.039 |   2.000 |    2.473 | 
     | U5125                | C2 v -> ZN ^ | OAI221_X1 | 0.098 |   2.097 |    2.571 | 
     | U5341                | A1 ^ -> ZN v | NAND4_X1  | 0.040 |   2.138 |    2.611 | 
     | U4065                | B2 v -> ZN ^ | AOI21_X1  | 0.094 |   2.231 |    2.705 | 
     | U5343                | A ^ -> ZN v  | INV_X1    | 0.026 |   2.257 |    2.730 | 
     | U5632                | B1 v -> ZN ^ | AOI221_X1 | 0.089 |   2.346 |    2.820 | 
     | U5633                | A ^ -> ZN v  | INV_X1    | 0.013 |   2.359 |    2.833 | 
     | U6449                | A1 v -> ZN v | OR3_X1    | 0.067 |   2.427 |    2.900 | 
     | U6452                | C2 v -> ZN ^ | AOI211_X1 | 0.046 |   2.473 |    2.947 | 
     | U6453                | A2 ^ -> ZN v | NOR2_X1   | 0.022 |   2.495 |    2.969 | 
     | U6467                | C1 v -> ZN ^ | AOI211_X1 | 0.043 |   2.538 |    3.011 | 
     | U6475                | B2 ^ -> ZN v | OAI21_X1  | 0.024 |   2.562 |    3.035 | 
     | U6477                | A1 v -> ZN ^ | NAND2_X1  | 0.026 |   2.587 |    3.061 | 
     | U6478                | A2 ^ -> ZN v | NAND2_X1  | 0.019 |   2.606 |    3.080 | 
     | U6486                | B1 v -> ZN ^ | OAI221_X1 | 0.088 |   2.695 |    3.168 | 
     | U6492                | C2 ^ -> ZN v | OAI211_X1 | 0.047 |   2.742 |    3.215 | 
     | U6495                | A v -> ZN ^  | OAI211_X1 | 0.032 |   2.774 |    3.247 | 
     | U6496                | A ^ -> ZN v  | OAI21_X1  | 0.022 |   2.796 |    3.269 | 
     | U4064                | B2 v -> ZN ^ | OAI21_X1  | 0.106 |   2.902 |    3.375 | 
     | U7225                | B2 ^ -> ZN v | OAI221_X1 | 0.044 |   2.946 |    3.419 | 
     | U7228                | C2 v -> ZN ^ | OAI211_X1 | 0.059 |   3.005 |    3.479 | 
     | U7229                | A ^ -> ZN v  | INV_X1    | 0.012 |   3.017 |    3.490 | 
     | U7230                | A1 v -> ZN ^ | NAND3_X1  | 0.023 |   3.040 |    3.514 | 
     | U7231                | A ^ -> ZN v  | INV_X1    | 0.007 |   3.047 |    3.521 | 
     | U7232                | A1 v -> ZN v | AND4_X1   | 0.033 |   3.080 |    3.553 | 
     | U7234                | A v -> ZN ^  | AOI211_X2 | 0.110 |   3.190 |    3.664 | 
     | U7583                | A ^ -> ZN v  | OAI21_X1  | 0.032 |   3.222 |    3.696 | 
     | U7586                | C2 v -> ZN ^ | AOI211_X1 | 0.048 |   3.270 |    3.743 | 
     | U7587                | A ^ -> ZN v  | AOI221_X1 | 0.026 |   3.296 |    3.770 | 
     | U7804                | A1 v -> ZN ^ | NOR2_X1   | 0.029 |   3.325 |    3.799 | 
     | U7805                | C2 ^ -> ZN v | OAI211_X1 | 0.024 |   3.349 |    3.823 | 
     | U7807                | B2 v -> ZN ^ | AOI21_X1  | 0.047 |   3.396 |    3.870 | 
     | U3649                | A1 ^ -> ZN v | NOR2_X1   | 0.024 |   3.421 |    3.894 | 
     | U3651                | B1 v -> ZN ^ | AOI222_X1 | 0.082 |   3.503 |    3.977 | 
     | U3652                | A ^ -> ZN v  | INV_X1    | 0.008 |   3.511 |    3.985 | 
     | p_reg_Y_temp_reg_63_ | D v          | DFF_X1    | 0.000 |   3.511 |    3.985 | 
     +------------------------------------------------------------------------------+ 
Path 3: MET Setup Check with Pin p_reg_Y_temp_reg_61_/CK 
Endpoint:   p_reg_Y_temp_reg_61_/D (v) checked with  leading edge of 'CLK'
Beginpoint: B_reg_Y_temp_reg_3_/Q  (^) triggered by  leading edge of 'CLK'
Path Groups: {CLK}
Analysis View: default
Other End Arrival Time          0.068
- Setup                         0.026
+ Phase Shift                   3.994
+ CPPR Adjustment               0.000
- Uncertainty                   0.050
= Required Time                 3.985
- Arrival Time                  3.511
= Slack Time                    0.475
     Clock Rise Edge                 0.000
     + Clock Network Latency (Prop)  0.055
     = Beginpoint Arrival Time       0.055
     +------------------------------------------------------------------------------+ 
     |       Instance       |     Arc      |   Cell    | Delay | Arrival | Required | 
     |                      |              |           |       |  Time   |   Time   | 
     |----------------------+--------------+-----------+-------+---------+----------| 
     | B_reg_Y_temp_reg_3_  | CK ^         |           |       |   0.055 |    0.529 | 
     | B_reg_Y_temp_reg_3_  | CK ^ -> Q ^  | DFF_X1    | 0.132 |   0.187 |    0.662 | 
     | U4309                | A1 ^ -> ZN v | NAND2_X2  | 0.074 |   0.261 |    0.736 | 
     | U4310                | A v -> ZN ^  | INV_X2    | 0.115 |   0.376 |    0.851 | 
     | U4320                | B1 ^ -> ZN v | AOI22_X1  | 0.061 |   0.437 |    0.912 | 
     | U4321                | B v -> Z v   | XOR2_X1   | 0.064 |   0.501 |    0.976 | 
     | FE_OFC46_n4776       | A v -> Z v   | CLKBUF_X1 | 0.156 |   0.657 |    1.132 | 
     | U4026                | A v -> ZN ^  | INV_X2    | 0.171 |   0.829 |    1.303 | 
     | FE_OFC50_n5030       | A ^ -> Z ^   | CLKBUF_X1 | 0.173 |   1.002 |    1.477 | 
     | U4846                | A ^ -> Z ^   | XOR2_X1   | 0.100 |   1.102 |    1.576 | 
     | U4847                | A1 ^ -> ZN v | OAI22_X1  | 0.028 |   1.129 |    1.604 | 
     | U4848                | A v -> ZN ^  | AOI21_X1  | 0.043 |   1.172 |    1.647 | 
     | U4849                | A ^ -> ZN v  | AOI21_X1  | 0.022 |   1.194 |    1.669 | 
     | U4890                | CI v -> S ^  | FA_X1     | 0.124 |   1.318 |    1.793 | 
     | U4859                | A ^ -> ZN ^  | XNOR2_X1  | 0.049 |   1.367 |    1.842 | 
     | U4920                | A1 ^ -> ZN v | NAND2_X1  | 0.023 |   1.390 |    1.865 | 
     | U4921                | A2 v -> ZN ^ | NOR2_X1   | 0.054 |   1.444 |    1.919 | 
     | U4922                | B ^ -> Z ^   | XOR2_X1   | 0.056 |   1.500 |    1.975 | 
     | U4923                | B ^ -> Z ^   | XOR2_X1   | 0.053 |   1.554 |    2.028 | 
     | U4924                | B ^ -> ZN ^  | XNOR2_X1  | 0.053 |   1.607 |    2.081 | 
     | U4926                | A ^ -> Z ^   | XOR2_X1   | 0.083 |   1.690 |    2.164 | 
     | U4927                | B ^ -> Z ^   | XOR2_X1   | 0.058 |   1.748 |    2.223 | 
     | U4928                | B ^ -> ZN v  | XNOR2_X1  | 0.028 |   1.776 |    2.251 | 
     | U4931                | B v -> Z v   | XOR2_X1   | 0.061 |   1.837 |    2.312 | 
     | U5118                | B v -> ZN ^  | AOI211_X1 | 0.064 |   1.901 |    2.376 | 
     | U5119                | A ^ -> ZN v  | INV_X1    | 0.009 |   1.911 |    2.385 | 
     | U5120                | A v -> ZN ^  | OAI21_X1  | 0.050 |   1.961 |    2.436 | 
     | U5123                | C2 ^ -> ZN v | OAI211_X1 | 0.039 |   2.000 |    2.475 | 
     | U5125                | C2 v -> ZN ^ | OAI221_X1 | 0.098 |   2.097 |    2.572 | 
     | U5341                | A1 ^ -> ZN v | NAND4_X1  | 0.040 |   2.138 |    2.612 | 
     | U4065                | B2 v -> ZN ^ | AOI21_X1  | 0.094 |   2.231 |    2.706 | 
     | U5343                | A ^ -> ZN v  | INV_X1    | 0.026 |   2.257 |    2.731 | 
     | U5632                | B1 v -> ZN ^ | AOI221_X1 | 0.089 |   2.346 |    2.821 | 
     | U5633                | A ^ -> ZN v  | INV_X1    | 0.013 |   2.359 |    2.834 | 
     | U6449                | A1 v -> ZN v | OR3_X1    | 0.067 |   2.427 |    2.902 | 
     | U6452                | C2 v -> ZN ^ | AOI211_X1 | 0.046 |   2.473 |    2.948 | 
     | U6453                | A2 ^ -> ZN v | NOR2_X1   | 0.022 |   2.495 |    2.970 | 
     | U6467                | C1 v -> ZN ^ | AOI211_X1 | 0.043 |   2.538 |    3.012 | 
     | U6475                | B2 ^ -> ZN v | OAI21_X1  | 0.024 |   2.562 |    3.036 | 
     | U6477                | A1 v -> ZN ^ | NAND2_X1  | 0.026 |   2.587 |    3.062 | 
     | U6478                | A2 ^ -> ZN v | NAND2_X1  | 0.019 |   2.606 |    3.081 | 
     | U6486                | B1 v -> ZN ^ | OAI221_X1 | 0.088 |   2.695 |    3.169 | 
     | U6492                | C2 ^ -> ZN v | OAI211_X1 | 0.047 |   2.742 |    3.216 | 
     | U6495                | A v -> ZN ^  | OAI211_X1 | 0.032 |   2.774 |    3.248 | 
     | U6496                | A ^ -> ZN v  | OAI21_X1  | 0.022 |   2.796 |    3.271 | 
     | U4064                | B2 v -> ZN ^ | OAI21_X1  | 0.106 |   2.902 |    3.376 | 
     | U7225                | B2 ^ -> ZN v | OAI221_X1 | 0.044 |   2.946 |    3.420 | 
     | U7228                | C2 v -> ZN ^ | OAI211_X1 | 0.059 |   3.005 |    3.480 | 
     | U7229                | A ^ -> ZN v  | INV_X1    | 0.012 |   3.017 |    3.492 | 
     | U7230                | A1 v -> ZN ^ | NAND3_X1  | 0.023 |   3.040 |    3.515 | 
     | U7231                | A ^ -> ZN v  | INV_X1    | 0.007 |   3.047 |    3.522 | 
     | U7232                | A1 v -> ZN v | AND4_X1   | 0.033 |   3.080 |    3.555 | 
     | U7234                | A v -> ZN ^  | AOI211_X2 | 0.110 |   3.190 |    3.665 | 
     | U7583                | A ^ -> ZN v  | OAI21_X1  | 0.032 |   3.222 |    3.697 | 
     | U7586                | C2 v -> ZN ^ | AOI211_X1 | 0.048 |   3.270 |    3.745 | 
     | U7587                | A ^ -> ZN v  | AOI221_X1 | 0.026 |   3.296 |    3.771 | 
     | U7804                | A1 v -> ZN ^ | NOR2_X1   | 0.029 |   3.325 |    3.800 | 
     | U7805                | C2 ^ -> ZN v | OAI211_X1 | 0.024 |   3.349 |    3.824 | 
     | U7807                | B2 v -> ZN ^ | AOI21_X1  | 0.047 |   3.396 |    3.871 | 
     | U3649                | A1 ^ -> ZN v | NOR2_X1   | 0.024 |   3.421 |    3.896 | 
     | U3655                | B1 v -> ZN ^ | AOI222_X1 | 0.082 |   3.503 |    3.977 | 
     | U3656                | A ^ -> ZN v  | INV_X1    | 0.008 |   3.511 |    3.985 | 
     | p_reg_Y_temp_reg_61_ | D v          | DFF_X1    | 0.000 |   3.511 |    3.985 | 
     +------------------------------------------------------------------------------+ 
Path 4: MET Setup Check with Pin p_reg_Y_temp_reg_60_/CK 
Endpoint:   p_reg_Y_temp_reg_60_/D (v) checked with  leading edge of 'CLK'
Beginpoint: B_reg_Y_temp_reg_3_/Q  (^) triggered by  leading edge of 'CLK'
Path Groups: {CLK}
Analysis View: default
Other End Arrival Time          0.068
- Setup                         0.028
+ Phase Shift                   3.994
+ CPPR Adjustment               0.000
- Uncertainty                   0.050
= Required Time                 3.983
- Arrival Time                  3.481
= Slack Time                    0.502
     Clock Rise Edge                 0.000
     + Clock Network Latency (Prop)  0.055
     = Beginpoint Arrival Time       0.055
     +------------------------------------------------------------------------------+ 
     |       Instance       |     Arc      |   Cell    | Delay | Arrival | Required | 
     |                      |              |           |       |  Time   |   Time   | 
     |----------------------+--------------+-----------+-------+---------+----------| 
     | B_reg_Y_temp_reg_3_  | CK ^         |           |       |   0.055 |    0.557 | 
     | B_reg_Y_temp_reg_3_  | CK ^ -> Q ^  | DFF_X1    | 0.132 |   0.187 |    0.689 | 
     | U4309                | A1 ^ -> ZN v | NAND2_X2  | 0.074 |   0.261 |    0.763 | 
     | U4310                | A v -> ZN ^  | INV_X2    | 0.115 |   0.376 |    0.878 | 
     | U4320                | B1 ^ -> ZN v | AOI22_X1  | 0.061 |   0.437 |    0.940 | 
     | U4321                | B v -> Z v   | XOR2_X1   | 0.064 |   0.501 |    1.004 | 
     | FE_OFC46_n4776       | A v -> Z v   | CLKBUF_X1 | 0.156 |   0.657 |    1.160 | 
     | U4026                | A v -> ZN ^  | INV_X2    | 0.171 |   0.829 |    1.331 | 
     | FE_OFC50_n5030       | A ^ -> Z ^   | CLKBUF_X1 | 0.173 |   1.002 |    1.504 | 
     | U4846                | A ^ -> Z ^   | XOR2_X1   | 0.100 |   1.102 |    1.604 | 
     | U4847                | A1 ^ -> ZN v | OAI22_X1  | 0.028 |   1.129 |    1.632 | 
     | U4848                | A v -> ZN ^  | AOI21_X1  | 0.043 |   1.172 |    1.675 | 
     | U4849                | A ^ -> ZN v  | AOI21_X1  | 0.022 |   1.194 |    1.697 | 
     | U4890                | CI v -> S ^  | FA_X1     | 0.124 |   1.318 |    1.820 | 
     | U4859                | A ^ -> ZN ^  | XNOR2_X1  | 0.049 |   1.367 |    1.869 | 
     | U4920                | A1 ^ -> ZN v | NAND2_X1  | 0.023 |   1.390 |    1.892 | 
     | U4921                | A2 v -> ZN ^ | NOR2_X1   | 0.054 |   1.444 |    1.947 | 
     | U4922                | B ^ -> Z ^   | XOR2_X1   | 0.056 |   1.500 |    2.002 | 
     | U4923                | B ^ -> Z ^   | XOR2_X1   | 0.053 |   1.554 |    2.056 | 
     | U4924                | B ^ -> ZN ^  | XNOR2_X1  | 0.053 |   1.607 |    2.109 | 
     | U4926                | A ^ -> Z ^   | XOR2_X1   | 0.083 |   1.690 |    2.192 | 
     | U4927                | B ^ -> Z ^   | XOR2_X1   | 0.058 |   1.748 |    2.250 | 
     | U4928                | B ^ -> ZN v  | XNOR2_X1  | 0.028 |   1.776 |    2.278 | 
     | U4931                | B v -> Z v   | XOR2_X1   | 0.061 |   1.837 |    2.339 | 
     | U5118                | B v -> ZN ^  | AOI211_X1 | 0.064 |   1.901 |    2.404 | 
     | U5119                | A ^ -> ZN v  | INV_X1    | 0.009 |   1.911 |    2.413 | 
     | U5120                | A v -> ZN ^  | OAI21_X1  | 0.050 |   1.961 |    2.463 | 
     | U5123                | C2 ^ -> ZN v | OAI211_X1 | 0.039 |   2.000 |    2.502 | 
     | U5125                | C2 v -> ZN ^ | OAI221_X1 | 0.098 |   2.097 |    2.600 | 
     | U5341                | A1 ^ -> ZN v | NAND4_X1  | 0.040 |   2.138 |    2.640 | 
     | U4065                | B2 v -> ZN ^ | AOI21_X1  | 0.094 |   2.231 |    2.733 | 
     | U5343                | A ^ -> ZN v  | INV_X1    | 0.026 |   2.257 |    2.759 | 
     | U5632                | B1 v -> ZN ^ | AOI221_X1 | 0.089 |   2.346 |    2.848 | 
     | U5633                | A ^ -> ZN v  | INV_X1    | 0.013 |   2.359 |    2.862 | 
     | U6449                | A1 v -> ZN v | OR3_X1    | 0.067 |   2.427 |    2.929 | 
     | U6452                | C2 v -> ZN ^ | AOI211_X1 | 0.046 |   2.473 |    2.975 | 
     | U6453                | A2 ^ -> ZN v | NOR2_X1   | 0.022 |   2.495 |    2.997 | 
     | U6467                | C1 v -> ZN ^ | AOI211_X1 | 0.043 |   2.538 |    3.040 | 
     | U6475                | B2 ^ -> ZN v | OAI21_X1  | 0.024 |   2.562 |    3.064 | 
     | U6477                | A1 v -> ZN ^ | NAND2_X1  | 0.026 |   2.587 |    3.089 | 
     | U6478                | A2 ^ -> ZN v | NAND2_X1  | 0.019 |   2.606 |    3.109 | 
     | U6486                | B1 v -> ZN ^ | OAI221_X1 | 0.088 |   2.695 |    3.197 | 
     | U6492                | C2 ^ -> ZN v | OAI211_X1 | 0.047 |   2.742 |    3.244 | 
     | U6495                | A v -> ZN ^  | OAI211_X1 | 0.032 |   2.774 |    3.276 | 
     | U6496                | A ^ -> ZN v  | OAI21_X1  | 0.022 |   2.796 |    3.298 | 
     | U4064                | B2 v -> ZN ^ | OAI21_X1  | 0.106 |   2.902 |    3.404 | 
     | U7225                | B2 ^ -> ZN v | OAI221_X1 | 0.044 |   2.946 |    3.448 | 
     | U7228                | C2 v -> ZN ^ | OAI211_X1 | 0.059 |   3.005 |    3.507 | 
     | U7229                | A ^ -> ZN v  | INV_X1    | 0.012 |   3.017 |    3.519 | 
     | U7230                | A1 v -> ZN ^ | NAND3_X1  | 0.023 |   3.040 |    3.542 | 
     | U7231                | A ^ -> ZN v  | INV_X1    | 0.007 |   3.047 |    3.549 | 
     | U7232                | A1 v -> ZN v | AND4_X1   | 0.033 |   3.080 |    3.582 | 
     | U7234                | A v -> ZN ^  | AOI211_X2 | 0.110 |   3.190 |    3.692 | 
     | U7583                | A ^ -> ZN v  | OAI21_X1  | 0.032 |   3.222 |    3.724 | 
     | U7586                | C2 v -> ZN ^ | AOI211_X1 | 0.048 |   3.270 |    3.772 | 
     | U7587                | A ^ -> ZN v  | AOI221_X1 | 0.026 |   3.296 |    3.798 | 
     | U7804                | A1 v -> ZN ^ | NOR2_X1   | 0.029 |   3.325 |    3.827 | 
     | U7805                | C2 ^ -> ZN v | OAI211_X1 | 0.024 |   3.349 |    3.852 | 
     | U7807                | B2 v -> ZN ^ | AOI21_X1  | 0.047 |   3.396 |    3.899 | 
     | U3649                | A1 ^ -> ZN v | NOR2_X1   | 0.024 |   3.421 |    3.923 | 
     | U3657                | A1 v -> ZN ^ | AOI22_X1  | 0.038 |   3.459 |    3.961 | 
     | U3658                | A ^ -> ZN v  | OAI21_X1  | 0.023 |   3.481 |    3.983 | 
     | p_reg_Y_temp_reg_60_ | D v          | DFF_X1    | 0.000 |   3.481 |    3.983 | 
     +------------------------------------------------------------------------------+ 
Path 5: MET Setup Check with Pin p_reg_Y_temp_reg_57_/CK 
Endpoint:   p_reg_Y_temp_reg_57_/D (v) checked with  leading edge of 'CLK'
Beginpoint: B_reg_Y_temp_reg_3_/Q  (^) triggered by  leading edge of 'CLK'
Path Groups: {CLK}
Analysis View: default
Other End Arrival Time          0.068
- Setup                         0.026
+ Phase Shift                   3.994
+ CPPR Adjustment               0.000
- Uncertainty                   0.050
= Required Time                 3.986
- Arrival Time                  3.435
= Slack Time                    0.551
     Clock Rise Edge                 0.000
     + Clock Network Latency (Prop)  0.055
     = Beginpoint Arrival Time       0.055
     +------------------------------------------------------------------------------+ 
     |       Instance       |     Arc      |   Cell    | Delay | Arrival | Required | 
     |                      |              |           |       |  Time   |   Time   | 
     |----------------------+--------------+-----------+-------+---------+----------| 
     | B_reg_Y_temp_reg_3_  | CK ^         |           |       |   0.055 |    0.606 | 
     | B_reg_Y_temp_reg_3_  | CK ^ -> Q ^  | DFF_X1    | 0.132 |   0.187 |    0.738 | 
     | U4309                | A1 ^ -> ZN v | NAND2_X2  | 0.074 |   0.261 |    0.812 | 
     | U4310                | A v -> ZN ^  | INV_X2    | 0.115 |   0.376 |    0.927 | 
     | U4320                | B1 ^ -> ZN v | AOI22_X1  | 0.061 |   0.437 |    0.989 | 
     | U4321                | B v -> Z v   | XOR2_X1   | 0.064 |   0.501 |    1.052 | 
     | FE_OFC46_n4776       | A v -> Z v   | CLKBUF_X1 | 0.156 |   0.657 |    1.209 | 
     | U4026                | A v -> ZN ^  | INV_X2    | 0.171 |   0.829 |    1.380 | 
     | FE_OFC50_n5030       | A ^ -> Z ^   | CLKBUF_X1 | 0.173 |   1.002 |    1.553 | 
     | U4846                | A ^ -> Z ^   | XOR2_X1   | 0.100 |   1.102 |    1.653 | 
     | U4847                | A1 ^ -> ZN v | OAI22_X1  | 0.028 |   1.129 |    1.680 | 
     | U4848                | A v -> ZN ^  | AOI21_X1  | 0.043 |   1.172 |    1.724 | 
     | U4849                | A ^ -> ZN v  | AOI21_X1  | 0.022 |   1.194 |    1.746 | 
     | U4890                | CI v -> S ^  | FA_X1     | 0.124 |   1.318 |    1.869 | 
     | U4859                | A ^ -> ZN ^  | XNOR2_X1  | 0.049 |   1.367 |    1.918 | 
     | U4920                | A1 ^ -> ZN v | NAND2_X1  | 0.023 |   1.390 |    1.941 | 
     | U4921                | A2 v -> ZN ^ | NOR2_X1   | 0.054 |   1.444 |    1.995 | 
     | U4922                | B ^ -> Z ^   | XOR2_X1   | 0.056 |   1.500 |    2.051 | 
     | U4923                | B ^ -> Z ^   | XOR2_X1   | 0.053 |   1.554 |    2.105 | 
     | U4924                | B ^ -> ZN ^  | XNOR2_X1  | 0.053 |   1.607 |    2.158 | 
     | U4926                | A ^ -> Z ^   | XOR2_X1   | 0.083 |   1.690 |    2.241 | 
     | U4927                | B ^ -> Z ^   | XOR2_X1   | 0.058 |   1.748 |    2.299 | 
     | U4928                | B ^ -> ZN v  | XNOR2_X1  | 0.028 |   1.776 |    2.327 | 
     | U4931                | B v -> Z v   | XOR2_X1   | 0.061 |   1.837 |    2.388 | 
     | U5118                | B v -> ZN ^  | AOI211_X1 | 0.064 |   1.901 |    2.452 | 
     | U5119                | A ^ -> ZN v  | INV_X1    | 0.009 |   1.911 |    2.462 | 
     | U5120                | A v -> ZN ^  | OAI21_X1  | 0.050 |   1.961 |    2.512 | 
     | U5123                | C2 ^ -> ZN v | OAI211_X1 | 0.039 |   2.000 |    2.551 | 
     | U5125                | C2 v -> ZN ^ | OAI221_X1 | 0.098 |   2.097 |    2.648 | 
     | U5341                | A1 ^ -> ZN v | NAND4_X1  | 0.040 |   2.138 |    2.689 | 
     | U4065                | B2 v -> ZN ^ | AOI21_X1  | 0.094 |   2.231 |    2.782 | 
     | U5343                | A ^ -> ZN v  | INV_X1    | 0.026 |   2.257 |    2.808 | 
     | U5632                | B1 v -> ZN ^ | AOI221_X1 | 0.089 |   2.346 |    2.897 | 
     | U5633                | A ^ -> ZN v  | INV_X1    | 0.013 |   2.359 |    2.911 | 
     | U6449                | A1 v -> ZN v | OR3_X1    | 0.067 |   2.427 |    2.978 | 
     | U6452                | C2 v -> ZN ^ | AOI211_X1 | 0.046 |   2.473 |    3.024 | 
     | U6453                | A2 ^ -> ZN v | NOR2_X1   | 0.022 |   2.495 |    3.046 | 
     | U6467                | C1 v -> ZN ^ | AOI211_X1 | 0.043 |   2.538 |    3.089 | 
     | U6475                | B2 ^ -> ZN v | OAI21_X1  | 0.024 |   2.562 |    3.113 | 
     | U6477                | A1 v -> ZN ^ | NAND2_X1  | 0.026 |   2.587 |    3.138 | 
     | U6478                | A2 ^ -> ZN v | NAND2_X1  | 0.019 |   2.606 |    3.158 | 
     | U6486                | B1 v -> ZN ^ | OAI221_X1 | 0.088 |   2.695 |    3.246 | 
     | U6492                | C2 ^ -> ZN v | OAI211_X1 | 0.047 |   2.742 |    3.293 | 
     | U6495                | A v -> ZN ^  | OAI211_X1 | 0.032 |   2.774 |    3.325 | 
     | U6496                | A ^ -> ZN v  | OAI21_X1  | 0.022 |   2.796 |    3.347 | 
     | U4064                | B2 v -> ZN ^ | OAI21_X1  | 0.106 |   2.902 |    3.453 | 
     | U7225                | B2 ^ -> ZN v | OAI221_X1 | 0.044 |   2.946 |    3.497 | 
     | U7228                | C2 v -> ZN ^ | OAI211_X1 | 0.059 |   3.005 |    3.556 | 
     | U7229                | A ^ -> ZN v  | INV_X1    | 0.012 |   3.017 |    3.568 | 
     | U7230                | A1 v -> ZN ^ | NAND3_X1  | 0.023 |   3.040 |    3.591 | 
     | U7231                | A ^ -> ZN v  | INV_X1    | 0.007 |   3.047 |    3.598 | 
     | U7232                | A1 v -> ZN v | AND4_X1   | 0.033 |   3.080 |    3.631 | 
     | U7234                | A v -> ZN ^  | AOI211_X2 | 0.110 |   3.190 |    3.741 | 
     | U7583                | A ^ -> ZN v  | OAI21_X1  | 0.032 |   3.222 |    3.773 | 
     | U7586                | C2 v -> ZN ^ | AOI211_X1 | 0.048 |   3.270 |    3.821 | 
     | U7587                | A ^ -> ZN v  | AOI221_X1 | 0.026 |   3.296 |    3.847 | 
     | U3660                | A1 v -> ZN v | AND2_X1   | 0.042 |   3.338 |    3.889 | 
     | U3665                | C1 v -> ZN ^ | AOI222_X1 | 0.088 |   3.426 |    3.977 | 
     | U3666                | A ^ -> ZN v  | INV_X1    | 0.008 |   3.435 |    3.986 | 
     | p_reg_Y_temp_reg_57_ | D v          | DFF_X1    | 0.000 |   3.435 |    3.986 | 
     +------------------------------------------------------------------------------+ 
Path 6: MET Setup Check with Pin p_reg_Y_temp_reg_59_/CK 
Endpoint:   p_reg_Y_temp_reg_59_/D (v) checked with  leading edge of 'CLK'
Beginpoint: B_reg_Y_temp_reg_3_/Q  (^) triggered by  leading edge of 'CLK'
Path Groups: {CLK}
Analysis View: default
Other End Arrival Time          0.068
- Setup                         0.026
+ Phase Shift                   3.994
+ CPPR Adjustment               0.000
- Uncertainty                   0.050
= Required Time                 3.986
- Arrival Time                  3.434
= Slack Time                    0.552
     Clock Rise Edge                 0.000
     + Clock Network Latency (Prop)  0.055
     = Beginpoint Arrival Time       0.055
     +------------------------------------------------------------------------------+ 
     |       Instance       |     Arc      |   Cell    | Delay | Arrival | Required | 
     |                      |              |           |       |  Time   |   Time   | 
     |----------------------+--------------+-----------+-------+---------+----------| 
     | B_reg_Y_temp_reg_3_  | CK ^         |           |       |   0.055 |    0.606 | 
     | B_reg_Y_temp_reg_3_  | CK ^ -> Q ^  | DFF_X1    | 0.132 |   0.187 |    0.739 | 
     | U4309                | A1 ^ -> ZN v | NAND2_X2  | 0.074 |   0.261 |    0.813 | 
     | U4310                | A v -> ZN ^  | INV_X2    | 0.115 |   0.376 |    0.928 | 
     | U4320                | B1 ^ -> ZN v | AOI22_X1  | 0.061 |   0.437 |    0.989 | 
     | U4321                | B v -> Z v   | XOR2_X1   | 0.064 |   0.501 |    1.053 | 
     | FE_OFC46_n4776       | A v -> Z v   | CLKBUF_X1 | 0.156 |   0.657 |    1.209 | 
     | U4026                | A v -> ZN ^  | INV_X2    | 0.171 |   0.829 |    1.380 | 
     | FE_OFC50_n5030       | A ^ -> Z ^   | CLKBUF_X1 | 0.173 |   1.002 |    1.554 | 
     | U4846                | A ^ -> Z ^   | XOR2_X1   | 0.100 |   1.102 |    1.653 | 
     | U4847                | A1 ^ -> ZN v | OAI22_X1  | 0.028 |   1.129 |    1.681 | 
     | U4848                | A v -> ZN ^  | AOI21_X1  | 0.043 |   1.172 |    1.724 | 
     | U4849                | A ^ -> ZN v  | AOI21_X1  | 0.022 |   1.194 |    1.746 | 
     | U4890                | CI v -> S ^  | FA_X1     | 0.124 |   1.318 |    1.870 | 
     | U4859                | A ^ -> ZN ^  | XNOR2_X1  | 0.049 |   1.367 |    1.919 | 
     | U4920                | A1 ^ -> ZN v | NAND2_X1  | 0.023 |   1.390 |    1.942 | 
     | U4921                | A2 v -> ZN ^ | NOR2_X1   | 0.054 |   1.444 |    1.996 | 
     | U4922                | B ^ -> Z ^   | XOR2_X1   | 0.056 |   1.500 |    2.052 | 
     | U4923                | B ^ -> Z ^   | XOR2_X1   | 0.053 |   1.554 |    2.105 | 
     | U4924                | B ^ -> ZN ^  | XNOR2_X1  | 0.053 |   1.607 |    2.158 | 
     | U4926                | A ^ -> Z ^   | XOR2_X1   | 0.083 |   1.690 |    2.241 | 
     | U4927                | B ^ -> Z ^   | XOR2_X1   | 0.058 |   1.748 |    2.300 | 
     | U4928                | B ^ -> ZN v  | XNOR2_X1  | 0.028 |   1.776 |    2.328 | 
     | U4931                | B v -> Z v   | XOR2_X1   | 0.061 |   1.837 |    2.389 | 
     | U5118                | B v -> ZN ^  | AOI211_X1 | 0.064 |   1.901 |    2.453 | 
     | U5119                | A ^ -> ZN v  | INV_X1    | 0.009 |   1.911 |    2.462 | 
     | U5120                | A v -> ZN ^  | OAI21_X1  | 0.050 |   1.961 |    2.513 | 
     | U5123                | C2 ^ -> ZN v | OAI211_X1 | 0.039 |   2.000 |    2.552 | 
     | U5125                | C2 v -> ZN ^ | OAI221_X1 | 0.098 |   2.097 |    2.649 | 
     | U5341                | A1 ^ -> ZN v | NAND4_X1  | 0.040 |   2.138 |    2.689 | 
     | U4065                | B2 v -> ZN ^ | AOI21_X1  | 0.094 |   2.231 |    2.783 | 
     | U5343                | A ^ -> ZN v  | INV_X1    | 0.026 |   2.257 |    2.808 | 
     | U5632                | B1 v -> ZN ^ | AOI221_X1 | 0.089 |   2.346 |    2.898 | 
     | U5633                | A ^ -> ZN v  | INV_X1    | 0.013 |   2.359 |    2.911 | 
     | U6449                | A1 v -> ZN v | OR3_X1    | 0.067 |   2.427 |    2.979 | 
     | U6452                | C2 v -> ZN ^ | AOI211_X1 | 0.046 |   2.473 |    3.025 | 
     | U6453                | A2 ^ -> ZN v | NOR2_X1   | 0.022 |   2.495 |    3.047 | 
     | U6467                | C1 v -> ZN ^ | AOI211_X1 | 0.043 |   2.538 |    3.089 | 
     | U6475                | B2 ^ -> ZN v | OAI21_X1  | 0.024 |   2.562 |    3.113 | 
     | U6477                | A1 v -> ZN ^ | NAND2_X1  | 0.026 |   2.587 |    3.139 | 
     | U6478                | A2 ^ -> ZN v | NAND2_X1  | 0.019 |   2.606 |    3.158 | 
     | U6486                | B1 v -> ZN ^ | OAI221_X1 | 0.088 |   2.695 |    3.246 | 
     | U6492                | C2 ^ -> ZN v | OAI211_X1 | 0.047 |   2.742 |    3.293 | 
     | U6495                | A v -> ZN ^  | OAI211_X1 | 0.032 |   2.774 |    3.325 | 
     | U6496                | A ^ -> ZN v  | OAI21_X1  | 0.022 |   2.796 |    3.348 | 
     | U4064                | B2 v -> ZN ^ | OAI21_X1  | 0.106 |   2.902 |    3.453 | 
     | U7225                | B2 ^ -> ZN v | OAI221_X1 | 0.044 |   2.946 |    3.497 | 
     | U7228                | C2 v -> ZN ^ | OAI211_X1 | 0.059 |   3.005 |    3.557 | 
     | U7229                | A ^ -> ZN v  | INV_X1    | 0.012 |   3.017 |    3.569 | 
     | U7230                | A1 v -> ZN ^ | NAND3_X1  | 0.023 |   3.040 |    3.592 | 
     | U7231                | A ^ -> ZN v  | INV_X1    | 0.007 |   3.047 |    3.599 | 
     | U7232                | A1 v -> ZN v | AND4_X1   | 0.033 |   3.080 |    3.632 | 
     | U7234                | A v -> ZN ^  | AOI211_X2 | 0.110 |   3.190 |    3.742 | 
     | U7583                | A ^ -> ZN v  | OAI21_X1  | 0.032 |   3.222 |    3.774 | 
     | U7586                | C2 v -> ZN ^ | AOI211_X1 | 0.048 |   3.270 |    3.822 | 
     | U7587                | A ^ -> ZN v  | AOI221_X1 | 0.026 |   3.296 |    3.848 | 
     | U3660                | A1 v -> ZN v | AND2_X1   | 0.042 |   3.338 |    3.890 | 
     | U3661                | C1 v -> ZN ^ | AOI222_X1 | 0.088 |   3.426 |    3.978 | 
     | U3662                | A ^ -> ZN v  | INV_X1    | 0.008 |   3.434 |    3.986 | 
     | p_reg_Y_temp_reg_59_ | D v          | DFF_X1    | 0.000 |   3.434 |    3.986 | 
     +------------------------------------------------------------------------------+ 
Path 7: MET Setup Check with Pin p_reg_Y_temp_reg_58_/CK 
Endpoint:   p_reg_Y_temp_reg_58_/D (v) checked with  leading edge of 'CLK'
Beginpoint: B_reg_Y_temp_reg_3_/Q  (^) triggered by  leading edge of 'CLK'
Path Groups: {CLK}
Analysis View: default
Other End Arrival Time          0.068
- Setup                         0.026
+ Phase Shift                   3.994
+ CPPR Adjustment               0.000
- Uncertainty                   0.050
= Required Time                 3.986
- Arrival Time                  3.434
= Slack Time                    0.552
     Clock Rise Edge                 0.000
     + Clock Network Latency (Prop)  0.055
     = Beginpoint Arrival Time       0.055
     +------------------------------------------------------------------------------+ 
     |       Instance       |     Arc      |   Cell    | Delay | Arrival | Required | 
     |                      |              |           |       |  Time   |   Time   | 
     |----------------------+--------------+-----------+-------+---------+----------| 
     | B_reg_Y_temp_reg_3_  | CK ^         |           |       |   0.055 |    0.607 | 
     | B_reg_Y_temp_reg_3_  | CK ^ -> Q ^  | DFF_X1    | 0.132 |   0.187 |    0.739 | 
     | U4309                | A1 ^ -> ZN v | NAND2_X2  | 0.074 |   0.261 |    0.813 | 
     | U4310                | A v -> ZN ^  | INV_X2    | 0.115 |   0.376 |    0.928 | 
     | U4320                | B1 ^ -> ZN v | AOI22_X1  | 0.061 |   0.437 |    0.989 | 
     | U4321                | B v -> Z v   | XOR2_X1   | 0.064 |   0.501 |    1.053 | 
     | FE_OFC46_n4776       | A v -> Z v   | CLKBUF_X1 | 0.156 |   0.657 |    1.209 | 
     | U4026                | A v -> ZN ^  | INV_X2    | 0.171 |   0.829 |    1.380 | 
     | FE_OFC50_n5030       | A ^ -> Z ^   | CLKBUF_X1 | 0.173 |   1.002 |    1.554 | 
     | U4846                | A ^ -> Z ^   | XOR2_X1   | 0.100 |   1.102 |    1.654 | 
     | U4847                | A1 ^ -> ZN v | OAI22_X1  | 0.028 |   1.129 |    1.681 | 
     | U4848                | A v -> ZN ^  | AOI21_X1  | 0.043 |   1.172 |    1.724 | 
     | U4849                | A ^ -> ZN v  | AOI21_X1  | 0.022 |   1.194 |    1.746 | 
     | U4890                | CI v -> S ^  | FA_X1     | 0.124 |   1.318 |    1.870 | 
     | U4859                | A ^ -> ZN ^  | XNOR2_X1  | 0.049 |   1.367 |    1.919 | 
     | U4920                | A1 ^ -> ZN v | NAND2_X1  | 0.023 |   1.390 |    1.942 | 
     | U4921                | A2 v -> ZN ^ | NOR2_X1   | 0.054 |   1.444 |    1.996 | 
     | U4922                | B ^ -> Z ^   | XOR2_X1   | 0.056 |   1.500 |    2.052 | 
     | U4923                | B ^ -> Z ^   | XOR2_X1   | 0.053 |   1.554 |    2.105 | 
     | U4924                | B ^ -> ZN ^  | XNOR2_X1  | 0.053 |   1.607 |    2.158 | 
     | U4926                | A ^ -> Z ^   | XOR2_X1   | 0.083 |   1.690 |    2.241 | 
     | U4927                | B ^ -> Z ^   | XOR2_X1   | 0.058 |   1.748 |    2.300 | 
     | U4928                | B ^ -> ZN v  | XNOR2_X1  | 0.028 |   1.776 |    2.328 | 
     | U4931                | B v -> Z v   | XOR2_X1   | 0.061 |   1.837 |    2.389 | 
     | U5118                | B v -> ZN ^  | AOI211_X1 | 0.064 |   1.901 |    2.453 | 
     | U5119                | A ^ -> ZN v  | INV_X1    | 0.009 |   1.911 |    2.463 | 
     | U5120                | A v -> ZN ^  | OAI21_X1  | 0.050 |   1.961 |    2.513 | 
     | U5123                | C2 ^ -> ZN v | OAI211_X1 | 0.039 |   2.000 |    2.552 | 
     | U5125                | C2 v -> ZN ^ | OAI221_X1 | 0.098 |   2.097 |    2.649 | 
     | U5341                | A1 ^ -> ZN v | NAND4_X1  | 0.040 |   2.138 |    2.689 | 
     | U4065                | B2 v -> ZN ^ | AOI21_X1  | 0.094 |   2.231 |    2.783 | 
     | U5343                | A ^ -> ZN v  | INV_X1    | 0.026 |   2.257 |    2.809 | 
     | U5632                | B1 v -> ZN ^ | AOI221_X1 | 0.089 |   2.346 |    2.898 | 
     | U5633                | A ^ -> ZN v  | INV_X1    | 0.013 |   2.359 |    2.911 | 
     | U6449                | A1 v -> ZN v | OR3_X1    | 0.067 |   2.427 |    2.979 | 
     | U6452                | C2 v -> ZN ^ | AOI211_X1 | 0.046 |   2.473 |    3.025 | 
     | U6453                | A2 ^ -> ZN v | NOR2_X1   | 0.022 |   2.495 |    3.047 | 
     | U6467                | C1 v -> ZN ^ | AOI211_X1 | 0.043 |   2.538 |    3.090 | 
     | U6475                | B2 ^ -> ZN v | OAI21_X1  | 0.024 |   2.562 |    3.113 | 
     | U6477                | A1 v -> ZN ^ | NAND2_X1  | 0.026 |   2.587 |    3.139 | 
     | U6478                | A2 ^ -> ZN v | NAND2_X1  | 0.019 |   2.606 |    3.158 | 
     | U6486                | B1 v -> ZN ^ | OAI221_X1 | 0.088 |   2.695 |    3.247 | 
     | U6492                | C2 ^ -> ZN v | OAI211_X1 | 0.047 |   2.742 |    3.294 | 
     | U6495                | A v -> ZN ^  | OAI211_X1 | 0.032 |   2.774 |    3.326 | 
     | U6496                | A ^ -> ZN v  | OAI21_X1  | 0.022 |   2.796 |    3.348 | 
     | U4064                | B2 v -> ZN ^ | OAI21_X1  | 0.106 |   2.902 |    3.453 | 
     | U7225                | B2 ^ -> ZN v | OAI221_X1 | 0.044 |   2.946 |    3.498 | 
     | U7228                | C2 v -> ZN ^ | OAI211_X1 | 0.059 |   3.005 |    3.557 | 
     | U7229                | A ^ -> ZN v  | INV_X1    | 0.012 |   3.017 |    3.569 | 
     | U7230                | A1 v -> ZN ^ | NAND3_X1  | 0.023 |   3.040 |    3.592 | 
     | U7231                | A ^ -> ZN v  | INV_X1    | 0.007 |   3.047 |    3.599 | 
     | U7232                | A1 v -> ZN v | AND4_X1   | 0.033 |   3.080 |    3.632 | 
     | U7234                | A v -> ZN ^  | AOI211_X2 | 0.110 |   3.190 |    3.742 | 
     | U7583                | A ^ -> ZN v  | OAI21_X1  | 0.032 |   3.222 |    3.774 | 
     | U7586                | C2 v -> ZN ^ | AOI211_X1 | 0.048 |   3.270 |    3.822 | 
     | U7587                | A ^ -> ZN v  | AOI221_X1 | 0.026 |   3.296 |    3.848 | 
     | U3660                | A1 v -> ZN v | AND2_X1   | 0.042 |   3.338 |    3.890 | 
     | U3663                | C1 v -> ZN ^ | AOI222_X1 | 0.087 |   3.425 |    3.977 | 
     | U3664                | A ^ -> ZN v  | INV_X1    | 0.008 |   3.434 |    3.986 | 
     | p_reg_Y_temp_reg_58_ | D v          | DFF_X1    | 0.000 |   3.434 |    3.986 | 
     +------------------------------------------------------------------------------+ 
Path 8: MET Setup Check with Pin p_reg_Y_temp_reg_56_/CK 
Endpoint:   p_reg_Y_temp_reg_56_/D (v) checked with  leading edge of 'CLK'
Beginpoint: B_reg_Y_temp_reg_3_/Q  (^) triggered by  leading edge of 'CLK'
Path Groups: {CLK}
Analysis View: default
Other End Arrival Time          0.068
- Setup                         0.027
+ Phase Shift                   3.994
+ CPPR Adjustment               0.000
- Uncertainty                   0.050
= Required Time                 3.985
- Arrival Time                  3.403
= Slack Time                    0.582
     Clock Rise Edge                 0.000
     + Clock Network Latency (Prop)  0.055
     = Beginpoint Arrival Time       0.055
     +------------------------------------------------------------------------------+ 
     |       Instance       |     Arc      |   Cell    | Delay | Arrival | Required | 
     |                      |              |           |       |  Time   |   Time   | 
     |----------------------+--------------+-----------+-------+---------+----------| 
     | B_reg_Y_temp_reg_3_  | CK ^         |           |       |   0.055 |    0.637 | 
     | B_reg_Y_temp_reg_3_  | CK ^ -> Q ^  | DFF_X1    | 0.132 |   0.187 |    0.769 | 
     | U4309                | A1 ^ -> ZN v | NAND2_X2  | 0.074 |   0.261 |    0.843 | 
     | U4310                | A v -> ZN ^  | INV_X2    | 0.115 |   0.376 |    0.958 | 
     | U4320                | B1 ^ -> ZN v | AOI22_X1  | 0.061 |   0.437 |    1.019 | 
     | U4321                | B v -> Z v   | XOR2_X1   | 0.064 |   0.501 |    1.083 | 
     | FE_OFC46_n4776       | A v -> Z v   | CLKBUF_X1 | 0.156 |   0.657 |    1.239 | 
     | U4026                | A v -> ZN ^  | INV_X2    | 0.171 |   0.829 |    1.410 | 
     | FE_OFC50_n5030       | A ^ -> Z ^   | CLKBUF_X1 | 0.173 |   1.002 |    1.584 | 
     | U4846                | A ^ -> Z ^   | XOR2_X1   | 0.100 |   1.102 |    1.684 | 
     | U4847                | A1 ^ -> ZN v | OAI22_X1  | 0.028 |   1.129 |    1.711 | 
     | U4848                | A v -> ZN ^  | AOI21_X1  | 0.043 |   1.172 |    1.754 | 
     | U4849                | A ^ -> ZN v  | AOI21_X1  | 0.022 |   1.194 |    1.776 | 
     | U4890                | CI v -> S ^  | FA_X1     | 0.124 |   1.318 |    1.900 | 
     | U4859                | A ^ -> ZN ^  | XNOR2_X1  | 0.049 |   1.367 |    1.949 | 
     | U4920                | A1 ^ -> ZN v | NAND2_X1  | 0.023 |   1.390 |    1.972 | 
     | U4921                | A2 v -> ZN ^ | NOR2_X1   | 0.054 |   1.444 |    2.026 | 
     | U4922                | B ^ -> Z ^   | XOR2_X1   | 0.056 |   1.500 |    2.082 | 
     | U4923                | B ^ -> Z ^   | XOR2_X1   | 0.053 |   1.554 |    2.135 | 
     | U4924                | B ^ -> ZN ^  | XNOR2_X1  | 0.053 |   1.607 |    2.188 | 
     | U4926                | A ^ -> Z ^   | XOR2_X1   | 0.083 |   1.690 |    2.271 | 
     | U4927                | B ^ -> Z ^   | XOR2_X1   | 0.058 |   1.748 |    2.330 | 
     | U4928                | B ^ -> ZN v  | XNOR2_X1  | 0.028 |   1.776 |    2.358 | 
     | U4931                | B v -> Z v   | XOR2_X1   | 0.061 |   1.837 |    2.419 | 
     | U5118                | B v -> ZN ^  | AOI211_X1 | 0.064 |   1.901 |    2.483 | 
     | U5119                | A ^ -> ZN v  | INV_X1    | 0.009 |   1.911 |    2.493 | 
     | U5120                | A v -> ZN ^  | OAI21_X1  | 0.050 |   1.961 |    2.543 | 
     | U5123                | C2 ^ -> ZN v | OAI211_X1 | 0.039 |   2.000 |    2.582 | 
     | U5125                | C2 v -> ZN ^ | OAI221_X1 | 0.098 |   2.097 |    2.679 | 
     | U5341                | A1 ^ -> ZN v | NAND4_X1  | 0.040 |   2.138 |    2.719 | 
     | U4065                | B2 v -> ZN ^ | AOI21_X1  | 0.094 |   2.231 |    2.813 | 
     | U5343                | A ^ -> ZN v  | INV_X1    | 0.026 |   2.257 |    2.839 | 
     | U5632                | B1 v -> ZN ^ | AOI221_X1 | 0.089 |   2.346 |    2.928 | 
     | U5633                | A ^ -> ZN v  | INV_X1    | 0.013 |   2.359 |    2.941 | 
     | U6449                | A1 v -> ZN v | OR3_X1    | 0.067 |   2.427 |    3.009 | 
     | U6452                | C2 v -> ZN ^ | AOI211_X1 | 0.046 |   2.473 |    3.055 | 
     | U6453                | A2 ^ -> ZN v | NOR2_X1   | 0.022 |   2.495 |    3.077 | 
     | U6467                | C1 v -> ZN ^ | AOI211_X1 | 0.043 |   2.538 |    3.120 | 
     | U6475                | B2 ^ -> ZN v | OAI21_X1  | 0.024 |   2.562 |    3.143 | 
     | U6477                | A1 v -> ZN ^ | NAND2_X1  | 0.026 |   2.587 |    3.169 | 
     | U6478                | A2 ^ -> ZN v | NAND2_X1  | 0.019 |   2.606 |    3.188 | 
     | U6486                | B1 v -> ZN ^ | OAI221_X1 | 0.088 |   2.695 |    3.277 | 
     | U6492                | C2 ^ -> ZN v | OAI211_X1 | 0.047 |   2.742 |    3.324 | 
     | U6495                | A v -> ZN ^  | OAI211_X1 | 0.032 |   2.774 |    3.356 | 
     | U6496                | A ^ -> ZN v  | OAI21_X1  | 0.022 |   2.796 |    3.378 | 
     | U4064                | B2 v -> ZN ^ | OAI21_X1  | 0.106 |   2.902 |    3.483 | 
     | U7225                | B2 ^ -> ZN v | OAI221_X1 | 0.044 |   2.946 |    3.528 | 
     | U7228                | C2 v -> ZN ^ | OAI211_X1 | 0.059 |   3.005 |    3.587 | 
     | U7229                | A ^ -> ZN v  | INV_X1    | 0.012 |   3.017 |    3.599 | 
     | U7230                | A1 v -> ZN ^ | NAND3_X1  | 0.023 |   3.040 |    3.622 | 
     | U7231                | A ^ -> ZN v  | INV_X1    | 0.007 |   3.047 |    3.629 | 
     | U7232                | A1 v -> ZN v | AND4_X1   | 0.033 |   3.080 |    3.662 | 
     | U7234                | A v -> ZN ^  | AOI211_X2 | 0.110 |   3.190 |    3.772 | 
     | U7583                | A ^ -> ZN v  | OAI21_X1  | 0.032 |   3.222 |    3.804 | 
     | U7586                | C2 v -> ZN ^ | AOI211_X1 | 0.048 |   3.270 |    3.852 | 
     | U7587                | A ^ -> ZN v  | AOI221_X1 | 0.026 |   3.296 |    3.878 | 
     | U3660                | A1 v -> ZN v | AND2_X1   | 0.042 |   3.338 |    3.920 | 
     | U3668                | B1 v -> ZN ^ | AOI22_X1  | 0.042 |   3.381 |    3.962 | 
     | U3669                | A ^ -> ZN v  | OAI21_X1  | 0.023 |   3.403 |    3.985 | 
     | p_reg_Y_temp_reg_56_ | D v          | DFF_X1    | 0.000 |   3.403 |    3.985 | 
     +------------------------------------------------------------------------------+ 
Path 9: MET Setup Check with Pin p_reg_Y_temp_reg_53_/CK 
Endpoint:   p_reg_Y_temp_reg_53_/D (v) checked with  leading edge of 'CLK'
Beginpoint: B_reg_Y_temp_reg_3_/Q  (^) triggered by  leading edge of 'CLK'
Path Groups: {CLK}
Analysis View: default
Other End Arrival Time          0.068
- Setup                         0.030
+ Phase Shift                   3.994
+ CPPR Adjustment               0.000
- Uncertainty                   0.050
= Required Time                 3.982
- Arrival Time                  3.279
= Slack Time                    0.703
     Clock Rise Edge                 0.000
     + Clock Network Latency (Prop)  0.055
     = Beginpoint Arrival Time       0.055
     +------------------------------------------------------------------------------+ 
     |       Instance       |     Arc      |   Cell    | Delay | Arrival | Required | 
     |                      |              |           |       |  Time   |   Time   | 
     |----------------------+--------------+-----------+-------+---------+----------| 
     | B_reg_Y_temp_reg_3_  | CK ^         |           |       |   0.055 |    0.758 | 
     | B_reg_Y_temp_reg_3_  | CK ^ -> Q ^  | DFF_X1    | 0.132 |   0.187 |    0.891 | 
     | U4309                | A1 ^ -> ZN v | NAND2_X2  | 0.074 |   0.261 |    0.965 | 
     | U4310                | A v -> ZN ^  | INV_X2    | 0.115 |   0.376 |    1.079 | 
     | U4320                | B1 ^ -> ZN v | AOI22_X1  | 0.061 |   0.437 |    1.141 | 
     | U4321                | B v -> Z v   | XOR2_X1   | 0.064 |   0.501 |    1.205 | 
     | FE_OFC46_n4776       | A v -> Z v   | CLKBUF_X1 | 0.156 |   0.657 |    1.361 | 
     | U4026                | A v -> ZN ^  | INV_X2    | 0.171 |   0.829 |    1.532 | 
     | FE_OFC50_n5030       | A ^ -> Z ^   | CLKBUF_X1 | 0.173 |   1.002 |    1.705 | 
     | U4846                | A ^ -> Z ^   | XOR2_X1   | 0.100 |   1.102 |    1.805 | 
     | U4847                | A1 ^ -> ZN v | OAI22_X1  | 0.028 |   1.129 |    1.833 | 
     | U4848                | A v -> ZN ^  | AOI21_X1  | 0.043 |   1.172 |    1.876 | 
     | U4849                | A ^ -> ZN v  | AOI21_X1  | 0.022 |   1.194 |    1.898 | 
     | U4890                | CI v -> S ^  | FA_X1     | 0.124 |   1.318 |    2.021 | 
     | U4859                | A ^ -> ZN ^  | XNOR2_X1  | 0.049 |   1.367 |    2.071 | 
     | U4920                | A1 ^ -> ZN v | NAND2_X1  | 0.023 |   1.390 |    2.093 | 
     | U4921                | A2 v -> ZN ^ | NOR2_X1   | 0.054 |   1.444 |    2.148 | 
     | U4922                | B ^ -> Z ^   | XOR2_X1   | 0.056 |   1.500 |    2.204 | 
     | U4923                | B ^ -> Z ^   | XOR2_X1   | 0.053 |   1.554 |    2.257 | 
     | U4924                | B ^ -> ZN ^  | XNOR2_X1  | 0.053 |   1.607 |    2.310 | 
     | U4926                | A ^ -> Z ^   | XOR2_X1   | 0.083 |   1.690 |    2.393 | 
     | U4927                | B ^ -> Z ^   | XOR2_X1   | 0.058 |   1.748 |    2.451 | 
     | U4928                | B ^ -> ZN v  | XNOR2_X1  | 0.028 |   1.776 |    2.479 | 
     | U4931                | B v -> Z v   | XOR2_X1   | 0.061 |   1.837 |    2.541 | 
     | U5118                | B v -> ZN ^  | AOI211_X1 | 0.064 |   1.901 |    2.605 | 
     | U5119                | A ^ -> ZN v  | INV_X1    | 0.009 |   1.911 |    2.614 | 
     | U5120                | A v -> ZN ^  | OAI21_X1  | 0.050 |   1.961 |    2.664 | 
     | U5123                | C2 ^ -> ZN v | OAI211_X1 | 0.039 |   2.000 |    2.703 | 
     | U5125                | C2 v -> ZN ^ | OAI221_X1 | 0.098 |   2.097 |    2.801 | 
     | U5341                | A1 ^ -> ZN v | NAND4_X1  | 0.040 |   2.138 |    2.841 | 
     | U4065                | B2 v -> ZN ^ | AOI21_X1  | 0.094 |   2.231 |    2.935 | 
     | U5343                | A ^ -> ZN v  | INV_X1    | 0.026 |   2.257 |    2.960 | 
     | U5632                | B1 v -> ZN ^ | AOI221_X1 | 0.089 |   2.346 |    3.049 | 
     | U5633                | A ^ -> ZN v  | INV_X1    | 0.013 |   2.359 |    3.063 | 
     | U6449                | A1 v -> ZN v | OR3_X1    | 0.067 |   2.427 |    3.130 | 
     | U6452                | C2 v -> ZN ^ | AOI211_X1 | 0.046 |   2.473 |    3.177 | 
     | U6453                | A2 ^ -> ZN v | NOR2_X1   | 0.022 |   2.495 |    3.198 | 
     | U6467                | C1 v -> ZN ^ | AOI211_X1 | 0.043 |   2.538 |    3.241 | 
     | U6475                | B2 ^ -> ZN v | OAI21_X1  | 0.024 |   2.562 |    3.265 | 
     | U6477                | A1 v -> ZN ^ | NAND2_X1  | 0.026 |   2.587 |    3.291 | 
     | U6478                | A2 ^ -> ZN v | NAND2_X1  | 0.019 |   2.606 |    3.310 | 
     | U6486                | B1 v -> ZN ^ | OAI221_X1 | 0.088 |   2.695 |    3.398 | 
     | U6492                | C2 ^ -> ZN v | OAI211_X1 | 0.047 |   2.742 |    3.445 | 
     | U6495                | A v -> ZN ^  | OAI211_X1 | 0.032 |   2.774 |    3.477 | 
     | U6496                | A ^ -> ZN v  | OAI21_X1  | 0.022 |   2.796 |    3.499 | 
     | U4064                | B2 v -> ZN ^ | OAI21_X1  | 0.106 |   2.902 |    3.605 | 
     | U7225                | B2 ^ -> ZN v | OAI221_X1 | 0.044 |   2.946 |    3.649 | 
     | U7228                | C2 v -> ZN ^ | OAI211_X1 | 0.059 |   3.005 |    3.708 | 
     | U7229                | A ^ -> ZN v  | INV_X1    | 0.012 |   3.017 |    3.720 | 
     | U7230                | A1 v -> ZN ^ | NAND3_X1  | 0.023 |   3.040 |    3.743 | 
     | U7231                | A ^ -> ZN v  | INV_X1    | 0.007 |   3.047 |    3.750 | 
     | U7232                | A1 v -> ZN v | AND4_X1   | 0.033 |   3.080 |    3.783 | 
     | U7234                | A v -> ZN ^  | AOI211_X2 | 0.110 |   3.190 |    3.893 | 
     | U7550                | A ^ -> ZN v  | INV_X1    | 0.021 |   3.211 |    3.915 | 
     | U3678                | C1 v -> ZN ^ | OAI221_X1 | 0.043 |   3.254 |    3.958 | 
     | U3679                | A ^ -> ZN v  | OAI21_X1  | 0.025 |   3.279 |    3.982 | 
     | p_reg_Y_temp_reg_53_ | D v          | DFF_X1    | 0.000 |   3.279 |    3.982 | 
     +------------------------------------------------------------------------------+ 
Path 10: MET Setup Check with Pin p_reg_Y_temp_reg_54_/CK 
Endpoint:   p_reg_Y_temp_reg_54_/D (v) checked with  leading edge of 'CLK'
Beginpoint: B_reg_Y_temp_reg_3_/Q  (^) triggered by  leading edge of 'CLK'
Path Groups: {CLK}
Analysis View: default
Other End Arrival Time          0.068
- Setup                         0.030
+ Phase Shift                   3.994
+ CPPR Adjustment               0.000
- Uncertainty                   0.050
= Required Time                 3.982
- Arrival Time                  3.276
= Slack Time                    0.706
     Clock Rise Edge                 0.000
     + Clock Network Latency (Prop)  0.055
     = Beginpoint Arrival Time       0.055
     +------------------------------------------------------------------------------+ 
     |       Instance       |     Arc      |   Cell    | Delay | Arrival | Required | 
     |                      |              |           |       |  Time   |   Time   | 
     |----------------------+--------------+-----------+-------+---------+----------| 
     | B_reg_Y_temp_reg_3_  | CK ^         |           |       |   0.055 |    0.761 | 
     | B_reg_Y_temp_reg_3_  | CK ^ -> Q ^  | DFF_X1    | 0.132 |   0.187 |    0.893 | 
     | U4309                | A1 ^ -> ZN v | NAND2_X2  | 0.074 |   0.261 |    0.967 | 
     | U4310                | A v -> ZN ^  | INV_X2    | 0.115 |   0.376 |    1.082 | 
     | U4320                | B1 ^ -> ZN v | AOI22_X1  | 0.061 |   0.437 |    1.144 | 
     | U4321                | B v -> Z v   | XOR2_X1   | 0.064 |   0.501 |    1.208 | 
     | FE_OFC46_n4776       | A v -> Z v   | CLKBUF_X1 | 0.156 |   0.657 |    1.364 | 
     | U4026                | A v -> ZN ^  | INV_X2    | 0.171 |   0.829 |    1.535 | 
     | FE_OFC50_n5030       | A ^ -> Z ^   | CLKBUF_X1 | 0.173 |   1.002 |    1.708 | 
     | U4846                | A ^ -> Z ^   | XOR2_X1   | 0.100 |   1.102 |    1.808 | 
     | U4847                | A1 ^ -> ZN v | OAI22_X1  | 0.028 |   1.129 |    1.836 | 
     | U4848                | A v -> ZN ^  | AOI21_X1  | 0.043 |   1.172 |    1.879 | 
     | U4849                | A ^ -> ZN v  | AOI21_X1  | 0.022 |   1.194 |    1.901 | 
     | U4890                | CI v -> S ^  | FA_X1     | 0.124 |   1.318 |    2.024 | 
     | U4859                | A ^ -> ZN ^  | XNOR2_X1  | 0.049 |   1.367 |    2.073 | 
     | U4920                | A1 ^ -> ZN v | NAND2_X1  | 0.023 |   1.390 |    2.096 | 
     | U4921                | A2 v -> ZN ^ | NOR2_X1   | 0.054 |   1.444 |    2.151 | 
     | U4922                | B ^ -> Z ^   | XOR2_X1   | 0.056 |   1.500 |    2.206 | 
     | U4923                | B ^ -> Z ^   | XOR2_X1   | 0.053 |   1.554 |    2.260 | 
     | U4924                | B ^ -> ZN ^  | XNOR2_X1  | 0.053 |   1.607 |    2.313 | 
     | U4926                | A ^ -> Z ^   | XOR2_X1   | 0.083 |   1.690 |    2.396 | 
     | U4927                | B ^ -> Z ^   | XOR2_X1   | 0.058 |   1.748 |    2.454 | 
     | U4928                | B ^ -> ZN v  | XNOR2_X1  | 0.028 |   1.776 |    2.482 | 
     | U4931                | B v -> Z v   | XOR2_X1   | 0.061 |   1.837 |    2.543 | 
     | U5118                | B v -> ZN ^  | AOI211_X1 | 0.064 |   1.901 |    2.608 | 
     | U5119                | A ^ -> ZN v  | INV_X1    | 0.009 |   1.911 |    2.617 | 
     | U5120                | A v -> ZN ^  | OAI21_X1  | 0.050 |   1.961 |    2.667 | 
     | U5123                | C2 ^ -> ZN v | OAI211_X1 | 0.039 |   2.000 |    2.706 | 
     | U5125                | C2 v -> ZN ^ | OAI221_X1 | 0.098 |   2.097 |    2.804 | 
     | U5341                | A1 ^ -> ZN v | NAND4_X1  | 0.040 |   2.138 |    2.844 | 
     | U4065                | B2 v -> ZN ^ | AOI21_X1  | 0.094 |   2.231 |    2.937 | 
     | U5343                | A ^ -> ZN v  | INV_X1    | 0.026 |   2.257 |    2.963 | 
     | U5632                | B1 v -> ZN ^ | AOI221_X1 | 0.089 |   2.346 |    3.052 | 
     | U5633                | A ^ -> ZN v  | INV_X1    | 0.013 |   2.359 |    3.066 | 
     | U6449                | A1 v -> ZN v | OR3_X1    | 0.067 |   2.427 |    3.133 | 
     | U6452                | C2 v -> ZN ^ | AOI211_X1 | 0.046 |   2.473 |    3.179 | 
     | U6453                | A2 ^ -> ZN v | NOR2_X1   | 0.022 |   2.495 |    3.201 | 
     | U6467                | C1 v -> ZN ^ | AOI211_X1 | 0.043 |   2.538 |    3.244 | 
     | U6475                | B2 ^ -> ZN v | OAI21_X1  | 0.024 |   2.562 |    3.268 | 
     | U6477                | A1 v -> ZN ^ | NAND2_X1  | 0.026 |   2.587 |    3.293 | 
     | U6478                | A2 ^ -> ZN v | NAND2_X1  | 0.019 |   2.606 |    3.313 | 
     | U6486                | B1 v -> ZN ^ | OAI221_X1 | 0.088 |   2.695 |    3.401 | 
     | U6492                | C2 ^ -> ZN v | OAI211_X1 | 0.047 |   2.742 |    3.448 | 
     | U6495                | A v -> ZN ^  | OAI211_X1 | 0.032 |   2.774 |    3.480 | 
     | U6496                | A ^ -> ZN v  | OAI21_X1  | 0.022 |   2.796 |    3.502 | 
     | U4064                | B2 v -> ZN ^ | OAI21_X1  | 0.106 |   2.902 |    3.608 | 
     | U7225                | B2 ^ -> ZN v | OAI221_X1 | 0.044 |   2.946 |    3.652 | 
     | U7228                | C2 v -> ZN ^ | OAI211_X1 | 0.059 |   3.005 |    3.711 | 
     | U7229                | A ^ -> ZN v  | INV_X1    | 0.012 |   3.017 |    3.723 | 
     | U7230                | A1 v -> ZN ^ | NAND3_X1  | 0.023 |   3.040 |    3.746 | 
     | U7231                | A ^ -> ZN v  | INV_X1    | 0.007 |   3.047 |    3.753 | 
     | U7232                | A1 v -> ZN v | AND4_X1   | 0.033 |   3.080 |    3.786 | 
     | U7234                | A v -> ZN ^  | AOI211_X2 | 0.110 |   3.190 |    3.896 | 
     | U7550                | A ^ -> ZN v  | INV_X1    | 0.021 |   3.211 |    3.917 | 
     | U3675                | C1 v -> ZN ^ | OAI221_X1 | 0.040 |   3.251 |    3.958 | 
     | U3676                | A ^ -> ZN v  | OAI21_X1  | 0.025 |   3.276 |    3.982 | 
     | p_reg_Y_temp_reg_54_ | D v          | DFF_X1    | 0.000 |   3.276 |    3.982 | 
     +------------------------------------------------------------------------------+ 

