###############################################################
#  Generated by:      Cadence Innovus 23.35-s106_1
#  OS:                Linux x86_64(Host ID microsys.openstack.polito)
#  Generated on:      Sat Oct 10 22:52:28 2026
#  Design:            boothmul_registered
#  Command:           report_timing -max_paths 10 > reports/04_preCTS_setup_paths.rpt
###############################################################
Path 1: MET Setup Check with Pin p_reg_Y_temp_reg_61_/CK 
Endpoint:   p_reg_Y_temp_reg_61_/D (v) checked with  leading edge of 'CLK'
Beginpoint: B_reg_Y_temp_reg_3_/Q  (v) triggered by  leading edge of 'CLK'
Path Groups: {CLK}
Analysis View: default
Other End Arrival Time          0.050
- Setup                         0.026
+ Phase Shift                   4.739
- Uncertainty                   0.050
= Required Time                 4.713
- Arrival Time                  3.435
= Slack Time                    1.279
     Clock Rise Edge                 0.000
     + Clock Network Latency (Ideal) 0.050
     = Beginpoint Arrival Time       0.050
     +------------------------------------------------------------------------------+ 
     |       Instance       |     Arc      |   Cell    | Delay | Arrival | Required | 
     |                      |              |           |       |  Time   |   Time   | 
     |----------------------+--------------+-----------+-------+---------+----------| 
     | B_reg_Y_temp_reg_3_  | CK ^         |           |       |   0.050 |    1.329 | 
     | B_reg_Y_temp_reg_3_  | CK ^ -> Q v  | DFF_X1    | 0.119 |   0.169 |    1.448 | 
     | U4095                | A2 v -> ZN ^ | NAND2_X1  | 0.037 |   0.206 |    1.485 | 
     | U4096                | A ^ -> ZN v  | INV_X1    | 0.013 |   0.219 |    1.498 | 
     | U4115                | A1 v -> ZN ^ | NOR2_X1   | 0.053 |   0.272 |    1.551 | 
     | FE_OFC30_n7605       | A ^ -> Z ^   | CLKBUF_X1 | 0.145 |   0.417 |    1.695 | 
     | U4033                | A ^ -> ZN v  | INV_X2    | 0.079 |   0.496 |    1.775 | 
     | U4116                | B2 v -> ZN ^ | AOI22_X1  | 0.096 |   0.592 |    1.870 | 
     | U4042                | B ^ -> Z ^   | XOR2_X1   | 0.109 |   0.701 |    1.980 | 
     | FE_OFC66_n7610       | A ^ -> Z ^   | CLKBUF_X1 | 0.146 |   0.847 |    2.126 | 
     | U4003                | A ^ -> ZN v  | INV_X4    | 0.080 |   0.927 |    2.206 | 
     | U4118                | B v -> Z v   | XOR2_X1   | 0.091 |   1.018 |    2.297 | 
     | U4181                | A2 v -> ZN ^ | AOI22_X1  | 0.044 |   1.062 |    2.341 | 
     | U4182                | A ^ -> ZN v  | OAI21_X1  | 0.023 |   1.085 |    2.363 | 
     | U4183                | A v -> ZN ^  | OAI21_X1  | 0.036 |   1.120 |    2.399 | 
     | U4263                | S ^ -> Z v   | MUX2_X1   | 0.065 |   1.185 |    2.464 | 
     | U4264                | A v -> ZN v  | XNOR2_X1  | 0.041 |   1.226 |    2.505 | 
     | U4265                | B v -> ZN v  | XNOR2_X1  | 0.056 |   1.283 |    2.561 | 
     | U4273                | A v -> ZN ^  | INV_X1    | 0.018 |   1.300 |    2.579 | 
     | U4274                | A1 ^ -> ZN v | NAND3_X1  | 0.028 |   1.328 |    2.607 | 
     | U4278                | A1 v -> ZN ^ | NAND2_X1  | 0.023 |   1.351 |    2.630 | 
     | U4279                | B ^ -> ZN ^  | XNOR2_X1  | 0.041 |   1.392 |    2.671 | 
     | U4280                | A ^ -> Z ^   | XOR2_X1   | 0.072 |   1.464 |    2.743 | 
     | U4295                | A ^ -> S v   | FA_X1     | 0.104 |   1.568 |    2.847 | 
     | U4302                | B v -> Z v   | XOR2_X1   | 0.066 |   1.634 |    2.913 | 
     | U4303                | A v -> ZN ^  | OAI21_X1  | 0.027 |   1.662 |    2.940 | 
     | U4304                | A ^ -> ZN v  | OAI21_X1  | 0.032 |   1.693 |    2.972 | 
     | U4305                | A2 v -> ZN ^ | NOR2_X1   | 0.039 |   1.732 |    3.011 | 
     | U4306                | A2 ^ -> ZN v | NOR2_X1   | 0.014 |   1.746 |    3.025 | 
     | U4353                | A v -> ZN v  | XNOR2_X1  | 0.042 |   1.789 |    3.067 | 
     | U4357                | A v -> Z v   | XOR2_X1   | 0.057 |   1.846 |    3.124 | 
     | U4360                | B v -> ZN ^  | AOI211_X1 | 0.065 |   1.911 |    3.189 | 
     | U4361                | A ^ -> ZN v  | INV_X1    | 0.010 |   1.920 |    3.199 | 
     | U4362                | A v -> ZN ^  | OAI21_X1  | 0.049 |   1.970 |    3.248 | 
     | U4563                | C2 ^ -> ZN v | OAI211_X1 | 0.039 |   2.008 |    3.287 | 
     | U4053                | C2 v -> ZN ^ | OAI221_X1 | 0.098 |   2.106 |    3.385 | 
     | U4802                | A1 ^ -> ZN v | NAND4_X1  | 0.042 |   2.148 |    3.427 | 
     | U4804                | B2 v -> ZN ^ | AOI21_X1  | 0.091 |   2.239 |    3.518 | 
     | U4805                | A ^ -> ZN v  | INV_X1    | 0.025 |   2.264 |    3.543 | 
     | U5119                | B1 v -> ZN ^ | AOI221_X1 | 0.090 |   2.354 |    3.633 | 
     | U5120                | A ^ -> ZN v  | INV_X1    | 0.013 |   2.367 |    3.646 | 
     | U5500                | A1 v -> ZN v | OR3_X1    | 0.067 |   2.434 |    3.713 | 
     | U5503                | C2 v -> ZN ^ | AOI211_X1 | 0.046 |   2.481 |    3.760 | 
     | U5504                | A2 ^ -> ZN v | NOR2_X1   | 0.022 |   2.503 |    3.782 | 
     | U5825                | C1 v -> ZN ^ | AOI211_X1 | 0.044 |   2.547 |    3.826 | 
     | U5915                | B2 ^ -> ZN v | OAI21_X1  | 0.024 |   2.571 |    3.849 | 
     | U5917                | A1 v -> ZN ^ | NAND2_X1  | 0.026 |   2.597 |    3.876 | 
     | U6169                | A2 ^ -> ZN v | NAND3_X1  | 0.022 |   2.619 |    3.898 | 
     | U4030                | A1 v -> ZN ^ | NAND2_X1  | 0.037 |   2.656 |    3.935 | 
     | U6727                | C2 ^ -> ZN v | OAI211_X1 | 0.032 |   2.688 |    3.967 | 
     | U6730                | A v -> ZN ^  | OAI211_X1 | 0.028 |   2.716 |    3.995 | 
     | U6731                | A ^ -> ZN v  | OAI21_X1  | 0.024 |   2.740 |    4.019 | 
     | U4052                | B2 v -> ZN ^ | OAI21_X1  | 0.099 |   2.839 |    4.118 | 
     | U7202                | B2 ^ -> ZN v | OAI221_X1 | 0.043 |   2.882 |    4.160 | 
     | U7205                | C2 v -> ZN ^ | OAI211_X1 | 0.056 |   2.937 |    4.216 | 
     | U7206                | A ^ -> ZN v  | INV_X1    | 0.011 |   2.948 |    4.227 | 
     | U7207                | A1 v -> ZN ^ | NAND3_X1  | 0.023 |   2.971 |    4.250 | 
     | U7208                | A ^ -> ZN v  | INV_X1    | 0.008 |   2.979 |    4.258 | 
     | U7209                | A2 v -> ZN v | AND4_X1   | 0.036 |   3.015 |    4.293 | 
     | U4051                | A v -> ZN ^  | AOI211_X2 | 0.103 |   3.118 |    4.397 | 
     | U7774                | A ^ -> ZN v  | OAI21_X1  | 0.031 |   3.149 |    4.427 | 
     | U7775                | C2 v -> ZN ^ | AOI211_X1 | 0.048 |   3.197 |    4.475 | 
     | U7776                | A ^ -> ZN v  | AOI221_X1 | 0.027 |   3.223 |    4.502 | 
     | U7777                | A1 v -> ZN ^ | NOR2_X1   | 0.030 |   3.253 |    4.532 | 
     | U7778                | C2 ^ -> ZN v | OAI211_X1 | 0.025 |   3.278 |    4.557 | 
     | U7780                | B2 v -> ZN ^ | AOI21_X1  | 0.045 |   3.323 |    4.602 | 
     | U3649                | A1 ^ -> ZN v | NOR2_X1   | 0.023 |   3.346 |    4.625 | 
     | U3655                | B1 v -> ZN ^ | AOI222_X1 | 0.081 |   3.427 |    4.705 | 
     | U3656                | A ^ -> ZN v  | INV_X1    | 0.008 |   3.435 |    4.713 | 
     | p_reg_Y_temp_reg_61_ | D v          | DFF_X1    | 0.000 |   3.435 |    4.713 | 
     +------------------------------------------------------------------------------+ 
Path 2: MET Setup Check with Pin p_reg_Y_temp_reg_62_/CK 
Endpoint:   p_reg_Y_temp_reg_62_/D (v) checked with  leading edge of 'CLK'
Beginpoint: B_reg_Y_temp_reg_3_/Q  (v) triggered by  leading edge of 'CLK'
Path Groups: {CLK}
Analysis View: default
Other End Arrival Time          0.050
- Setup                         0.026
+ Phase Shift                   4.739
- Uncertainty                   0.050
= Required Time                 4.713
- Arrival Time                  3.434
= Slack Time                    1.279
     Clock Rise Edge                 0.000
     + Clock Network Latency (Ideal) 0.050
     = Beginpoint Arrival Time       0.050
     +------------------------------------------------------------------------------+ 
     |       Instance       |     Arc      |   Cell    | Delay | Arrival | Required | 
     |                      |              |           |       |  Time   |   Time   | 
     |----------------------+--------------+-----------+-------+---------+----------| 
     | B_reg_Y_temp_reg_3_  | CK ^         |           |       |   0.050 |    1.329 | 
     | B_reg_Y_temp_reg_3_  | CK ^ -> Q v  | DFF_X1    | 0.119 |   0.169 |    1.448 | 
     | U4095                | A2 v -> ZN ^ | NAND2_X1  | 0.037 |   0.206 |    1.485 | 
     | U4096                | A ^ -> ZN v  | INV_X1    | 0.013 |   0.219 |    1.498 | 
     | U4115                | A1 v -> ZN ^ | NOR2_X1   | 0.053 |   0.272 |    1.551 | 
     | FE_OFC30_n7605       | A ^ -> Z ^   | CLKBUF_X1 | 0.145 |   0.417 |    1.696 | 
     | U4033                | A ^ -> ZN v  | INV_X2    | 0.079 |   0.496 |    1.775 | 
     | U4116                | B2 v -> ZN ^ | AOI22_X1  | 0.096 |   0.592 |    1.870 | 
     | U4042                | B ^ -> Z ^   | XOR2_X1   | 0.109 |   0.701 |    1.980 | 
     | FE_OFC66_n7610       | A ^ -> Z ^   | CLKBUF_X1 | 0.146 |   0.847 |    2.126 | 
     | U4003                | A ^ -> ZN v  | INV_X4    | 0.080 |   0.927 |    2.206 | 
     | U4118                | B v -> Z v   | XOR2_X1   | 0.091 |   1.018 |    2.297 | 
     | U4181                | A2 v -> ZN ^ | AOI22_X1  | 0.044 |   1.062 |    2.341 | 
     | U4182                | A ^ -> ZN v  | OAI21_X1  | 0.023 |   1.085 |    2.364 | 
     | U4183                | A v -> ZN ^  | OAI21_X1  | 0.036 |   1.120 |    2.399 | 
     | U4263                | S ^ -> Z v   | MUX2_X1   | 0.065 |   1.185 |    2.464 | 
     | U4264                | A v -> ZN v  | XNOR2_X1  | 0.041 |   1.226 |    2.505 | 
     | U4265                | B v -> ZN v  | XNOR2_X1  | 0.056 |   1.283 |    2.561 | 
     | U4273                | A v -> ZN ^  | INV_X1    | 0.018 |   1.300 |    2.579 | 
     | U4274                | A1 ^ -> ZN v | NAND3_X1  | 0.028 |   1.328 |    2.607 | 
     | U4278                | A1 v -> ZN ^ | NAND2_X1  | 0.023 |   1.351 |    2.630 | 
     | U4279                | B ^ -> ZN ^  | XNOR2_X1  | 0.041 |   1.392 |    2.671 | 
     | U4280                | A ^ -> Z ^   | XOR2_X1   | 0.072 |   1.464 |    2.743 | 
     | U4295                | A ^ -> S v   | FA_X1     | 0.104 |   1.568 |    2.847 | 
     | U4302                | B v -> Z v   | XOR2_X1   | 0.066 |   1.634 |    2.913 | 
     | U4303                | A v -> ZN ^  | OAI21_X1  | 0.027 |   1.662 |    2.940 | 
     | U4304                | A ^ -> ZN v  | OAI21_X1  | 0.032 |   1.693 |    2.972 | 
     | U4305                | A2 v -> ZN ^ | NOR2_X1   | 0.039 |   1.732 |    3.011 | 
     | U4306                | A2 ^ -> ZN v | NOR2_X1   | 0.014 |   1.746 |    3.025 | 
     | U4353                | A v -> ZN v  | XNOR2_X1  | 0.042 |   1.789 |    3.067 | 
     | U4357                | A v -> Z v   | XOR2_X1   | 0.057 |   1.846 |    3.125 | 
     | U4360                | B v -> ZN ^  | AOI211_X1 | 0.065 |   1.911 |    3.189 | 
     | U4361                | A ^ -> ZN v  | INV_X1    | 0.010 |   1.920 |    3.199 | 
     | U4362                | A v -> ZN ^  | OAI21_X1  | 0.049 |   1.970 |    3.249 | 
     | U4563                | C2 ^ -> ZN v | OAI211_X1 | 0.039 |   2.008 |    3.287 | 
     | U4053                | C2 v -> ZN ^ | OAI221_X1 | 0.098 |   2.106 |    3.385 | 
     | U4802                | A1 ^ -> ZN v | NAND4_X1  | 0.042 |   2.148 |    3.427 | 
     | U4804                | B2 v -> ZN ^ | AOI21_X1  | 0.091 |   2.239 |    3.518 | 
     | U4805                | A ^ -> ZN v  | INV_X1    | 0.025 |   2.264 |    3.543 | 
     | U5119                | B1 v -> ZN ^ | AOI221_X1 | 0.090 |   2.354 |    3.633 | 
     | U5120                | A ^ -> ZN v  | INV_X1    | 0.013 |   2.367 |    3.646 | 
     | U5500                | A1 v -> ZN v | OR3_X1    | 0.067 |   2.434 |    3.713 | 
     | U5503                | C2 v -> ZN ^ | AOI211_X1 | 0.046 |   2.481 |    3.760 | 
     | U5504                | A2 ^ -> ZN v | NOR2_X1   | 0.022 |   2.503 |    3.782 | 
     | U5825                | C1 v -> ZN ^ | AOI211_X1 | 0.044 |   2.547 |    3.826 | 
     | U5915                | B2 ^ -> ZN v | OAI21_X1  | 0.024 |   2.571 |    3.850 | 
     | U5917                | A1 v -> ZN ^ | NAND2_X1  | 0.026 |   2.597 |    3.876 | 
     | U6169                | A2 ^ -> ZN v | NAND3_X1  | 0.022 |   2.619 |    3.898 | 
     | U4030                | A1 v -> ZN ^ | NAND2_X1  | 0.037 |   2.656 |    3.935 | 
     | U6727                | C2 ^ -> ZN v | OAI211_X1 | 0.032 |   2.688 |    3.967 | 
     | U6730                | A v -> ZN ^  | OAI211_X1 | 0.028 |   2.716 |    3.995 | 
     | U6731                | A ^ -> ZN v  | OAI21_X1  | 0.024 |   2.740 |    4.019 | 
     | U4052                | B2 v -> ZN ^ | OAI21_X1  | 0.099 |   2.839 |    4.118 | 
     | U7202                | B2 ^ -> ZN v | OAI221_X1 | 0.043 |   2.882 |    4.161 | 
     | U7205                | C2 v -> ZN ^ | OAI211_X1 | 0.056 |   2.937 |    4.216 | 
     | U7206                | A ^ -> ZN v  | INV_X1    | 0.011 |   2.948 |    4.227 | 
     | U7207                | A1 v -> ZN ^ | NAND3_X1  | 0.023 |   2.971 |    4.250 | 
     | U7208                | A ^ -> ZN v  | INV_X1    | 0.008 |   2.979 |    4.258 | 
     | U7209                | A2 v -> ZN v | AND4_X1   | 0.036 |   3.015 |    4.294 | 
     | U4051                | A v -> ZN ^  | AOI211_X2 | 0.103 |   3.118 |    4.397 | 
     | U7774                | A ^ -> ZN v  | OAI21_X1  | 0.031 |   3.149 |    4.428 | 
     | U7775                | C2 v -> ZN ^ | AOI211_X1 | 0.048 |   3.197 |    4.476 | 
     | U7776                | A ^ -> ZN v  | AOI221_X1 | 0.027 |   3.223 |    4.502 | 
     | U7777                | A1 v -> ZN ^ | NOR2_X1   | 0.030 |   3.253 |    4.532 | 
     | U7778                | C2 ^ -> ZN v | OAI211_X1 | 0.025 |   3.278 |    4.557 | 
     | U7780                | B2 v -> ZN ^ | AOI21_X1  | 0.045 |   3.323 |    4.602 | 
     | U3649                | A1 ^ -> ZN v | NOR2_X1   | 0.023 |   3.346 |    4.625 | 
     | U3653                | B1 v -> ZN ^ | AOI222_X1 | 0.081 |   3.426 |    4.705 | 
     | U3654                | A ^ -> ZN v  | INV_X1    | 0.008 |   3.434 |    4.713 | 
     | p_reg_Y_temp_reg_62_ | D v          | DFF_X1    | 0.000 |   3.434 |    4.713 | 
     +------------------------------------------------------------------------------+ 
Path 3: MET Setup Check with Pin p_reg_Y_temp_reg_63_/CK 
Endpoint:   p_reg_Y_temp_reg_63_/D (v) checked with  leading edge of 'CLK'
Beginpoint: B_reg_Y_temp_reg_3_/Q  (v) triggered by  leading edge of 'CLK'
Path Groups: {CLK}
Analysis View: default
Other End Arrival Time          0.050
- Setup                         0.026
+ Phase Shift                   4.739
- Uncertainty                   0.050
= Required Time                 4.713
- Arrival Time                  3.434
= Slack Time                    1.279
     Clock Rise Edge                 0.000
     + Clock Network Latency (Ideal) 0.050
     = Beginpoint Arrival Time       0.050
     +------------------------------------------------------------------------------+ 
     |       Instance       |     Arc      |   Cell    | Delay | Arrival | Required | 
     |                      |              |           |       |  Time   |   Time   | 
     |----------------------+--------------+-----------+-------+---------+----------| 
     | B_reg_Y_temp_reg_3_  | CK ^         |           |       |   0.050 |    1.329 | 
     | B_reg_Y_temp_reg_3_  | CK ^ -> Q v  | DFF_X1    | 0.119 |   0.169 |    1.448 | 
     | U4095                | A2 v -> ZN ^ | NAND2_X1  | 0.037 |   0.206 |    1.486 | 
     | U4096                | A ^ -> ZN v  | INV_X1    | 0.013 |   0.219 |    1.499 | 
     | U4115                | A1 v -> ZN ^ | NOR2_X1   | 0.053 |   0.272 |    1.551 | 
     | FE_OFC30_n7605       | A ^ -> Z ^   | CLKBUF_X1 | 0.145 |   0.417 |    1.696 | 
     | U4033                | A ^ -> ZN v  | INV_X2    | 0.079 |   0.496 |    1.775 | 
     | U4116                | B2 v -> ZN ^ | AOI22_X1  | 0.096 |   0.592 |    1.871 | 
     | U4042                | B ^ -> Z ^   | XOR2_X1   | 0.109 |   0.701 |    1.980 | 
     | FE_OFC66_n7610       | A ^ -> Z ^   | CLKBUF_X1 | 0.146 |   0.847 |    2.127 | 
     | U4003                | A ^ -> ZN v  | INV_X4    | 0.080 |   0.927 |    2.206 | 
     | U4118                | B v -> Z v   | XOR2_X1   | 0.091 |   1.018 |    2.297 | 
     | U4181                | A2 v -> ZN ^ | AOI22_X1  | 0.044 |   1.062 |    2.342 | 
     | U4182                | A ^ -> ZN v  | OAI21_X1  | 0.023 |   1.085 |    2.364 | 
     | U4183                | A v -> ZN ^  | OAI21_X1  | 0.036 |   1.120 |    2.400 | 
     | U4263                | S ^ -> Z v   | MUX2_X1   | 0.065 |   1.185 |    2.465 | 
     | U4264                | A v -> ZN v  | XNOR2_X1  | 0.041 |   1.226 |    2.506 | 
     | U4265                | B v -> ZN v  | XNOR2_X1  | 0.056 |   1.283 |    2.562 | 
     | U4273                | A v -> ZN ^  | INV_X1    | 0.018 |   1.300 |    2.580 | 
     | U4274                | A1 ^ -> ZN v | NAND3_X1  | 0.028 |   1.328 |    2.608 | 
     | U4278                | A1 v -> ZN ^ | NAND2_X1  | 0.023 |   1.351 |    2.631 | 
     | U4279                | B ^ -> ZN ^  | XNOR2_X1  | 0.041 |   1.392 |    2.672 | 
     | U4280                | A ^ -> Z ^   | XOR2_X1   | 0.072 |   1.464 |    2.744 | 
     | U4295                | A ^ -> S v   | FA_X1     | 0.104 |   1.568 |    2.848 | 
     | U4302                | B v -> Z v   | XOR2_X1   | 0.066 |   1.634 |    2.914 | 
     | U4303                | A v -> ZN ^  | OAI21_X1  | 0.027 |   1.662 |    2.941 | 
     | U4304                | A ^ -> ZN v  | OAI21_X1  | 0.032 |   1.693 |    2.973 | 
     | U4305                | A2 v -> ZN ^ | NOR2_X1   | 0.039 |   1.732 |    3.011 | 
     | U4306                | A2 ^ -> ZN v | NOR2_X1   | 0.014 |   1.746 |    3.026 | 
     | U4353                | A v -> ZN v  | XNOR2_X1  | 0.042 |   1.789 |    3.068 | 
     | U4357                | A v -> Z v   | XOR2_X1   | 0.057 |   1.846 |    3.125 | 
     | U4360                | B v -> ZN ^  | AOI211_X1 | 0.065 |   1.911 |    3.190 | 
     | U4361                | A ^ -> ZN v  | INV_X1    | 0.010 |   1.920 |    3.200 | 
     | U4362                | A v -> ZN ^  | OAI21_X1  | 0.049 |   1.970 |    3.249 | 
     | U4563                | C2 ^ -> ZN v | OAI211_X1 | 0.039 |   2.008 |    3.288 | 
     | U4053                | C2 v -> ZN ^ | OAI221_X1 | 0.098 |   2.106 |    3.385 | 
     | U4802                | A1 ^ -> ZN v | NAND4_X1  | 0.042 |   2.148 |    3.427 | 
     | U4804                | B2 v -> ZN ^ | AOI21_X1  | 0.091 |   2.239 |    3.519 | 
     | U4805                | A ^ -> ZN v  | INV_X1    | 0.025 |   2.264 |    3.544 | 
     | U5119                | B1 v -> ZN ^ | AOI221_X1 | 0.090 |   2.354 |    3.634 | 
     | U5120                | A ^ -> ZN v  | INV_X1    | 0.013 |   2.367 |    3.646 | 
     | U5500                | A1 v -> ZN v | OR3_X1    | 0.067 |   2.435 |    3.714 | 
     | U5503                | C2 v -> ZN ^ | AOI211_X1 | 0.046 |   2.481 |    3.760 | 
     | U5504                | A2 ^ -> ZN v | NOR2_X1   | 0.022 |   2.503 |    3.782 | 
     | U5825                | C1 v -> ZN ^ | AOI211_X1 | 0.044 |   2.547 |    3.827 | 
     | U5915                | B2 ^ -> ZN v | OAI21_X1  | 0.024 |   2.571 |    3.850 | 
     | U5917                | A1 v -> ZN ^ | NAND2_X1  | 0.026 |   2.597 |    3.876 | 
     | U6169                | A2 ^ -> ZN v | NAND3_X1  | 0.022 |   2.619 |    3.899 | 
     | U4030                | A1 v -> ZN ^ | NAND2_X1  | 0.037 |   2.656 |    3.936 | 
     | U6727                | C2 ^ -> ZN v | OAI211_X1 | 0.032 |   2.688 |    3.968 | 
     | U6730                | A v -> ZN ^  | OAI211_X1 | 0.028 |   2.716 |    3.996 | 
     | U6731                | A ^ -> ZN v  | OAI21_X1  | 0.024 |   2.740 |    4.020 | 
     | U4052                | B2 v -> ZN ^ | OAI21_X1  | 0.099 |   2.839 |    4.118 | 
     | U7202                | B2 ^ -> ZN v | OAI221_X1 | 0.043 |   2.882 |    4.161 | 
     | U7205                | C2 v -> ZN ^ | OAI211_X1 | 0.056 |   2.937 |    4.217 | 
     | U7206                | A ^ -> ZN v  | INV_X1    | 0.011 |   2.948 |    4.228 | 
     | U7207                | A1 v -> ZN ^ | NAND3_X1  | 0.023 |   2.971 |    4.251 | 
     | U7208                | A ^ -> ZN v  | INV_X1    | 0.008 |   2.979 |    4.258 | 
     | U7209                | A2 v -> ZN v | AND4_X1   | 0.036 |   3.015 |    4.294 | 
     | U4051                | A v -> ZN ^  | AOI211_X2 | 0.103 |   3.118 |    4.397 | 
     | U7774                | A ^ -> ZN v  | OAI21_X1  | 0.031 |   3.149 |    4.428 | 
     | U7775                | C2 v -> ZN ^ | AOI211_X1 | 0.048 |   3.197 |    4.476 | 
     | U7776                | A ^ -> ZN v  | AOI221_X1 | 0.027 |   3.223 |    4.503 | 
     | U7777                | A1 v -> ZN ^ | NOR2_X1   | 0.030 |   3.253 |    4.533 | 
     | U7778                | C2 ^ -> ZN v | OAI211_X1 | 0.025 |   3.278 |    4.557 | 
     | U7780                | B2 v -> ZN ^ | AOI21_X1  | 0.045 |   3.323 |    4.602 | 
     | U3649                | A1 ^ -> ZN v | NOR2_X1   | 0.023 |   3.346 |    4.625 | 
     | U3651                | B1 v -> ZN ^ | AOI222_X1 | 0.080 |   3.426 |    4.705 | 
     | U3652                | A ^ -> ZN v  | INV_X1    | 0.008 |   3.434 |    4.713 | 
     | p_reg_Y_temp_reg_63_ | D v          | DFF_X1    | 0.000 |   3.434 |    4.713 | 
     +------------------------------------------------------------------------------+ 
Path 4: MET Setup Check with Pin p_reg_Y_temp_reg_60_/CK 
Endpoint:   p_reg_Y_temp_reg_60_/D (v) checked with  leading edge of 'CLK'
Beginpoint: B_reg_Y_temp_reg_3_/Q  (v) triggered by  leading edge of 'CLK'
Path Groups: {CLK}
Analysis View: default
Other End Arrival Time          0.050
- Setup                         0.028
+ Phase Shift                   4.739
- Uncertainty                   0.050
= Required Time                 4.711
- Arrival Time                  3.405
= Slack Time                    1.306
     Clock Rise Edge                 0.000
     + Clock Network Latency (Ideal) 0.050
     = Beginpoint Arrival Time       0.050
     +------------------------------------------------------------------------------+ 
     |       Instance       |     Arc      |   Cell    | Delay | Arrival | Required | 
     |                      |              |           |       |  Time   |   Time   | 
     |----------------------+--------------+-----------+-------+---------+----------| 
     | B_reg_Y_temp_reg_3_  | CK ^         |           |       |   0.050 |    1.356 | 
     | B_reg_Y_temp_reg_3_  | CK ^ -> Q v  | DFF_X1    | 0.119 |   0.169 |    1.475 | 
     | U4095                | A2 v -> ZN ^ | NAND2_X1  | 0.037 |   0.206 |    1.512 | 
     | U4096                | A ^ -> ZN v  | INV_X1    | 0.013 |   0.219 |    1.525 | 
     | U4115                | A1 v -> ZN ^ | NOR2_X1   | 0.053 |   0.272 |    1.578 | 
     | FE_OFC30_n7605       | A ^ -> Z ^   | CLKBUF_X1 | 0.145 |   0.417 |    1.723 | 
     | U4033                | A ^ -> ZN v  | INV_X2    | 0.079 |   0.496 |    1.802 | 
     | U4116                | B2 v -> ZN ^ | AOI22_X1  | 0.096 |   0.592 |    1.897 | 
     | U4042                | B ^ -> Z ^   | XOR2_X1   | 0.109 |   0.701 |    2.007 | 
     | FE_OFC66_n7610       | A ^ -> Z ^   | CLKBUF_X1 | 0.146 |   0.847 |    2.153 | 
     | U4003                | A ^ -> ZN v  | INV_X4    | 0.080 |   0.927 |    2.233 | 
     | U4118                | B v -> Z v   | XOR2_X1   | 0.091 |   1.018 |    2.324 | 
     | U4181                | A2 v -> ZN ^ | AOI22_X1  | 0.044 |   1.062 |    2.368 | 
     | U4182                | A ^ -> ZN v  | OAI21_X1  | 0.023 |   1.085 |    2.391 | 
     | U4183                | A v -> ZN ^  | OAI21_X1  | 0.036 |   1.120 |    2.426 | 
     | U4263                | S ^ -> Z v   | MUX2_X1   | 0.065 |   1.185 |    2.491 | 
     | U4264                | A v -> ZN v  | XNOR2_X1  | 0.041 |   1.226 |    2.532 | 
     | U4265                | B v -> ZN v  | XNOR2_X1  | 0.056 |   1.283 |    2.588 | 
     | U4273                | A v -> ZN ^  | INV_X1    | 0.018 |   1.300 |    2.606 | 
     | U4274                | A1 ^ -> ZN v | NAND3_X1  | 0.028 |   1.328 |    2.634 | 
     | U4278                | A1 v -> ZN ^ | NAND2_X1  | 0.023 |   1.351 |    2.657 | 
     | U4279                | B ^ -> ZN ^  | XNOR2_X1  | 0.041 |   1.392 |    2.698 | 
     | U4280                | A ^ -> Z ^   | XOR2_X1   | 0.072 |   1.464 |    2.770 | 
     | U4295                | A ^ -> S v   | FA_X1     | 0.104 |   1.568 |    2.874 | 
     | U4302                | B v -> Z v   | XOR2_X1   | 0.066 |   1.634 |    2.940 | 
     | U4303                | A v -> ZN ^  | OAI21_X1  | 0.027 |   1.662 |    2.967 | 
     | U4304                | A ^ -> ZN v  | OAI21_X1  | 0.032 |   1.693 |    2.999 | 
     | U4305                | A2 v -> ZN ^ | NOR2_X1   | 0.039 |   1.732 |    3.038 | 
     | U4306                | A2 ^ -> ZN v | NOR2_X1   | 0.014 |   1.746 |    3.052 | 
     | U4353                | A v -> ZN v  | XNOR2_X1  | 0.042 |   1.789 |    3.094 | 
     | U4357                | A v -> Z v   | XOR2_X1   | 0.057 |   1.846 |    3.152 | 
     | U4360                | B v -> ZN ^  | AOI211_X1 | 0.065 |   1.911 |    3.216 | 
     | U4361                | A ^ -> ZN v  | INV_X1    | 0.010 |   1.920 |    3.226 | 
     | U4362                | A v -> ZN ^  | OAI21_X1  | 0.049 |   1.970 |    3.276 | 
     | U4563                | C2 ^ -> ZN v | OAI211_X1 | 0.039 |   2.008 |    3.314 | 
     | U4053                | C2 v -> ZN ^ | OAI221_X1 | 0.098 |   2.106 |    3.412 | 
     | U4802                | A1 ^ -> ZN v | NAND4_X1  | 0.042 |   2.148 |    3.454 | 
     | U4804                | B2 v -> ZN ^ | AOI21_X1  | 0.091 |   2.239 |    3.545 | 
     | U4805                | A ^ -> ZN v  | INV_X1    | 0.025 |   2.264 |    3.570 | 
     | U5119                | B1 v -> ZN ^ | AOI221_X1 | 0.090 |   2.354 |    3.660 | 
     | U5120                | A ^ -> ZN v  | INV_X1    | 0.013 |   2.367 |    3.673 | 
     | U5500                | A1 v -> ZN v | OR3_X1    | 0.067 |   2.434 |    3.740 | 
     | U5503                | C2 v -> ZN ^ | AOI211_X1 | 0.046 |   2.481 |    3.787 | 
     | U5504                | A2 ^ -> ZN v | NOR2_X1   | 0.022 |   2.503 |    3.809 | 
     | U5825                | C1 v -> ZN ^ | AOI211_X1 | 0.044 |   2.547 |    3.853 | 
     | U5915                | B2 ^ -> ZN v | OAI21_X1  | 0.024 |   2.571 |    3.877 | 
     | U5917                | A1 v -> ZN ^ | NAND2_X1  | 0.026 |   2.597 |    3.903 | 
     | U6169                | A2 ^ -> ZN v | NAND3_X1  | 0.022 |   2.619 |    3.925 | 
     | U4030                | A1 v -> ZN ^ | NAND2_X1  | 0.037 |   2.656 |    3.962 | 
     | U6727                | C2 ^ -> ZN v | OAI211_X1 | 0.032 |   2.688 |    3.994 | 
     | U6730                | A v -> ZN ^  | OAI211_X1 | 0.028 |   2.716 |    4.022 | 
     | U6731                | A ^ -> ZN v  | OAI21_X1  | 0.024 |   2.740 |    4.046 | 
     | U4052                | B2 v -> ZN ^ | OAI21_X1  | 0.099 |   2.839 |    4.145 | 
     | U7202                | B2 ^ -> ZN v | OAI221_X1 | 0.043 |   2.882 |    4.188 | 
     | U7205                | C2 v -> ZN ^ | OAI211_X1 | 0.056 |   2.937 |    4.243 | 
     | U7206                | A ^ -> ZN v  | INV_X1    | 0.011 |   2.948 |    4.254 | 
     | U7207                | A1 v -> ZN ^ | NAND3_X1  | 0.023 |   2.971 |    4.277 | 
     | U7208                | A ^ -> ZN v  | INV_X1    | 0.008 |   2.979 |    4.285 | 
     | U7209                | A2 v -> ZN v | AND4_X1   | 0.036 |   3.015 |    4.321 | 
     | U4051                | A v -> ZN ^  | AOI211_X2 | 0.103 |   3.118 |    4.424 | 
     | U7774                | A ^ -> ZN v  | OAI21_X1  | 0.031 |   3.149 |    4.455 | 
     | U7775                | C2 v -> ZN ^ | AOI211_X1 | 0.048 |   3.197 |    4.503 | 
     | U7776                | A ^ -> ZN v  | AOI221_X1 | 0.027 |   3.223 |    4.529 | 
     | U7777                | A1 v -> ZN ^ | NOR2_X1   | 0.030 |   3.253 |    4.559 | 
     | U7778                | C2 ^ -> ZN v | OAI211_X1 | 0.025 |   3.278 |    4.584 | 
     | U7780                | B2 v -> ZN ^ | AOI21_X1  | 0.045 |   3.323 |    4.629 | 
     | U3649                | A1 ^ -> ZN v | NOR2_X1   | 0.023 |   3.346 |    4.652 | 
     | U3657                | A1 v -> ZN ^ | AOI22_X1  | 0.037 |   3.383 |    4.689 | 
     | U3658                | A ^ -> ZN v  | OAI21_X1  | 0.022 |   3.405 |    4.711 | 
     | p_reg_Y_temp_reg_60_ | D v          | DFF_X1    | 0.000 |   3.405 |    4.711 | 
     +------------------------------------------------------------------------------+ 
Path 5: MET Setup Check with Pin p_reg_Y_temp_reg_58_/CK 
Endpoint:   p_reg_Y_temp_reg_58_/D (v) checked with  leading edge of 'CLK'
Beginpoint: B_reg_Y_temp_reg_3_/Q  (v) triggered by  leading edge of 'CLK'
Path Groups: {CLK}
Analysis View: default
Other End Arrival Time          0.050
- Setup                         0.026
+ Phase Shift                   4.739
- Uncertainty                   0.050
= Required Time                 4.713
- Arrival Time                  3.362
= Slack Time                    1.351
     Clock Rise Edge                 0.000
     + Clock Network Latency (Ideal) 0.050
     = Beginpoint Arrival Time       0.050
     +------------------------------------------------------------------------------+ 
     |       Instance       |     Arc      |   Cell    | Delay | Arrival | Required | 
     |                      |              |           |       |  Time   |   Time   | 
     |----------------------+--------------+-----------+-------+---------+----------| 
     | B_reg_Y_temp_reg_3_  | CK ^         |           |       |   0.050 |    1.401 | 
     | B_reg_Y_temp_reg_3_  | CK ^ -> Q v  | DFF_X1    | 0.119 |   0.169 |    1.519 | 
     | U4095                | A2 v -> ZN ^ | NAND2_X1  | 0.037 |   0.206 |    1.557 | 
     | U4096                | A ^ -> ZN v  | INV_X1    | 0.013 |   0.219 |    1.570 | 
     | U4115                | A1 v -> ZN ^ | NOR2_X1   | 0.053 |   0.272 |    1.623 | 
     | FE_OFC30_n7605       | A ^ -> Z ^   | CLKBUF_X1 | 0.145 |   0.417 |    1.767 | 
     | U4033                | A ^ -> ZN v  | INV_X2    | 0.079 |   0.496 |    1.846 | 
     | U4116                | B2 v -> ZN ^ | AOI22_X1  | 0.096 |   0.591 |    1.942 | 
     | U4042                | B ^ -> Z ^   | XOR2_X1   | 0.109 |   0.701 |    2.052 | 
     | FE_OFC66_n7610       | A ^ -> Z ^   | CLKBUF_X1 | 0.146 |   0.847 |    2.198 | 
     | U4003                | A ^ -> ZN v  | INV_X4    | 0.080 |   0.927 |    2.277 | 
     | U4118                | B v -> Z v   | XOR2_X1   | 0.091 |   1.018 |    2.368 | 
     | U4181                | A2 v -> ZN ^ | AOI22_X1  | 0.044 |   1.062 |    2.413 | 
     | U4182                | A ^ -> ZN v  | OAI21_X1  | 0.023 |   1.085 |    2.435 | 
     | U4183                | A v -> ZN ^  | OAI21_X1  | 0.036 |   1.120 |    2.471 | 
     | U4263                | S ^ -> Z v   | MUX2_X1   | 0.065 |   1.185 |    2.536 | 
     | U4264                | A v -> ZN v  | XNOR2_X1  | 0.041 |   1.226 |    2.577 | 
     | U4265                | B v -> ZN v  | XNOR2_X1  | 0.056 |   1.282 |    2.633 | 
     | U4273                | A v -> ZN ^  | INV_X1    | 0.018 |   1.300 |    2.651 | 
     | U4274                | A1 ^ -> ZN v | NAND3_X1  | 0.028 |   1.328 |    2.679 | 
     | U4278                | A1 v -> ZN ^ | NAND2_X1  | 0.023 |   1.351 |    2.702 | 
     | U4279                | B ^ -> ZN ^  | XNOR2_X1  | 0.041 |   1.392 |    2.743 | 
     | U4280                | A ^ -> Z ^   | XOR2_X1   | 0.072 |   1.464 |    2.815 | 
     | U4295                | A ^ -> S v   | FA_X1     | 0.104 |   1.568 |    2.919 | 
     | U4302                | B v -> Z v   | XOR2_X1   | 0.066 |   1.634 |    2.985 | 
     | U4303                | A v -> ZN ^  | OAI21_X1  | 0.027 |   1.662 |    3.012 | 
     | U4304                | A ^ -> ZN v  | OAI21_X1  | 0.032 |   1.693 |    3.044 | 
     | U4305                | A2 v -> ZN ^ | NOR2_X1   | 0.039 |   1.732 |    3.082 | 
     | U4306                | A2 ^ -> ZN v | NOR2_X1   | 0.014 |   1.746 |    3.097 | 
     | U4353                | A v -> ZN v  | XNOR2_X1  | 0.042 |   1.789 |    3.139 | 
     | U4357                | A v -> Z v   | XOR2_X1   | 0.057 |   1.846 |    3.196 | 
     | U4360                | B v -> ZN ^  | AOI211_X1 | 0.065 |   1.910 |    3.261 | 
     | U4361                | A ^ -> ZN v  | INV_X1    | 0.010 |   1.920 |    3.271 | 
     | U4362                | A v -> ZN ^  | OAI21_X1  | 0.049 |   1.970 |    3.320 | 
     | U4563                | C2 ^ -> ZN v | OAI211_X1 | 0.039 |   2.008 |    3.359 | 
     | U4053                | C2 v -> ZN ^ | OAI221_X1 | 0.098 |   2.106 |    3.456 | 
     | U4802                | A1 ^ -> ZN v | NAND4_X1  | 0.042 |   2.148 |    3.499 | 
     | U4804                | B2 v -> ZN ^ | AOI21_X1  | 0.091 |   2.239 |    3.590 | 
     | U4805                | A ^ -> ZN v  | INV_X1    | 0.025 |   2.264 |    3.615 | 
     | U5119                | B1 v -> ZN ^ | AOI221_X1 | 0.090 |   2.354 |    3.705 | 
     | U5120                | A ^ -> ZN v  | INV_X1    | 0.013 |   2.367 |    3.718 | 
     | U5500                | A1 v -> ZN v | OR3_X1    | 0.067 |   2.434 |    3.785 | 
     | U5503                | C2 v -> ZN ^ | AOI211_X1 | 0.046 |   2.481 |    3.832 | 
     | U5504                | A2 ^ -> ZN v | NOR2_X1   | 0.022 |   2.503 |    3.854 | 
     | U5825                | C1 v -> ZN ^ | AOI211_X1 | 0.044 |   2.547 |    3.898 | 
     | U5915                | B2 ^ -> ZN v | OAI21_X1  | 0.024 |   2.571 |    3.921 | 
     | U5917                | A1 v -> ZN ^ | NAND2_X1  | 0.026 |   2.597 |    3.947 | 
     | U6169                | A2 ^ -> ZN v | NAND3_X1  | 0.022 |   2.619 |    3.970 | 
     | U4030                | A1 v -> ZN ^ | NAND2_X1  | 0.037 |   2.656 |    4.007 | 
     | U6727                | C2 ^ -> ZN v | OAI211_X1 | 0.032 |   2.688 |    4.039 | 
     | U6730                | A v -> ZN ^  | OAI211_X1 | 0.028 |   2.716 |    4.067 | 
     | U6731                | A ^ -> ZN v  | OAI21_X1  | 0.024 |   2.740 |    4.091 | 
     | U4052                | B2 v -> ZN ^ | OAI21_X1  | 0.099 |   2.839 |    4.190 | 
     | U7202                | B2 ^ -> ZN v | OAI221_X1 | 0.043 |   2.882 |    4.232 | 
     | U7205                | C2 v -> ZN ^ | OAI211_X1 | 0.056 |   2.937 |    4.288 | 
     | U7206                | A ^ -> ZN v  | INV_X1    | 0.011 |   2.948 |    4.299 | 
     | U7207                | A1 v -> ZN ^ | NAND3_X1  | 0.023 |   2.971 |    4.322 | 
     | U7208                | A ^ -> ZN v  | INV_X1    | 0.008 |   2.979 |    4.330 | 
     | U7209                | A2 v -> ZN v | AND4_X1   | 0.036 |   3.015 |    4.365 | 
     | U4051                | A v -> ZN ^  | AOI211_X2 | 0.103 |   3.118 |    4.469 | 
     | U7774                | A ^ -> ZN v  | OAI21_X1  | 0.031 |   3.149 |    4.499 | 
     | U7775                | C2 v -> ZN ^ | AOI211_X1 | 0.048 |   3.197 |    4.547 | 
     | U7776                | A ^ -> ZN v  | AOI221_X1 | 0.027 |   3.223 |    4.574 | 
     | U3660                | A1 v -> ZN v | AND2_X1   | 0.043 |   3.267 |    4.617 | 
     | U3663                | C1 v -> ZN ^ | AOI222_X1 | 0.088 |   3.355 |    4.705 | 
     | U3664                | A ^ -> ZN v  | INV_X1    | 0.008 |   3.362 |    4.713 | 
     | p_reg_Y_temp_reg_58_ | D v          | DFF_X1    | 0.000 |   3.362 |    4.713 | 
     +------------------------------------------------------------------------------+ 
Path 6: MET Setup Check with Pin p_reg_Y_temp_reg_57_/CK 
Endpoint:   p_reg_Y_temp_reg_57_/D (v) checked with  leading edge of 'CLK'
Beginpoint: B_reg_Y_temp_reg_3_/Q  (v) triggered by  leading edge of 'CLK'
Path Groups: {CLK}
Analysis View: default
Other End Arrival Time          0.050
- Setup                         0.026
+ Phase Shift                   4.739
- Uncertainty                   0.050
= Required Time                 4.713
- Arrival Time                  3.361
= Slack Time                    1.352
     Clock Rise Edge                 0.000
     + Clock Network Latency (Ideal) 0.050
     = Beginpoint Arrival Time       0.050
     +------------------------------------------------------------------------------+ 
     |       Instance       |     Arc      |   Cell    | Delay | Arrival | Required | 
     |                      |              |           |       |  Time   |   Time   | 
     |----------------------+--------------+-----------+-------+---------+----------| 
     | B_reg_Y_temp_reg_3_  | CK ^         |           |       |   0.050 |    1.402 | 
     | B_reg_Y_temp_reg_3_  | CK ^ -> Q v  | DFF_X1    | 0.119 |   0.169 |    1.521 | 
     | U4095                | A2 v -> ZN ^ | NAND2_X1  | 0.037 |   0.206 |    1.558 | 
     | U4096                | A ^ -> ZN v  | INV_X1    | 0.013 |   0.219 |    1.572 | 
     | U4115                | A1 v -> ZN ^ | NOR2_X1   | 0.053 |   0.272 |    1.624 | 
     | FE_OFC30_n7605       | A ^ -> Z ^   | CLKBUF_X1 | 0.145 |   0.417 |    1.769 | 
     | U4033                | A ^ -> ZN v  | INV_X2    | 0.079 |   0.496 |    1.848 | 
     | U4116                | B2 v -> ZN ^ | AOI22_X1  | 0.096 |   0.591 |    1.944 | 
     | U4042                | B ^ -> Z ^   | XOR2_X1   | 0.109 |   0.701 |    2.053 | 
     | FE_OFC66_n7610       | A ^ -> Z ^   | CLKBUF_X1 | 0.146 |   0.847 |    2.199 | 
     | U4003                | A ^ -> ZN v  | INV_X4    | 0.080 |   0.927 |    2.279 | 
     | U4118                | B v -> Z v   | XOR2_X1   | 0.091 |   1.018 |    2.370 | 
     | U4181                | A2 v -> ZN ^ | AOI22_X1  | 0.044 |   1.062 |    2.414 | 
     | U4182                | A ^ -> ZN v  | OAI21_X1  | 0.023 |   1.085 |    2.437 | 
     | U4183                | A v -> ZN ^  | OAI21_X1  | 0.036 |   1.120 |    2.473 | 
     | U4263                | S ^ -> Z v   | MUX2_X1   | 0.065 |   1.185 |    2.538 | 
     | U4264                | A v -> ZN v  | XNOR2_X1  | 0.041 |   1.226 |    2.578 | 
     | U4265                | B v -> ZN v  | XNOR2_X1  | 0.056 |   1.282 |    2.635 | 
     | U4273                | A v -> ZN ^  | INV_X1    | 0.018 |   1.300 |    2.652 | 
     | U4274                | A1 ^ -> ZN v | NAND3_X1  | 0.028 |   1.328 |    2.680 | 
     | U4278                | A1 v -> ZN ^ | NAND2_X1  | 0.023 |   1.351 |    2.703 | 
     | U4279                | B ^ -> ZN ^  | XNOR2_X1  | 0.041 |   1.392 |    2.744 | 
     | U4280                | A ^ -> Z ^   | XOR2_X1   | 0.072 |   1.464 |    2.817 | 
     | U4295                | A ^ -> S v   | FA_X1     | 0.104 |   1.568 |    2.920 | 
     | U4302                | B v -> Z v   | XOR2_X1   | 0.066 |   1.634 |    2.986 | 
     | U4303                | A v -> ZN ^  | OAI21_X1  | 0.027 |   1.662 |    3.014 | 
     | U4304                | A ^ -> ZN v  | OAI21_X1  | 0.032 |   1.693 |    3.045 | 
     | U4305                | A2 v -> ZN ^ | NOR2_X1   | 0.039 |   1.732 |    3.084 | 
     | U4306                | A2 ^ -> ZN v | NOR2_X1   | 0.014 |   1.746 |    3.098 | 
     | U4353                | A v -> ZN v  | XNOR2_X1  | 0.042 |   1.789 |    3.141 | 
     | U4357                | A v -> Z v   | XOR2_X1   | 0.057 |   1.846 |    3.198 | 
     | U4360                | B v -> ZN ^  | AOI211_X1 | 0.065 |   1.910 |    3.263 | 
     | U4361                | A ^ -> ZN v  | INV_X1    | 0.010 |   1.920 |    3.273 | 
     | U4362                | A v -> ZN ^  | OAI21_X1  | 0.049 |   1.970 |    3.322 | 
     | U4563                | C2 ^ -> ZN v | OAI211_X1 | 0.039 |   2.008 |    3.361 | 
     | U4053                | C2 v -> ZN ^ | OAI221_X1 | 0.098 |   2.106 |    3.458 | 
     | U4802                | A1 ^ -> ZN v | NAND4_X1  | 0.042 |   2.148 |    3.500 | 
     | U4804                | B2 v -> ZN ^ | AOI21_X1  | 0.091 |   2.239 |    3.592 | 
     | U4805                | A ^ -> ZN v  | INV_X1    | 0.025 |   2.264 |    3.616 | 
     | U5119                | B1 v -> ZN ^ | AOI221_X1 | 0.090 |   2.354 |    3.706 | 
     | U5120                | A ^ -> ZN v  | INV_X1    | 0.013 |   2.367 |    3.719 | 
     | U5500                | A1 v -> ZN v | OR3_X1    | 0.067 |   2.434 |    3.787 | 
     | U5503                | C2 v -> ZN ^ | AOI211_X1 | 0.046 |   2.481 |    3.833 | 
     | U5504                | A2 ^ -> ZN v | NOR2_X1   | 0.022 |   2.503 |    3.855 | 
     | U5825                | C1 v -> ZN ^ | AOI211_X1 | 0.044 |   2.547 |    3.899 | 
     | U5915                | B2 ^ -> ZN v | OAI21_X1  | 0.024 |   2.571 |    3.923 | 
     | U5917                | A1 v -> ZN ^ | NAND2_X1  | 0.026 |   2.597 |    3.949 | 
     | U6169                | A2 ^ -> ZN v | NAND3_X1  | 0.022 |   2.619 |    3.972 | 
     | U4030                | A1 v -> ZN ^ | NAND2_X1  | 0.037 |   2.656 |    4.008 | 
     | U6727                | C2 ^ -> ZN v | OAI211_X1 | 0.032 |   2.688 |    4.041 | 
     | U6730                | A v -> ZN ^  | OAI211_X1 | 0.028 |   2.716 |    4.069 | 
     | U6731                | A ^ -> ZN v  | OAI21_X1  | 0.024 |   2.740 |    4.093 | 
     | U4052                | B2 v -> ZN ^ | OAI21_X1  | 0.099 |   2.839 |    4.191 | 
     | U7202                | B2 ^ -> ZN v | OAI221_X1 | 0.043 |   2.882 |    4.234 | 
     | U7205                | C2 v -> ZN ^ | OAI211_X1 | 0.056 |   2.937 |    4.290 | 
     | U7206                | A ^ -> ZN v  | INV_X1    | 0.011 |   2.948 |    4.300 | 
     | U7207                | A1 v -> ZN ^ | NAND3_X1  | 0.023 |   2.971 |    4.324 | 
     | U7208                | A ^ -> ZN v  | INV_X1    | 0.008 |   2.979 |    4.331 | 
     | U7209                | A2 v -> ZN v | AND4_X1   | 0.036 |   3.015 |    4.367 | 
     | U4051                | A v -> ZN ^  | AOI211_X2 | 0.103 |   3.118 |    4.470 | 
     | U7774                | A ^ -> ZN v  | OAI21_X1  | 0.031 |   3.149 |    4.501 | 
     | U7775                | C2 v -> ZN ^ | AOI211_X1 | 0.048 |   3.197 |    4.549 | 
     | U7776                | A ^ -> ZN v  | AOI221_X1 | 0.027 |   3.223 |    4.576 | 
     | U3660                | A1 v -> ZN v | AND2_X1   | 0.043 |   3.267 |    4.619 | 
     | U3665                | C1 v -> ZN ^ | AOI222_X1 | 0.086 |   3.353 |    4.705 | 
     | U3666                | A ^ -> ZN v  | INV_X1    | 0.008 |   3.361 |    4.713 | 
     | p_reg_Y_temp_reg_57_ | D v          | DFF_X1    | 0.000 |   3.361 |    4.713 | 
     +------------------------------------------------------------------------------+ 
Path 7: MET Setup Check with Pin p_reg_Y_temp_reg_59_/CK 
Endpoint:   p_reg_Y_temp_reg_59_/D (v) checked with  leading edge of 'CLK'
Beginpoint: B_reg_Y_temp_reg_3_/Q  (v) triggered by  leading edge of 'CLK'
Path Groups: {CLK}
Analysis View: default
Other End Arrival Time          0.050
- Setup                         0.026
+ Phase Shift                   4.739
- Uncertainty                   0.050
= Required Time                 4.713
- Arrival Time                  3.361
= Slack Time                    1.352
     Clock Rise Edge                 0.000
     + Clock Network Latency (Ideal) 0.050
     = Beginpoint Arrival Time       0.050
     +------------------------------------------------------------------------------+ 
     |       Instance       |     Arc      |   Cell    | Delay | Arrival | Required | 
     |                      |              |           |       |  Time   |   Time   | 
     |----------------------+--------------+-----------+-------+---------+----------| 
     | B_reg_Y_temp_reg_3_  | CK ^         |           |       |   0.050 |    1.402 | 
     | B_reg_Y_temp_reg_3_  | CK ^ -> Q v  | DFF_X1    | 0.119 |   0.169 |    1.521 | 
     | U4095                | A2 v -> ZN ^ | NAND2_X1  | 0.037 |   0.206 |    1.559 | 
     | U4096                | A ^ -> ZN v  | INV_X1    | 0.013 |   0.219 |    1.572 | 
     | U4115                | A1 v -> ZN ^ | NOR2_X1   | 0.053 |   0.272 |    1.624 | 
     | FE_OFC30_n7605       | A ^ -> Z ^   | CLKBUF_X1 | 0.145 |   0.417 |    1.769 | 
     | U4033                | A ^ -> ZN v  | INV_X2    | 0.079 |   0.496 |    1.848 | 
     | U4116                | B2 v -> ZN ^ | AOI22_X1  | 0.096 |   0.592 |    1.944 | 
     | U4042                | B ^ -> Z ^   | XOR2_X1   | 0.109 |   0.701 |    2.053 | 
     | FE_OFC66_n7610       | A ^ -> Z ^   | CLKBUF_X1 | 0.146 |   0.847 |    2.199 | 
     | U4003                | A ^ -> ZN v  | INV_X4    | 0.080 |   0.927 |    2.279 | 
     | U4118                | B v -> Z v   | XOR2_X1   | 0.091 |   1.018 |    2.370 | 
     | U4181                | A2 v -> ZN ^ | AOI22_X1  | 0.044 |   1.062 |    2.414 | 
     | U4182                | A ^ -> ZN v  | OAI21_X1  | 0.023 |   1.085 |    2.437 | 
     | U4183                | A v -> ZN ^  | OAI21_X1  | 0.036 |   1.120 |    2.473 | 
     | U4263                | S ^ -> Z v   | MUX2_X1   | 0.065 |   1.185 |    2.538 | 
     | U4264                | A v -> ZN v  | XNOR2_X1  | 0.041 |   1.226 |    2.578 | 
     | U4265                | B v -> ZN v  | XNOR2_X1  | 0.056 |   1.283 |    2.635 | 
     | U4273                | A v -> ZN ^  | INV_X1    | 0.018 |   1.300 |    2.652 | 
     | U4274                | A1 ^ -> ZN v | NAND3_X1  | 0.028 |   1.328 |    2.681 | 
     | U4278                | A1 v -> ZN ^ | NAND2_X1  | 0.023 |   1.351 |    2.703 | 
     | U4279                | B ^ -> ZN ^  | XNOR2_X1  | 0.041 |   1.392 |    2.745 | 
     | U4280                | A ^ -> Z ^   | XOR2_X1   | 0.072 |   1.464 |    2.817 | 
     | U4295                | A ^ -> S v   | FA_X1     | 0.104 |   1.568 |    2.921 | 
     | U4302                | B v -> Z v   | XOR2_X1   | 0.066 |   1.634 |    2.987 | 
     | U4303                | A v -> ZN ^  | OAI21_X1  | 0.027 |   1.662 |    3.014 | 
     | U4304                | A ^ -> ZN v  | OAI21_X1  | 0.032 |   1.693 |    3.046 | 
     | U4305                | A2 v -> ZN ^ | NOR2_X1   | 0.039 |   1.732 |    3.084 | 
     | U4306                | A2 ^ -> ZN v | NOR2_X1   | 0.014 |   1.746 |    3.099 | 
     | U4353                | A v -> ZN v  | XNOR2_X1  | 0.042 |   1.789 |    3.141 | 
     | U4357                | A v -> Z v   | XOR2_X1   | 0.057 |   1.846 |    3.198 | 
     | U4360                | B v -> ZN ^  | AOI211_X1 | 0.065 |   1.911 |    3.263 | 
     | U4361                | A ^ -> ZN v  | INV_X1    | 0.010 |   1.920 |    3.273 | 
     | U4362                | A v -> ZN ^  | OAI21_X1  | 0.049 |   1.970 |    3.322 | 
     | U4563                | C2 ^ -> ZN v | OAI211_X1 | 0.039 |   2.008 |    3.361 | 
     | U4053                | C2 v -> ZN ^ | OAI221_X1 | 0.098 |   2.106 |    3.458 | 
     | U4802                | A1 ^ -> ZN v | NAND4_X1  | 0.042 |   2.148 |    3.500 | 
     | U4804                | B2 v -> ZN ^ | AOI21_X1  | 0.091 |   2.239 |    3.592 | 
     | U4805                | A ^ -> ZN v  | INV_X1    | 0.025 |   2.264 |    3.616 | 
     | U5119                | B1 v -> ZN ^ | AOI221_X1 | 0.090 |   2.354 |    3.707 | 
     | U5120                | A ^ -> ZN v  | INV_X1    | 0.013 |   2.367 |    3.719 | 
     | U5500                | A1 v -> ZN v | OR3_X1    | 0.067 |   2.434 |    3.787 | 
     | U5503                | C2 v -> ZN ^ | AOI211_X1 | 0.046 |   2.481 |    3.833 | 
     | U5504                | A2 ^ -> ZN v | NOR2_X1   | 0.022 |   2.503 |    3.855 | 
     | U5825                | C1 v -> ZN ^ | AOI211_X1 | 0.044 |   2.547 |    3.899 | 
     | U5915                | B2 ^ -> ZN v | OAI21_X1  | 0.024 |   2.571 |    3.923 | 
     | U5917                | A1 v -> ZN ^ | NAND2_X1  | 0.026 |   2.597 |    3.949 | 
     | U6169                | A2 ^ -> ZN v | NAND3_X1  | 0.022 |   2.619 |    3.972 | 
     | U4030                | A1 v -> ZN ^ | NAND2_X1  | 0.037 |   2.656 |    4.008 | 
     | U6727                | C2 ^ -> ZN v | OAI211_X1 | 0.032 |   2.688 |    4.041 | 
     | U6730                | A v -> ZN ^  | OAI211_X1 | 0.028 |   2.716 |    4.069 | 
     | U6731                | A ^ -> ZN v  | OAI21_X1  | 0.024 |   2.740 |    4.093 | 
     | U4052                | B2 v -> ZN ^ | OAI21_X1  | 0.099 |   2.839 |    4.191 | 
     | U7202                | B2 ^ -> ZN v | OAI221_X1 | 0.043 |   2.882 |    4.234 | 
     | U7205                | C2 v -> ZN ^ | OAI211_X1 | 0.056 |   2.937 |    4.290 | 
     | U7206                | A ^ -> ZN v  | INV_X1    | 0.011 |   2.948 |    4.301 | 
     | U7207                | A1 v -> ZN ^ | NAND3_X1  | 0.023 |   2.971 |    4.324 | 
     | U7208                | A ^ -> ZN v  | INV_X1    | 0.008 |   2.979 |    4.331 | 
     | U7209                | A2 v -> ZN v | AND4_X1   | 0.036 |   3.015 |    4.367 | 
     | U4051                | A v -> ZN ^  | AOI211_X2 | 0.103 |   3.118 |    4.470 | 
     | U7774                | A ^ -> ZN v  | OAI21_X1  | 0.031 |   3.149 |    4.501 | 
     | U7775                | C2 v -> ZN ^ | AOI211_X1 | 0.048 |   3.197 |    4.549 | 
     | U7776                | A ^ -> ZN v  | AOI221_X1 | 0.027 |   3.223 |    4.576 | 
     | U3660                | A1 v -> ZN v | AND2_X1   | 0.043 |   3.267 |    4.619 | 
     | U3661                | C1 v -> ZN ^ | AOI222_X1 | 0.086 |   3.353 |    4.705 | 
     | U3662                | A ^ -> ZN v  | INV_X1    | 0.008 |   3.361 |    4.713 | 
     | p_reg_Y_temp_reg_59_ | D v          | DFF_X1    | 0.000 |   3.361 |    4.713 | 
     +------------------------------------------------------------------------------+ 
Path 8: MET Setup Check with Pin p_reg_Y_temp_reg_56_/CK 
Endpoint:   p_reg_Y_temp_reg_56_/D (v) checked with  leading edge of 'CLK'
Beginpoint: B_reg_Y_temp_reg_3_/Q  (v) triggered by  leading edge of 'CLK'
Path Groups: {CLK}
Analysis View: default
Other End Arrival Time          0.050
- Setup                         0.026
+ Phase Shift                   4.739
- Uncertainty                   0.050
= Required Time                 4.713
- Arrival Time                  3.332
= Slack Time                    1.381
     Clock Rise Edge                 0.000
     + Clock Network Latency (Ideal) 0.050
     = Beginpoint Arrival Time       0.050
     +------------------------------------------------------------------------------+ 
     |       Instance       |     Arc      |   Cell    | Delay | Arrival | Required | 
     |                      |              |           |       |  Time   |   Time   | 
     |----------------------+--------------+-----------+-------+---------+----------| 
     | B_reg_Y_temp_reg_3_  | CK ^         |           |       |   0.050 |    1.431 | 
     | B_reg_Y_temp_reg_3_  | CK ^ -> Q v  | DFF_X1    | 0.119 |   0.169 |    1.550 | 
     | U4095                | A2 v -> ZN ^ | NAND2_X1  | 0.037 |   0.206 |    1.587 | 
     | U4096                | A ^ -> ZN v  | INV_X1    | 0.013 |   0.219 |    1.600 | 
     | U4115                | A1 v -> ZN ^ | NOR2_X1   | 0.053 |   0.272 |    1.653 | 
     | FE_OFC30_n7605       | A ^ -> Z ^   | CLKBUF_X1 | 0.145 |   0.417 |    1.798 | 
     | U4033                | A ^ -> ZN v  | INV_X2    | 0.079 |   0.496 |    1.877 | 
     | U4116                | B2 v -> ZN ^ | AOI22_X1  | 0.096 |   0.591 |    1.972 | 
     | U4042                | B ^ -> Z ^   | XOR2_X1   | 0.109 |   0.701 |    2.082 | 
     | FE_OFC66_n7610       | A ^ -> Z ^   | CLKBUF_X1 | 0.146 |   0.847 |    2.228 | 
     | U4003                | A ^ -> ZN v  | INV_X4    | 0.080 |   0.927 |    2.308 | 
     | U4118                | B v -> Z v   | XOR2_X1   | 0.091 |   1.018 |    2.399 | 
     | U4181                | A2 v -> ZN ^ | AOI22_X1  | 0.044 |   1.062 |    2.443 | 
     | U4182                | A ^ -> ZN v  | OAI21_X1  | 0.023 |   1.085 |    2.466 | 
     | U4183                | A v -> ZN ^  | OAI21_X1  | 0.036 |   1.120 |    2.501 | 
     | U4263                | S ^ -> Z v   | MUX2_X1   | 0.065 |   1.185 |    2.566 | 
     | U4264                | A v -> ZN v  | XNOR2_X1  | 0.041 |   1.226 |    2.607 | 
     | U4265                | B v -> ZN v  | XNOR2_X1  | 0.056 |   1.282 |    2.663 | 
     | U4273                | A v -> ZN ^  | INV_X1    | 0.018 |   1.300 |    2.681 | 
     | U4274                | A1 ^ -> ZN v | NAND3_X1  | 0.028 |   1.328 |    2.709 | 
     | U4278                | A1 v -> ZN ^ | NAND2_X1  | 0.023 |   1.351 |    2.732 | 
     | U4279                | B ^ -> ZN ^  | XNOR2_X1  | 0.041 |   1.392 |    2.773 | 
     | U4280                | A ^ -> Z ^   | XOR2_X1   | 0.072 |   1.464 |    2.845 | 
     | U4295                | A ^ -> S v   | FA_X1     | 0.104 |   1.568 |    2.949 | 
     | U4302                | B v -> Z v   | XOR2_X1   | 0.066 |   1.634 |    3.015 | 
     | U4303                | A v -> ZN ^  | OAI21_X1  | 0.027 |   1.662 |    3.042 | 
     | U4304                | A ^ -> ZN v  | OAI21_X1  | 0.032 |   1.693 |    3.074 | 
     | U4305                | A2 v -> ZN ^ | NOR2_X1   | 0.039 |   1.732 |    3.113 | 
     | U4306                | A2 ^ -> ZN v | NOR2_X1   | 0.014 |   1.746 |    3.127 | 
     | U4353                | A v -> ZN v  | XNOR2_X1  | 0.042 |   1.789 |    3.169 | 
     | U4357                | A v -> Z v   | XOR2_X1   | 0.057 |   1.846 |    3.227 | 
     | U4360                | B v -> ZN ^  | AOI211_X1 | 0.065 |   1.910 |    3.291 | 
     | U4361                | A ^ -> ZN v  | INV_X1    | 0.010 |   1.920 |    3.301 | 
     | U4362                | A v -> ZN ^  | OAI21_X1  | 0.049 |   1.970 |    3.351 | 
     | U4563                | C2 ^ -> ZN v | OAI211_X1 | 0.039 |   2.008 |    3.389 | 
     | U4053                | C2 v -> ZN ^ | OAI221_X1 | 0.098 |   2.106 |    3.487 | 
     | U4802                | A1 ^ -> ZN v | NAND4_X1  | 0.042 |   2.148 |    3.529 | 
     | U4804                | B2 v -> ZN ^ | AOI21_X1  | 0.091 |   2.239 |    3.620 | 
     | U4805                | A ^ -> ZN v  | INV_X1    | 0.025 |   2.264 |    3.645 | 
     | U5119                | B1 v -> ZN ^ | AOI221_X1 | 0.090 |   2.354 |    3.735 | 
     | U5120                | A ^ -> ZN v  | INV_X1    | 0.013 |   2.367 |    3.748 | 
     | U5500                | A1 v -> ZN v | OR3_X1    | 0.067 |   2.434 |    3.815 | 
     | U5503                | C2 v -> ZN ^ | AOI211_X1 | 0.046 |   2.481 |    3.862 | 
     | U5504                | A2 ^ -> ZN v | NOR2_X1   | 0.022 |   2.503 |    3.884 | 
     | U5825                | C1 v -> ZN ^ | AOI211_X1 | 0.044 |   2.547 |    3.928 | 
     | U5915                | B2 ^ -> ZN v | OAI21_X1  | 0.024 |   2.571 |    3.952 | 
     | U5917                | A1 v -> ZN ^ | NAND2_X1  | 0.026 |   2.597 |    3.978 | 
     | U6169                | A2 ^ -> ZN v | NAND3_X1  | 0.022 |   2.619 |    4.000 | 
     | U4030                | A1 v -> ZN ^ | NAND2_X1  | 0.037 |   2.656 |    4.037 | 
     | U6727                | C2 ^ -> ZN v | OAI211_X1 | 0.032 |   2.688 |    4.069 | 
     | U6730                | A v -> ZN ^  | OAI211_X1 | 0.028 |   2.716 |    4.097 | 
     | U6731                | A ^ -> ZN v  | OAI21_X1  | 0.024 |   2.740 |    4.121 | 
     | U4052                | B2 v -> ZN ^ | OAI21_X1  | 0.099 |   2.839 |    4.220 | 
     | U7202                | B2 ^ -> ZN v | OAI221_X1 | 0.043 |   2.882 |    4.263 | 
     | U7205                | C2 v -> ZN ^ | OAI211_X1 | 0.056 |   2.937 |    4.318 | 
     | U7206                | A ^ -> ZN v  | INV_X1    | 0.011 |   2.948 |    4.329 | 
     | U7207                | A1 v -> ZN ^ | NAND3_X1  | 0.023 |   2.971 |    4.352 | 
     | U7208                | A ^ -> ZN v  | INV_X1    | 0.008 |   2.979 |    4.360 | 
     | U7209                | A2 v -> ZN v | AND4_X1   | 0.036 |   3.015 |    4.396 | 
     | U4051                | A v -> ZN ^  | AOI211_X2 | 0.103 |   3.118 |    4.499 | 
     | U7774                | A ^ -> ZN v  | OAI21_X1  | 0.031 |   3.149 |    4.530 | 
     | U7775                | C2 v -> ZN ^ | AOI211_X1 | 0.048 |   3.197 |    4.578 | 
     | U7776                | A ^ -> ZN v  | AOI221_X1 | 0.027 |   3.223 |    4.604 | 
     | U3660                | A1 v -> ZN v | AND2_X1   | 0.043 |   3.267 |    4.647 | 
     | U3668                | B1 v -> ZN ^ | AOI22_X1  | 0.042 |   3.308 |    4.689 | 
     | U3669                | A ^ -> ZN v  | OAI21_X1  | 0.024 |   3.332 |    4.713 | 
     | p_reg_Y_temp_reg_56_ | D v          | DFF_X1    | 0.000 |   3.332 |    4.713 | 
     +------------------------------------------------------------------------------+ 
Path 9: MET Setup Check with Pin p_reg_Y_temp_reg_53_/CK 
Endpoint:   p_reg_Y_temp_reg_53_/D (v) checked with  leading edge of 'CLK'
Beginpoint: B_reg_Y_temp_reg_3_/Q  (v) triggered by  leading edge of 'CLK'
Path Groups: {CLK}
Analysis View: default
Other End Arrival Time          0.050
- Setup                         0.030
+ Phase Shift                   4.739
- Uncertainty                   0.050
= Required Time                 4.709
- Arrival Time                  3.205
= Slack Time                    1.504
     Clock Rise Edge                 0.000
     + Clock Network Latency (Ideal) 0.050
     = Beginpoint Arrival Time       0.050
     +------------------------------------------------------------------------------+ 
     |       Instance       |     Arc      |   Cell    | Delay | Arrival | Required | 
     |                      |              |           |       |  Time   |   Time   | 
     |----------------------+--------------+-----------+-------+---------+----------| 
     | B_reg_Y_temp_reg_3_  | CK ^         |           |       |   0.050 |    1.554 | 
     | B_reg_Y_temp_reg_3_  | CK ^ -> Q v  | DFF_X1    | 0.119 |   0.169 |    1.673 | 
     | U4095                | A2 v -> ZN ^ | NAND2_X1  | 0.037 |   0.206 |    1.710 | 
     | U4096                | A ^ -> ZN v  | INV_X1    | 0.013 |   0.219 |    1.724 | 
     | U4115                | A1 v -> ZN ^ | NOR2_X1   | 0.053 |   0.272 |    1.776 | 
     | FE_OFC30_n7605       | A ^ -> Z ^   | CLKBUF_X1 | 0.145 |   0.417 |    1.921 | 
     | U4033                | A ^ -> ZN v  | INV_X2    | 0.079 |   0.496 |    2.000 | 
     | U4116                | B2 v -> ZN ^ | AOI22_X1  | 0.096 |   0.591 |    2.096 | 
     | U4042                | B ^ -> Z ^   | XOR2_X1   | 0.109 |   0.701 |    2.205 | 
     | FE_OFC66_n7610       | A ^ -> Z ^   | CLKBUF_X1 | 0.146 |   0.847 |    2.351 | 
     | U4003                | A ^ -> ZN v  | INV_X4    | 0.080 |   0.927 |    2.431 | 
     | U4118                | B v -> Z v   | XOR2_X1   | 0.091 |   1.018 |    2.522 | 
     | U4181                | A2 v -> ZN ^ | AOI22_X1  | 0.044 |   1.062 |    2.566 | 
     | U4182                | A ^ -> ZN v  | OAI21_X1  | 0.023 |   1.085 |    2.589 | 
     | U4183                | A v -> ZN ^  | OAI21_X1  | 0.036 |   1.120 |    2.625 | 
     | U4263                | S ^ -> Z v   | MUX2_X1   | 0.065 |   1.185 |    2.690 | 
     | U4264                | A v -> ZN v  | XNOR2_X1  | 0.041 |   1.226 |    2.730 | 
     | U4265                | B v -> ZN v  | XNOR2_X1  | 0.056 |   1.282 |    2.787 | 
     | U4273                | A v -> ZN ^  | INV_X1    | 0.018 |   1.300 |    2.804 | 
     | U4274                | A1 ^ -> ZN v | NAND3_X1  | 0.028 |   1.328 |    2.832 | 
     | U4278                | A1 v -> ZN ^ | NAND2_X1  | 0.023 |   1.351 |    2.855 | 
     | U4279                | B ^ -> ZN ^  | XNOR2_X1  | 0.041 |   1.392 |    2.896 | 
     | U4280                | A ^ -> Z ^   | XOR2_X1   | 0.072 |   1.464 |    2.969 | 
     | U4295                | A ^ -> S v   | FA_X1     | 0.104 |   1.568 |    3.072 | 
     | U4302                | B v -> Z v   | XOR2_X1   | 0.066 |   1.634 |    3.138 | 
     | U4303                | A v -> ZN ^  | OAI21_X1  | 0.027 |   1.662 |    3.166 | 
     | U4304                | A ^ -> ZN v  | OAI21_X1  | 0.032 |   1.693 |    3.197 | 
     | U4305                | A2 v -> ZN ^ | NOR2_X1   | 0.039 |   1.732 |    3.236 | 
     | U4306                | A2 ^ -> ZN v | NOR2_X1   | 0.014 |   1.746 |    3.250 | 
     | U4353                | A v -> ZN v  | XNOR2_X1  | 0.042 |   1.789 |    3.293 | 
     | U4357                | A v -> Z v   | XOR2_X1   | 0.057 |   1.846 |    3.350 | 
     | U4360                | B v -> ZN ^  | AOI211_X1 | 0.065 |   1.910 |    3.415 | 
     | U4361                | A ^ -> ZN v  | INV_X1    | 0.010 |   1.920 |    3.425 | 
     | U4362                | A v -> ZN ^  | OAI21_X1  | 0.049 |   1.970 |    3.474 | 
     | U4563                | C2 ^ -> ZN v | OAI211_X1 | 0.039 |   2.008 |    3.512 | 
     | U4053                | C2 v -> ZN ^ | OAI221_X1 | 0.098 |   2.106 |    3.610 | 
     | U4802                | A1 ^ -> ZN v | NAND4_X1  | 0.042 |   2.148 |    3.652 | 
     | U4804                | B2 v -> ZN ^ | AOI21_X1  | 0.091 |   2.239 |    3.743 | 
     | U4805                | A ^ -> ZN v  | INV_X1    | 0.025 |   2.264 |    3.768 | 
     | U5119                | B1 v -> ZN ^ | AOI221_X1 | 0.090 |   2.354 |    3.858 | 
     | U5120                | A ^ -> ZN v  | INV_X1    | 0.013 |   2.367 |    3.871 | 
     | U5500                | A1 v -> ZN v | OR3_X1    | 0.067 |   2.434 |    3.939 | 
     | U5503                | C2 v -> ZN ^ | AOI211_X1 | 0.046 |   2.481 |    3.985 | 
     | U5504                | A2 ^ -> ZN v | NOR2_X1   | 0.022 |   2.503 |    4.007 | 
     | U5825                | C1 v -> ZN ^ | AOI211_X1 | 0.044 |   2.547 |    4.051 | 
     | U5915                | B2 ^ -> ZN v | OAI21_X1  | 0.024 |   2.571 |    4.075 | 
     | U5917                | A1 v -> ZN ^ | NAND2_X1  | 0.026 |   2.597 |    4.101 | 
     | U6169                | A2 ^ -> ZN v | NAND3_X1  | 0.022 |   2.619 |    4.124 | 
     | U4030                | A1 v -> ZN ^ | NAND2_X1  | 0.037 |   2.656 |    4.160 | 
     | U6727                | C2 ^ -> ZN v | OAI211_X1 | 0.032 |   2.688 |    4.193 | 
     | U6730                | A v -> ZN ^  | OAI211_X1 | 0.028 |   2.716 |    4.221 | 
     | U6731                | A ^ -> ZN v  | OAI21_X1  | 0.024 |   2.740 |    4.245 | 
     | U4052                | B2 v -> ZN ^ | OAI21_X1  | 0.099 |   2.839 |    4.343 | 
     | U7202                | B2 ^ -> ZN v | OAI221_X1 | 0.043 |   2.882 |    4.386 | 
     | U7205                | C2 v -> ZN ^ | OAI211_X1 | 0.056 |   2.937 |    4.442 | 
     | U7206                | A ^ -> ZN v  | INV_X1    | 0.011 |   2.948 |    4.452 | 
     | U7207                | A1 v -> ZN ^ | NAND3_X1  | 0.023 |   2.971 |    4.475 | 
     | U7208                | A ^ -> ZN v  | INV_X1    | 0.008 |   2.979 |    4.483 | 
     | U7209                | A2 v -> ZN v | AND4_X1   | 0.036 |   3.015 |    4.519 | 
     | U4051                | A v -> ZN ^  | AOI211_X2 | 0.103 |   3.118 |    4.622 | 
     | U7781                | A ^ -> ZN v  | INV_X1    | 0.020 |   3.138 |    4.642 | 
     | U3678                | C1 v -> ZN ^ | OAI221_X1 | 0.043 |   3.180 |    4.685 | 
     | U3679                | A ^ -> ZN v  | OAI21_X1  | 0.025 |   3.205 |    4.709 | 
     | p_reg_Y_temp_reg_53_ | D v          | DFF_X1    | 0.000 |   3.205 |    4.709 | 
     +------------------------------------------------------------------------------+ 
Path 10: MET Setup Check with Pin p_reg_Y_temp_reg_54_/CK 
Endpoint:   p_reg_Y_temp_reg_54_/D (v) checked with  leading edge of 'CLK'
Beginpoint: B_reg_Y_temp_reg_3_/Q  (v) triggered by  leading edge of 'CLK'
Path Groups: {CLK}
Analysis View: default
Other End Arrival Time          0.050
- Setup                         0.030
+ Phase Shift                   4.739
- Uncertainty                   0.050
= Required Time                 4.709
- Arrival Time                  3.200
= Slack Time                    1.509
     Clock Rise Edge                 0.000
     + Clock Network Latency (Ideal) 0.050
     = Beginpoint Arrival Time       0.050
     +------------------------------------------------------------------------------+ 
     |       Instance       |     Arc      |   Cell    | Delay | Arrival | Required | 
     |                      |              |           |       |  Time   |   Time   | 
     |----------------------+--------------+-----------+-------+---------+----------| 
     | B_reg_Y_temp_reg_3_  | CK ^         |           |       |   0.050 |    1.559 | 
     | B_reg_Y_temp_reg_3_  | CK ^ -> Q v  | DFF_X1    | 0.119 |   0.169 |    1.678 | 
     | U4095                | A2 v -> ZN ^ | NAND2_X1  | 0.037 |   0.206 |    1.716 | 
     | U4096                | A ^ -> ZN v  | INV_X1    | 0.013 |   0.219 |    1.729 | 
     | U4115                | A1 v -> ZN ^ | NOR2_X1   | 0.053 |   0.272 |    1.781 | 
     | FE_OFC30_n7605       | A ^ -> Z ^   | CLKBUF_X1 | 0.145 |   0.417 |    1.926 | 
     | U4033                | A ^ -> ZN v  | INV_X2    | 0.079 |   0.496 |    2.005 | 
     | U4116                | B2 v -> ZN ^ | AOI22_X1  | 0.096 |   0.592 |    2.101 | 
     | U4042                | B ^ -> Z ^   | XOR2_X1   | 0.109 |   0.701 |    2.210 | 
     | FE_OFC66_n7610       | A ^ -> Z ^   | CLKBUF_X1 | 0.146 |   0.847 |    2.356 | 
     | U4003                | A ^ -> ZN v  | INV_X4    | 0.080 |   0.927 |    2.436 | 
     | U4118                | B v -> Z v   | XOR2_X1   | 0.091 |   1.018 |    2.527 | 
     | U4181                | A2 v -> ZN ^ | AOI22_X1  | 0.044 |   1.062 |    2.571 | 
     | U4182                | A ^ -> ZN v  | OAI21_X1  | 0.023 |   1.085 |    2.594 | 
     | U4183                | A v -> ZN ^  | OAI21_X1  | 0.036 |   1.120 |    2.630 | 
     | U4263                | S ^ -> Z v   | MUX2_X1   | 0.065 |   1.185 |    2.695 | 
     | U4264                | A v -> ZN v  | XNOR2_X1  | 0.041 |   1.226 |    2.735 | 
     | U4265                | B v -> ZN v  | XNOR2_X1  | 0.056 |   1.283 |    2.792 | 
     | U4273                | A v -> ZN ^  | INV_X1    | 0.018 |   1.300 |    2.809 | 
     | U4274                | A1 ^ -> ZN v | NAND3_X1  | 0.028 |   1.328 |    2.838 | 
     | U4278                | A1 v -> ZN ^ | NAND2_X1  | 0.023 |   1.351 |    2.860 | 
     | U4279                | B ^ -> ZN ^  | XNOR2_X1  | 0.041 |   1.392 |    2.902 | 
     | U4280                | A ^ -> Z ^   | XOR2_X1   | 0.072 |   1.464 |    2.974 | 
     | U4295                | A ^ -> S v   | FA_X1     | 0.104 |   1.568 |    3.078 | 
     | U4302                | B v -> Z v   | XOR2_X1   | 0.066 |   1.634 |    3.144 | 
     | U4303                | A v -> ZN ^  | OAI21_X1  | 0.027 |   1.662 |    3.171 | 
     | U4304                | A ^ -> ZN v  | OAI21_X1  | 0.032 |   1.693 |    3.203 | 
     | U4305                | A2 v -> ZN ^ | NOR2_X1   | 0.039 |   1.732 |    3.241 | 
     | U4306                | A2 ^ -> ZN v | NOR2_X1   | 0.014 |   1.746 |    3.256 | 
     | U4353                | A v -> ZN v  | XNOR2_X1  | 0.042 |   1.789 |    3.298 | 
     | U4357                | A v -> Z v   | XOR2_X1   | 0.057 |   1.846 |    3.355 | 
     | U4360                | B v -> ZN ^  | AOI211_X1 | 0.065 |   1.911 |    3.420 | 
     | U4361                | A ^ -> ZN v  | INV_X1    | 0.010 |   1.920 |    3.430 | 
     | U4362                | A v -> ZN ^  | OAI21_X1  | 0.049 |   1.970 |    3.479 | 
     | U4563                | C2 ^ -> ZN v | OAI211_X1 | 0.039 |   2.008 |    3.518 | 
     | U4053                | C2 v -> ZN ^ | OAI221_X1 | 0.098 |   2.106 |    3.615 | 
     | U4802                | A1 ^ -> ZN v | NAND4_X1  | 0.042 |   2.148 |    3.657 | 
     | U4804                | B2 v -> ZN ^ | AOI21_X1  | 0.091 |   2.239 |    3.749 | 
     | U4805                | A ^ -> ZN v  | INV_X1    | 0.025 |   2.264 |    3.773 | 
     | U5119                | B1 v -> ZN ^ | AOI221_X1 | 0.090 |   2.354 |    3.864 | 
     | U5120                | A ^ -> ZN v  | INV_X1    | 0.013 |   2.367 |    3.876 | 
     | U5500                | A1 v -> ZN v | OR3_X1    | 0.067 |   2.434 |    3.944 | 
     | U5503                | C2 v -> ZN ^ | AOI211_X1 | 0.046 |   2.481 |    3.990 | 
     | U5504                | A2 ^ -> ZN v | NOR2_X1   | 0.022 |   2.503 |    4.012 | 
     | U5825                | C1 v -> ZN ^ | AOI211_X1 | 0.044 |   2.547 |    4.056 | 
     | U5915                | B2 ^ -> ZN v | OAI21_X1  | 0.024 |   2.571 |    4.080 | 
     | U5917                | A1 v -> ZN ^ | NAND2_X1  | 0.026 |   2.597 |    4.106 | 
     | U6169                | A2 ^ -> ZN v | NAND3_X1  | 0.022 |   2.619 |    4.129 | 
     | U4030                | A1 v -> ZN ^ | NAND2_X1  | 0.037 |   2.656 |    4.165 | 
     | U6727                | C2 ^ -> ZN v | OAI211_X1 | 0.032 |   2.688 |    4.198 | 
     | U6730                | A v -> ZN ^  | OAI211_X1 | 0.028 |   2.716 |    4.226 | 
     | U6731                | A ^ -> ZN v  | OAI21_X1  | 0.024 |   2.740 |    4.250 | 
     | U4052                | B2 v -> ZN ^ | OAI21_X1  | 0.099 |   2.839 |    4.348 | 
     | U7202                | B2 ^ -> ZN v | OAI221_X1 | 0.043 |   2.882 |    4.391 | 
     | U7205                | C2 v -> ZN ^ | OAI211_X1 | 0.056 |   2.937 |    4.447 | 
     | U7206                | A ^ -> ZN v  | INV_X1    | 0.011 |   2.948 |    4.458 | 
     | U7207                | A1 v -> ZN ^ | NAND3_X1  | 0.023 |   2.971 |    4.481 | 
     | U7208                | A ^ -> ZN v  | INV_X1    | 0.008 |   2.979 |    4.488 | 
     | U7209                | A2 v -> ZN v | AND4_X1   | 0.036 |   3.015 |    4.524 | 
     | U4051                | A v -> ZN ^  | AOI211_X2 | 0.103 |   3.118 |    4.627 | 
     | U7781                | A ^ -> ZN v  | INV_X1    | 0.020 |   3.138 |    4.647 | 
     | U3675                | C1 v -> ZN ^ | OAI221_X1 | 0.038 |   3.176 |    4.685 | 
     | U3676                | A ^ -> ZN v  | OAI21_X1  | 0.024 |   3.200 |    4.709 | 
     | p_reg_Y_temp_reg_54_ | D v          | DFF_X1    | 0.000 |   3.200 |    4.709 | 
     +------------------------------------------------------------------------------+ 

