###############################################################
#  Generated by:      Cadence Innovus 23.35-s106_1
#  OS:                Linux x86_64(Host ID microsys.openstack.polito)
#  Generated on:      Sat Oct 10 22:57:06 2026
#  Design:            boothmul_registered
#  Command:           report_timing -max_paths 10 > reports/10_setup_paths.rpt
###############################################################
Path 1: MET Setup Check with Pin p_reg_Y_temp_reg_63_/CK 
Endpoint:   p_reg_Y_temp_reg_63_/D (v) checked with  leading edge of 'CLK'
Beginpoint: B_reg_Y_temp_reg_3_/Q  (^) triggered by  leading edge of 'CLK'
Path Groups: {CLK}
Analysis View: default
Other End Arrival Time          0.072
- Setup                         0.026
+ Phase Shift                   4.739
+ CPPR Adjustment               0.000
- Uncertainty                   0.050
= Required Time                 4.735
- Arrival Time                  3.423
= Slack Time                    1.312
     Clock Rise Edge                 0.000
     + Clock Network Latency (Prop)  0.049
     = Beginpoint Arrival Time       0.049
     +------------------------------------------------------------------------------+ 
     |       Instance       |     Arc      |   Cell    | Delay | Arrival | Required | 
     |                      |              |           |       |  Time   |   Time   | 
     |----------------------+--------------+-----------+-------+---------+----------| 
     | B_reg_Y_temp_reg_3_  | CK ^         |           |       |   0.049 |    1.361 | 
     | B_reg_Y_temp_reg_3_  | CK ^ -> Q ^  | DFF_X1    | 0.142 |   0.191 |    1.503 | 
     | U4095                | A2 ^ -> ZN v | NAND2_X1  | 0.035 |   0.226 |    1.538 | 
     | U4096                | A v -> ZN ^  | INV_X1    | 0.022 |   0.247 |    1.559 | 
     | U4115                | A1 ^ -> ZN v | NOR2_X1   | 0.016 |   0.263 |    1.575 | 
     | FE_OFC30_n7605       | A v -> Z v   | CLKBUF_X1 | 0.143 |   0.406 |    1.718 | 
     | U4033                | A v -> ZN ^  | INV_X2    | 0.130 |   0.537 |    1.849 | 
     | U4116                | B2 ^ -> ZN v | AOI22_X1  | 0.052 |   0.589 |    1.901 | 
     | U4042                | B v -> Z v   | XOR2_X1   | 0.083 |   0.672 |    1.984 | 
     | FE_OFC66_n7610       | A v -> Z v   | CLKBUF_X1 | 0.142 |   0.814 |    2.126 | 
     | U4003                | A v -> ZN ^  | INV_X4    | 0.129 |   0.943 |    2.255 | 
     | U4118                | B ^ -> Z ^   | XOR2_X1   | 0.097 |   1.040 |    2.352 | 
     | U4181                | A2 ^ -> ZN v | AOI22_X1  | 0.021 |   1.061 |    2.373 | 
     | U4182                | A v -> ZN ^  | OAI21_X1  | 0.028 |   1.090 |    2.402 | 
     | U4183                | A ^ -> ZN v  | OAI21_X1  | 0.031 |   1.121 |    2.433 | 
     | U4263                | S v -> Z v   | MUX2_X1   | 0.055 |   1.175 |    2.487 | 
     | U4264                | A v -> ZN v  | XNOR2_X1  | 0.040 |   1.216 |    2.528 | 
     | U4265                | B v -> ZN v  | XNOR2_X1  | 0.056 |   1.271 |    2.583 | 
     | U4273                | A v -> ZN ^  | INV_X1    | 0.018 |   1.289 |    2.601 | 
     | U4274                | A1 ^ -> ZN v | NAND3_X1  | 0.027 |   1.315 |    2.628 | 
     | U4278                | A1 v -> ZN ^ | NAND2_X1  | 0.023 |   1.338 |    2.650 | 
     | U4279                | B ^ -> ZN ^  | XNOR2_X1  | 0.041 |   1.379 |    2.691 | 
     | U4280                | A ^ -> Z ^   | XOR2_X1   | 0.074 |   1.453 |    2.765 | 
     | U4295                | A ^ -> S v   | FA_X1     | 0.103 |   1.556 |    2.868 | 
     | U4302                | B v -> Z v   | XOR2_X1   | 0.065 |   1.621 |    2.933 | 
     | U4303                | A v -> ZN ^  | OAI21_X1  | 0.027 |   1.648 |    2.960 | 
     | U4304                | A ^ -> ZN v  | OAI21_X1  | 0.031 |   1.679 |    2.991 | 
     | U4305                | A2 v -> ZN ^ | NOR2_X1   | 0.040 |   1.719 |    3.031 | 
     | U4306                | A2 ^ -> ZN v | NOR2_X1   | 0.014 |   1.733 |    3.045 | 
     | U4353                | A v -> ZN v  | XNOR2_X1  | 0.043 |   1.775 |    3.087 | 
     | U4357                | A v -> Z v   | XOR2_X1   | 0.056 |   1.832 |    3.144 | 
     | U4360                | B v -> ZN ^  | AOI211_X1 | 0.065 |   1.897 |    3.209 | 
     | U4361                | A ^ -> ZN v  | INV_X1    | 0.010 |   1.907 |    3.219 | 
     | U4362                | A v -> ZN ^  | OAI21_X1  | 0.050 |   1.957 |    3.269 | 
     | U4563                | C2 ^ -> ZN v | OAI211_X1 | 0.038 |   1.995 |    3.307 | 
     | U4053                | C2 v -> ZN ^ | OAI221_X1 | 0.100 |   2.095 |    3.407 | 
     | U4802                | A1 ^ -> ZN v | NAND4_X1  | 0.041 |   2.136 |    3.448 | 
     | U4804                | B2 v -> ZN ^ | AOI21_X1  | 0.091 |   2.228 |    3.540 | 
     | U4805                | A ^ -> ZN v  | INV_X1    | 0.026 |   2.254 |    3.566 | 
     | U5119                | B1 v -> ZN ^ | AOI221_X1 | 0.089 |   2.343 |    3.655 | 
     | U5120                | A ^ -> ZN v  | INV_X1    | 0.013 |   2.357 |    3.669 | 
     | U5500                | A1 v -> ZN v | OR3_X1    | 0.067 |   2.424 |    3.736 | 
     | U5503                | C2 v -> ZN ^ | AOI211_X1 | 0.046 |   2.470 |    3.782 | 
     | U5504                | A2 ^ -> ZN v | NOR2_X1   | 0.022 |   2.492 |    3.804 | 
     | U5825                | C1 v -> ZN ^ | AOI211_X1 | 0.042 |   2.533 |    3.845 | 
     | U5915                | B2 ^ -> ZN v | OAI21_X1  | 0.024 |   2.557 |    3.869 | 
     | U5917                | A1 v -> ZN ^ | NAND2_X1  | 0.026 |   2.584 |    3.896 | 
     | U6169                | A2 ^ -> ZN v | NAND3_X1  | 0.022 |   2.605 |    3.918 | 
     | U4030                | A1 v -> ZN ^ | NAND2_X1  | 0.035 |   2.641 |    3.953 | 
     | U6727                | C2 ^ -> ZN v | OAI211_X1 | 0.029 |   2.670 |    3.982 | 
     | U6730                | A v -> ZN ^  | OAI211_X1 | 0.027 |   2.696 |    4.008 | 
     | U6731                | A ^ -> ZN v  | OAI21_X1  | 0.025 |   2.721 |    4.033 | 
     | U4052                | B2 v -> ZN ^ | OAI21_X1  | 0.101 |   2.822 |    4.134 | 
     | U7202                | B2 ^ -> ZN v | OAI221_X1 | 0.043 |   2.865 |    4.177 | 
     | U7205                | C2 v -> ZN ^ | OAI211_X1 | 0.057 |   2.922 |    4.234 | 
     | U7206                | A ^ -> ZN v  | INV_X1    | 0.010 |   2.932 |    4.245 | 
     | U7207                | A1 v -> ZN ^ | NAND3_X1  | 0.022 |   2.955 |    4.267 | 
     | U7208                | A ^ -> ZN v  | INV_X1    | 0.008 |   2.962 |    4.274 | 
     | U7209                | A2 v -> ZN v | AND4_X1   | 0.036 |   2.998 |    4.310 | 
     | U4051                | A v -> ZN ^  | AOI211_X2 | 0.108 |   3.105 |    4.417 | 
     | U7774                | A ^ -> ZN v  | OAI21_X1  | 0.031 |   3.136 |    4.448 | 
     | U7775                | C2 v -> ZN ^ | AOI211_X1 | 0.048 |   3.184 |    4.496 | 
     | U7776                | A ^ -> ZN v  | AOI221_X1 | 0.026 |   3.210 |    4.523 | 
     | U7777                | A1 v -> ZN ^ | NOR2_X1   | 0.030 |   3.240 |    4.552 | 
     | U7778                | C2 ^ -> ZN v | OAI211_X1 | 0.024 |   3.265 |    4.577 | 
     | U7780                | B2 v -> ZN ^ | AOI21_X1  | 0.046 |   3.311 |    4.623 | 
     | U3649                | A1 ^ -> ZN v | NOR2_X1   | 0.023 |   3.333 |    4.645 | 
     | U3651                | B1 v -> ZN ^ | AOI222_X1 | 0.082 |   3.415 |    4.727 | 
     | U3652                | A ^ -> ZN v  | INV_X1    | 0.008 |   3.423 |    4.735 | 
     | p_reg_Y_temp_reg_63_ | D v          | DFF_X1    | 0.000 |   3.423 |    4.735 | 
     +------------------------------------------------------------------------------+ 
Path 2: MET Setup Check with Pin p_reg_Y_temp_reg_62_/CK 
Endpoint:   p_reg_Y_temp_reg_62_/D (v) checked with  leading edge of 'CLK'
Beginpoint: B_reg_Y_temp_reg_3_/Q  (^) triggered by  leading edge of 'CLK'
Path Groups: {CLK}
Analysis View: default
Other End Arrival Time          0.072
- Setup                         0.026
+ Phase Shift                   4.739
+ CPPR Adjustment               0.000
- Uncertainty                   0.050
= Required Time                 4.735
- Arrival Time                  3.422
= Slack Time                    1.313
     Clock Rise Edge                 0.000
     + Clock Network Latency (Prop)  0.049
     = Beginpoint Arrival Time       0.049
     +------------------------------------------------------------------------------+ 
     |       Instance       |     Arc      |   Cell    | Delay | Arrival | Required | 
     |                      |              |           |       |  Time   |   Time   | 
     |----------------------+--------------+-----------+-------+---------+----------| 
     | B_reg_Y_temp_reg_3_  | CK ^         |           |       |   0.049 |    1.362 | 
     | B_reg_Y_temp_reg_3_  | CK ^ -> Q ^  | DFF_X1    | 0.142 |   0.191 |    1.504 | 
     | U4095                | A2 ^ -> ZN v | NAND2_X1  | 0.035 |   0.226 |    1.539 | 
     | U4096                | A v -> ZN ^  | INV_X1    | 0.022 |   0.247 |    1.560 | 
     | U4115                | A1 ^ -> ZN v | NOR2_X1   | 0.016 |   0.263 |    1.576 | 
     | FE_OFC30_n7605       | A v -> Z v   | CLKBUF_X1 | 0.143 |   0.406 |    1.719 | 
     | U4033                | A v -> ZN ^  | INV_X2    | 0.130 |   0.537 |    1.850 | 
     | U4116                | B2 ^ -> ZN v | AOI22_X1  | 0.052 |   0.589 |    1.902 | 
     | U4042                | B v -> Z v   | XOR2_X1   | 0.083 |   0.672 |    1.985 | 
     | FE_OFC66_n7610       | A v -> Z v   | CLKBUF_X1 | 0.142 |   0.814 |    2.127 | 
     | U4003                | A v -> ZN ^  | INV_X4    | 0.129 |   0.943 |    2.256 | 
     | U4118                | B ^ -> Z ^   | XOR2_X1   | 0.097 |   1.040 |    2.353 | 
     | U4181                | A2 ^ -> ZN v | AOI22_X1  | 0.021 |   1.061 |    2.375 | 
     | U4182                | A v -> ZN ^  | OAI21_X1  | 0.028 |   1.090 |    2.403 | 
     | U4183                | A ^ -> ZN v  | OAI21_X1  | 0.031 |   1.121 |    2.434 | 
     | U4263                | S v -> Z v   | MUX2_X1   | 0.055 |   1.175 |    2.489 | 
     | U4264                | A v -> ZN v  | XNOR2_X1  | 0.040 |   1.216 |    2.529 | 
     | U4265                | B v -> ZN v  | XNOR2_X1  | 0.056 |   1.271 |    2.584 | 
     | U4273                | A v -> ZN ^  | INV_X1    | 0.018 |   1.289 |    2.602 | 
     | U4274                | A1 ^ -> ZN v | NAND3_X1  | 0.027 |   1.315 |    2.629 | 
     | U4278                | A1 v -> ZN ^ | NAND2_X1  | 0.023 |   1.338 |    2.651 | 
     | U4279                | B ^ -> ZN ^  | XNOR2_X1  | 0.041 |   1.379 |    2.693 | 
     | U4280                | A ^ -> Z ^   | XOR2_X1   | 0.074 |   1.453 |    2.766 | 
     | U4295                | A ^ -> S v   | FA_X1     | 0.103 |   1.556 |    2.870 | 
     | U4302                | B v -> Z v   | XOR2_X1   | 0.065 |   1.621 |    2.934 | 
     | U4303                | A v -> ZN ^  | OAI21_X1  | 0.027 |   1.648 |    2.961 | 
     | U4304                | A ^ -> ZN v  | OAI21_X1  | 0.031 |   1.679 |    2.992 | 
     | U4305                | A2 v -> ZN ^ | NOR2_X1   | 0.040 |   1.719 |    3.032 | 
     | U4306                | A2 ^ -> ZN v | NOR2_X1   | 0.014 |   1.733 |    3.046 | 
     | U4353                | A v -> ZN v  | XNOR2_X1  | 0.043 |   1.775 |    3.089 | 
     | U4357                | A v -> Z v   | XOR2_X1   | 0.056 |   1.832 |    3.145 | 
     | U4360                | B v -> ZN ^  | AOI211_X1 | 0.065 |   1.897 |    3.210 | 
     | U4361                | A ^ -> ZN v  | INV_X1    | 0.010 |   1.907 |    3.220 | 
     | U4362                | A v -> ZN ^  | OAI21_X1  | 0.050 |   1.957 |    3.270 | 
     | U4563                | C2 ^ -> ZN v | OAI211_X1 | 0.038 |   1.995 |    3.308 | 
     | U4053                | C2 v -> ZN ^ | OAI221_X1 | 0.100 |   2.095 |    3.408 | 
     | U4802                | A1 ^ -> ZN v | NAND4_X1  | 0.041 |   2.136 |    3.449 | 
     | U4804                | B2 v -> ZN ^ | AOI21_X1  | 0.091 |   2.228 |    3.541 | 
     | U4805                | A ^ -> ZN v  | INV_X1    | 0.026 |   2.254 |    3.567 | 
     | U5119                | B1 v -> ZN ^ | AOI221_X1 | 0.089 |   2.343 |    3.657 | 
     | U5120                | A ^ -> ZN v  | INV_X1    | 0.013 |   2.357 |    3.670 | 
     | U5500                | A1 v -> ZN v | OR3_X1    | 0.067 |   2.424 |    3.738 | 
     | U5503                | C2 v -> ZN ^ | AOI211_X1 | 0.046 |   2.470 |    3.783 | 
     | U5504                | A2 ^ -> ZN v | NOR2_X1   | 0.022 |   2.492 |    3.805 | 
     | U5825                | C1 v -> ZN ^ | AOI211_X1 | 0.042 |   2.533 |    3.847 | 
     | U5915                | B2 ^ -> ZN v | OAI21_X1  | 0.024 |   2.557 |    3.871 | 
     | U5917                | A1 v -> ZN ^ | NAND2_X1  | 0.026 |   2.584 |    3.897 | 
     | U6169                | A2 ^ -> ZN v | NAND3_X1  | 0.022 |   2.605 |    3.919 | 
     | U4030                | A1 v -> ZN ^ | NAND2_X1  | 0.035 |   2.641 |    3.954 | 
     | U6727                | C2 ^ -> ZN v | OAI211_X1 | 0.029 |   2.670 |    3.983 | 
     | U6730                | A v -> ZN ^  | OAI211_X1 | 0.027 |   2.696 |    4.010 | 
     | U6731                | A ^ -> ZN v  | OAI21_X1  | 0.025 |   2.721 |    4.035 | 
     | U4052                | B2 v -> ZN ^ | OAI21_X1  | 0.101 |   2.822 |    4.135 | 
     | U7202                | B2 ^ -> ZN v | OAI221_X1 | 0.043 |   2.865 |    4.178 | 
     | U7205                | C2 v -> ZN ^ | OAI211_X1 | 0.057 |   2.922 |    4.236 | 
     | U7206                | A ^ -> ZN v  | INV_X1    | 0.010 |   2.932 |    4.246 | 
     | U7207                | A1 v -> ZN ^ | NAND3_X1  | 0.022 |   2.955 |    4.268 | 
     | U7208                | A ^ -> ZN v  | INV_X1    | 0.008 |   2.962 |    4.276 | 
     | U7209                | A2 v -> ZN v | AND4_X1   | 0.036 |   2.998 |    4.311 | 
     | U4051                | A v -> ZN ^  | AOI211_X2 | 0.108 |   3.105 |    4.419 | 
     | U7774                | A ^ -> ZN v  | OAI21_X1  | 0.031 |   3.136 |    4.449 | 
     | U7775                | C2 v -> ZN ^ | AOI211_X1 | 0.048 |   3.184 |    4.498 | 
     | U7776                | A ^ -> ZN v  | AOI221_X1 | 0.026 |   3.210 |    4.524 | 
     | U7777                | A1 v -> ZN ^ | NOR2_X1   | 0.030 |   3.240 |    4.554 | 
     | U7778                | C2 ^ -> ZN v | OAI211_X1 | 0.024 |   3.265 |    4.578 | 
     | U7780                | B2 v -> ZN ^ | AOI21_X1  | 0.046 |   3.311 |    4.624 | 
     | U3649                | A1 ^ -> ZN v | NOR2_X1   | 0.023 |   3.333 |    4.647 | 
     | U3653                | B1 v -> ZN ^ | AOI222_X1 | 0.081 |   3.414 |    4.728 | 
     | U3654                | A ^ -> ZN v  | INV_X1    | 0.008 |   3.422 |    4.735 | 
     | p_reg_Y_temp_reg_62_ | D v          | DFF_X1    | 0.000 |   3.422 |    4.735 | 
     +------------------------------------------------------------------------------+ 
Path 3: MET Setup Check with Pin p_reg_Y_temp_reg_61_/CK 
Endpoint:   p_reg_Y_temp_reg_61_/D (v) checked with  leading edge of 'CLK'
Beginpoint: B_reg_Y_temp_reg_3_/Q  (^) triggered by  leading edge of 'CLK'
Path Groups: {CLK}
Analysis View: default
Other End Arrival Time          0.072
- Setup                         0.026
+ Phase Shift                   4.739
+ CPPR Adjustment               0.000
- Uncertainty                   0.050
= Required Time                 4.736
- Arrival Time                  3.422
= Slack Time                    1.314
     Clock Rise Edge                 0.000
     + Clock Network Latency (Prop)  0.049
     = Beginpoint Arrival Time       0.049
     +------------------------------------------------------------------------------+ 
     |       Instance       |     Arc      |   Cell    | Delay | Arrival | Required | 
     |                      |              |           |       |  Time   |   Time   | 
     |----------------------+--------------+-----------+-------+---------+----------| 
     | B_reg_Y_temp_reg_3_  | CK ^         |           |       |   0.049 |    1.362 | 
     | B_reg_Y_temp_reg_3_  | CK ^ -> Q ^  | DFF_X1    | 0.142 |   0.191 |    1.504 | 
     | U4095                | A2 ^ -> ZN v | NAND2_X1  | 0.035 |   0.226 |    1.539 | 
     | U4096                | A v -> ZN ^  | INV_X1    | 0.022 |   0.247 |    1.561 | 
     | U4115                | A1 ^ -> ZN v | NOR2_X1   | 0.016 |   0.263 |    1.576 | 
     | FE_OFC30_n7605       | A v -> Z v   | CLKBUF_X1 | 0.143 |   0.406 |    1.720 | 
     | U4033                | A v -> ZN ^  | INV_X2    | 0.130 |   0.537 |    1.850 | 
     | U4116                | B2 ^ -> ZN v | AOI22_X1  | 0.052 |   0.589 |    1.903 | 
     | U4042                | B v -> Z v   | XOR2_X1   | 0.083 |   0.672 |    1.986 | 
     | FE_OFC66_n7610       | A v -> Z v   | CLKBUF_X1 | 0.142 |   0.814 |    2.128 | 
     | U4003                | A v -> ZN ^  | INV_X4    | 0.129 |   0.943 |    2.257 | 
     | U4118                | B ^ -> Z ^   | XOR2_X1   | 0.097 |   1.040 |    2.353 | 
     | U4181                | A2 ^ -> ZN v | AOI22_X1  | 0.021 |   1.061 |    2.375 | 
     | U4182                | A v -> ZN ^  | OAI21_X1  | 0.028 |   1.090 |    2.403 | 
     | U4183                | A ^ -> ZN v  | OAI21_X1  | 0.031 |   1.121 |    2.434 | 
     | U4263                | S v -> Z v   | MUX2_X1   | 0.055 |   1.175 |    2.489 | 
     | U4264                | A v -> ZN v  | XNOR2_X1  | 0.040 |   1.216 |    2.529 | 
     | U4265                | B v -> ZN v  | XNOR2_X1  | 0.056 |   1.271 |    2.585 | 
     | U4273                | A v -> ZN ^  | INV_X1    | 0.018 |   1.289 |    2.602 | 
     | U4274                | A1 ^ -> ZN v | NAND3_X1  | 0.027 |   1.315 |    2.629 | 
     | U4278                | A1 v -> ZN ^ | NAND2_X1  | 0.023 |   1.338 |    2.652 | 
     | U4279                | B ^ -> ZN ^  | XNOR2_X1  | 0.041 |   1.379 |    2.693 | 
     | U4280                | A ^ -> Z ^   | XOR2_X1   | 0.074 |   1.453 |    2.767 | 
     | U4295                | A ^ -> S v   | FA_X1     | 0.103 |   1.556 |    2.870 | 
     | U4302                | B v -> Z v   | XOR2_X1   | 0.065 |   1.621 |    2.935 | 
     | U4303                | A v -> ZN ^  | OAI21_X1  | 0.027 |   1.648 |    2.962 | 
     | U4304                | A ^ -> ZN v  | OAI21_X1  | 0.031 |   1.679 |    2.992 | 
     | U4305                | A2 v -> ZN ^ | NOR2_X1   | 0.040 |   1.719 |    3.032 | 
     | U4306                | A2 ^ -> ZN v | NOR2_X1   | 0.014 |   1.733 |    3.046 | 
     | U4353                | A v -> ZN v  | XNOR2_X1  | 0.043 |   1.775 |    3.089 | 
     | U4357                | A v -> Z v   | XOR2_X1   | 0.056 |   1.832 |    3.145 | 
     | U4360                | B v -> ZN ^  | AOI211_X1 | 0.065 |   1.897 |    3.210 | 
     | U4361                | A ^ -> ZN v  | INV_X1    | 0.010 |   1.907 |    3.220 | 
     | U4362                | A v -> ZN ^  | OAI21_X1  | 0.050 |   1.957 |    3.270 | 
     | U4563                | C2 ^ -> ZN v | OAI211_X1 | 0.038 |   1.995 |    3.308 | 
     | U4053                | C2 v -> ZN ^ | OAI221_X1 | 0.100 |   2.095 |    3.408 | 
     | U4802                | A1 ^ -> ZN v | NAND4_X1  | 0.041 |   2.136 |    3.450 | 
     | U4804                | B2 v -> ZN ^ | AOI21_X1  | 0.091 |   2.228 |    3.541 | 
     | U4805                | A ^ -> ZN v  | INV_X1    | 0.026 |   2.254 |    3.567 | 
     | U5119                | B1 v -> ZN ^ | AOI221_X1 | 0.089 |   2.343 |    3.657 | 
     | U5120                | A ^ -> ZN v  | INV_X1    | 0.013 |   2.357 |    3.670 | 
     | U5500                | A1 v -> ZN v | OR3_X1    | 0.067 |   2.424 |    3.738 | 
     | U5503                | C2 v -> ZN ^ | AOI211_X1 | 0.046 |   2.470 |    3.784 | 
     | U5504                | A2 ^ -> ZN v | NOR2_X1   | 0.022 |   2.492 |    3.805 | 
     | U5825                | C1 v -> ZN ^ | AOI211_X1 | 0.042 |   2.533 |    3.847 | 
     | U5915                | B2 ^ -> ZN v | OAI21_X1  | 0.024 |   2.557 |    3.871 | 
     | U5917                | A1 v -> ZN ^ | NAND2_X1  | 0.026 |   2.584 |    3.897 | 
     | U6169                | A2 ^ -> ZN v | NAND3_X1  | 0.022 |   2.605 |    3.919 | 
     | U4030                | A1 v -> ZN ^ | NAND2_X1  | 0.035 |   2.641 |    3.954 | 
     | U6727                | C2 ^ -> ZN v | OAI211_X1 | 0.029 |   2.670 |    3.983 | 
     | U6730                | A v -> ZN ^  | OAI211_X1 | 0.027 |   2.696 |    4.010 | 
     | U6731                | A ^ -> ZN v  | OAI21_X1  | 0.025 |   2.721 |    4.035 | 
     | U4052                | B2 v -> ZN ^ | OAI21_X1  | 0.101 |   2.822 |    4.136 | 
     | U7202                | B2 ^ -> ZN v | OAI221_X1 | 0.043 |   2.865 |    4.179 | 
     | U7205                | C2 v -> ZN ^ | OAI211_X1 | 0.057 |   2.922 |    4.236 | 
     | U7206                | A ^ -> ZN v  | INV_X1    | 0.010 |   2.932 |    4.246 | 
     | U7207                | A1 v -> ZN ^ | NAND3_X1  | 0.022 |   2.955 |    4.268 | 
     | U7208                | A ^ -> ZN v  | INV_X1    | 0.008 |   2.962 |    4.276 | 
     | U7209                | A2 v -> ZN v | AND4_X1   | 0.036 |   2.998 |    4.311 | 
     | U4051                | A v -> ZN ^  | AOI211_X2 | 0.108 |   3.105 |    4.419 | 
     | U7774                | A ^ -> ZN v  | OAI21_X1  | 0.031 |   3.136 |    4.450 | 
     | U7775                | C2 v -> ZN ^ | AOI211_X1 | 0.048 |   3.184 |    4.498 | 
     | U7776                | A ^ -> ZN v  | AOI221_X1 | 0.026 |   3.210 |    4.524 | 
     | U7777                | A1 v -> ZN ^ | NOR2_X1   | 0.030 |   3.240 |    4.554 | 
     | U7778                | C2 ^ -> ZN v | OAI211_X1 | 0.024 |   3.265 |    4.578 | 
     | U7780                | B2 v -> ZN ^ | AOI21_X1  | 0.046 |   3.311 |    4.624 | 
     | U3649                | A1 ^ -> ZN v | NOR2_X1   | 0.023 |   3.333 |    4.647 | 
     | U3655                | B1 v -> ZN ^ | AOI222_X1 | 0.081 |   3.414 |    4.728 | 
     | U3656                | A ^ -> ZN v  | INV_X1    | 0.008 |   3.422 |    4.736 | 
     | p_reg_Y_temp_reg_61_ | D v          | DFF_X1    | 0.000 |   3.422 |    4.736 | 
     +------------------------------------------------------------------------------+ 
Path 4: MET Setup Check with Pin p_reg_Y_temp_reg_60_/CK 
Endpoint:   p_reg_Y_temp_reg_60_/D (v) checked with  leading edge of 'CLK'
Beginpoint: B_reg_Y_temp_reg_3_/Q  (^) triggered by  leading edge of 'CLK'
Path Groups: {CLK}
Analysis View: default
Other End Arrival Time          0.072
- Setup                         0.028
+ Phase Shift                   4.739
+ CPPR Adjustment               0.000
- Uncertainty                   0.050
= Required Time                 4.733
- Arrival Time                  3.392
= Slack Time                    1.341
     Clock Rise Edge                 0.000
     + Clock Network Latency (Prop)  0.049
     = Beginpoint Arrival Time       0.049
     +------------------------------------------------------------------------------+ 
     |       Instance       |     Arc      |   Cell    | Delay | Arrival | Required | 
     |                      |              |           |       |  Time   |   Time   | 
     |----------------------+--------------+-----------+-------+---------+----------| 
     | B_reg_Y_temp_reg_3_  | CK ^         |           |       |   0.049 |    1.390 | 
     | B_reg_Y_temp_reg_3_  | CK ^ -> Q ^  | DFF_X1    | 0.142 |   0.191 |    1.532 | 
     | U4095                | A2 ^ -> ZN v | NAND2_X1  | 0.035 |   0.226 |    1.567 | 
     | U4096                | A v -> ZN ^  | INV_X1    | 0.022 |   0.247 |    1.588 | 
     | U4115                | A1 ^ -> ZN v | NOR2_X1   | 0.016 |   0.263 |    1.604 | 
     | FE_OFC30_n7605       | A v -> Z v   | CLKBUF_X1 | 0.143 |   0.406 |    1.747 | 
     | U4033                | A v -> ZN ^  | INV_X2    | 0.130 |   0.537 |    1.878 | 
     | U4116                | B2 ^ -> ZN v | AOI22_X1  | 0.052 |   0.589 |    1.930 | 
     | U4042                | B v -> Z v   | XOR2_X1   | 0.083 |   0.672 |    2.013 | 
     | FE_OFC66_n7610       | A v -> Z v   | CLKBUF_X1 | 0.142 |   0.814 |    2.155 | 
     | U4003                | A v -> ZN ^  | INV_X4    | 0.129 |   0.943 |    2.284 | 
     | U4118                | B ^ -> Z ^   | XOR2_X1   | 0.097 |   1.040 |    2.381 | 
     | U4181                | A2 ^ -> ZN v | AOI22_X1  | 0.021 |   1.061 |    2.403 | 
     | U4182                | A v -> ZN ^  | OAI21_X1  | 0.028 |   1.090 |    2.431 | 
     | U4183                | A ^ -> ZN v  | OAI21_X1  | 0.031 |   1.121 |    2.462 | 
     | U4263                | S v -> Z v   | MUX2_X1   | 0.055 |   1.175 |    2.517 | 
     | U4264                | A v -> ZN v  | XNOR2_X1  | 0.040 |   1.216 |    2.557 | 
     | U4265                | B v -> ZN v  | XNOR2_X1  | 0.056 |   1.271 |    2.612 | 
     | U4273                | A v -> ZN ^  | INV_X1    | 0.018 |   1.289 |    2.630 | 
     | U4274                | A1 ^ -> ZN v | NAND3_X1  | 0.027 |   1.315 |    2.657 | 
     | U4278                | A1 v -> ZN ^ | NAND2_X1  | 0.023 |   1.338 |    2.679 | 
     | U4279                | B ^ -> ZN ^  | XNOR2_X1  | 0.041 |   1.379 |    2.721 | 
     | U4280                | A ^ -> Z ^   | XOR2_X1   | 0.074 |   1.453 |    2.794 | 
     | U4295                | A ^ -> S v   | FA_X1     | 0.103 |   1.556 |    2.898 | 
     | U4302                | B v -> Z v   | XOR2_X1   | 0.065 |   1.621 |    2.962 | 
     | U4303                | A v -> ZN ^  | OAI21_X1  | 0.027 |   1.648 |    2.989 | 
     | U4304                | A ^ -> ZN v  | OAI21_X1  | 0.031 |   1.679 |    3.020 | 
     | U4305                | A2 v -> ZN ^ | NOR2_X1   | 0.040 |   1.719 |    3.060 | 
     | U4306                | A2 ^ -> ZN v | NOR2_X1   | 0.014 |   1.733 |    3.074 | 
     | U4353                | A v -> ZN v  | XNOR2_X1  | 0.043 |   1.775 |    3.117 | 
     | U4357                | A v -> Z v   | XOR2_X1   | 0.056 |   1.832 |    3.173 | 
     | U4360                | B v -> ZN ^  | AOI211_X1 | 0.065 |   1.897 |    3.238 | 
     | U4361                | A ^ -> ZN v  | INV_X1    | 0.010 |   1.907 |    3.248 | 
     | U4362                | A v -> ZN ^  | OAI21_X1  | 0.050 |   1.957 |    3.298 | 
     | U4563                | C2 ^ -> ZN v | OAI211_X1 | 0.038 |   1.995 |    3.336 | 
     | U4053                | C2 v -> ZN ^ | OAI221_X1 | 0.100 |   2.095 |    3.436 | 
     | U4802                | A1 ^ -> ZN v | NAND4_X1  | 0.041 |   2.136 |    3.477 | 
     | U4804                | B2 v -> ZN ^ | AOI21_X1  | 0.091 |   2.228 |    3.569 | 
     | U4805                | A ^ -> ZN v  | INV_X1    | 0.026 |   2.254 |    3.595 | 
     | U5119                | B1 v -> ZN ^ | AOI221_X1 | 0.089 |   2.343 |    3.685 | 
     | U5120                | A ^ -> ZN v  | INV_X1    | 0.013 |   2.357 |    3.698 | 
     | U5500                | A1 v -> ZN v | OR3_X1    | 0.067 |   2.424 |    3.766 | 
     | U5503                | C2 v -> ZN ^ | AOI211_X1 | 0.046 |   2.470 |    3.811 | 
     | U5504                | A2 ^ -> ZN v | NOR2_X1   | 0.022 |   2.492 |    3.833 | 
     | U5825                | C1 v -> ZN ^ | AOI211_X1 | 0.042 |   2.533 |    3.875 | 
     | U5915                | B2 ^ -> ZN v | OAI21_X1  | 0.024 |   2.557 |    3.899 | 
     | U5917                | A1 v -> ZN ^ | NAND2_X1  | 0.026 |   2.584 |    3.925 | 
     | U6169                | A2 ^ -> ZN v | NAND3_X1  | 0.022 |   2.605 |    3.947 | 
     | U4030                | A1 v -> ZN ^ | NAND2_X1  | 0.035 |   2.641 |    3.982 | 
     | U6727                | C2 ^ -> ZN v | OAI211_X1 | 0.029 |   2.670 |    4.011 | 
     | U6730                | A v -> ZN ^  | OAI211_X1 | 0.027 |   2.696 |    4.038 | 
     | U6731                | A ^ -> ZN v  | OAI21_X1  | 0.025 |   2.721 |    4.063 | 
     | U4052                | B2 v -> ZN ^ | OAI21_X1  | 0.101 |   2.822 |    4.163 | 
     | U7202                | B2 ^ -> ZN v | OAI221_X1 | 0.043 |   2.865 |    4.206 | 
     | U7205                | C2 v -> ZN ^ | OAI211_X1 | 0.057 |   2.922 |    4.264 | 
     | U7206                | A ^ -> ZN v  | INV_X1    | 0.010 |   2.932 |    4.274 | 
     | U7207                | A1 v -> ZN ^ | NAND3_X1  | 0.022 |   2.955 |    4.296 | 
     | U7208                | A ^ -> ZN v  | INV_X1    | 0.008 |   2.962 |    4.304 | 
     | U7209                | A2 v -> ZN v | AND4_X1   | 0.036 |   2.998 |    4.339 | 
     | U4051                | A v -> ZN ^  | AOI211_X2 | 0.108 |   3.105 |    4.447 | 
     | U7774                | A ^ -> ZN v  | OAI21_X1  | 0.031 |   3.136 |    4.477 | 
     | U7775                | C2 v -> ZN ^ | AOI211_X1 | 0.048 |   3.184 |    4.526 | 
     | U7776                | A ^ -> ZN v  | AOI221_X1 | 0.026 |   3.210 |    4.552 | 
     | U7777                | A1 v -> ZN ^ | NOR2_X1   | 0.030 |   3.240 |    4.582 | 
     | U7778                | C2 ^ -> ZN v | OAI211_X1 | 0.024 |   3.265 |    4.606 | 
     | U7780                | B2 v -> ZN ^ | AOI21_X1  | 0.046 |   3.311 |    4.652 | 
     | U3649                | A1 ^ -> ZN v | NOR2_X1   | 0.023 |   3.333 |    4.675 | 
     | U3657                | A1 v -> ZN ^ | AOI22_X1  | 0.036 |   3.370 |    4.711 | 
     | U3658                | A ^ -> ZN v  | OAI21_X1  | 0.023 |   3.392 |    4.733 | 
     | p_reg_Y_temp_reg_60_ | D v          | DFF_X1    | 0.000 |   3.392 |    4.733 | 
     +------------------------------------------------------------------------------+ 
Path 5: MET Setup Check with Pin p_reg_Y_temp_reg_59_/CK 
Endpoint:   p_reg_Y_temp_reg_59_/D (v) checked with  leading edge of 'CLK'
Beginpoint: B_reg_Y_temp_reg_3_/Q  (^) triggered by  leading edge of 'CLK'
Path Groups: {CLK}
Analysis View: default
Other End Arrival Time          0.073
- Setup                         0.026
+ Phase Shift                   4.739
+ CPPR Adjustment               0.000
- Uncertainty                   0.050
= Required Time                 4.736
- Arrival Time                  3.349
= Slack Time                    1.387
     Clock Rise Edge                 0.000
     + Clock Network Latency (Prop)  0.049
     = Beginpoint Arrival Time       0.049
     +------------------------------------------------------------------------------+ 
     |       Instance       |     Arc      |   Cell    | Delay | Arrival | Required | 
     |                      |              |           |       |  Time   |   Time   | 
     |----------------------+--------------+-----------+-------+---------+----------| 
     | B_reg_Y_temp_reg_3_  | CK ^         |           |       |   0.049 |    1.436 | 
     | B_reg_Y_temp_reg_3_  | CK ^ -> Q ^  | DFF_X1    | 0.142 |   0.191 |    1.578 | 
     | U4095                | A2 ^ -> ZN v | NAND2_X1  | 0.035 |   0.226 |    1.612 | 
     | U4096                | A v -> ZN ^  | INV_X1    | 0.022 |   0.247 |    1.634 | 
     | U4115                | A1 ^ -> ZN v | NOR2_X1   | 0.016 |   0.263 |    1.650 | 
     | FE_OFC30_n7605       | A v -> Z v   | CLKBUF_X1 | 0.143 |   0.406 |    1.793 | 
     | U4033                | A v -> ZN ^  | INV_X2    | 0.130 |   0.537 |    1.923 | 
     | U4116                | B2 ^ -> ZN v | AOI22_X1  | 0.052 |   0.589 |    1.976 | 
     | U4042                | B v -> Z v   | XOR2_X1   | 0.083 |   0.672 |    2.059 | 
     | FE_OFC66_n7610       | A v -> Z v   | CLKBUF_X1 | 0.142 |   0.814 |    2.201 | 
     | U4003                | A v -> ZN ^  | INV_X4    | 0.129 |   0.943 |    2.330 | 
     | U4118                | B ^ -> Z ^   | XOR2_X1   | 0.097 |   1.040 |    2.427 | 
     | U4181                | A2 ^ -> ZN v | AOI22_X1  | 0.021 |   1.061 |    2.448 | 
     | U4182                | A v -> ZN ^  | OAI21_X1  | 0.028 |   1.090 |    2.476 | 
     | U4183                | A ^ -> ZN v  | OAI21_X1  | 0.031 |   1.121 |    2.507 | 
     | U4263                | S v -> Z v   | MUX2_X1   | 0.055 |   1.175 |    2.562 | 
     | U4264                | A v -> ZN v  | XNOR2_X1  | 0.040 |   1.216 |    2.602 | 
     | U4265                | B v -> ZN v  | XNOR2_X1  | 0.056 |   1.271 |    2.658 | 
     | U4273                | A v -> ZN ^  | INV_X1    | 0.018 |   1.289 |    2.676 | 
     | U4274                | A1 ^ -> ZN v | NAND3_X1  | 0.027 |   1.315 |    2.702 | 
     | U4278                | A1 v -> ZN ^ | NAND2_X1  | 0.023 |   1.338 |    2.725 | 
     | U4279                | B ^ -> ZN ^  | XNOR2_X1  | 0.041 |   1.379 |    2.766 | 
     | U4280                | A ^ -> Z ^   | XOR2_X1   | 0.074 |   1.453 |    2.840 | 
     | U4295                | A ^ -> S v   | FA_X1     | 0.103 |   1.556 |    2.943 | 
     | U4302                | B v -> Z v   | XOR2_X1   | 0.065 |   1.621 |    3.008 | 
     | U4303                | A v -> ZN ^  | OAI21_X1  | 0.027 |   1.648 |    3.035 | 
     | U4304                | A ^ -> ZN v  | OAI21_X1  | 0.031 |   1.679 |    3.066 | 
     | U4305                | A2 v -> ZN ^ | NOR2_X1   | 0.040 |   1.719 |    3.105 | 
     | U4306                | A2 ^ -> ZN v | NOR2_X1   | 0.014 |   1.733 |    3.120 | 
     | U4353                | A v -> ZN v  | XNOR2_X1  | 0.043 |   1.775 |    3.162 | 
     | U4357                | A v -> Z v   | XOR2_X1   | 0.056 |   1.832 |    3.218 | 
     | U4360                | B v -> ZN ^  | AOI211_X1 | 0.065 |   1.897 |    3.284 | 
     | U4361                | A ^ -> ZN v  | INV_X1    | 0.010 |   1.907 |    3.293 | 
     | U4362                | A v -> ZN ^  | OAI21_X1  | 0.050 |   1.957 |    3.344 | 
     | U4563                | C2 ^ -> ZN v | OAI211_X1 | 0.038 |   1.995 |    3.382 | 
     | U4053                | C2 v -> ZN ^ | OAI221_X1 | 0.100 |   2.095 |    3.481 | 
     | U4802                | A1 ^ -> ZN v | NAND4_X1  | 0.041 |   2.136 |    3.523 | 
     | U4804                | B2 v -> ZN ^ | AOI21_X1  | 0.091 |   2.228 |    3.614 | 
     | U4805                | A ^ -> ZN v  | INV_X1    | 0.026 |   2.254 |    3.641 | 
     | U5119                | B1 v -> ZN ^ | AOI221_X1 | 0.089 |   2.343 |    3.730 | 
     | U5120                | A ^ -> ZN v  | INV_X1    | 0.013 |   2.357 |    3.744 | 
     | U5500                | A1 v -> ZN v | OR3_X1    | 0.067 |   2.424 |    3.811 | 
     | U5503                | C2 v -> ZN ^ | AOI211_X1 | 0.046 |   2.470 |    3.857 | 
     | U5504                | A2 ^ -> ZN v | NOR2_X1   | 0.022 |   2.492 |    3.878 | 
     | U5825                | C1 v -> ZN ^ | AOI211_X1 | 0.042 |   2.533 |    3.920 | 
     | U5915                | B2 ^ -> ZN v | OAI21_X1  | 0.024 |   2.557 |    3.944 | 
     | U5917                | A1 v -> ZN ^ | NAND2_X1  | 0.026 |   2.584 |    3.970 | 
     | U6169                | A2 ^ -> ZN v | NAND3_X1  | 0.022 |   2.605 |    3.992 | 
     | U4030                | A1 v -> ZN ^ | NAND2_X1  | 0.035 |   2.641 |    4.028 | 
     | U6727                | C2 ^ -> ZN v | OAI211_X1 | 0.029 |   2.670 |    4.056 | 
     | U6730                | A v -> ZN ^  | OAI211_X1 | 0.027 |   2.696 |    4.083 | 
     | U6731                | A ^ -> ZN v  | OAI21_X1  | 0.025 |   2.721 |    4.108 | 
     | U4052                | B2 v -> ZN ^ | OAI21_X1  | 0.101 |   2.822 |    4.209 | 
     | U7202                | B2 ^ -> ZN v | OAI221_X1 | 0.043 |   2.865 |    4.252 | 
     | U7205                | C2 v -> ZN ^ | OAI211_X1 | 0.057 |   2.922 |    4.309 | 
     | U7206                | A ^ -> ZN v  | INV_X1    | 0.010 |   2.932 |    4.319 | 
     | U7207                | A1 v -> ZN ^ | NAND3_X1  | 0.022 |   2.955 |    4.341 | 
     | U7208                | A ^ -> ZN v  | INV_X1    | 0.008 |   2.962 |    4.349 | 
     | U7209                | A2 v -> ZN v | AND4_X1   | 0.036 |   2.998 |    4.385 | 
     | U4051                | A v -> ZN ^  | AOI211_X2 | 0.108 |   3.105 |    4.492 | 
     | U7774                | A ^ -> ZN v  | OAI21_X1  | 0.031 |   3.136 |    4.523 | 
     | U7775                | C2 v -> ZN ^ | AOI211_X1 | 0.048 |   3.184 |    4.571 | 
     | U7776                | A ^ -> ZN v  | AOI221_X1 | 0.026 |   3.210 |    4.597 | 
     | U3660                | A1 v -> ZN v | AND2_X1   | 0.042 |   3.253 |    4.639 | 
     | U3661                | C1 v -> ZN ^ | AOI222_X1 | 0.088 |   3.341 |    4.728 | 
     | U3662                | A ^ -> ZN v  | INV_X1    | 0.008 |   3.349 |    4.736 | 
     | p_reg_Y_temp_reg_59_ | D v          | DFF_X1    | 0.000 |   3.349 |    4.736 | 
     +------------------------------------------------------------------------------+ 
Path 6: MET Setup Check with Pin p_reg_Y_temp_reg_57_/CK 
Endpoint:   p_reg_Y_temp_reg_57_/D (v) checked with  leading edge of 'CLK'
Beginpoint: B_reg_Y_temp_reg_3_/Q  (^) triggered by  leading edge of 'CLK'
Path Groups: {CLK}
Analysis View: default
Other End Arrival Time          0.074
- Setup                         0.026
+ Phase Shift                   4.739
+ CPPR Adjustment               0.000
- Uncertainty                   0.050
= Required Time                 4.737
- Arrival Time                  3.349
= Slack Time                    1.388
     Clock Rise Edge                 0.000
     + Clock Network Latency (Prop)  0.049
     = Beginpoint Arrival Time       0.049
     +------------------------------------------------------------------------------+ 
     |       Instance       |     Arc      |   Cell    | Delay | Arrival | Required | 
     |                      |              |           |       |  Time   |   Time   | 
     |----------------------+--------------+-----------+-------+---------+----------| 
     | B_reg_Y_temp_reg_3_  | CK ^         |           |       |   0.049 |    1.437 | 
     | B_reg_Y_temp_reg_3_  | CK ^ -> Q ^  | DFF_X1    | 0.142 |   0.191 |    1.579 | 
     | U4095                | A2 ^ -> ZN v | NAND2_X1  | 0.035 |   0.226 |    1.614 | 
     | U4096                | A v -> ZN ^  | INV_X1    | 0.022 |   0.247 |    1.635 | 
     | U4115                | A1 ^ -> ZN v | NOR2_X1   | 0.016 |   0.263 |    1.651 | 
     | FE_OFC30_n7605       | A v -> Z v   | CLKBUF_X1 | 0.143 |   0.406 |    1.794 | 
     | U4033                | A v -> ZN ^  | INV_X2    | 0.130 |   0.537 |    1.925 | 
     | U4116                | B2 ^ -> ZN v | AOI22_X1  | 0.052 |   0.589 |    1.977 | 
     | U4042                | B v -> Z v   | XOR2_X1   | 0.083 |   0.672 |    2.060 | 
     | FE_OFC66_n7610       | A v -> Z v   | CLKBUF_X1 | 0.142 |   0.814 |    2.202 | 
     | U4003                | A v -> ZN ^  | INV_X4    | 0.129 |   0.943 |    2.331 | 
     | U4118                | B ^ -> Z ^   | XOR2_X1   | 0.097 |   1.040 |    2.428 | 
     | U4181                | A2 ^ -> ZN v | AOI22_X1  | 0.021 |   1.061 |    2.449 | 
     | U4182                | A v -> ZN ^  | OAI21_X1  | 0.028 |   1.090 |    2.478 | 
     | U4183                | A ^ -> ZN v  | OAI21_X1  | 0.031 |   1.121 |    2.509 | 
     | U4263                | S v -> Z v   | MUX2_X1   | 0.055 |   1.175 |    2.563 | 
     | U4264                | A v -> ZN v  | XNOR2_X1  | 0.040 |   1.216 |    2.604 | 
     | U4265                | B v -> ZN v  | XNOR2_X1  | 0.056 |   1.271 |    2.659 | 
     | U4273                | A v -> ZN ^  | INV_X1    | 0.018 |   1.289 |    2.677 | 
     | U4274                | A1 ^ -> ZN v | NAND3_X1  | 0.027 |   1.315 |    2.704 | 
     | U4278                | A1 v -> ZN ^ | NAND2_X1  | 0.023 |   1.338 |    2.726 | 
     | U4279                | B ^ -> ZN ^  | XNOR2_X1  | 0.041 |   1.379 |    2.767 | 
     | U4280                | A ^ -> Z ^   | XOR2_X1   | 0.074 |   1.453 |    2.841 | 
     | U4295                | A ^ -> S v   | FA_X1     | 0.103 |   1.556 |    2.944 | 
     | U4302                | B v -> Z v   | XOR2_X1   | 0.065 |   1.621 |    3.009 | 
     | U4303                | A v -> ZN ^  | OAI21_X1  | 0.027 |   1.648 |    3.036 | 
     | U4304                | A ^ -> ZN v  | OAI21_X1  | 0.031 |   1.679 |    3.067 | 
     | U4305                | A2 v -> ZN ^ | NOR2_X1   | 0.040 |   1.719 |    3.107 | 
     | U4306                | A2 ^ -> ZN v | NOR2_X1   | 0.014 |   1.733 |    3.121 | 
     | U4353                | A v -> ZN v  | XNOR2_X1  | 0.043 |   1.775 |    3.163 | 
     | U4357                | A v -> Z v   | XOR2_X1   | 0.056 |   1.832 |    3.220 | 
     | U4360                | B v -> ZN ^  | AOI211_X1 | 0.065 |   1.897 |    3.285 | 
     | U4361                | A ^ -> ZN v  | INV_X1    | 0.010 |   1.907 |    3.295 | 
     | U4362                | A v -> ZN ^  | OAI21_X1  | 0.050 |   1.957 |    3.345 | 
     | U4563                | C2 ^ -> ZN v | OAI211_X1 | 0.038 |   1.995 |    3.383 | 
     | U4053                | C2 v -> ZN ^ | OAI221_X1 | 0.100 |   2.095 |    3.483 | 
     | U4802                | A1 ^ -> ZN v | NAND4_X1  | 0.041 |   2.136 |    3.524 | 
     | U4804                | B2 v -> ZN ^ | AOI21_X1  | 0.091 |   2.228 |    3.616 | 
     | U4805                | A ^ -> ZN v  | INV_X1    | 0.026 |   2.254 |    3.642 | 
     | U5119                | B1 v -> ZN ^ | AOI221_X1 | 0.089 |   2.343 |    3.731 | 
     | U5120                | A ^ -> ZN v  | INV_X1    | 0.013 |   2.357 |    3.745 | 
     | U5500                | A1 v -> ZN v | OR3_X1    | 0.067 |   2.424 |    3.812 | 
     | U5503                | C2 v -> ZN ^ | AOI211_X1 | 0.046 |   2.470 |    3.858 | 
     | U5504                | A2 ^ -> ZN v | NOR2_X1   | 0.022 |   2.492 |    3.880 | 
     | U5825                | C1 v -> ZN ^ | AOI211_X1 | 0.042 |   2.533 |    3.921 | 
     | U5915                | B2 ^ -> ZN v | OAI21_X1  | 0.024 |   2.557 |    3.945 | 
     | U5917                | A1 v -> ZN ^ | NAND2_X1  | 0.026 |   2.584 |    3.972 | 
     | U6169                | A2 ^ -> ZN v | NAND3_X1  | 0.022 |   2.605 |    3.994 | 
     | U4030                | A1 v -> ZN ^ | NAND2_X1  | 0.035 |   2.641 |    4.029 | 
     | U6727                | C2 ^ -> ZN v | OAI211_X1 | 0.029 |   2.670 |    4.058 | 
     | U6730                | A v -> ZN ^  | OAI211_X1 | 0.027 |   2.696 |    4.084 | 
     | U6731                | A ^ -> ZN v  | OAI21_X1  | 0.025 |   2.721 |    4.109 | 
     | U4052                | B2 v -> ZN ^ | OAI21_X1  | 0.101 |   2.822 |    4.210 | 
     | U7202                | B2 ^ -> ZN v | OAI221_X1 | 0.043 |   2.865 |    4.253 | 
     | U7205                | C2 v -> ZN ^ | OAI211_X1 | 0.057 |   2.922 |    4.310 | 
     | U7206                | A ^ -> ZN v  | INV_X1    | 0.010 |   2.932 |    4.321 | 
     | U7207                | A1 v -> ZN ^ | NAND3_X1  | 0.022 |   2.955 |    4.343 | 
     | U7208                | A ^ -> ZN v  | INV_X1    | 0.008 |   2.962 |    4.350 | 
     | U7209                | A2 v -> ZN v | AND4_X1   | 0.036 |   2.998 |    4.386 | 
     | U4051                | A v -> ZN ^  | AOI211_X2 | 0.108 |   3.105 |    4.493 | 
     | U7774                | A ^ -> ZN v  | OAI21_X1  | 0.031 |   3.136 |    4.524 | 
     | U7775                | C2 v -> ZN ^ | AOI211_X1 | 0.048 |   3.184 |    4.572 | 
     | U7776                | A ^ -> ZN v  | AOI221_X1 | 0.026 |   3.210 |    4.599 | 
     | U3660                | A1 v -> ZN v | AND2_X1   | 0.042 |   3.253 |    4.641 | 
     | U3665                | C1 v -> ZN ^ | AOI222_X1 | 0.088 |   3.341 |    4.729 | 
     | U3666                | A ^ -> ZN v  | INV_X1    | 0.008 |   3.349 |    4.737 | 
     | p_reg_Y_temp_reg_57_ | D v          | DFF_X1    | 0.000 |   3.349 |    4.737 | 
     +------------------------------------------------------------------------------+ 
Path 7: MET Setup Check with Pin p_reg_Y_temp_reg_58_/CK 
Endpoint:   p_reg_Y_temp_reg_58_/D (v) checked with  leading edge of 'CLK'
Beginpoint: B_reg_Y_temp_reg_3_/Q  (^) triggered by  leading edge of 'CLK'
Path Groups: {CLK}
Analysis View: default
Other End Arrival Time          0.074
- Setup                         0.026
+ Phase Shift                   4.739
+ CPPR Adjustment               0.000
- Uncertainty                   0.050
= Required Time                 4.737
- Arrival Time                  3.348
= Slack Time                    1.389
     Clock Rise Edge                 0.000
     + Clock Network Latency (Prop)  0.049
     = Beginpoint Arrival Time       0.049
     +------------------------------------------------------------------------------+ 
     |       Instance       |     Arc      |   Cell    | Delay | Arrival | Required | 
     |                      |              |           |       |  Time   |   Time   | 
     |----------------------+--------------+-----------+-------+---------+----------| 
     | B_reg_Y_temp_reg_3_  | CK ^         |           |       |   0.049 |    1.437 | 
     | B_reg_Y_temp_reg_3_  | CK ^ -> Q ^  | DFF_X1    | 0.142 |   0.191 |    1.579 | 
     | U4095                | A2 ^ -> ZN v | NAND2_X1  | 0.035 |   0.226 |    1.614 | 
     | U4096                | A v -> ZN ^  | INV_X1    | 0.022 |   0.247 |    1.636 | 
     | U4115                | A1 ^ -> ZN v | NOR2_X1   | 0.016 |   0.263 |    1.651 | 
     | FE_OFC30_n7605       | A v -> Z v   | CLKBUF_X1 | 0.143 |   0.406 |    1.795 | 
     | U4033                | A v -> ZN ^  | INV_X2    | 0.130 |   0.537 |    1.925 | 
     | U4116                | B2 ^ -> ZN v | AOI22_X1  | 0.052 |   0.589 |    1.977 | 
     | U4042                | B v -> Z v   | XOR2_X1   | 0.083 |   0.672 |    2.060 | 
     | FE_OFC66_n7610       | A v -> Z v   | CLKBUF_X1 | 0.142 |   0.814 |    2.202 | 
     | U4003                | A v -> ZN ^  | INV_X4    | 0.129 |   0.943 |    2.332 | 
     | U4118                | B ^ -> Z ^   | XOR2_X1   | 0.097 |   1.040 |    2.428 | 
     | U4181                | A2 ^ -> ZN v | AOI22_X1  | 0.021 |   1.061 |    2.450 | 
     | U4182                | A v -> ZN ^  | OAI21_X1  | 0.028 |   1.090 |    2.478 | 
     | U4183                | A ^ -> ZN v  | OAI21_X1  | 0.031 |   1.121 |    2.509 | 
     | U4263                | S v -> Z v   | MUX2_X1   | 0.055 |   1.175 |    2.564 | 
     | U4264                | A v -> ZN v  | XNOR2_X1  | 0.040 |   1.216 |    2.604 | 
     | U4265                | B v -> ZN v  | XNOR2_X1  | 0.056 |   1.271 |    2.660 | 
     | U4273                | A v -> ZN ^  | INV_X1    | 0.018 |   1.289 |    2.677 | 
     | U4274                | A1 ^ -> ZN v | NAND3_X1  | 0.027 |   1.315 |    2.704 | 
     | U4278                | A1 v -> ZN ^ | NAND2_X1  | 0.023 |   1.338 |    2.727 | 
     | U4279                | B ^ -> ZN ^  | XNOR2_X1  | 0.041 |   1.379 |    2.768 | 
     | U4280                | A ^ -> Z ^   | XOR2_X1   | 0.074 |   1.453 |    2.841 | 
     | U4295                | A ^ -> S v   | FA_X1     | 0.103 |   1.556 |    2.945 | 
     | U4302                | B v -> Z v   | XOR2_X1   | 0.065 |   1.621 |    3.010 | 
     | U4303                | A v -> ZN ^  | OAI21_X1  | 0.027 |   1.648 |    3.036 | 
     | U4304                | A ^ -> ZN v  | OAI21_X1  | 0.031 |   1.679 |    3.067 | 
     | U4305                | A2 v -> ZN ^ | NOR2_X1   | 0.040 |   1.719 |    3.107 | 
     | U4306                | A2 ^ -> ZN v | NOR2_X1   | 0.014 |   1.733 |    3.121 | 
     | U4353                | A v -> ZN v  | XNOR2_X1  | 0.043 |   1.775 |    3.164 | 
     | U4357                | A v -> Z v   | XOR2_X1   | 0.056 |   1.832 |    3.220 | 
     | U4360                | B v -> ZN ^  | AOI211_X1 | 0.065 |   1.897 |    3.285 | 
     | U4361                | A ^ -> ZN v  | INV_X1    | 0.010 |   1.907 |    3.295 | 
     | U4362                | A v -> ZN ^  | OAI21_X1  | 0.050 |   1.957 |    3.345 | 
     | U4563                | C2 ^ -> ZN v | OAI211_X1 | 0.038 |   1.995 |    3.383 | 
     | U4053                | C2 v -> ZN ^ | OAI221_X1 | 0.100 |   2.095 |    3.483 | 
     | U4802                | A1 ^ -> ZN v | NAND4_X1  | 0.041 |   2.136 |    3.525 | 
     | U4804                | B2 v -> ZN ^ | AOI21_X1  | 0.091 |   2.228 |    3.616 | 
     | U4805                | A ^ -> ZN v  | INV_X1    | 0.026 |   2.254 |    3.642 | 
     | U5119                | B1 v -> ZN ^ | AOI221_X1 | 0.089 |   2.343 |    3.732 | 
     | U5120                | A ^ -> ZN v  | INV_X1    | 0.013 |   2.357 |    3.745 | 
     | U5500                | A1 v -> ZN v | OR3_X1    | 0.067 |   2.424 |    3.813 | 
     | U5503                | C2 v -> ZN ^ | AOI211_X1 | 0.046 |   2.470 |    3.859 | 
     | U5504                | A2 ^ -> ZN v | NOR2_X1   | 0.022 |   2.492 |    3.880 | 
     | U5825                | C1 v -> ZN ^ | AOI211_X1 | 0.042 |   2.533 |    3.922 | 
     | U5915                | B2 ^ -> ZN v | OAI21_X1  | 0.024 |   2.557 |    3.946 | 
     | U5917                | A1 v -> ZN ^ | NAND2_X1  | 0.026 |   2.584 |    3.972 | 
     | U6169                | A2 ^ -> ZN v | NAND3_X1  | 0.022 |   2.605 |    3.994 | 
     | U4030                | A1 v -> ZN ^ | NAND2_X1  | 0.035 |   2.641 |    4.029 | 
     | U6727                | C2 ^ -> ZN v | OAI211_X1 | 0.029 |   2.670 |    4.058 | 
     | U6730                | A v -> ZN ^  | OAI211_X1 | 0.027 |   2.696 |    4.085 | 
     | U6731                | A ^ -> ZN v  | OAI21_X1  | 0.025 |   2.721 |    4.110 | 
     | U4052                | B2 v -> ZN ^ | OAI21_X1  | 0.101 |   2.822 |    4.211 | 
     | U7202                | B2 ^ -> ZN v | OAI221_X1 | 0.043 |   2.865 |    4.254 | 
     | U7205                | C2 v -> ZN ^ | OAI211_X1 | 0.057 |   2.922 |    4.311 | 
     | U7206                | A ^ -> ZN v  | INV_X1    | 0.010 |   2.932 |    4.321 | 
     | U7207                | A1 v -> ZN ^ | NAND3_X1  | 0.022 |   2.955 |    4.343 | 
     | U7208                | A ^ -> ZN v  | INV_X1    | 0.008 |   2.962 |    4.351 | 
     | U7209                | A2 v -> ZN v | AND4_X1   | 0.036 |   2.998 |    4.386 | 
     | U4051                | A v -> ZN ^  | AOI211_X2 | 0.108 |   3.105 |    4.494 | 
     | U7774                | A ^ -> ZN v  | OAI21_X1  | 0.031 |   3.136 |    4.525 | 
     | U7775                | C2 v -> ZN ^ | AOI211_X1 | 0.048 |   3.184 |    4.573 | 
     | U7776                | A ^ -> ZN v  | AOI221_X1 | 0.026 |   3.210 |    4.599 | 
     | U3660                | A1 v -> ZN v | AND2_X1   | 0.042 |   3.253 |    4.641 | 
     | U3663                | C1 v -> ZN ^ | AOI222_X1 | 0.088 |   3.341 |    4.729 | 
     | U3664                | A ^ -> ZN v  | INV_X1    | 0.008 |   3.348 |    4.737 | 
     | p_reg_Y_temp_reg_58_ | D v          | DFF_X1    | 0.000 |   3.348 |    4.737 | 
     +------------------------------------------------------------------------------+ 
Path 8: MET Setup Check with Pin p_reg_Y_temp_reg_56_/CK 
Endpoint:   p_reg_Y_temp_reg_56_/D (v) checked with  leading edge of 'CLK'
Beginpoint: B_reg_Y_temp_reg_3_/Q  (^) triggered by  leading edge of 'CLK'
Path Groups: {CLK}
Analysis View: default
Other End Arrival Time          0.074
- Setup                         0.027
+ Phase Shift                   4.739
+ CPPR Adjustment               0.000
- Uncertainty                   0.050
= Required Time                 4.737
- Arrival Time                  3.320
= Slack Time                    1.417
     Clock Rise Edge                 0.000
     + Clock Network Latency (Prop)  0.049
     = Beginpoint Arrival Time       0.049
     +------------------------------------------------------------------------------+ 
     |       Instance       |     Arc      |   Cell    | Delay | Arrival | Required | 
     |                      |              |           |       |  Time   |   Time   | 
     |----------------------+--------------+-----------+-------+---------+----------| 
     | B_reg_Y_temp_reg_3_  | CK ^         |           |       |   0.049 |    1.465 | 
     | B_reg_Y_temp_reg_3_  | CK ^ -> Q ^  | DFF_X1    | 0.142 |   0.191 |    1.608 | 
     | U4095                | A2 ^ -> ZN v | NAND2_X1  | 0.035 |   0.226 |    1.642 | 
     | U4096                | A v -> ZN ^  | INV_X1    | 0.022 |   0.247 |    1.664 | 
     | U4115                | A1 ^ -> ZN v | NOR2_X1   | 0.016 |   0.263 |    1.680 | 
     | FE_OFC30_n7605       | A v -> Z v   | CLKBUF_X1 | 0.143 |   0.406 |    1.823 | 
     | U4033                | A v -> ZN ^  | INV_X2    | 0.130 |   0.537 |    1.953 | 
     | U4116                | B2 ^ -> ZN v | AOI22_X1  | 0.052 |   0.589 |    2.006 | 
     | U4042                | B v -> Z v   | XOR2_X1   | 0.083 |   0.672 |    2.089 | 
     | FE_OFC66_n7610       | A v -> Z v   | CLKBUF_X1 | 0.142 |   0.814 |    2.231 | 
     | U4003                | A v -> ZN ^  | INV_X4    | 0.129 |   0.943 |    2.360 | 
     | U4118                | B ^ -> Z ^   | XOR2_X1   | 0.097 |   1.040 |    2.457 | 
     | U4181                | A2 ^ -> ZN v | AOI22_X1  | 0.021 |   1.061 |    2.478 | 
     | U4182                | A v -> ZN ^  | OAI21_X1  | 0.028 |   1.090 |    2.506 | 
     | U4183                | A ^ -> ZN v  | OAI21_X1  | 0.031 |   1.121 |    2.537 | 
     | U4263                | S v -> Z v   | MUX2_X1   | 0.055 |   1.175 |    2.592 | 
     | U4264                | A v -> ZN v  | XNOR2_X1  | 0.040 |   1.216 |    2.632 | 
     | U4265                | B v -> ZN v  | XNOR2_X1  | 0.056 |   1.271 |    2.688 | 
     | U4273                | A v -> ZN ^  | INV_X1    | 0.018 |   1.289 |    2.706 | 
     | U4274                | A1 ^ -> ZN v | NAND3_X1  | 0.027 |   1.315 |    2.732 | 
     | U4278                | A1 v -> ZN ^ | NAND2_X1  | 0.023 |   1.338 |    2.755 | 
     | U4279                | B ^ -> ZN ^  | XNOR2_X1  | 0.041 |   1.379 |    2.796 | 
     | U4280                | A ^ -> Z ^   | XOR2_X1   | 0.074 |   1.453 |    2.870 | 
     | U4295                | A ^ -> S v   | FA_X1     | 0.103 |   1.556 |    2.973 | 
     | U4302                | B v -> Z v   | XOR2_X1   | 0.065 |   1.621 |    3.038 | 
     | U4303                | A v -> ZN ^  | OAI21_X1  | 0.027 |   1.648 |    3.065 | 
     | U4304                | A ^ -> ZN v  | OAI21_X1  | 0.031 |   1.679 |    3.096 | 
     | U4305                | A2 v -> ZN ^ | NOR2_X1   | 0.040 |   1.719 |    3.135 | 
     | U4306                | A2 ^ -> ZN v | NOR2_X1   | 0.014 |   1.733 |    3.149 | 
     | U4353                | A v -> ZN v  | XNOR2_X1  | 0.043 |   1.775 |    3.192 | 
     | U4357                | A v -> Z v   | XOR2_X1   | 0.056 |   1.832 |    3.248 | 
     | U4360                | B v -> ZN ^  | AOI211_X1 | 0.065 |   1.897 |    3.314 | 
     | U4361                | A ^ -> ZN v  | INV_X1    | 0.010 |   1.907 |    3.323 | 
     | U4362                | A v -> ZN ^  | OAI21_X1  | 0.050 |   1.957 |    3.373 | 
     | U4563                | C2 ^ -> ZN v | OAI211_X1 | 0.038 |   1.995 |    3.411 | 
     | U4053                | C2 v -> ZN ^ | OAI221_X1 | 0.100 |   2.095 |    3.511 | 
     | U4802                | A1 ^ -> ZN v | NAND4_X1  | 0.041 |   2.136 |    3.553 | 
     | U4804                | B2 v -> ZN ^ | AOI21_X1  | 0.091 |   2.228 |    3.644 | 
     | U4805                | A ^ -> ZN v  | INV_X1    | 0.026 |   2.254 |    3.670 | 
     | U5119                | B1 v -> ZN ^ | AOI221_X1 | 0.089 |   2.343 |    3.760 | 
     | U5120                | A ^ -> ZN v  | INV_X1    | 0.013 |   2.357 |    3.773 | 
     | U5500                | A1 v -> ZN v | OR3_X1    | 0.067 |   2.424 |    3.841 | 
     | U5503                | C2 v -> ZN ^ | AOI211_X1 | 0.046 |   2.470 |    3.887 | 
     | U5504                | A2 ^ -> ZN v | NOR2_X1   | 0.022 |   2.492 |    3.908 | 
     | U5825                | C1 v -> ZN ^ | AOI211_X1 | 0.042 |   2.533 |    3.950 | 
     | U5915                | B2 ^ -> ZN v | OAI21_X1  | 0.024 |   2.557 |    3.974 | 
     | U5917                | A1 v -> ZN ^ | NAND2_X1  | 0.026 |   2.584 |    4.000 | 
     | U6169                | A2 ^ -> ZN v | NAND3_X1  | 0.022 |   2.605 |    4.022 | 
     | U4030                | A1 v -> ZN ^ | NAND2_X1  | 0.035 |   2.641 |    4.058 | 
     | U6727                | C2 ^ -> ZN v | OAI211_X1 | 0.029 |   2.670 |    4.086 | 
     | U6730                | A v -> ZN ^  | OAI211_X1 | 0.027 |   2.696 |    4.113 | 
     | U6731                | A ^ -> ZN v  | OAI21_X1  | 0.025 |   2.721 |    4.138 | 
     | U4052                | B2 v -> ZN ^ | OAI21_X1  | 0.101 |   2.822 |    4.239 | 
     | U7202                | B2 ^ -> ZN v | OAI221_X1 | 0.043 |   2.865 |    4.282 | 
     | U7205                | C2 v -> ZN ^ | OAI211_X1 | 0.057 |   2.922 |    4.339 | 
     | U7206                | A ^ -> ZN v  | INV_X1    | 0.010 |   2.932 |    4.349 | 
     | U7207                | A1 v -> ZN ^ | NAND3_X1  | 0.022 |   2.955 |    4.371 | 
     | U7208                | A ^ -> ZN v  | INV_X1    | 0.008 |   2.962 |    4.379 | 
     | U7209                | A2 v -> ZN v | AND4_X1   | 0.036 |   2.998 |    4.414 | 
     | U4051                | A v -> ZN ^  | AOI211_X2 | 0.108 |   3.105 |    4.522 | 
     | U7774                | A ^ -> ZN v  | OAI21_X1  | 0.031 |   3.136 |    4.553 | 
     | U7775                | C2 v -> ZN ^ | AOI211_X1 | 0.048 |   3.184 |    4.601 | 
     | U7776                | A ^ -> ZN v  | AOI221_X1 | 0.026 |   3.210 |    4.627 | 
     | U3660                | A1 v -> ZN v | AND2_X1   | 0.042 |   3.253 |    4.669 | 
     | U3668                | B1 v -> ZN ^ | AOI22_X1  | 0.043 |   3.296 |    4.712 | 
     | U3669                | A ^ -> ZN v  | OAI21_X1  | 0.024 |   3.320 |    4.737 | 
     | p_reg_Y_temp_reg_56_ | D v          | DFF_X1    | 0.000 |   3.320 |    4.737 | 
     +------------------------------------------------------------------------------+ 
Path 9: MET Setup Check with Pin p_reg_Y_temp_reg_53_/CK 
Endpoint:   p_reg_Y_temp_reg_53_/D (v) checked with  leading edge of 'CLK'
Beginpoint: B_reg_Y_temp_reg_3_/Q  (^) triggered by  leading edge of 'CLK'
Path Groups: {CLK}
Analysis View: default
Other End Arrival Time          0.074
- Setup                         0.030
+ Phase Shift                   4.739
+ CPPR Adjustment               0.000
- Uncertainty                   0.050
= Required Time                 4.733
- Arrival Time                  3.192
= Slack Time                    1.541
     Clock Rise Edge                 0.000
     + Clock Network Latency (Prop)  0.049
     = Beginpoint Arrival Time       0.049
     +------------------------------------------------------------------------------+ 
     |       Instance       |     Arc      |   Cell    | Delay | Arrival | Required | 
     |                      |              |           |       |  Time   |   Time   | 
     |----------------------+--------------+-----------+-------+---------+----------| 
     | B_reg_Y_temp_reg_3_  | CK ^         |           |       |   0.049 |    1.590 | 
     | B_reg_Y_temp_reg_3_  | CK ^ -> Q ^  | DFF_X1    | 0.142 |   0.191 |    1.732 | 
     | U4095                | A2 ^ -> ZN v | NAND2_X1  | 0.035 |   0.226 |    1.766 | 
     | U4096                | A v -> ZN ^  | INV_X1    | 0.022 |   0.247 |    1.788 | 
     | U4115                | A1 ^ -> ZN v | NOR2_X1   | 0.016 |   0.263 |    1.804 | 
     | FE_OFC30_n7605       | A v -> Z v   | CLKBUF_X1 | 0.143 |   0.406 |    1.947 | 
     | U4033                | A v -> ZN ^  | INV_X2    | 0.130 |   0.537 |    2.077 | 
     | U4116                | B2 ^ -> ZN v | AOI22_X1  | 0.052 |   0.589 |    2.130 | 
     | U4042                | B v -> Z v   | XOR2_X1   | 0.083 |   0.672 |    2.213 | 
     | FE_OFC66_n7610       | A v -> Z v   | CLKBUF_X1 | 0.142 |   0.814 |    2.355 | 
     | U4003                | A v -> ZN ^  | INV_X4    | 0.129 |   0.943 |    2.484 | 
     | U4118                | B ^ -> Z ^   | XOR2_X1   | 0.097 |   1.040 |    2.581 | 
     | U4181                | A2 ^ -> ZN v | AOI22_X1  | 0.021 |   1.061 |    2.602 | 
     | U4182                | A v -> ZN ^  | OAI21_X1  | 0.028 |   1.090 |    2.630 | 
     | U4183                | A ^ -> ZN v  | OAI21_X1  | 0.031 |   1.121 |    2.661 | 
     | U4263                | S v -> Z v   | MUX2_X1   | 0.055 |   1.175 |    2.716 | 
     | U4264                | A v -> ZN v  | XNOR2_X1  | 0.040 |   1.216 |    2.756 | 
     | U4265                | B v -> ZN v  | XNOR2_X1  | 0.056 |   1.271 |    2.812 | 
     | U4273                | A v -> ZN ^  | INV_X1    | 0.018 |   1.289 |    2.830 | 
     | U4274                | A1 ^ -> ZN v | NAND3_X1  | 0.027 |   1.315 |    2.856 | 
     | U4278                | A1 v -> ZN ^ | NAND2_X1  | 0.023 |   1.338 |    2.879 | 
     | U4279                | B ^ -> ZN ^  | XNOR2_X1  | 0.041 |   1.379 |    2.920 | 
     | U4280                | A ^ -> Z ^   | XOR2_X1   | 0.074 |   1.453 |    2.994 | 
     | U4295                | A ^ -> S v   | FA_X1     | 0.103 |   1.556 |    3.097 | 
     | U4302                | B v -> Z v   | XOR2_X1   | 0.065 |   1.621 |    3.162 | 
     | U4303                | A v -> ZN ^  | OAI21_X1  | 0.027 |   1.648 |    3.189 | 
     | U4304                | A ^ -> ZN v  | OAI21_X1  | 0.031 |   1.679 |    3.220 | 
     | U4305                | A2 v -> ZN ^ | NOR2_X1   | 0.040 |   1.719 |    3.259 | 
     | U4306                | A2 ^ -> ZN v | NOR2_X1   | 0.014 |   1.733 |    3.274 | 
     | U4353                | A v -> ZN v  | XNOR2_X1  | 0.043 |   1.775 |    3.316 | 
     | U4357                | A v -> Z v   | XOR2_X1   | 0.056 |   1.832 |    3.372 | 
     | U4360                | B v -> ZN ^  | AOI211_X1 | 0.065 |   1.897 |    3.438 | 
     | U4361                | A ^ -> ZN v  | INV_X1    | 0.010 |   1.907 |    3.447 | 
     | U4362                | A v -> ZN ^  | OAI21_X1  | 0.050 |   1.957 |    3.498 | 
     | U4563                | C2 ^ -> ZN v | OAI211_X1 | 0.038 |   1.995 |    3.536 | 
     | U4053                | C2 v -> ZN ^ | OAI221_X1 | 0.100 |   2.095 |    3.635 | 
     | U4802                | A1 ^ -> ZN v | NAND4_X1  | 0.041 |   2.136 |    3.677 | 
     | U4804                | B2 v -> ZN ^ | AOI21_X1  | 0.091 |   2.228 |    3.768 | 
     | U4805                | A ^ -> ZN v  | INV_X1    | 0.026 |   2.254 |    3.795 | 
     | U5119                | B1 v -> ZN ^ | AOI221_X1 | 0.089 |   2.343 |    3.884 | 
     | U5120                | A ^ -> ZN v  | INV_X1    | 0.013 |   2.357 |    3.898 | 
     | U5500                | A1 v -> ZN v | OR3_X1    | 0.067 |   2.424 |    3.965 | 
     | U5503                | C2 v -> ZN ^ | AOI211_X1 | 0.046 |   2.470 |    4.011 | 
     | U5504                | A2 ^ -> ZN v | NOR2_X1   | 0.022 |   2.492 |    4.032 | 
     | U5825                | C1 v -> ZN ^ | AOI211_X1 | 0.042 |   2.533 |    4.074 | 
     | U5915                | B2 ^ -> ZN v | OAI21_X1  | 0.024 |   2.557 |    4.098 | 
     | U5917                | A1 v -> ZN ^ | NAND2_X1  | 0.026 |   2.584 |    4.124 | 
     | U6169                | A2 ^ -> ZN v | NAND3_X1  | 0.022 |   2.605 |    4.146 | 
     | U4030                | A1 v -> ZN ^ | NAND2_X1  | 0.035 |   2.641 |    4.182 | 
     | U6727                | C2 ^ -> ZN v | OAI211_X1 | 0.029 |   2.670 |    4.210 | 
     | U6730                | A v -> ZN ^  | OAI211_X1 | 0.027 |   2.696 |    4.237 | 
     | U6731                | A ^ -> ZN v  | OAI21_X1  | 0.025 |   2.721 |    4.262 | 
     | U4052                | B2 v -> ZN ^ | OAI21_X1  | 0.101 |   2.822 |    4.363 | 
     | U7202                | B2 ^ -> ZN v | OAI221_X1 | 0.043 |   2.865 |    4.406 | 
     | U7205                | C2 v -> ZN ^ | OAI211_X1 | 0.057 |   2.922 |    4.463 | 
     | U7206                | A ^ -> ZN v  | INV_X1    | 0.010 |   2.932 |    4.473 | 
     | U7207                | A1 v -> ZN ^ | NAND3_X1  | 0.022 |   2.955 |    4.495 | 
     | U7208                | A ^ -> ZN v  | INV_X1    | 0.008 |   2.962 |    4.503 | 
     | U7209                | A2 v -> ZN v | AND4_X1   | 0.036 |   2.998 |    4.539 | 
     | U4051                | A v -> ZN ^  | AOI211_X2 | 0.108 |   3.105 |    4.646 | 
     | U7781                | A ^ -> ZN v  | INV_X1    | 0.021 |   3.127 |    4.667 | 
     | U3678                | C1 v -> ZN ^ | OAI221_X1 | 0.041 |   3.168 |    4.708 | 
     | U3679                | A ^ -> ZN v  | OAI21_X1  | 0.024 |   3.192 |    4.733 | 
     | p_reg_Y_temp_reg_53_ | D v          | DFF_X1    | 0.000 |   3.192 |    4.733 | 
     +------------------------------------------------------------------------------+ 
Path 10: MET Setup Check with Pin p_reg_Y_temp_reg_55_/CK 
Endpoint:   p_reg_Y_temp_reg_55_/D (v) checked with  leading edge of 'CLK'
Beginpoint: B_reg_Y_temp_reg_3_/Q  (^) triggered by  leading edge of 'CLK'
Path Groups: {CLK}
Analysis View: default
Other End Arrival Time          0.072
- Setup                         0.030
+ Phase Shift                   4.739
+ CPPR Adjustment               0.000
- Uncertainty                   0.050
= Required Time                 4.731
- Arrival Time                  3.190
= Slack Time                    1.542
     Clock Rise Edge                 0.000
     + Clock Network Latency (Prop)  0.049
     = Beginpoint Arrival Time       0.049
     +------------------------------------------------------------------------------+ 
     |       Instance       |     Arc      |   Cell    | Delay | Arrival | Required | 
     |                      |              |           |       |  Time   |   Time   | 
     |----------------------+--------------+-----------+-------+---------+----------| 
     | B_reg_Y_temp_reg_3_  | CK ^         |           |       |   0.049 |    1.590 | 
     | B_reg_Y_temp_reg_3_  | CK ^ -> Q ^  | DFF_X1    | 0.142 |   0.191 |    1.732 | 
     | U4095                | A2 ^ -> ZN v | NAND2_X1  | 0.035 |   0.226 |    1.767 | 
     | U4096                | A v -> ZN ^  | INV_X1    | 0.022 |   0.247 |    1.789 | 
     | U4115                | A1 ^ -> ZN v | NOR2_X1   | 0.016 |   0.263 |    1.804 | 
     | FE_OFC30_n7605       | A v -> Z v   | CLKBUF_X1 | 0.143 |   0.406 |    1.948 | 
     | U4033                | A v -> ZN ^  | INV_X2    | 0.130 |   0.537 |    2.078 | 
     | U4116                | B2 ^ -> ZN v | AOI22_X1  | 0.052 |   0.589 |    2.130 | 
     | U4042                | B v -> Z v   | XOR2_X1   | 0.083 |   0.672 |    2.213 | 
     | FE_OFC66_n7610       | A v -> Z v   | CLKBUF_X1 | 0.142 |   0.814 |    2.355 | 
     | U4003                | A v -> ZN ^  | INV_X4    | 0.129 |   0.943 |    2.485 | 
     | U4118                | B ^ -> Z ^   | XOR2_X1   | 0.097 |   1.040 |    2.581 | 
     | U4181                | A2 ^ -> ZN v | AOI22_X1  | 0.021 |   1.061 |    2.603 | 
     | U4182                | A v -> ZN ^  | OAI21_X1  | 0.028 |   1.090 |    2.631 | 
     | U4183                | A ^ -> ZN v  | OAI21_X1  | 0.031 |   1.121 |    2.662 | 
     | U4263                | S v -> Z v   | MUX2_X1   | 0.055 |   1.175 |    2.717 | 
     | U4264                | A v -> ZN v  | XNOR2_X1  | 0.040 |   1.216 |    2.757 | 
     | U4265                | B v -> ZN v  | XNOR2_X1  | 0.056 |   1.271 |    2.813 | 
     | U4273                | A v -> ZN ^  | INV_X1    | 0.018 |   1.289 |    2.830 | 
     | U4274                | A1 ^ -> ZN v | NAND3_X1  | 0.027 |   1.315 |    2.857 | 
     | U4278                | A1 v -> ZN ^ | NAND2_X1  | 0.023 |   1.338 |    2.880 | 
     | U4279                | B ^ -> ZN ^  | XNOR2_X1  | 0.041 |   1.379 |    2.921 | 
     | U4280                | A ^ -> Z ^   | XOR2_X1   | 0.074 |   1.453 |    2.994 | 
     | U4295                | A ^ -> S v   | FA_X1     | 0.103 |   1.556 |    3.098 | 
     | U4302                | B v -> Z v   | XOR2_X1   | 0.065 |   1.621 |    3.163 | 
     | U4303                | A v -> ZN ^  | OAI21_X1  | 0.027 |   1.648 |    3.189 | 
     | U4304                | A ^ -> ZN v  | OAI21_X1  | 0.031 |   1.679 |    3.220 | 
     | U4305                | A2 v -> ZN ^ | NOR2_X1   | 0.040 |   1.719 |    3.260 | 
     | U4306                | A2 ^ -> ZN v | NOR2_X1   | 0.014 |   1.733 |    3.274 | 
     | U4353                | A v -> ZN v  | XNOR2_X1  | 0.043 |   1.775 |    3.317 | 
     | U4357                | A v -> Z v   | XOR2_X1   | 0.056 |   1.832 |    3.373 | 
     | U4360                | B v -> ZN ^  | AOI211_X1 | 0.065 |   1.897 |    3.438 | 
     | U4361                | A ^ -> ZN v  | INV_X1    | 0.010 |   1.907 |    3.448 | 
     | U4362                | A v -> ZN ^  | OAI21_X1  | 0.050 |   1.957 |    3.498 | 
     | U4563                | C2 ^ -> ZN v | OAI211_X1 | 0.038 |   1.995 |    3.536 | 
     | U4053                | C2 v -> ZN ^ | OAI221_X1 | 0.100 |   2.095 |    3.636 | 
     | U4802                | A1 ^ -> ZN v | NAND4_X1  | 0.041 |   2.136 |    3.678 | 
     | U4804                | B2 v -> ZN ^ | AOI21_X1  | 0.091 |   2.228 |    3.769 | 
     | U4805                | A ^ -> ZN v  | INV_X1    | 0.026 |   2.254 |    3.795 | 
     | U5119                | B1 v -> ZN ^ | AOI221_X1 | 0.089 |   2.343 |    3.885 | 
     | U5120                | A ^ -> ZN v  | INV_X1    | 0.013 |   2.357 |    3.898 | 
     | U5500                | A1 v -> ZN v | OR3_X1    | 0.067 |   2.424 |    3.966 | 
     | U5503                | C2 v -> ZN ^ | AOI211_X1 | 0.046 |   2.470 |    4.012 | 
     | U5504                | A2 ^ -> ZN v | NOR2_X1   | 0.022 |   2.492 |    4.033 | 
     | U5825                | C1 v -> ZN ^ | AOI211_X1 | 0.042 |   2.533 |    4.075 | 
     | U5915                | B2 ^ -> ZN v | OAI21_X1  | 0.024 |   2.557 |    4.099 | 
     | U5917                | A1 v -> ZN ^ | NAND2_X1  | 0.026 |   2.584 |    4.125 | 
     | U6169                | A2 ^ -> ZN v | NAND3_X1  | 0.022 |   2.605 |    4.147 | 
     | U4030                | A1 v -> ZN ^ | NAND2_X1  | 0.035 |   2.641 |    4.182 | 
     | U6727                | C2 ^ -> ZN v | OAI211_X1 | 0.029 |   2.670 |    4.211 | 
     | U6730                | A v -> ZN ^  | OAI211_X1 | 0.027 |   2.696 |    4.238 | 
     | U6731                | A ^ -> ZN v  | OAI21_X1  | 0.025 |   2.721 |    4.263 | 
     | U4052                | B2 v -> ZN ^ | OAI21_X1  | 0.101 |   2.822 |    4.364 | 
     | U7202                | B2 ^ -> ZN v | OAI221_X1 | 0.043 |   2.865 |    4.407 | 
     | U7205                | C2 v -> ZN ^ | OAI211_X1 | 0.057 |   2.922 |    4.464 | 
     | U7206                | A ^ -> ZN v  | INV_X1    | 0.010 |   2.932 |    4.474 | 
     | U7207                | A1 v -> ZN ^ | NAND3_X1  | 0.022 |   2.955 |    4.496 | 
     | U7208                | A ^ -> ZN v  | INV_X1    | 0.008 |   2.962 |    4.504 | 
     | U7209                | A2 v -> ZN v | AND4_X1   | 0.036 |   2.998 |    4.539 | 
     | U4051                | A v -> ZN ^  | AOI211_X2 | 0.108 |   3.105 |    4.647 | 
     | U7781                | A ^ -> ZN v  | INV_X1    | 0.021 |   3.127 |    4.668 | 
     | U3672                | C1 v -> ZN ^ | OAI221_X1 | 0.039 |   3.166 |    4.707 | 
     | U3673                | A ^ -> ZN v  | OAI21_X1  | 0.024 |   3.190 |    4.731 | 
     | p_reg_Y_temp_reg_55_ | D v          | DFF_X1    | 0.000 |   3.190 |    4.731 | 
     +------------------------------------------------------------------------------+ 

