###############################################################
#  Generated by:      Cadence Innovus 23.35-s106_1
#  OS:                Linux x86_64(Host ID microsys.openstack.polito)
#  Generated on:      Sat Oct 10 20:54:10 2026
#  Design:            boothmul_registered
#  Command:           report_timing -max_paths 10 > reports/10_setup_paths.rpt
###############################################################
Path 1: MET Setup Check with Pin p_reg_Y_temp_reg_45_/CK 
Endpoint:   p_reg_Y_temp_reg_45_/D (v) checked with  leading edge of 'CLK'
Beginpoint: B_reg_Y_temp_reg_9_/QN (v) triggered by  leading edge of 'CLK'
Path Groups: {CLK}
Analysis View: default
Other End Arrival Time          0.070
- Setup                         0.031
+ Phase Shift                   1.826
+ CPPR Adjustment               0.000
- Uncertainty                   0.050
= Required Time                 1.815
- Arrival Time                  1.535
= Slack Time                    0.280
     Clock Rise Edge                 0.000
     + Clock Network Latency (Prop)  0.048
     = Beginpoint Arrival Time       0.048
     +------------------------------------------------------------------------------+ 
     |       Instance       |     Arc      |   Cell    | Delay | Arrival | Required | 
     |                      |              |           |       |  Time   |   Time   | 
     |----------------------+--------------+-----------+-------+---------+----------| 
     | B_reg_Y_temp_reg_9_  | CK ^         |           |       |   0.048 |    0.328 | 
     | B_reg_Y_temp_reg_9_  | CK ^ -> QN v | DFF_X1    | 0.092 |   0.140 |    0.420 | 
     | U3116                | A1 v -> ZN v | AND2_X1   | 0.036 |   0.176 |    0.456 | 
     | U3340                | A v -> ZN ^  | INV_X1    | 0.011 |   0.188 |    0.468 | 
     | U3341                | A3 ^ -> ZN v | NAND3_X1  | 0.024 |   0.211 |    0.491 | 
     | FE_OFC1_n3184        | A v -> Z v   | CLKBUF_X1 | 0.142 |   0.353 |    0.633 | 
     | U5427                | B v -> Z v   | MUX2_X1   | 0.094 |   0.448 |    0.728 | 
     | U5429                | A2 v -> ZN v | AND2_X1   | 0.037 |   0.484 |    0.764 | 
     | U5484                | CI v -> S ^  | FA_X1     | 0.125 |   0.609 |    0.889 | 
     | U5579                | CI ^ -> S v  | FA_X1     | 0.104 |   0.713 |    0.993 | 
     | U3045                | A1 v -> ZN ^ | NAND2_X1  | 0.019 |   0.732 |    1.012 | 
     | U3046                | A3 ^ -> ZN v | NAND3_X1  | 0.026 |   0.758 |    1.038 | 
     | U5583                | CI v -> S ^  | FA_X1     | 0.114 |   0.872 |    1.152 | 
     | U5584                | A2 ^ -> ZN ^ | OR2_X1    | 0.030 |   0.903 |    1.183 | 
     | U6179                | A1 ^ -> ZN v | NAND2_X1  | 0.015 |   0.917 |    1.197 | 
     | U6180                | A v -> Z v   | XOR2_X1   | 0.055 |   0.973 |    1.253 | 
     | U3050                | A1 v -> ZN ^ | NAND2_X1  | 0.029 |   1.002 |    1.282 | 
     | U3175                | A4 ^ -> ZN ^ | AND4_X1   | 0.059 |   1.061 |    1.341 | 
     | U6244                | B1 ^ -> ZN v | AOI21_X1  | 0.022 |   1.082 |    1.362 | 
     | U6245                | A4 v -> ZN v | OR4_X1    | 0.123 |   1.205 |    1.485 | 
     | U6316                | A1 v -> ZN ^ | NAND2_X1  | 0.019 |   1.224 |    1.504 | 
     | U2743                | A1 ^ -> ZN ^ | AND2_X1   | 0.054 |   1.278 |    1.558 | 
     | U6482                | A3 ^ -> ZN v | NOR3_X1   | 0.016 |   1.295 |    1.575 | 
     | U6483                | A4 v -> ZN ^ | NOR4_X1   | 0.089 |   1.383 |    1.663 | 
     | U7409                | A2 ^ -> ZN ^ | OR2_X1    | 0.045 |   1.428 |    1.708 | 
     | U2833                | A1 ^ -> ZN ^ | AND2_X1   | 0.040 |   1.468 |    1.748 | 
     | U7416                | B ^ -> ZN ^  | XNOR2_X1  | 0.046 |   1.514 |    1.794 | 
     | U7824                | B2 ^ -> ZN v | OAI21_X1  | 0.021 |   1.535 |    1.815 | 
     | p_reg_Y_temp_reg_45_ | D v          | DFFS_X1   | 0.000 |   1.535 |    1.815 | 
     +------------------------------------------------------------------------------+ 
Path 2: MET Setup Check with Pin p_reg_Y_temp_reg_46_/CK 
Endpoint:   p_reg_Y_temp_reg_46_/D (v) checked with  leading edge of 'CLK'
Beginpoint: B_reg_Y_temp_reg_9_/QN (v) triggered by  leading edge of 'CLK'
Path Groups: {CLK}
Analysis View: default
Other End Arrival Time          0.070
- Setup                         0.031
+ Phase Shift                   1.826
+ CPPR Adjustment               0.000
- Uncertainty                   0.050
= Required Time                 1.815
- Arrival Time                  1.525
= Slack Time                    0.290
     Clock Rise Edge                 0.000
     + Clock Network Latency (Prop)  0.048
     = Beginpoint Arrival Time       0.048
     +------------------------------------------------------------------------------+ 
     |       Instance       |     Arc      |   Cell    | Delay | Arrival | Required | 
     |                      |              |           |       |  Time   |   Time   | 
     |----------------------+--------------+-----------+-------+---------+----------| 
     | B_reg_Y_temp_reg_9_  | CK ^         |           |       |   0.048 |    0.339 | 
     | B_reg_Y_temp_reg_9_  | CK ^ -> QN v | DFF_X1    | 0.092 |   0.140 |    0.431 | 
     | U3116                | A1 v -> ZN v | AND2_X1   | 0.036 |   0.176 |    0.467 | 
     | U3340                | A v -> ZN ^  | INV_X1    | 0.011 |   0.188 |    0.478 | 
     | U3341                | A3 ^ -> ZN v | NAND3_X1  | 0.024 |   0.211 |    0.502 | 
     | FE_OFC1_n3184        | A v -> Z v   | CLKBUF_X1 | 0.142 |   0.353 |    0.644 | 
     | U5427                | B v -> Z v   | MUX2_X1   | 0.094 |   0.448 |    0.738 | 
     | U5429                | A2 v -> ZN v | AND2_X1   | 0.037 |   0.484 |    0.775 | 
     | U5484                | CI v -> S ^  | FA_X1     | 0.125 |   0.609 |    0.899 | 
     | U5579                | CI ^ -> S v  | FA_X1     | 0.104 |   0.713 |    1.003 | 
     | U3045                | A1 v -> ZN ^ | NAND2_X1  | 0.019 |   0.732 |    1.023 | 
     | U3046                | A3 ^ -> ZN v | NAND3_X1  | 0.026 |   0.758 |    1.048 | 
     | U5583                | CI v -> S ^  | FA_X1     | 0.114 |   0.872 |    1.163 | 
     | U5584                | A2 ^ -> ZN ^ | OR2_X1    | 0.030 |   0.903 |    1.193 | 
     | U6179                | A1 ^ -> ZN v | NAND2_X1  | 0.015 |   0.917 |    1.208 | 
     | U6180                | A v -> Z v   | XOR2_X1   | 0.055 |   0.973 |    1.263 | 
     | U3050                | A1 v -> ZN ^ | NAND2_X1  | 0.029 |   1.002 |    1.292 | 
     | U3175                | A4 ^ -> ZN ^ | AND4_X1   | 0.059 |   1.061 |    1.351 | 
     | U6244                | B1 ^ -> ZN v | AOI21_X1  | 0.022 |   1.082 |    1.373 | 
     | U6245                | A4 v -> ZN v | OR4_X1    | 0.123 |   1.205 |    1.495 | 
     | U6316                | A1 v -> ZN ^ | NAND2_X1  | 0.019 |   1.224 |    1.514 | 
     | U2743                | A1 ^ -> ZN ^ | AND2_X1   | 0.054 |   1.278 |    1.568 | 
     | U6482                | A3 ^ -> ZN v | NOR3_X1   | 0.016 |   1.295 |    1.585 | 
     | U6483                | A4 v -> ZN ^ | NOR4_X1   | 0.089 |   1.383 |    1.673 | 
     | U7409                | A2 ^ -> ZN ^ | OR2_X1    | 0.045 |   1.428 |    1.718 | 
     | U7428                | A1 ^ -> ZN v | NAND2_X1  | 0.020 |   1.448 |    1.739 | 
     | U7429                | B1 v -> ZN ^ | AOI22_X1  | 0.054 |   1.502 |    1.792 | 
     | U2744                | B2 ^ -> ZN v | OAI21_X1  | 0.023 |   1.525 |    1.815 | 
     | p_reg_Y_temp_reg_46_ | D v          | DFFS_X1   | 0.000 |   1.525 |    1.815 | 
     +------------------------------------------------------------------------------+ 
Path 3: MET Setup Check with Pin p_reg_Y_temp_reg_47_/CK 
Endpoint:   p_reg_Y_temp_reg_47_/D (^) checked with  leading edge of 'CLK'
Beginpoint: B_reg_Y_temp_reg_9_/QN (v) triggered by  leading edge of 'CLK'
Path Groups: {CLK}
Analysis View: default
Other End Arrival Time          0.070
- Setup                         0.031
+ Phase Shift                   1.826
+ CPPR Adjustment               0.000
- Uncertainty                   0.050
= Required Time                 1.816
- Arrival Time                  1.523
= Slack Time                    0.292
     Clock Rise Edge                 0.000
     + Clock Network Latency (Prop)  0.048
     = Beginpoint Arrival Time       0.048
     +------------------------------------------------------------------------------+ 
     |       Instance       |     Arc      |   Cell    | Delay | Arrival | Required | 
     |                      |              |           |       |  Time   |   Time   | 
     |----------------------+--------------+-----------+-------+---------+----------| 
     | B_reg_Y_temp_reg_9_  | CK ^         |           |       |   0.048 |    0.341 | 
     | B_reg_Y_temp_reg_9_  | CK ^ -> QN v | DFF_X1    | 0.092 |   0.140 |    0.432 | 
     | U3116                | A1 v -> ZN v | AND2_X1   | 0.036 |   0.176 |    0.468 | 
     | U3340                | A v -> ZN ^  | INV_X1    | 0.011 |   0.188 |    0.480 | 
     | U3341                | A3 ^ -> ZN v | NAND3_X1  | 0.024 |   0.211 |    0.504 | 
     | FE_OFC1_n3184        | A v -> Z v   | CLKBUF_X1 | 0.142 |   0.353 |    0.646 | 
     | U5427                | B v -> Z v   | MUX2_X1   | 0.094 |   0.448 |    0.740 | 
     | U5429                | A2 v -> ZN v | AND2_X1   | 0.037 |   0.484 |    0.777 | 
     | U5484                | CI v -> S ^  | FA_X1     | 0.125 |   0.609 |    0.901 | 
     | U5579                | CI ^ -> S v  | FA_X1     | 0.104 |   0.713 |    1.005 | 
     | U3045                | A1 v -> ZN ^ | NAND2_X1  | 0.019 |   0.732 |    1.025 | 
     | U3046                | A3 ^ -> ZN v | NAND3_X1  | 0.026 |   0.758 |    1.050 | 
     | U5583                | CI v -> S ^  | FA_X1     | 0.114 |   0.872 |    1.165 | 
     | U5584                | A2 ^ -> ZN ^ | OR2_X1    | 0.030 |   0.903 |    1.195 | 
     | U6179                | A1 ^ -> ZN v | NAND2_X1  | 0.015 |   0.917 |    1.210 | 
     | U6180                | A v -> Z v   | XOR2_X1   | 0.055 |   0.973 |    1.265 | 
     | U3050                | A1 v -> ZN ^ | NAND2_X1  | 0.029 |   1.002 |    1.294 | 
     | U3175                | A4 ^ -> ZN ^ | AND4_X1   | 0.059 |   1.061 |    1.353 | 
     | U6244                | B1 ^ -> ZN v | AOI21_X1  | 0.022 |   1.082 |    1.375 | 
     | U6245                | A4 v -> ZN v | OR4_X1    | 0.123 |   1.205 |    1.497 | 
     | U6316                | A1 v -> ZN ^ | NAND2_X1  | 0.019 |   1.224 |    1.516 | 
     | U2743                | A1 ^ -> ZN ^ | AND2_X1   | 0.054 |   1.278 |    1.570 | 
     | U6482                | A3 ^ -> ZN v | NOR3_X1   | 0.016 |   1.295 |    1.587 | 
     | U6483                | A4 v -> ZN ^ | NOR4_X1   | 0.089 |   1.383 |    1.675 | 
     | U7409                | A2 ^ -> ZN ^ | OR2_X1    | 0.045 |   1.428 |    1.720 | 
     | U7428                | A1 ^ -> ZN v | NAND2_X1  | 0.020 |   1.448 |    1.741 | 
     | U7434                | B v -> ZN v  | XNOR2_X1  | 0.043 |   1.491 |    1.784 | 
     | U2963                | B2 v -> ZN ^ | OAI21_X1  | 0.032 |   1.523 |    1.816 | 
     | p_reg_Y_temp_reg_47_ | D ^          | DFFS_X1   | 0.000 |   1.523 |    1.816 | 
     +------------------------------------------------------------------------------+ 
Path 4: MET Setup Check with Pin p_reg_Y_temp_reg_51_/CK 
Endpoint:   p_reg_Y_temp_reg_51_/D (^) checked with  leading edge of 'CLK'
Beginpoint: B_reg_Y_temp_reg_9_/QN (v) triggered by  leading edge of 'CLK'
Path Groups: {CLK}
Analysis View: default
Other End Arrival Time          0.068
- Setup                         0.028
+ Phase Shift                   1.826
+ CPPR Adjustment               0.000
- Uncertainty                   0.050
= Required Time                 1.817
- Arrival Time                  1.522
= Slack Time                    0.294
     Clock Rise Edge                 0.000
     + Clock Network Latency (Prop)  0.048
     = Beginpoint Arrival Time       0.048
     +------------------------------------------------------------------------------+ 
     |       Instance       |     Arc      |   Cell    | Delay | Arrival | Required | 
     |                      |              |           |       |  Time   |   Time   | 
     |----------------------+--------------+-----------+-------+---------+----------| 
     | B_reg_Y_temp_reg_9_  | CK ^         |           |       |   0.048 |    0.343 | 
     | B_reg_Y_temp_reg_9_  | CK ^ -> QN v | DFF_X1    | 0.092 |   0.140 |    0.435 | 
     | U3116                | A1 v -> ZN v | AND2_X1   | 0.036 |   0.176 |    0.471 | 
     | U3340                | A v -> ZN ^  | INV_X1    | 0.011 |   0.188 |    0.482 | 
     | U3341                | A3 ^ -> ZN v | NAND3_X1  | 0.024 |   0.211 |    0.506 | 
     | FE_OFC1_n3184        | A v -> Z v   | CLKBUF_X1 | 0.142 |   0.353 |    0.648 | 
     | U5427                | B v -> Z v   | MUX2_X1   | 0.094 |   0.448 |    0.742 | 
     | U5429                | A2 v -> ZN v | AND2_X1   | 0.037 |   0.484 |    0.779 | 
     | U5484                | CI v -> S ^  | FA_X1     | 0.125 |   0.609 |    0.903 | 
     | U5579                | CI ^ -> S v  | FA_X1     | 0.104 |   0.713 |    1.007 | 
     | U3045                | A1 v -> ZN ^ | NAND2_X1  | 0.019 |   0.732 |    1.027 | 
     | U3046                | A3 ^ -> ZN v | NAND3_X1  | 0.026 |   0.758 |    1.052 | 
     | U5583                | CI v -> S ^  | FA_X1     | 0.114 |   0.872 |    1.167 | 
     | U5584                | A2 ^ -> ZN ^ | OR2_X1    | 0.030 |   0.903 |    1.197 | 
     | U6179                | A1 ^ -> ZN v | NAND2_X1  | 0.015 |   0.917 |    1.212 | 
     | U6180                | A v -> Z v   | XOR2_X1   | 0.055 |   0.973 |    1.267 | 
     | U3050                | A1 v -> ZN ^ | NAND2_X1  | 0.029 |   1.002 |    1.296 | 
     | U3175                | A4 ^ -> ZN ^ | AND4_X1   | 0.059 |   1.061 |    1.355 | 
     | U6244                | B1 ^ -> ZN v | AOI21_X1  | 0.022 |   1.082 |    1.377 | 
     | U6245                | A4 v -> ZN v | OR4_X1    | 0.123 |   1.205 |    1.499 | 
     | U6316                | A1 v -> ZN ^ | NAND2_X1  | 0.019 |   1.224 |    1.518 | 
     | U2743                | A1 ^ -> ZN ^ | AND2_X1   | 0.054 |   1.278 |    1.572 | 
     | U6482                | A3 ^ -> ZN v | NOR3_X1   | 0.016 |   1.295 |    1.589 | 
     | U6483                | A4 v -> ZN ^ | NOR4_X1   | 0.089 |   1.383 |    1.677 | 
     | U3065                | A2 ^ -> ZN ^ | OR2_X1    | 0.039 |   1.422 |    1.717 | 
     | U6487                | A1 ^ -> ZN v | NAND2_X1  | 0.025 |   1.447 |    1.742 | 
     | U3063                | A2 v -> ZN v | OR2_X1    | 0.053 |   1.500 |    1.794 | 
     | U3090                | B v -> ZN ^  | OAI211_X1 | 0.023 |   1.522 |    1.817 | 
     | p_reg_Y_temp_reg_51_ | D ^          | DFFS_X1   | 0.000 |   1.522 |    1.817 | 
     +------------------------------------------------------------------------------+ 
Path 5: MET Setup Check with Pin p_reg_Y_temp_reg_50_/CK 
Endpoint:   p_reg_Y_temp_reg_50_/D (^) checked with  leading edge of 'CLK'
Beginpoint: B_reg_Y_temp_reg_9_/QN (v) triggered by  leading edge of 'CLK'
Path Groups: {CLK}
Analysis View: default
Other End Arrival Time          0.067
- Setup                         0.029
+ Phase Shift                   1.826
+ CPPR Adjustment               0.000
- Uncertainty                   0.050
= Required Time                 1.814
- Arrival Time                  1.519
= Slack Time                    0.296
     Clock Rise Edge                 0.000
     + Clock Network Latency (Prop)  0.048
     = Beginpoint Arrival Time       0.048
     +------------------------------------------------------------------------------+ 
     |       Instance       |     Arc      |   Cell    | Delay | Arrival | Required | 
     |                      |              |           |       |  Time   |   Time   | 
     |----------------------+--------------+-----------+-------+---------+----------| 
     | B_reg_Y_temp_reg_9_  | CK ^         |           |       |   0.048 |    0.344 | 
     | B_reg_Y_temp_reg_9_  | CK ^ -> QN v | DFF_X1    | 0.092 |   0.140 |    0.436 | 
     | U3116                | A1 v -> ZN v | AND2_X1   | 0.036 |   0.176 |    0.472 | 
     | U3340                | A v -> ZN ^  | INV_X1    | 0.011 |   0.188 |    0.483 | 
     | U3341                | A3 ^ -> ZN v | NAND3_X1  | 0.024 |   0.211 |    0.507 | 
     | FE_OFC1_n3184        | A v -> Z v   | CLKBUF_X1 | 0.142 |   0.353 |    0.649 | 
     | U5427                | B v -> Z v   | MUX2_X1   | 0.094 |   0.448 |    0.743 | 
     | U5429                | A2 v -> ZN v | AND2_X1   | 0.037 |   0.484 |    0.780 | 
     | U5484                | CI v -> S ^  | FA_X1     | 0.125 |   0.609 |    0.905 | 
     | U5579                | CI ^ -> S v  | FA_X1     | 0.104 |   0.713 |    1.009 | 
     | U3045                | A1 v -> ZN ^ | NAND2_X1  | 0.019 |   0.732 |    1.028 | 
     | U3046                | A3 ^ -> ZN v | NAND3_X1  | 0.026 |   0.758 |    1.054 | 
     | U5583                | CI v -> S ^  | FA_X1     | 0.114 |   0.872 |    1.168 | 
     | U5584                | A2 ^ -> ZN ^ | OR2_X1    | 0.030 |   0.903 |    1.198 | 
     | U6179                | A1 ^ -> ZN v | NAND2_X1  | 0.015 |   0.917 |    1.213 | 
     | U6180                | A v -> Z v   | XOR2_X1   | 0.055 |   0.973 |    1.268 | 
     | U3050                | A1 v -> ZN ^ | NAND2_X1  | 0.029 |   1.002 |    1.297 | 
     | U3175                | A4 ^ -> ZN ^ | AND4_X1   | 0.059 |   1.061 |    1.356 | 
     | U6244                | B1 ^ -> ZN v | AOI21_X1  | 0.022 |   1.082 |    1.378 | 
     | U6245                | A4 v -> ZN v | OR4_X1    | 0.123 |   1.205 |    1.500 | 
     | U6316                | A1 v -> ZN ^ | NAND2_X1  | 0.019 |   1.224 |    1.520 | 
     | U2743                | A1 ^ -> ZN ^ | AND2_X1   | 0.054 |   1.278 |    1.574 | 
     | U6482                | A3 ^ -> ZN v | NOR3_X1   | 0.016 |   1.295 |    1.590 | 
     | U6483                | A4 v -> ZN ^ | NOR4_X1   | 0.089 |   1.383 |    1.679 | 
     | U3065                | A2 ^ -> ZN ^ | OR2_X1    | 0.039 |   1.422 |    1.718 | 
     | U6487                | A1 ^ -> ZN v | NAND2_X1  | 0.025 |   1.447 |    1.743 | 
     | U7002                | A v -> ZN v  | XNOR2_X1  | 0.040 |   1.488 |    1.783 | 
     | U7458                | B2 v -> ZN ^ | OAI21_X1  | 0.031 |   1.519 |    1.814 | 
     | p_reg_Y_temp_reg_50_ | D ^          | DFF_X1    | 0.000 |   1.519 |    1.814 | 
     +------------------------------------------------------------------------------+ 
Path 6: MET Setup Check with Pin p_reg_Y_temp_reg_48_/CK 
Endpoint:   p_reg_Y_temp_reg_48_/D (v) checked with  leading edge of 'CLK'
Beginpoint: B_reg_Y_temp_reg_9_/QN (v) triggered by  leading edge of 'CLK'
Path Groups: {CLK}
Analysis View: default
Other End Arrival Time          0.069
- Setup                         0.025
+ Phase Shift                   1.826
+ CPPR Adjustment               0.000
- Uncertainty                   0.050
= Required Time                 1.821
- Arrival Time                  1.520
= Slack Time                    0.301
     Clock Rise Edge                 0.000
     + Clock Network Latency (Prop)  0.048
     = Beginpoint Arrival Time       0.048
     +------------------------------------------------------------------------------+ 
     |       Instance       |     Arc      |   Cell    | Delay | Arrival | Required | 
     |                      |              |           |       |  Time   |   Time   | 
     |----------------------+--------------+-----------+-------+---------+----------| 
     | B_reg_Y_temp_reg_9_  | CK ^         |           |       |   0.048 |    0.349 | 
     | B_reg_Y_temp_reg_9_  | CK ^ -> QN v | DFF_X1    | 0.092 |   0.140 |    0.441 | 
     | U3116                | A1 v -> ZN v | AND2_X1   | 0.036 |   0.176 |    0.477 | 
     | U3340                | A v -> ZN ^  | INV_X1    | 0.011 |   0.188 |    0.488 | 
     | U3341                | A3 ^ -> ZN v | NAND3_X1  | 0.024 |   0.211 |    0.512 | 
     | FE_OFC1_n3184        | A v -> Z v   | CLKBUF_X1 | 0.142 |   0.353 |    0.654 | 
     | U5427                | B v -> Z v   | MUX2_X1   | 0.094 |   0.448 |    0.748 | 
     | U5429                | A2 v -> ZN v | AND2_X1   | 0.037 |   0.484 |    0.785 | 
     | U5484                | CI v -> S ^  | FA_X1     | 0.125 |   0.609 |    0.910 | 
     | U5579                | CI ^ -> S v  | FA_X1     | 0.104 |   0.713 |    1.014 | 
     | U3045                | A1 v -> ZN ^ | NAND2_X1  | 0.019 |   0.732 |    1.033 | 
     | U3046                | A3 ^ -> ZN v | NAND3_X1  | 0.026 |   0.758 |    1.059 | 
     | U5583                | CI v -> S ^  | FA_X1     | 0.114 |   0.872 |    1.173 | 
     | U5584                | A2 ^ -> ZN ^ | OR2_X1    | 0.030 |   0.903 |    1.203 | 
     | U6179                | A1 ^ -> ZN v | NAND2_X1  | 0.015 |   0.917 |    1.218 | 
     | U6180                | A v -> Z v   | XOR2_X1   | 0.055 |   0.973 |    1.273 | 
     | U3050                | A1 v -> ZN ^ | NAND2_X1  | 0.029 |   1.002 |    1.302 | 
     | U3175                | A4 ^ -> ZN ^ | AND4_X1   | 0.059 |   1.061 |    1.361 | 
     | U6244                | B1 ^ -> ZN v | AOI21_X1  | 0.022 |   1.082 |    1.383 | 
     | U6245                | A4 v -> ZN v | OR4_X1    | 0.123 |   1.205 |    1.505 | 
     | U6316                | A1 v -> ZN ^ | NAND2_X1  | 0.019 |   1.224 |    1.525 | 
     | U2743                | A1 ^ -> ZN ^ | AND2_X1   | 0.054 |   1.278 |    1.579 | 
     | U6482                | A3 ^ -> ZN v | NOR3_X1   | 0.016 |   1.295 |    1.595 | 
     | U6483                | A4 v -> ZN ^ | NOR4_X1   | 0.089 |   1.383 |    1.684 | 
     | U3065                | A2 ^ -> ZN ^ | OR2_X1    | 0.039 |   1.422 |    1.723 | 
     | U7435                | A1 ^ -> ZN v | NAND2_X1  | 0.018 |   1.441 |    1.741 | 
     | U2835                | A1 v -> ZN v | OR2_X1    | 0.046 |   1.487 |    1.787 | 
     | U3089                | A1 v -> ZN ^ | NAND3_X1  | 0.019 |   1.506 |    1.806 | 
     | U3087                | A1 ^ -> ZN v | NAND2_X1  | 0.014 |   1.520 |    1.821 | 
     | p_reg_Y_temp_reg_48_ | D v          | DFF_X1    | 0.000 |   1.520 |    1.821 | 
     +------------------------------------------------------------------------------+ 
Path 7: MET Setup Check with Pin p_reg_Y_temp_reg_49_/CK 
Endpoint:   p_reg_Y_temp_reg_49_/D (^) checked with  leading edge of 'CLK'
Beginpoint: B_reg_Y_temp_reg_9_/QN (v) triggered by  leading edge of 'CLK'
Path Groups: {CLK}
Analysis View: default
Other End Arrival Time          0.068
- Setup                         0.028
+ Phase Shift                   1.826
+ CPPR Adjustment               0.000
- Uncertainty                   0.050
= Required Time                 1.816
- Arrival Time                  1.512
= Slack Time                    0.305
     Clock Rise Edge                 0.000
     + Clock Network Latency (Prop)  0.048
     = Beginpoint Arrival Time       0.048
     +------------------------------------------------------------------------------+ 
     |       Instance       |     Arc      |   Cell    | Delay | Arrival | Required | 
     |                      |              |           |       |  Time   |   Time   | 
     |----------------------+--------------+-----------+-------+---------+----------| 
     | B_reg_Y_temp_reg_9_  | CK ^         |           |       |   0.048 |    0.353 | 
     | B_reg_Y_temp_reg_9_  | CK ^ -> QN v | DFF_X1    | 0.092 |   0.140 |    0.445 | 
     | U3116                | A1 v -> ZN v | AND2_X1   | 0.036 |   0.176 |    0.481 | 
     | U3340                | A v -> ZN ^  | INV_X1    | 0.011 |   0.188 |    0.492 | 
     | U3341                | A3 ^ -> ZN v | NAND3_X1  | 0.024 |   0.211 |    0.516 | 
     | FE_OFC1_n3184        | A v -> Z v   | CLKBUF_X1 | 0.142 |   0.353 |    0.658 | 
     | U5427                | B v -> Z v   | MUX2_X1   | 0.094 |   0.448 |    0.752 | 
     | U5429                | A2 v -> ZN v | AND2_X1   | 0.037 |   0.484 |    0.789 | 
     | U5484                | CI v -> S ^  | FA_X1     | 0.125 |   0.609 |    0.914 | 
     | U5579                | CI ^ -> S v  | FA_X1     | 0.104 |   0.713 |    1.018 | 
     | U3045                | A1 v -> ZN ^ | NAND2_X1  | 0.019 |   0.732 |    1.037 | 
     | U3046                | A3 ^ -> ZN v | NAND3_X1  | 0.026 |   0.758 |    1.063 | 
     | U5583                | CI v -> S ^  | FA_X1     | 0.114 |   0.872 |    1.177 | 
     | U5584                | A2 ^ -> ZN ^ | OR2_X1    | 0.030 |   0.903 |    1.207 | 
     | U6179                | A1 ^ -> ZN v | NAND2_X1  | 0.015 |   0.917 |    1.222 | 
     | U6180                | A v -> Z v   | XOR2_X1   | 0.055 |   0.973 |    1.277 | 
     | U3050                | A1 v -> ZN ^ | NAND2_X1  | 0.029 |   1.002 |    1.306 | 
     | U3175                | A4 ^ -> ZN ^ | AND4_X1   | 0.059 |   1.061 |    1.365 | 
     | U6244                | B1 ^ -> ZN v | AOI21_X1  | 0.022 |   1.082 |    1.387 | 
     | U6245                | A4 v -> ZN v | OR4_X1    | 0.123 |   1.205 |    1.510 | 
     | U6316                | A1 v -> ZN ^ | NAND2_X1  | 0.019 |   1.224 |    1.529 | 
     | U2743                | A1 ^ -> ZN ^ | AND2_X1   | 0.054 |   1.278 |    1.583 | 
     | U6482                | A3 ^ -> ZN v | NOR3_X1   | 0.016 |   1.295 |    1.599 | 
     | U6483                | A4 v -> ZN ^ | NOR4_X1   | 0.089 |   1.383 |    1.688 | 
     | U3065                | A2 ^ -> ZN ^ | OR2_X1    | 0.039 |   1.422 |    1.727 | 
     | U7435                | A1 ^ -> ZN v | NAND2_X1  | 0.018 |   1.441 |    1.745 | 
     | U2746                | C2 v -> ZN ^ | OAI211_X1 | 0.037 |   1.478 |    1.782 | 
     | U2745                | A ^ -> ZN v  | INV_X1    | 0.010 |   1.488 |    1.792 | 
     | U7826                | B1 v -> ZN ^ | OAI21_X1  | 0.024 |   1.512 |    1.816 | 
     | p_reg_Y_temp_reg_49_ | D ^          | DFF_X1    | 0.000 |   1.512 |    1.816 | 
     +------------------------------------------------------------------------------+ 
Path 8: MET Setup Check with Pin p_reg_Y_temp_reg_59_/CK 
Endpoint:   p_reg_Y_temp_reg_59_/D (v) checked with  leading edge of 'CLK'
Beginpoint: B_reg_Y_temp_reg_9_/QN (v) triggered by  leading edge of 'CLK'
Path Groups: {CLK}
Analysis View: default
Other End Arrival Time          0.070
- Setup                         0.027
+ Phase Shift                   1.826
+ CPPR Adjustment               0.000
- Uncertainty                   0.050
= Required Time                 1.819
- Arrival Time                  1.513
= Slack Time                    0.306
     Clock Rise Edge                 0.000
     + Clock Network Latency (Prop)  0.048
     = Beginpoint Arrival Time       0.048
     +------------------------------------------------------------------------------+ 
     |       Instance       |     Arc      |   Cell    | Delay | Arrival | Required | 
     |                      |              |           |       |  Time   |   Time   | 
     |----------------------+--------------+-----------+-------+---------+----------| 
     | B_reg_Y_temp_reg_9_  | CK ^         |           |       |   0.048 |    0.354 | 
     | B_reg_Y_temp_reg_9_  | CK ^ -> QN v | DFF_X1    | 0.092 |   0.140 |    0.446 | 
     | U3116                | A1 v -> ZN v | AND2_X1   | 0.036 |   0.176 |    0.482 | 
     | U3340                | A v -> ZN ^  | INV_X1    | 0.011 |   0.188 |    0.493 | 
     | U3341                | A3 ^ -> ZN v | NAND3_X1  | 0.024 |   0.211 |    0.517 | 
     | FE_OFC1_n3184        | A v -> Z v   | CLKBUF_X1 | 0.142 |   0.353 |    0.659 | 
     | U5427                | B v -> Z v   | MUX2_X1   | 0.094 |   0.448 |    0.753 | 
     | U5429                | A2 v -> ZN v | AND2_X1   | 0.037 |   0.484 |    0.790 | 
     | U5484                | CI v -> S ^  | FA_X1     | 0.125 |   0.609 |    0.915 | 
     | U5579                | CI ^ -> S v  | FA_X1     | 0.104 |   0.713 |    1.019 | 
     | U3045                | A1 v -> ZN ^ | NAND2_X1  | 0.019 |   0.732 |    1.038 | 
     | U3046                | A3 ^ -> ZN v | NAND3_X1  | 0.026 |   0.758 |    1.064 | 
     | U5583                | CI v -> S ^  | FA_X1     | 0.114 |   0.872 |    1.178 | 
     | U5584                | A2 ^ -> ZN ^ | OR2_X1    | 0.030 |   0.903 |    1.208 | 
     | U6179                | A1 ^ -> ZN v | NAND2_X1  | 0.015 |   0.917 |    1.223 | 
     | U6180                | A v -> Z v   | XOR2_X1   | 0.055 |   0.973 |    1.278 | 
     | U3050                | A1 v -> ZN ^ | NAND2_X1  | 0.029 |   1.002 |    1.307 | 
     | U3175                | A4 ^ -> ZN ^ | AND4_X1   | 0.059 |   1.061 |    1.366 | 
     | U6244                | B1 ^ -> ZN v | AOI21_X1  | 0.022 |   1.082 |    1.388 | 
     | U6245                | A4 v -> ZN v | OR4_X1    | 0.123 |   1.205 |    1.510 | 
     | U6316                | A1 v -> ZN ^ | NAND2_X1  | 0.019 |   1.224 |    1.530 | 
     | U2743                | A1 ^ -> ZN ^ | AND2_X1   | 0.054 |   1.278 |    1.584 | 
     | U2842                | C2 ^ -> ZN v | OAI211_X1 | 0.045 |   1.323 |    1.628 | 
     | U3054                | A2 v -> ZN v | OR2_X1    | 0.057 |   1.379 |    1.685 | 
     | U2506                | B1 v -> ZN ^ | AOI21_X1  | 0.038 |   1.417 |    1.723 | 
     | U7455                | A2 ^ -> ZN v | NOR3_X1   | 0.014 |   1.431 |    1.737 | 
     | U2476                | A3 v -> ZN v | OR3_X1    | 0.082 |   1.513 |    1.819 | 
     | p_reg_Y_temp_reg_59_ | D v          | DFF_X1    | 0.000 |   1.513 |    1.819 | 
     +------------------------------------------------------------------------------+ 
Path 9: MET Setup Check with Pin p_reg_Y_temp_reg_44_/CK 
Endpoint:   p_reg_Y_temp_reg_44_/D (^) checked with  leading edge of 'CLK'
Beginpoint: B_reg_Y_temp_reg_9_/QN (v) triggered by  leading edge of 'CLK'
Path Groups: {CLK}
Analysis View: default
Other End Arrival Time          0.071
- Setup                         0.025
+ Phase Shift                   1.826
+ CPPR Adjustment               0.000
- Uncertainty                   0.050
= Required Time                 1.822
- Arrival Time                  1.514
= Slack Time                    0.307
     Clock Rise Edge                 0.000
     + Clock Network Latency (Prop)  0.048
     = Beginpoint Arrival Time       0.048
     +------------------------------------------------------------------------------+ 
     |       Instance       |     Arc      |   Cell    | Delay | Arrival | Required | 
     |                      |              |           |       |  Time   |   Time   | 
     |----------------------+--------------+-----------+-------+---------+----------| 
     | B_reg_Y_temp_reg_9_  | CK ^         |           |       |   0.048 |    0.356 | 
     | B_reg_Y_temp_reg_9_  | CK ^ -> QN v | DFF_X1    | 0.092 |   0.140 |    0.447 | 
     | U3116                | A1 v -> ZN v | AND2_X1   | 0.036 |   0.176 |    0.483 | 
     | U3340                | A v -> ZN ^  | INV_X1    | 0.011 |   0.188 |    0.495 | 
     | U3341                | A3 ^ -> ZN v | NAND3_X1  | 0.024 |   0.211 |    0.519 | 
     | FE_OFC1_n3184        | A v -> Z v   | CLKBUF_X1 | 0.142 |   0.353 |    0.661 | 
     | U5427                | B v -> Z v   | MUX2_X1   | 0.094 |   0.448 |    0.755 | 
     | U5429                | A2 v -> ZN v | AND2_X1   | 0.037 |   0.484 |    0.792 | 
     | U5484                | CI v -> S ^  | FA_X1     | 0.125 |   0.609 |    0.916 | 
     | U5579                | CI ^ -> S v  | FA_X1     | 0.104 |   0.713 |    1.020 | 
     | U3045                | A1 v -> ZN ^ | NAND2_X1  | 0.019 |   0.732 |    1.040 | 
     | U3046                | A3 ^ -> ZN v | NAND3_X1  | 0.026 |   0.758 |    1.065 | 
     | U5583                | CI v -> S ^  | FA_X1     | 0.114 |   0.872 |    1.180 | 
     | U5584                | A2 ^ -> ZN ^ | OR2_X1    | 0.030 |   0.903 |    1.210 | 
     | U6179                | A1 ^ -> ZN v | NAND2_X1  | 0.015 |   0.917 |    1.225 | 
     | U6180                | A v -> Z v   | XOR2_X1   | 0.055 |   0.973 |    1.280 | 
     | U3050                | A1 v -> ZN ^ | NAND2_X1  | 0.029 |   1.002 |    1.309 | 
     | U3175                | A4 ^ -> ZN ^ | AND4_X1   | 0.059 |   1.061 |    1.368 | 
     | U6244                | B1 ^ -> ZN v | AOI21_X1  | 0.022 |   1.082 |    1.390 | 
     | U6245                | A4 v -> ZN v | OR4_X1    | 0.123 |   1.205 |    1.512 | 
     | U6316                | A1 v -> ZN ^ | NAND2_X1  | 0.019 |   1.224 |    1.531 | 
     | U2743                | A1 ^ -> ZN ^ | AND2_X1   | 0.054 |   1.278 |    1.585 | 
     | U6482                | A3 ^ -> ZN v | NOR3_X1   | 0.016 |   1.295 |    1.602 | 
     | U6483                | A4 v -> ZN ^ | NOR4_X1   | 0.089 |   1.383 |    1.690 | 
     | U7409                | A2 ^ -> ZN ^ | OR2_X1    | 0.045 |   1.428 |    1.735 | 
     | U7410                | A ^ -> ZN v  | XNOR2_X1  | 0.020 |   1.448 |    1.755 | 
     | U7822                | A2 v -> ZN v | OR2_X1    | 0.051 |   1.499 |    1.806 | 
     | U7823                | A1 v -> ZN ^ | NAND2_X1  | 0.015 |   1.514 |    1.822 | 
     | p_reg_Y_temp_reg_44_ | D ^          | DFFS_X1   | 0.000 |   1.514 |    1.822 | 
     +------------------------------------------------------------------------------+ 
Path 10: MET Setup Check with Pin p_reg_Y_temp_reg_62_/CK 
Endpoint:   p_reg_Y_temp_reg_62_/D (^) checked with  leading edge of 'CLK'
Beginpoint: B_reg_Y_temp_reg_9_/QN (v) triggered by  leading edge of 'CLK'
Path Groups: {CLK}
Analysis View: default
Other End Arrival Time          0.069
- Setup                         0.026
+ Phase Shift                   1.826
+ CPPR Adjustment               0.000
- Uncertainty                   0.050
= Required Time                 1.819
- Arrival Time                  1.495
= Slack Time                    0.324
     Clock Rise Edge                 0.000
     + Clock Network Latency (Prop)  0.048
     = Beginpoint Arrival Time       0.048
     +------------------------------------------------------------------------------+ 
     |       Instance       |     Arc      |   Cell    | Delay | Arrival | Required | 
     |                      |              |           |       |  Time   |   Time   | 
     |----------------------+--------------+-----------+-------+---------+----------| 
     | B_reg_Y_temp_reg_9_  | CK ^         |           |       |   0.048 |    0.372 | 
     | B_reg_Y_temp_reg_9_  | CK ^ -> QN v | DFF_X1    | 0.092 |   0.140 |    0.464 | 
     | U3116                | A1 v -> ZN v | AND2_X1   | 0.036 |   0.176 |    0.500 | 
     | U3340                | A v -> ZN ^  | INV_X1    | 0.011 |   0.188 |    0.511 | 
     | U3341                | A3 ^ -> ZN v | NAND3_X1  | 0.024 |   0.211 |    0.535 | 
     | FE_OFC1_n3184        | A v -> Z v   | CLKBUF_X1 | 0.142 |   0.353 |    0.677 | 
     | U5427                | B v -> Z v   | MUX2_X1   | 0.094 |   0.448 |    0.771 | 
     | U5429                | A2 v -> ZN v | AND2_X1   | 0.037 |   0.484 |    0.808 | 
     | U5484                | CI v -> S ^  | FA_X1     | 0.125 |   0.609 |    0.933 | 
     | U5579                | CI ^ -> S v  | FA_X1     | 0.104 |   0.713 |    1.037 | 
     | U3045                | A1 v -> ZN ^ | NAND2_X1  | 0.019 |   0.732 |    1.056 | 
     | U3046                | A3 ^ -> ZN v | NAND3_X1  | 0.026 |   0.758 |    1.082 | 
     | U5583                | CI v -> S ^  | FA_X1     | 0.114 |   0.872 |    1.196 | 
     | U5584                | A2 ^ -> ZN ^ | OR2_X1    | 0.030 |   0.903 |    1.227 | 
     | U6179                | A1 ^ -> ZN v | NAND2_X1  | 0.015 |   0.917 |    1.241 | 
     | U6180                | A v -> Z v   | XOR2_X1   | 0.055 |   0.973 |    1.296 | 
     | U3050                | A1 v -> ZN ^ | NAND2_X1  | 0.029 |   1.002 |    1.326 | 
     | U3175                | A4 ^ -> ZN ^ | AND4_X1   | 0.059 |   1.061 |    1.384 | 
     | U6244                | B1 ^ -> ZN v | AOI21_X1  | 0.022 |   1.082 |    1.406 | 
     | U6245                | A4 v -> ZN v | OR4_X1    | 0.123 |   1.205 |    1.529 | 
     | U6316                | A1 v -> ZN ^ | NAND2_X1  | 0.019 |   1.224 |    1.548 | 
     | U2743                | A1 ^ -> ZN ^ | AND2_X1   | 0.054 |   1.278 |    1.602 | 
     | U2842                | C2 ^ -> ZN v | OAI211_X1 | 0.045 |   1.323 |    1.647 | 
     | U3053                | C1 v -> ZN ^ | OAI211_X1 | 0.045 |   1.368 |    1.691 | 
     | U3061                | A2 ^ -> ZN ^ | AND2_X1   | 0.048 |   1.415 |    1.739 | 
     | U6496                | A ^ -> ZN ^  | XNOR2_X1  | 0.045 |   1.460 |    1.784 | 
     | U6497                | A1 ^ -> ZN v | NAND2_X1  | 0.019 |   1.479 |    1.803 | 
     | U7459                | A1 v -> ZN ^ | NAND2_X1  | 0.016 |   1.495 |    1.819 | 
     | p_reg_Y_temp_reg_62_ | D ^          | DFF_X1    | 0.000 |   1.495 |    1.819 | 
     +------------------------------------------------------------------------------+ 

