###############################################################
#  Generated by:      Cadence Innovus 23.35-s106_1
#  OS:                Linux x86_64(Host ID microsys.openstack.polito)
#  Generated on:      Sat Oct 10 22:38:40 2026
#  Design:            boothmul_registered
#  Command:           report_timing -early -max_paths 10 > reports/10_hold_paths.rpt
###############################################################
Path 1: MET Hold Check with Pin B_reg_Y_temp_reg_18_/CK 
Endpoint:   B_reg_Y_temp_reg_18_/D  (^) checked with  leading edge of 'CLK'
Beginpoint: B_reg_Y_temp_reg_18_/QN (v) triggered by  leading edge of 'CLK'
Path Groups: {CLK}
Analysis View: default
Other End Arrival Time          0.049
+ Hold                          0.020
+ Phase Shift                   0.000
- CPPR Adjustment               0.000
+ Uncertainty                   0.050
= Required Time                 0.118
  Arrival Time                  0.179
  Slack Time                    0.061
     Clock Rise Edge                 0.000
     + Clock Network Latency (Prop)  0.067
     = Beginpoint Arrival Time       0.067
     +-----------------------------------------------------------------------------+ 
     |       Instance       |     Arc      |   Cell   | Delay | Arrival | Required | 
     |                      |              |          |       |  Time   |   Time   | 
     |----------------------+--------------+----------+-------+---------+----------| 
     | B_reg_Y_temp_reg_18_ | CK ^         |          |       |   0.067 |    0.006 | 
     | B_reg_Y_temp_reg_18_ | CK ^ -> QN v | DFF_X1   | 0.089 |   0.157 |    0.096 | 
     | U160                 | A1 v -> ZN ^ | AOI22_X1 | 0.023 |   0.179 |    0.118 | 
     | B_reg_Y_temp_reg_18_ | D ^          | DFF_X1   | 0.000 |   0.179 |    0.118 | 
     +-----------------------------------------------------------------------------+ 
Path 2: MET Hold Check with Pin B_reg_Y_temp_reg_28_/CK 
Endpoint:   B_reg_Y_temp_reg_28_/D  (^) checked with  leading edge of 'CLK'
Beginpoint: B_reg_Y_temp_reg_28_/QN (v) triggered by  leading edge of 'CLK'
Path Groups: {CLK}
Analysis View: default
Other End Arrival Time          0.052
+ Hold                          0.020
+ Phase Shift                   0.000
- CPPR Adjustment               0.000
+ Uncertainty                   0.050
= Required Time                 0.122
  Arrival Time                  0.194
  Slack Time                    0.072
     Clock Rise Edge                 0.000
     + Clock Network Latency (Prop)  0.071
     = Beginpoint Arrival Time       0.071
     +-----------------------------------------------------------------------------+ 
     |       Instance       |     Arc      |   Cell   | Delay | Arrival | Required | 
     |                      |              |          |       |  Time   |   Time   | 
     |----------------------+--------------+----------+-------+---------+----------| 
     | B_reg_Y_temp_reg_28_ | CK ^         |          |       |   0.071 |   -0.001 | 
     | B_reg_Y_temp_reg_28_ | CK ^ -> QN v | DFF_X1   | 0.098 |   0.169 |    0.097 | 
     | U140                 | A1 v -> ZN ^ | AOI22_X1 | 0.025 |   0.194 |    0.122 | 
     | B_reg_Y_temp_reg_28_ | D ^          | DFF_X1   | 0.000 |   0.194 |    0.122 | 
     +-----------------------------------------------------------------------------+ 
Path 3: MET Hold Check with Pin p_reg_Y_temp_reg_38_/CK 
Endpoint:   p_reg_Y_temp_reg_38_/D (^) checked with  leading edge of 'CLK'
Beginpoint: p_reg_Y_temp_reg_38_/Q (^) triggered by  leading edge of 'CLK'
Path Groups: {CLK}
Analysis View: default
Other End Arrival Time          0.046
+ Hold                          0.017
+ Phase Shift                   0.000
- CPPR Adjustment               0.000
+ Uncertainty                   0.050
= Required Time                 0.114
  Arrival Time                  0.190
  Slack Time                    0.076
     Clock Rise Edge                 0.000
     + Clock Network Latency (Prop)  0.065
     = Beginpoint Arrival Time       0.065
     +-----------------------------------------------------------------------------+ 
     |       Instance       |     Arc      |   Cell   | Delay | Arrival | Required | 
     |                      |              |          |       |  Time   |   Time   | 
     |----------------------+--------------+----------+-------+---------+----------| 
     | p_reg_Y_temp_reg_38_ | CK ^         |          |       |   0.065 |   -0.012 | 
     | p_reg_Y_temp_reg_38_ | CK ^ -> Q ^  | DFF_X1   | 0.100 |   0.165 |    0.088 | 
     | U6308                | A2 ^ -> ZN v | NAND2_X1 | 0.013 |   0.178 |    0.102 | 
     | U6309                | A1 v -> ZN ^ | NAND2_X1 | 0.012 |   0.190 |    0.114 | 
     | p_reg_Y_temp_reg_38_ | D ^          | DFF_X1   | 0.000 |   0.190 |    0.114 | 
     +-----------------------------------------------------------------------------+ 
Path 4: MET Hold Check with Pin p_reg_Y_temp_reg_4_/CK 
Endpoint:   p_reg_Y_temp_reg_4_/D (^) checked with  leading edge of 'CLK'
Beginpoint: p_reg_Y_temp_reg_4_/Q (^) triggered by  leading edge of 'CLK'
Path Groups: {CLK}
Analysis View: default
Other End Arrival Time          0.054
+ Hold                          0.018
+ Phase Shift                   0.000
- CPPR Adjustment               0.000
+ Uncertainty                   0.050
= Required Time                 0.122
  Arrival Time                  0.198
  Slack Time                    0.077
     Clock Rise Edge                 0.000
     + Clock Network Latency (Prop)  0.072
     = Beginpoint Arrival Time       0.072
     +----------------------------------------------------------------------------+ 
     |      Instance       |     Arc      |   Cell   | Delay | Arrival | Required | 
     |                     |              |          |       |  Time   |   Time   | 
     |---------------------+--------------+----------+-------+---------+----------| 
     | p_reg_Y_temp_reg_4_ | CK ^         |          |       |   0.072 |   -0.004 | 
     | p_reg_Y_temp_reg_4_ | CK ^ -> Q ^  | DFF_X1   | 0.101 |   0.173 |    0.097 | 
     | U6240               | A2 ^ -> ZN v | NAND2_X1 | 0.013 |   0.186 |    0.110 | 
     | U6241               | A1 v -> ZN ^ | NAND2_X1 | 0.012 |   0.198 |    0.122 | 
     | p_reg_Y_temp_reg_4_ | D ^          | DFF_X1   | 0.000 |   0.198 |    0.122 | 
     +----------------------------------------------------------------------------+ 
Path 5: MET Hold Check with Pin p_reg_Y_temp_reg_39_/CK 
Endpoint:   p_reg_Y_temp_reg_39_/D (^) checked with  leading edge of 'CLK'
Beginpoint: p_reg_Y_temp_reg_39_/Q (^) triggered by  leading edge of 'CLK'
Path Groups: {CLK}
Analysis View: default
Other End Arrival Time          0.046
+ Hold                          0.017
+ Phase Shift                   0.000
- CPPR Adjustment               0.000
+ Uncertainty                   0.050
= Required Time                 0.114
  Arrival Time                  0.190
  Slack Time                    0.077
     Clock Rise Edge                 0.000
     + Clock Network Latency (Prop)  0.065
     = Beginpoint Arrival Time       0.065
     +-----------------------------------------------------------------------------+ 
     |       Instance       |     Arc      |   Cell   | Delay | Arrival | Required | 
     |                      |              |          |       |  Time   |   Time   | 
     |----------------------+--------------+----------+-------+---------+----------| 
     | p_reg_Y_temp_reg_39_ | CK ^         |          |       |   0.065 |   -0.012 | 
     | p_reg_Y_temp_reg_39_ | CK ^ -> Q ^  | DFF_X1   | 0.100 |   0.165 |    0.088 | 
     | U6310                | A2 ^ -> ZN v | NAND2_X1 | 0.013 |   0.178 |    0.101 | 
     | U6311                | A1 v -> ZN ^ | NAND2_X1 | 0.012 |   0.190 |    0.114 | 
     | p_reg_Y_temp_reg_39_ | D ^          | DFF_X1   | 0.000 |   0.190 |    0.114 | 
     +-----------------------------------------------------------------------------+ 
Path 6: MET Hold Check with Pin p_reg_Y_temp_reg_37_/CK 
Endpoint:   p_reg_Y_temp_reg_37_/D (^) checked with  leading edge of 'CLK'
Beginpoint: p_reg_Y_temp_reg_37_/Q (^) triggered by  leading edge of 'CLK'
Path Groups: {CLK}
Analysis View: default
Other End Arrival Time          0.046
+ Hold                          0.017
+ Phase Shift                   0.000
- CPPR Adjustment               0.000
+ Uncertainty                   0.050
= Required Time                 0.114
  Arrival Time                  0.191
  Slack Time                    0.077
     Clock Rise Edge                 0.000
     + Clock Network Latency (Prop)  0.065
     = Beginpoint Arrival Time       0.065
     +-----------------------------------------------------------------------------+ 
     |       Instance       |     Arc      |   Cell   | Delay | Arrival | Required | 
     |                      |              |          |       |  Time   |   Time   | 
     |----------------------+--------------+----------+-------+---------+----------| 
     | p_reg_Y_temp_reg_37_ | CK ^         |          |       |   0.065 |   -0.012 | 
     | p_reg_Y_temp_reg_37_ | CK ^ -> Q ^  | DFF_X1   | 0.100 |   0.166 |    0.089 | 
     | U6306                | A2 ^ -> ZN v | NAND2_X1 | 0.013 |   0.179 |    0.102 | 
     | U6307                | A1 v -> ZN ^ | NAND2_X1 | 0.012 |   0.191 |    0.114 | 
     | p_reg_Y_temp_reg_37_ | D ^          | DFF_X1   | 0.000 |   0.191 |    0.114 | 
     +-----------------------------------------------------------------------------+ 
Path 7: MET Hold Check with Pin p_reg_Y_temp_reg_25_/CK 
Endpoint:   p_reg_Y_temp_reg_25_/D (^) checked with  leading edge of 'CLK'
Beginpoint: p_reg_Y_temp_reg_25_/Q (^) triggered by  leading edge of 'CLK'
Path Groups: {CLK}
Analysis View: default
Other End Arrival Time          0.047
+ Hold                          0.017
+ Phase Shift                   0.000
- CPPR Adjustment               0.000
+ Uncertainty                   0.050
= Required Time                 0.115
  Arrival Time                  0.192
  Slack Time                    0.077
     Clock Rise Edge                 0.000
     + Clock Network Latency (Prop)  0.066
     = Beginpoint Arrival Time       0.066
     +-----------------------------------------------------------------------------+ 
     |       Instance       |     Arc      |   Cell   | Delay | Arrival | Required | 
     |                      |              |          |       |  Time   |   Time   | 
     |----------------------+--------------+----------+-------+---------+----------| 
     | p_reg_Y_temp_reg_25_ | CK ^         |          |       |   0.066 |   -0.011 | 
     | p_reg_Y_temp_reg_25_ | CK ^ -> Q ^  | DFF_X1   | 0.100 |   0.166 |    0.089 | 
     | U6282                | A2 ^ -> ZN v | NAND2_X1 | 0.013 |   0.179 |    0.103 | 
     | U6283                | A1 v -> ZN ^ | NAND2_X1 | 0.012 |   0.192 |    0.115 | 
     | p_reg_Y_temp_reg_25_ | D ^          | DFF_X1   | 0.000 |   0.192 |    0.115 | 
     +-----------------------------------------------------------------------------+ 
Path 8: MET Hold Check with Pin p_reg_Y_temp_reg_22_/CK 
Endpoint:   p_reg_Y_temp_reg_22_/D (^) checked with  leading edge of 'CLK'
Beginpoint: p_reg_Y_temp_reg_22_/Q (^) triggered by  leading edge of 'CLK'
Path Groups: {CLK}
Analysis View: default
Other End Arrival Time          0.047
+ Hold                          0.017
+ Phase Shift                   0.000
- CPPR Adjustment               0.000
+ Uncertainty                   0.050
= Required Time                 0.115
  Arrival Time                  0.192
  Slack Time                    0.077
     Clock Rise Edge                 0.000
     + Clock Network Latency (Prop)  0.066
     = Beginpoint Arrival Time       0.066
     +-----------------------------------------------------------------------------+ 
     |       Instance       |     Arc      |   Cell   | Delay | Arrival | Required | 
     |                      |              |          |       |  Time   |   Time   | 
     |----------------------+--------------+----------+-------+---------+----------| 
     | p_reg_Y_temp_reg_22_ | CK ^         |          |       |   0.066 |   -0.011 | 
     | p_reg_Y_temp_reg_22_ | CK ^ -> Q ^  | DFF_X1   | 0.100 |   0.166 |    0.089 | 
     | U6276                | A2 ^ -> ZN v | NAND2_X1 | 0.013 |   0.180 |    0.103 | 
     | U6277                | A1 v -> ZN ^ | NAND2_X1 | 0.012 |   0.192 |    0.115 | 
     | p_reg_Y_temp_reg_22_ | D ^          | DFF_X1   | 0.000 |   0.192 |    0.115 | 
     +-----------------------------------------------------------------------------+ 
Path 9: MET Hold Check with Pin p_reg_Y_temp_reg_35_/CK 
Endpoint:   p_reg_Y_temp_reg_35_/D (^) checked with  leading edge of 'CLK'
Beginpoint: p_reg_Y_temp_reg_35_/Q (^) triggered by  leading edge of 'CLK'
Path Groups: {CLK}
Analysis View: default
Other End Arrival Time          0.047
+ Hold                          0.017
+ Phase Shift                   0.000
- CPPR Adjustment               0.000
+ Uncertainty                   0.050
= Required Time                 0.114
  Arrival Time                  0.191
  Slack Time                    0.077
     Clock Rise Edge                 0.000
     + Clock Network Latency (Prop)  0.065
     = Beginpoint Arrival Time       0.065
     +-----------------------------------------------------------------------------+ 
     |       Instance       |     Arc      |   Cell   | Delay | Arrival | Required | 
     |                      |              |          |       |  Time   |   Time   | 
     |----------------------+--------------+----------+-------+---------+----------| 
     | p_reg_Y_temp_reg_35_ | CK ^         |          |       |   0.065 |   -0.012 | 
     | p_reg_Y_temp_reg_35_ | CK ^ -> Q ^  | DFF_X1   | 0.100 |   0.166 |    0.089 | 
     | U6302                | A2 ^ -> ZN v | NAND2_X1 | 0.013 |   0.179 |    0.102 | 
     | U6303                | A1 v -> ZN ^ | NAND2_X1 | 0.012 |   0.191 |    0.114 | 
     | p_reg_Y_temp_reg_35_ | D ^          | DFF_X1   | 0.000 |   0.191 |    0.114 | 
     +-----------------------------------------------------------------------------+ 
Path 10: MET Hold Check with Pin p_reg_Y_temp_reg_33_/CK 
Endpoint:   p_reg_Y_temp_reg_33_/D (^) checked with  leading edge of 'CLK'
Beginpoint: p_reg_Y_temp_reg_33_/Q (^) triggered by  leading edge of 'CLK'
Path Groups: {CLK}
Analysis View: default
Other End Arrival Time          0.047
+ Hold                          0.017
+ Phase Shift                   0.000
- CPPR Adjustment               0.000
+ Uncertainty                   0.050
= Required Time                 0.114
  Arrival Time                  0.191
  Slack Time                    0.077
     Clock Rise Edge                 0.000
     + Clock Network Latency (Prop)  0.065
     = Beginpoint Arrival Time       0.065
     +-----------------------------------------------------------------------------+ 
     |       Instance       |     Arc      |   Cell   | Delay | Arrival | Required | 
     |                      |              |          |       |  Time   |   Time   | 
     |----------------------+--------------+----------+-------+---------+----------| 
     | p_reg_Y_temp_reg_33_ | CK ^         |          |       |   0.065 |   -0.012 | 
     | p_reg_Y_temp_reg_33_ | CK ^ -> Q ^  | DFF_X1   | 0.100 |   0.166 |    0.089 | 
     | U6298                | A2 ^ -> ZN v | NAND2_X1 | 0.013 |   0.179 |    0.102 | 
     | U6299                | A1 v -> ZN ^ | NAND2_X1 | 0.012 |   0.191 |    0.114 | 
     | p_reg_Y_temp_reg_33_ | D ^          | DFF_X1   | 0.000 |   0.191 |    0.114 | 
     +-----------------------------------------------------------------------------+ 

