###############################################################
#  Generated by:      Cadence Innovus 23.35-s106_1
#  OS:                Linux x86_64(Host ID microsys.openstack.polito)
#  Generated on:      Sat Oct 10 20:36:54 2026
#  Design:            boothmul_registered
#  Command:           report_timing -max_paths 10 > reports/10_setup_paths.rpt
###############################################################
Path 1: MET Setup Check with Pin p_reg_Y_temp_reg_62_/CK 
Endpoint:   p_reg_Y_temp_reg_62_/D (^) checked with  leading edge of 'CLK'
Beginpoint: B_reg_Y_temp_reg_15_/Q (v) triggered by  leading edge of 'CLK'
Path Groups: {CLK}
Analysis View: default
Other End Arrival Time          0.061
- Setup                         0.028
+ Phase Shift                   1.904
+ CPPR Adjustment               0.000
- Uncertainty                   0.050
= Required Time                 1.888
- Arrival Time                  1.803
= Slack Time                    0.084
     Clock Rise Edge                 0.000
     + Clock Network Latency (Prop)  0.056
     = Beginpoint Arrival Time       0.056
     +------------------------------------------------------------------------------+ 
     |       Instance       |     Arc      |   Cell    | Delay | Arrival | Required | 
     |                      |              |           |       |  Time   |   Time   | 
     |----------------------+--------------+-----------+-------+---------+----------| 
     | B_reg_Y_temp_reg_15_ | CK ^         |           |       |   0.056 |    0.140 | 
     | B_reg_Y_temp_reg_15_ | CK ^ -> Q v  | DFF_X1    | 0.098 |   0.155 |    0.239 | 
     | U5978                | A1 v -> ZN ^ | NAND2_X1  | 0.027 |   0.181 |    0.266 | 
     | U5045                | A1 ^ -> ZN ^ | AND2_X1   | 0.111 |   0.292 |    0.376 | 
     | U5996                | C1 ^ -> ZN v | OAI211_X1 | 0.064 |   0.356 |    0.440 | 
     | U6262                | A v -> ZN ^  | XNOR2_X1  | 0.049 |   0.405 |    0.489 | 
     | U4034                | A1 ^ -> ZN v | NAND2_X2  | 0.069 |   0.474 |    0.558 | 
     | FE_DBTC4_n5770       | A v -> ZN ^  | INV_X2    | 0.148 |   0.622 |    0.706 | 
     | U4864                | A ^ -> ZN ^  | XNOR2_X1  | 0.059 |   0.681 |    0.765 | 
     | FE_OFC43_n9056       | A ^ -> Z ^   | CLKBUF_X1 | 0.107 |   0.788 |    0.872 | 
     | U9478                | A ^ -> S v   | FA_X1     | 0.118 |   0.905 |    0.989 | 
     | U9485                | B v -> S ^   | FA_X1     | 0.131 |   1.036 |    1.121 | 
     | U9741                | A ^ -> ZN v  | INV_X1    | 0.012 |   1.048 |    1.133 | 
     | U9743                | A1 v -> ZN v | AND2_X1   | 0.032 |   1.080 |    1.164 | 
     | U9750                | A v -> ZN v  | XNOR2_X1  | 0.039 |   1.119 |    1.203 | 
     | U9770                | A v -> ZN v  | XNOR2_X1  | 0.047 |   1.166 |    1.250 | 
     | U9779                | CI v -> S ^  | FA_X1     | 0.139 |   1.304 |    1.389 | 
     | U5112                | A2 ^ -> ZN ^ | AND2_X1   | 0.053 |   1.357 |    1.441 | 
     | U5176                | A2 ^ -> ZN ^ | OR2_X1    | 0.028 |   1.385 |    1.469 | 
     | U10230               | A1 ^ -> ZN v | NOR4_X1   | 0.011 |   1.396 |    1.480 | 
     | U4857                | A4 v -> ZN v | OR4_X1    | 0.117 |   1.512 |    1.597 | 
     | U4856                | A1 v -> ZN ^ | NAND4_X1  | 0.033 |   1.546 |    1.630 | 
     | U4735                | A1 ^ -> ZN ^ | AND3_X1   | 0.053 |   1.599 |    1.683 | 
     | U5287                | A1 ^ -> ZN ^ | OR4_X2    | 0.030 |   1.629 |    1.713 | 
     | U4618                | A1 ^ -> ZN ^ | AND2_X1   | 0.055 |   1.684 |    1.768 | 
     | U10293               | A1 ^ -> ZN v | NOR2_X1   | 0.014 |   1.698 |    1.782 | 
     | U4488                | A1 v -> ZN v | OR4_X1    | 0.084 |   1.782 |    1.866 | 
     | U10881               | A2 v -> ZN ^ | NAND3_X1  | 0.022 |   1.803 |    1.888 | 
     | p_reg_Y_temp_reg_62_ | D ^          | DFF_X1    | 0.000 |   1.803 |    1.888 | 
     +------------------------------------------------------------------------------+ 
Path 2: MET Setup Check with Pin p_reg_Y_temp_reg_40_/CK 
Endpoint:   p_reg_Y_temp_reg_40_/D (v) checked with  leading edge of 'CLK'
Beginpoint: B_reg_Y_temp_reg_15_/Q (v) triggered by  leading edge of 'CLK'
Path Groups: {CLK}
Analysis View: default
Other End Arrival Time          0.061
- Setup                         0.035
+ Phase Shift                   1.904
+ CPPR Adjustment               0.000
- Uncertainty                   0.050
= Required Time                 1.880
- Arrival Time                  1.794
= Slack Time                    0.086
     Clock Rise Edge                 0.000
     + Clock Network Latency (Prop)  0.056
     = Beginpoint Arrival Time       0.056
     +------------------------------------------------------------------------------+ 
     |       Instance       |     Arc      |   Cell    | Delay | Arrival | Required | 
     |                      |              |           |       |  Time   |   Time   | 
     |----------------------+--------------+-----------+-------+---------+----------| 
     | B_reg_Y_temp_reg_15_ | CK ^         |           |       |   0.056 |    0.142 | 
     | B_reg_Y_temp_reg_15_ | CK ^ -> Q v  | DFF_X1    | 0.098 |   0.155 |    0.241 | 
     | U5978                | A1 v -> ZN ^ | NAND2_X1  | 0.027 |   0.181 |    0.268 | 
     | U5045                | A1 ^ -> ZN ^ | AND2_X1   | 0.111 |   0.292 |    0.379 | 
     | U5996                | C1 ^ -> ZN v | OAI211_X1 | 0.064 |   0.356 |    0.442 | 
     | U6262                | A v -> ZN v  | XNOR2_X1  | 0.055 |   0.411 |    0.497 | 
     | U4034                | A1 v -> ZN ^ | NAND2_X2  | 0.080 |   0.491 |    0.577 | 
     | FE_DBTC4_n5770       | A ^ -> ZN v  | INV_X2    | 0.096 |   0.587 |    0.673 | 
     | U4864                | A v -> ZN v  | XNOR2_X1  | 0.060 |   0.647 |    0.733 | 
     | FE_OFC43_n9056       | A v -> Z v   | CLKBUF_X1 | 0.115 |   0.762 |    0.848 | 
     | U9478                | A v -> S ^   | FA_X1     | 0.153 |   0.915 |    1.002 | 
     | U9485                | B ^ -> S v   | FA_X1     | 0.102 |   1.017 |    1.103 | 
     | U9741                | A v -> ZN ^  | INV_X1    | 0.021 |   1.038 |    1.124 | 
     | U9743                | A1 ^ -> ZN ^ | AND2_X1   | 0.039 |   1.077 |    1.163 | 
     | U9750                | A ^ -> ZN ^  | XNOR2_X1  | 0.042 |   1.118 |    1.205 | 
     | U9770                | A ^ -> ZN ^  | XNOR2_X1  | 0.052 |   1.170 |    1.257 | 
     | U9779                | CI ^ -> S v  | FA_X1     | 0.118 |   1.288 |    1.375 | 
     | U5112                | A2 v -> ZN v | AND2_X1   | 0.049 |   1.337 |    1.424 | 
     | U5176                | A2 v -> ZN v | OR2_X1    | 0.049 |   1.386 |    1.473 | 
     | U10230               | A1 v -> ZN ^ | NOR4_X1   | 0.061 |   1.447 |    1.533 | 
     | U4857                | A4 ^ -> ZN ^ | OR4_X1    | 0.043 |   1.489 |    1.576 | 
     | U4856                | A1 ^ -> ZN v | NAND4_X1  | 0.041 |   1.531 |    1.617 | 
     | U4735                | A1 v -> ZN v | AND3_X1   | 0.046 |   1.576 |    1.663 | 
     | U5287                | A1 v -> ZN v | OR4_X2    | 0.081 |   1.657 |    1.743 | 
     | U4618                | A1 v -> ZN v | AND2_X1   | 0.046 |   1.703 |    1.789 | 
     | U5025                | A1 v -> ZN ^ | NOR2_X1   | 0.029 |   1.732 |    1.818 | 
     | U10774               | A ^ -> ZN ^  | XNOR2_X1  | 0.042 |   1.774 |    1.861 | 
     | U11002               | B2 ^ -> ZN v | OAI21_X1  | 0.020 |   1.794 |    1.880 | 
     | p_reg_Y_temp_reg_40_ | D v          | DFF_X1    | 0.000 |   1.794 |    1.880 | 
     +------------------------------------------------------------------------------+ 
Path 3: MET Setup Check with Pin p_reg_Y_temp_reg_55_/CK 
Endpoint:   p_reg_Y_temp_reg_55_/D (^) checked with  leading edge of 'CLK'
Beginpoint: B_reg_Y_temp_reg_15_/Q (v) triggered by  leading edge of 'CLK'
Path Groups: {CLK}
Analysis View: default
Other End Arrival Time          0.061
- Setup                         0.030
+ Phase Shift                   1.904
+ CPPR Adjustment               0.000
- Uncertainty                   0.050
= Required Time                 1.885
- Arrival Time                  1.797
= Slack Time                    0.088
     Clock Rise Edge                 0.000
     + Clock Network Latency (Prop)  0.056
     = Beginpoint Arrival Time       0.056
     +------------------------------------------------------------------------------+ 
     |       Instance       |     Arc      |   Cell    | Delay | Arrival | Required | 
     |                      |              |           |       |  Time   |   Time   | 
     |----------------------+--------------+-----------+-------+---------+----------| 
     | B_reg_Y_temp_reg_15_ | CK ^         |           |       |   0.056 |    0.144 | 
     | B_reg_Y_temp_reg_15_ | CK ^ -> Q v  | DFF_X1    | 0.098 |   0.155 |    0.243 | 
     | U5978                | A1 v -> ZN ^ | NAND2_X1  | 0.027 |   0.181 |    0.270 | 
     | U5045                | A1 ^ -> ZN ^ | AND2_X1   | 0.111 |   0.292 |    0.381 | 
     | U5996                | C1 ^ -> ZN v | OAI211_X1 | 0.064 |   0.356 |    0.444 | 
     | U6262                | A v -> ZN ^  | XNOR2_X1  | 0.049 |   0.405 |    0.493 | 
     | U4034                | A1 ^ -> ZN v | NAND2_X2  | 0.069 |   0.474 |    0.562 | 
     | FE_DBTC4_n5770       | A v -> ZN ^  | INV_X2    | 0.148 |   0.622 |    0.710 | 
     | U4864                | A ^ -> ZN ^  | XNOR2_X1  | 0.059 |   0.681 |    0.769 | 
     | FE_OFC43_n9056       | A ^ -> Z ^   | CLKBUF_X1 | 0.107 |   0.788 |    0.876 | 
     | U9478                | A ^ -> S v   | FA_X1     | 0.118 |   0.905 |    0.994 | 
     | U9485                | B v -> S ^   | FA_X1     | 0.131 |   1.036 |    1.125 | 
     | U9741                | A ^ -> ZN v  | INV_X1    | 0.012 |   1.048 |    1.137 | 
     | U9743                | A1 v -> ZN v | AND2_X1   | 0.032 |   1.080 |    1.169 | 
     | U9750                | A v -> ZN v  | XNOR2_X1  | 0.039 |   1.119 |    1.207 | 
     | U9770                | A v -> ZN v  | XNOR2_X1  | 0.047 |   1.166 |    1.254 | 
     | U9779                | CI v -> S ^  | FA_X1     | 0.139 |   1.304 |    1.393 | 
     | U5112                | A2 ^ -> ZN ^ | AND2_X1   | 0.053 |   1.357 |    1.445 | 
     | U5176                | A2 ^ -> ZN ^ | OR2_X1    | 0.028 |   1.385 |    1.473 | 
     | U10230               | A1 ^ -> ZN v | NOR4_X1   | 0.011 |   1.396 |    1.484 | 
     | U4857                | A4 v -> ZN v | OR4_X1    | 0.117 |   1.512 |    1.601 | 
     | U4856                | A1 v -> ZN ^ | NAND4_X1  | 0.033 |   1.546 |    1.634 | 
     | U4401                | A1 ^ -> ZN ^ | AND2_X1   | 0.052 |   1.598 |    1.686 | 
     | U5289                | C2 ^ -> ZN v | OAI211_X1 | 0.044 |   1.642 |    1.730 | 
     | U4849                | A1 v -> ZN ^ | NAND2_X1  | 0.044 |   1.685 |    1.774 | 
     | U10778               | A1 ^ -> ZN v | NAND2_X1  | 0.022 |   1.708 |    1.796 | 
     | U4048                | A1 v -> ZN v | OR3_X1    | 0.066 |   1.773 |    1.862 | 
     | U11268               | A v -> ZN ^  | OAI211_X1 | 0.023 |   1.797 |    1.885 | 
     | p_reg_Y_temp_reg_55_ | D ^          | DFF_X1    | 0.000 |   1.797 |    1.885 | 
     +------------------------------------------------------------------------------+ 
Path 4: MET Setup Check with Pin p_reg_Y_temp_reg_41_/CK 
Endpoint:   p_reg_Y_temp_reg_41_/D (^) checked with  leading edge of 'CLK'
Beginpoint: B_reg_Y_temp_reg_15_/Q (v) triggered by  leading edge of 'CLK'
Path Groups: {CLK}
Analysis View: default
Other End Arrival Time          0.063
- Setup                         0.027
+ Phase Shift                   1.904
+ CPPR Adjustment               0.000
- Uncertainty                   0.050
= Required Time                 1.890
- Arrival Time                  1.797
= Slack Time                    0.094
     Clock Rise Edge                 0.000
     + Clock Network Latency (Prop)  0.056
     = Beginpoint Arrival Time       0.056
     +------------------------------------------------------------------------------+ 
     |       Instance       |     Arc      |   Cell    | Delay | Arrival | Required | 
     |                      |              |           |       |  Time   |   Time   | 
     |----------------------+--------------+-----------+-------+---------+----------| 
     | B_reg_Y_temp_reg_15_ | CK ^         |           |       |   0.056 |    0.150 | 
     | B_reg_Y_temp_reg_15_ | CK ^ -> Q v  | DFF_X1    | 0.098 |   0.155 |    0.248 | 
     | U5978                | A1 v -> ZN ^ | NAND2_X1  | 0.027 |   0.181 |    0.275 | 
     | U5045                | A1 ^ -> ZN ^ | AND2_X1   | 0.111 |   0.292 |    0.386 | 
     | U5996                | C1 ^ -> ZN v | OAI211_X1 | 0.064 |   0.356 |    0.450 | 
     | U6262                | A v -> ZN v  | XNOR2_X1  | 0.055 |   0.411 |    0.505 | 
     | U4034                | A1 v -> ZN ^ | NAND2_X2  | 0.080 |   0.491 |    0.585 | 
     | FE_DBTC4_n5770       | A ^ -> ZN v  | INV_X2    | 0.096 |   0.587 |    0.681 | 
     | U4864                | A v -> ZN v  | XNOR2_X1  | 0.060 |   0.647 |    0.740 | 
     | FE_OFC43_n9056       | A v -> Z v   | CLKBUF_X1 | 0.115 |   0.762 |    0.856 | 
     | U9478                | A v -> S ^   | FA_X1     | 0.153 |   0.915 |    1.009 | 
     | U9485                | B ^ -> S v   | FA_X1     | 0.102 |   1.017 |    1.111 | 
     | U9741                | A v -> ZN ^  | INV_X1    | 0.021 |   1.038 |    1.132 | 
     | U9743                | A1 ^ -> ZN ^ | AND2_X1   | 0.039 |   1.077 |    1.171 | 
     | U9750                | A ^ -> ZN ^  | XNOR2_X1  | 0.042 |   1.118 |    1.212 | 
     | U9770                | A ^ -> ZN ^  | XNOR2_X1  | 0.052 |   1.170 |    1.264 | 
     | U9779                | CI ^ -> S v  | FA_X1     | 0.118 |   1.288 |    1.382 | 
     | U5112                | A2 v -> ZN v | AND2_X1   | 0.049 |   1.337 |    1.431 | 
     | U5176                | A2 v -> ZN v | OR2_X1    | 0.049 |   1.386 |    1.480 | 
     | U10230               | A1 v -> ZN ^ | NOR4_X1   | 0.061 |   1.447 |    1.541 | 
     | U4857                | A4 ^ -> ZN ^ | OR4_X1    | 0.043 |   1.489 |    1.583 | 
     | U4856                | A1 ^ -> ZN v | NAND4_X1  | 0.041 |   1.531 |    1.624 | 
     | U4735                | A1 v -> ZN v | AND3_X1   | 0.046 |   1.576 |    1.670 | 
     | U5287                | A1 v -> ZN v | OR4_X2    | 0.081 |   1.657 |    1.751 | 
     | U4618                | A1 v -> ZN v | AND2_X1   | 0.046 |   1.703 |    1.797 | 
     | U5026                | A1 v -> ZN ^ | NOR2_X1   | 0.035 |   1.737 |    1.831 | 
     | U10775               | A2 ^ -> ZN ^ | OR2_X1    | 0.034 |   1.771 |    1.865 | 
     | U10998               | A1 ^ -> ZN v | NAND2_X1  | 0.013 |   1.784 |    1.878 | 
     | U11226               | A1 v -> ZN ^ | NAND2_X1  | 0.012 |   1.797 |    1.890 | 
     | p_reg_Y_temp_reg_41_ | D ^          | DFF_X1    | 0.000 |   1.797 |    1.890 | 
     +------------------------------------------------------------------------------+ 
Path 5: MET Setup Check with Pin p_reg_Y_temp_reg_42_/CK 
Endpoint:   p_reg_Y_temp_reg_42_/D (v) checked with  leading edge of 'CLK'
Beginpoint: B_reg_Y_temp_reg_15_/Q (v) triggered by  leading edge of 'CLK'
Path Groups: {CLK}
Analysis View: default
Other End Arrival Time          0.063
- Setup                         0.029
+ Phase Shift                   1.904
+ CPPR Adjustment               0.000
- Uncertainty                   0.050
= Required Time                 1.889
- Arrival Time                  1.790
= Slack Time                    0.099
     Clock Rise Edge                 0.000
     + Clock Network Latency (Prop)  0.056
     = Beginpoint Arrival Time       0.056
     +------------------------------------------------------------------------------+ 
     |       Instance       |     Arc      |   Cell    | Delay | Arrival | Required | 
     |                      |              |           |       |  Time   |   Time   | 
     |----------------------+--------------+-----------+-------+---------+----------| 
     | B_reg_Y_temp_reg_15_ | CK ^         |           |       |   0.056 |    0.155 | 
     | B_reg_Y_temp_reg_15_ | CK ^ -> Q v  | DFF_X1    | 0.098 |   0.155 |    0.253 | 
     | U5978                | A1 v -> ZN ^ | NAND2_X1  | 0.027 |   0.181 |    0.280 | 
     | U5045                | A1 ^ -> ZN ^ | AND2_X1   | 0.111 |   0.292 |    0.391 | 
     | U5996                | C1 ^ -> ZN v | OAI211_X1 | 0.064 |   0.356 |    0.455 | 
     | U6262                | A v -> ZN v  | XNOR2_X1  | 0.055 |   0.411 |    0.510 | 
     | U4034                | A1 v -> ZN ^ | NAND2_X2  | 0.080 |   0.491 |    0.590 | 
     | FE_DBTC4_n5770       | A ^ -> ZN v  | INV_X2    | 0.096 |   0.587 |    0.686 | 
     | U4864                | A v -> ZN v  | XNOR2_X1  | 0.060 |   0.647 |    0.745 | 
     | FE_OFC43_n9056       | A v -> Z v   | CLKBUF_X1 | 0.115 |   0.762 |    0.861 | 
     | U9478                | A v -> S ^   | FA_X1     | 0.153 |   0.915 |    1.014 | 
     | U9485                | B ^ -> S v   | FA_X1     | 0.102 |   1.017 |    1.116 | 
     | U9741                | A v -> ZN ^  | INV_X1    | 0.021 |   1.038 |    1.137 | 
     | U9743                | A1 ^ -> ZN ^ | AND2_X1   | 0.039 |   1.077 |    1.176 | 
     | U9750                | A ^ -> ZN ^  | XNOR2_X1  | 0.042 |   1.118 |    1.217 | 
     | U9770                | A ^ -> ZN ^  | XNOR2_X1  | 0.052 |   1.170 |    1.269 | 
     | U9779                | CI ^ -> S v  | FA_X1     | 0.118 |   1.288 |    1.387 | 
     | U5112                | A2 v -> ZN v | AND2_X1   | 0.049 |   1.337 |    1.436 | 
     | U5176                | A2 v -> ZN v | OR2_X1    | 0.049 |   1.386 |    1.485 | 
     | U10230               | A1 v -> ZN ^ | NOR4_X1   | 0.061 |   1.447 |    1.546 | 
     | U4857                | A4 ^ -> ZN ^ | OR4_X1    | 0.043 |   1.489 |    1.588 | 
     | U4856                | A1 ^ -> ZN v | NAND4_X1  | 0.041 |   1.531 |    1.629 | 
     | U4735                | A1 v -> ZN v | AND3_X1   | 0.046 |   1.576 |    1.675 | 
     | U5287                | A1 v -> ZN v | OR4_X2    | 0.081 |   1.657 |    1.756 | 
     | U4618                | A1 v -> ZN v | AND2_X1   | 0.046 |   1.703 |    1.802 | 
     | U5026                | A1 v -> ZN ^ | NOR2_X1   | 0.035 |   1.737 |    1.836 | 
     | U10775               | A2 ^ -> ZN ^ | OR2_X1    | 0.034 |   1.771 |    1.870 | 
     | U10997               | C1 ^ -> ZN v | OAI211_X1 | 0.018 |   1.790 |    1.889 | 
     | p_reg_Y_temp_reg_42_ | D v          | DFF_X1    | 0.000 |   1.790 |    1.889 | 
     +------------------------------------------------------------------------------+ 
Path 6: MET Setup Check with Pin p_reg_Y_temp_reg_53_/CK 
Endpoint:   p_reg_Y_temp_reg_53_/D (v) checked with  leading edge of 'CLK'
Beginpoint: B_reg_Y_temp_reg_15_/Q (v) triggered by  leading edge of 'CLK'
Path Groups: {CLK}
Analysis View: default
Other End Arrival Time          0.061
- Setup                         0.028
+ Phase Shift                   1.904
+ CPPR Adjustment               0.000
- Uncertainty                   0.050
= Required Time                 1.887
- Arrival Time                  1.787
= Slack Time                    0.100
     Clock Rise Edge                 0.000
     + Clock Network Latency (Prop)  0.056
     = Beginpoint Arrival Time       0.056
     +------------------------------------------------------------------------------+ 
     |       Instance       |     Arc      |   Cell    | Delay | Arrival | Required | 
     |                      |              |           |       |  Time   |   Time   | 
     |----------------------+--------------+-----------+-------+---------+----------| 
     | B_reg_Y_temp_reg_15_ | CK ^         |           |       |   0.056 |    0.156 | 
     | B_reg_Y_temp_reg_15_ | CK ^ -> Q v  | DFF_X1    | 0.098 |   0.155 |    0.254 | 
     | U5978                | A1 v -> ZN ^ | NAND2_X1  | 0.027 |   0.181 |    0.281 | 
     | U5045                | A1 ^ -> ZN ^ | AND2_X1   | 0.111 |   0.292 |    0.392 | 
     | U5996                | C1 ^ -> ZN v | OAI211_X1 | 0.064 |   0.356 |    0.456 | 
     | U6262                | A v -> ZN ^  | XNOR2_X1  | 0.049 |   0.405 |    0.505 | 
     | U4034                | A1 ^ -> ZN v | NAND2_X2  | 0.069 |   0.474 |    0.574 | 
     | FE_DBTC4_n5770       | A v -> ZN ^  | INV_X2    | 0.148 |   0.622 |    0.722 | 
     | U4864                | A ^ -> ZN ^  | XNOR2_X1  | 0.059 |   0.681 |    0.780 | 
     | FE_OFC43_n9056       | A ^ -> Z ^   | CLKBUF_X1 | 0.107 |   0.788 |    0.887 | 
     | U9478                | A ^ -> S v   | FA_X1     | 0.118 |   0.905 |    1.005 | 
     | U9485                | B v -> S ^   | FA_X1     | 0.131 |   1.036 |    1.136 | 
     | U9741                | A ^ -> ZN v  | INV_X1    | 0.012 |   1.048 |    1.148 | 
     | U9743                | A1 v -> ZN v | AND2_X1   | 0.032 |   1.080 |    1.180 | 
     | U9750                | A v -> ZN v  | XNOR2_X1  | 0.039 |   1.119 |    1.219 | 
     | U9770                | A v -> ZN v  | XNOR2_X1  | 0.047 |   1.166 |    1.265 | 
     | U9779                | CI v -> S ^  | FA_X1     | 0.139 |   1.304 |    1.404 | 
     | U5112                | A2 ^ -> ZN ^ | AND2_X1   | 0.053 |   1.357 |    1.457 | 
     | U5176                | A2 ^ -> ZN ^ | OR2_X1    | 0.028 |   1.385 |    1.485 | 
     | U10230               | A1 ^ -> ZN v | NOR4_X1   | 0.011 |   1.396 |    1.495 | 
     | U4857                | A4 v -> ZN v | OR4_X1    | 0.117 |   1.512 |    1.612 | 
     | U4856                | A1 v -> ZN ^ | NAND4_X1  | 0.033 |   1.546 |    1.646 | 
     | U4401                | A1 ^ -> ZN ^ | AND2_X1   | 0.052 |   1.598 |    1.697 | 
     | U5289                | C2 ^ -> ZN v | OAI211_X1 | 0.044 |   1.642 |    1.741 | 
     | U4849                | A1 v -> ZN ^ | NAND2_X1  | 0.044 |   1.685 |    1.785 | 
     | U10778               | A1 ^ -> ZN v | NAND2_X1  | 0.022 |   1.708 |    1.808 | 
     | U11014               | A2 v -> ZN v | AND2_X1   | 0.033 |   1.740 |    1.840 | 
     | U11264               | A2 v -> ZN v | OR2_X1    | 0.047 |   1.787 |    1.887 | 
     | p_reg_Y_temp_reg_53_ | D v          | DFF_X1    | 0.000 |   1.787 |    1.887 | 
     +------------------------------------------------------------------------------+ 
Path 7: MET Setup Check with Pin p_reg_Y_temp_reg_61_/CK 
Endpoint:   p_reg_Y_temp_reg_61_/D (v) checked with  leading edge of 'CLK'
Beginpoint: B_reg_Y_temp_reg_15_/Q (v) triggered by  leading edge of 'CLK'
Path Groups: {CLK}
Analysis View: default
Other End Arrival Time          0.061
- Setup                         0.028
+ Phase Shift                   1.904
+ CPPR Adjustment               0.000
- Uncertainty                   0.050
= Required Time                 1.887
- Arrival Time                  1.786
= Slack Time                    0.101
     Clock Rise Edge                 0.000
     + Clock Network Latency (Prop)  0.056
     = Beginpoint Arrival Time       0.056
     +------------------------------------------------------------------------------+ 
     |       Instance       |     Arc      |   Cell    | Delay | Arrival | Required | 
     |                      |              |           |       |  Time   |   Time   | 
     |----------------------+--------------+-----------+-------+---------+----------| 
     | B_reg_Y_temp_reg_15_ | CK ^         |           |       |   0.056 |    0.157 | 
     | B_reg_Y_temp_reg_15_ | CK ^ -> Q v  | DFF_X1    | 0.098 |   0.155 |    0.255 | 
     | U5978                | A1 v -> ZN ^ | NAND2_X1  | 0.027 |   0.181 |    0.282 | 
     | U5045                | A1 ^ -> ZN ^ | AND2_X1   | 0.111 |   0.292 |    0.393 | 
     | U5996                | C1 ^ -> ZN v | OAI211_X1 | 0.064 |   0.356 |    0.456 | 
     | U6262                | A v -> ZN v  | XNOR2_X1  | 0.055 |   0.411 |    0.512 | 
     | U4034                | A1 v -> ZN ^ | NAND2_X2  | 0.080 |   0.491 |    0.592 | 
     | FE_DBTC4_n5770       | A ^ -> ZN v  | INV_X2    | 0.096 |   0.587 |    0.687 | 
     | U4864                | A v -> ZN v  | XNOR2_X1  | 0.060 |   0.647 |    0.747 | 
     | FE_OFC43_n9056       | A v -> Z v   | CLKBUF_X1 | 0.115 |   0.762 |    0.862 | 
     | U9478                | A v -> S ^   | FA_X1     | 0.153 |   0.915 |    1.016 | 
     | U9485                | B ^ -> S v   | FA_X1     | 0.102 |   1.017 |    1.118 | 
     | U9741                | A v -> ZN ^  | INV_X1    | 0.021 |   1.038 |    1.138 | 
     | U9743                | A1 ^ -> ZN ^ | AND2_X1   | 0.039 |   1.077 |    1.177 | 
     | U9750                | A ^ -> ZN ^  | XNOR2_X1  | 0.042 |   1.118 |    1.219 | 
     | U9770                | A ^ -> ZN ^  | XNOR2_X1  | 0.052 |   1.170 |    1.271 | 
     | U9779                | CI ^ -> S v  | FA_X1     | 0.118 |   1.288 |    1.389 | 
     | U5112                | A2 v -> ZN v | AND2_X1   | 0.049 |   1.337 |    1.438 | 
     | U5176                | A2 v -> ZN v | OR2_X1    | 0.049 |   1.386 |    1.487 | 
     | U10230               | A1 v -> ZN ^ | NOR4_X1   | 0.061 |   1.447 |    1.547 | 
     | U4857                | A4 ^ -> ZN ^ | OR4_X1    | 0.043 |   1.489 |    1.590 | 
     | U4856                | A1 ^ -> ZN v | NAND4_X1  | 0.041 |   1.531 |    1.631 | 
     | U4735                | A1 v -> ZN v | AND3_X1   | 0.046 |   1.576 |    1.677 | 
     | U5287                | A1 v -> ZN v | OR4_X2    | 0.081 |   1.657 |    1.757 | 
     | U4618                | A1 v -> ZN v | AND2_X1   | 0.046 |   1.703 |    1.803 | 
     | U10293               | A1 v -> ZN ^ | NOR2_X1   | 0.031 |   1.734 |    1.834 | 
     | U10294               | A ^ -> ZN v  | INV_X1    | 0.009 |   1.743 |    1.843 | 
     | U5309                | A4 v -> ZN ^ | NAND4_X1  | 0.023 |   1.765 |    1.866 | 
     | U11289               | A3 ^ -> ZN v | NAND3_X1  | 0.021 |   1.786 |    1.887 | 
     | p_reg_Y_temp_reg_61_ | D v          | DFF_X1    | 0.000 |   1.786 |    1.887 | 
     +------------------------------------------------------------------------------+ 
Path 8: MET Setup Check with Pin p_reg_Y_temp_reg_43_/CK 
Endpoint:   p_reg_Y_temp_reg_43_/D (v) checked with  leading edge of 'CLK'
Beginpoint: B_reg_Y_temp_reg_15_/Q (v) triggered by  leading edge of 'CLK'
Path Groups: {CLK}
Analysis View: default
Other End Arrival Time          0.063
- Setup                         0.028
+ Phase Shift                   1.904
+ CPPR Adjustment               0.000
- Uncertainty                   0.050
= Required Time                 1.889
- Arrival Time                  1.784
= Slack Time                    0.105
     Clock Rise Edge                 0.000
     + Clock Network Latency (Prop)  0.056
     = Beginpoint Arrival Time       0.056
     +------------------------------------------------------------------------------+ 
     |       Instance       |     Arc      |   Cell    | Delay | Arrival | Required | 
     |                      |              |           |       |  Time   |   Time   | 
     |----------------------+--------------+-----------+-------+---------+----------| 
     | B_reg_Y_temp_reg_15_ | CK ^         |           |       |   0.056 |    0.161 | 
     | B_reg_Y_temp_reg_15_ | CK ^ -> Q v  | DFF_X1    | 0.098 |   0.155 |    0.260 | 
     | U5978                | A1 v -> ZN ^ | NAND2_X1  | 0.027 |   0.181 |    0.286 | 
     | U5045                | A1 ^ -> ZN ^ | AND2_X1   | 0.111 |   0.292 |    0.397 | 
     | U5996                | C1 ^ -> ZN v | OAI211_X1 | 0.064 |   0.356 |    0.461 | 
     | U6262                | A v -> ZN v  | XNOR2_X1  | 0.055 |   0.411 |    0.516 | 
     | U4034                | A1 v -> ZN ^ | NAND2_X2  | 0.080 |   0.491 |    0.596 | 
     | FE_DBTC4_n5770       | A ^ -> ZN v  | INV_X2    | 0.096 |   0.587 |    0.692 | 
     | U4864                | A v -> ZN v  | XNOR2_X1  | 0.060 |   0.647 |    0.752 | 
     | FE_OFC43_n9056       | A v -> Z v   | CLKBUF_X1 | 0.115 |   0.762 |    0.867 | 
     | U9478                | A v -> S ^   | FA_X1     | 0.153 |   0.915 |    1.020 | 
     | U9485                | B ^ -> S v   | FA_X1     | 0.102 |   1.017 |    1.122 | 
     | U9741                | A v -> ZN ^  | INV_X1    | 0.021 |   1.038 |    1.143 | 
     | U9743                | A1 ^ -> ZN ^ | AND2_X1   | 0.039 |   1.077 |    1.182 | 
     | U9750                | A ^ -> ZN ^  | XNOR2_X1  | 0.042 |   1.118 |    1.223 | 
     | U9770                | A ^ -> ZN ^  | XNOR2_X1  | 0.052 |   1.170 |    1.275 | 
     | U9779                | CI ^ -> S v  | FA_X1     | 0.118 |   1.288 |    1.393 | 
     | U5112                | A2 v -> ZN v | AND2_X1   | 0.049 |   1.337 |    1.442 | 
     | U5176                | A2 v -> ZN v | OR2_X1    | 0.049 |   1.386 |    1.492 | 
     | U10230               | A1 v -> ZN ^ | NOR4_X1   | 0.061 |   1.447 |    1.552 | 
     | U4857                | A4 ^ -> ZN ^ | OR4_X1    | 0.043 |   1.489 |    1.595 | 
     | U4856                | A1 ^ -> ZN v | NAND4_X1  | 0.041 |   1.531 |    1.636 | 
     | U4735                | A1 v -> ZN v | AND3_X1   | 0.046 |   1.576 |    1.681 | 
     | U5287                | A1 v -> ZN v | OR4_X2    | 0.081 |   1.657 |    1.762 | 
     | U4618                | A1 v -> ZN v | AND2_X1   | 0.046 |   1.703 |    1.808 | 
     | U5026                | A1 v -> ZN ^ | NOR2_X1   | 0.035 |   1.737 |    1.842 | 
     | U5313                | A2 ^ -> ZN ^ | OR2_X1    | 0.030 |   1.767 |    1.872 | 
     | U4495                | C1 ^ -> ZN v | OAI211_X1 | 0.017 |   1.784 |    1.889 | 
     | p_reg_Y_temp_reg_43_ | D v          | DFF_X1    | 0.000 |   1.784 |    1.889 | 
     +------------------------------------------------------------------------------+ 
Path 9: MET Setup Check with Pin p_reg_Y_temp_reg_49_/CK 
Endpoint:   p_reg_Y_temp_reg_49_/D (^) checked with  leading edge of 'CLK'
Beginpoint: B_reg_Y_temp_reg_15_/Q (v) triggered by  leading edge of 'CLK'
Path Groups: {CLK}
Analysis View: default
Other End Arrival Time          0.061
- Setup                         0.030
+ Phase Shift                   1.904
+ CPPR Adjustment               0.000
- Uncertainty                   0.050
= Required Time                 1.886
- Arrival Time                  1.779
= Slack Time                    0.106
     Clock Rise Edge                 0.000
     + Clock Network Latency (Prop)  0.056
     = Beginpoint Arrival Time       0.056
     +------------------------------------------------------------------------------+ 
     |       Instance       |     Arc      |   Cell    | Delay | Arrival | Required | 
     |                      |              |           |       |  Time   |   Time   | 
     |----------------------+--------------+-----------+-------+---------+----------| 
     | B_reg_Y_temp_reg_15_ | CK ^         |           |       |   0.056 |    0.162 | 
     | B_reg_Y_temp_reg_15_ | CK ^ -> Q v  | DFF_X1    | 0.098 |   0.155 |    0.261 | 
     | U5978                | A1 v -> ZN ^ | NAND2_X1  | 0.027 |   0.181 |    0.288 | 
     | U5045                | A1 ^ -> ZN ^ | AND2_X1   | 0.111 |   0.292 |    0.399 | 
     | U5996                | C1 ^ -> ZN v | OAI211_X1 | 0.064 |   0.356 |    0.462 | 
     | U6262                | A v -> ZN v  | XNOR2_X1  | 0.055 |   0.411 |    0.517 | 
     | U4034                | A1 v -> ZN ^ | NAND2_X2  | 0.080 |   0.491 |    0.597 | 
     | FE_DBTC4_n5770       | A ^ -> ZN v  | INV_X2    | 0.096 |   0.587 |    0.693 | 
     | U4864                | A v -> ZN v  | XNOR2_X1  | 0.060 |   0.647 |    0.753 | 
     | FE_OFC43_n9056       | A v -> Z v   | CLKBUF_X1 | 0.115 |   0.762 |    0.868 | 
     | U9478                | A v -> S ^   | FA_X1     | 0.153 |   0.915 |    1.022 | 
     | U9485                | B ^ -> S v   | FA_X1     | 0.102 |   1.017 |    1.123 | 
     | U9741                | A v -> ZN ^  | INV_X1    | 0.021 |   1.038 |    1.144 | 
     | U9743                | A1 ^ -> ZN ^ | AND2_X1   | 0.039 |   1.077 |    1.183 | 
     | U9750                | A ^ -> ZN ^  | XNOR2_X1  | 0.042 |   1.118 |    1.225 | 
     | U9770                | A ^ -> ZN ^  | XNOR2_X1  | 0.052 |   1.170 |    1.277 | 
     | U9779                | CI ^ -> S v  | FA_X1     | 0.118 |   1.288 |    1.395 | 
     | U5112                | A2 v -> ZN v | AND2_X1   | 0.049 |   1.337 |    1.444 | 
     | U5176                | A2 v -> ZN v | OR2_X1    | 0.049 |   1.386 |    1.493 | 
     | U10230               | A1 v -> ZN ^ | NOR4_X1   | 0.061 |   1.447 |    1.553 | 
     | U4857                | A4 ^ -> ZN ^ | OR4_X1    | 0.043 |   1.489 |    1.596 | 
     | U4856                | A1 ^ -> ZN v | NAND4_X1  | 0.041 |   1.531 |    1.637 | 
     | U4401                | A1 v -> ZN v | AND2_X1   | 0.049 |   1.579 |    1.685 | 
     | U5289                | C2 v -> ZN ^ | OAI211_X1 | 0.067 |   1.646 |    1.753 | 
     | U4121                | A1 ^ -> ZN ^ | AND2_X1   | 0.076 |   1.722 |    1.828 | 
     | U10477               | A ^ -> ZN v  | INV_X1    | 0.010 |   1.732 |    1.838 | 
     | U4860                | A1 v -> ZN ^ | NAND2_X1  | 0.014 |   1.746 |    1.852 | 
     | U4674                | A1 ^ -> ZN v | NAND2_X1  | 0.012 |   1.758 |    1.864 | 
     | U4377                | B v -> ZN ^  | OAI211_X1 | 0.021 |   1.779 |    1.886 | 
     | p_reg_Y_temp_reg_49_ | D ^          | DFF_X1    | 0.000 |   1.779 |    1.886 | 
     +------------------------------------------------------------------------------+ 
Path 10: MET Setup Check with Pin p_reg_Y_temp_reg_34_/CK 
Endpoint:   p_reg_Y_temp_reg_34_/D (v) checked with  leading edge of 'CLK'
Beginpoint: B_reg_Y_temp_reg_15_/Q (v) triggered by  leading edge of 'CLK'
Path Groups: {CLK}
Analysis View: default
Other End Arrival Time          0.061
- Setup                         0.028
+ Phase Shift                   1.904
+ CPPR Adjustment               0.000
- Uncertainty                   0.050
= Required Time                 1.888
- Arrival Time                  1.780
= Slack Time                    0.108
     Clock Rise Edge                 0.000
     + Clock Network Latency (Prop)  0.056
     = Beginpoint Arrival Time       0.056
     +------------------------------------------------------------------------------+ 
     |       Instance       |     Arc      |   Cell    | Delay | Arrival | Required | 
     |                      |              |           |       |  Time   |   Time   | 
     |----------------------+--------------+-----------+-------+---------+----------| 
     | B_reg_Y_temp_reg_15_ | CK ^         |           |       |   0.056 |    0.164 | 
     | B_reg_Y_temp_reg_15_ | CK ^ -> Q v  | DFF_X1    | 0.098 |   0.155 |    0.262 | 
     | U5978                | A1 v -> ZN ^ | NAND2_X1  | 0.027 |   0.181 |    0.289 | 
     | U5045                | A1 ^ -> ZN ^ | AND2_X1   | 0.111 |   0.292 |    0.400 | 
     | U5996                | C1 ^ -> ZN v | OAI211_X1 | 0.064 |   0.356 |    0.463 | 
     | U6262                | A v -> ZN ^  | XNOR2_X1  | 0.049 |   0.405 |    0.513 | 
     | U4034                | A1 ^ -> ZN v | NAND2_X2  | 0.069 |   0.474 |    0.582 | 
     | FE_DBTC4_n5770       | A v -> ZN ^  | INV_X2    | 0.148 |   0.622 |    0.729 | 
     | U4864                | A ^ -> ZN ^  | XNOR2_X1  | 0.059 |   0.681 |    0.788 | 
     | FE_OFC43_n9056       | A ^ -> Z ^   | CLKBUF_X1 | 0.107 |   0.788 |    0.895 | 
     | U9478                | A ^ -> S v   | FA_X1     | 0.118 |   0.905 |    1.013 | 
     | U9485                | B v -> S ^   | FA_X1     | 0.131 |   1.036 |    1.144 | 
     | U9741                | A ^ -> ZN v  | INV_X1    | 0.012 |   1.048 |    1.156 | 
     | U9743                | A1 v -> ZN v | AND2_X1   | 0.032 |   1.080 |    1.188 | 
     | U9750                | A v -> ZN v  | XNOR2_X1  | 0.039 |   1.119 |    1.227 | 
     | U9770                | A v -> ZN v  | XNOR2_X1  | 0.047 |   1.166 |    1.273 | 
     | U9779                | CI v -> S ^  | FA_X1     | 0.139 |   1.304 |    1.412 | 
     | U5112                | A2 ^ -> ZN ^ | AND2_X1   | 0.053 |   1.357 |    1.465 | 
     | U5176                | A2 ^ -> ZN ^ | OR2_X1    | 0.028 |   1.385 |    1.493 | 
     | U10230               | A1 ^ -> ZN v | NOR4_X1   | 0.011 |   1.396 |    1.503 | 
     | U4857                | A4 v -> ZN v | OR4_X1    | 0.117 |   1.512 |    1.620 | 
     | U4856                | A1 v -> ZN ^ | NAND4_X1  | 0.033 |   1.546 |    1.654 | 
     | U4401                | A1 ^ -> ZN ^ | AND2_X1   | 0.052 |   1.598 |    1.705 | 
     | U5288                | A3 ^ -> ZN v | NOR3_X1   | 0.014 |   1.612 |    1.719 | 
     | U10733               | A3 v -> ZN ^ | NOR3_X1   | 0.066 |   1.678 |    1.785 | 
     | U10734               | A2 ^ -> ZN ^ | OR2_X1    | 0.033 |   1.711 |    1.819 | 
     | U10948               | B2 ^ -> ZN v | AOI21_X1  | 0.013 |   1.724 |    1.832 | 
     | U10947               | A2 v -> ZN v | OR2_X1    | 0.056 |   1.780 |    1.888 | 
     | p_reg_Y_temp_reg_34_ | D v          | DFF_X1    | 0.000 |   1.780 |    1.888 | 
     +------------------------------------------------------------------------------+ 

