###############################################################
#  Generated by:      Cadence Innovus 23.35-s106_1
#  OS:                Linux x86_64(Host ID microsys.openstack.polito)
#  Generated on:      Sat Oct 10 20:58:42 2026
#  Design:            boothmul_registered
#  Command:           report_timing -early -max_paths 10 > reports/10_hold_paths.rpt
###############################################################
Path 1: MET Hold Check with Pin B_reg_Y_temp_reg_14_/CK 
Endpoint:   B_reg_Y_temp_reg_14_/D  (v) checked with  leading edge of 'CLK'
Beginpoint: B_reg_Y_temp_reg_14_/QN (^) triggered by  leading edge of 'CLK'
Path Groups: {CLK}
Analysis View: default
Other End Arrival Time          0.046
+ Hold                          0.010
+ Phase Shift                   0.000
- CPPR Adjustment               0.000
+ Uncertainty                   0.050
= Required Time                 0.106
  Arrival Time                  0.175
  Slack Time                    0.069
     Clock Rise Edge                 0.000
     + Clock Network Latency (Prop)  0.067
     = Beginpoint Arrival Time       0.067
     +-----------------------------------------------------------------------------+ 
     |       Instance       |     Arc      |   Cell   | Delay | Arrival | Required | 
     |                      |              |          |       |  Time   |   Time   | 
     |----------------------+--------------+----------+-------+---------+----------| 
     | B_reg_Y_temp_reg_14_ | CK ^         |          |       |   0.067 |   -0.002 | 
     | B_reg_Y_temp_reg_14_ | CK ^ -> QN ^ | DFF_X1   | 0.073 |   0.140 |    0.071 | 
     | U3065                | A1 ^ -> ZN ^ | OR2_X1   | 0.023 |   0.162 |    0.094 | 
     | U3220                | A ^ -> ZN v  | OAI21_X1 | 0.012 |   0.175 |    0.106 | 
     | B_reg_Y_temp_reg_14_ | D v          | DFF_X1   | 0.000 |   0.175 |    0.106 | 
     +-----------------------------------------------------------------------------+ 
Path 2: MET Hold Check with Pin p_reg_Y_temp_reg_63_/CK 
Endpoint:   p_reg_Y_temp_reg_63_/D  (v) checked with  leading edge of 'CLK'
Beginpoint: p_reg_Y_temp_reg_63_/QN (^) triggered by  leading edge of 'CLK'
Path Groups: {CLK}
Analysis View: default
Other End Arrival Time          0.047
+ Hold                          0.011
+ Phase Shift                   0.000
- CPPR Adjustment               0.000
+ Uncertainty                   0.050
= Required Time                 0.108
  Arrival Time                  0.177
  Slack Time                    0.069
     Clock Rise Edge                 0.000
     + Clock Network Latency (Prop)  0.068
     = Beginpoint Arrival Time       0.068
     +-----------------------------------------------------------------------------+ 
     |       Instance       |     Arc      |   Cell   | Delay | Arrival | Required | 
     |                      |              |          |       |  Time   |   Time   | 
     |----------------------+--------------+----------+-------+---------+----------| 
     | p_reg_Y_temp_reg_63_ | CK ^         |          |       |   0.068 |   -0.001 | 
     | p_reg_Y_temp_reg_63_ | CK ^ -> QN ^ | DFF_X1   | 0.074 |   0.142 |    0.074 | 
     | U3135                | A1 ^ -> ZN ^ | OR2_X1   | 0.022 |   0.165 |    0.096 | 
     | U3276                | A ^ -> ZN v  | OAI21_X1 | 0.012 |   0.177 |    0.108 | 
     | p_reg_Y_temp_reg_63_ | D v          | DFF_X1   | 0.000 |   0.177 |    0.108 | 
     +-----------------------------------------------------------------------------+ 
Path 3: MET Hold Check with Pin B_reg_Y_temp_reg_18_/CK 
Endpoint:   B_reg_Y_temp_reg_18_/D  (v) checked with  leading edge of 'CLK'
Beginpoint: B_reg_Y_temp_reg_18_/QN (^) triggered by  leading edge of 'CLK'
Path Groups: {CLK}
Analysis View: default
Other End Arrival Time          0.045
+ Hold                          0.010
+ Phase Shift                   0.000
- CPPR Adjustment               0.000
+ Uncertainty                   0.050
= Required Time                 0.106
  Arrival Time                  0.175
  Slack Time                    0.069
     Clock Rise Edge                 0.000
     + Clock Network Latency (Prop)  0.066
     = Beginpoint Arrival Time       0.066
     +-----------------------------------------------------------------------------+ 
     |       Instance       |     Arc      |   Cell   | Delay | Arrival | Required | 
     |                      |              |          |       |  Time   |   Time   | 
     |----------------------+--------------+----------+-------+---------+----------| 
     | B_reg_Y_temp_reg_18_ | CK ^         |          |       |   0.066 |   -0.003 | 
     | B_reg_Y_temp_reg_18_ | CK ^ -> QN ^ | DFF_X1   | 0.074 |   0.140 |    0.071 | 
     | U3073                | A1 ^ -> ZN ^ | OR2_X1   | 0.023 |   0.162 |    0.094 | 
     | U3216                | A ^ -> ZN v  | OAI21_X1 | 0.012 |   0.175 |    0.106 | 
     | B_reg_Y_temp_reg_18_ | D v          | DFF_X1   | 0.000 |   0.175 |    0.106 | 
     +-----------------------------------------------------------------------------+ 
Path 4: MET Hold Check with Pin B_reg_Y_temp_reg_21_/CK 
Endpoint:   B_reg_Y_temp_reg_21_/D  (v) checked with  leading edge of 'CLK'
Beginpoint: B_reg_Y_temp_reg_21_/QN (^) triggered by  leading edge of 'CLK'
Path Groups: {CLK}
Analysis View: default
Other End Arrival Time          0.045
+ Hold                          0.010
+ Phase Shift                   0.000
- CPPR Adjustment               0.000
+ Uncertainty                   0.050
= Required Time                 0.105
  Arrival Time                  0.174
  Slack Time                    0.069
     Clock Rise Edge                 0.000
     + Clock Network Latency (Prop)  0.066
     = Beginpoint Arrival Time       0.066
     +-----------------------------------------------------------------------------+ 
     |       Instance       |     Arc      |   Cell   | Delay | Arrival | Required | 
     |                      |              |          |       |  Time   |   Time   | 
     |----------------------+--------------+----------+-------+---------+----------| 
     | B_reg_Y_temp_reg_21_ | CK ^         |          |       |   0.066 |   -0.003 | 
     | B_reg_Y_temp_reg_21_ | CK ^ -> QN ^ | DFF_X1   | 0.074 |   0.140 |    0.071 | 
     | U3076                | A1 ^ -> ZN ^ | OR2_X1   | 0.022 |   0.162 |    0.093 | 
     | U3213                | A ^ -> ZN v  | OAI21_X1 | 0.012 |   0.174 |    0.105 | 
     | B_reg_Y_temp_reg_21_ | D v          | DFF_X1   | 0.000 |   0.174 |    0.105 | 
     +-----------------------------------------------------------------------------+ 
Path 5: MET Hold Check with Pin p_reg_Y_temp_reg_22_/CK 
Endpoint:   p_reg_Y_temp_reg_22_/D  (v) checked with  leading edge of 'CLK'
Beginpoint: p_reg_Y_temp_reg_22_/QN (^) triggered by  leading edge of 'CLK'
Path Groups: {CLK}
Analysis View: default
Other End Arrival Time          0.053
+ Hold                          0.011
+ Phase Shift                   0.000
- CPPR Adjustment               0.000
+ Uncertainty                   0.050
= Required Time                 0.113
  Arrival Time                  0.183
  Slack Time                    0.069
     Clock Rise Edge                 0.000
     + Clock Network Latency (Prop)  0.073
     = Beginpoint Arrival Time       0.073
     +-----------------------------------------------------------------------------+ 
     |       Instance       |     Arc      |   Cell   | Delay | Arrival | Required | 
     |                      |              |          |       |  Time   |   Time   | 
     |----------------------+--------------+----------+-------+---------+----------| 
     | p_reg_Y_temp_reg_22_ | CK ^         |          |       |   0.073 |    0.004 | 
     | p_reg_Y_temp_reg_22_ | CK ^ -> QN ^ | DFF_X1   | 0.075 |   0.148 |    0.079 | 
     | U3127                | A1 ^ -> ZN ^ | OR2_X1   | 0.023 |   0.170 |    0.101 | 
     | U3257                | A ^ -> ZN v  | OAI21_X1 | 0.012 |   0.183 |    0.113 | 
     | p_reg_Y_temp_reg_22_ | D v          | DFF_X1   | 0.000 |   0.183 |    0.113 | 
     +-----------------------------------------------------------------------------+ 
Path 6: MET Hold Check with Pin p_reg_Y_temp_reg_17_/CK 
Endpoint:   p_reg_Y_temp_reg_17_/D  (v) checked with  leading edge of 'CLK'
Beginpoint: p_reg_Y_temp_reg_17_/QN (^) triggered by  leading edge of 'CLK'
Path Groups: {CLK}
Analysis View: default
Other End Arrival Time          0.047
+ Hold                          0.010
+ Phase Shift                   0.000
- CPPR Adjustment               0.000
+ Uncertainty                   0.050
= Required Time                 0.107
  Arrival Time                  0.176
  Slack Time                    0.069
     Clock Rise Edge                 0.000
     + Clock Network Latency (Prop)  0.068
     = Beginpoint Arrival Time       0.068
     +-----------------------------------------------------------------------------+ 
     |       Instance       |     Arc      |   Cell   | Delay | Arrival | Required | 
     |                      |              |          |       |  Time   |   Time   | 
     |----------------------+--------------+----------+-------+---------+----------| 
     | p_reg_Y_temp_reg_17_ | CK ^         |          |       |   0.068 |   -0.002 | 
     | p_reg_Y_temp_reg_17_ | CK ^ -> QN ^ | DFF_X1   | 0.074 |   0.141 |    0.072 | 
     | U3121                | A1 ^ -> ZN ^ | OR2_X1   | 0.023 |   0.164 |    0.095 | 
     | U3252                | A ^ -> ZN v  | OAI21_X1 | 0.012 |   0.176 |    0.107 | 
     | p_reg_Y_temp_reg_17_ | D v          | DFF_X1   | 0.000 |   0.176 |    0.107 | 
     +-----------------------------------------------------------------------------+ 
Path 7: MET Hold Check with Pin p_reg_Y_temp_reg_23_/CK 
Endpoint:   p_reg_Y_temp_reg_23_/D  (v) checked with  leading edge of 'CLK'
Beginpoint: p_reg_Y_temp_reg_23_/QN (^) triggered by  leading edge of 'CLK'
Path Groups: {CLK}
Analysis View: default
Other End Arrival Time          0.053
+ Hold                          0.011
+ Phase Shift                   0.000
- CPPR Adjustment               0.000
+ Uncertainty                   0.050
= Required Time                 0.113
  Arrival Time                  0.183
  Slack Time                    0.069
     Clock Rise Edge                 0.000
     + Clock Network Latency (Prop)  0.073
     = Beginpoint Arrival Time       0.073
     +-----------------------------------------------------------------------------+ 
     |       Instance       |     Arc      |   Cell   | Delay | Arrival | Required | 
     |                      |              |          |       |  Time   |   Time   | 
     |----------------------+--------------+----------+-------+---------+----------| 
     | p_reg_Y_temp_reg_23_ | CK ^         |          |       |   0.073 |    0.004 | 
     | p_reg_Y_temp_reg_23_ | CK ^ -> QN ^ | DFF_X1   | 0.075 |   0.148 |    0.079 | 
     | U3126                | A1 ^ -> ZN ^ | OR2_X1   | 0.022 |   0.170 |    0.101 | 
     | U3258                | A ^ -> ZN v  | OAI21_X1 | 0.012 |   0.183 |    0.113 | 
     | p_reg_Y_temp_reg_23_ | D v          | DFF_X1   | 0.000 |   0.183 |    0.113 | 
     +-----------------------------------------------------------------------------+ 
Path 8: MET Hold Check with Pin p_reg_Y_temp_reg_59_/CK 
Endpoint:   p_reg_Y_temp_reg_59_/D  (v) checked with  leading edge of 'CLK'
Beginpoint: p_reg_Y_temp_reg_59_/QN (^) triggered by  leading edge of 'CLK'
Path Groups: {CLK}
Analysis View: default
Other End Arrival Time          0.049
+ Hold                          0.011
+ Phase Shift                   0.000
- CPPR Adjustment               0.000
+ Uncertainty                   0.050
= Required Time                 0.110
  Arrival Time                  0.179
  Slack Time                    0.069
     Clock Rise Edge                 0.000
     + Clock Network Latency (Prop)  0.070
     = Beginpoint Arrival Time       0.070
     +-----------------------------------------------------------------------------+ 
     |       Instance       |     Arc      |   Cell   | Delay | Arrival | Required | 
     |                      |              |          |       |  Time   |   Time   | 
     |----------------------+--------------+----------+-------+---------+----------| 
     | p_reg_Y_temp_reg_59_ | CK ^         |          |       |   0.070 |    0.001 | 
     | p_reg_Y_temp_reg_59_ | CK ^ -> QN ^ | DFF_X1   | 0.075 |   0.145 |    0.075 | 
     | U3138                | A1 ^ -> ZN ^ | OR2_X1   | 0.023 |   0.167 |    0.098 | 
     | U3008                | A2 ^ -> ZN v | NAND2_X1 | 0.012 |   0.179 |    0.110 | 
     | p_reg_Y_temp_reg_59_ | D v          | DFF_X1   | 0.000 |   0.179 |    0.110 | 
     +-----------------------------------------------------------------------------+ 
Path 9: MET Hold Check with Pin p_reg_Y_temp_reg_12_/CK 
Endpoint:   p_reg_Y_temp_reg_12_/D  (v) checked with  leading edge of 'CLK'
Beginpoint: p_reg_Y_temp_reg_12_/QN (^) triggered by  leading edge of 'CLK'
Path Groups: {CLK}
Analysis View: default
Other End Arrival Time          0.046
+ Hold                          0.010
+ Phase Shift                   0.000
- CPPR Adjustment               0.000
+ Uncertainty                   0.050
= Required Time                 0.107
  Arrival Time                  0.176
  Slack Time                    0.069
     Clock Rise Edge                 0.000
     + Clock Network Latency (Prop)  0.067
     = Beginpoint Arrival Time       0.067
     +-----------------------------------------------------------------------------+ 
     |       Instance       |     Arc      |   Cell   | Delay | Arrival | Required | 
     |                      |              |          |       |  Time   |   Time   | 
     |----------------------+--------------+----------+-------+---------+----------| 
     | p_reg_Y_temp_reg_12_ | CK ^         |          |       |   0.067 |   -0.002 | 
     | p_reg_Y_temp_reg_12_ | CK ^ -> QN ^ | DFF_X1   | 0.074 |   0.141 |    0.072 | 
     | U3115                | A1 ^ -> ZN ^ | OR2_X1   | 0.023 |   0.163 |    0.094 | 
     | U3247                | A ^ -> ZN v  | OAI21_X1 | 0.013 |   0.176 |    0.107 | 
     | p_reg_Y_temp_reg_12_ | D v          | DFF_X1   | 0.000 |   0.176 |    0.107 | 
     +-----------------------------------------------------------------------------+ 
Path 10: MET Hold Check with Pin A_reg_Y_temp_reg_28_/CK 
Endpoint:   A_reg_Y_temp_reg_28_/D  (v) checked with  leading edge of 'CLK'
Beginpoint: A_reg_Y_temp_reg_28_/QN (^) triggered by  leading edge of 'CLK'
Path Groups: {CLK}
Analysis View: default
Other End Arrival Time          0.044
+ Hold                          0.010
+ Phase Shift                   0.000
- CPPR Adjustment               0.000
+ Uncertainty                   0.050
= Required Time                 0.105
  Arrival Time                  0.174
  Slack Time                    0.069
     Clock Rise Edge                 0.000
     + Clock Network Latency (Prop)  0.065
     = Beginpoint Arrival Time       0.065
     +-----------------------------------------------------------------------------+ 
     |       Instance       |     Arc      |   Cell   | Delay | Arrival | Required | 
     |                      |              |          |       |  Time   |   Time   | 
     |----------------------+--------------+----------+-------+---------+----------| 
     | A_reg_Y_temp_reg_28_ | CK ^         |          |       |   0.065 |   -0.004 | 
     | A_reg_Y_temp_reg_28_ | CK ^ -> QN ^ | DFF_X1   | 0.074 |   0.139 |    0.070 | 
     | U3058                | A1 ^ -> ZN ^ | OR2_X1   | 0.022 |   0.162 |    0.092 | 
     | U3179                | A ^ -> ZN v  | OAI21_X1 | 0.012 |   0.174 |    0.105 | 
     | A_reg_Y_temp_reg_28_ | D v          | DFF_X1   | 0.000 |   0.174 |    0.105 | 
     +-----------------------------------------------------------------------------+ 

