###############################################################
#  Generated by:      Cadence Innovus 23.35-s106_1
#  OS:                Linux x86_64(Host ID microsys.openstack.polito)
#  Generated on:      Sat Oct 10 22:25:14 2026
#  Design:            boothmul_registered
#  Command:           report_ccopt_skew_groups -file reports/05_skew_groups.rpt
###############################################################

Skew Group Structure:
=====================

-----------------------------------------------------------------------------
Skew Group                Sources    Constrained Sinks    Unconstrained Sinks
-----------------------------------------------------------------------------
CLK/coherent-synthesis       1              128                    0
-----------------------------------------------------------------------------

Skew Group Summary:
===================

---------------------------------------------------------------------------------------------------------------------------------------------------------------------------
Timing Corner         Skew Group                ID Target    Min ID    Max ID    Avg ID    Std.Dev. ID    Skew Target Type    Skew Target    Skew     Skew window occupancy
---------------------------------------------------------------------------------------------------------------------------------------------------------------------------
std-typ:both.early    CLK/coherent-synthesis        -        0.061     0.072     0.070        0.002       ignored                  -         0.011              -
std-typ:both.late     CLK/coherent-synthesis     0.050       0.061     0.073     0.070        0.002       explicit             0.050         0.011    100% {0.061, 0.073}
---------------------------------------------------------------------------------------------------------------------------------------------------------------------------

* - indicates that target was not met.

Skew Group Min/Max path pins:
=============================

------------------------------------------------------------------------------------
Timing Corner         Skew Group                Min ID    PathID    Max ID    PathID
------------------------------------------------------------------------------------
std-typ:both.early    CLK/coherent-synthesis    0.061       1       0.072       2
-    min A_reg_Y_temp_reg_6_/CK
-    max p_reg_Y_temp_reg_21_/CK
std-typ:both.late     CLK/coherent-synthesis    0.061       3       0.073       4
-    min A_reg_Y_temp_reg_6_/CK
-    max p_reg_Y_temp_reg_21_/CK
------------------------------------------------------------------------------------

Timing for timing corner std-typ:both.early, min clock_path:
============================================================

PathID    : 1
Path type : skew group CLK/coherent-synthesis (path 1 of 1)
Start     : CLK
End       : A_reg_Y_temp_reg_6_/CK
Delay     : 0.061

------------------------------------------------------------------------------------------------
Name  Lib cell   Event  Incr   Arrival  Slew   Cap     Location         Distance  Fanout  Status
                        (ns)   (ns)     (ns)   (fF)                     (um)              
-- Clockpath trace -----------------------------------------------------------------------------
CLK
-     -          rise   -       0.000   0.002  16.281  (56.745,0.000)   -            3    
CTS_ccl_a_buf_00001/A
-     CLKBUF_X3  rise   0.001   0.001   0.002  -       (56.180,28.315)   28.880   -       
CTS_ccl_a_buf_00001/Z
-     CLKBUF_X3  rise   0.058   0.059   0.044  52.077  (55.815,28.660)    0.710     39    
A_reg_Y_temp_reg_6_/CK
-     DFF_X1     rise   0.003   0.061   0.044  -       (44.120,28.310)   12.045   -       
------------------------------------------------------------------------------------------------

Timing for timing corner std-typ:both.early, max clock_path:
============================================================

PathID    : 2
Path type : skew group CLK/coherent-synthesis (path 1 of 1)
Start     : CLK
End       : p_reg_Y_temp_reg_21_/CK
Delay     : 0.072

------------------------------------------------------------------------------------------------
Name  Lib cell   Event  Incr   Arrival  Slew   Cap     Location         Distance  Fanout  Status
                        (ns)   (ns)     (ns)   (fF)                     (um)              
-- Clockpath trace -----------------------------------------------------------------------------
CLK
-     -          rise   -       0.000   0.002  16.281  (56.745,0.000)   -            3    
CTS_ccl_a_buf_00003/A
-     CLKBUF_X3  rise   0.000   0.000   0.002  -       (71.690,6.965)    21.910   -       
CTS_ccl_a_buf_00003/Z
-     CLKBUF_X3  rise   0.064   0.065   0.047  57.563  (72.055,6.620)     0.710     46    
p_reg_Y_temp_reg_21_/CK
-     DFF_X1     rise   0.008   0.072   0.047  -       (95.230,62.970)   79.525   -       
------------------------------------------------------------------------------------------------

Timing for timing corner std-typ:both.late, min clock_path:
===========================================================

PathID    : 3
Path type : skew group CLK/coherent-synthesis (path 1 of 1)
Start     : CLK
End       : A_reg_Y_temp_reg_6_/CK
Delay     : 0.061

------------------------------------------------------------------------------------------------
Name  Lib cell   Event  Incr   Arrival  Slew   Cap     Location         Distance  Fanout  Status
                        (ns)   (ns)     (ns)   (fF)                     (um)              
-- Clockpath trace -----------------------------------------------------------------------------
CLK
-     -          rise   -       0.000   0.002  16.281  (56.745,0.000)   -            3    
CTS_ccl_a_buf_00001/A
-     CLKBUF_X3  rise   0.001   0.001   0.002  -       (56.180,28.315)   28.880   -       
CTS_ccl_a_buf_00001/Z
-     CLKBUF_X3  rise   0.058   0.059   0.044  52.077  (55.815,28.660)    0.710     39    
A_reg_Y_temp_reg_6_/CK
-     DFF_X1     rise   0.003   0.061   0.044  -       (44.120,28.310)   12.045   -       
------------------------------------------------------------------------------------------------

Timing for timing corner std-typ:both.late, max clock_path:
===========================================================

PathID    : 4
Path type : skew group CLK/coherent-synthesis (path 1 of 1)
Start     : CLK
End       : p_reg_Y_temp_reg_21_/CK
Delay     : 0.073

------------------------------------------------------------------------------------------------
Name  Lib cell   Event  Incr   Arrival  Slew   Cap     Location         Distance  Fanout  Status
                        (ns)   (ns)     (ns)   (fF)                     (um)              
-- Clockpath trace -----------------------------------------------------------------------------
CLK
-     -          rise   -       0.000   0.002  16.281  (56.745,0.000)   -            3    
CTS_ccl_a_buf_00003/A
-     CLKBUF_X3  rise   0.000   0.000   0.002  -       (71.690,6.965)    21.910   -       
CTS_ccl_a_buf_00003/Z
-     CLKBUF_X3  rise   0.065   0.065   0.047  57.563  (72.055,6.620)     0.710     46    
p_reg_Y_temp_reg_21_/CK
-     DFF_X1     rise   0.008   0.073   0.048  -       (95.230,62.970)   79.525   -       
------------------------------------------------------------------------------------------------

