###############################################################
#  Generated by:      Cadence Innovus 23.35-s106_1
#  OS:                Linux x86_64(Host ID microsys.openstack.polito)
#  Generated on:      Sat Oct 10 22:29:23 2026
#  Design:            boothmul_registered
#  Command:           report_timing -early -max_paths 10 > reports/10_hold_paths.rpt
###############################################################
Path 1: MET Hold Check with Pin p_reg_Y_temp_reg_22_/CK 
Endpoint:   p_reg_Y_temp_reg_22_/D  (v) checked with  leading edge of 'CLK'
Beginpoint: p_reg_Y_temp_reg_22_/QN (^) triggered by  leading edge of 'CLK'
Path Groups: {CLK}
Analysis View: default
Other End Arrival Time          0.049
+ Hold                          0.011
+ Phase Shift                   0.000
- CPPR Adjustment               0.000
+ Uncertainty                   0.050
= Required Time                 0.109
  Arrival Time                  0.158
  Slack Time                    0.049
     Clock Rise Edge                 0.000
     + Clock Network Latency (Prop)  0.069
     = Beginpoint Arrival Time       0.069
     +-----------------------------------------------------------------------------+ 
     |       Instance       |     Arc      |   Cell   | Delay | Arrival | Required | 
     |                      |              |          |       |  Time   |   Time   | 
     |----------------------+--------------+----------+-------+---------+----------| 
     | p_reg_Y_temp_reg_22_ | CK ^         |          |       |   0.069 |    0.020 | 
     | p_reg_Y_temp_reg_22_ | CK ^ -> QN ^ | DFF_X1   | 0.076 |   0.145 |    0.097 | 
     | U2231                | B1 ^ -> ZN v | OAI21_X1 | 0.013 |   0.158 |    0.109 | 
     | p_reg_Y_temp_reg_22_ | D v          | DFF_X1   | 0.000 |   0.158 |    0.109 | 
     +-----------------------------------------------------------------------------+ 
Path 2: MET Hold Check with Pin p_reg_Y_temp_reg_25_/CK 
Endpoint:   p_reg_Y_temp_reg_25_/D  (v) checked with  leading edge of 'CLK'
Beginpoint: p_reg_Y_temp_reg_25_/QN (^) triggered by  leading edge of 'CLK'
Path Groups: {CLK}
Analysis View: default
Other End Arrival Time          0.051
+ Hold                          0.011
+ Phase Shift                   0.000
- CPPR Adjustment               0.000
+ Uncertainty                   0.050
= Required Time                 0.112
  Arrival Time                  0.160
  Slack Time                    0.049
     Clock Rise Edge                 0.000
     + Clock Network Latency (Prop)  0.071
     = Beginpoint Arrival Time       0.071
     +-----------------------------------------------------------------------------+ 
     |       Instance       |     Arc      |   Cell   | Delay | Arrival | Required | 
     |                      |              |          |       |  Time   |   Time   | 
     |----------------------+--------------+----------+-------+---------+----------| 
     | p_reg_Y_temp_reg_25_ | CK ^         |          |       |   0.071 |    0.022 | 
     | p_reg_Y_temp_reg_25_ | CK ^ -> QN ^ | DFF_X1   | 0.077 |   0.148 |    0.099 | 
     | U2220                | B1 ^ -> ZN v | OAI21_X1 | 0.013 |   0.160 |    0.112 | 
     | p_reg_Y_temp_reg_25_ | D v          | DFF_X1   | 0.000 |   0.160 |    0.112 | 
     +-----------------------------------------------------------------------------+ 
Path 3: MET Hold Check with Pin p_reg_Y_temp_reg_9_/CK 
Endpoint:   p_reg_Y_temp_reg_9_/D  (v) checked with  leading edge of 'CLK'
Beginpoint: p_reg_Y_temp_reg_9_/QN (^) triggered by  leading edge of 'CLK'
Path Groups: {CLK}
Analysis View: default
Other End Arrival Time          0.049
+ Hold                          0.011
+ Phase Shift                   0.000
- CPPR Adjustment               0.000
+ Uncertainty                   0.050
= Required Time                 0.109
  Arrival Time                  0.158
  Slack Time                    0.049
     Clock Rise Edge                 0.000
     + Clock Network Latency (Prop)  0.069
     = Beginpoint Arrival Time       0.069
     +----------------------------------------------------------------------------+ 
     |      Instance       |     Arc      |   Cell   | Delay | Arrival | Required | 
     |                     |              |          |       |  Time   |   Time   | 
     |---------------------+--------------+----------+-------+---------+----------| 
     | p_reg_Y_temp_reg_9_ | CK ^         |          |       |   0.069 |    0.020 | 
     | p_reg_Y_temp_reg_9_ | CK ^ -> QN ^ | DFF_X1   | 0.076 |   0.145 |    0.096 | 
     | U2274               | B1 ^ -> ZN v | OAI21_X1 | 0.013 |   0.158 |    0.109 | 
     | p_reg_Y_temp_reg_9_ | D v          | DFF_X1   | 0.000 |   0.158 |    0.109 | 
     +----------------------------------------------------------------------------+ 
Path 4: MET Hold Check with Pin p_reg_Y_temp_reg_43_/CK 
Endpoint:   p_reg_Y_temp_reg_43_/D  (v) checked with  leading edge of 'CLK'
Beginpoint: p_reg_Y_temp_reg_43_/QN (^) triggered by  leading edge of 'CLK'
Path Groups: {CLK}
Analysis View: default
Other End Arrival Time          0.050
+ Hold                          0.011
+ Phase Shift                   0.000
- CPPR Adjustment               0.000
+ Uncertainty                   0.050
= Required Time                 0.111
  Arrival Time                  0.160
  Slack Time                    0.049
     Clock Rise Edge                 0.000
     + Clock Network Latency (Prop)  0.070
     = Beginpoint Arrival Time       0.070
     +-----------------------------------------------------------------------------+ 
     |       Instance       |     Arc      |   Cell   | Delay | Arrival | Required | 
     |                      |              |          |       |  Time   |   Time   | 
     |----------------------+--------------+----------+-------+---------+----------| 
     | p_reg_Y_temp_reg_43_ | CK ^         |          |       |   0.070 |    0.021 | 
     | p_reg_Y_temp_reg_43_ | CK ^ -> QN ^ | DFF_X1   | 0.077 |   0.147 |    0.098 | 
     | U2162                | B1 ^ -> ZN v | OAI21_X1 | 0.013 |   0.160 |    0.111 | 
     | p_reg_Y_temp_reg_43_ | D v          | DFF_X1   | 0.000 |   0.160 |    0.111 | 
     +-----------------------------------------------------------------------------+ 
Path 5: MET Hold Check with Pin p_reg_Y_temp_reg_24_/CK 
Endpoint:   p_reg_Y_temp_reg_24_/D  (v) checked with  leading edge of 'CLK'
Beginpoint: p_reg_Y_temp_reg_24_/QN (^) triggered by  leading edge of 'CLK'
Path Groups: {CLK}
Analysis View: default
Other End Arrival Time          0.051
+ Hold                          0.011
+ Phase Shift                   0.000
- CPPR Adjustment               0.000
+ Uncertainty                   0.050
= Required Time                 0.112
  Arrival Time                  0.161
  Slack Time                    0.049
     Clock Rise Edge                 0.000
     + Clock Network Latency (Prop)  0.071
     = Beginpoint Arrival Time       0.071
     +-----------------------------------------------------------------------------+ 
     |       Instance       |     Arc      |   Cell   | Delay | Arrival | Required | 
     |                      |              |          |       |  Time   |   Time   | 
     |----------------------+--------------+----------+-------+---------+----------| 
     | p_reg_Y_temp_reg_24_ | CK ^         |          |       |   0.071 |    0.022 | 
     | p_reg_Y_temp_reg_24_ | CK ^ -> QN ^ | DFF_X1   | 0.077 |   0.148 |    0.099 | 
     | U2224                | B1 ^ -> ZN v | OAI21_X1 | 0.013 |   0.161 |    0.112 | 
     | p_reg_Y_temp_reg_24_ | D v          | DFF_X1   | 0.000 |   0.161 |    0.112 | 
     +-----------------------------------------------------------------------------+ 
Path 6: MET Hold Check with Pin p_reg_Y_temp_reg_7_/CK 
Endpoint:   p_reg_Y_temp_reg_7_/D  (v) checked with  leading edge of 'CLK'
Beginpoint: p_reg_Y_temp_reg_7_/QN (^) triggered by  leading edge of 'CLK'
Path Groups: {CLK}
Analysis View: default
Other End Arrival Time          0.049
+ Hold                          0.011
+ Phase Shift                   0.000
- CPPR Adjustment               0.000
+ Uncertainty                   0.050
= Required Time                 0.109
  Arrival Time                  0.158
  Slack Time                    0.049
     Clock Rise Edge                 0.000
     + Clock Network Latency (Prop)  0.069
     = Beginpoint Arrival Time       0.069
     +----------------------------------------------------------------------------+ 
     |      Instance       |     Arc      |   Cell   | Delay | Arrival | Required | 
     |                     |              |          |       |  Time   |   Time   | 
     |---------------------+--------------+----------+-------+---------+----------| 
     | p_reg_Y_temp_reg_7_ | CK ^         |          |       |   0.069 |    0.020 | 
     | p_reg_Y_temp_reg_7_ | CK ^ -> QN ^ | DFF_X1   | 0.076 |   0.145 |    0.096 | 
     | U2282               | B1 ^ -> ZN v | OAI21_X1 | 0.013 |   0.158 |    0.109 | 
     | p_reg_Y_temp_reg_7_ | D v          | DFF_X1   | 0.000 |   0.158 |    0.109 | 
     +----------------------------------------------------------------------------+ 
Path 7: MET Hold Check with Pin p_reg_Y_temp_reg_26_/CK 
Endpoint:   p_reg_Y_temp_reg_26_/D  (v) checked with  leading edge of 'CLK'
Beginpoint: p_reg_Y_temp_reg_26_/QN (^) triggered by  leading edge of 'CLK'
Path Groups: {CLK}
Analysis View: default
Other End Arrival Time          0.051
+ Hold                          0.011
+ Phase Shift                   0.000
- CPPR Adjustment               0.000
+ Uncertainty                   0.050
= Required Time                 0.112
  Arrival Time                  0.161
  Slack Time                    0.049
     Clock Rise Edge                 0.000
     + Clock Network Latency (Prop)  0.071
     = Beginpoint Arrival Time       0.071
     +-----------------------------------------------------------------------------+ 
     |       Instance       |     Arc      |   Cell   | Delay | Arrival | Required | 
     |                      |              |          |       |  Time   |   Time   | 
     |----------------------+--------------+----------+-------+---------+----------| 
     | p_reg_Y_temp_reg_26_ | CK ^         |          |       |   0.071 |    0.022 | 
     | p_reg_Y_temp_reg_26_ | CK ^ -> QN ^ | DFF_X1   | 0.077 |   0.148 |    0.099 | 
     | U2217                | B1 ^ -> ZN v | OAI21_X1 | 0.013 |   0.161 |    0.112 | 
     | p_reg_Y_temp_reg_26_ | D v          | DFF_X1   | 0.000 |   0.161 |    0.112 | 
     +-----------------------------------------------------------------------------+ 
Path 8: MET Hold Check with Pin p_reg_Y_temp_reg_21_/CK 
Endpoint:   p_reg_Y_temp_reg_21_/D  (v) checked with  leading edge of 'CLK'
Beginpoint: p_reg_Y_temp_reg_21_/QN (^) triggered by  leading edge of 'CLK'
Path Groups: {CLK}
Analysis View: default
Other End Arrival Time          0.051
+ Hold                          0.011
+ Phase Shift                   0.000
- CPPR Adjustment               0.000
+ Uncertainty                   0.050
= Required Time                 0.112
  Arrival Time                  0.161
  Slack Time                    0.049
     Clock Rise Edge                 0.000
     + Clock Network Latency (Prop)  0.071
     = Beginpoint Arrival Time       0.071
     +-----------------------------------------------------------------------------+ 
     |       Instance       |     Arc      |   Cell   | Delay | Arrival | Required | 
     |                      |              |          |       |  Time   |   Time   | 
     |----------------------+--------------+----------+-------+---------+----------| 
     | p_reg_Y_temp_reg_21_ | CK ^         |          |       |   0.071 |    0.022 | 
     | p_reg_Y_temp_reg_21_ | CK ^ -> QN ^ | DFF_X1   | 0.077 |   0.148 |    0.099 | 
     | U2234                | B1 ^ -> ZN v | OAI21_X1 | 0.013 |   0.161 |    0.112 | 
     | p_reg_Y_temp_reg_21_ | D v          | DFF_X1   | 0.000 |   0.161 |    0.112 | 
     +-----------------------------------------------------------------------------+ 
Path 9: MET Hold Check with Pin p_reg_Y_temp_reg_15_/CK 
Endpoint:   p_reg_Y_temp_reg_15_/D  (v) checked with  leading edge of 'CLK'
Beginpoint: p_reg_Y_temp_reg_15_/QN (^) triggered by  leading edge of 'CLK'
Path Groups: {CLK}
Analysis View: default
Other End Arrival Time          0.049
+ Hold                          0.011
+ Phase Shift                   0.000
- CPPR Adjustment               0.000
+ Uncertainty                   0.050
= Required Time                 0.109
  Arrival Time                  0.159
  Slack Time                    0.049
     Clock Rise Edge                 0.000
     + Clock Network Latency (Prop)  0.069
     = Beginpoint Arrival Time       0.069
     +-----------------------------------------------------------------------------+ 
     |       Instance       |     Arc      |   Cell   | Delay | Arrival | Required | 
     |                      |              |          |       |  Time   |   Time   | 
     |----------------------+--------------+----------+-------+---------+----------| 
     | p_reg_Y_temp_reg_15_ | CK ^         |          |       |   0.069 |    0.020 | 
     | p_reg_Y_temp_reg_15_ | CK ^ -> QN ^ | DFF_X1   | 0.077 |   0.146 |    0.096 | 
     | U2255                | B1 ^ -> ZN v | OAI21_X1 | 0.013 |   0.159 |    0.109 | 
     | p_reg_Y_temp_reg_15_ | D v          | DFF_X1   | 0.000 |   0.159 |    0.109 | 
     +-----------------------------------------------------------------------------+ 
Path 10: MET Hold Check with Pin p_reg_Y_temp_reg_4_/CK 
Endpoint:   p_reg_Y_temp_reg_4_/D  (v) checked with  leading edge of 'CLK'
Beginpoint: p_reg_Y_temp_reg_4_/QN (^) triggered by  leading edge of 'CLK'
Path Groups: {CLK}
Analysis View: default
Other End Arrival Time          0.049
+ Hold                          0.011
+ Phase Shift                   0.000
- CPPR Adjustment               0.000
+ Uncertainty                   0.050
= Required Time                 0.109
  Arrival Time                  0.158
  Slack Time                    0.049
     Clock Rise Edge                 0.000
     + Clock Network Latency (Prop)  0.069
     = Beginpoint Arrival Time       0.069
     +----------------------------------------------------------------------------+ 
     |      Instance       |     Arc      |   Cell   | Delay | Arrival | Required | 
     |                     |              |          |       |  Time   |   Time   | 
     |---------------------+--------------+----------+-------+---------+----------| 
     | p_reg_Y_temp_reg_4_ | CK ^         |          |       |   0.069 |    0.020 | 
     | p_reg_Y_temp_reg_4_ | CK ^ -> QN ^ | DFF_X1   | 0.077 |   0.145 |    0.096 | 
     | U2292               | B1 ^ -> ZN v | OAI21_X1 | 0.013 |   0.158 |    0.109 | 
     | p_reg_Y_temp_reg_4_ | D v          | DFF_X1   | 0.000 |   0.158 |    0.109 | 
     +----------------------------------------------------------------------------+ 

