
Power Net Detected:
        Voltage	    Name
             0V	    gnd
           1.1V	    vdd
Using Power View: default.
AAE_INFO: opIsDesignInPostRouteState() is 1
#################################################################################
# Design Stage: PostRoute
# Design Name: boothmul_registered
# Design Mode: 45nm
# Analysis Mode: MMMC OCV 
# Parasitics Mode: SPEF/RCDB 
# Signoff Settings: SI Off 
#################################################################################
Start delay calculation (fullDC) (4 T). (MEM=3444.96)
Total number of fetched objects 3418
AAE_INFO: Total number of nets for which stage creation was skipped for all views 0
End delay calculation. (MEM=3498.76 CPU=0:00:01.1 REAL=0:00:01.0)
End delay calculation (fullDC). (MEM=3498.76 CPU=0:00:01.3 REAL=0:00:01.0)
Load RC corner of view default

Begin Power Analysis

             0V	    gnd
           1.1V	    vdd

Begin Processing Timing Library for Power Calculation

Ended Processing Timing Library for Power Calculation: (cpu=0:00:00, real=0:00:00, mem(process/total/peak)=3455.81MB/7988.52MB/3455.81MB)



Begin Processing Power Net/Grid for Power Calculation

Ended Processing Power Net/Grid for Power Calculation: (cpu=0:00:00, real=0:00:00, mem(process/total/peak)=3455.81MB/7988.52MB/3455.81MB)

Begin Processing Timing Window Data for Power Calculation

CLK(250.576MHz) CK: assigning clock CLK to net CLK
Ended Processing Timing Window Data for Power Calculation: (cpu=0:00:00, real=0:00:00, mem(process/total/peak)=3459.81MB/8252.54MB/3459.81MB)

Begin Processing User Attributes

Ended Processing User Attributes: (cpu=0:00:00, real=0:00:00, mem(process/total/peak)=3459.81MB/8252.54MB/3459.81MB)

Begin Processing Signal Activity


Starting Levelizing
2026-Oct-10 22:29:25 (2026-Oct-10 20:29:25 GMT)
2026-Oct-10 22:29:25 (2026-Oct-10 20:29:25 GMT): 10%
2026-Oct-10 22:29:25 (2026-Oct-10 20:29:25 GMT): 20%
2026-Oct-10 22:29:25 (2026-Oct-10 20:29:25 GMT): 30%
2026-Oct-10 22:29:25 (2026-Oct-10 20:29:25 GMT): 40%
2026-Oct-10 22:29:25 (2026-Oct-10 20:29:25 GMT): 50%
2026-Oct-10 22:29:25 (2026-Oct-10 20:29:25 GMT): 60%
2026-Oct-10 22:29:25 (2026-Oct-10 20:29:25 GMT): 70%
2026-Oct-10 22:29:25 (2026-Oct-10 20:29:25 GMT): 80%
2026-Oct-10 22:29:25 (2026-Oct-10 20:29:25 GMT): 90%

Finished Levelizing
2026-Oct-10 22:29:25 (2026-Oct-10 20:29:25 GMT)

Starting Activity Propagation
2026-Oct-10 22:29:25 (2026-Oct-10 20:29:25 GMT)
** INFO:  (VOLTUS_POWR-1356): No default input activity has been set. Defaulting to 0.2.
Use 'set_default_switching_activity -input_activity' command to change the default activity value.

2026-Oct-10 22:29:25 (2026-Oct-10 20:29:25 GMT): 10%
2026-Oct-10 22:29:25 (2026-Oct-10 20:29:25 GMT): 20%
2026-Oct-10 22:29:25 (2026-Oct-10 20:29:25 GMT): 30%

Finished Activity Propagation
2026-Oct-10 22:29:25 (2026-Oct-10 20:29:25 GMT)
Ended Processing Signal Activity: (cpu=0:00:00, real=0:00:00, mem(process/total/peak)=3460.06MB/8252.54MB/3460.06MB)

Begin Power Computation

      ----------------------------------------------------------
      # of cell(s) missing both power/leakage table: 0
      # of cell(s) missing power table: 0
      # of cell(s) missing leakage table: 0
      ----------------------------------------------------------



Starting Calculating power
2026-Oct-10 22:29:25 (2026-Oct-10 20:29:25 GMT)
2026-Oct-10 22:29:25 (2026-Oct-10 20:29:25 GMT): 10%
2026-Oct-10 22:29:25 (2026-Oct-10 20:29:25 GMT): 20%
2026-Oct-10 22:29:25 (2026-Oct-10 20:29:25 GMT): 30%
2026-Oct-10 22:29:25 (2026-Oct-10 20:29:25 GMT): 40%
2026-Oct-10 22:29:25 (2026-Oct-10 20:29:25 GMT): 50%
2026-Oct-10 22:29:25 (2026-Oct-10 20:29:25 GMT): 60%
2026-Oct-10 22:29:25 (2026-Oct-10 20:29:25 GMT): 70%
2026-Oct-10 22:29:25 (2026-Oct-10 20:29:25 GMT): 80%
2026-Oct-10 22:29:25 (2026-Oct-10 20:29:25 GMT): 90%

Finished Calculating power
2026-Oct-10 22:29:25 (2026-Oct-10 20:29:25 GMT)
      # of MSMV cell(s) missing power_level: 0
Ended Power Computation: (cpu=0:00:00, real=0:00:00, mem(process/total/peak)=3472.84MB/8292.56MB/3472.84MB)

Begin Processing User Attributes

Begin Processing set_power
Ended Processing set_power: (cpu=0:00:00, real=0:00:00,
mem(process/total/peak)=3472.84MB/8292.56MB/3472.84MB)
Ended Processing User Attributes: (cpu=0:00:00, real=0:00:00, mem(process/total/peak)=3472.84MB/8292.56MB/3472.84MB)

Ended Power Analysis: (cpu=0:00:01, real=0:00:00, mem(process/total/peak)=3472.84MB/8292.56MB/3472.84MB)

Begin Boundary Leakage Calculation
Ended Boundary Leakage Calculation: (cpu=0:00:00, real=0:00:00,
mem(process/total/peak)=3472.84MB/8292.56MB/3472.84MB)
Begin Static Power Report Generation
*----------------------------------------------------------------------------------------
*	Innovus 23.35-s106_1 (64bit) 07/16/2025 17:52 (Linux 3.10.0-693.el7.x86_64)
*	
*
* 	Date & Time:	2026-Oct-10 22:29:25 (2026-Oct-10 20:29:25 GMT)
*
*----------------------------------------------------------------------------------------
*
*	Design: boothmul_registered
*
*	Liberty Libraries used:
*	        default: /eda/dk/nangate45/liberty/NangateOpenCellLibrary_typical_ecsm_nowlm.lib
*
*	Parasitic Files used:
*
*       Power View : default
*
*       User-Defined Activity : N.A.
*
*       Activity File: N.A.
*
*       Hierarchical Global Activity: N.A.
*
*       Global Activity: N.A.
*
*       Sequential Element Activity: 0.200000
*
*       Primary Input Activity: 0.200000
*
*       Default icg ratio: N.A.
*
*       Global Comb ClockGate Ratio: N.A.
*
*	Power Units = 1mW
*
*	Time Units = 1e-09 secs
*
*       report_power
*
-----------------------------------------------------------------------------------------
*



Total Power
-----------------------------------------------------------------------------------------
Total Internal Power:        1.49785727 	   48.5551%
Total Switching Power:       1.47520080 	   47.8207%
Total Leakage Power:         0.11180279 	    3.6242%
Total Power:                 3.08486086
-----------------------------------------------------------------------------------------


Group                           Internal   Switching     Leakage       Total  Percentage 
                                Power      Power         Power         Power  (%)        
-----------------------------------------------------------------------------------------
Sequential                        0.2055      0.1414     0.01085      0.3577        11.6
Macro                                  0           0           0           0           0
IO                                     0           0           0           0           0
Combinational                      1.284       1.285      0.1009        2.67       86.54
Clock (Combinational)           0.008055     0.04924   9.167e-05     0.05738        1.86
Clock (Sequential)                     0           0           0           0           0
-----------------------------------------------------------------------------------------
Total                              1.498       1.475      0.1118       3.085         100
-----------------------------------------------------------------------------------------


Rail                  Voltage   Internal   Switching     Leakage       Total  Percentage 
                                Power      Power         Power         Power  (%)        
-----------------------------------------------------------------------------------------
vdd                       1.1      1.498       1.475      0.1118       3.085         100


Clock                           Internal   Switching     Leakage       Total  Percentage 
                                Power      Power         Power         Power  (%)        
-----------------------------------------------------------------------------------------
CLK                             0.008055     0.04924   9.167e-05     0.05738        1.86
-----------------------------------------------------------------------------------------
Total                           0.008055     0.04924   9.167e-05     0.05738        1.86
-----------------------------------------------------------------------------------------
Clock: CLK
Clock Period: 0.003991 usec 
Clock Toggle Rate:   501.1526 Mhz 
Clock Static Probability:  0.5000
  
 
 
-----------------------------------------------------------------------------------------
*	Power Distribution Summary: 
*              Highest Average Power:       CTS_ccl_a_buf_00003 (CLKBUF_X3):          0.02007
*              Highest Leakage Power:                     U2692 (AOI211_X4):        0.0001229
*                Total Cap:      2.10679e-11 F
*                Total instances in design:  2779
*                Total instances in design with no power:     0
*                Total instances in design with no activty:     0

*                Total Fillers and Decap:     0
-----------------------------------------------------------------------------------------
 
** INFO:  (VOLTUS_POWR-3465): There are 0 decaps and 0 fillers in the design

Ended Static Power Report Generation: (cpu=0:00:00, real=0:00:00,
mem(process/total/peak)=3473.84MB/8292.56MB/3473.84MB)

