###############################################################
#  Generated by:      Cadence Innovus 23.35-s106_1
#  OS:                Linux x86_64(Host ID microsys.openstack.polito)
#  Generated on:      Sat Oct 10 21:23:07 2026
#  Design:            boothmul_registered
#  Command:           report_ccopt_skew_groups -file reports/05_skew_groups.rpt
###############################################################

Skew Group Structure:
=====================

-----------------------------------------------------------------------------
Skew Group                Sources    Constrained Sinks    Unconstrained Sinks
-----------------------------------------------------------------------------
CLK/coherent-synthesis       1              128                    0
-----------------------------------------------------------------------------

Skew Group Summary:
===================

---------------------------------------------------------------------------------------------------------------------------------------------------------------------------
Timing Corner         Skew Group                ID Target    Min ID    Max ID    Avg ID    Std.Dev. ID    Skew Target Type    Skew Target    Skew     Skew window occupancy
---------------------------------------------------------------------------------------------------------------------------------------------------------------------------
std-typ:both.early    CLK/coherent-synthesis        -        0.059     0.075     0.068        0.006       ignored                  -         0.016              -
std-typ:both.late     CLK/coherent-synthesis     0.050       0.059     0.075     0.068        0.006       explicit             0.050         0.016    100% {0.059, 0.075}
---------------------------------------------------------------------------------------------------------------------------------------------------------------------------

* - indicates that target was not met.

Skew Group Min/Max path pins:
=============================

------------------------------------------------------------------------------------
Timing Corner         Skew Group                Min ID    PathID    Max ID    PathID
------------------------------------------------------------------------------------
std-typ:both.early    CLK/coherent-synthesis    0.059       1       0.075       2
-    min A_reg_Y_temp_reg_0_/CK
-    max B_reg_Y_temp_reg_12_/CK
std-typ:both.late     CLK/coherent-synthesis    0.059       3       0.075       4
-    min A_reg_Y_temp_reg_0_/CK
-    max B_reg_Y_temp_reg_12_/CK
------------------------------------------------------------------------------------

Timing for timing corner std-typ:both.early, min clock_path:
============================================================

PathID    : 1
Path type : skew group CLK/coherent-synthesis (path 1 of 1)
Start     : CLK
End       : A_reg_Y_temp_reg_0_/CK
Delay     : 0.059

------------------------------------------------------------------------------------------------
Name  Lib cell   Event  Incr   Arrival  Slew   Cap     Location         Distance  Fanout  Status
                        (ns)   (ns)     (ns)   (fF)                     (um)              
-- Clockpath trace -----------------------------------------------------------------------------
CLK
-     -          rise   -       0.000   0.002  19.173  (67.385,0.000)   -            4    
CTS_ccl_a_buf_00002/A
-     CLKBUF_X2  rise   0.001   0.001   0.002  -       (67.890,57.365)   57.870   -       
CTS_ccl_a_buf_00002/Z
-     CLKBUF_X2  rise   0.057   0.058   0.037  30.877  (68.255,56.990)    0.740     23    
A_reg_Y_temp_reg_0_/CK
-     DFF_X1     rise   0.001   0.059   0.037  -       (68.250,59.110)    2.125   -       
------------------------------------------------------------------------------------------------

Timing for timing corner std-typ:both.early, max clock_path:
============================================================

PathID    : 2
Path type : skew group CLK/coherent-synthesis (path 1 of 1)
Start     : CLK
End       : B_reg_Y_temp_reg_12_/CK
Delay     : 0.075

-------------------------------------------------------------------------------------------------
Name  Lib cell   Event  Incr   Arrival  Slew   Cap     Location          Distance  Fanout  Status
                        (ns)   (ns)     (ns)   (fF)                      (um)              
-- Clockpath trace ------------------------------------------------------------------------------
CLK
-     -          rise   -       0.000   0.002  19.173  (67.385,0.000)    -            4    
CTS_ccl_a_buf_00001/A
-     CLKBUF_X3  rise   0.001   0.001   0.002  -       (15.140,25.515)    77.760   -       
CTS_ccl_a_buf_00001/Z
-     CLKBUF_X3  rise   0.063   0.064   0.047  56.033  (14.775,25.860)     0.710     42    
B_reg_Y_temp_reg_12_/CK
-     DFF_X1     rise   0.010   0.075   0.047  -       (46.020,112.310)  117.695   -       
-------------------------------------------------------------------------------------------------

Timing for timing corner std-typ:both.late, min clock_path:
===========================================================

PathID    : 3
Path type : skew group CLK/coherent-synthesis (path 1 of 1)
Start     : CLK
End       : A_reg_Y_temp_reg_0_/CK
Delay     : 0.059

------------------------------------------------------------------------------------------------
Name  Lib cell   Event  Incr   Arrival  Slew   Cap     Location         Distance  Fanout  Status
                        (ns)   (ns)     (ns)   (fF)                     (um)              
-- Clockpath trace -----------------------------------------------------------------------------
CLK
-     -          rise   -       0.000   0.002  19.173  (67.385,0.000)   -            4    
CTS_ccl_a_buf_00002/A
-     CLKBUF_X2  rise   0.001   0.001   0.002  -       (67.890,57.365)   57.870   -       
CTS_ccl_a_buf_00002/Z
-     CLKBUF_X2  rise   0.057   0.058   0.038  30.877  (68.255,56.990)    0.740     23    
A_reg_Y_temp_reg_0_/CK
-     DFF_X1     rise   0.001   0.059   0.038  -       (68.250,59.110)    2.125   -       
------------------------------------------------------------------------------------------------

Timing for timing corner std-typ:both.late, max clock_path:
===========================================================

PathID    : 4
Path type : skew group CLK/coherent-synthesis (path 1 of 1)
Start     : CLK
End       : B_reg_Y_temp_reg_12_/CK
Delay     : 0.075

-------------------------------------------------------------------------------------------------
Name  Lib cell   Event  Incr   Arrival  Slew   Cap     Location          Distance  Fanout  Status
                        (ns)   (ns)     (ns)   (fF)                      (um)              
-- Clockpath trace ------------------------------------------------------------------------------
CLK
-     -          rise   -       0.000   0.002  19.173  (67.385,0.000)    -            4    
CTS_ccl_a_buf_00001/A
-     CLKBUF_X3  rise   0.001   0.001   0.002  -       (15.140,25.515)    77.760   -       
CTS_ccl_a_buf_00001/Z
-     CLKBUF_X3  rise   0.063   0.065   0.047  56.033  (14.775,25.860)     0.710     42    
B_reg_Y_temp_reg_12_/CK
-     DFF_X1     rise   0.010   0.075   0.047  -       (46.020,112.310)  117.695   -       
-------------------------------------------------------------------------------------------------

