###############################################################
#  Generated by:      Cadence Innovus 23.35-s106_1
#  OS:                Linux x86_64(Host ID microsys.openstack.polito)
#  Generated on:      Sat Oct 10 21:27:32 2026
#  Design:            boothmul_registered
#  Command:           report_timing -max_paths 10 > reports/10_setup_paths.rpt
###############################################################
Path 1: MET Setup Check with Pin p_reg_Y_temp_reg_48_/CK 
Endpoint:   p_reg_Y_temp_reg_48_/D (^) checked with  leading edge of 'CLK'
Beginpoint: B_reg_Y_temp_reg_5_/Q  (v) triggered by  leading edge of 'CLK'
Path Groups: {CLK}
Analysis View: default
Other End Arrival Time          0.059
- Setup                         0.027
+ Phase Shift                   2.014
+ CPPR Adjustment               0.000
- Uncertainty                   0.050
= Required Time                 1.996
- Arrival Time                  1.823
= Slack Time                    0.173
     Clock Rise Edge                 0.000
     + Clock Network Latency (Prop)  0.054
     = Beginpoint Arrival Time       0.054
     +------------------------------------------------------------------------------+ 
     |       Instance       |     Arc      |   Cell    | Delay | Arrival | Required | 
     |                      |              |           |       |  Time   |   Time   | 
     |----------------------+--------------+-----------+-------+---------+----------| 
     | B_reg_Y_temp_reg_5_  | CK ^         |           |       |   0.054 |    0.226 | 
     | B_reg_Y_temp_reg_5_  | CK ^ -> Q v  | DFF_X1    | 0.099 |   0.153 |    0.326 | 
     | U2312                | A2 v -> ZN v | OR2_X1    | 0.049 |   0.203 |    0.375 | 
     | U2381                | A3 v -> ZN ^ | NAND3_X1  | 0.056 |   0.259 |    0.431 | 
     | FE_OFC3_n1798        | A ^ -> Z ^   | CLKBUF_X1 | 0.149 |   0.408 |    0.580 | 
     | U3801                | B2 ^ -> ZN v | OAI22_X1  | 0.060 |   0.468 |    0.640 | 
     | U2535                | A1 v -> ZN v | OR2_X1    | 0.054 |   0.522 |    0.694 | 
     | U3803                | A2 v -> ZN ^ | NOR2_X1   | 0.045 |   0.567 |    0.739 | 
     | U3812                | A1 ^ -> ZN v | NAND2_X1  | 0.017 |   0.584 |    0.756 | 
     | U3833                | A1 v -> ZN ^ | NOR2_X1   | 0.081 |   0.665 |    0.837 | 
     | FE_DBTC2_n3882       | A ^ -> ZN v  | INV_X1    | 0.059 |   0.723 |    0.896 | 
     | U5077                | A1 v -> ZN ^ | NOR2_X1   | 0.042 |   0.765 |    0.937 | 
     | U5078                | A ^ -> ZN ^  | XNOR2_X1  | 0.040 |   0.805 |    0.978 | 
     | U5079                | A ^ -> Z ^   | MUX2_X1   | 0.044 |   0.849 |    1.021 | 
     | U5119                | CI ^ -> S v  | FA_X1     | 0.095 |   0.944 |    1.117 | 
     | U5100                | B v -> CO v  | FA_X1     | 0.083 |   1.027 |    1.200 | 
     | U5141                | CI v -> CO v | FA_X1     | 0.073 |   1.101 |    1.273 | 
     | U5169                | CI v -> S v  | FA_X1     | 0.090 |   1.191 |    1.364 | 
     | U5174                | CI v -> S ^  | FA_X1     | 0.121 |   1.312 |    1.484 | 
     | U5143                | A1 ^ -> ZN ^ | OR2_X1    | 0.035 |   1.347 |    1.520 | 
     | U5144                | A2 ^ -> ZN v | NAND2_X1  | 0.015 |   1.362 |    1.535 | 
     | U5149                | B2 v -> ZN ^ | OAI21_X1  | 0.062 |   1.424 |    1.597 | 
     | U5189                | B1 ^ -> ZN v | AOI21_X1  | 0.028 |   1.452 |    1.624 | 
     | U5197                | B2 v -> ZN ^ | OAI21_X1  | 0.075 |   1.527 |    1.699 | 
     | U2108                | B1 ^ -> ZN v | AOI21_X1  | 0.034 |   1.561 |    1.733 | 
     | FE_OFC1_n702         | A v -> Z v   | CLKBUF_X1 | 0.114 |   1.675 |    1.847 | 
     | U5814                | B1 v -> ZN ^ | OAI21_X1  | 0.064 |   1.739 |    1.912 | 
     | U5815                | B ^ -> ZN ^  | XNOR2_X1  | 0.049 |   1.788 |    1.961 | 
     | U5816                | A1 ^ -> ZN v | NAND2_X1  | 0.018 |   1.807 |    1.979 | 
     | U6631                | A1 v -> ZN ^ | NAND2_X1  | 0.017 |   1.823 |    1.996 | 
     | p_reg_Y_temp_reg_48_ | D ^          | DFF_X1    | 0.000 |   1.823 |    1.996 | 
     +------------------------------------------------------------------------------+ 
Path 2: MET Setup Check with Pin p_reg_Y_temp_reg_47_/CK 
Endpoint:   p_reg_Y_temp_reg_47_/D (^) checked with  leading edge of 'CLK'
Beginpoint: B_reg_Y_temp_reg_5_/Q  (v) triggered by  leading edge of 'CLK'
Path Groups: {CLK}
Analysis View: default
Other End Arrival Time          0.059
- Setup                         0.027
+ Phase Shift                   2.014
+ CPPR Adjustment               0.000
- Uncertainty                   0.050
= Required Time                 1.996
- Arrival Time                  1.821
= Slack Time                    0.175
     Clock Rise Edge                 0.000
     + Clock Network Latency (Prop)  0.054
     = Beginpoint Arrival Time       0.054
     +------------------------------------------------------------------------------+ 
     |       Instance       |     Arc      |   Cell    | Delay | Arrival | Required | 
     |                      |              |           |       |  Time   |   Time   | 
     |----------------------+--------------+-----------+-------+---------+----------| 
     | B_reg_Y_temp_reg_5_  | CK ^         |           |       |   0.054 |    0.229 | 
     | B_reg_Y_temp_reg_5_  | CK ^ -> Q v  | DFF_X1    | 0.099 |   0.153 |    0.328 | 
     | U2312                | A2 v -> ZN v | OR2_X1    | 0.049 |   0.203 |    0.378 | 
     | U2381                | A3 v -> ZN ^ | NAND3_X1  | 0.056 |   0.259 |    0.434 | 
     | FE_OFC3_n1798        | A ^ -> Z ^   | CLKBUF_X1 | 0.149 |   0.408 |    0.583 | 
     | U3801                | B2 ^ -> ZN v | OAI22_X1  | 0.060 |   0.468 |    0.643 | 
     | U2535                | A1 v -> ZN v | OR2_X1    | 0.054 |   0.522 |    0.697 | 
     | U3803                | A2 v -> ZN ^ | NOR2_X1   | 0.045 |   0.567 |    0.742 | 
     | U3812                | A1 ^ -> ZN v | NAND2_X1  | 0.017 |   0.584 |    0.759 | 
     | U3833                | A1 v -> ZN ^ | NOR2_X1   | 0.081 |   0.665 |    0.840 | 
     | FE_DBTC2_n3882       | A ^ -> ZN v  | INV_X1    | 0.059 |   0.723 |    0.898 | 
     | U5077                | A1 v -> ZN ^ | NOR2_X1   | 0.042 |   0.765 |    0.940 | 
     | U5078                | A ^ -> ZN ^  | XNOR2_X1  | 0.040 |   0.805 |    0.980 | 
     | U5079                | A ^ -> Z ^   | MUX2_X1   | 0.044 |   0.849 |    1.024 | 
     | U5119                | CI ^ -> S v  | FA_X1     | 0.095 |   0.944 |    1.119 | 
     | U5100                | B v -> CO v  | FA_X1     | 0.083 |   1.027 |    1.202 | 
     | U5141                | CI v -> CO v | FA_X1     | 0.073 |   1.101 |    1.276 | 
     | U5169                | CI v -> S v  | FA_X1     | 0.090 |   1.191 |    1.366 | 
     | U5174                | CI v -> S ^  | FA_X1     | 0.121 |   1.312 |    1.487 | 
     | U5143                | A1 ^ -> ZN ^ | OR2_X1    | 0.035 |   1.347 |    1.522 | 
     | U5144                | A2 ^ -> ZN v | NAND2_X1  | 0.015 |   1.362 |    1.537 | 
     | U5149                | B2 v -> ZN ^ | OAI21_X1  | 0.062 |   1.424 |    1.599 | 
     | U5189                | B1 ^ -> ZN v | AOI21_X1  | 0.028 |   1.452 |    1.627 | 
     | U5197                | B2 v -> ZN ^ | OAI21_X1  | 0.075 |   1.527 |    1.702 | 
     | U2108                | B1 ^ -> ZN v | AOI21_X1  | 0.034 |   1.561 |    1.736 | 
     | FE_OFC1_n702         | A v -> Z v   | CLKBUF_X1 | 0.114 |   1.675 |    1.850 | 
     | U6344                | B1 v -> ZN ^ | OAI21_X1  | 0.064 |   1.739 |    1.914 | 
     | U6345                | B ^ -> ZN ^  | XNOR2_X1  | 0.048 |   1.787 |    1.962 | 
     | U6347                | A1 ^ -> ZN v | NAND2_X1  | 0.018 |   1.805 |    1.980 | 
     | U6639                | A1 v -> ZN ^ | NAND2_X1  | 0.016 |   1.821 |    1.996 | 
     | p_reg_Y_temp_reg_47_ | D ^          | DFF_X1    | 0.000 |   1.821 |    1.996 | 
     +------------------------------------------------------------------------------+ 
Path 3: MET Setup Check with Pin p_reg_Y_temp_reg_50_/CK 
Endpoint:   p_reg_Y_temp_reg_50_/D (^) checked with  leading edge of 'CLK'
Beginpoint: B_reg_Y_temp_reg_5_/Q  (v) triggered by  leading edge of 'CLK'
Path Groups: {CLK}
Analysis View: default
Other End Arrival Time          0.059
- Setup                         0.027
+ Phase Shift                   2.014
+ CPPR Adjustment               0.000
- Uncertainty                   0.050
= Required Time                 1.996
- Arrival Time                  1.819
= Slack Time                    0.178
     Clock Rise Edge                 0.000
     + Clock Network Latency (Prop)  0.054
     = Beginpoint Arrival Time       0.054
     +------------------------------------------------------------------------------+ 
     |       Instance       |     Arc      |   Cell    | Delay | Arrival | Required | 
     |                      |              |           |       |  Time   |   Time   | 
     |----------------------+--------------+-----------+-------+---------+----------| 
     | B_reg_Y_temp_reg_5_  | CK ^         |           |       |   0.054 |    0.231 | 
     | B_reg_Y_temp_reg_5_  | CK ^ -> Q v  | DFF_X1    | 0.099 |   0.153 |    0.331 | 
     | U2312                | A2 v -> ZN v | OR2_X1    | 0.049 |   0.203 |    0.380 | 
     | U2381                | A3 v -> ZN ^ | NAND3_X1  | 0.056 |   0.259 |    0.436 | 
     | FE_OFC3_n1798        | A ^ -> Z ^   | CLKBUF_X1 | 0.149 |   0.408 |    0.585 | 
     | U3801                | B2 ^ -> ZN v | OAI22_X1  | 0.060 |   0.468 |    0.645 | 
     | U2535                | A1 v -> ZN v | OR2_X1    | 0.054 |   0.522 |    0.699 | 
     | U3803                | A2 v -> ZN ^ | NOR2_X1   | 0.045 |   0.567 |    0.744 | 
     | U3812                | A1 ^ -> ZN v | NAND2_X1  | 0.017 |   0.584 |    0.761 | 
     | U3833                | A1 v -> ZN ^ | NOR2_X1   | 0.081 |   0.665 |    0.842 | 
     | FE_DBTC2_n3882       | A ^ -> ZN v  | INV_X1    | 0.059 |   0.723 |    0.901 | 
     | U5077                | A1 v -> ZN ^ | NOR2_X1   | 0.042 |   0.765 |    0.942 | 
     | U5078                | A ^ -> ZN ^  | XNOR2_X1  | 0.040 |   0.805 |    0.983 | 
     | U5079                | A ^ -> Z ^   | MUX2_X1   | 0.044 |   0.849 |    1.026 | 
     | U5119                | CI ^ -> S v  | FA_X1     | 0.095 |   0.944 |    1.122 | 
     | U5100                | B v -> CO v  | FA_X1     | 0.083 |   1.027 |    1.205 | 
     | U5141                | CI v -> CO v | FA_X1     | 0.073 |   1.101 |    1.278 | 
     | U5169                | CI v -> S v  | FA_X1     | 0.090 |   1.191 |    1.368 | 
     | U5174                | CI v -> S ^  | FA_X1     | 0.121 |   1.312 |    1.489 | 
     | U5143                | A1 ^ -> ZN ^ | OR2_X1    | 0.035 |   1.347 |    1.525 | 
     | U5144                | A2 ^ -> ZN v | NAND2_X1  | 0.015 |   1.362 |    1.540 | 
     | U5149                | B2 v -> ZN ^ | OAI21_X1  | 0.062 |   1.424 |    1.602 | 
     | U5189                | B1 ^ -> ZN v | AOI21_X1  | 0.028 |   1.452 |    1.629 | 
     | U5197                | B2 v -> ZN ^ | OAI21_X1  | 0.075 |   1.527 |    1.704 | 
     | U2108                | B1 ^ -> ZN v | AOI21_X1  | 0.034 |   1.561 |    1.738 | 
     | FE_OFC1_n702         | A v -> Z v   | CLKBUF_X1 | 0.114 |   1.675 |    1.852 | 
     | U6291                | B1 v -> ZN ^ | OAI21_X1  | 0.062 |   1.737 |    1.914 | 
     | U6292                | B ^ -> ZN ^  | XNOR2_X1  | 0.047 |   1.784 |    1.961 | 
     | U6294                | A1 ^ -> ZN v | NAND2_X1  | 0.018 |   1.802 |    1.980 | 
     | U6636                | A1 v -> ZN ^ | NAND2_X1  | 0.016 |   1.819 |    1.996 | 
     | p_reg_Y_temp_reg_50_ | D ^          | DFF_X1    | 0.000 |   1.819 |    1.996 | 
     +------------------------------------------------------------------------------+ 
Path 4: MET Setup Check with Pin p_reg_Y_temp_reg_60_/CK 
Endpoint:   p_reg_Y_temp_reg_60_/D (v) checked with  leading edge of 'CLK'
Beginpoint: B_reg_Y_temp_reg_5_/Q  (v) triggered by  leading edge of 'CLK'
Path Groups: {CLK}
Analysis View: default
Other End Arrival Time          0.059
- Setup                         0.034
+ Phase Shift                   2.014
+ CPPR Adjustment               0.000
- Uncertainty                   0.050
= Required Time                 1.989
- Arrival Time                  1.811
= Slack Time                    0.178
     Clock Rise Edge                 0.000
     + Clock Network Latency (Prop)  0.054
     = Beginpoint Arrival Time       0.054
     +------------------------------------------------------------------------------+ 
     |       Instance       |     Arc      |   Cell    | Delay | Arrival | Required | 
     |                      |              |           |       |  Time   |   Time   | 
     |----------------------+--------------+-----------+-------+---------+----------| 
     | B_reg_Y_temp_reg_5_  | CK ^         |           |       |   0.054 |    0.231 | 
     | B_reg_Y_temp_reg_5_  | CK ^ -> Q v  | DFF_X1    | 0.099 |   0.153 |    0.331 | 
     | U2312                | A2 v -> ZN v | OR2_X1    | 0.049 |   0.203 |    0.380 | 
     | U2381                | A3 v -> ZN ^ | NAND3_X1  | 0.056 |   0.259 |    0.436 | 
     | FE_OFC3_n1798        | A ^ -> Z ^   | CLKBUF_X1 | 0.149 |   0.408 |    0.585 | 
     | U3801                | B2 ^ -> ZN v | OAI22_X1  | 0.060 |   0.468 |    0.645 | 
     | U2535                | A1 v -> ZN v | OR2_X1    | 0.054 |   0.522 |    0.699 | 
     | U3803                | A2 v -> ZN ^ | NOR2_X1   | 0.045 |   0.567 |    0.744 | 
     | U3812                | A1 ^ -> ZN v | NAND2_X1  | 0.017 |   0.584 |    0.761 | 
     | U3833                | A1 v -> ZN ^ | NOR2_X1   | 0.081 |   0.665 |    0.842 | 
     | FE_DBTC2_n3882       | A ^ -> ZN v  | INV_X1    | 0.059 |   0.723 |    0.901 | 
     | U5077                | A1 v -> ZN ^ | NOR2_X1   | 0.042 |   0.765 |    0.942 | 
     | U5078                | A ^ -> ZN ^  | XNOR2_X1  | 0.040 |   0.805 |    0.983 | 
     | U5079                | A ^ -> Z ^   | MUX2_X1   | 0.044 |   0.849 |    1.026 | 
     | U5119                | CI ^ -> S v  | FA_X1     | 0.095 |   0.944 |    1.122 | 
     | U5100                | B v -> CO v  | FA_X1     | 0.083 |   1.027 |    1.205 | 
     | U5141                | CI v -> CO v | FA_X1     | 0.073 |   1.101 |    1.278 | 
     | U5169                | CI v -> S v  | FA_X1     | 0.090 |   1.191 |    1.368 | 
     | U5174                | CI v -> S ^  | FA_X1     | 0.121 |   1.312 |    1.489 | 
     | U5143                | A1 ^ -> ZN ^ | OR2_X1    | 0.035 |   1.347 |    1.525 | 
     | U5144                | A2 ^ -> ZN v | NAND2_X1  | 0.015 |   1.362 |    1.540 | 
     | U5149                | B2 v -> ZN ^ | OAI21_X1  | 0.062 |   1.424 |    1.602 | 
     | U5189                | B1 ^ -> ZN v | AOI21_X1  | 0.028 |   1.452 |    1.629 | 
     | U5197                | B2 v -> ZN ^ | OAI21_X1  | 0.075 |   1.527 |    1.704 | 
     | U2108                | B1 ^ -> ZN v | AOI21_X1  | 0.034 |   1.561 |    1.738 | 
     | FE_OFC1_n702         | A v -> Z v   | CLKBUF_X1 | 0.114 |   1.675 |    1.852 | 
     | U6452                | B1 v -> ZN ^ | OAI21_X1  | 0.058 |   1.733 |    1.910 | 
     | U6454                | A ^ -> Z ^   | XOR2_X1   | 0.058 |   1.790 |    1.968 | 
     | U6793                | B2 ^ -> ZN v | OAI21_X1  | 0.021 |   1.811 |    1.989 | 
     | p_reg_Y_temp_reg_60_ | D v          | DFF_X1    | 0.000 |   1.811 |    1.989 | 
     +------------------------------------------------------------------------------+ 
Path 5: MET Setup Check with Pin p_reg_Y_temp_reg_46_/CK 
Endpoint:   p_reg_Y_temp_reg_46_/D (^) checked with  leading edge of 'CLK'
Beginpoint: B_reg_Y_temp_reg_5_/Q  (v) triggered by  leading edge of 'CLK'
Path Groups: {CLK}
Analysis View: default
Other End Arrival Time          0.059
- Setup                         0.027
+ Phase Shift                   2.014
+ CPPR Adjustment               0.000
- Uncertainty                   0.050
= Required Time                 1.996
- Arrival Time                  1.818
= Slack Time                    0.178
     Clock Rise Edge                 0.000
     + Clock Network Latency (Prop)  0.054
     = Beginpoint Arrival Time       0.054
     +------------------------------------------------------------------------------+ 
     |       Instance       |     Arc      |   Cell    | Delay | Arrival | Required | 
     |                      |              |           |       |  Time   |   Time   | 
     |----------------------+--------------+-----------+-------+---------+----------| 
     | B_reg_Y_temp_reg_5_  | CK ^         |           |       |   0.054 |    0.232 | 
     | B_reg_Y_temp_reg_5_  | CK ^ -> Q v  | DFF_X1    | 0.099 |   0.153 |    0.331 | 
     | U2312                | A2 v -> ZN v | OR2_X1    | 0.049 |   0.203 |    0.380 | 
     | U2381                | A3 v -> ZN ^ | NAND3_X1  | 0.056 |   0.259 |    0.437 | 
     | FE_OFC3_n1798        | A ^ -> Z ^   | CLKBUF_X1 | 0.149 |   0.408 |    0.586 | 
     | U3801                | B2 ^ -> ZN v | OAI22_X1  | 0.060 |   0.468 |    0.646 | 
     | U2535                | A1 v -> ZN v | OR2_X1    | 0.054 |   0.522 |    0.700 | 
     | U3803                | A2 v -> ZN ^ | NOR2_X1   | 0.045 |   0.567 |    0.745 | 
     | U3812                | A1 ^ -> ZN v | NAND2_X1  | 0.017 |   0.584 |    0.762 | 
     | U3833                | A1 v -> ZN ^ | NOR2_X1   | 0.081 |   0.665 |    0.843 | 
     | FE_DBTC2_n3882       | A ^ -> ZN v  | INV_X1    | 0.059 |   0.723 |    0.901 | 
     | U5077                | A1 v -> ZN ^ | NOR2_X1   | 0.042 |   0.765 |    0.943 | 
     | U5078                | A ^ -> ZN ^  | XNOR2_X1  | 0.040 |   0.805 |    0.983 | 
     | U5079                | A ^ -> Z ^   | MUX2_X1   | 0.044 |   0.849 |    1.027 | 
     | U5119                | CI ^ -> S v  | FA_X1     | 0.095 |   0.944 |    1.122 | 
     | U5100                | B v -> CO v  | FA_X1     | 0.083 |   1.027 |    1.205 | 
     | U5141                | CI v -> CO v | FA_X1     | 0.073 |   1.101 |    1.279 | 
     | U5169                | CI v -> S v  | FA_X1     | 0.090 |   1.191 |    1.369 | 
     | U5174                | CI v -> S ^  | FA_X1     | 0.121 |   1.312 |    1.490 | 
     | U5143                | A1 ^ -> ZN ^ | OR2_X1    | 0.035 |   1.347 |    1.525 | 
     | U5144                | A2 ^ -> ZN v | NAND2_X1  | 0.015 |   1.362 |    1.540 | 
     | U5149                | B2 v -> ZN ^ | OAI21_X1  | 0.062 |   1.424 |    1.602 | 
     | U5189                | B1 ^ -> ZN v | AOI21_X1  | 0.028 |   1.452 |    1.630 | 
     | U5197                | B2 v -> ZN ^ | OAI21_X1  | 0.075 |   1.527 |    1.705 | 
     | U2108                | B1 ^ -> ZN v | AOI21_X1  | 0.034 |   1.561 |    1.739 | 
     | FE_OFC1_n702         | A v -> Z v   | CLKBUF_X1 | 0.114 |   1.675 |    1.853 | 
     | U5820                | B1 v -> ZN ^ | OAI21_X1  | 0.062 |   1.737 |    1.914 | 
     | U5821                | B ^ -> ZN ^  | XNOR2_X1  | 0.046 |   1.783 |    1.960 | 
     | U5823                | A1 ^ -> ZN v | NAND2_X1  | 0.019 |   1.802 |    1.980 | 
     | U6632                | A1 v -> ZN ^ | NAND2_X1  | 0.017 |   1.818 |    1.996 | 
     | p_reg_Y_temp_reg_46_ | D ^          | DFF_X1    | 0.000 |   1.818 |    1.996 | 
     +------------------------------------------------------------------------------+ 
Path 6: MET Setup Check with Pin p_reg_Y_temp_reg_51_/CK 
Endpoint:   p_reg_Y_temp_reg_51_/D (^) checked with  leading edge of 'CLK'
Beginpoint: B_reg_Y_temp_reg_5_/Q  (v) triggered by  leading edge of 'CLK'
Path Groups: {CLK}
Analysis View: default
Other End Arrival Time          0.059
- Setup                         0.027
+ Phase Shift                   2.014
+ CPPR Adjustment               0.000
- Uncertainty                   0.050
= Required Time                 1.996
- Arrival Time                  1.818
= Slack Time                    0.178
     Clock Rise Edge                 0.000
     + Clock Network Latency (Prop)  0.054
     = Beginpoint Arrival Time       0.054
     +------------------------------------------------------------------------------+ 
     |       Instance       |     Arc      |   Cell    | Delay | Arrival | Required | 
     |                      |              |           |       |  Time   |   Time   | 
     |----------------------+--------------+-----------+-------+---------+----------| 
     | B_reg_Y_temp_reg_5_  | CK ^         |           |       |   0.054 |    0.232 | 
     | B_reg_Y_temp_reg_5_  | CK ^ -> Q v  | DFF_X1    | 0.099 |   0.153 |    0.331 | 
     | U2312                | A2 v -> ZN v | OR2_X1    | 0.049 |   0.203 |    0.381 | 
     | U2381                | A3 v -> ZN ^ | NAND3_X1  | 0.056 |   0.259 |    0.437 | 
     | FE_OFC3_n1798        | A ^ -> Z ^   | CLKBUF_X1 | 0.149 |   0.408 |    0.586 | 
     | U3801                | B2 ^ -> ZN v | OAI22_X1  | 0.060 |   0.468 |    0.646 | 
     | U2535                | A1 v -> ZN v | OR2_X1    | 0.054 |   0.522 |    0.700 | 
     | U3803                | A2 v -> ZN ^ | NOR2_X1   | 0.045 |   0.567 |    0.745 | 
     | U3812                | A1 ^ -> ZN v | NAND2_X1  | 0.017 |   0.584 |    0.762 | 
     | U3833                | A1 v -> ZN ^ | NOR2_X1   | 0.081 |   0.665 |    0.843 | 
     | FE_DBTC2_n3882       | A ^ -> ZN v  | INV_X1    | 0.059 |   0.723 |    0.901 | 
     | U5077                | A1 v -> ZN ^ | NOR2_X1   | 0.042 |   0.765 |    0.943 | 
     | U5078                | A ^ -> ZN ^  | XNOR2_X1  | 0.040 |   0.805 |    0.983 | 
     | U5079                | A ^ -> Z ^   | MUX2_X1   | 0.044 |   0.849 |    1.027 | 
     | U5119                | CI ^ -> S v  | FA_X1     | 0.095 |   0.944 |    1.122 | 
     | U5100                | B v -> CO v  | FA_X1     | 0.083 |   1.027 |    1.205 | 
     | U5141                | CI v -> CO v | FA_X1     | 0.073 |   1.101 |    1.279 | 
     | U5169                | CI v -> S v  | FA_X1     | 0.090 |   1.191 |    1.369 | 
     | U5174                | CI v -> S ^  | FA_X1     | 0.121 |   1.312 |    1.490 | 
     | U5143                | A1 ^ -> ZN ^ | OR2_X1    | 0.035 |   1.347 |    1.525 | 
     | U5144                | A2 ^ -> ZN v | NAND2_X1  | 0.015 |   1.362 |    1.540 | 
     | U5149                | B2 v -> ZN ^ | OAI21_X1  | 0.062 |   1.424 |    1.602 | 
     | U5189                | B1 ^ -> ZN v | AOI21_X1  | 0.028 |   1.452 |    1.630 | 
     | U5197                | B2 v -> ZN ^ | OAI21_X1  | 0.075 |   1.527 |    1.705 | 
     | U2108                | B1 ^ -> ZN v | AOI21_X1  | 0.034 |   1.561 |    1.739 | 
     | FE_OFC1_n702         | A v -> Z v   | CLKBUF_X1 | 0.114 |   1.675 |    1.853 | 
     | U6301                | B1 v -> ZN ^ | OAI21_X1  | 0.066 |   1.741 |    1.919 | 
     | U6302                | A ^ -> ZN ^  | XNOR2_X1  | 0.045 |   1.786 |    1.964 | 
     | U6304                | A1 ^ -> ZN v | NAND2_X1  | 0.016 |   1.802 |    1.980 | 
     | U6637                | A1 v -> ZN ^ | NAND2_X1  | 0.016 |   1.818 |    1.996 | 
     | p_reg_Y_temp_reg_51_ | D ^          | DFF_X1    | 0.000 |   1.818 |    1.996 | 
     +------------------------------------------------------------------------------+ 
Path 7: MET Setup Check with Pin p_reg_Y_temp_reg_54_/CK 
Endpoint:   p_reg_Y_temp_reg_54_/D (^) checked with  leading edge of 'CLK'
Beginpoint: B_reg_Y_temp_reg_5_/Q  (v) triggered by  leading edge of 'CLK'
Path Groups: {CLK}
Analysis View: default
Other End Arrival Time          0.058
- Setup                         0.027
+ Phase Shift                   2.014
+ CPPR Adjustment               0.000
- Uncertainty                   0.050
= Required Time                 1.996
- Arrival Time                  1.816
= Slack Time                    0.180
     Clock Rise Edge                 0.000
     + Clock Network Latency (Prop)  0.054
     = Beginpoint Arrival Time       0.054
     +------------------------------------------------------------------------------+ 
     |       Instance       |     Arc      |   Cell    | Delay | Arrival | Required | 
     |                      |              |           |       |  Time   |   Time   | 
     |----------------------+--------------+-----------+-------+---------+----------| 
     | B_reg_Y_temp_reg_5_  | CK ^         |           |       |   0.054 |    0.233 | 
     | B_reg_Y_temp_reg_5_  | CK ^ -> Q v  | DFF_X1    | 0.099 |   0.153 |    0.333 | 
     | U2312                | A2 v -> ZN v | OR2_X1    | 0.049 |   0.203 |    0.382 | 
     | U2381                | A3 v -> ZN ^ | NAND3_X1  | 0.056 |   0.259 |    0.438 | 
     | FE_OFC3_n1798        | A ^ -> Z ^   | CLKBUF_X1 | 0.149 |   0.408 |    0.587 | 
     | U3801                | B2 ^ -> ZN v | OAI22_X1  | 0.060 |   0.468 |    0.647 | 
     | U2535                | A1 v -> ZN v | OR2_X1    | 0.054 |   0.522 |    0.701 | 
     | U3803                | A2 v -> ZN ^ | NOR2_X1   | 0.045 |   0.567 |    0.746 | 
     | U3812                | A1 ^ -> ZN v | NAND2_X1  | 0.017 |   0.584 |    0.763 | 
     | U3833                | A1 v -> ZN ^ | NOR2_X1   | 0.081 |   0.665 |    0.844 | 
     | FE_DBTC2_n3882       | A ^ -> ZN v  | INV_X1    | 0.059 |   0.723 |    0.903 | 
     | U5077                | A1 v -> ZN ^ | NOR2_X1   | 0.042 |   0.765 |    0.944 | 
     | U5078                | A ^ -> ZN ^  | XNOR2_X1  | 0.040 |   0.805 |    0.985 | 
     | U5079                | A ^ -> Z ^   | MUX2_X1   | 0.044 |   0.849 |    1.028 | 
     | U5119                | CI ^ -> S v  | FA_X1     | 0.095 |   0.944 |    1.124 | 
     | U5100                | B v -> CO v  | FA_X1     | 0.083 |   1.027 |    1.207 | 
     | U5141                | CI v -> CO v | FA_X1     | 0.073 |   1.101 |    1.280 | 
     | U5169                | CI v -> S v  | FA_X1     | 0.090 |   1.191 |    1.370 | 
     | U5174                | CI v -> S ^  | FA_X1     | 0.121 |   1.312 |    1.491 | 
     | U5143                | A1 ^ -> ZN ^ | OR2_X1    | 0.035 |   1.347 |    1.527 | 
     | U5144                | A2 ^ -> ZN v | NAND2_X1  | 0.015 |   1.362 |    1.542 | 
     | U5149                | B2 v -> ZN ^ | OAI21_X1  | 0.062 |   1.424 |    1.604 | 
     | U5189                | B1 ^ -> ZN v | AOI21_X1  | 0.028 |   1.452 |    1.631 | 
     | U5197                | B2 v -> ZN ^ | OAI21_X1  | 0.075 |   1.527 |    1.706 | 
     | U2108                | B1 ^ -> ZN v | AOI21_X1  | 0.034 |   1.561 |    1.740 | 
     | FE_OFC1_n702         | A v -> Z v   | CLKBUF_X1 | 0.114 |   1.675 |    1.854 | 
     | U6281                | B1 v -> ZN ^ | OAI21_X1  | 0.066 |   1.741 |    1.921 | 
     | U6282                | B ^ -> ZN ^  | XNOR2_X1  | 0.045 |   1.786 |    1.965 | 
     | U6284                | A1 ^ -> ZN v | NAND2_X1  | 0.015 |   1.801 |    1.980 | 
     | U6635                | A1 v -> ZN ^ | NAND2_X1  | 0.016 |   1.816 |    1.996 | 
     | p_reg_Y_temp_reg_54_ | D ^          | DFF_X1    | 0.000 |   1.816 |    1.996 | 
     +------------------------------------------------------------------------------+ 
Path 8: MET Setup Check with Pin p_reg_Y_temp_reg_56_/CK 
Endpoint:   p_reg_Y_temp_reg_56_/D (^) checked with  leading edge of 'CLK'
Beginpoint: B_reg_Y_temp_reg_5_/Q  (v) triggered by  leading edge of 'CLK'
Path Groups: {CLK}
Analysis View: default
Other End Arrival Time          0.059
- Setup                         0.027
+ Phase Shift                   2.014
+ CPPR Adjustment               0.000
- Uncertainty                   0.050
= Required Time                 1.996
- Arrival Time                  1.813
= Slack Time                    0.184
     Clock Rise Edge                 0.000
     + Clock Network Latency (Prop)  0.054
     = Beginpoint Arrival Time       0.054
     +------------------------------------------------------------------------------+ 
     |       Instance       |     Arc      |   Cell    | Delay | Arrival | Required | 
     |                      |              |           |       |  Time   |   Time   | 
     |----------------------+--------------+-----------+-------+---------+----------| 
     | B_reg_Y_temp_reg_5_  | CK ^         |           |       |   0.054 |    0.238 | 
     | B_reg_Y_temp_reg_5_  | CK ^ -> Q v  | DFF_X1    | 0.099 |   0.153 |    0.337 | 
     | U2312                | A2 v -> ZN v | OR2_X1    | 0.049 |   0.203 |    0.386 | 
     | U2381                | A3 v -> ZN ^ | NAND3_X1  | 0.056 |   0.259 |    0.443 | 
     | FE_OFC3_n1798        | A ^ -> Z ^   | CLKBUF_X1 | 0.149 |   0.408 |    0.592 | 
     | U3801                | B2 ^ -> ZN v | OAI22_X1  | 0.060 |   0.468 |    0.652 | 
     | U2535                | A1 v -> ZN v | OR2_X1    | 0.054 |   0.522 |    0.706 | 
     | U3803                | A2 v -> ZN ^ | NOR2_X1   | 0.045 |   0.567 |    0.751 | 
     | U3812                | A1 ^ -> ZN v | NAND2_X1  | 0.017 |   0.584 |    0.768 | 
     | U3833                | A1 v -> ZN ^ | NOR2_X1   | 0.081 |   0.665 |    0.848 | 
     | FE_DBTC2_n3882       | A ^ -> ZN v  | INV_X1    | 0.059 |   0.723 |    0.907 | 
     | U5077                | A1 v -> ZN ^ | NOR2_X1   | 0.042 |   0.765 |    0.949 | 
     | U5078                | A ^ -> ZN ^  | XNOR2_X1  | 0.040 |   0.805 |    0.989 | 
     | U5079                | A ^ -> Z ^   | MUX2_X1   | 0.044 |   0.849 |    1.033 | 
     | U5119                | CI ^ -> S v  | FA_X1     | 0.095 |   0.944 |    1.128 | 
     | U5100                | B v -> CO v  | FA_X1     | 0.083 |   1.027 |    1.211 | 
     | U5141                | CI v -> CO v | FA_X1     | 0.073 |   1.101 |    1.284 | 
     | U5169                | CI v -> S v  | FA_X1     | 0.090 |   1.191 |    1.375 | 
     | U5174                | CI v -> S ^  | FA_X1     | 0.121 |   1.312 |    1.495 | 
     | U5143                | A1 ^ -> ZN ^ | OR2_X1    | 0.035 |   1.347 |    1.531 | 
     | U5144                | A2 ^ -> ZN v | NAND2_X1  | 0.015 |   1.362 |    1.546 | 
     | U5149                | B2 v -> ZN ^ | OAI21_X1  | 0.062 |   1.424 |    1.608 | 
     | U5189                | B1 ^ -> ZN v | AOI21_X1  | 0.028 |   1.452 |    1.635 | 
     | U5197                | B2 v -> ZN ^ | OAI21_X1  | 0.075 |   1.527 |    1.711 | 
     | U2108                | B1 ^ -> ZN v | AOI21_X1  | 0.034 |   1.561 |    1.744 | 
     | FE_OFC1_n702         | A v -> Z v   | CLKBUF_X1 | 0.114 |   1.675 |    1.858 | 
     | U6354                | B2 v -> ZN ^ | OAI21_X1  | 0.061 |   1.736 |    1.920 | 
     | U6355                | A ^ -> ZN ^  | XNOR2_X1  | 0.044 |   1.780 |    1.964 | 
     | U6356                | A1 ^ -> ZN v | NAND2_X1  | 0.017 |   1.797 |    1.981 | 
     | U6640                | A1 v -> ZN ^ | NAND2_X1  | 0.016 |   1.813 |    1.996 | 
     | p_reg_Y_temp_reg_56_ | D ^          | DFF_X1    | 0.000 |   1.813 |    1.996 | 
     +------------------------------------------------------------------------------+ 
Path 9: MET Setup Check with Pin p_reg_Y_temp_reg_61_/CK 
Endpoint:   p_reg_Y_temp_reg_61_/D (v) checked with  leading edge of 'CLK'
Beginpoint: B_reg_Y_temp_reg_5_/Q  (v) triggered by  leading edge of 'CLK'
Path Groups: {CLK}
Analysis View: default
Other End Arrival Time          0.059
- Setup                         0.034
+ Phase Shift                   2.014
+ CPPR Adjustment               0.000
- Uncertainty                   0.050
= Required Time                 1.989
- Arrival Time                  1.805
= Slack Time                    0.184
     Clock Rise Edge                 0.000
     + Clock Network Latency (Prop)  0.054
     = Beginpoint Arrival Time       0.054
     +------------------------------------------------------------------------------+ 
     |       Instance       |     Arc      |   Cell    | Delay | Arrival | Required | 
     |                      |              |           |       |  Time   |   Time   | 
     |----------------------+--------------+-----------+-------+---------+----------| 
     | B_reg_Y_temp_reg_5_  | CK ^         |           |       |   0.054 |    0.238 | 
     | B_reg_Y_temp_reg_5_  | CK ^ -> Q v  | DFF_X1    | 0.099 |   0.153 |    0.337 | 
     | U2312                | A2 v -> ZN v | OR2_X1    | 0.049 |   0.203 |    0.387 | 
     | U2381                | A3 v -> ZN ^ | NAND3_X1  | 0.056 |   0.259 |    0.443 | 
     | FE_OFC3_n1798        | A ^ -> Z ^   | CLKBUF_X1 | 0.149 |   0.408 |    0.592 | 
     | U3801                | B2 ^ -> ZN v | OAI22_X1  | 0.060 |   0.468 |    0.652 | 
     | U2535                | A1 v -> ZN v | OR2_X1    | 0.054 |   0.522 |    0.706 | 
     | U3803                | A2 v -> ZN ^ | NOR2_X1   | 0.045 |   0.567 |    0.751 | 
     | U3812                | A1 ^ -> ZN v | NAND2_X1  | 0.017 |   0.584 |    0.768 | 
     | U3833                | A1 v -> ZN ^ | NOR2_X1   | 0.081 |   0.665 |    0.849 | 
     | FE_DBTC2_n3882       | A ^ -> ZN v  | INV_X1    | 0.059 |   0.723 |    0.907 | 
     | U5077                | A1 v -> ZN ^ | NOR2_X1   | 0.042 |   0.765 |    0.949 | 
     | U5078                | A ^ -> ZN ^  | XNOR2_X1  | 0.040 |   0.805 |    0.989 | 
     | U5079                | A ^ -> Z ^   | MUX2_X1   | 0.044 |   0.849 |    1.033 | 
     | U5119                | CI ^ -> S v  | FA_X1     | 0.095 |   0.944 |    1.128 | 
     | U5100                | B v -> CO v  | FA_X1     | 0.083 |   1.027 |    1.211 | 
     | U5141                | CI v -> CO v | FA_X1     | 0.073 |   1.101 |    1.285 | 
     | U5169                | CI v -> S v  | FA_X1     | 0.090 |   1.191 |    1.375 | 
     | U5174                | CI v -> S ^  | FA_X1     | 0.121 |   1.312 |    1.496 | 
     | U5143                | A1 ^ -> ZN ^ | OR2_X1    | 0.035 |   1.347 |    1.531 | 
     | U5144                | A2 ^ -> ZN v | NAND2_X1  | 0.015 |   1.362 |    1.546 | 
     | U5149                | B2 v -> ZN ^ | OAI21_X1  | 0.062 |   1.424 |    1.608 | 
     | U5189                | B1 ^ -> ZN v | AOI21_X1  | 0.028 |   1.452 |    1.636 | 
     | U5197                | B2 v -> ZN ^ | OAI21_X1  | 0.075 |   1.527 |    1.711 | 
     | U2108                | B1 ^ -> ZN v | AOI21_X1  | 0.034 |   1.561 |    1.745 | 
     | FE_OFC1_n702         | A v -> Z v   | CLKBUF_X1 | 0.114 |   1.675 |    1.859 | 
     | U1905                | B1 v -> ZN ^ | OAI21_X1  | 0.059 |   1.734 |    1.918 | 
     | U1904                | B ^ -> ZN ^  | XNOR2_X1  | 0.050 |   1.784 |    1.968 | 
     | U6806                | B2 ^ -> ZN v | OAI21_X1  | 0.021 |   1.805 |    1.989 | 
     | p_reg_Y_temp_reg_61_ | D v          | DFF_X1    | 0.000 |   1.805 |    1.989 | 
     +------------------------------------------------------------------------------+ 
Path 10: MET Setup Check with Pin p_reg_Y_temp_reg_53_/CK 
Endpoint:   p_reg_Y_temp_reg_53_/D (^) checked with  leading edge of 'CLK'
Beginpoint: B_reg_Y_temp_reg_5_/Q  (v) triggered by  leading edge of 'CLK'
Path Groups: {CLK}
Analysis View: default
Other End Arrival Time          0.058
- Setup                         0.027
+ Phase Shift                   2.014
+ CPPR Adjustment               0.000
- Uncertainty                   0.050
= Required Time                 1.996
- Arrival Time                  1.811
= Slack Time                    0.185
     Clock Rise Edge                 0.000
     + Clock Network Latency (Prop)  0.054
     = Beginpoint Arrival Time       0.054
     +------------------------------------------------------------------------------+ 
     |       Instance       |     Arc      |   Cell    | Delay | Arrival | Required | 
     |                      |              |           |       |  Time   |   Time   | 
     |----------------------+--------------+-----------+-------+---------+----------| 
     | B_reg_Y_temp_reg_5_  | CK ^         |           |       |   0.054 |    0.239 | 
     | B_reg_Y_temp_reg_5_  | CK ^ -> Q v  | DFF_X1    | 0.099 |   0.153 |    0.338 | 
     | U2312                | A2 v -> ZN v | OR2_X1    | 0.049 |   0.203 |    0.387 | 
     | U2381                | A3 v -> ZN ^ | NAND3_X1  | 0.056 |   0.259 |    0.444 | 
     | FE_OFC3_n1798        | A ^ -> Z ^   | CLKBUF_X1 | 0.149 |   0.408 |    0.593 | 
     | U3801                | B2 ^ -> ZN v | OAI22_X1  | 0.060 |   0.468 |    0.653 | 
     | U2535                | A1 v -> ZN v | OR2_X1    | 0.054 |   0.522 |    0.707 | 
     | U3803                | A2 v -> ZN ^ | NOR2_X1   | 0.045 |   0.567 |    0.752 | 
     | U3812                | A1 ^ -> ZN v | NAND2_X1  | 0.017 |   0.584 |    0.769 | 
     | U3833                | A1 v -> ZN ^ | NOR2_X1   | 0.081 |   0.665 |    0.850 | 
     | FE_DBTC2_n3882       | A ^ -> ZN v  | INV_X1    | 0.059 |   0.723 |    0.908 | 
     | U5077                | A1 v -> ZN ^ | NOR2_X1   | 0.042 |   0.765 |    0.950 | 
     | U5078                | A ^ -> ZN ^  | XNOR2_X1  | 0.040 |   0.805 |    0.990 | 
     | U5079                | A ^ -> Z ^   | MUX2_X1   | 0.044 |   0.849 |    1.034 | 
     | U5119                | CI ^ -> S v  | FA_X1     | 0.095 |   0.944 |    1.129 | 
     | U5100                | B v -> CO v  | FA_X1     | 0.083 |   1.027 |    1.212 | 
     | U5141                | CI v -> CO v | FA_X1     | 0.073 |   1.101 |    1.286 | 
     | U5169                | CI v -> S v  | FA_X1     | 0.090 |   1.191 |    1.376 | 
     | U5174                | CI v -> S ^  | FA_X1     | 0.121 |   1.312 |    1.497 | 
     | U5143                | A1 ^ -> ZN ^ | OR2_X1    | 0.035 |   1.347 |    1.532 | 
     | U5144                | A2 ^ -> ZN v | NAND2_X1  | 0.015 |   1.362 |    1.547 | 
     | U5149                | B2 v -> ZN ^ | OAI21_X1  | 0.062 |   1.424 |    1.609 | 
     | U5189                | B1 ^ -> ZN v | AOI21_X1  | 0.028 |   1.452 |    1.637 | 
     | U5197                | B2 v -> ZN ^ | OAI21_X1  | 0.075 |   1.527 |    1.712 | 
     | U2108                | B1 ^ -> ZN v | AOI21_X1  | 0.034 |   1.561 |    1.746 | 
     | FE_OFC1_n702         | A v -> Z v   | CLKBUF_X1 | 0.114 |   1.675 |    1.860 | 
     | U6337                | B1 v -> ZN ^ | OAI21_X1  | 0.062 |   1.737 |    1.922 | 
     | U6338                | B ^ -> ZN ^  | XNOR2_X1  | 0.044 |   1.781 |    1.966 | 
     | U6339                | A1 ^ -> ZN v | NAND2_X1  | 0.015 |   1.795 |    1.980 | 
     | U6638                | A1 v -> ZN ^ | NAND2_X1  | 0.015 |   1.811 |    1.996 | 
     | p_reg_Y_temp_reg_53_ | D ^          | DFF_X1    | 0.000 |   1.811 |    1.996 | 
     +------------------------------------------------------------------------------+ 

