###############################################################
#  Generated by:      Cadence Innovus 23.35-s106_1
#  OS:                Linux x86_64(Host ID microsys.openstack.polito)
#  Generated on:      Sat Oct 10 19:20:39 2026
#  Design:            boothmul_registered
#  Command:           report_timing -max_paths 10 > reports/04_preCTS_setup_paths.rpt
###############################################################
Path 1: MET Setup Check with Pin p_reg_Y_temp_reg_61_/CK 
Endpoint:   p_reg_Y_temp_reg_61_/D  (^) checked with  leading edge of 'CLK'
Beginpoint: B_reg_Y_temp_reg_18_/QN (v) triggered by  leading edge of 'CLK'
Path Groups: {CLK}
Analysis View: default
Other End Arrival Time          0.050
- Setup                         0.028
+ Phase Shift                   2.026
- Uncertainty                   0.050
= Required Time                 1.998
- Arrival Time                  1.967
= Slack Time                    0.031
     Clock Rise Edge                 0.000
     + Clock Network Latency (Ideal) 0.050
     = Beginpoint Arrival Time       0.050
     +------------------------------------------------------------------------------+ 
     |       Instance       |     Arc      |   Cell    | Delay | Arrival | Required | 
     |                      |              |           |       |  Time   |   Time   | 
     |----------------------+--------------+-----------+-------+---------+----------| 
     | B_reg_Y_temp_reg_18_ | CK ^         |           |       |   0.050 |    0.081 | 
     | B_reg_Y_temp_reg_18_ | CK ^ -> QN v | DFF_X1    | 0.083 |   0.133 |    0.165 | 
     | U5758                | A2 v -> ZN v | OR2_X1    | 0.059 |   0.192 |    0.224 | 
     | U6603                | A1 v -> ZN ^ | NAND2_X2  | 0.085 |   0.278 |    0.309 | 
     | U5425                | A ^ -> ZN v  | XNOR2_X1  | 0.052 |   0.330 |    0.361 | 
     | U6606                | A v -> ZN v  | XNOR2_X1  | 0.048 |   0.378 |    0.409 | 
     | FE_OFC15_n5907       | A v -> Z v   | CLKBUF_X2 | 0.124 |   0.502 |    0.533 | 
     | FE_DBTC6_n5907       | A v -> ZN ^  | INV_X2    | 0.172 |   0.674 |    0.706 | 
     | U5389                | CI ^ -> S v  | FA_X1     | 0.147 |   0.821 |    0.852 | 
     | FE_OFC21_n7094       | A v -> ZN ^  | INV_X2    | 0.076 |   0.898 |    0.929 | 
     | U8624                | B ^ -> ZN ^  | XNOR2_X1  | 0.050 |   0.947 |    0.979 | 
     | FE_OFC20_n10038      | A ^ -> Z ^   | CLKBUF_X1 | 0.096 |   1.044 |    1.075 | 
     | U10428               | A ^ -> ZN ^  | XNOR2_X1  | 0.056 |   1.100 |    1.131 | 
     | U10429               | CI ^ -> S v  | FA_X1     | 0.104 |   1.204 |    1.235 | 
     | U10430               | B v -> S ^   | FA_X1     | 0.125 |   1.329 |    1.360 | 
     | U10457               | A2 ^ -> ZN ^ | OR2_X1    | 0.033 |   1.362 |    1.394 | 
     | U10459               | A1 ^ -> ZN v | NAND2_X1  | 0.016 |   1.378 |    1.410 | 
     | U10468               | A v -> Z v   | XOR2_X1   | 0.058 |   1.436 |    1.468 | 
     | U10481               | A1 v -> ZN ^ | NAND2_X1  | 0.017 |   1.453 |    1.485 | 
     | U10486               | A1 ^ -> ZN ^ | AND2_X1   | 0.047 |   1.500 |    1.531 | 
     | U10502               | A1 ^ -> ZN ^ | AND4_X1   | 0.066 |   1.566 |    1.597 | 
     | U5019                | A1 ^ -> ZN ^ | AND2_X1   | 0.032 |   1.598 |    1.629 | 
     | U5393                | A1 ^ -> ZN ^ | AND4_X1   | 0.049 |   1.647 |    1.678 | 
     | U10721               | A4 ^ -> ZN v | NAND4_X1  | 0.039 |   1.686 |    1.717 | 
     | U6195                | A1 v -> ZN v | AND4_X1   | 0.041 |   1.727 |    1.758 | 
     | U5496                | A1 v -> ZN v | OR3_X1    | 0.070 |   1.797 |    1.828 | 
     | U6368                | A1 v -> ZN v | AND4_X1   | 0.038 |   1.835 |    1.866 | 
     | U5644                | A1 v -> ZN v | OR2_X1    | 0.047 |   1.882 |    1.913 | 
     | U11593               | A1 v -> ZN v | OR3_X1    | 0.065 |   1.947 |    1.978 | 
     | U11595               | A1 v -> ZN ^ | NAND4_X1  | 0.020 |   1.967 |    1.998 | 
     | p_reg_Y_temp_reg_61_ | D ^          | DFF_X1    | 0.000 |   1.967 |    1.998 | 
     +------------------------------------------------------------------------------+ 
Path 2: MET Setup Check with Pin p_reg_Y_temp_reg_56_/CK 
Endpoint:   p_reg_Y_temp_reg_56_/D  (^) checked with  leading edge of 'CLK'
Beginpoint: B_reg_Y_temp_reg_18_/QN (v) triggered by  leading edge of 'CLK'
Path Groups: {CLK}
Analysis View: default
Other End Arrival Time          0.050
- Setup                         0.032
+ Phase Shift                   2.026
- Uncertainty                   0.050
= Required Time                 1.995
- Arrival Time                  1.926
= Slack Time                    0.069
     Clock Rise Edge                 0.000
     + Clock Network Latency (Ideal) 0.050
     = Beginpoint Arrival Time       0.050
     +------------------------------------------------------------------------------+ 
     |       Instance       |     Arc      |   Cell    | Delay | Arrival | Required | 
     |                      |              |           |       |  Time   |   Time   | 
     |----------------------+--------------+-----------+-------+---------+----------| 
     | B_reg_Y_temp_reg_18_ | CK ^         |           |       |   0.050 |    0.119 | 
     | B_reg_Y_temp_reg_18_ | CK ^ -> QN v | DFF_X1    | 0.083 |   0.134 |    0.202 | 
     | U5758                | A2 v -> ZN v | OR2_X1    | 0.059 |   0.193 |    0.261 | 
     | U6603                | A1 v -> ZN ^ | NAND2_X2  | 0.085 |   0.278 |    0.346 | 
     | U5425                | A ^ -> ZN v  | XNOR2_X1  | 0.052 |   0.330 |    0.398 | 
     | U6606                | A v -> ZN v  | XNOR2_X1  | 0.048 |   0.378 |    0.447 | 
     | FE_OFC15_n5907       | A v -> Z v   | CLKBUF_X2 | 0.124 |   0.502 |    0.571 | 
     | FE_DBTC6_n5907       | A v -> ZN ^  | INV_X2    | 0.172 |   0.675 |    0.743 | 
     | U5389                | CI ^ -> S v  | FA_X1     | 0.147 |   0.821 |    0.890 | 
     | FE_OFC21_n7094       | A v -> ZN ^  | INV_X2    | 0.076 |   0.898 |    0.966 | 
     | U8624                | B ^ -> ZN ^  | XNOR2_X1  | 0.050 |   0.947 |    1.016 | 
     | FE_OFC20_n10038      | A ^ -> Z ^   | CLKBUF_X1 | 0.096 |   1.044 |    1.112 | 
     | U10428               | A ^ -> ZN ^  | XNOR2_X1  | 0.056 |   1.100 |    1.169 | 
     | U10429               | CI ^ -> S v  | FA_X1     | 0.104 |   1.204 |    1.272 | 
     | U10430               | B v -> S ^   | FA_X1     | 0.125 |   1.329 |    1.398 | 
     | U10457               | A2 ^ -> ZN ^ | OR2_X1    | 0.033 |   1.362 |    1.431 | 
     | U10459               | A1 ^ -> ZN v | NAND2_X1  | 0.016 |   1.378 |    1.447 | 
     | U10468               | A v -> Z v   | XOR2_X1   | 0.058 |   1.436 |    1.505 | 
     | U10481               | A1 v -> ZN ^ | NAND2_X1  | 0.017 |   1.453 |    1.522 | 
     | U10486               | A1 ^ -> ZN ^ | AND2_X1   | 0.047 |   1.500 |    1.569 | 
     | U10502               | A1 ^ -> ZN ^ | AND4_X1   | 0.066 |   1.566 |    1.634 | 
     | U5019                | A1 ^ -> ZN ^ | AND2_X1   | 0.032 |   1.598 |    1.666 | 
     | U5393                | A1 ^ -> ZN ^ | AND4_X1   | 0.049 |   1.647 |    1.715 | 
     | U10721               | A4 ^ -> ZN v | NAND4_X1  | 0.039 |   1.686 |    1.754 | 
     | U6195                | A1 v -> ZN v | AND4_X1   | 0.041 |   1.727 |    1.795 | 
     | U5496                | A1 v -> ZN v | OR3_X1    | 0.070 |   1.797 |    1.865 | 
     | U11278               | A1 v -> ZN v | AND3_X1   | 0.053 |   1.850 |    1.918 | 
     | U11279               | B v -> ZN v  | XNOR2_X1  | 0.044 |   1.894 |    1.962 | 
     | U11583               | B2 v -> ZN ^ | OAI21_X1  | 0.032 |   1.926 |    1.994 | 
     | p_reg_Y_temp_reg_56_ | D ^          | DFF_X1    | 0.000 |   1.926 |    1.995 | 
     +------------------------------------------------------------------------------+ 
Path 3: MET Setup Check with Pin p_reg_Y_temp_reg_62_/CK 
Endpoint:   p_reg_Y_temp_reg_62_/D  (^) checked with  leading edge of 'CLK'
Beginpoint: B_reg_Y_temp_reg_18_/QN (v) triggered by  leading edge of 'CLK'
Path Groups: {CLK}
Analysis View: default
Other End Arrival Time          0.050
- Setup                         0.027
+ Phase Shift                   2.026
- Uncertainty                   0.050
= Required Time                 2.000
- Arrival Time                  1.931
= Slack Time                    0.069
     Clock Rise Edge                 0.000
     + Clock Network Latency (Ideal) 0.050
     = Beginpoint Arrival Time       0.050
     +------------------------------------------------------------------------------+ 
     |       Instance       |     Arc      |   Cell    | Delay | Arrival | Required | 
     |                      |              |           |       |  Time   |   Time   | 
     |----------------------+--------------+-----------+-------+---------+----------| 
     | B_reg_Y_temp_reg_18_ | CK ^         |           |       |   0.050 |    0.119 | 
     | B_reg_Y_temp_reg_18_ | CK ^ -> QN v | DFF_X1    | 0.083 |   0.133 |    0.203 | 
     | U5758                | A2 v -> ZN v | OR2_X1    | 0.059 |   0.192 |    0.262 | 
     | U6603                | A1 v -> ZN ^ | NAND2_X2  | 0.085 |   0.278 |    0.347 | 
     | U5425                | A ^ -> ZN v  | XNOR2_X1  | 0.052 |   0.330 |    0.399 | 
     | U6606                | A v -> ZN v  | XNOR2_X1  | 0.048 |   0.378 |    0.447 | 
     | FE_OFC15_n5907       | A v -> Z v   | CLKBUF_X2 | 0.124 |   0.502 |    0.571 | 
     | FE_DBTC6_n5907       | A v -> ZN ^  | INV_X2    | 0.172 |   0.674 |    0.744 | 
     | U5389                | CI ^ -> S v  | FA_X1     | 0.147 |   0.821 |    0.890 | 
     | FE_OFC21_n7094       | A v -> ZN ^  | INV_X2    | 0.076 |   0.898 |    0.967 | 
     | U8624                | B ^ -> ZN ^  | XNOR2_X1  | 0.050 |   0.947 |    1.016 | 
     | FE_OFC20_n10038      | A ^ -> Z ^   | CLKBUF_X1 | 0.096 |   1.044 |    1.113 | 
     | U10428               | A ^ -> ZN ^  | XNOR2_X1  | 0.056 |   1.100 |    1.169 | 
     | U10429               | CI ^ -> S v  | FA_X1     | 0.104 |   1.204 |    1.273 | 
     | U10430               | B v -> S ^   | FA_X1     | 0.125 |   1.329 |    1.398 | 
     | U10457               | A2 ^ -> ZN ^ | OR2_X1    | 0.033 |   1.362 |    1.431 | 
     | U10459               | A1 ^ -> ZN v | NAND2_X1  | 0.016 |   1.378 |    1.447 | 
     | U10468               | A v -> Z v   | XOR2_X1   | 0.058 |   1.436 |    1.505 | 
     | U10481               | A1 v -> ZN ^ | NAND2_X1  | 0.017 |   1.453 |    1.522 | 
     | U10486               | A1 ^ -> ZN ^ | AND2_X1   | 0.047 |   1.500 |    1.569 | 
     | U10502               | A1 ^ -> ZN ^ | AND4_X1   | 0.066 |   1.566 |    1.635 | 
     | U5019                | A1 ^ -> ZN ^ | AND2_X1   | 0.032 |   1.598 |    1.667 | 
     | U5393                | A1 ^ -> ZN ^ | AND4_X1   | 0.049 |   1.647 |    1.716 | 
     | U10721               | A4 ^ -> ZN v | NAND4_X1  | 0.039 |   1.686 |    1.755 | 
     | U6195                | A1 v -> ZN v | AND4_X1   | 0.041 |   1.727 |    1.796 | 
     | U5496                | A1 v -> ZN v | OR3_X1    | 0.070 |   1.797 |    1.866 | 
     | U6368                | A1 v -> ZN v | AND4_X1   | 0.038 |   1.835 |    1.904 | 
     | U5572                | A1 v -> ZN ^ | NOR2_X1   | 0.034 |   1.869 |    1.938 | 
     | U11464               | A1 ^ -> ZN ^ | AND2_X1   | 0.036 |   1.905 |    1.974 | 
     | U10799               | A ^ -> ZN v  | INV_X1    | 0.007 |   1.912 |    1.981 | 
     | U11290               | A3 v -> ZN ^ | NAND4_X1  | 0.018 |   1.931 |    2.000 | 
     | p_reg_Y_temp_reg_62_ | D ^          | DFFS_X1   | 0.000 |   1.931 |    2.000 | 
     +------------------------------------------------------------------------------+ 
Path 4: MET Setup Check with Pin p_reg_Y_temp_reg_63_/CK 
Endpoint:   p_reg_Y_temp_reg_63_/D  (^) checked with  leading edge of 'CLK'
Beginpoint: B_reg_Y_temp_reg_18_/QN (v) triggered by  leading edge of 'CLK'
Path Groups: {CLK}
Analysis View: default
Other End Arrival Time          0.050
- Setup                         0.027
+ Phase Shift                   2.026
- Uncertainty                   0.050
= Required Time                 2.000
- Arrival Time                  1.930
= Slack Time                    0.070
     Clock Rise Edge                 0.000
     + Clock Network Latency (Ideal) 0.050
     = Beginpoint Arrival Time       0.050
     +------------------------------------------------------------------------------+ 
     |       Instance       |     Arc      |   Cell    | Delay | Arrival | Required | 
     |                      |              |           |       |  Time   |   Time   | 
     |----------------------+--------------+-----------+-------+---------+----------| 
     | B_reg_Y_temp_reg_18_ | CK ^         |           |       |   0.050 |    0.120 | 
     | B_reg_Y_temp_reg_18_ | CK ^ -> QN v | DFF_X1    | 0.083 |   0.134 |    0.204 | 
     | U5758                | A2 v -> ZN v | OR2_X1    | 0.059 |   0.193 |    0.263 | 
     | U6603                | A1 v -> ZN ^ | NAND2_X2  | 0.085 |   0.278 |    0.348 | 
     | U5425                | A ^ -> ZN v  | XNOR2_X1  | 0.052 |   0.330 |    0.400 | 
     | U6606                | A v -> ZN v  | XNOR2_X1  | 0.048 |   0.378 |    0.448 | 
     | FE_OFC15_n5907       | A v -> Z v   | CLKBUF_X2 | 0.124 |   0.502 |    0.572 | 
     | FE_DBTC6_n5907       | A v -> ZN ^  | INV_X2    | 0.172 |   0.675 |    0.745 | 
     | U5389                | CI ^ -> S v  | FA_X1     | 0.147 |   0.821 |    0.891 | 
     | FE_OFC21_n7094       | A v -> ZN ^  | INV_X2    | 0.076 |   0.898 |    0.968 | 
     | U8624                | B ^ -> ZN ^  | XNOR2_X1  | 0.050 |   0.947 |    1.017 | 
     | FE_OFC20_n10038      | A ^ -> Z ^   | CLKBUF_X1 | 0.096 |   1.044 |    1.114 | 
     | U10428               | A ^ -> ZN ^  | XNOR2_X1  | 0.056 |   1.100 |    1.170 | 
     | U10429               | CI ^ -> S v  | FA_X1     | 0.104 |   1.204 |    1.274 | 
     | U10430               | B v -> S ^   | FA_X1     | 0.125 |   1.329 |    1.399 | 
     | U10457               | A2 ^ -> ZN ^ | OR2_X1    | 0.033 |   1.362 |    1.433 | 
     | U10459               | A1 ^ -> ZN v | NAND2_X1  | 0.016 |   1.378 |    1.448 | 
     | U10468               | A v -> Z v   | XOR2_X1   | 0.058 |   1.436 |    1.507 | 
     | U10481               | A1 v -> ZN ^ | NAND2_X1  | 0.017 |   1.453 |    1.523 | 
     | U10486               | A1 ^ -> ZN ^ | AND2_X1   | 0.047 |   1.500 |    1.570 | 
     | U10502               | A1 ^ -> ZN ^ | AND4_X1   | 0.066 |   1.566 |    1.636 | 
     | U5019                | A1 ^ -> ZN ^ | AND2_X1   | 0.032 |   1.598 |    1.668 | 
     | U5393                | A1 ^ -> ZN ^ | AND4_X1   | 0.049 |   1.647 |    1.717 | 
     | U10721               | A4 ^ -> ZN v | NAND4_X1  | 0.039 |   1.686 |    1.756 | 
     | U6195                | A1 v -> ZN v | AND4_X1   | 0.041 |   1.727 |    1.797 | 
     | U5496                | A1 v -> ZN v | OR3_X1    | 0.070 |   1.797 |    1.867 | 
     | U6368                | A1 v -> ZN v | AND4_X1   | 0.038 |   1.835 |    1.905 | 
     | U5572                | A1 v -> ZN ^ | NOR2_X1   | 0.034 |   1.869 |    1.939 | 
     | U11463               | A1 ^ -> ZN ^ | AND2_X1   | 0.036 |   1.905 |    1.975 | 
     | U10802               | A ^ -> ZN v  | INV_X1    | 0.007 |   1.912 |    1.982 | 
     | U11291               | A3 v -> ZN ^ | NAND4_X1  | 0.018 |   1.930 |    2.000 | 
     | p_reg_Y_temp_reg_63_ | D ^          | DFFS_X1   | 0.000 |   1.930 |    2.000 | 
     +------------------------------------------------------------------------------+ 
Path 5: MET Setup Check with Pin p_reg_Y_temp_reg_58_/CK 
Endpoint:   p_reg_Y_temp_reg_58_/D  (v) checked with  leading edge of 'CLK'
Beginpoint: B_reg_Y_temp_reg_18_/QN (v) triggered by  leading edge of 'CLK'
Path Groups: {CLK}
Analysis View: default
Other End Arrival Time          0.050
- Setup                         0.024
+ Phase Shift                   2.026
- Uncertainty                   0.050
= Required Time                 2.002
- Arrival Time                  1.926
= Slack Time                    0.076
     Clock Rise Edge                 0.000
     + Clock Network Latency (Ideal) 0.050
     = Beginpoint Arrival Time       0.050
     +------------------------------------------------------------------------------+ 
     |       Instance       |     Arc      |   Cell    | Delay | Arrival | Required | 
     |                      |              |           |       |  Time   |   Time   | 
     |----------------------+--------------+-----------+-------+---------+----------| 
     | B_reg_Y_temp_reg_18_ | CK ^         |           |       |   0.050 |    0.126 | 
     | B_reg_Y_temp_reg_18_ | CK ^ -> QN v | DFF_X1    | 0.083 |   0.134 |    0.210 | 
     | U5758                | A2 v -> ZN v | OR2_X1    | 0.059 |   0.193 |    0.269 | 
     | U6603                | A1 v -> ZN ^ | NAND2_X2  | 0.085 |   0.278 |    0.354 | 
     | U5425                | A ^ -> ZN v  | XNOR2_X1  | 0.052 |   0.330 |    0.406 | 
     | U6606                | A v -> ZN v  | XNOR2_X1  | 0.048 |   0.378 |    0.454 | 
     | FE_OFC15_n5907       | A v -> Z v   | CLKBUF_X2 | 0.124 |   0.502 |    0.578 | 
     | FE_DBTC6_n5907       | A v -> ZN ^  | INV_X2    | 0.172 |   0.675 |    0.751 | 
     | U5389                | CI ^ -> S v  | FA_X1     | 0.147 |   0.821 |    0.897 | 
     | FE_OFC21_n7094       | A v -> ZN ^  | INV_X2    | 0.076 |   0.898 |    0.974 | 
     | U8624                | B ^ -> ZN ^  | XNOR2_X1  | 0.050 |   0.947 |    1.023 | 
     | FE_OFC20_n10038      | A ^ -> Z ^   | CLKBUF_X1 | 0.096 |   1.044 |    1.120 | 
     | U10428               | A ^ -> ZN ^  | XNOR2_X1  | 0.056 |   1.100 |    1.176 | 
     | U10429               | CI ^ -> S v  | FA_X1     | 0.104 |   1.204 |    1.280 | 
     | U10430               | B v -> S ^   | FA_X1     | 0.125 |   1.329 |    1.405 | 
     | U10457               | A2 ^ -> ZN ^ | OR2_X1    | 0.033 |   1.362 |    1.438 | 
     | U10459               | A1 ^ -> ZN v | NAND2_X1  | 0.016 |   1.378 |    1.454 | 
     | U10468               | A v -> Z v   | XOR2_X1   | 0.058 |   1.436 |    1.512 | 
     | U10481               | A1 v -> ZN ^ | NAND2_X1  | 0.017 |   1.453 |    1.529 | 
     | U10486               | A1 ^ -> ZN ^ | AND2_X1   | 0.047 |   1.500 |    1.576 | 
     | U10502               | A1 ^ -> ZN ^ | AND4_X1   | 0.066 |   1.566 |    1.642 | 
     | U5019                | A1 ^ -> ZN ^ | AND2_X1   | 0.032 |   1.598 |    1.674 | 
     | U5393                | A1 ^ -> ZN ^ | AND4_X1   | 0.049 |   1.647 |    1.723 | 
     | U10721               | A4 ^ -> ZN v | NAND4_X1  | 0.039 |   1.686 |    1.762 | 
     | U6195                | A1 v -> ZN v | AND4_X1   | 0.041 |   1.727 |    1.803 | 
     | U5496                | A1 v -> ZN v | OR3_X1    | 0.070 |   1.797 |    1.873 | 
     | U11278               | A1 v -> ZN v | AND3_X1   | 0.053 |   1.850 |    1.926 | 
     | U11587               | A1 v -> ZN ^ | NAND2_X1  | 0.019 |   1.868 |    1.944 | 
     | U11589               | A1 ^ -> ZN v | NAND2_X1  | 0.011 |   1.879 |    1.955 | 
     | U11590               | A2 v -> ZN v | OR2_X1    | 0.047 |   1.926 |    2.002 | 
     | p_reg_Y_temp_reg_58_ | D v          | DFFS_X1   | 0.000 |   1.926 |    2.002 | 
     +------------------------------------------------------------------------------+ 
Path 6: MET Setup Check with Pin p_reg_Y_temp_reg_52_/CK 
Endpoint:   p_reg_Y_temp_reg_52_/D  (^) checked with  leading edge of 'CLK'
Beginpoint: B_reg_Y_temp_reg_18_/QN (v) triggered by  leading edge of 'CLK'
Path Groups: {CLK}
Analysis View: default
Other End Arrival Time          0.050
- Setup                         0.032
+ Phase Shift                   2.026
- Uncertainty                   0.050
= Required Time                 1.995
- Arrival Time                  1.903
= Slack Time                    0.092
     Clock Rise Edge                 0.000
     + Clock Network Latency (Ideal) 0.050
     = Beginpoint Arrival Time       0.050
     +------------------------------------------------------------------------------+ 
     |       Instance       |     Arc      |   Cell    | Delay | Arrival | Required | 
     |                      |              |           |       |  Time   |   Time   | 
     |----------------------+--------------+-----------+-------+---------+----------| 
     | B_reg_Y_temp_reg_18_ | CK ^         |           |       |   0.050 |    0.142 | 
     | B_reg_Y_temp_reg_18_ | CK ^ -> QN v | DFF_X1    | 0.083 |   0.133 |    0.226 | 
     | U5758                | A2 v -> ZN v | OR2_X1    | 0.059 |   0.192 |    0.285 | 
     | U6603                | A1 v -> ZN ^ | NAND2_X2  | 0.085 |   0.278 |    0.370 | 
     | U5425                | A ^ -> ZN v  | XNOR2_X1  | 0.052 |   0.330 |    0.422 | 
     | U6606                | A v -> ZN v  | XNOR2_X1  | 0.048 |   0.378 |    0.470 | 
     | FE_OFC15_n5907       | A v -> Z v   | CLKBUF_X2 | 0.124 |   0.502 |    0.594 | 
     | FE_DBTC6_n5907       | A v -> ZN ^  | INV_X2    | 0.172 |   0.674 |    0.767 | 
     | U5389                | CI ^ -> S v  | FA_X1     | 0.147 |   0.821 |    0.913 | 
     | FE_OFC21_n7094       | A v -> ZN ^  | INV_X2    | 0.076 |   0.898 |    0.990 | 
     | U8624                | B ^ -> ZN ^  | XNOR2_X1  | 0.050 |   0.947 |    1.039 | 
     | FE_OFC20_n10038      | A ^ -> Z ^   | CLKBUF_X1 | 0.096 |   1.044 |    1.136 | 
     | U10428               | A ^ -> ZN ^  | XNOR2_X1  | 0.056 |   1.100 |    1.192 | 
     | U10429               | CI ^ -> S v  | FA_X1     | 0.104 |   1.204 |    1.296 | 
     | U10430               | B v -> S ^   | FA_X1     | 0.125 |   1.329 |    1.421 | 
     | U10457               | A2 ^ -> ZN ^ | OR2_X1    | 0.033 |   1.362 |    1.455 | 
     | U10459               | A1 ^ -> ZN v | NAND2_X1  | 0.016 |   1.378 |    1.470 | 
     | U10468               | A v -> Z v   | XOR2_X1   | 0.058 |   1.436 |    1.529 | 
     | U10481               | A1 v -> ZN ^ | NAND2_X1  | 0.017 |   1.453 |    1.545 | 
     | U10486               | A1 ^ -> ZN ^ | AND2_X1   | 0.047 |   1.500 |    1.592 | 
     | U10502               | A1 ^ -> ZN ^ | AND4_X1   | 0.066 |   1.566 |    1.658 | 
     | U5019                | A1 ^ -> ZN ^ | AND2_X1   | 0.032 |   1.598 |    1.690 | 
     | U5393                | A1 ^ -> ZN ^ | AND4_X1   | 0.049 |   1.647 |    1.739 | 
     | U10721               | A4 ^ -> ZN v | NAND4_X1  | 0.039 |   1.686 |    1.778 | 
     | U6190                | A1 v -> ZN v | AND4_X1   | 0.049 |   1.734 |    1.826 | 
     | U11111               | A2 v -> ZN v | OR2_X1    | 0.049 |   1.783 |    1.875 | 
     | U6359                | A2 v -> ZN v | AND2_X1   | 0.048 |   1.831 |    1.923 | 
     | U11113               | A v -> ZN v  | XNOR2_X1  | 0.042 |   1.872 |    1.965 | 
     | U11346               | B2 v -> ZN ^ | OAI21_X1  | 0.030 |   1.903 |    1.995 | 
     | p_reg_Y_temp_reg_52_ | D ^          | DFF_X1    | 0.000 |   1.903 |    1.995 | 
     +------------------------------------------------------------------------------+ 
Path 7: MET Setup Check with Pin p_reg_Y_temp_reg_60_/CK 
Endpoint:   p_reg_Y_temp_reg_60_/D  (v) checked with  leading edge of 'CLK'
Beginpoint: B_reg_Y_temp_reg_18_/QN (v) triggered by  leading edge of 'CLK'
Path Groups: {CLK}
Analysis View: default
Other End Arrival Time          0.050
- Setup                         0.024
+ Phase Shift                   2.026
- Uncertainty                   0.050
= Required Time                 2.002
- Arrival Time                  1.909
= Slack Time                    0.093
     Clock Rise Edge                 0.000
     + Clock Network Latency (Ideal) 0.050
     = Beginpoint Arrival Time       0.050
     +------------------------------------------------------------------------------+ 
     |       Instance       |     Arc      |   Cell    | Delay | Arrival | Required | 
     |                      |              |           |       |  Time   |   Time   | 
     |----------------------+--------------+-----------+-------+---------+----------| 
     | B_reg_Y_temp_reg_18_ | CK ^         |           |       |   0.050 |    0.143 | 
     | B_reg_Y_temp_reg_18_ | CK ^ -> QN v | DFF_X1    | 0.083 |   0.133 |    0.227 | 
     | U5758                | A2 v -> ZN v | OR2_X1    | 0.059 |   0.192 |    0.286 | 
     | U6603                | A1 v -> ZN ^ | NAND2_X2  | 0.085 |   0.278 |    0.371 | 
     | U5425                | A ^ -> ZN v  | XNOR2_X1  | 0.052 |   0.330 |    0.423 | 
     | U6606                | A v -> ZN v  | XNOR2_X1  | 0.048 |   0.378 |    0.472 | 
     | FE_OFC15_n5907       | A v -> Z v   | CLKBUF_X2 | 0.124 |   0.502 |    0.596 | 
     | FE_DBTC6_n5907       | A v -> ZN ^  | INV_X2    | 0.172 |   0.674 |    0.768 | 
     | U5389                | CI ^ -> S v  | FA_X1     | 0.147 |   0.821 |    0.915 | 
     | FE_OFC21_n7094       | A v -> ZN ^  | INV_X2    | 0.076 |   0.898 |    0.991 | 
     | U8624                | B ^ -> ZN ^  | XNOR2_X1  | 0.050 |   0.947 |    1.041 | 
     | FE_OFC20_n10038      | A ^ -> Z ^   | CLKBUF_X1 | 0.096 |   1.044 |    1.137 | 
     | U10428               | A ^ -> ZN ^  | XNOR2_X1  | 0.056 |   1.100 |    1.193 | 
     | U10429               | CI ^ -> S v  | FA_X1     | 0.104 |   1.204 |    1.297 | 
     | U10430               | B v -> S ^   | FA_X1     | 0.125 |   1.329 |    1.422 | 
     | U10457               | A2 ^ -> ZN ^ | OR2_X1    | 0.033 |   1.362 |    1.456 | 
     | U10459               | A1 ^ -> ZN v | NAND2_X1  | 0.016 |   1.378 |    1.472 | 
     | U10468               | A v -> Z v   | XOR2_X1   | 0.058 |   1.436 |    1.530 | 
     | U10481               | A1 v -> ZN ^ | NAND2_X1  | 0.017 |   1.453 |    1.547 | 
     | U10486               | A1 ^ -> ZN ^ | AND2_X1   | 0.047 |   1.500 |    1.594 | 
     | U10502               | A1 ^ -> ZN ^ | AND4_X1   | 0.066 |   1.566 |    1.659 | 
     | U5019                | A1 ^ -> ZN ^ | AND2_X1   | 0.032 |   1.598 |    1.691 | 
     | U5393                | A1 ^ -> ZN ^ | AND4_X1   | 0.049 |   1.647 |    1.740 | 
     | U10721               | A4 ^ -> ZN v | NAND4_X1  | 0.039 |   1.686 |    1.779 | 
     | U6195                | A1 v -> ZN v | AND4_X1   | 0.041 |   1.727 |    1.820 | 
     | U5496                | A1 v -> ZN v | OR3_X1    | 0.070 |   1.797 |    1.890 | 
     | U6349                | A1 v -> ZN v | AND4_X1   | 0.040 |   1.836 |    1.930 | 
     | U11373               | A1 v -> ZN ^ | NAND2_X1  | 0.014 |   1.851 |    1.944 | 
     | U11372               | A1 ^ -> ZN v | NAND2_X1  | 0.011 |   1.861 |    1.955 | 
     | U11371               | A2 v -> ZN v | OR2_X1    | 0.048 |   1.909 |    2.002 | 
     | p_reg_Y_temp_reg_60_ | D v          | DFFS_X1   | 0.000 |   1.909 |    2.002 | 
     +------------------------------------------------------------------------------+ 
Path 8: MET Setup Check with Pin p_reg_Y_temp_reg_57_/CK 
Endpoint:   p_reg_Y_temp_reg_57_/D  (v) checked with  leading edge of 'CLK'
Beginpoint: B_reg_Y_temp_reg_18_/QN (v) triggered by  leading edge of 'CLK'
Path Groups: {CLK}
Analysis View: default
Other End Arrival Time          0.050
- Setup                         0.027
+ Phase Shift                   2.026
- Uncertainty                   0.050
= Required Time                 1.999
- Arrival Time                  1.896
= Slack Time                    0.104
     Clock Rise Edge                 0.000
     + Clock Network Latency (Ideal) 0.050
     = Beginpoint Arrival Time       0.050
     +------------------------------------------------------------------------------+ 
     |       Instance       |     Arc      |   Cell    | Delay | Arrival | Required | 
     |                      |              |           |       |  Time   |   Time   | 
     |----------------------+--------------+-----------+-------+---------+----------| 
     | B_reg_Y_temp_reg_18_ | CK ^         |           |       |   0.050 |    0.154 | 
     | B_reg_Y_temp_reg_18_ | CK ^ -> QN v | DFF_X1    | 0.083 |   0.134 |    0.237 | 
     | U5758                | A2 v -> ZN v | OR2_X1    | 0.059 |   0.193 |    0.296 | 
     | U6603                | A1 v -> ZN ^ | NAND2_X2  | 0.085 |   0.278 |    0.382 | 
     | U5425                | A ^ -> ZN v  | XNOR2_X1  | 0.052 |   0.330 |    0.433 | 
     | U6606                | A v -> ZN v  | XNOR2_X1  | 0.048 |   0.378 |    0.482 | 
     | FE_OFC15_n5907       | A v -> Z v   | CLKBUF_X2 | 0.124 |   0.502 |    0.606 | 
     | FE_DBTC6_n5907       | A v -> ZN ^  | INV_X2    | 0.172 |   0.675 |    0.778 | 
     | U5389                | CI ^ -> S v  | FA_X1     | 0.147 |   0.821 |    0.925 | 
     | FE_OFC21_n7094       | A v -> ZN ^  | INV_X2    | 0.076 |   0.898 |    1.001 | 
     | U8624                | B ^ -> ZN ^  | XNOR2_X1  | 0.050 |   0.947 |    1.051 | 
     | FE_OFC20_n10038      | A ^ -> Z ^   | CLKBUF_X1 | 0.096 |   1.044 |    1.147 | 
     | U10428               | A ^ -> ZN ^  | XNOR2_X1  | 0.056 |   1.100 |    1.204 | 
     | U10429               | CI ^ -> S v  | FA_X1     | 0.104 |   1.204 |    1.307 | 
     | U10430               | B v -> S ^   | FA_X1     | 0.125 |   1.329 |    1.433 | 
     | U10457               | A2 ^ -> ZN ^ | OR2_X1    | 0.033 |   1.362 |    1.466 | 
     | U10459               | A1 ^ -> ZN v | NAND2_X1  | 0.016 |   1.378 |    1.482 | 
     | U10468               | A v -> Z v   | XOR2_X1   | 0.058 |   1.436 |    1.540 | 
     | U10481               | A1 v -> ZN ^ | NAND2_X1  | 0.017 |   1.453 |    1.557 | 
     | U10486               | A1 ^ -> ZN ^ | AND2_X1   | 0.047 |   1.500 |    1.604 | 
     | U10502               | A1 ^ -> ZN ^ | AND4_X1   | 0.066 |   1.566 |    1.669 | 
     | U5019                | A1 ^ -> ZN ^ | AND2_X1   | 0.032 |   1.598 |    1.702 | 
     | U5393                | A1 ^ -> ZN ^ | AND4_X1   | 0.049 |   1.647 |    1.750 | 
     | U10721               | A4 ^ -> ZN v | NAND4_X1  | 0.039 |   1.686 |    1.789 | 
     | U6195                | A1 v -> ZN v | AND4_X1   | 0.041 |   1.727 |    1.831 | 
     | U5496                | A1 v -> ZN v | OR3_X1    | 0.070 |   1.797 |    1.900 | 
     | U11278               | A1 v -> ZN v | AND3_X1   | 0.053 |   1.850 |    1.953 | 
     | U11349               | A1 v -> ZN ^ | NAND2_X1  | 0.019 |   1.869 |    1.973 | 
     | U11347               | A ^ -> ZN v  | OAI211_X1 | 0.027 |   1.896 |    1.999 | 
     | p_reg_Y_temp_reg_57_ | D v          | DFFS_X1   | 0.000 |   1.896 |    1.999 | 
     +------------------------------------------------------------------------------+ 
Path 9: MET Setup Check with Pin p_reg_Y_temp_reg_50_/CK 
Endpoint:   p_reg_Y_temp_reg_50_/D  (^) checked with  leading edge of 'CLK'
Beginpoint: B_reg_Y_temp_reg_18_/QN (v) triggered by  leading edge of 'CLK'
Path Groups: {CLK}
Analysis View: default
Other End Arrival Time          0.050
- Setup                         0.025
+ Phase Shift                   2.026
- Uncertainty                   0.050
= Required Time                 2.001
- Arrival Time                  1.896
= Slack Time                    0.105
     Clock Rise Edge                 0.000
     + Clock Network Latency (Ideal) 0.050
     = Beginpoint Arrival Time       0.050
     +------------------------------------------------------------------------------+ 
     |       Instance       |     Arc      |   Cell    | Delay | Arrival | Required | 
     |                      |              |           |       |  Time   |   Time   | 
     |----------------------+--------------+-----------+-------+---------+----------| 
     | B_reg_Y_temp_reg_18_ | CK ^         |           |       |   0.050 |    0.155 | 
     | B_reg_Y_temp_reg_18_ | CK ^ -> QN v | DFF_X1    | 0.083 |   0.134 |    0.239 | 
     | U5758                | A2 v -> ZN v | OR2_X1    | 0.059 |   0.193 |    0.298 | 
     | U6603                | A1 v -> ZN ^ | NAND2_X2  | 0.085 |   0.278 |    0.383 | 
     | U5425                | A ^ -> ZN v  | XNOR2_X1  | 0.052 |   0.330 |    0.435 | 
     | U6606                | A v -> ZN v  | XNOR2_X1  | 0.048 |   0.378 |    0.484 | 
     | FE_OFC15_n5907       | A v -> Z v   | CLKBUF_X2 | 0.124 |   0.502 |    0.608 | 
     | FE_DBTC6_n5907       | A v -> ZN ^  | INV_X2    | 0.172 |   0.675 |    0.780 | 
     | U5389                | CI ^ -> S v  | FA_X1     | 0.147 |   0.821 |    0.927 | 
     | FE_OFC21_n7094       | A v -> ZN ^  | INV_X2    | 0.076 |   0.898 |    1.003 | 
     | U8624                | B ^ -> ZN ^  | XNOR2_X1  | 0.050 |   0.947 |    1.053 | 
     | FE_OFC20_n10038      | A ^ -> Z ^   | CLKBUF_X1 | 0.096 |   1.044 |    1.149 | 
     | U10428               | A ^ -> ZN ^  | XNOR2_X1  | 0.056 |   1.100 |    1.205 | 
     | U10429               | CI ^ -> S v  | FA_X1     | 0.104 |   1.204 |    1.309 | 
     | U10430               | B v -> S ^   | FA_X1     | 0.125 |   1.329 |    1.434 | 
     | U10457               | A2 ^ -> ZN ^ | OR2_X1    | 0.033 |   1.362 |    1.468 | 
     | U10459               | A1 ^ -> ZN v | NAND2_X1  | 0.016 |   1.378 |    1.484 | 
     | U10468               | A v -> Z v   | XOR2_X1   | 0.058 |   1.436 |    1.542 | 
     | U10481               | A1 v -> ZN ^ | NAND2_X1  | 0.017 |   1.453 |    1.559 | 
     | U10486               | A1 ^ -> ZN ^ | AND2_X1   | 0.047 |   1.500 |    1.606 | 
     | U10502               | A1 ^ -> ZN ^ | AND4_X1   | 0.066 |   1.566 |    1.671 | 
     | U5019                | A1 ^ -> ZN ^ | AND2_X1   | 0.032 |   1.598 |    1.703 | 
     | U5393                | A1 ^ -> ZN ^ | AND4_X1   | 0.049 |   1.647 |    1.752 | 
     | U10721               | A4 ^ -> ZN v | NAND4_X1  | 0.039 |   1.686 |    1.791 | 
     | U6190                | A1 v -> ZN v | AND4_X1   | 0.049 |   1.734 |    1.840 | 
     | U11081               | A2 v -> ZN v | OR2_X1    | 0.063 |   1.797 |    1.902 | 
     | U5630                | B v -> ZN v  | XNOR2_X1  | 0.043 |   1.840 |    1.945 | 
     | U5629                | A2 v -> ZN ^ | NOR2_X1   | 0.028 |   1.868 |    1.974 | 
     | U5580                | A1 ^ -> ZN ^ | OR2_X1    | 0.028 |   1.896 |    2.001 | 
     | p_reg_Y_temp_reg_50_ | D ^          | DFFS_X1   | 0.000 |   1.896 |    2.001 | 
     +------------------------------------------------------------------------------+ 
Path 10: MET Setup Check with Pin p_reg_Y_temp_reg_59_/CK 
Endpoint:   p_reg_Y_temp_reg_59_/D  (v) checked with  leading edge of 'CLK'
Beginpoint: B_reg_Y_temp_reg_18_/QN (v) triggered by  leading edge of 'CLK'
Path Groups: {CLK}
Analysis View: default
Other End Arrival Time          0.050
- Setup                         0.027
+ Phase Shift                   2.026
- Uncertainty                   0.050
= Required Time                 2.000
- Arrival Time                  1.894
= Slack Time                    0.105
     Clock Rise Edge                 0.000
     + Clock Network Latency (Ideal) 0.050
     = Beginpoint Arrival Time       0.050
     +------------------------------------------------------------------------------+ 
     |       Instance       |     Arc      |   Cell    | Delay | Arrival | Required | 
     |                      |              |           |       |  Time   |   Time   | 
     |----------------------+--------------+-----------+-------+---------+----------| 
     | B_reg_Y_temp_reg_18_ | CK ^         |           |       |   0.050 |    0.155 | 
     | B_reg_Y_temp_reg_18_ | CK ^ -> QN v | DFF_X1    | 0.083 |   0.134 |    0.239 | 
     | U5758                | A2 v -> ZN v | OR2_X1    | 0.059 |   0.193 |    0.298 | 
     | U6603                | A1 v -> ZN ^ | NAND2_X2  | 0.085 |   0.278 |    0.383 | 
     | U5425                | A ^ -> ZN v  | XNOR2_X1  | 0.052 |   0.330 |    0.435 | 
     | U6606                | A v -> ZN v  | XNOR2_X1  | 0.048 |   0.378 |    0.484 | 
     | FE_OFC15_n5907       | A v -> Z v   | CLKBUF_X2 | 0.124 |   0.502 |    0.608 | 
     | FE_DBTC6_n5907       | A v -> ZN ^  | INV_X2    | 0.172 |   0.675 |    0.780 | 
     | U5389                | CI ^ -> S v  | FA_X1     | 0.147 |   0.821 |    0.927 | 
     | FE_OFC21_n7094       | A v -> ZN ^  | INV_X2    | 0.076 |   0.898 |    1.003 | 
     | U8624                | B ^ -> ZN ^  | XNOR2_X1  | 0.050 |   0.947 |    1.053 | 
     | FE_OFC20_n10038      | A ^ -> Z ^   | CLKBUF_X1 | 0.096 |   1.044 |    1.149 | 
     | U10428               | A ^ -> ZN ^  | XNOR2_X1  | 0.056 |   1.100 |    1.205 | 
     | U10429               | CI ^ -> S v  | FA_X1     | 0.104 |   1.204 |    1.309 | 
     | U10430               | B v -> S ^   | FA_X1     | 0.125 |   1.329 |    1.434 | 
     | U10457               | A2 ^ -> ZN ^ | OR2_X1    | 0.033 |   1.362 |    1.468 | 
     | U10459               | A1 ^ -> ZN v | NAND2_X1  | 0.016 |   1.378 |    1.484 | 
     | U10468               | A v -> Z v   | XOR2_X1   | 0.058 |   1.436 |    1.542 | 
     | U10481               | A1 v -> ZN ^ | NAND2_X1  | 0.017 |   1.453 |    1.559 | 
     | U10486               | A1 ^ -> ZN ^ | AND2_X1   | 0.047 |   1.500 |    1.606 | 
     | U10502               | A1 ^ -> ZN ^ | AND4_X1   | 0.066 |   1.566 |    1.671 | 
     | U5019                | A1 ^ -> ZN ^ | AND2_X1   | 0.032 |   1.598 |    1.703 | 
     | U5393                | A1 ^ -> ZN ^ | AND4_X1   | 0.049 |   1.647 |    1.752 | 
     | U10721               | A4 ^ -> ZN v | NAND4_X1  | 0.039 |   1.686 |    1.791 | 
     | U6195                | A1 v -> ZN v | AND4_X1   | 0.041 |   1.727 |    1.832 | 
     | U5496                | A1 v -> ZN v | OR3_X1    | 0.070 |   1.797 |    1.902 | 
     | U11278               | A1 v -> ZN v | AND3_X1   | 0.053 |   1.850 |    1.955 | 
     | U11356               | A1 v -> ZN ^ | NAND2_X1  | 0.019 |   1.869 |    1.974 | 
     | U11352               | A ^ -> ZN v  | OAI211_X1 | 0.026 |   1.894 |    2.000 | 
     | p_reg_Y_temp_reg_59_ | D v          | DFFS_X1   | 0.000 |   1.894 |    2.000 | 
     +------------------------------------------------------------------------------+ 

