###############################################################
#  Generated by:      Cadence Innovus 23.35-s106_1
#  OS:                Linux x86_64(Host ID microsys.openstack.polito)
#  Generated on:      Sat Oct 10 19:21:00 2026
#  Design:            boothmul_registered
#  Command:           report_ccopt_skew_groups -file reports/05_skew_groups.rpt
###############################################################

Skew Group Structure:
=====================

-----------------------------------------------------------------------------
Skew Group                Sources    Constrained Sinks    Unconstrained Sinks
-----------------------------------------------------------------------------
CLK/coherent-synthesis       1              128                    0
-----------------------------------------------------------------------------

Skew Group Summary:
===================

---------------------------------------------------------------------------------------------------------------------------------------------------------------------------
Timing Corner         Skew Group                ID Target    Min ID    Max ID    Avg ID    Std.Dev. ID    Skew Target Type    Skew Target    Skew     Skew window occupancy
---------------------------------------------------------------------------------------------------------------------------------------------------------------------------
std-typ:both.early    CLK/coherent-synthesis        -        0.057     0.076     0.068        0.006       ignored                  -         0.018              -
std-typ:both.late     CLK/coherent-synthesis    *0.050       0.057     0.076     0.069        0.006       explicit             0.050         0.018    100% {0.057, 0.076}
---------------------------------------------------------------------------------------------------------------------------------------------------------------------------

* - indicates that target was not met.

Skew Group Min/Max path pins:
=============================

------------------------------------------------------------------------------------
Timing Corner         Skew Group                Min ID    PathID    Max ID    PathID
------------------------------------------------------------------------------------
std-typ:both.early    CLK/coherent-synthesis    0.057       1       0.076       2
-    min B_reg_Y_temp_reg_18_/CK
-    max p_reg_Y_temp_reg_60_/CK
std-typ:both.late     CLK/coherent-synthesis    0.057       3       0.076       4
-    min B_reg_Y_temp_reg_18_/CK
-    max p_reg_Y_temp_reg_59_/CK
------------------------------------------------------------------------------------

Timing for timing corner std-typ:both.early, min clock_path:
============================================================

PathID    : 1
Path type : skew group CLK/coherent-synthesis (path 1 of 1)
Start     : CLK
End       : B_reg_Y_temp_reg_18_/CK
Delay     : 0.057

------------------------------------------------------------------------------------------------
Name  Lib cell   Event  Incr   Arrival  Slew   Cap     Location         Distance  Fanout  Status
                        (ns)   (ns)     (ns)   (fF)                     (um)              
-- Clockpath trace -----------------------------------------------------------------------------
CLK
-     -          rise   -       0.000   0.002  19.022  (72.425,0.000)   -            4    
CTS_ccl_a_buf_00003/A
-     CLKBUF_X2  rise   0.002   0.002   0.002  -       (76.130,73.115)   76.820   -       
CTS_ccl_a_buf_00003/Z
-     CLKBUF_X2  rise   0.056   0.057   0.036  29.916  (75.765,73.490)    0.740     22    
B_reg_Y_temp_reg_18_/CK
-     DFF_X1     rise   0.000   0.057   0.036  -       (75.660,74.170)    0.785   -       
------------------------------------------------------------------------------------------------

Timing for timing corner std-typ:both.early, max clock_path:
============================================================

PathID    : 2
Path type : skew group CLK/coherent-synthesis (path 1 of 1)
Start     : CLK
End       : p_reg_Y_temp_reg_60_/CK
Delay     : 0.076

-------------------------------------------------------------------------------------------------
Name  Lib cell   Event  Incr   Arrival  Slew   Cap     Location          Distance  Fanout  Status
                        (ns)   (ns)     (ns)   (fF)                      (um)              
-- Clockpath trace ------------------------------------------------------------------------------
CLK
-     -          rise   -       0.000   0.002  19.022  (72.425,0.000)    -            4    
CTS_ccl_a_buf_00002/A
-     CLKBUF_X3  rise   0.001   0.001   0.002  -       (73.590,40.565)    41.730   -       
CTS_ccl_a_buf_00002/Z
-     CLKBUF_X3  rise   0.067   0.068   0.047  57.896  (73.955,40.220)     0.710     43    
p_reg_Y_temp_reg_60_/CK
-     DFFS_X1    rise   0.008   0.076   0.047  -       (123.495,17.050)   72.710   -       
-------------------------------------------------------------------------------------------------

Timing for timing corner std-typ:both.late, min clock_path:
===========================================================

PathID    : 3
Path type : skew group CLK/coherent-synthesis (path 1 of 1)
Start     : CLK
End       : B_reg_Y_temp_reg_18_/CK
Delay     : 0.057

------------------------------------------------------------------------------------------------
Name  Lib cell   Event  Incr   Arrival  Slew   Cap     Location         Distance  Fanout  Status
                        (ns)   (ns)     (ns)   (fF)                     (um)              
-- Clockpath trace -----------------------------------------------------------------------------
CLK
-     -          rise   -       0.000   0.002  19.022  (72.425,0.000)   -            4    
CTS_ccl_a_buf_00003/A
-     CLKBUF_X2  rise   0.002   0.002   0.002  -       (76.130,73.115)   76.820   -       
CTS_ccl_a_buf_00003/Z
-     CLKBUF_X2  rise   0.056   0.057   0.036  29.916  (75.765,73.490)    0.740     22    
B_reg_Y_temp_reg_18_/CK
-     DFF_X1     rise   0.000   0.057   0.036  -       (75.660,74.170)    0.785   -       
------------------------------------------------------------------------------------------------

Timing for timing corner std-typ:both.late, max clock_path:
===========================================================

PathID    : 4
Path type : skew group CLK/coherent-synthesis (path 1 of 1)
Start     : CLK
End       : p_reg_Y_temp_reg_59_/CK
Delay     : 0.076

-------------------------------------------------------------------------------------------------
Name  Lib cell   Event  Incr   Arrival  Slew   Cap     Location          Distance  Fanout  Status
                        (ns)   (ns)     (ns)   (fF)                      (um)              
-- Clockpath trace ------------------------------------------------------------------------------
CLK
-     -          rise   -       0.000   0.002  19.022  (72.425,0.000)    -            4    
CTS_ccl_a_buf_00002/A
-     CLKBUF_X3  rise   0.001   0.001   0.002  -       (73.590,40.565)    41.730   -       
CTS_ccl_a_buf_00002/Z
-     CLKBUF_X3  rise   0.067   0.068   0.047  57.896  (73.955,40.220)     0.710     43    
p_reg_Y_temp_reg_59_/CK
-     DFFS_X1    rise   0.008   0.076   0.048  -       (123.685,19.850)   70.100   -       
-------------------------------------------------------------------------------------------------

