 
****************************************
Report : reference
Design : boothmul_registered
Version: W-2024.09-SP2
Date   : Thu Aug 27 04:55:20 2026
****************************************

Attributes:
    b - black box (unknown)
   bo - allows boundary optimization
    d - dont_touch
   mo - map_only
    h - hierarchical
    n - noncombinational
    r - removable
    s - synthetic operator
    u - contains unmapped logic

Reference          Library       Unit Area   Count    Total Area   Attributes
-----------------------------------------------------------------------------
AND2_X1            NangateOpenCellLibrary
                                  1.064000      35     37.240000  
AND3_X1            NangateOpenCellLibrary
                                  1.330000       4      5.320000  
AOI21_X1           NangateOpenCellLibrary
                                  1.064000     179    190.456002  
AOI21_X2           NangateOpenCellLibrary
                                  1.862000       1      1.862000  
AOI22_X1           NangateOpenCellLibrary
                                  1.330000     597    794.010026  
AOI211_X1          NangateOpenCellLibrary
                                  1.330000      16     21.280001  
AOI221_X1          NangateOpenCellLibrary
                                  1.596000      36     57.455998  
AOI222_X1          NangateOpenCellLibrary
                                  2.128000     129    274.512003  
BUF_X1             NangateOpenCellLibrary
                                  0.798000       1      0.798000  
CLKBUF_X1          NangateOpenCellLibrary
                                  0.798000      15     11.970000  
DFF_X1             NangateOpenCellLibrary
                                  4.522000     114    515.507981  n
DFF_X2             NangateOpenCellLibrary
                                  5.054000      14     70.755999  n
FA_X1              NangateOpenCellLibrary
                                  4.256000     122    519.232005  r
INV_X1             NangateOpenCellLibrary
                                  0.532000     492    261.744003  
INV_X2             NangateOpenCellLibrary
                                  0.798000      11      8.778000  
INV_X8             NangateOpenCellLibrary
                                  2.394000       1      2.394000  
MUX2_X1            NangateOpenCellLibrary
                                  1.862000      30     55.860000  
NAND2_X1           NangateOpenCellLibrary
                                  0.798000     237    189.125995  
NAND2_X2           NangateOpenCellLibrary
                                  1.330000       2      2.660000  
NAND3_X1           NangateOpenCellLibrary
                                  1.064000      18     19.152000  
NOR2_X1            NangateOpenCellLibrary
                                  0.798000     278    221.843994  
NOR2_X2            NangateOpenCellLibrary
                                  1.330000       3      3.990000  
NOR2_X4            NangateOpenCellLibrary
                                  2.394000       1      2.394000  
NOR3_X1            NangateOpenCellLibrary
                                  1.064000      16     17.024000  
NOR4_X1            NangateOpenCellLibrary
                                  1.330000       4      5.320000  
OAI21_X1           NangateOpenCellLibrary
                                  1.064000     265    281.960003  
OAI21_X2           NangateOpenCellLibrary
                                  1.862000       3      5.586000  
OAI22_X1           NangateOpenCellLibrary
                                  1.330000     140    186.200006  
OAI33_X1           NangateOpenCellLibrary
                                  1.862000       2      3.724000  
OAI211_X1          NangateOpenCellLibrary
                                  1.330000      16     21.280001  
OAI221_X1          NangateOpenCellLibrary
                                  1.596000      65    103.739997  
OAI222_X1          NangateOpenCellLibrary
                                  2.128000      13     27.664000  
OR2_X1             NangateOpenCellLibrary
                                  1.064000      18     19.152000  
OR3_X1             NangateOpenCellLibrary
                                  1.330000       2      2.660000  
XNOR2_X1           NangateOpenCellLibrary
                                  1.596000     896   1430.015961  
XOR2_X1            NangateOpenCellLibrary
                                  1.596000     297    474.011987  
XOR2_X2            NangateOpenCellLibrary
                                  2.394000       2      4.788000  
-----------------------------------------------------------------------------
Total 37 references                                  5851.467961
1
