###############################################################
#  Generated by:      Cadence Innovus 23.35-s106_1
#  OS:                Linux x86_64(Host ID microsys.openstack.polito)
#  Generated on:      Sat Oct 10 21:09:36 2026
#  Design:            boothmul_registered
#  Command:           checkDesign -netlist -physicalLibrary -timingLibrary -noHtml -outfile reports/00_checkDesign.rpt
###############################################################


==============================
Design Stats
==============================
Design Name: boothmul_registered  
    ------------------------------
    Cells used in the design
    ------------------------------
    XOR2_X2  
    XOR2_X1  
    XNOR2_X2  
    XNOR2_X1  
    OR2_X1  
    OAI33_X1  
    OAI22_X1  
    OAI222_X1  
    OAI221_X1  
    OAI21_X2  
    OAI21_X1  
    OAI211_X1  
    NOR4_X1  
    NOR3_X1  
    NOR2_X4  
    NOR2_X2  
    NOR2_X1  
    NAND3_X1  
    NAND2_X2  
    NAND2_X1  
    MUX2_X1  
    INV_X4  
    INV_X2  
    INV_X1  
    FA_X1  
    DFF_X1  
    CLKBUF_X1  
    BUF_X1  
    AOI22_X2  
    AOI22_X1  
    AOI222_X1  
    AOI221_X2  
    AOI221_X1  
    AOI21_X4  
    AOI21_X2  
    AOI21_X1  
    AOI211_X1  
    AND3_X1  
    AND2_X2  
    AND2_X1  
    Number of cells used in the design  40  
    ------------------------------
    Non-uniquified instances used in the design
    ------------------------------
    Number of Non-uniquified instances in the design  0  

==============================
Physical Library(LEF) Integrity Check
==============================
Cells with missing LEF: 0  
Cells with missing PG PIN: 0  
Cells with missing dimension: 0  
Cells dimensions not multiple integer of site: 0  
Block cells not covered by obstruction: 0  
Block cells with fixed mask has pins not colorred: 0  
Cells pin with missing direction: 0  
Cells pin with missing geometry: 0  
Cells PG Pins with missing geometry: 0  

==============================
Timing information check
==============================
Cells with missing Timing data: 0  

==============================
Top Level Netlist Check
==============================
Floating Ports: 0  
Ports Connect to multiple Pads: 0  
    ------------------------------
    Port connected to core instances
    ------------------------------
    Port name  # of connections  
    P[0]  1  
    P[1]  1  
    P[2]  1  
    P[3]  1  
    P[4]  2  
    P[5]  2  
    P[6]  2  
    P[7]  2  
    P[8]  2  
    P[9]  2  
    P[10]  2  
    P[11]  2  
    P[12]  2  
    P[13]  2  
    P[14]  2  
    P[15]  2  
    P[16]  1  
    P[17]  1  
    P[18]  1  
    P[19]  1  
    P[20]  2  
    P[21]  1  
    P[22]  1  
    P[23]  1  
    P[24]  2  
    P[25]  2  
    P[26]  2  
    P[27]  2  
    P[28]  2  
    P[29]  2  
    P[30]  2  
    P[31]  2  
    P[32]  2  
    P[33]  2  
    P[34]  2  
    P[35]  2  
    P[36]  2  
    P[37]  1  
    P[38]  1  
    P[39]  1  
    P[40]  1  
    P[41]  1  
    P[42]  1  
    P[43]  1  
    P[44]  2  
    P[45]  1  
    P[46]  1  
    P[47]  1  
    P[48]  1  
    P[49]  1  
    P[50]  1  
    P[51]  1  
    P[52]  2  
    P[53]  1  
    P[54]  1  
    P[55]  1  
    P[56]  2  
    P[57]  2  
    P[58]  2  
    P[59]  2  
    P[60]  2  
    P[61]  2  
    P[62]  2  
    P[63]  2  
    B[0]  1  
    B[1]  1  
    B[2]  1  
    B[3]  1  
    B[4]  1  
    B[5]  1  
    B[6]  1  
    B[7]  1  
    B[8]  1  
    B[9]  1  
    B[10]  1  
    B[11]  1  
    B[12]  1  
    B[13]  1  
    B[14]  1  
    B[15]  1  
    B[16]  1  
    B[17]  1  
    B[18]  1  
    B[19]  1  
    B[20]  1  
    B[21]  1  
    B[22]  1  
    B[23]  1  
    B[24]  1  
    B[25]  1  
    B[26]  1  
    B[27]  1  
    B[28]  1  
    B[29]  1  
    B[30]  1  
    B[31]  1  
    A[0]  1  
    A[1]  1  
    A[2]  1  
    A[3]  1  
    A[4]  1  
    A[5]  1  
    A[6]  1  
    A[7]  1  
    A[8]  1  
    A[9]  1  
    A[10]  1  
    A[11]  1  
    A[12]  1  
    A[13]  1  
    A[14]  1  
    A[15]  1  
    A[16]  1  
    A[17]  1  
    A[18]  1  
    A[19]  1  
    A[20]  1  
    A[21]  1  
    A[22]  1  
    A[23]  1  
    A[24]  1  
    A[25]  1  
    A[26]  1  
    A[27]  1  
    A[28]  1  
    A[29]  1  
    A[30]  1  
    A[31]  1  
    RST  2  
    LD  2  
    CLK  128  
    Ports connected to core instances  131  

==============================
Instance Pin Check
==============================
    Output pins connected to Power Ground net  0  
    ------------------------------
    Instances with multiple input pins tied together
    ------------------------------
    Inst  Net  Term  Term...  
    U4656  n7242  B2  C2  
    U4709  n4662  A2  C1  
    U4709  n4663  A1  B1  
    U4709  n4673  B2  C2  
    U4722  n4671  A2  C1  
    U4722  n4672  A1  B1  
    U4722  n4689  B2  C2  
    U4738  n4683  B2  C2  
    U4738  n4684  A1  B1  
    U4738  n4848  A2  C1  
    U4801  n4722  B1  C1  
    U4830  n4744  B2  C2  
    U4846  n4810  A2  C1  
    U4846  n4811  B2  C2  
    U4846  n4815  A1  B1  
    U4890  n4793  B2  C2  
    U4890  n4794  A2  C1  
    U4890  n4795  A1  B1  
    U4957  n8458  B2  C2  
    U5026  n4924  A2  C1  
    U5026  n4925  A1  B1  
    U5026  n4972  B2  C2  
    U5029  n4928  B2  C2  
    U5029  n4929  A2  C1  
    U5029  n4930  A1  B1  
    U5111  n4999  A2  C1  
    U5111  n5000  A1  B1  
    U5111  n5007  B2  C2  
    U5137  n5025  A2  C1  
    U5137  n5026  A1  B1  
    U5137  n5035  B2  C2  
    U5141  n5030  B2  C2  
    U5141  n5031  A2  C1  
    U5141  n5041  A1  B1  
    U5151  n5039  B2  C2  
    U5151  n5040  A2  C1  
    U5151  n5041  A1  B1  
    U5191  n5069  B2  C2  
    U5191  n5070  A2  C1  
    U5191  n5071  A1  B1  
    U5315  n5132  B2  C2  
    U5315  n5133  A2  C1  
    U5315  n5134  A1  B1  
    U5318  n5137  A2  C1  
    U5318  n5138  A1  B1  
    U5318  n8408  B2  C2  
    U5339  n5156  B2  C2  
    U5339  n5157  A2  C1  
    U5339  n5158  A1  B1  
    U5342  n5161  B2  C2  
    U5342  n5162  A2  C1  
    U5342  n5163  A1  B1  
    U5385  n5191  B2  C2  
    U5385  n5192  A2  C1  
    U5385  n5193  A1  B1  
    U5386  n5213  A1  B1  
    U5386  n5305  B2  C2  
    U5386  n8399  A2  C1  
    U5395  n5198  B2  C2  
    U5395  n5199  A2  C1  
    U5395  n5233  A1  B1  
    U5434  n5232  B2  C2  
    U5434  n5233  A1  B1  
    U5434  n5273  A2  C1  
    U5440  n5241  A2  C1  
    U5440  n5242  A1  B1  
    U5440  n5282  B2  C2  
    U5444  n5246  A2  C1  
    U5444  n5247  A1  B1  
    U5444  n5284  B2  C2  
    U5453  n5256  B2  C2  
    U5453  n5257  A1  B1  
    U5453  n5309  A2  C1  
    U5468  n5269  B2  C2  
    U5468  n5270  A2  C1  
    U5468  n5271  A1  B1  
    U5471  n5276  A2  C1  
    U5471  n5277  A1  B1  
    U5471  n5289  B2  C2  
    U5476  n5284  B2  C2  
    U5476  n5285  A2  C1  
    U5476  n5286  A1  B1  
    U5508  n5328  B2  C2  
    U5508  n5329  A2  C1  
    U5508  n5330  A1  B1  
    U5542  n5371  B2  C2  
    U5553  n5387  B2  C2  
    U5553  n5388  A2  C1  
    U5553  n5389  A1  B1  
    U5556  n5392  B2  C2  
    U5556  n5405  A1  B1  
    U5556  n8363  A2  C1  
    U5639  n5459  B2  C2  
    U5639  n5460  A2  C1  
    U5639  n5461  A1  B1  
    U5672  n8419  B2  C2  
    U5724  n5515  A2  C1  
    U5724  n5516  A1  B1  
    U5724  n5618  B2  C2  
    U5791  n5566  A2  C1  
    U5791  n5567  A1  B1  
    U5791  n5590  B2  C2  
    U5805  n5576  B2  C2  
    U5805  n5577  A2  C1  
    U5805  n8359  A1  B1  
    U5820  n5590  B2  C2  
    U5820  n5591  A2  C1  
    U5820  n5592  A1  B1  
    U5824  n5598  B2  C2  
    U5824  n5612  A2  C1  
    U5824  n5634  A1  B1  
    U5840  n5612  B2  C2  
    U5840  n5613  A2  C1  
    U5840  n5614  A1  B1  
    U5864  n5639  B2  C2  
    U5864  n5640  A1  B1  
    U5864  n5680  A2  C1  
    U5869  n5647  A2  C1  
    U5869  n5648  A1  B1  
    U5869  n5661  B2  C2  
    U5886  n5662  B2  C2  
    U5886  n5663  A2  C1  
    U5886  n5664  A1  B1  
    U5957  n5714  B2  C2  
    U5967  n5725  B2  C2  
    U5967  n5726  A2  C1  
    U5967  n5727  A1  B1  
    U5987  n5748  A2  C1  
    U5987  n5749  A1  B1  
    U5987  n5750  B2  C2  
    U5989  n5751  B2  C2  
    U5989  n5752  A2  C1  
    U5989  n5753  A1  B1  
    U6043  n5818  B2  C2  
    U6043  n5819  A2  C1  
    U6043  n5820  A1  B1  
    U6154  n5885  A2  C1  
    U6154  n5886  A1  B1  
    U6154  n5954  B2  C2  
    U6159  n5890  B2  C2  
    U6159  n5891  A2  C1  
    U6159  n5892  A1  B1  
    U6177  n5912  B2  C2  
    U6177  n5913  A2  C1  
    U6177  n5914  A1  B1  
    U6180  n5916  B2  C2  
    U6180  n5917  A1  B1  
    U6180  n5985  A2  C1  
    U6190  n5927  B2  C2  
    U6190  n5928  A2  C1  
    U6190  n5929  A1  B1  
    U6201  n5936  B2  C2  
    U6201  n5937  A2  C1  
    U6201  n5943  A1  B1  
    U6206  n5943  B2  C2  
    U6206  n5944  A2  C1  
    U6206  n5945  A1  B1  
    U6240  n5984  A2  C1  
    U6240  n5985  A1  B1  
    U6240  n6101  B2  C2  
    U6256  n5999  B2  C2  
    U6256  n6000  A2  C1  
    U6256  n6001  A1  B1  
    U6264  n6011  B2  C2  
    U6264  n6012  A2  C1  
    U6264  n6013  A1  B1  
    U6267  n6016  B2  C2  
    U6267  n6017  A1  B1  
    U6267  n8320  A2  C1  
    U6277  n6030  B2  C2  
    U6277  n6031  A2  C1  
    U6277  n6131  A1  B1  
    U6293  n6051  B2  C1  
    U6293  n6052  A2  C2  
    U6293  n6053  A1  B1  
    U6367  n6126  B2  C2  
    U6367  n6127  A2  C1  
    U6367  n6128  A1  B1  
    U6374  n6140  B2  C2  
    U6374  n6141  A2  C1  
    U6374  n6142  A1  B1  
    U6512  n6260  A2  C1  
    U6512  n6261  A1  B1  
    U6512  n6274  B2  C2  
    U6534  n6276  B2  C2  
    U6534  n6277  A2  C1  
    U6534  n6278  A1  B1  
    U6565  n6305  B2  C2  
    U6565  n6306  A2  C1  
    U6565  n6307  A1  B1  
    U6598  intadd_1184_SUM_2_  A1  B1  
    U6598  intadd_1193_n1  B2  C2  
    U6598  n6328  A2  C1  
    U6691  n6388  A2  C1  
    U6691  n6389  A1  B1  
    U6691  n6464  B2  C2  
    U6707  intadd_1186_SUM_2_  A2  C1  
    U6707  n6405  B2  C2  
    U6707  n6442  A1  B1  
    U6811  n8291  B1  C1  
    U6872  n6523  B2  C2  
    U6872  n6546  A1  B1  
    U6872  n6602  A2  C1  
    U6939  n6576  B2  C2  
    U6939  n6646  A1  B1  
    U6939  n7955  A2  C1  
    U6960  n6601  B2  C2  
    U6960  n6602  A2  C1  
    U6960  n6603  A1  B1  
    U7075  n6714  A2  C1  
    U7075  n6715  A1  B1  
    U7075  n7951  B2  C2  
    U7114  n6750  A2  C1  
    U7114  n6751  A1  B1  
    U7114  n7939  B2  C2  
    U7163  n6792  B2  C2  
    U7163  n6793  A2  C1  
    U7163  n6794  A1  B1  
    U7391  n7001  B1  C1  
    U7445  n7056  B2  C2  
    U7445  n7057  A2  C1  
    U7445  n7058  A1  B1  
    U7449  n7061  B2  C2  
    U7449  n7062  A1  B1  
    U7449  n7936  A2  C1  
    U7453  n7065  B2  C2  
    U7453  n7066  A2  C1  
    U7453  n7067  A1  B1  
    U7524  n7139  A1  B1  
    U7524  n7188  B2  C2  
    U7524  n7189  A2  C1  
    U7527  n7887  A1  B1  
    U7527  n7888  B2  C2  
    U7527  n7890  A2  C1  
    U7539  n7155  A2  C1  
    U7539  n7156  A1  B1  
    U7539  n7887  B2  C2  
    U7604  n7223  A2  C1  
    U7604  n7224  A1  B1  
    U7604  n7410  B2  C2  
    U7711  n7289  B2  C2  
    U7743  n7319  B1  C1  
    U7818  n7396  B2  C2  
    U7818  n7397  A2  C1  
    U7818  n7755  A1  B1  
    U7825  n7402  A2  C1  
    U7825  n7405  A1  B1  
    U7825  n7891  B2  C2  
    U7835  n7410  A2  C1  
    U7835  n7411  A1  B1  
    U7835  n7755  B2  C2  
    U7888  n7461  B2  C2  
    U7888  n7462  A1  B1  
    U7888  n7891  A2  C1  
    U7890  n7463  A2  C1  
    U7890  n7464  A1  B1  
    U7890  n7470  B2  C2  
    U7946  n7510  A1  B1  
    U7946  n7552  A2  C1  
    U7946  n7594  B2  C2  
    U7947  n7510  B2  C2  
    U7947  n7511  A1  B1  
    U7947  n7755  A2  C1  
    U8012  n7571  B2  C2  
    U8012  n7572  A2  C1  
    U8012  n7658  A1  B1  
    U8022  n7583  A2  C1  
    U8022  n7584  A1  B1  
    U8022  n7585  B2  C2  
    U8023  n7585  A2  C1  
    U8023  n7586  A1  B1  
    U8023  n7891  B2  C2  
    U8043  n7607  B2  C2  
    U8043  n7608  A2  C1  
    U8043  n7619  A1  B1  
    U8076  n7644  B2  C2  
    U8076  n7645  A1  B1  
    U8076  n7891  A2  C1  
    U8097  n7663  B2  C2  
    U8097  n7664  A2  C1  
    U8097  n7697  A1  B1  
    U8112  n7680  B2  C2  
    U8112  n7681  A2  C1  
    U8112  n7891  A1  B1  
    U8117  n7688  A2  C1  
    U8117  n7689  A1  B1  
    U8117  n7855  B2  C2  
    U8121  n7691  B2  C2  
    U8121  n7692  A2  C1  
    U8121  n7696  A1  B1  
    U8140  n7713  B2  C2  
    U8140  n7714  A2  C1  
    U8140  n7715  A1  B1  
    U8162  n7736  B2  C2  
    U8162  n7737  A1  B1  
    U8162  n7742  A2  C1  
    U8177  n7748  B2  C2  
    U8177  n7749  A2  C1  
    U8177  n7750  A1  B1  
    U8186  n7763  A1  B1  
    U8186  n7777  A2  C1  
    U8186  n7779  B2  C2  
    U8236  n7818  A1  B1  
    U8236  n7891  A2  C1  
    U8255  n7854  B2  C2  
    U8255  n7855  A2  C1  
    U8255  n7856  A1  B1  
    U8276  n7891  B2  C2  
    U8276  n7892  A2  C1  
    U8276  n7893  A1  B1  
    U8304  n7937  B2  C2  
    U8304  n7938  A2  C1  
    U8304  n7939  A1  B1  
    U8312  intadd_1190_SUM_0_  A2  C1  
    U8312  n7952  B2  C2  
    U8312  n7953  A1  B1  
    U8313  n7954  B2  C2  
    U8313  n7955  A2  C1  
    U8313  n7956  A1  B1  
    U8339  n7991  B2  C2  
    U8339  n7992  A2  C1  
    U8339  n7993  A1  B1  
    U8343  n7997  B2  C2  
    U8343  n7998  A2  C1  
    U8343  n8039  A1  B1  
    U8352  n8009  A2  C1  
    U8352  n8010  A1  B1  
    U8352  n8013  B2  C2  
    U8369  n8038  B2  C2  
    U8369  n8039  A2  C1  
    U8369  n8040  A1  B1  
    U8392  n8065  B2  C2  
    U8392  n8066  A2  C1  
    U8392  n8095  A1  B1  
    U8409  n8095  A2  C1  
    U8409  n8096  A1  B1  
    U8409  n8145  B2  C2  
    U8417  n8105  A2  C1  
    U8417  n8106  A1  B1  
    U8417  n8137  B2  C2  
    U8439  n8135  A2  C1  
    U8439  n8136  A1  B1  
    U8439  n8175  B2  C2  
    U8442  n8139  B2  C2  
    U8442  n8140  A2  C1  
    U8442  n8141  A1  B1  
    U8446  n8146  B2  C2  
    U8446  n8147  A2  C1  
    U8446  n8148  A1  B1  
    U8463  n8175  B2  C2  
    U8463  n8176  A2  C1  
    U8463  n8177  A1  B1  
    U8475  n8188  B2  C2  
    U8475  n8189  A2  C1  
    U8475  n8215  A1  B1  
    U8493  n8216  B2  C2  
    U8493  n8217  A2  C1  
    U8493  n8218  A1  B1  
    U8508  n8234  B2  C2  
    U8508  n8235  A2  C1  
    U8508  n8236  A1  B1  
    U8510  n8237  B2  C2  
    U8510  n8238  A2  C1  
    U8510  n8239  A1  B1  
    U8514  n8244  B2  C2  
    U8514  n8245  A2  C1  
    U8514  n8321  A1  B1  
    U8560  n8318  B2  C2  
    U8560  n8319  A2  C1  
    U8560  n8320  A1  B1  
    U8562  n8322  B2  C2  
    U8562  n8323  A2  C1  
    U8562  n8324  A1  B1  
    U8586  n8358  B2  C2  
    U8586  n8359  A2  C1  
    U8586  n8360  A1  B1  
    U8589  n8363  B2  C2  
    U8589  n8364  A2  C1  
    U8589  n8365  A1  B1  
    U8608  n8399  B2  C2  
    U8608  n8400  A2  C1  
    U8608  n8401  A1  B1  
    U8613  n8411  B2  C2  
    U8613  n8412  A2  C1  
    U8613  n8413  A1  B1  
    U8654  n8473  B1  C1  
    
    Instances with input pins tied together  386  
    TieHi/Lo term nets not connected to instance's PG terms  0  
    Floating Instance terminals  0  
    Floating IO terms  0  
    Tie Hi/Lo output terms floating  0  
    Output term shorted to Power Ground net  0  
    Pin without shape  0  

==============================
Primitive Net DRC Check
==============================
Nets with tri-state driver: 0  
Nets with parallel drivers: 0  
Nets with multiple drivers: 0  
Nets with no driver (No FanIn): 0  
    ------------------------------
    No FanOut Net
    ------------------------------
    A_i[4]  
    A_i[5]  
    A_i[6]  
    A_i[7]  
    A_i[9]  
    A_i[11]  
    A_i[12]  
    A_i[19]  
    A_i[20]  
    A_i[21]  
    A_i[22]  
    A_i[23]  
    A_i[26]  
    A_i[27]  
    Output Floating nets (No FanOut)  14  
    ------------------------------
    High FanOut Net
    ------------------------------
    n4259  
    n4256  
    n4254  
    n4253  
    CLK  
    High Fanout nets (>50)  5  

==============================
Sub Module Port Definition Check
==============================
Tie Hi/Lo instances connected to output: 0  
Verilog nets with multiple drivers: 0  

==============================
Dont Use Cells Used in Design
==============================
Dont use cells in design: 0  
