###############################################################
#  Generated by:      Cadence Innovus 23.35-s106_1
#  OS:                Linux x86_64(Host ID microsys.openstack.polito)
#  Generated on:      Sat Oct 10 21:11:43 2026
#  Design:            boothmul_registered
#  Command:           report_timing -max_paths 10 > reports/04_preCTS_setup_paths.rpt
###############################################################
Path 1: MET Setup Check with Pin p_reg_Y_temp_reg_61_/CK 
Endpoint:   p_reg_Y_temp_reg_61_/D (v) checked with  leading edge of 'CLK'
Beginpoint: B_reg_Y_temp_reg_1_/QN (v) triggered by  leading edge of 'CLK'
Path Groups: {CLK}
Analysis View: default
Other End Arrival Time          0.050
- Setup                         0.026
+ Phase Shift                   4.463
- Uncertainty                   0.050
= Required Time                 4.437
- Arrival Time                  3.196
= Slack Time                    1.240
     Clock Rise Edge                 0.000
     + Clock Network Latency (Ideal) 0.050
     = Beginpoint Arrival Time       0.050
     +------------------------------------------------------------------------------+ 
     |       Instance       |     Arc      |   Cell    | Delay | Arrival | Required | 
     |                      |              |           |       |  Time   |   Time   | 
     |----------------------+--------------+-----------+-------+---------+----------| 
     | B_reg_Y_temp_reg_1_  | CK ^         |           |       |   0.050 |    1.290 | 
     | B_reg_Y_temp_reg_1_  | CK ^ -> QN v | DFF_X1    | 0.131 |   0.181 |    1.421 | 
     | U4673                | B1 v -> ZN ^ | AOI22_X1  | 0.075 |   0.256 |    1.497 | 
     | U4674                | A ^ -> ZN v  | AOI21_X1  | 0.017 |   0.273 |    1.514 | 
     | FE_OFC21_n8259       | A v -> Z v   | CLKBUF_X1 | 0.093 |   0.366 |    1.607 | 
     | U4621                | A v -> ZN ^  | INV_X1    | 0.079 |   0.445 |    1.686 | 
     | U4675                | B1 ^ -> ZN v | AOI22_X1  | 0.029 |   0.475 |    1.715 | 
     | FE_OFC47_n4645       | A v -> Z v   | CLKBUF_X2 | 0.135 |   0.610 |    1.850 | 
     | U4676                | A v -> ZN ^  | INV_X1    | 0.166 |   0.775 |    2.016 | 
     | U4866                | A ^ -> Z ^   | XOR2_X1   | 0.065 |   0.840 |    2.080 | 
     | U4867                | B ^ -> ZN v  | XNOR2_X1  | 0.032 |   0.872 |    2.113 | 
     | U4894                | A v -> Z v   | MUX2_X1   | 0.069 |   0.941 |    2.182 | 
     | U4986                | CI v -> CO v | FA_X1     | 0.077 |   1.018 |    2.258 | 
     | U4987                | B v -> ZN v  | XNOR2_X1  | 0.045 |   1.062 |    2.303 | 
     | U4988                | B v -> ZN v  | XNOR2_X1  | 0.043 |   1.105 |    2.346 | 
     | U4989                | B v -> ZN ^  | XNOR2_X1  | 0.056 |   1.161 |    2.402 | 
     | U5008                | A ^ -> ZN v  | INV_X1    | 0.017 |   1.178 |    2.419 | 
     | U5009                | B v -> ZN v  | XNOR2_X1  | 0.047 |   1.225 |    2.466 | 
     | U5010                | A2 v -> ZN ^ | NOR2_X1   | 0.050 |   1.275 |    2.516 | 
     | U5033                | A ^ -> Z ^   | XOR2_X1   | 0.056 |   1.331 |    2.572 | 
     | U5034                | B ^ -> ZN ^  | XNOR2_X1  | 0.046 |   1.377 |    2.617 | 
     | U5035                | B ^ -> ZN ^  | XNOR2_X1  | 0.051 |   1.428 |    2.669 | 
     | U5108                | A ^ -> Z ^   | XOR2_X1   | 0.058 |   1.486 |    2.726 | 
     | U5109                | B ^ -> ZN ^  | XNOR2_X1  | 0.046 |   1.532 |    2.772 | 
     | U5110                | B ^ -> ZN ^  | XNOR2_X1  | 0.058 |   1.590 |    2.831 | 
     | U5117                | A ^ -> ZN v  | XNOR2_X1  | 0.036 |   1.626 |    2.866 | 
     | U5126                | A1 v -> ZN ^ | NOR2_X1   | 0.053 |   1.679 |    2.919 | 
     | U5127                | A ^ -> ZN v  | INV_X1    | 0.014 |   1.693 |    2.933 | 
     | U4653                | A2 v -> ZN v | OR2_X1    | 0.051 |   1.744 |    2.985 | 
     | U4655                | B2 v -> ZN ^ | AOI21_X1  | 0.030 |   1.774 |    3.015 | 
     | U5194                | B1 ^ -> ZN v | AOI21_X1  | 0.042 |   1.816 |    3.057 | 
     | U5510                | C1 v -> ZN ^ | AOI211_X1 | 0.045 |   1.861 |    3.102 | 
     | U5542                | B1 ^ -> ZN v | AOI221_X1 | 0.051 |   1.912 |    3.153 | 
     | U5548                | B1 v -> ZN ^ | AOI22_X1  | 0.050 |   1.962 |    3.203 | 
     | U5606                | C1 ^ -> ZN v | AOI211_X1 | 0.020 |   1.982 |    3.222 | 
     | U5672                | B1 v -> ZN ^ | AOI221_X1 | 0.099 |   2.080 |    3.321 | 
     | U4652                | A3 ^ -> ZN ^ | AND3_X1   | 0.054 |   2.134 |    3.375 | 
     | U6032                | C1 ^ -> ZN v | OAI211_X1 | 0.020 |   2.154 |    3.394 | 
     | U6033                | A2 v -> ZN ^ | NAND2_X1  | 0.028 |   2.182 |    3.422 | 
     | U6376                | A3 ^ -> ZN v | NOR3_X1   | 0.013 |   2.195 |    3.435 | 
     | U4614                | A2 v -> ZN ^ | NAND2_X1  | 0.017 |   2.212 |    3.453 | 
     | U4654                | B1 ^ -> ZN v | AOI22_X1  | 0.026 |   2.238 |    3.478 | 
     | U6482                | B1 v -> ZN ^ | AOI21_X1  | 0.030 |   2.267 |    3.508 | 
     | U6603                | C1 ^ -> ZN v | AOI211_X1 | 0.018 |   2.286 |    3.526 | 
     | U6605                | A1 v -> ZN ^ | NOR2_X1   | 0.025 |   2.311 |    3.552 | 
     | U6611                | B1 ^ -> ZN v | AOI21_X1  | 0.027 |   2.339 |    3.579 | 
     | U6612                | A v -> ZN ^  | INV_X1    | 0.051 |   2.390 |    3.631 | 
     | U6809                | A3 ^ -> ZN v | NAND3_X1  | 0.028 |   2.419 |    3.659 | 
     | U6811                | C2 v -> ZN ^ | OAI221_X1 | 0.096 |   2.515 |    3.755 | 
     | U7318                | B1 ^ -> ZN v | AOI21_X1  | 0.023 |   2.538 |    3.778 | 
     | U7319                | A4 v -> ZN ^ | NOR4_X1   | 0.122 |   2.659 |    3.900 | 
     | U7391                | C2 ^ -> ZN v | OAI221_X1 | 0.046 |   2.705 |    3.946 | 
     | U7393                | A1 v -> ZN ^ | NAND2_X1  | 0.044 |   2.750 |    3.990 | 
     | U7394                | A ^ -> ZN v  | INV_X1    | 0.026 |   2.776 |    4.016 | 
     | U4656                | B1 v -> ZN ^ | AOI221_X2 | 0.110 |   2.886 |    4.126 | 
     | U8654                | C2 ^ -> ZN v | OAI221_X1 | 0.046 |   2.932 |    4.172 | 
     | U8655                | B2 v -> ZN ^ | OAI21_X1  | 0.058 |   2.989 |    4.230 | 
     | U8657                | C2 ^ -> ZN v | OAI211_X1 | 0.033 |   3.022 |    4.263 | 
     | U8658                | A v -> ZN ^  | OAI211_X1 | 0.026 |   3.048 |    4.289 | 
     | U8659                | B2 ^ -> ZN v | AOI21_X1  | 0.022 |   3.071 |    4.311 | 
     | U4202                | A1 v -> ZN v | AND2_X1   | 0.039 |   3.110 |    4.350 | 
     | U4208                | B1 v -> ZN ^ | AOI222_X1 | 0.078 |   3.187 |    4.428 | 
     | U4209                | A ^ -> ZN v  | INV_X1    | 0.009 |   3.196 |    4.437 | 
     | p_reg_Y_temp_reg_61_ | D v          | DFF_X1    | 0.000 |   3.196 |    4.437 | 
     +------------------------------------------------------------------------------+ 
Path 2: MET Setup Check with Pin p_reg_Y_temp_reg_62_/CK 
Endpoint:   p_reg_Y_temp_reg_62_/D (v) checked with  leading edge of 'CLK'
Beginpoint: B_reg_Y_temp_reg_1_/QN (v) triggered by  leading edge of 'CLK'
Path Groups: {CLK}
Analysis View: default
Other End Arrival Time          0.050
- Setup                         0.026
+ Phase Shift                   4.463
- Uncertainty                   0.050
= Required Time                 4.437
- Arrival Time                  3.194
= Slack Time                    1.243
     Clock Rise Edge                 0.000
     + Clock Network Latency (Ideal) 0.050
     = Beginpoint Arrival Time       0.050
     +------------------------------------------------------------------------------+ 
     |       Instance       |     Arc      |   Cell    | Delay | Arrival | Required | 
     |                      |              |           |       |  Time   |   Time   | 
     |----------------------+--------------+-----------+-------+---------+----------| 
     | B_reg_Y_temp_reg_1_  | CK ^         |           |       |   0.050 |    1.293 | 
     | B_reg_Y_temp_reg_1_  | CK ^ -> QN v | DFF_X1    | 0.131 |   0.181 |    1.424 | 
     | U4673                | B1 v -> ZN ^ | AOI22_X1  | 0.075 |   0.256 |    1.499 | 
     | U4674                | A ^ -> ZN v  | AOI21_X1  | 0.017 |   0.273 |    1.516 | 
     | FE_OFC21_n8259       | A v -> Z v   | CLKBUF_X1 | 0.093 |   0.366 |    1.609 | 
     | U4621                | A v -> ZN ^  | INV_X1    | 0.079 |   0.445 |    1.688 | 
     | U4675                | B1 ^ -> ZN v | AOI22_X1  | 0.029 |   0.475 |    1.717 | 
     | FE_OFC47_n4645       | A v -> Z v   | CLKBUF_X2 | 0.135 |   0.610 |    1.852 | 
     | U4676                | A v -> ZN ^  | INV_X1    | 0.166 |   0.775 |    2.018 | 
     | U4866                | A ^ -> Z ^   | XOR2_X1   | 0.065 |   0.840 |    2.082 | 
     | U4867                | B ^ -> ZN v  | XNOR2_X1  | 0.032 |   0.872 |    2.115 | 
     | U4894                | A v -> Z v   | MUX2_X1   | 0.069 |   0.941 |    2.184 | 
     | U4986                | CI v -> CO v | FA_X1     | 0.077 |   1.018 |    2.260 | 
     | U4987                | B v -> ZN v  | XNOR2_X1  | 0.045 |   1.062 |    2.305 | 
     | U4988                | B v -> ZN v  | XNOR2_X1  | 0.043 |   1.105 |    2.348 | 
     | U4989                | B v -> ZN ^  | XNOR2_X1  | 0.056 |   1.161 |    2.404 | 
     | U5008                | A ^ -> ZN v  | INV_X1    | 0.017 |   1.178 |    2.421 | 
     | U5009                | B v -> ZN v  | XNOR2_X1  | 0.047 |   1.225 |    2.468 | 
     | U5010                | A2 v -> ZN ^ | NOR2_X1   | 0.050 |   1.275 |    2.518 | 
     | U5033                | A ^ -> Z ^   | XOR2_X1   | 0.056 |   1.331 |    2.574 | 
     | U5034                | B ^ -> ZN ^  | XNOR2_X1  | 0.046 |   1.377 |    2.619 | 
     | U5035                | B ^ -> ZN ^  | XNOR2_X1  | 0.051 |   1.428 |    2.671 | 
     | U5108                | A ^ -> Z ^   | XOR2_X1   | 0.058 |   1.486 |    2.728 | 
     | U5109                | B ^ -> ZN ^  | XNOR2_X1  | 0.046 |   1.532 |    2.775 | 
     | U5110                | B ^ -> ZN ^  | XNOR2_X1  | 0.058 |   1.590 |    2.833 | 
     | U5117                | A ^ -> ZN v  | XNOR2_X1  | 0.036 |   1.626 |    2.868 | 
     | U5126                | A1 v -> ZN ^ | NOR2_X1   | 0.053 |   1.679 |    2.921 | 
     | U5127                | A ^ -> ZN v  | INV_X1    | 0.014 |   1.693 |    2.936 | 
     | U4653                | A2 v -> ZN v | OR2_X1    | 0.051 |   1.744 |    2.987 | 
     | U4655                | B2 v -> ZN ^ | AOI21_X1  | 0.030 |   1.774 |    3.017 | 
     | U5194                | B1 ^ -> ZN v | AOI21_X1  | 0.042 |   1.816 |    3.059 | 
     | U5510                | C1 v -> ZN ^ | AOI211_X1 | 0.045 |   1.861 |    3.104 | 
     | U5542                | B1 ^ -> ZN v | AOI221_X1 | 0.051 |   1.912 |    3.155 | 
     | U5548                | B1 v -> ZN ^ | AOI22_X1  | 0.050 |   1.962 |    3.205 | 
     | U5606                | C1 ^ -> ZN v | AOI211_X1 | 0.020 |   1.982 |    3.224 | 
     | U5672                | B1 v -> ZN ^ | AOI221_X1 | 0.099 |   2.080 |    3.323 | 
     | U4652                | A3 ^ -> ZN ^ | AND3_X1   | 0.054 |   2.134 |    3.377 | 
     | U6032                | C1 ^ -> ZN v | OAI211_X1 | 0.020 |   2.154 |    3.396 | 
     | U6033                | A2 v -> ZN ^ | NAND2_X1  | 0.028 |   2.182 |    3.424 | 
     | U6376                | A3 ^ -> ZN v | NOR3_X1   | 0.013 |   2.195 |    3.438 | 
     | U4614                | A2 v -> ZN ^ | NAND2_X1  | 0.017 |   2.212 |    3.455 | 
     | U4654                | B1 ^ -> ZN v | AOI22_X1  | 0.026 |   2.238 |    3.480 | 
     | U6482                | B1 v -> ZN ^ | AOI21_X1  | 0.030 |   2.267 |    3.510 | 
     | U6603                | C1 ^ -> ZN v | AOI211_X1 | 0.018 |   2.286 |    3.529 | 
     | U6605                | A1 v -> ZN ^ | NOR2_X1   | 0.025 |   2.311 |    3.554 | 
     | U6611                | B1 ^ -> ZN v | AOI21_X1  | 0.027 |   2.339 |    3.582 | 
     | U6612                | A v -> ZN ^  | INV_X1    | 0.051 |   2.390 |    3.633 | 
     | U6809                | A3 ^ -> ZN v | NAND3_X1  | 0.028 |   2.419 |    3.661 | 
     | U6811                | C2 v -> ZN ^ | OAI221_X1 | 0.096 |   2.515 |    3.758 | 
     | U7318                | B1 ^ -> ZN v | AOI21_X1  | 0.023 |   2.538 |    3.780 | 
     | U7319                | A4 v -> ZN ^ | NOR4_X1   | 0.122 |   2.659 |    3.902 | 
     | U7391                | C2 ^ -> ZN v | OAI221_X1 | 0.046 |   2.705 |    3.948 | 
     | U7393                | A1 v -> ZN ^ | NAND2_X1  | 0.044 |   2.750 |    3.992 | 
     | U7394                | A ^ -> ZN v  | INV_X1    | 0.026 |   2.776 |    4.018 | 
     | U4656                | B1 v -> ZN ^ | AOI221_X2 | 0.110 |   2.886 |    4.129 | 
     | U8654                | C2 ^ -> ZN v | OAI221_X1 | 0.046 |   2.932 |    4.174 | 
     | U8655                | B2 v -> ZN ^ | OAI21_X1  | 0.058 |   2.989 |    4.232 | 
     | U8657                | C2 ^ -> ZN v | OAI211_X1 | 0.033 |   3.022 |    4.265 | 
     | U8658                | A v -> ZN ^  | OAI211_X1 | 0.026 |   3.048 |    4.291 | 
     | U8659                | B2 ^ -> ZN v | AOI21_X1  | 0.022 |   3.071 |    4.313 | 
     | U4202                | A1 v -> ZN v | AND2_X1   | 0.039 |   3.110 |    4.352 | 
     | U4206                | B1 v -> ZN ^ | AOI222_X1 | 0.077 |   3.187 |    4.429 | 
     | U4207                | A ^ -> ZN v  | INV_X1    | 0.008 |   3.194 |    4.437 | 
     | p_reg_Y_temp_reg_62_ | D v          | DFF_X1    | 0.000 |   3.194 |    4.437 | 
     +------------------------------------------------------------------------------+ 
Path 3: MET Setup Check with Pin p_reg_Y_temp_reg_63_/CK 
Endpoint:   p_reg_Y_temp_reg_63_/D (v) checked with  leading edge of 'CLK'
Beginpoint: B_reg_Y_temp_reg_1_/QN (v) triggered by  leading edge of 'CLK'
Path Groups: {CLK}
Analysis View: default
Other End Arrival Time          0.050
- Setup                         0.026
+ Phase Shift                   4.463
- Uncertainty                   0.050
= Required Time                 4.437
- Arrival Time                  3.194
= Slack Time                    1.243
     Clock Rise Edge                 0.000
     + Clock Network Latency (Ideal) 0.050
     = Beginpoint Arrival Time       0.050
     +------------------------------------------------------------------------------+ 
     |       Instance       |     Arc      |   Cell    | Delay | Arrival | Required | 
     |                      |              |           |       |  Time   |   Time   | 
     |----------------------+--------------+-----------+-------+---------+----------| 
     | B_reg_Y_temp_reg_1_  | CK ^         |           |       |   0.050 |    1.293 | 
     | B_reg_Y_temp_reg_1_  | CK ^ -> QN v | DFF_X1    | 0.131 |   0.181 |    1.424 | 
     | U4673                | B1 v -> ZN ^ | AOI22_X1  | 0.075 |   0.256 |    1.499 | 
     | U4674                | A ^ -> ZN v  | AOI21_X1  | 0.017 |   0.273 |    1.517 | 
     | FE_OFC21_n8259       | A v -> Z v   | CLKBUF_X1 | 0.093 |   0.366 |    1.609 | 
     | U4621                | A v -> ZN ^  | INV_X1    | 0.079 |   0.445 |    1.688 | 
     | U4675                | B1 ^ -> ZN v | AOI22_X1  | 0.029 |   0.475 |    1.718 | 
     | FE_OFC47_n4645       | A v -> Z v   | CLKBUF_X2 | 0.135 |   0.610 |    1.853 | 
     | U4676                | A v -> ZN ^  | INV_X1    | 0.166 |   0.775 |    2.018 | 
     | U4866                | A ^ -> Z ^   | XOR2_X1   | 0.065 |   0.840 |    2.083 | 
     | U4867                | B ^ -> ZN v  | XNOR2_X1  | 0.032 |   0.872 |    2.115 | 
     | U4894                | A v -> Z v   | MUX2_X1   | 0.069 |   0.941 |    2.184 | 
     | U4986                | CI v -> CO v | FA_X1     | 0.077 |   1.018 |    2.261 | 
     | U4987                | B v -> ZN v  | XNOR2_X1  | 0.045 |   1.062 |    2.306 | 
     | U4988                | B v -> ZN v  | XNOR2_X1  | 0.043 |   1.105 |    2.349 | 
     | U4989                | B v -> ZN ^  | XNOR2_X1  | 0.056 |   1.161 |    2.404 | 
     | U5008                | A ^ -> ZN v  | INV_X1    | 0.017 |   1.178 |    2.421 | 
     | U5009                | B v -> ZN v  | XNOR2_X1  | 0.047 |   1.225 |    2.469 | 
     | U5010                | A2 v -> ZN ^ | NOR2_X1   | 0.050 |   1.275 |    2.519 | 
     | U5033                | A ^ -> Z ^   | XOR2_X1   | 0.056 |   1.331 |    2.574 | 
     | U5034                | B ^ -> ZN ^  | XNOR2_X1  | 0.046 |   1.377 |    2.620 | 
     | U5035                | B ^ -> ZN ^  | XNOR2_X1  | 0.051 |   1.428 |    2.671 | 
     | U5108                | A ^ -> Z ^   | XOR2_X1   | 0.058 |   1.486 |    2.729 | 
     | U5109                | B ^ -> ZN ^  | XNOR2_X1  | 0.046 |   1.532 |    2.775 | 
     | U5110                | B ^ -> ZN ^  | XNOR2_X1  | 0.058 |   1.590 |    2.833 | 
     | U5117                | A ^ -> ZN v  | XNOR2_X1  | 0.036 |   1.626 |    2.869 | 
     | U5126                | A1 v -> ZN ^ | NOR2_X1   | 0.053 |   1.679 |    2.922 | 
     | U5127                | A ^ -> ZN v  | INV_X1    | 0.014 |   1.693 |    2.936 | 
     | U4653                | A2 v -> ZN v | OR2_X1    | 0.051 |   1.744 |    2.987 | 
     | U4655                | B2 v -> ZN ^ | AOI21_X1  | 0.030 |   1.774 |    3.017 | 
     | U5194                | B1 ^ -> ZN v | AOI21_X1  | 0.042 |   1.816 |    3.059 | 
     | U5510                | C1 v -> ZN ^ | AOI211_X1 | 0.045 |   1.861 |    3.104 | 
     | U5542                | B1 ^ -> ZN v | AOI221_X1 | 0.051 |   1.912 |    3.155 | 
     | U5548                | B1 v -> ZN ^ | AOI22_X1  | 0.050 |   1.962 |    3.205 | 
     | U5606                | C1 ^ -> ZN v | AOI211_X1 | 0.020 |   1.982 |    3.225 | 
     | U5672                | B1 v -> ZN ^ | AOI221_X1 | 0.099 |   2.080 |    3.323 | 
     | U4652                | A3 ^ -> ZN ^ | AND3_X1   | 0.054 |   2.134 |    3.377 | 
     | U6032                | C1 ^ -> ZN v | OAI211_X1 | 0.020 |   2.154 |    3.397 | 
     | U6033                | A2 v -> ZN ^ | NAND2_X1  | 0.028 |   2.182 |    3.425 | 
     | U6376                | A3 ^ -> ZN v | NOR3_X1   | 0.013 |   2.195 |    3.438 | 
     | U4614                | A2 v -> ZN ^ | NAND2_X1  | 0.017 |   2.212 |    3.455 | 
     | U4654                | B1 ^ -> ZN v | AOI22_X1  | 0.026 |   2.238 |    3.481 | 
     | U6482                | B1 v -> ZN ^ | AOI21_X1  | 0.030 |   2.267 |    3.511 | 
     | U6603                | C1 ^ -> ZN v | AOI211_X1 | 0.018 |   2.286 |    3.529 | 
     | U6605                | A1 v -> ZN ^ | NOR2_X1   | 0.025 |   2.311 |    3.555 | 
     | U6611                | B1 ^ -> ZN v | AOI21_X1  | 0.027 |   2.339 |    3.582 | 
     | U6612                | A v -> ZN ^  | INV_X1    | 0.051 |   2.390 |    3.633 | 
     | U6809                | A3 ^ -> ZN v | NAND3_X1  | 0.028 |   2.419 |    3.662 | 
     | U6811                | C2 v -> ZN ^ | OAI221_X1 | 0.096 |   2.515 |    3.758 | 
     | U7318                | B1 ^ -> ZN v | AOI21_X1  | 0.023 |   2.538 |    3.781 | 
     | U7319                | A4 v -> ZN ^ | NOR4_X1   | 0.122 |   2.659 |    3.903 | 
     | U7391                | C2 ^ -> ZN v | OAI221_X1 | 0.046 |   2.705 |    3.949 | 
     | U7393                | A1 v -> ZN ^ | NAND2_X1  | 0.044 |   2.750 |    3.993 | 
     | U7394                | A ^ -> ZN v  | INV_X1    | 0.026 |   2.776 |    4.019 | 
     | U4656                | B1 v -> ZN ^ | AOI221_X2 | 0.110 |   2.886 |    4.129 | 
     | U8654                | C2 ^ -> ZN v | OAI221_X1 | 0.046 |   2.932 |    4.175 | 
     | U8655                | B2 v -> ZN ^ | OAI21_X1  | 0.058 |   2.989 |    4.233 | 
     | U8657                | C2 ^ -> ZN v | OAI211_X1 | 0.033 |   3.022 |    4.265 | 
     | U8658                | A v -> ZN ^  | OAI211_X1 | 0.026 |   3.048 |    4.291 | 
     | U8659                | B2 ^ -> ZN v | AOI21_X1  | 0.022 |   3.071 |    4.314 | 
     | U4202                | A1 v -> ZN v | AND2_X1   | 0.039 |   3.110 |    4.353 | 
     | U4204                | B1 v -> ZN ^ | AOI222_X1 | 0.076 |   3.186 |    4.429 | 
     | U4205                | A ^ -> ZN v  | INV_X1    | 0.008 |   3.194 |    4.437 | 
     | p_reg_Y_temp_reg_63_ | D v          | DFF_X1    | 0.000 |   3.194 |    4.437 | 
     +------------------------------------------------------------------------------+ 
Path 4: MET Setup Check with Pin p_reg_Y_temp_reg_60_/CK 
Endpoint:   p_reg_Y_temp_reg_60_/D (^) checked with  leading edge of 'CLK'
Beginpoint: B_reg_Y_temp_reg_1_/QN (v) triggered by  leading edge of 'CLK'
Path Groups: {CLK}
Analysis View: default
Other End Arrival Time          0.050
- Setup                         0.029
+ Phase Shift                   4.463
- Uncertainty                   0.050
= Required Time                 4.434
- Arrival Time                  3.167
= Slack Time                    1.268
     Clock Rise Edge                 0.000
     + Clock Network Latency (Ideal) 0.050
     = Beginpoint Arrival Time       0.050
     +------------------------------------------------------------------------------+ 
     |       Instance       |     Arc      |   Cell    | Delay | Arrival | Required | 
     |                      |              |           |       |  Time   |   Time   | 
     |----------------------+--------------+-----------+-------+---------+----------| 
     | B_reg_Y_temp_reg_1_  | CK ^         |           |       |   0.050 |    1.318 | 
     | B_reg_Y_temp_reg_1_  | CK ^ -> QN v | DFF_X1    | 0.131 |   0.181 |    1.449 | 
     | U4673                | B1 v -> ZN ^ | AOI22_X1  | 0.075 |   0.256 |    1.524 | 
     | U4674                | A ^ -> ZN v  | AOI21_X1  | 0.017 |   0.273 |    1.541 | 
     | FE_OFC21_n8259       | A v -> Z v   | CLKBUF_X1 | 0.093 |   0.366 |    1.634 | 
     | U4621                | A v -> ZN ^  | INV_X1    | 0.079 |   0.445 |    1.713 | 
     | U4675                | B1 ^ -> ZN v | AOI22_X1  | 0.029 |   0.475 |    1.742 | 
     | FE_OFC47_n4645       | A v -> Z v   | CLKBUF_X2 | 0.135 |   0.610 |    1.877 | 
     | U4676                | A v -> ZN ^  | INV_X1    | 0.166 |   0.775 |    2.043 | 
     | U4866                | A ^ -> Z ^   | XOR2_X1   | 0.065 |   0.840 |    2.107 | 
     | U4867                | B ^ -> ZN v  | XNOR2_X1  | 0.032 |   0.872 |    2.140 | 
     | U4894                | A v -> Z v   | MUX2_X1   | 0.069 |   0.941 |    2.209 | 
     | U4986                | CI v -> CO v | FA_X1     | 0.077 |   1.018 |    2.285 | 
     | U4987                | B v -> ZN v  | XNOR2_X1  | 0.045 |   1.062 |    2.330 | 
     | U4988                | B v -> ZN v  | XNOR2_X1  | 0.043 |   1.105 |    2.373 | 
     | U4989                | B v -> ZN ^  | XNOR2_X1  | 0.056 |   1.161 |    2.429 | 
     | U5008                | A ^ -> ZN v  | INV_X1    | 0.017 |   1.178 |    2.446 | 
     | U5009                | B v -> ZN v  | XNOR2_X1  | 0.047 |   1.225 |    2.493 | 
     | U5010                | A2 v -> ZN ^ | NOR2_X1   | 0.050 |   1.275 |    2.543 | 
     | U5033                | A ^ -> Z ^   | XOR2_X1   | 0.056 |   1.331 |    2.599 | 
     | U5034                | B ^ -> ZN ^  | XNOR2_X1  | 0.046 |   1.377 |    2.644 | 
     | U5035                | B ^ -> ZN ^  | XNOR2_X1  | 0.051 |   1.428 |    2.696 | 
     | U5108                | A ^ -> Z ^   | XOR2_X1   | 0.058 |   1.486 |    2.753 | 
     | U5109                | B ^ -> ZN ^  | XNOR2_X1  | 0.046 |   1.532 |    2.800 | 
     | U5110                | B ^ -> ZN ^  | XNOR2_X1  | 0.058 |   1.590 |    2.858 | 
     | U5117                | A ^ -> ZN v  | XNOR2_X1  | 0.036 |   1.626 |    2.893 | 
     | U5126                | A1 v -> ZN ^ | NOR2_X1   | 0.053 |   1.679 |    2.946 | 
     | U5127                | A ^ -> ZN v  | INV_X1    | 0.014 |   1.693 |    2.961 | 
     | U4653                | A2 v -> ZN v | OR2_X1    | 0.051 |   1.744 |    3.012 | 
     | U4655                | B2 v -> ZN ^ | AOI21_X1  | 0.030 |   1.774 |    3.042 | 
     | U5194                | B1 ^ -> ZN v | AOI21_X1  | 0.042 |   1.816 |    3.084 | 
     | U5510                | C1 v -> ZN ^ | AOI211_X1 | 0.045 |   1.861 |    3.129 | 
     | U5542                | B1 ^ -> ZN v | AOI221_X1 | 0.051 |   1.912 |    3.180 | 
     | U5548                | B1 v -> ZN ^ | AOI22_X1  | 0.050 |   1.962 |    3.230 | 
     | U5606                | C1 ^ -> ZN v | AOI211_X1 | 0.020 |   1.982 |    3.249 | 
     | U5672                | B1 v -> ZN ^ | AOI221_X1 | 0.099 |   2.080 |    3.348 | 
     | U4652                | A3 ^ -> ZN ^ | AND3_X1   | 0.054 |   2.134 |    3.402 | 
     | U6032                | C1 ^ -> ZN v | OAI211_X1 | 0.020 |   2.154 |    3.421 | 
     | U6033                | A2 v -> ZN ^ | NAND2_X1  | 0.028 |   2.182 |    3.449 | 
     | U6376                | A3 ^ -> ZN v | NOR3_X1   | 0.013 |   2.195 |    3.462 | 
     | U4614                | A2 v -> ZN ^ | NAND2_X1  | 0.017 |   2.212 |    3.480 | 
     | U4654                | B1 ^ -> ZN v | AOI22_X1  | 0.026 |   2.238 |    3.505 | 
     | U6482                | B1 v -> ZN ^ | AOI21_X1  | 0.030 |   2.267 |    3.535 | 
     | U6603                | C1 ^ -> ZN v | AOI211_X1 | 0.018 |   2.286 |    3.554 | 
     | U6605                | A1 v -> ZN ^ | NOR2_X1   | 0.025 |   2.311 |    3.579 | 
     | U6611                | B1 ^ -> ZN v | AOI21_X1  | 0.027 |   2.339 |    3.606 | 
     | U6612                | A v -> ZN ^  | INV_X1    | 0.051 |   2.390 |    3.658 | 
     | U6809                | A3 ^ -> ZN v | NAND3_X1  | 0.028 |   2.419 |    3.686 | 
     | U6811                | C2 v -> ZN ^ | OAI221_X1 | 0.096 |   2.515 |    3.782 | 
     | U7318                | B1 ^ -> ZN v | AOI21_X1  | 0.023 |   2.538 |    3.805 | 
     | U7319                | A4 v -> ZN ^ | NOR4_X1   | 0.122 |   2.659 |    3.927 | 
     | U7391                | C2 ^ -> ZN v | OAI221_X1 | 0.046 |   2.705 |    3.973 | 
     | U7393                | A1 v -> ZN ^ | NAND2_X1  | 0.044 |   2.750 |    4.017 | 
     | U7394                | A ^ -> ZN v  | INV_X1    | 0.026 |   2.776 |    4.043 | 
     | U4656                | B1 v -> ZN ^ | AOI221_X2 | 0.110 |   2.886 |    4.153 | 
     | U8654                | C2 ^ -> ZN v | OAI221_X1 | 0.046 |   2.932 |    4.199 | 
     | U8655                | B2 v -> ZN ^ | OAI21_X1  | 0.058 |   2.989 |    4.257 | 
     | U8657                | C2 ^ -> ZN v | OAI211_X1 | 0.033 |   3.022 |    4.290 | 
     | U8658                | A v -> ZN ^  | OAI211_X1 | 0.026 |   3.048 |    4.316 | 
     | U8659                | B2 ^ -> ZN v | AOI21_X1  | 0.022 |   3.071 |    4.338 | 
     | U4201                | A2 v -> ZN ^ | NOR2_X1   | 0.057 |   3.128 |    4.395 | 
     | U4210                | A ^ -> ZN v  | INV_X1    | 0.010 |   3.137 |    4.405 | 
     | U4212                | B2 v -> ZN ^ | OAI21_X1  | 0.030 |   3.167 |    4.434 | 
     | p_reg_Y_temp_reg_60_ | D ^          | DFF_X1    | 0.000 |   3.167 |    4.434 | 
     +------------------------------------------------------------------------------+ 
Path 5: MET Setup Check with Pin p_reg_Y_temp_reg_57_/CK 
Endpoint:   p_reg_Y_temp_reg_57_/D (v) checked with  leading edge of 'CLK'
Beginpoint: B_reg_Y_temp_reg_1_/QN (v) triggered by  leading edge of 'CLK'
Path Groups: {CLK}
Analysis View: default
Other End Arrival Time          0.050
- Setup                         0.026
+ Phase Shift                   4.463
- Uncertainty                   0.050
= Required Time                 4.437
- Arrival Time                  3.113
= Slack Time                    1.324
     Clock Rise Edge                 0.000
     + Clock Network Latency (Ideal) 0.050
     = Beginpoint Arrival Time       0.050
     +------------------------------------------------------------------------------+ 
     |       Instance       |     Arc      |   Cell    | Delay | Arrival | Required | 
     |                      |              |           |       |  Time   |   Time   | 
     |----------------------+--------------+-----------+-------+---------+----------| 
     | B_reg_Y_temp_reg_1_  | CK ^         |           |       |   0.050 |    1.374 | 
     | B_reg_Y_temp_reg_1_  | CK ^ -> QN v | DFF_X1    | 0.131 |   0.181 |    1.505 | 
     | U4673                | B1 v -> ZN ^ | AOI22_X1  | 0.075 |   0.256 |    1.580 | 
     | U4674                | A ^ -> ZN v  | AOI21_X1  | 0.017 |   0.273 |    1.597 | 
     | FE_OFC21_n8259       | A v -> Z v   | CLKBUF_X1 | 0.093 |   0.366 |    1.690 | 
     | U4621                | A v -> ZN ^  | INV_X1    | 0.079 |   0.445 |    1.769 | 
     | U4675                | B1 ^ -> ZN v | AOI22_X1  | 0.029 |   0.475 |    1.798 | 
     | FE_OFC47_n4645       | A v -> Z v   | CLKBUF_X2 | 0.135 |   0.610 |    1.933 | 
     | U4676                | A v -> ZN ^  | INV_X1    | 0.166 |   0.775 |    2.099 | 
     | U4866                | A ^ -> Z ^   | XOR2_X1   | 0.065 |   0.840 |    2.163 | 
     | U4867                | B ^ -> ZN v  | XNOR2_X1  | 0.032 |   0.872 |    2.196 | 
     | U4894                | A v -> Z v   | MUX2_X1   | 0.069 |   0.941 |    2.265 | 
     | U4986                | CI v -> CO v | FA_X1     | 0.077 |   1.018 |    2.341 | 
     | U4987                | B v -> ZN v  | XNOR2_X1  | 0.045 |   1.062 |    2.386 | 
     | U4988                | B v -> ZN v  | XNOR2_X1  | 0.043 |   1.105 |    2.429 | 
     | U4989                | B v -> ZN ^  | XNOR2_X1  | 0.056 |   1.161 |    2.485 | 
     | U5008                | A ^ -> ZN v  | INV_X1    | 0.017 |   1.178 |    2.502 | 
     | U5009                | B v -> ZN v  | XNOR2_X1  | 0.047 |   1.225 |    2.549 | 
     | U5010                | A2 v -> ZN ^ | NOR2_X1   | 0.050 |   1.275 |    2.599 | 
     | U5033                | A ^ -> Z ^   | XOR2_X1   | 0.056 |   1.331 |    2.655 | 
     | U5034                | B ^ -> ZN ^  | XNOR2_X1  | 0.046 |   1.377 |    2.700 | 
     | U5035                | B ^ -> ZN ^  | XNOR2_X1  | 0.051 |   1.428 |    2.752 | 
     | U5108                | A ^ -> Z ^   | XOR2_X1   | 0.058 |   1.486 |    2.809 | 
     | U5109                | B ^ -> ZN ^  | XNOR2_X1  | 0.046 |   1.532 |    2.856 | 
     | U5110                | B ^ -> ZN ^  | XNOR2_X1  | 0.058 |   1.590 |    2.914 | 
     | U5117                | A ^ -> ZN v  | XNOR2_X1  | 0.036 |   1.626 |    2.949 | 
     | U5126                | A1 v -> ZN ^ | NOR2_X1   | 0.053 |   1.679 |    3.002 | 
     | U5127                | A ^ -> ZN v  | INV_X1    | 0.014 |   1.693 |    3.017 | 
     | U4653                | A2 v -> ZN v | OR2_X1    | 0.051 |   1.744 |    3.068 | 
     | U4655                | B2 v -> ZN ^ | AOI21_X1  | 0.030 |   1.774 |    3.098 | 
     | U5194                | B1 ^ -> ZN v | AOI21_X1  | 0.042 |   1.816 |    3.140 | 
     | U5510                | C1 v -> ZN ^ | AOI211_X1 | 0.045 |   1.861 |    3.185 | 
     | U5542                | B1 ^ -> ZN v | AOI221_X1 | 0.051 |   1.912 |    3.236 | 
     | U5548                | B1 v -> ZN ^ | AOI22_X1  | 0.050 |   1.962 |    3.286 | 
     | U5606                | C1 ^ -> ZN v | AOI211_X1 | 0.020 |   1.982 |    3.305 | 
     | U5672                | B1 v -> ZN ^ | AOI221_X1 | 0.099 |   2.080 |    3.404 | 
     | U4652                | A3 ^ -> ZN ^ | AND3_X1   | 0.054 |   2.134 |    3.458 | 
     | U6032                | C1 ^ -> ZN v | OAI211_X1 | 0.020 |   2.154 |    3.477 | 
     | U6033                | A2 v -> ZN ^ | NAND2_X1  | 0.028 |   2.182 |    3.505 | 
     | U6376                | A3 ^ -> ZN v | NOR3_X1   | 0.013 |   2.195 |    3.518 | 
     | U4614                | A2 v -> ZN ^ | NAND2_X1  | 0.017 |   2.212 |    3.536 | 
     | U4654                | B1 ^ -> ZN v | AOI22_X1  | 0.026 |   2.238 |    3.561 | 
     | U6482                | B1 v -> ZN ^ | AOI21_X1  | 0.030 |   2.267 |    3.591 | 
     | U6603                | C1 ^ -> ZN v | AOI211_X1 | 0.018 |   2.286 |    3.610 | 
     | U6605                | A1 v -> ZN ^ | NOR2_X1   | 0.025 |   2.311 |    3.635 | 
     | U6611                | B1 ^ -> ZN v | AOI21_X1  | 0.027 |   2.339 |    3.662 | 
     | U6612                | A v -> ZN ^  | INV_X1    | 0.051 |   2.390 |    3.714 | 
     | U6809                | A3 ^ -> ZN v | NAND3_X1  | 0.028 |   2.419 |    3.742 | 
     | U6811                | C2 v -> ZN ^ | OAI221_X1 | 0.096 |   2.515 |    3.838 | 
     | U7318                | B1 ^ -> ZN v | AOI21_X1  | 0.023 |   2.538 |    3.861 | 
     | U7319                | A4 v -> ZN ^ | NOR4_X1   | 0.122 |   2.659 |    3.983 | 
     | U7391                | C2 ^ -> ZN v | OAI221_X1 | 0.046 |   2.705 |    4.029 | 
     | U7393                | A1 v -> ZN ^ | NAND2_X1  | 0.044 |   2.750 |    4.073 | 
     | U7394                | A ^ -> ZN v  | INV_X1    | 0.026 |   2.776 |    4.099 | 
     | U4656                | B1 v -> ZN ^ | AOI221_X2 | 0.110 |   2.886 |    4.209 | 
     | U8654                | C2 ^ -> ZN v | OAI221_X1 | 0.046 |   2.932 |    4.255 | 
     | U8655                | B2 v -> ZN ^ | OAI21_X1  | 0.058 |   2.989 |    4.313 | 
     | U4215                | A1 ^ -> ZN v | NOR2_X1   | 0.024 |   3.014 |    4.337 | 
     | U4220                | C1 v -> ZN ^ | AOI222_X1 | 0.092 |   3.105 |    4.429 | 
     | U4221                | A ^ -> ZN v  | INV_X1    | 0.008 |   3.113 |    4.437 | 
     | p_reg_Y_temp_reg_57_ | D v          | DFF_X1    | 0.000 |   3.113 |    4.437 | 
     +------------------------------------------------------------------------------+ 
Path 6: MET Setup Check with Pin p_reg_Y_temp_reg_59_/CK 
Endpoint:   p_reg_Y_temp_reg_59_/D (v) checked with  leading edge of 'CLK'
Beginpoint: B_reg_Y_temp_reg_1_/QN (v) triggered by  leading edge of 'CLK'
Path Groups: {CLK}
Analysis View: default
Other End Arrival Time          0.050
- Setup                         0.026
+ Phase Shift                   4.463
- Uncertainty                   0.050
= Required Time                 4.437
- Arrival Time                  3.113
= Slack Time                    1.324
     Clock Rise Edge                 0.000
     + Clock Network Latency (Ideal) 0.050
     = Beginpoint Arrival Time       0.050
     +------------------------------------------------------------------------------+ 
     |       Instance       |     Arc      |   Cell    | Delay | Arrival | Required | 
     |                      |              |           |       |  Time   |   Time   | 
     |----------------------+--------------+-----------+-------+---------+----------| 
     | B_reg_Y_temp_reg_1_  | CK ^         |           |       |   0.050 |    1.374 | 
     | B_reg_Y_temp_reg_1_  | CK ^ -> QN v | DFF_X1    | 0.131 |   0.181 |    1.505 | 
     | U4673                | B1 v -> ZN ^ | AOI22_X1  | 0.075 |   0.256 |    1.580 | 
     | U4674                | A ^ -> ZN v  | AOI21_X1  | 0.017 |   0.273 |    1.597 | 
     | FE_OFC21_n8259       | A v -> Z v   | CLKBUF_X1 | 0.093 |   0.366 |    1.690 | 
     | U4621                | A v -> ZN ^  | INV_X1    | 0.079 |   0.445 |    1.769 | 
     | U4675                | B1 ^ -> ZN v | AOI22_X1  | 0.029 |   0.475 |    1.798 | 
     | FE_OFC47_n4645       | A v -> Z v   | CLKBUF_X2 | 0.135 |   0.610 |    1.933 | 
     | U4676                | A v -> ZN ^  | INV_X1    | 0.166 |   0.775 |    2.099 | 
     | U4866                | A ^ -> Z ^   | XOR2_X1   | 0.065 |   0.840 |    2.164 | 
     | U4867                | B ^ -> ZN v  | XNOR2_X1  | 0.032 |   0.872 |    2.196 | 
     | U4894                | A v -> Z v   | MUX2_X1   | 0.069 |   0.941 |    2.265 | 
     | U4986                | CI v -> CO v | FA_X1     | 0.077 |   1.018 |    2.341 | 
     | U4987                | B v -> ZN v  | XNOR2_X1  | 0.045 |   1.062 |    2.386 | 
     | U4988                | B v -> ZN v  | XNOR2_X1  | 0.043 |   1.105 |    2.429 | 
     | U4989                | B v -> ZN ^  | XNOR2_X1  | 0.056 |   1.161 |    2.485 | 
     | U5008                | A ^ -> ZN v  | INV_X1    | 0.017 |   1.178 |    2.502 | 
     | U5009                | B v -> ZN v  | XNOR2_X1  | 0.047 |   1.225 |    2.549 | 
     | U5010                | A2 v -> ZN ^ | NOR2_X1   | 0.050 |   1.275 |    2.599 | 
     | U5033                | A ^ -> Z ^   | XOR2_X1   | 0.056 |   1.331 |    2.655 | 
     | U5034                | B ^ -> ZN ^  | XNOR2_X1  | 0.046 |   1.377 |    2.701 | 
     | U5035                | B ^ -> ZN ^  | XNOR2_X1  | 0.051 |   1.428 |    2.752 | 
     | U5108                | A ^ -> Z ^   | XOR2_X1   | 0.058 |   1.486 |    2.809 | 
     | U5109                | B ^ -> ZN ^  | XNOR2_X1  | 0.046 |   1.532 |    2.856 | 
     | U5110                | B ^ -> ZN ^  | XNOR2_X1  | 0.058 |   1.590 |    2.914 | 
     | U5117                | A ^ -> ZN v  | XNOR2_X1  | 0.036 |   1.626 |    2.949 | 
     | U5126                | A1 v -> ZN ^ | NOR2_X1   | 0.053 |   1.679 |    3.003 | 
     | U5127                | A ^ -> ZN v  | INV_X1    | 0.014 |   1.693 |    3.017 | 
     | U4653                | A2 v -> ZN v | OR2_X1    | 0.051 |   1.744 |    3.068 | 
     | U4655                | B2 v -> ZN ^ | AOI21_X1  | 0.030 |   1.774 |    3.098 | 
     | U5194                | B1 ^ -> ZN v | AOI21_X1  | 0.042 |   1.816 |    3.140 | 
     | U5510                | C1 v -> ZN ^ | AOI211_X1 | 0.045 |   1.861 |    3.185 | 
     | U5542                | B1 ^ -> ZN v | AOI221_X1 | 0.051 |   1.912 |    3.236 | 
     | U5548                | B1 v -> ZN ^ | AOI22_X1  | 0.050 |   1.962 |    3.286 | 
     | U5606                | C1 ^ -> ZN v | AOI211_X1 | 0.020 |   1.982 |    3.305 | 
     | U5672                | B1 v -> ZN ^ | AOI221_X1 | 0.099 |   2.080 |    3.404 | 
     | U4652                | A3 ^ -> ZN ^ | AND3_X1   | 0.054 |   2.134 |    3.458 | 
     | U6032                | C1 ^ -> ZN v | OAI211_X1 | 0.020 |   2.154 |    3.478 | 
     | U6033                | A2 v -> ZN ^ | NAND2_X1  | 0.028 |   2.182 |    3.505 | 
     | U6376                | A3 ^ -> ZN v | NOR3_X1   | 0.013 |   2.195 |    3.519 | 
     | U4614                | A2 v -> ZN ^ | NAND2_X1  | 0.017 |   2.212 |    3.536 | 
     | U4654                | B1 ^ -> ZN v | AOI22_X1  | 0.026 |   2.238 |    3.561 | 
     | U6482                | B1 v -> ZN ^ | AOI21_X1  | 0.030 |   2.267 |    3.591 | 
     | U6603                | C1 ^ -> ZN v | AOI211_X1 | 0.018 |   2.286 |    3.610 | 
     | U6605                | A1 v -> ZN ^ | NOR2_X1   | 0.025 |   2.311 |    3.635 | 
     | U6611                | B1 ^ -> ZN v | AOI21_X1  | 0.027 |   2.339 |    3.663 | 
     | U6612                | A v -> ZN ^  | INV_X1    | 0.051 |   2.390 |    3.714 | 
     | U6809                | A3 ^ -> ZN v | NAND3_X1  | 0.028 |   2.419 |    3.742 | 
     | U6811                | C2 v -> ZN ^ | OAI221_X1 | 0.096 |   2.515 |    3.839 | 
     | U7318                | B1 ^ -> ZN v | AOI21_X1  | 0.023 |   2.538 |    3.862 | 
     | U7319                | A4 v -> ZN ^ | NOR4_X1   | 0.122 |   2.659 |    3.983 | 
     | U7391                | C2 ^ -> ZN v | OAI221_X1 | 0.046 |   2.705 |    4.029 | 
     | U7393                | A1 v -> ZN ^ | NAND2_X1  | 0.044 |   2.750 |    4.073 | 
     | U7394                | A ^ -> ZN v  | INV_X1    | 0.026 |   2.776 |    4.100 | 
     | U4656                | B1 v -> ZN ^ | AOI221_X2 | 0.110 |   2.886 |    4.210 | 
     | U8654                | C2 ^ -> ZN v | OAI221_X1 | 0.046 |   2.932 |    4.255 | 
     | U8655                | B2 v -> ZN ^ | OAI21_X1  | 0.058 |   2.989 |    4.313 | 
     | U4215                | A1 ^ -> ZN v | NOR2_X1   | 0.024 |   3.014 |    4.337 | 
     | U4216                | C1 v -> ZN ^ | AOI222_X1 | 0.090 |   3.104 |    4.428 | 
     | U4217                | A ^ -> ZN v  | INV_X1    | 0.009 |   3.113 |    4.437 | 
     | p_reg_Y_temp_reg_59_ | D v          | DFF_X1    | 0.000 |   3.113 |    4.437 | 
     +------------------------------------------------------------------------------+ 
Path 7: MET Setup Check with Pin p_reg_Y_temp_reg_58_/CK 
Endpoint:   p_reg_Y_temp_reg_58_/D (v) checked with  leading edge of 'CLK'
Beginpoint: B_reg_Y_temp_reg_1_/QN (v) triggered by  leading edge of 'CLK'
Path Groups: {CLK}
Analysis View: default
Other End Arrival Time          0.050
- Setup                         0.026
+ Phase Shift                   4.463
- Uncertainty                   0.050
= Required Time                 4.437
- Arrival Time                  3.112
= Slack Time                    1.325
     Clock Rise Edge                 0.000
     + Clock Network Latency (Ideal) 0.050
     = Beginpoint Arrival Time       0.050
     +------------------------------------------------------------------------------+ 
     |       Instance       |     Arc      |   Cell    | Delay | Arrival | Required | 
     |                      |              |           |       |  Time   |   Time   | 
     |----------------------+--------------+-----------+-------+---------+----------| 
     | B_reg_Y_temp_reg_1_  | CK ^         |           |       |   0.050 |    1.375 | 
     | B_reg_Y_temp_reg_1_  | CK ^ -> QN v | DFF_X1    | 0.131 |   0.181 |    1.506 | 
     | U4673                | B1 v -> ZN ^ | AOI22_X1  | 0.075 |   0.256 |    1.581 | 
     | U4674                | A ^ -> ZN v  | AOI21_X1  | 0.017 |   0.273 |    1.598 | 
     | FE_OFC21_n8259       | A v -> Z v   | CLKBUF_X1 | 0.093 |   0.366 |    1.691 | 
     | U4621                | A v -> ZN ^  | INV_X1    | 0.079 |   0.445 |    1.770 | 
     | U4675                | B1 ^ -> ZN v | AOI22_X1  | 0.029 |   0.475 |    1.799 | 
     | FE_OFC47_n4645       | A v -> Z v   | CLKBUF_X2 | 0.135 |   0.610 |    1.934 | 
     | U4676                | A v -> ZN ^  | INV_X1    | 0.166 |   0.775 |    2.100 | 
     | U4866                | A ^ -> Z ^   | XOR2_X1   | 0.065 |   0.840 |    2.165 | 
     | U4867                | B ^ -> ZN v  | XNOR2_X1  | 0.032 |   0.872 |    2.197 | 
     | U4894                | A v -> Z v   | MUX2_X1   | 0.069 |   0.941 |    2.266 | 
     | U4986                | CI v -> CO v | FA_X1     | 0.077 |   1.018 |    2.343 | 
     | U4987                | B v -> ZN v  | XNOR2_X1  | 0.045 |   1.062 |    2.387 | 
     | U4988                | B v -> ZN v  | XNOR2_X1  | 0.043 |   1.105 |    2.430 | 
     | U4989                | B v -> ZN ^  | XNOR2_X1  | 0.056 |   1.161 |    2.486 | 
     | U5008                | A ^ -> ZN v  | INV_X1    | 0.017 |   1.178 |    2.503 | 
     | U5009                | B v -> ZN v  | XNOR2_X1  | 0.047 |   1.225 |    2.550 | 
     | U5010                | A2 v -> ZN ^ | NOR2_X1   | 0.050 |   1.275 |    2.600 | 
     | U5033                | A ^ -> Z ^   | XOR2_X1   | 0.056 |   1.331 |    2.656 | 
     | U5034                | B ^ -> ZN ^  | XNOR2_X1  | 0.046 |   1.377 |    2.702 | 
     | U5035                | B ^ -> ZN ^  | XNOR2_X1  | 0.051 |   1.428 |    2.753 | 
     | U5108                | A ^ -> Z ^   | XOR2_X1   | 0.058 |   1.486 |    2.811 | 
     | U5109                | B ^ -> ZN ^  | XNOR2_X1  | 0.046 |   1.532 |    2.857 | 
     | U5110                | B ^ -> ZN ^  | XNOR2_X1  | 0.058 |   1.590 |    2.915 | 
     | U5117                | A ^ -> ZN v  | XNOR2_X1  | 0.036 |   1.626 |    2.951 | 
     | U5126                | A1 v -> ZN ^ | NOR2_X1   | 0.053 |   1.679 |    3.004 | 
     | U5127                | A ^ -> ZN v  | INV_X1    | 0.014 |   1.693 |    3.018 | 
     | U4653                | A2 v -> ZN v | OR2_X1    | 0.051 |   1.744 |    3.069 | 
     | U4655                | B2 v -> ZN ^ | AOI21_X1  | 0.030 |   1.774 |    3.099 | 
     | U5194                | B1 ^ -> ZN v | AOI21_X1  | 0.042 |   1.816 |    3.141 | 
     | U5510                | C1 v -> ZN ^ | AOI211_X1 | 0.045 |   1.861 |    3.186 | 
     | U5542                | B1 ^ -> ZN v | AOI221_X1 | 0.051 |   1.912 |    3.237 | 
     | U5548                | B1 v -> ZN ^ | AOI22_X1  | 0.050 |   1.962 |    3.287 | 
     | U5606                | C1 ^ -> ZN v | AOI211_X1 | 0.020 |   1.982 |    3.307 | 
     | U5672                | B1 v -> ZN ^ | AOI221_X1 | 0.099 |   2.080 |    3.405 | 
     | U4652                | A3 ^ -> ZN ^ | AND3_X1   | 0.054 |   2.134 |    3.459 | 
     | U6032                | C1 ^ -> ZN v | OAI211_X1 | 0.020 |   2.154 |    3.479 | 
     | U6033                | A2 v -> ZN ^ | NAND2_X1  | 0.028 |   2.182 |    3.507 | 
     | U6376                | A3 ^ -> ZN v | NOR3_X1   | 0.013 |   2.195 |    3.520 | 
     | U4614                | A2 v -> ZN ^ | NAND2_X1  | 0.017 |   2.212 |    3.537 | 
     | U4654                | B1 ^ -> ZN v | AOI22_X1  | 0.026 |   2.238 |    3.563 | 
     | U6482                | B1 v -> ZN ^ | AOI21_X1  | 0.030 |   2.267 |    3.592 | 
     | U6603                | C1 ^ -> ZN v | AOI211_X1 | 0.018 |   2.286 |    3.611 | 
     | U6605                | A1 v -> ZN ^ | NOR2_X1   | 0.025 |   2.311 |    3.636 | 
     | U6611                | B1 ^ -> ZN v | AOI21_X1  | 0.027 |   2.339 |    3.664 | 
     | U6612                | A v -> ZN ^  | INV_X1    | 0.051 |   2.390 |    3.715 | 
     | U6809                | A3 ^ -> ZN v | NAND3_X1  | 0.028 |   2.419 |    3.743 | 
     | U6811                | C2 v -> ZN ^ | OAI221_X1 | 0.096 |   2.515 |    3.840 | 
     | U7318                | B1 ^ -> ZN v | AOI21_X1  | 0.023 |   2.538 |    3.863 | 
     | U7319                | A4 v -> ZN ^ | NOR4_X1   | 0.122 |   2.659 |    3.984 | 
     | U7391                | C2 ^ -> ZN v | OAI221_X1 | 0.046 |   2.705 |    4.030 | 
     | U7393                | A1 v -> ZN ^ | NAND2_X1  | 0.044 |   2.750 |    4.075 | 
     | U7394                | A ^ -> ZN v  | INV_X1    | 0.026 |   2.776 |    4.101 | 
     | U4656                | B1 v -> ZN ^ | AOI221_X2 | 0.110 |   2.886 |    4.211 | 
     | U8654                | C2 ^ -> ZN v | OAI221_X1 | 0.046 |   2.932 |    4.256 | 
     | U8655                | B2 v -> ZN ^ | OAI21_X1  | 0.058 |   2.989 |    4.314 | 
     | U4215                | A1 ^ -> ZN v | NOR2_X1   | 0.024 |   3.014 |    4.338 | 
     | U4218                | C1 v -> ZN ^ | AOI222_X1 | 0.091 |   3.104 |    4.429 | 
     | U4219                | A ^ -> ZN v  | INV_X1    | 0.008 |   3.112 |    4.437 | 
     | p_reg_Y_temp_reg_58_ | D v          | DFF_X1    | 0.000 |   3.112 |    4.437 | 
     +------------------------------------------------------------------------------+ 
Path 8: MET Setup Check with Pin p_reg_Y_temp_reg_56_/CK 
Endpoint:   p_reg_Y_temp_reg_56_/D (v) checked with  leading edge of 'CLK'
Beginpoint: B_reg_Y_temp_reg_1_/QN (v) triggered by  leading edge of 'CLK'
Path Groups: {CLK}
Analysis View: default
Other End Arrival Time          0.050
- Setup                         0.027
+ Phase Shift                   4.463
- Uncertainty                   0.050
= Required Time                 4.436
- Arrival Time                  3.082
= Slack Time                    1.354
     Clock Rise Edge                 0.000
     + Clock Network Latency (Ideal) 0.050
     = Beginpoint Arrival Time       0.050
     +------------------------------------------------------------------------------+ 
     |       Instance       |     Arc      |   Cell    | Delay | Arrival | Required | 
     |                      |              |           |       |  Time   |   Time   | 
     |----------------------+--------------+-----------+-------+---------+----------| 
     | B_reg_Y_temp_reg_1_  | CK ^         |           |       |   0.050 |    1.404 | 
     | B_reg_Y_temp_reg_1_  | CK ^ -> QN v | DFF_X1    | 0.131 |   0.181 |    1.535 | 
     | U4673                | B1 v -> ZN ^ | AOI22_X1  | 0.075 |   0.256 |    1.610 | 
     | U4674                | A ^ -> ZN v  | AOI21_X1  | 0.017 |   0.273 |    1.627 | 
     | FE_OFC21_n8259       | A v -> Z v   | CLKBUF_X1 | 0.093 |   0.366 |    1.720 | 
     | U4621                | A v -> ZN ^  | INV_X1    | 0.079 |   0.445 |    1.799 | 
     | U4675                | B1 ^ -> ZN v | AOI22_X1  | 0.029 |   0.475 |    1.829 | 
     | FE_OFC47_n4645       | A v -> Z v   | CLKBUF_X2 | 0.135 |   0.610 |    1.964 | 
     | U4676                | A v -> ZN ^  | INV_X1    | 0.166 |   0.775 |    2.129 | 
     | U4866                | A ^ -> Z ^   | XOR2_X1   | 0.065 |   0.840 |    2.194 | 
     | U4867                | B ^ -> ZN v  | XNOR2_X1  | 0.032 |   0.872 |    2.226 | 
     | U4894                | A v -> Z v   | MUX2_X1   | 0.069 |   0.941 |    2.295 | 
     | U4986                | CI v -> CO v | FA_X1     | 0.077 |   1.018 |    2.372 | 
     | U4987                | B v -> ZN v  | XNOR2_X1  | 0.045 |   1.062 |    2.416 | 
     | U4988                | B v -> ZN v  | XNOR2_X1  | 0.043 |   1.105 |    2.459 | 
     | U4989                | B v -> ZN ^  | XNOR2_X1  | 0.056 |   1.161 |    2.515 | 
     | U5008                | A ^ -> ZN v  | INV_X1    | 0.017 |   1.178 |    2.532 | 
     | U5009                | B v -> ZN v  | XNOR2_X1  | 0.047 |   1.225 |    2.579 | 
     | U5010                | A2 v -> ZN ^ | NOR2_X1   | 0.050 |   1.275 |    2.629 | 
     | U5033                | A ^ -> Z ^   | XOR2_X1   | 0.056 |   1.331 |    2.685 | 
     | U5034                | B ^ -> ZN ^  | XNOR2_X1  | 0.046 |   1.377 |    2.731 | 
     | U5035                | B ^ -> ZN ^  | XNOR2_X1  | 0.051 |   1.428 |    2.782 | 
     | U5108                | A ^ -> Z ^   | XOR2_X1   | 0.058 |   1.486 |    2.840 | 
     | U5109                | B ^ -> ZN ^  | XNOR2_X1  | 0.046 |   1.532 |    2.886 | 
     | U5110                | B ^ -> ZN ^  | XNOR2_X1  | 0.058 |   1.590 |    2.944 | 
     | U5117                | A ^ -> ZN v  | XNOR2_X1  | 0.036 |   1.626 |    2.980 | 
     | U5126                | A1 v -> ZN ^ | NOR2_X1   | 0.053 |   1.679 |    3.033 | 
     | U5127                | A ^ -> ZN v  | INV_X1    | 0.014 |   1.693 |    3.047 | 
     | U4653                | A2 v -> ZN v | OR2_X1    | 0.051 |   1.744 |    3.098 | 
     | U4655                | B2 v -> ZN ^ | AOI21_X1  | 0.030 |   1.774 |    3.128 | 
     | U5194                | B1 ^ -> ZN v | AOI21_X1  | 0.042 |   1.816 |    3.170 | 
     | U5510                | C1 v -> ZN ^ | AOI211_X1 | 0.045 |   1.861 |    3.215 | 
     | U5542                | B1 ^ -> ZN v | AOI221_X1 | 0.051 |   1.912 |    3.266 | 
     | U5548                | B1 v -> ZN ^ | AOI22_X1  | 0.050 |   1.962 |    3.316 | 
     | U5606                | C1 ^ -> ZN v | AOI211_X1 | 0.020 |   1.982 |    3.336 | 
     | U5672                | B1 v -> ZN ^ | AOI221_X1 | 0.099 |   2.080 |    3.434 | 
     | U4652                | A3 ^ -> ZN ^ | AND3_X1   | 0.054 |   2.134 |    3.488 | 
     | U6032                | C1 ^ -> ZN v | OAI211_X1 | 0.020 |   2.154 |    3.508 | 
     | U6033                | A2 v -> ZN ^ | NAND2_X1  | 0.028 |   2.182 |    3.536 | 
     | U6376                | A3 ^ -> ZN v | NOR3_X1   | 0.013 |   2.195 |    3.549 | 
     | U4614                | A2 v -> ZN ^ | NAND2_X1  | 0.017 |   2.212 |    3.566 | 
     | U4654                | B1 ^ -> ZN v | AOI22_X1  | 0.026 |   2.238 |    3.592 | 
     | U6482                | B1 v -> ZN ^ | AOI21_X1  | 0.030 |   2.267 |    3.621 | 
     | U6603                | C1 ^ -> ZN v | AOI211_X1 | 0.018 |   2.286 |    3.640 | 
     | U6605                | A1 v -> ZN ^ | NOR2_X1   | 0.025 |   2.311 |    3.665 | 
     | U6611                | B1 ^ -> ZN v | AOI21_X1  | 0.027 |   2.339 |    3.693 | 
     | U6612                | A v -> ZN ^  | INV_X1    | 0.051 |   2.390 |    3.744 | 
     | U6809                | A3 ^ -> ZN v | NAND3_X1  | 0.028 |   2.419 |    3.773 | 
     | U6811                | C2 v -> ZN ^ | OAI221_X1 | 0.096 |   2.515 |    3.869 | 
     | U7318                | B1 ^ -> ZN v | AOI21_X1  | 0.023 |   2.538 |    3.892 | 
     | U7319                | A4 v -> ZN ^ | NOR4_X1   | 0.122 |   2.659 |    4.013 | 
     | U7391                | C2 ^ -> ZN v | OAI221_X1 | 0.046 |   2.705 |    4.059 | 
     | U7393                | A1 v -> ZN ^ | NAND2_X1  | 0.044 |   2.750 |    4.104 | 
     | U7394                | A ^ -> ZN v  | INV_X1    | 0.026 |   2.776 |    4.130 | 
     | U4656                | B1 v -> ZN ^ | AOI221_X2 | 0.110 |   2.886 |    4.240 | 
     | U8654                | C2 ^ -> ZN v | OAI221_X1 | 0.046 |   2.932 |    4.286 | 
     | U8655                | B2 v -> ZN ^ | OAI21_X1  | 0.058 |   2.989 |    4.343 | 
     | U4215                | A1 ^ -> ZN v | NOR2_X1   | 0.024 |   3.014 |    4.368 | 
     | U4222                | B1 v -> ZN ^ | AOI22_X1  | 0.047 |   3.060 |    4.414 | 
     | U4223                | A ^ -> ZN v  | OAI21_X1  | 0.022 |   3.082 |    4.436 | 
     | p_reg_Y_temp_reg_56_ | D v          | DFF_X1    | 0.000 |   3.082 |    4.436 | 
     +------------------------------------------------------------------------------+ 
Path 9: MET Setup Check with Pin p_reg_Y_temp_reg_54_/CK 
Endpoint:   p_reg_Y_temp_reg_54_/D (v) checked with  leading edge of 'CLK'
Beginpoint: B_reg_Y_temp_reg_1_/QN (v) triggered by  leading edge of 'CLK'
Path Groups: {CLK}
Analysis View: default
Other End Arrival Time          0.050
- Setup                         0.030
+ Phase Shift                   4.463
- Uncertainty                   0.050
= Required Time                 4.433
- Arrival Time                  2.974
= Slack Time                    1.459
     Clock Rise Edge                 0.000
     + Clock Network Latency (Ideal) 0.050
     = Beginpoint Arrival Time       0.050
     +------------------------------------------------------------------------------+ 
     |       Instance       |     Arc      |   Cell    | Delay | Arrival | Required | 
     |                      |              |           |       |  Time   |   Time   | 
     |----------------------+--------------+-----------+-------+---------+----------| 
     | B_reg_Y_temp_reg_1_  | CK ^         |           |       |   0.050 |    1.509 | 
     | B_reg_Y_temp_reg_1_  | CK ^ -> QN v | DFF_X1    | 0.131 |   0.181 |    1.640 | 
     | U4673                | B1 v -> ZN ^ | AOI22_X1  | 0.075 |   0.256 |    1.715 | 
     | U4674                | A ^ -> ZN v  | AOI21_X1  | 0.017 |   0.273 |    1.732 | 
     | FE_OFC21_n8259       | A v -> Z v   | CLKBUF_X1 | 0.093 |   0.366 |    1.825 | 
     | U4621                | A v -> ZN ^  | INV_X1    | 0.079 |   0.445 |    1.904 | 
     | U4675                | B1 ^ -> ZN v | AOI22_X1  | 0.029 |   0.475 |    1.933 | 
     | FE_OFC47_n4645       | A v -> Z v   | CLKBUF_X2 | 0.135 |   0.610 |    2.068 | 
     | U4676                | A v -> ZN ^  | INV_X1    | 0.166 |   0.775 |    2.234 | 
     | U4866                | A ^ -> Z ^   | XOR2_X1   | 0.065 |   0.840 |    2.299 | 
     | U4867                | B ^ -> ZN v  | XNOR2_X1  | 0.032 |   0.872 |    2.331 | 
     | U4894                | A v -> Z v   | MUX2_X1   | 0.069 |   0.941 |    2.400 | 
     | U4986                | CI v -> CO v | FA_X1     | 0.077 |   1.018 |    2.477 | 
     | U4987                | B v -> ZN v  | XNOR2_X1  | 0.045 |   1.062 |    2.521 | 
     | U4988                | B v -> ZN v  | XNOR2_X1  | 0.043 |   1.105 |    2.564 | 
     | U4989                | B v -> ZN ^  | XNOR2_X1  | 0.056 |   1.161 |    2.620 | 
     | U5008                | A ^ -> ZN v  | INV_X1    | 0.017 |   1.178 |    2.637 | 
     | U5009                | B v -> ZN v  | XNOR2_X1  | 0.047 |   1.225 |    2.684 | 
     | U5010                | A2 v -> ZN ^ | NOR2_X1   | 0.050 |   1.275 |    2.734 | 
     | U5033                | A ^ -> Z ^   | XOR2_X1   | 0.056 |   1.331 |    2.790 | 
     | U5034                | B ^ -> ZN ^  | XNOR2_X1  | 0.046 |   1.377 |    2.836 | 
     | U5035                | B ^ -> ZN ^  | XNOR2_X1  | 0.051 |   1.428 |    2.887 | 
     | U5108                | A ^ -> Z ^   | XOR2_X1   | 0.058 |   1.486 |    2.945 | 
     | U5109                | B ^ -> ZN ^  | XNOR2_X1  | 0.046 |   1.532 |    2.991 | 
     | U5110                | B ^ -> ZN ^  | XNOR2_X1  | 0.058 |   1.590 |    3.049 | 
     | U5117                | A ^ -> ZN v  | XNOR2_X1  | 0.036 |   1.626 |    3.085 | 
     | U5126                | A1 v -> ZN ^ | NOR2_X1   | 0.053 |   1.679 |    3.138 | 
     | U5127                | A ^ -> ZN v  | INV_X1    | 0.014 |   1.693 |    3.152 | 
     | U4653                | A2 v -> ZN v | OR2_X1    | 0.051 |   1.744 |    3.203 | 
     | U4655                | B2 v -> ZN ^ | AOI21_X1  | 0.030 |   1.774 |    3.233 | 
     | U5194                | B1 ^ -> ZN v | AOI21_X1  | 0.042 |   1.816 |    3.275 | 
     | U5510                | C1 v -> ZN ^ | AOI211_X1 | 0.045 |   1.861 |    3.320 | 
     | U5542                | B1 ^ -> ZN v | AOI221_X1 | 0.051 |   1.912 |    3.371 | 
     | U5548                | B1 v -> ZN ^ | AOI22_X1  | 0.050 |   1.962 |    3.421 | 
     | U5606                | C1 ^ -> ZN v | AOI211_X1 | 0.020 |   1.982 |    3.441 | 
     | U5672                | B1 v -> ZN ^ | AOI221_X1 | 0.099 |   2.080 |    3.539 | 
     | U4652                | A3 ^ -> ZN ^ | AND3_X1   | 0.054 |   2.134 |    3.593 | 
     | U6032                | C1 ^ -> ZN v | OAI211_X1 | 0.020 |   2.154 |    3.613 | 
     | U6033                | A2 v -> ZN ^ | NAND2_X1  | 0.028 |   2.182 |    3.641 | 
     | U6376                | A3 ^ -> ZN v | NOR3_X1   | 0.013 |   2.195 |    3.654 | 
     | U4614                | A2 v -> ZN ^ | NAND2_X1  | 0.017 |   2.212 |    3.671 | 
     | U4654                | B1 ^ -> ZN v | AOI22_X1  | 0.026 |   2.238 |    3.697 | 
     | U6482                | B1 v -> ZN ^ | AOI21_X1  | 0.030 |   2.268 |    3.726 | 
     | U6603                | C1 ^ -> ZN v | AOI211_X1 | 0.018 |   2.286 |    3.745 | 
     | U6605                | A1 v -> ZN ^ | NOR2_X1   | 0.025 |   2.312 |    3.770 | 
     | U6611                | B1 ^ -> ZN v | AOI21_X1  | 0.027 |   2.339 |    3.798 | 
     | U6612                | A v -> ZN ^  | INV_X1    | 0.051 |   2.390 |    3.849 | 
     | U6809                | A3 ^ -> ZN v | NAND3_X1  | 0.028 |   2.419 |    3.877 | 
     | U6811                | C2 v -> ZN ^ | OAI221_X1 | 0.096 |   2.515 |    3.974 | 
     | U7318                | B1 ^ -> ZN v | AOI21_X1  | 0.023 |   2.538 |    3.997 | 
     | U7319                | A4 v -> ZN ^ | NOR4_X1   | 0.122 |   2.659 |    4.118 | 
     | U7391                | C2 ^ -> ZN v | OAI221_X1 | 0.046 |   2.705 |    4.164 | 
     | U7393                | A1 v -> ZN ^ | NAND2_X1  | 0.044 |   2.750 |    4.209 | 
     | U7394                | A ^ -> ZN v  | INV_X1    | 0.026 |   2.776 |    4.235 | 
     | U4656                | B1 v -> ZN ^ | AOI221_X2 | 0.110 |   2.886 |    4.345 | 
     | U8660                | A ^ -> ZN v  | INV_X1    | 0.021 |   2.907 |    4.366 | 
     | U4229                | C1 v -> ZN ^ | OAI221_X1 | 0.042 |   2.949 |    4.408 | 
     | U4230                | A ^ -> ZN v  | OAI21_X1  | 0.025 |   2.974 |    4.433 | 
     | p_reg_Y_temp_reg_54_ | D v          | DFF_X1    | 0.000 |   2.974 |    4.433 | 
     +------------------------------------------------------------------------------+ 
Path 10: MET Setup Check with Pin p_reg_Y_temp_reg_55_/CK 
Endpoint:   p_reg_Y_temp_reg_55_/D (v) checked with  leading edge of 'CLK'
Beginpoint: B_reg_Y_temp_reg_1_/QN (v) triggered by  leading edge of 'CLK'
Path Groups: {CLK}
Analysis View: default
Other End Arrival Time          0.050
- Setup                         0.030
+ Phase Shift                   4.463
- Uncertainty                   0.050
= Required Time                 4.433
- Arrival Time                  2.972
= Slack Time                    1.461
     Clock Rise Edge                 0.000
     + Clock Network Latency (Ideal) 0.050
     = Beginpoint Arrival Time       0.050
     +------------------------------------------------------------------------------+ 
     |       Instance       |     Arc      |   Cell    | Delay | Arrival | Required | 
     |                      |              |           |       |  Time   |   Time   | 
     |----------------------+--------------+-----------+-------+---------+----------| 
     | B_reg_Y_temp_reg_1_  | CK ^         |           |       |   0.050 |    1.511 | 
     | B_reg_Y_temp_reg_1_  | CK ^ -> QN v | DFF_X1    | 0.131 |   0.181 |    1.642 | 
     | U4673                | B1 v -> ZN ^ | AOI22_X1  | 0.075 |   0.256 |    1.717 | 
     | U4674                | A ^ -> ZN v  | AOI21_X1  | 0.017 |   0.273 |    1.734 | 
     | FE_OFC21_n8259       | A v -> Z v   | CLKBUF_X1 | 0.093 |   0.366 |    1.827 | 
     | U4621                | A v -> ZN ^  | INV_X1    | 0.079 |   0.445 |    1.906 | 
     | U4675                | B1 ^ -> ZN v | AOI22_X1  | 0.029 |   0.475 |    1.935 | 
     | FE_OFC47_n4645       | A v -> Z v   | CLKBUF_X2 | 0.135 |   0.610 |    2.070 | 
     | U4676                | A v -> ZN ^  | INV_X1    | 0.166 |   0.775 |    2.236 | 
     | U4866                | A ^ -> Z ^   | XOR2_X1   | 0.065 |   0.840 |    2.301 | 
     | U4867                | B ^ -> ZN v  | XNOR2_X1  | 0.032 |   0.872 |    2.333 | 
     | U4894                | A v -> Z v   | MUX2_X1   | 0.069 |   0.941 |    2.402 | 
     | U4986                | CI v -> CO v | FA_X1     | 0.077 |   1.018 |    2.479 | 
     | U4987                | B v -> ZN v  | XNOR2_X1  | 0.045 |   1.062 |    2.523 | 
     | U4988                | B v -> ZN v  | XNOR2_X1  | 0.043 |   1.105 |    2.566 | 
     | U4989                | B v -> ZN ^  | XNOR2_X1  | 0.056 |   1.161 |    2.622 | 
     | U5008                | A ^ -> ZN v  | INV_X1    | 0.017 |   1.178 |    2.639 | 
     | U5009                | B v -> ZN v  | XNOR2_X1  | 0.047 |   1.225 |    2.686 | 
     | U5010                | A2 v -> ZN ^ | NOR2_X1   | 0.050 |   1.275 |    2.736 | 
     | U5033                | A ^ -> Z ^   | XOR2_X1   | 0.056 |   1.331 |    2.792 | 
     | U5034                | B ^ -> ZN ^  | XNOR2_X1  | 0.046 |   1.377 |    2.838 | 
     | U5035                | B ^ -> ZN ^  | XNOR2_X1  | 0.051 |   1.428 |    2.889 | 
     | U5108                | A ^ -> Z ^   | XOR2_X1   | 0.058 |   1.486 |    2.947 | 
     | U5109                | B ^ -> ZN ^  | XNOR2_X1  | 0.046 |   1.532 |    2.993 | 
     | U5110                | B ^ -> ZN ^  | XNOR2_X1  | 0.058 |   1.590 |    3.051 | 
     | U5117                | A ^ -> ZN v  | XNOR2_X1  | 0.036 |   1.626 |    3.087 | 
     | U5126                | A1 v -> ZN ^ | NOR2_X1   | 0.053 |   1.679 |    3.140 | 
     | U5127                | A ^ -> ZN v  | INV_X1    | 0.014 |   1.693 |    3.154 | 
     | U4653                | A2 v -> ZN v | OR2_X1    | 0.051 |   1.744 |    3.205 | 
     | U4655                | B2 v -> ZN ^ | AOI21_X1  | 0.030 |   1.774 |    3.235 | 
     | U5194                | B1 ^ -> ZN v | AOI21_X1  | 0.042 |   1.816 |    3.277 | 
     | U5510                | C1 v -> ZN ^ | AOI211_X1 | 0.045 |   1.861 |    3.322 | 
     | U5542                | B1 ^ -> ZN v | AOI221_X1 | 0.051 |   1.912 |    3.373 | 
     | U5548                | B1 v -> ZN ^ | AOI22_X1  | 0.050 |   1.962 |    3.423 | 
     | U5606                | C1 ^ -> ZN v | AOI211_X1 | 0.020 |   1.982 |    3.443 | 
     | U5672                | B1 v -> ZN ^ | AOI221_X1 | 0.099 |   2.080 |    3.541 | 
     | U4652                | A3 ^ -> ZN ^ | AND3_X1   | 0.054 |   2.134 |    3.595 | 
     | U6032                | C1 ^ -> ZN v | OAI211_X1 | 0.020 |   2.154 |    3.615 | 
     | U6033                | A2 v -> ZN ^ | NAND2_X1  | 0.028 |   2.182 |    3.643 | 
     | U6376                | A3 ^ -> ZN v | NOR3_X1   | 0.013 |   2.195 |    3.656 | 
     | U4614                | A2 v -> ZN ^ | NAND2_X1  | 0.017 |   2.212 |    3.673 | 
     | U4654                | B1 ^ -> ZN v | AOI22_X1  | 0.026 |   2.238 |    3.699 | 
     | U6482                | B1 v -> ZN ^ | AOI21_X1  | 0.030 |   2.267 |    3.728 | 
     | U6603                | C1 ^ -> ZN v | AOI211_X1 | 0.018 |   2.286 |    3.747 | 
     | U6605                | A1 v -> ZN ^ | NOR2_X1   | 0.025 |   2.311 |    3.772 | 
     | U6611                | B1 ^ -> ZN v | AOI21_X1  | 0.027 |   2.339 |    3.800 | 
     | U6612                | A v -> ZN ^  | INV_X1    | 0.051 |   2.390 |    3.851 | 
     | U6809                | A3 ^ -> ZN v | NAND3_X1  | 0.028 |   2.419 |    3.879 | 
     | U6811                | C2 v -> ZN ^ | OAI221_X1 | 0.096 |   2.515 |    3.976 | 
     | U7318                | B1 ^ -> ZN v | AOI21_X1  | 0.023 |   2.538 |    3.999 | 
     | U7319                | A4 v -> ZN ^ | NOR4_X1   | 0.122 |   2.659 |    4.120 | 
     | U7391                | C2 ^ -> ZN v | OAI221_X1 | 0.046 |   2.705 |    4.166 | 
     | U7393                | A1 v -> ZN ^ | NAND2_X1  | 0.044 |   2.750 |    4.211 | 
     | U7394                | A ^ -> ZN v  | INV_X1    | 0.026 |   2.776 |    4.237 | 
     | U4656                | B1 v -> ZN ^ | AOI221_X2 | 0.110 |   2.886 |    4.347 | 
     | U8660                | A ^ -> ZN v  | INV_X1    | 0.021 |   2.907 |    4.368 | 
     | U4226                | C1 v -> ZN ^ | OAI221_X1 | 0.040 |   2.947 |    4.408 | 
     | U4227                | A ^ -> ZN v  | OAI21_X1  | 0.025 |   2.972 |    4.433 | 
     | p_reg_Y_temp_reg_55_ | D v          | DFF_X1    | 0.000 |   2.972 |    4.433 | 
     +------------------------------------------------------------------------------+ 

