###############################################################
#  Generated by:      Cadence Innovus 23.35-s106_1
#  OS:                Linux x86_64(Host ID microsys.openstack.polito)
#  Generated on:      Sat Oct 10 21:12:08 2026
#  Design:            boothmul_registered
#  Command:           report_ccopt_skew_groups -file reports/05_skew_groups.rpt
###############################################################

Skew Group Structure:
=====================

-----------------------------------------------------------------------------
Skew Group                Sources    Constrained Sinks    Unconstrained Sinks
-----------------------------------------------------------------------------
CLK/coherent-synthesis       1              128                    0
-----------------------------------------------------------------------------

Skew Group Summary:
===================

---------------------------------------------------------------------------------------------------------------------------------------------------------------------------
Timing Corner         Skew Group                ID Target    Min ID    Max ID    Avg ID    Std.Dev. ID    Skew Target Type    Skew Target    Skew     Skew window occupancy
---------------------------------------------------------------------------------------------------------------------------------------------------------------------------
std-typ:both.early    CLK/coherent-synthesis        -        0.058     0.073     0.067        0.005       ignored                  -         0.015              -
std-typ:both.late     CLK/coherent-synthesis     0.050       0.059     0.073     0.067        0.005       explicit             0.050         0.015    100% {0.059, 0.073}
---------------------------------------------------------------------------------------------------------------------------------------------------------------------------

* - indicates that target was not met.

Skew Group Min/Max path pins:
=============================

------------------------------------------------------------------------------------
Timing Corner         Skew Group                Min ID    PathID    Max ID    PathID
------------------------------------------------------------------------------------
std-typ:both.early    CLK/coherent-synthesis    0.058       1       0.073       2
-    min A_reg_Y_temp_reg_10_/CK
-    max p_reg_Y_temp_reg_24_/CK
std-typ:both.late     CLK/coherent-synthesis    0.059       3       0.073       4
-    min A_reg_Y_temp_reg_10_/CK
-    max p_reg_Y_temp_reg_24_/CK
------------------------------------------------------------------------------------

Timing for timing corner std-typ:both.early, min clock_path:
============================================================

PathID    : 1
Path type : skew group CLK/coherent-synthesis (path 1 of 1)
Start     : CLK
End       : A_reg_Y_temp_reg_10_/CK
Delay     : 0.058

------------------------------------------------------------------------------------------------
Name  Lib cell   Event  Incr   Arrival  Slew   Cap     Location         Distance  Fanout  Status
                        (ns)   (ns)     (ns)   (fF)                     (um)              
-- Clockpath trace -----------------------------------------------------------------------------
CLK
-     -          rise   -       0.000   0.002  16.479  (62.345,0.000)   -            4    
CTS_idc_buf_00007/A
-     CLKBUF_X2  rise   0.001   0.001   0.002  -       (50.480,53.515)   65.380   -       
CTS_idc_buf_00007/Z
-     CLKBUF_X2  rise   0.056   0.057   0.036  29.793  (50.115,53.890)    0.740     23    
A_reg_Y_temp_reg_10_/CK
-     DFF_X1     rise   0.001   0.058   0.036  -       (43.740,54.570)    7.055   -       
------------------------------------------------------------------------------------------------

Timing for timing corner std-typ:both.early, max clock_path:
============================================================

PathID    : 2
Path type : skew group CLK/coherent-synthesis (path 1 of 1)
Start     : CLK
End       : p_reg_Y_temp_reg_24_/CK
Delay     : 0.073

-------------------------------------------------------------------------------------------------
Name  Lib cell   Event  Incr   Arrival  Slew   Cap     Location          Distance  Fanout  Status
                        (ns)   (ns)     (ns)   (fF)                      (um)              
-- Clockpath trace ------------------------------------------------------------------------------
CLK
-     -          rise   -       0.000   0.002  16.479  (62.345,0.000)    -            4    
CTS_ccl_a_buf_00003/A
-     CLKBUF_X3  rise   0.001   0.001   0.002  -       (72.640,64.715)    75.010   -       
CTS_ccl_a_buf_00003/Z
-     CLKBUF_X3  rise   0.065   0.066   0.046  56.049  (73.005,65.060)     0.710     42    
p_reg_Y_temp_reg_24_/CK
-     DFF_X1     rise   0.007   0.073   0.046  -       (101.500,74.170)   37.605   -       
-------------------------------------------------------------------------------------------------

Timing for timing corner std-typ:both.late, min clock_path:
===========================================================

PathID    : 3
Path type : skew group CLK/coherent-synthesis (path 1 of 1)
Start     : CLK
End       : A_reg_Y_temp_reg_10_/CK
Delay     : 0.059

------------------------------------------------------------------------------------------------
Name  Lib cell   Event  Incr   Arrival  Slew   Cap     Location         Distance  Fanout  Status
                        (ns)   (ns)     (ns)   (fF)                     (um)              
-- Clockpath trace -----------------------------------------------------------------------------
CLK
-     -          rise   -       0.000   0.002  16.479  (62.345,0.000)   -            4    
CTS_idc_buf_00007/A
-     CLKBUF_X2  rise   0.001   0.001   0.002  -       (50.480,53.515)   65.380   -       
CTS_idc_buf_00007/Z
-     CLKBUF_X2  rise   0.056   0.057   0.036  29.793  (50.115,53.890)    0.740     23    
A_reg_Y_temp_reg_10_/CK
-     DFF_X1     rise   0.001   0.059   0.036  -       (43.740,54.570)    7.055   -       
------------------------------------------------------------------------------------------------

Timing for timing corner std-typ:both.late, max clock_path:
===========================================================

PathID    : 4
Path type : skew group CLK/coherent-synthesis (path 1 of 1)
Start     : CLK
End       : p_reg_Y_temp_reg_24_/CK
Delay     : 0.073

-------------------------------------------------------------------------------------------------
Name  Lib cell   Event  Incr   Arrival  Slew   Cap     Location          Distance  Fanout  Status
                        (ns)   (ns)     (ns)   (fF)                      (um)              
-- Clockpath trace ------------------------------------------------------------------------------
CLK
-     -          rise   -       0.000   0.002  16.479  (62.345,0.000)    -            4    
CTS_ccl_a_buf_00003/A
-     CLKBUF_X3  rise   0.001   0.001   0.002  -       (72.640,64.715)    75.010   -       
CTS_ccl_a_buf_00003/Z
-     CLKBUF_X3  rise   0.065   0.066   0.046  56.049  (73.005,65.060)     0.710     42    
p_reg_Y_temp_reg_24_/CK
-     DFF_X1     rise   0.007   0.073   0.046  -       (101.500,74.170)   37.605   -       
-------------------------------------------------------------------------------------------------

