###############################################################
#  Generated by:      Cadence Innovus 23.35-s106_1
#  OS:                Linux x86_64(Host ID microsys.openstack.polito)
#  Generated on:      Sat Oct 10 22:09:35 2026
#  Design:            boothmul_registered
#  Command:           report_timing -max_paths 10 > reports/10_setup_paths.rpt
###############################################################
Path 1: MET Setup Check with Pin p_reg_Y_temp_reg_62_/CK 
Endpoint:   p_reg_Y_temp_reg_62_/D (v) checked with  leading edge of 'CLK'
Beginpoint: B_reg_Y_temp_reg_7_/Q  (^) triggered by  leading edge of 'CLK'
Path Groups: {CLK}
Analysis View: default
Other End Arrival Time          0.061
- Setup                         0.029
+ Phase Shift                   2.200
+ CPPR Adjustment               0.000
- Uncertainty                   0.050
= Required Time                 2.182
- Arrival Time                  2.007
= Slack Time                    0.175
     Clock Rise Edge                 0.000
     + Clock Network Latency (Prop)  0.049
     = Beginpoint Arrival Time       0.049
     +------------------------------------------------------------------------------+ 
     |       Instance       |     Arc      |   Cell    | Delay | Arrival | Required | 
     |                      |              |           |       |  Time   |   Time   | 
     |----------------------+--------------+-----------+-------+---------+----------| 
     | B_reg_Y_temp_reg_7_  | CK ^         |           |       |   0.049 |    0.223 | 
     | B_reg_Y_temp_reg_7_  | CK ^ -> Q ^  | DFF_X1    | 0.128 |   0.177 |    0.351 | 
     | U5599                | A2 ^ -> ZN ^ | AND2_X2   | 0.102 |   0.279 |    0.453 | 
     | U5600                | B ^ -> ZN ^  | XNOR2_X1  | 0.075 |   0.354 |    0.528 | 
     | U4567                | A ^ -> ZN v  | XNOR2_X1  | 0.060 |   0.414 |    0.588 | 
     | FE_OFC31_n7316       | A v -> Z v   | CLKBUF_X1 | 0.142 |   0.555 |    0.730 | 
     | U5056                | A v -> Z v   | XOR2_X1   | 0.086 |   0.641 |    0.816 | 
     | FE_OFC33_n9377       | A v -> Z v   | CLKBUF_X1 | 0.087 |   0.728 |    0.903 | 
     | FE_DBTC11_n9377      | A v -> ZN ^  | INV_X2    | 0.095 |   0.824 |    0.999 | 
     | U4167                | B ^ -> ZN v  | XNOR2_X1  | 0.083 |   0.907 |    1.081 | 
     | U6703                | B v -> ZN v  | XNOR2_X1  | 0.055 |   0.962 |    1.137 | 
     | FE_OFC34_n6046       | A v -> Z v   | CLKBUF_X2 | 0.098 |   1.060 |    1.235 | 
     | U8615                | B v -> ZN v  | XNOR2_X1  | 0.063 |   1.123 |    1.298 | 
     | U8616                | A v -> ZN v  | XNOR2_X1  | 0.058 |   1.182 |    1.356 | 
     | U8649                | B1 v -> ZN ^ | OAI21_X1  | 0.031 |   1.213 |    1.387 | 
     | U4327                | A1 ^ -> ZN ^ | AND2_X1   | 0.045 |   1.258 |    1.432 | 
     | U8671                | B ^ -> ZN ^  | XNOR2_X1  | 0.051 |   1.309 |    1.484 | 
     | U5228                | A ^ -> ZN ^  | XNOR2_X1  | 0.053 |   1.361 |    1.536 | 
     | U4672                | A1 ^ -> ZN v | NAND2_X1  | 0.019 |   1.381 |    1.555 | 
     | U4671                | A v -> ZN v  | XNOR2_X1  | 0.040 |   1.420 |    1.595 | 
     | U8677                | A v -> ZN v  | XNOR2_X1  | 0.041 |   1.461 |    1.636 | 
     | U8697                | A2 v -> ZN v | OR2_X1    | 0.055 |   1.516 |    1.691 | 
     | U5079                | A2 v -> ZN v | OR2_X1    | 0.050 |   1.566 |    1.741 | 
     | U5366                | A3 v -> ZN ^ | NAND3_X1  | 0.021 |   1.587 |    1.761 | 
     | U8698                | A1 ^ -> ZN ^ | AND2_X1   | 0.034 |   1.621 |    1.796 | 
     | U8699                | A1 ^ -> ZN v | NAND2_X1  | 0.013 |   1.633 |    1.808 | 
     | U8703                | A v -> ZN ^  | OAI211_X1 | 0.037 |   1.671 |    1.846 | 
     | U8706                | A1 ^ -> ZN ^ | AND3_X1   | 0.056 |   1.727 |    1.902 | 
     | U8776                | B1 ^ -> ZN v | OAI21_X1  | 0.017 |   1.744 |    1.918 | 
     | U8844                | A1 v -> ZN ^ | NAND2_X1  | 0.019 |   1.763 |    1.937 | 
     | U8858                | A1 ^ -> ZN v | NAND3_X1  | 0.018 |   1.781 |    1.955 | 
     | U5280                | A1 v -> ZN ^ | NAND2_X1  | 0.022 |   1.803 |    1.978 | 
     | U4055                | A1 ^ -> ZN v | NAND2_X1  | 0.037 |   1.840 |    2.014 | 
     | U5255                | A2 v -> ZN ^ | NAND3_X1  | 0.026 |   1.866 |    2.041 | 
     | U5254                | A1 ^ -> ZN v | NAND3_X1  | 0.030 |   1.896 |    2.071 | 
     | U5244                | A1 v -> ZN v | AND2_X1   | 0.033 |   1.929 |    2.104 | 
     | U4043                | A3 v -> ZN v | OR3_X1    | 0.078 |   2.007 |    2.182 | 
     | p_reg_Y_temp_reg_62_ | D v          | DFFS_X1   | 0.000 |   2.007 |    2.182 | 
     +------------------------------------------------------------------------------+ 
Path 2: MET Setup Check with Pin p_reg_Y_temp_reg_46_/CK 
Endpoint:   p_reg_Y_temp_reg_46_/D (v) checked with  leading edge of 'CLK'
Beginpoint: B_reg_Y_temp_reg_7_/Q  (^) triggered by  leading edge of 'CLK'
Path Groups: {CLK}
Analysis View: default
Other End Arrival Time          0.060
- Setup                         0.028
+ Phase Shift                   2.200
+ CPPR Adjustment               0.000
- Uncertainty                   0.050
= Required Time                 2.182
- Arrival Time                  2.006
= Slack Time                    0.177
     Clock Rise Edge                 0.000
     + Clock Network Latency (Prop)  0.049
     = Beginpoint Arrival Time       0.049
     +------------------------------------------------------------------------------+ 
     |       Instance       |     Arc      |   Cell    | Delay | Arrival | Required | 
     |                      |              |           |       |  Time   |   Time   | 
     |----------------------+--------------+-----------+-------+---------+----------| 
     | B_reg_Y_temp_reg_7_  | CK ^         |           |       |   0.049 |    0.226 | 
     | B_reg_Y_temp_reg_7_  | CK ^ -> Q ^  | DFF_X1    | 0.128 |   0.177 |    0.354 | 
     | U5599                | A2 ^ -> ZN ^ | AND2_X2   | 0.102 |   0.279 |    0.455 | 
     | U5600                | B ^ -> ZN ^  | XNOR2_X1  | 0.075 |   0.354 |    0.531 | 
     | U4567                | A ^ -> ZN v  | XNOR2_X1  | 0.060 |   0.414 |    0.590 | 
     | FE_OFC31_n7316       | A v -> Z v   | CLKBUF_X1 | 0.142 |   0.555 |    0.732 | 
     | U5056                | A v -> Z v   | XOR2_X1   | 0.086 |   0.641 |    0.818 | 
     | FE_OFC33_n9377       | A v -> Z v   | CLKBUF_X1 | 0.087 |   0.728 |    0.905 | 
     | FE_DBTC11_n9377      | A v -> ZN ^  | INV_X2    | 0.095 |   0.824 |    1.001 | 
     | U4167                | B ^ -> ZN v  | XNOR2_X1  | 0.083 |   0.907 |    1.083 | 
     | U6703                | B v -> ZN v  | XNOR2_X1  | 0.055 |   0.962 |    1.139 | 
     | FE_OFC34_n6046       | A v -> Z v   | CLKBUF_X2 | 0.098 |   1.060 |    1.237 | 
     | U8615                | B v -> ZN v  | XNOR2_X1  | 0.063 |   1.123 |    1.300 | 
     | U8616                | A v -> ZN v  | XNOR2_X1  | 0.058 |   1.182 |    1.358 | 
     | U8649                | B1 v -> ZN ^ | OAI21_X1  | 0.031 |   1.213 |    1.390 | 
     | U4327                | A1 ^ -> ZN ^ | AND2_X1   | 0.045 |   1.258 |    1.434 | 
     | U8671                | B ^ -> ZN ^  | XNOR2_X1  | 0.051 |   1.309 |    1.486 | 
     | U5228                | A ^ -> ZN ^  | XNOR2_X1  | 0.053 |   1.361 |    1.538 | 
     | U4672                | A1 ^ -> ZN v | NAND2_X1  | 0.019 |   1.381 |    1.557 | 
     | U4671                | A v -> ZN v  | XNOR2_X1  | 0.040 |   1.420 |    1.597 | 
     | U8677                | A v -> ZN v  | XNOR2_X1  | 0.041 |   1.461 |    1.638 | 
     | U8697                | A2 v -> ZN v | OR2_X1    | 0.055 |   1.516 |    1.693 | 
     | U5079                | A2 v -> ZN v | OR2_X1    | 0.050 |   1.566 |    1.743 | 
     | U5366                | A3 v -> ZN ^ | NAND3_X1  | 0.021 |   1.587 |    1.763 | 
     | U8698                | A1 ^ -> ZN ^ | AND2_X1   | 0.034 |   1.621 |    1.798 | 
     | U8699                | A1 ^ -> ZN v | NAND2_X1  | 0.013 |   1.633 |    1.810 | 
     | U8703                | A v -> ZN ^  | OAI211_X1 | 0.037 |   1.671 |    1.848 | 
     | U8706                | A1 ^ -> ZN ^ | AND3_X1   | 0.056 |   1.727 |    1.904 | 
     | U8776                | B1 ^ -> ZN v | OAI21_X1  | 0.017 |   1.744 |    1.921 | 
     | U8844                | A1 v -> ZN ^ | NAND2_X1  | 0.019 |   1.763 |    1.939 | 
     | U8858                | A1 ^ -> ZN v | NAND3_X1  | 0.018 |   1.781 |    1.958 | 
     | U5280                | A1 v -> ZN ^ | NAND2_X1  | 0.022 |   1.803 |    1.980 | 
     | U5314                | A1 ^ -> ZN v | NAND2_X1  | 0.021 |   1.824 |    2.001 | 
     | U4252                | A1 v -> ZN ^ | NAND2_X1  | 0.014 |   1.838 |    2.015 | 
     | U4002                | A1 ^ -> ZN ^ | AND3_X1   | 0.063 |   1.901 |    2.078 | 
     | U5410                | S ^ -> Z v   | MUX2_X1   | 0.070 |   1.971 |    2.148 | 
     | U4054                | A1 v -> ZN ^ | NAND2_X1  | 0.020 |   1.991 |    2.168 | 
     | U4052                | A1 ^ -> ZN v | NAND2_X1  | 0.014 |   2.006 |    2.182 | 
     | p_reg_Y_temp_reg_46_ | D v          | DFF_X1    | 0.000 |   2.006 |    2.182 | 
     +------------------------------------------------------------------------------+ 
Path 3: MET Setup Check with Pin p_reg_Y_temp_reg_45_/CK 
Endpoint:   p_reg_Y_temp_reg_45_/D (v) checked with  leading edge of 'CLK'
Beginpoint: B_reg_Y_temp_reg_7_/Q  (^) triggered by  leading edge of 'CLK'
Path Groups: {CLK}
Analysis View: default
Other End Arrival Time          0.060
- Setup                         0.028
+ Phase Shift                   2.200
+ CPPR Adjustment               0.000
- Uncertainty                   0.050
= Required Time                 2.182
- Arrival Time                  2.005
= Slack Time                    0.178
     Clock Rise Edge                 0.000
     + Clock Network Latency (Prop)  0.049
     = Beginpoint Arrival Time       0.049
     +------------------------------------------------------------------------------+ 
     |       Instance       |     Arc      |   Cell    | Delay | Arrival | Required | 
     |                      |              |           |       |  Time   |   Time   | 
     |----------------------+--------------+-----------+-------+---------+----------| 
     | B_reg_Y_temp_reg_7_  | CK ^         |           |       |   0.049 |    0.226 | 
     | B_reg_Y_temp_reg_7_  | CK ^ -> Q ^  | DFF_X1    | 0.128 |   0.177 |    0.354 | 
     | U5599                | A2 ^ -> ZN ^ | AND2_X2   | 0.102 |   0.279 |    0.456 | 
     | U5600                | B ^ -> ZN ^  | XNOR2_X1  | 0.075 |   0.354 |    0.531 | 
     | U4567                | A ^ -> ZN v  | XNOR2_X1  | 0.060 |   0.414 |    0.591 | 
     | FE_OFC31_n7316       | A v -> Z v   | CLKBUF_X1 | 0.142 |   0.555 |    0.733 | 
     | U5056                | A v -> Z v   | XOR2_X1   | 0.086 |   0.641 |    0.819 | 
     | FE_OFC33_n9377       | A v -> Z v   | CLKBUF_X1 | 0.087 |   0.728 |    0.906 | 
     | FE_DBTC11_n9377      | A v -> ZN ^  | INV_X2    | 0.095 |   0.824 |    1.001 | 
     | U4167                | B ^ -> ZN v  | XNOR2_X1  | 0.083 |   0.907 |    1.084 | 
     | U6703                | B v -> ZN v  | XNOR2_X1  | 0.055 |   0.962 |    1.139 | 
     | FE_OFC34_n6046       | A v -> Z v   | CLKBUF_X2 | 0.098 |   1.060 |    1.237 | 
     | U8615                | B v -> ZN v  | XNOR2_X1  | 0.063 |   1.123 |    1.301 | 
     | U8616                | A v -> ZN v  | XNOR2_X1  | 0.058 |   1.182 |    1.359 | 
     | U8649                | B1 v -> ZN ^ | OAI21_X1  | 0.031 |   1.213 |    1.390 | 
     | U4327                | A1 ^ -> ZN ^ | AND2_X1   | 0.045 |   1.258 |    1.435 | 
     | U8671                | B ^ -> ZN ^  | XNOR2_X1  | 0.051 |   1.309 |    1.486 | 
     | U5228                | A ^ -> ZN ^  | XNOR2_X1  | 0.053 |   1.361 |    1.539 | 
     | U4672                | A1 ^ -> ZN v | NAND2_X1  | 0.019 |   1.381 |    1.558 | 
     | U4671                | A v -> ZN v  | XNOR2_X1  | 0.040 |   1.420 |    1.598 | 
     | U8677                | A v -> ZN v  | XNOR2_X1  | 0.041 |   1.461 |    1.639 | 
     | U8697                | A2 v -> ZN v | OR2_X1    | 0.055 |   1.516 |    1.694 | 
     | U5079                | A2 v -> ZN v | OR2_X1    | 0.050 |   1.566 |    1.744 | 
     | U5366                | A3 v -> ZN ^ | NAND3_X1  | 0.021 |   1.587 |    1.764 | 
     | U8698                | A1 ^ -> ZN ^ | AND2_X1   | 0.034 |   1.621 |    1.798 | 
     | U8699                | A1 ^ -> ZN v | NAND2_X1  | 0.013 |   1.633 |    1.811 | 
     | U8703                | A v -> ZN ^  | OAI211_X1 | 0.037 |   1.671 |    1.848 | 
     | U8706                | A1 ^ -> ZN ^ | AND3_X1   | 0.056 |   1.727 |    1.904 | 
     | U8776                | B1 ^ -> ZN v | OAI21_X1  | 0.017 |   1.744 |    1.921 | 
     | U8844                | A1 v -> ZN ^ | NAND2_X1  | 0.019 |   1.763 |    1.940 | 
     | U8858                | A1 ^ -> ZN v | NAND3_X1  | 0.018 |   1.781 |    1.958 | 
     | U5280                | A1 v -> ZN ^ | NAND2_X1  | 0.022 |   1.803 |    1.980 | 
     | U5314                | A1 ^ -> ZN v | NAND2_X1  | 0.021 |   1.824 |    2.001 | 
     | U4252                | A1 v -> ZN ^ | NAND2_X1  | 0.014 |   1.838 |    2.016 | 
     | U4002                | A1 ^ -> ZN ^ | AND3_X1   | 0.063 |   1.901 |    2.079 | 
     | U5409                | S ^ -> Z v   | MUX2_X1   | 0.069 |   1.970 |    2.148 | 
     | U4051                | A1 v -> ZN ^ | NAND2_X1  | 0.020 |   1.990 |    2.168 | 
     | U4049                | A1 ^ -> ZN v | NAND2_X1  | 0.015 |   2.005 |    2.182 | 
     | p_reg_Y_temp_reg_45_ | D v          | DFF_X1    | 0.000 |   2.005 |    2.182 | 
     +------------------------------------------------------------------------------+ 
Path 4: MET Setup Check with Pin p_reg_Y_temp_reg_47_/CK 
Endpoint:   p_reg_Y_temp_reg_47_/D (v) checked with  leading edge of 'CLK'
Beginpoint: B_reg_Y_temp_reg_7_/Q  (^) triggered by  leading edge of 'CLK'
Path Groups: {CLK}
Analysis View: default
Other End Arrival Time          0.061
- Setup                         0.028
+ Phase Shift                   2.200
+ CPPR Adjustment               0.000
- Uncertainty                   0.050
= Required Time                 2.183
- Arrival Time                  2.005
= Slack Time                    0.178
     Clock Rise Edge                 0.000
     + Clock Network Latency (Prop)  0.049
     = Beginpoint Arrival Time       0.049
     +------------------------------------------------------------------------------+ 
     |       Instance       |     Arc      |   Cell    | Delay | Arrival | Required | 
     |                      |              |           |       |  Time   |   Time   | 
     |----------------------+--------------+-----------+-------+---------+----------| 
     | B_reg_Y_temp_reg_7_  | CK ^         |           |       |   0.049 |    0.227 | 
     | B_reg_Y_temp_reg_7_  | CK ^ -> Q ^  | DFF_X1    | 0.128 |   0.177 |    0.355 | 
     | U5599                | A2 ^ -> ZN ^ | AND2_X2   | 0.102 |   0.279 |    0.457 | 
     | U5600                | B ^ -> ZN ^  | XNOR2_X1  | 0.075 |   0.354 |    0.532 | 
     | U4567                | A ^ -> ZN v  | XNOR2_X1  | 0.060 |   0.414 |    0.592 | 
     | FE_OFC31_n7316       | A v -> Z v   | CLKBUF_X1 | 0.142 |   0.555 |    0.733 | 
     | U5056                | A v -> Z v   | XOR2_X1   | 0.086 |   0.641 |    0.819 | 
     | FE_OFC33_n9377       | A v -> Z v   | CLKBUF_X1 | 0.087 |   0.728 |    0.907 | 
     | FE_DBTC11_n9377      | A v -> ZN ^  | INV_X2    | 0.095 |   0.824 |    1.002 | 
     | U4167                | B ^ -> ZN v  | XNOR2_X1  | 0.083 |   0.907 |    1.085 | 
     | U6703                | B v -> ZN v  | XNOR2_X1  | 0.055 |   0.962 |    1.140 | 
     | FE_OFC34_n6046       | A v -> Z v   | CLKBUF_X2 | 0.098 |   1.060 |    1.238 | 
     | U8615                | B v -> ZN v  | XNOR2_X1  | 0.063 |   1.123 |    1.301 | 
     | U8616                | A v -> ZN v  | XNOR2_X1  | 0.058 |   1.182 |    1.360 | 
     | U8649                | B1 v -> ZN ^ | OAI21_X1  | 0.031 |   1.213 |    1.391 | 
     | U4327                | A1 ^ -> ZN ^ | AND2_X1   | 0.045 |   1.258 |    1.436 | 
     | U8671                | B ^ -> ZN ^  | XNOR2_X1  | 0.051 |   1.309 |    1.487 | 
     | U5228                | A ^ -> ZN ^  | XNOR2_X1  | 0.053 |   1.361 |    1.540 | 
     | U4672                | A1 ^ -> ZN v | NAND2_X1  | 0.019 |   1.381 |    1.559 | 
     | U4671                | A v -> ZN v  | XNOR2_X1  | 0.040 |   1.420 |    1.598 | 
     | U8677                | A v -> ZN v  | XNOR2_X1  | 0.041 |   1.461 |    1.640 | 
     | U8697                | A2 v -> ZN v | OR2_X1    | 0.055 |   1.516 |    1.694 | 
     | U5079                | A2 v -> ZN v | OR2_X1    | 0.050 |   1.566 |    1.744 | 
     | U5366                | A3 v -> ZN ^ | NAND3_X1  | 0.021 |   1.587 |    1.765 | 
     | U8698                | A1 ^ -> ZN ^ | AND2_X1   | 0.034 |   1.621 |    1.799 | 
     | U8699                | A1 ^ -> ZN v | NAND2_X1  | 0.013 |   1.633 |    1.812 | 
     | U8703                | A v -> ZN ^  | OAI211_X1 | 0.037 |   1.671 |    1.849 | 
     | U8706                | A1 ^ -> ZN ^ | AND3_X1   | 0.056 |   1.727 |    1.905 | 
     | U8776                | B1 ^ -> ZN v | OAI21_X1  | 0.017 |   1.744 |    1.922 | 
     | U8844                | A1 v -> ZN ^ | NAND2_X1  | 0.019 |   1.763 |    1.941 | 
     | U8858                | A1 ^ -> ZN v | NAND3_X1  | 0.018 |   1.781 |    1.959 | 
     | U5280                | A1 v -> ZN ^ | NAND2_X1  | 0.022 |   1.803 |    1.981 | 
     | U5314                | A1 ^ -> ZN v | NAND2_X1  | 0.021 |   1.824 |    2.002 | 
     | U4252                | A1 v -> ZN ^ | NAND2_X1  | 0.014 |   1.838 |    2.016 | 
     | U4002                | A1 ^ -> ZN ^ | AND3_X1   | 0.063 |   1.901 |    2.079 | 
     | U5370                | S ^ -> Z v   | MUX2_X1   | 0.070 |   1.971 |    2.149 | 
     | U4048                | A1 v -> ZN ^ | NAND2_X1  | 0.020 |   1.990 |    2.168 | 
     | U4046                | A1 ^ -> ZN v | NAND2_X1  | 0.014 |   2.005 |    2.183 | 
     | p_reg_Y_temp_reg_47_ | D v          | DFF_X1    | 0.000 |   2.005 |    2.183 | 
     +------------------------------------------------------------------------------+ 
Path 5: MET Setup Check with Pin p_reg_Y_temp_reg_40_/CK 
Endpoint:   p_reg_Y_temp_reg_40_/D (v) checked with  leading edge of 'CLK'
Beginpoint: B_reg_Y_temp_reg_7_/Q  (^) triggered by  leading edge of 'CLK'
Path Groups: {CLK}
Analysis View: default
Other End Arrival Time          0.060
- Setup                         0.029
+ Phase Shift                   2.200
+ CPPR Adjustment               0.000
- Uncertainty                   0.050
= Required Time                 2.180
- Arrival Time                  1.999
= Slack Time                    0.181
     Clock Rise Edge                 0.000
     + Clock Network Latency (Prop)  0.049
     = Beginpoint Arrival Time       0.049
     +------------------------------------------------------------------------------+ 
     |       Instance       |     Arc      |   Cell    | Delay | Arrival | Required | 
     |                      |              |           |       |  Time   |   Time   | 
     |----------------------+--------------+-----------+-------+---------+----------| 
     | B_reg_Y_temp_reg_7_  | CK ^         |           |       |   0.049 |    0.230 | 
     | B_reg_Y_temp_reg_7_  | CK ^ -> Q ^  | DFF_X1    | 0.128 |   0.177 |    0.358 | 
     | U5599                | A2 ^ -> ZN ^ | AND2_X2   | 0.102 |   0.279 |    0.460 | 
     | U5600                | B ^ -> ZN ^  | XNOR2_X1  | 0.075 |   0.354 |    0.535 | 
     | U4567                | A ^ -> ZN v  | XNOR2_X1  | 0.060 |   0.414 |    0.595 | 
     | FE_OFC31_n7316       | A v -> Z v   | CLKBUF_X1 | 0.142 |   0.555 |    0.736 | 
     | U5056                | A v -> Z v   | XOR2_X1   | 0.086 |   0.641 |    0.822 | 
     | FE_OFC33_n9377       | A v -> Z v   | CLKBUF_X1 | 0.087 |   0.728 |    0.910 | 
     | FE_DBTC11_n9377      | A v -> ZN ^  | INV_X2    | 0.095 |   0.824 |    1.005 | 
     | U4167                | B ^ -> ZN v  | XNOR2_X1  | 0.083 |   0.907 |    1.088 | 
     | U6703                | B v -> ZN v  | XNOR2_X1  | 0.055 |   0.962 |    1.143 | 
     | FE_OFC34_n6046       | A v -> Z v   | CLKBUF_X2 | 0.098 |   1.060 |    1.241 | 
     | U8615                | B v -> ZN v  | XNOR2_X1  | 0.063 |   1.123 |    1.304 | 
     | U8616                | A v -> ZN v  | XNOR2_X1  | 0.058 |   1.182 |    1.363 | 
     | U8649                | B1 v -> ZN ^ | OAI21_X1  | 0.031 |   1.213 |    1.394 | 
     | U4327                | A1 ^ -> ZN ^ | AND2_X1   | 0.045 |   1.258 |    1.439 | 
     | U8671                | B ^ -> ZN ^  | XNOR2_X1  | 0.051 |   1.309 |    1.490 | 
     | U5228                | A ^ -> ZN ^  | XNOR2_X1  | 0.053 |   1.361 |    1.543 | 
     | U4672                | A1 ^ -> ZN v | NAND2_X1  | 0.019 |   1.381 |    1.562 | 
     | U4671                | A v -> ZN v  | XNOR2_X1  | 0.040 |   1.420 |    1.601 | 
     | U8677                | A v -> ZN v  | XNOR2_X1  | 0.041 |   1.461 |    1.643 | 
     | U8697                | A2 v -> ZN v | OR2_X1    | 0.055 |   1.516 |    1.697 | 
     | U5079                | A2 v -> ZN v | OR2_X1    | 0.050 |   1.566 |    1.747 | 
     | U5366                | A3 v -> ZN ^ | NAND3_X1  | 0.021 |   1.587 |    1.768 | 
     | U8698                | A1 ^ -> ZN ^ | AND2_X1   | 0.034 |   1.621 |    1.802 | 
     | U8699                | A1 ^ -> ZN v | NAND2_X1  | 0.013 |   1.633 |    1.815 | 
     | U8703                | A v -> ZN ^  | OAI211_X1 | 0.037 |   1.671 |    1.852 | 
     | U8706                | A1 ^ -> ZN ^ | AND3_X1   | 0.056 |   1.727 |    1.908 | 
     | U8776                | B1 ^ -> ZN v | OAI21_X1  | 0.017 |   1.744 |    1.925 | 
     | U8844                | A1 v -> ZN ^ | NAND2_X1  | 0.019 |   1.763 |    1.944 | 
     | U8858                | A1 ^ -> ZN v | NAND3_X1  | 0.018 |   1.781 |    1.962 | 
     | U5280                | A1 v -> ZN ^ | NAND2_X1  | 0.022 |   1.803 |    1.984 | 
     | U5314                | A1 ^ -> ZN v | NAND2_X1  | 0.021 |   1.824 |    2.005 | 
     | U4810                | A1 v -> ZN v | AND2_X1   | 0.032 |   1.856 |    2.037 | 
     | U9731                | A2 v -> ZN v | AND2_X1   | 0.037 |   1.893 |    2.074 | 
     | U9730                | A1 v -> ZN v | AND2_X1   | 0.028 |   1.921 |    2.102 | 
     | U9729                | A3 v -> ZN v | OR3_X1    | 0.078 |   1.999 |    2.180 | 
     | p_reg_Y_temp_reg_40_ | D v          | DFF_X1    | 0.000 |   1.999 |    2.180 | 
     +------------------------------------------------------------------------------+ 
Path 6: MET Setup Check with Pin p_reg_Y_temp_reg_61_/CK 
Endpoint:   p_reg_Y_temp_reg_61_/D (^) checked with  leading edge of 'CLK'
Beginpoint: B_reg_Y_temp_reg_7_/Q  (^) triggered by  leading edge of 'CLK'
Path Groups: {CLK}
Analysis View: default
Other End Arrival Time          0.061
- Setup                         0.027
+ Phase Shift                   2.200
+ CPPR Adjustment               0.000
- Uncertainty                   0.050
= Required Time                 2.184
- Arrival Time                  2.000
= Slack Time                    0.183
     Clock Rise Edge                 0.000
     + Clock Network Latency (Prop)  0.049
     = Beginpoint Arrival Time       0.049
     +------------------------------------------------------------------------------+ 
     |       Instance       |     Arc      |   Cell    | Delay | Arrival | Required | 
     |                      |              |           |       |  Time   |   Time   | 
     |----------------------+--------------+-----------+-------+---------+----------| 
     | B_reg_Y_temp_reg_7_  | CK ^         |           |       |   0.049 |    0.232 | 
     | B_reg_Y_temp_reg_7_  | CK ^ -> Q ^  | DFF_X1    | 0.128 |   0.177 |    0.360 | 
     | U5599                | A2 ^ -> ZN ^ | AND2_X2   | 0.102 |   0.279 |    0.462 | 
     | U5600                | B ^ -> ZN ^  | XNOR2_X1  | 0.075 |   0.354 |    0.537 | 
     | U4567                | A ^ -> ZN v  | XNOR2_X1  | 0.060 |   0.414 |    0.597 | 
     | FE_OFC31_n7316       | A v -> Z v   | CLKBUF_X1 | 0.142 |   0.555 |    0.739 | 
     | U5056                | A v -> Z v   | XOR2_X1   | 0.086 |   0.641 |    0.825 | 
     | FE_OFC33_n9377       | A v -> Z v   | CLKBUF_X1 | 0.087 |   0.728 |    0.912 | 
     | FE_DBTC11_n9377      | A v -> ZN ^  | INV_X2    | 0.095 |   0.824 |    1.007 | 
     | U4167                | B ^ -> ZN v  | XNOR2_X1  | 0.083 |   0.907 |    1.090 | 
     | U6703                | B v -> ZN v  | XNOR2_X1  | 0.055 |   0.962 |    1.145 | 
     | FE_OFC34_n6046       | A v -> Z v   | CLKBUF_X2 | 0.098 |   1.060 |    1.243 | 
     | U8615                | B v -> ZN v  | XNOR2_X1  | 0.063 |   1.123 |    1.307 | 
     | U8616                | A v -> ZN v  | XNOR2_X1  | 0.058 |   1.182 |    1.365 | 
     | U8649                | B1 v -> ZN ^ | OAI21_X1  | 0.031 |   1.213 |    1.396 | 
     | U4327                | A1 ^ -> ZN ^ | AND2_X1   | 0.045 |   1.258 |    1.441 | 
     | U8671                | B ^ -> ZN ^  | XNOR2_X1  | 0.051 |   1.309 |    1.492 | 
     | U5228                | A ^ -> ZN ^  | XNOR2_X1  | 0.053 |   1.361 |    1.545 | 
     | U4672                | A1 ^ -> ZN v | NAND2_X1  | 0.019 |   1.381 |    1.564 | 
     | U4671                | A v -> ZN v  | XNOR2_X1  | 0.040 |   1.420 |    1.604 | 
     | U8677                | A v -> ZN v  | XNOR2_X1  | 0.041 |   1.461 |    1.645 | 
     | U8697                | A2 v -> ZN v | OR2_X1    | 0.055 |   1.516 |    1.700 | 
     | U5079                | A2 v -> ZN v | OR2_X1    | 0.050 |   1.566 |    1.749 | 
     | U5366                | A3 v -> ZN ^ | NAND3_X1  | 0.021 |   1.587 |    1.770 | 
     | U8698                | A1 ^ -> ZN ^ | AND2_X1   | 0.034 |   1.621 |    1.804 | 
     | U8699                | A1 ^ -> ZN v | NAND2_X1  | 0.013 |   1.633 |    1.817 | 
     | U8703                | A v -> ZN ^  | OAI211_X1 | 0.037 |   1.671 |    1.854 | 
     | U8706                | A1 ^ -> ZN ^ | AND3_X1   | 0.056 |   1.727 |    1.910 | 
     | U8776                | B1 ^ -> ZN v | OAI21_X1  | 0.017 |   1.744 |    1.927 | 
     | U8844                | A1 v -> ZN ^ | NAND2_X1  | 0.019 |   1.763 |    1.946 | 
     | U8858                | A1 ^ -> ZN v | NAND3_X1  | 0.018 |   1.781 |    1.964 | 
     | U5280                | A1 v -> ZN ^ | NAND2_X1  | 0.022 |   1.803 |    1.986 | 
     | U4055                | A1 ^ -> ZN v | NAND2_X1  | 0.037 |   1.840 |    2.023 | 
     | U5265                | A2 v -> ZN ^ | NAND3_X1  | 0.026 |   1.866 |    2.049 | 
     | U5264                | A1 ^ -> ZN v | NAND3_X1  | 0.030 |   1.896 |    2.079 | 
     | U4549                | A3 v -> ZN v | OR3_X1    | 0.084 |   1.979 |    2.163 | 
     | U5434                | A3 v -> ZN ^ | NAND3_X1  | 0.021 |   2.000 |    2.184 | 
     | p_reg_Y_temp_reg_61_ | D ^          | DFFS_X1   | 0.000 |   2.000 |    2.184 | 
     +------------------------------------------------------------------------------+ 
Path 7: MET Setup Check with Pin p_reg_Y_temp_reg_44_/CK 
Endpoint:   p_reg_Y_temp_reg_44_/D (^) checked with  leading edge of 'CLK'
Beginpoint: B_reg_Y_temp_reg_7_/Q  (^) triggered by  leading edge of 'CLK'
Path Groups: {CLK}
Analysis View: default
Other End Arrival Time          0.061
- Setup                         0.030
+ Phase Shift                   2.200
+ CPPR Adjustment               0.000
- Uncertainty                   0.050
= Required Time                 2.180
- Arrival Time                  1.997
= Slack Time                    0.184
     Clock Rise Edge                 0.000
     + Clock Network Latency (Prop)  0.049
     = Beginpoint Arrival Time       0.049
     +------------------------------------------------------------------------------+ 
     |       Instance       |     Arc      |   Cell    | Delay | Arrival | Required | 
     |                      |              |           |       |  Time   |   Time   | 
     |----------------------+--------------+-----------+-------+---------+----------| 
     | B_reg_Y_temp_reg_7_  | CK ^         |           |       |   0.049 |    0.232 | 
     | B_reg_Y_temp_reg_7_  | CK ^ -> Q ^  | DFF_X1    | 0.128 |   0.177 |    0.360 | 
     | U5599                | A2 ^ -> ZN ^ | AND2_X2   | 0.102 |   0.279 |    0.462 | 
     | U5600                | B ^ -> ZN ^  | XNOR2_X1  | 0.075 |   0.354 |    0.537 | 
     | U4567                | A ^ -> ZN v  | XNOR2_X1  | 0.060 |   0.414 |    0.597 | 
     | FE_OFC31_n7316       | A v -> Z v   | CLKBUF_X1 | 0.142 |   0.555 |    0.739 | 
     | U5056                | A v -> Z v   | XOR2_X1   | 0.086 |   0.641 |    0.825 | 
     | FE_OFC33_n9377       | A v -> Z v   | CLKBUF_X1 | 0.087 |   0.728 |    0.912 | 
     | FE_DBTC11_n9377      | A v -> ZN ^  | INV_X2    | 0.095 |   0.824 |    1.007 | 
     | U4167                | B ^ -> ZN v  | XNOR2_X1  | 0.083 |   0.907 |    1.090 | 
     | U6703                | B v -> ZN v  | XNOR2_X1  | 0.055 |   0.962 |    1.145 | 
     | FE_OFC34_n6046       | A v -> Z v   | CLKBUF_X2 | 0.098 |   1.060 |    1.243 | 
     | U8615                | B v -> ZN v  | XNOR2_X1  | 0.063 |   1.123 |    1.307 | 
     | U8616                | A v -> ZN v  | XNOR2_X1  | 0.058 |   1.182 |    1.365 | 
     | U8649                | B1 v -> ZN ^ | OAI21_X1  | 0.031 |   1.213 |    1.396 | 
     | U4327                | A1 ^ -> ZN ^ | AND2_X1   | 0.045 |   1.258 |    1.441 | 
     | U8671                | B ^ -> ZN ^  | XNOR2_X1  | 0.051 |   1.309 |    1.492 | 
     | U5228                | A ^ -> ZN ^  | XNOR2_X1  | 0.053 |   1.361 |    1.545 | 
     | U4672                | A1 ^ -> ZN v | NAND2_X1  | 0.019 |   1.381 |    1.564 | 
     | U4671                | A v -> ZN v  | XNOR2_X1  | 0.040 |   1.420 |    1.604 | 
     | U8677                | A v -> ZN v  | XNOR2_X1  | 0.041 |   1.461 |    1.645 | 
     | U8697                | A2 v -> ZN v | OR2_X1    | 0.055 |   1.516 |    1.700 | 
     | U5079                | A2 v -> ZN v | OR2_X1    | 0.050 |   1.566 |    1.750 | 
     | U5366                | A3 v -> ZN ^ | NAND3_X1  | 0.021 |   1.587 |    1.770 | 
     | U8698                | A1 ^ -> ZN ^ | AND2_X1   | 0.034 |   1.621 |    1.804 | 
     | U8699                | A1 ^ -> ZN v | NAND2_X1  | 0.013 |   1.633 |    1.817 | 
     | U8703                | A v -> ZN ^  | OAI211_X1 | 0.037 |   1.671 |    1.854 | 
     | U8706                | A1 ^ -> ZN ^ | AND3_X1   | 0.056 |   1.727 |    1.910 | 
     | U8776                | B1 ^ -> ZN v | OAI21_X1  | 0.017 |   1.744 |    1.927 | 
     | U8844                | A1 v -> ZN ^ | NAND2_X1  | 0.019 |   1.763 |    1.946 | 
     | U8858                | A1 ^ -> ZN v | NAND3_X1  | 0.018 |   1.781 |    1.964 | 
     | U5280                | A1 v -> ZN ^ | NAND2_X1  | 0.022 |   1.803 |    1.986 | 
     | U5314                | A1 ^ -> ZN v | NAND2_X1  | 0.021 |   1.824 |    2.007 | 
     | U4252                | A1 v -> ZN ^ | NAND2_X1  | 0.014 |   1.838 |    2.022 | 
     | U4002                | A1 ^ -> ZN ^ | AND3_X1   | 0.063 |   1.901 |    2.085 | 
     | U9617                | A ^ -> ZN ^  | XNOR2_X1  | 0.052 |   1.953 |    2.136 | 
     | U9971                | A1 ^ -> ZN v | NAND2_X1  | 0.020 |   1.973 |    2.156 | 
     | U3710                | A v -> ZN ^  | OAI21_X1  | 0.024 |   1.997 |    2.180 | 
     | p_reg_Y_temp_reg_44_ | D ^          | DFF_X1    | 0.000 |   1.997 |    2.180 | 
     +------------------------------------------------------------------------------+ 
Path 8: MET Setup Check with Pin p_reg_Y_temp_reg_52_/CK 
Endpoint:   p_reg_Y_temp_reg_52_/D (v) checked with  leading edge of 'CLK'
Beginpoint: B_reg_Y_temp_reg_26_/Q (^) triggered by  leading edge of 'CLK'
Path Groups: {CLK}
Analysis View: default
Other End Arrival Time          0.061
- Setup                         0.027
+ Phase Shift                   2.200
+ CPPR Adjustment               0.000
- Uncertainty                   0.050
= Required Time                 2.184
- Arrival Time                  1.983
= Slack Time                    0.200
     Clock Rise Edge                 0.000
     + Clock Network Latency (Prop)  0.058
     = Beginpoint Arrival Time       0.058
     +------------------------------------------------------------------------------+ 
     |       Instance       |     Arc      |   Cell    | Delay | Arrival | Required | 
     |                      |              |           |       |  Time   |   Time   | 
     |----------------------+--------------+-----------+-------+---------+----------| 
     | B_reg_Y_temp_reg_26_ | CK ^         |           |       |   0.058 |    0.259 | 
     | B_reg_Y_temp_reg_26_ | CK ^ -> Q ^  | DFF_X1    | 0.128 |   0.187 |    0.387 | 
     | U4117                | B1 ^ -> ZN v | AOI21_X1  | 0.017 |   0.204 |    0.405 | 
     | FE_OFC7_n6698        | A v -> Z v   | CLKBUF_X1 | 0.128 |   0.332 |    0.533 | 
     | U4072                | B v -> ZN v  | XNOR2_X1  | 0.103 |   0.435 |    0.636 | 
     | U5306                | B v -> Z v   | XOR2_X1   | 0.067 |   0.502 |    0.703 | 
     | FE_OFC29_n4928       | A v -> Z v   | CLKBUF_X1 | 0.127 |   0.629 |    0.830 | 
     | U4598                | A v -> ZN ^  | INV_X2    | 0.121 |   0.750 |    0.951 | 
     | U5965                | A ^ -> Z ^   | XOR2_X1   | 0.143 |   0.893 |    1.093 | 
     | FE_DBTC5_n5137       | A ^ -> ZN v  | INV_X1    | 0.100 |   0.993 |    1.194 | 
     | U6369                | A v -> Z v   | MUX2_X1   | 0.103 |   1.096 |    1.297 | 
     | U6827                | A v -> ZN v  | XNOR2_X1  | 0.043 |   1.139 |    1.340 | 
     | FE_OFC35_n8386       | A v -> Z v   | CLKBUF_X1 | 0.090 |   1.229 |    1.430 | 
     | U8785                | B v -> ZN v  | XNOR2_X1  | 0.062 |   1.292 |    1.492 | 
     | U8786                | B v -> ZN ^  | XNOR2_X1  | 0.053 |   1.345 |    1.545 | 
     | U8799                | A ^ -> ZN ^  | XNOR2_X1  | 0.048 |   1.392 |    1.593 | 
     | U5025                | B ^ -> ZN ^  | XNOR2_X1  | 0.054 |   1.447 |    1.647 | 
     | U5096                | B ^ -> ZN ^  | XNOR2_X1  | 0.064 |   1.510 |    1.711 | 
     | U4781                | B ^ -> Z ^   | XOR2_X1   | 0.075 |   1.585 |    1.786 | 
     | U8840                | A2 ^ -> ZN v | AOI22_X1  | 0.031 |   1.616 |    1.817 | 
     | U8846                | A v -> ZN v  | XNOR2_X1  | 0.045 |   1.661 |    1.862 | 
     | U8847                | A v -> ZN v  | XNOR2_X1  | 0.046 |   1.708 |    1.908 | 
     | U8849                | A1 v -> ZN ^ | NAND2_X1  | 0.023 |   1.730 |    1.931 | 
     | U8851                | A1 ^ -> ZN v | NAND2_X1  | 0.017 |   1.747 |    1.947 | 
     | U8858                | A2 v -> ZN ^ | NAND3_X1  | 0.018 |   1.765 |    1.965 | 
     | U5280                | A1 ^ -> ZN v | NAND2_X1  | 0.020 |   1.784 |    1.985 | 
     | U4055                | A1 v -> ZN ^ | NAND2_X1  | 0.042 |   1.827 |    2.027 | 
     | U5262                | A1 ^ -> ZN v | NAND2_X1  | 0.027 |   1.854 |    2.054 | 
     | U5319                | A1 v -> ZN v | OR2_X1    | 0.045 |   1.899 |    2.100 | 
     | U4533                | A2 v -> ZN v | OR2_X1    | 0.049 |   1.948 |    2.149 | 
     | U5420                | A3 v -> ZN ^ | NAND3_X1  | 0.022 |   1.970 |    2.171 | 
     | U9967                | A1 ^ -> ZN v | NAND2_X1  | 0.013 |   1.983 |    2.184 | 
     | p_reg_Y_temp_reg_52_ | D v          | DFF_X1    | 0.000 |   1.983 |    2.184 | 
     +------------------------------------------------------------------------------+ 
Path 9: MET Setup Check with Pin p_reg_Y_temp_reg_49_/CK 
Endpoint:   p_reg_Y_temp_reg_49_/D (^) checked with  leading edge of 'CLK'
Beginpoint: B_reg_Y_temp_reg_7_/Q  (^) triggered by  leading edge of 'CLK'
Path Groups: {CLK}
Analysis View: default
Other End Arrival Time          0.061
- Setup                         0.030
+ Phase Shift                   2.200
+ CPPR Adjustment               0.000
- Uncertainty                   0.050
= Required Time                 2.180
- Arrival Time                  1.975
= Slack Time                    0.205
     Clock Rise Edge                 0.000
     + Clock Network Latency (Prop)  0.049
     = Beginpoint Arrival Time       0.049
     +------------------------------------------------------------------------------+ 
     |       Instance       |     Arc      |   Cell    | Delay | Arrival | Required | 
     |                      |              |           |       |  Time   |   Time   | 
     |----------------------+--------------+-----------+-------+---------+----------| 
     | B_reg_Y_temp_reg_7_  | CK ^         |           |       |   0.049 |    0.254 | 
     | B_reg_Y_temp_reg_7_  | CK ^ -> Q ^  | DFF_X1    | 0.128 |   0.177 |    0.382 | 
     | U5599                | A2 ^ -> ZN ^ | AND2_X2   | 0.102 |   0.279 |    0.484 | 
     | U5600                | B ^ -> ZN ^  | XNOR2_X1  | 0.075 |   0.354 |    0.559 | 
     | U4567                | A ^ -> ZN v  | XNOR2_X1  | 0.060 |   0.414 |    0.619 | 
     | FE_OFC31_n7316       | A v -> Z v   | CLKBUF_X1 | 0.142 |   0.555 |    0.760 | 
     | U5056                | A v -> Z v   | XOR2_X1   | 0.086 |   0.641 |    0.846 | 
     | FE_OFC33_n9377       | A v -> Z v   | CLKBUF_X1 | 0.087 |   0.728 |    0.933 | 
     | FE_DBTC11_n9377      | A v -> ZN ^  | INV_X2    | 0.095 |   0.824 |    1.029 | 
     | U4167                | B ^ -> ZN v  | XNOR2_X1  | 0.083 |   0.907 |    1.112 | 
     | U6703                | B v -> ZN v  | XNOR2_X1  | 0.055 |   0.962 |    1.167 | 
     | FE_OFC34_n6046       | A v -> Z v   | CLKBUF_X2 | 0.098 |   1.060 |    1.265 | 
     | U8615                | B v -> ZN v  | XNOR2_X1  | 0.063 |   1.123 |    1.328 | 
     | U8616                | A v -> ZN v  | XNOR2_X1  | 0.058 |   1.182 |    1.387 | 
     | U8649                | B1 v -> ZN ^ | OAI21_X1  | 0.031 |   1.213 |    1.418 | 
     | U4327                | A1 ^ -> ZN ^ | AND2_X1   | 0.045 |   1.258 |    1.463 | 
     | U8671                | B ^ -> ZN ^  | XNOR2_X1  | 0.051 |   1.309 |    1.514 | 
     | U5228                | A ^ -> ZN ^  | XNOR2_X1  | 0.053 |   1.361 |    1.566 | 
     | U4672                | A1 ^ -> ZN v | NAND2_X1  | 0.019 |   1.381 |    1.586 | 
     | U4671                | A v -> ZN v  | XNOR2_X1  | 0.040 |   1.420 |    1.625 | 
     | U8677                | A v -> ZN v  | XNOR2_X1  | 0.041 |   1.461 |    1.666 | 
     | U8697                | A2 v -> ZN v | OR2_X1    | 0.055 |   1.516 |    1.721 | 
     | U5079                | A2 v -> ZN v | OR2_X1    | 0.050 |   1.566 |    1.771 | 
     | U5366                | A3 v -> ZN ^ | NAND3_X1  | 0.021 |   1.587 |    1.792 | 
     | U8698                | A1 ^ -> ZN ^ | AND2_X1   | 0.034 |   1.621 |    1.826 | 
     | U8699                | A1 ^ -> ZN v | NAND2_X1  | 0.013 |   1.633 |    1.838 | 
     | U8703                | A v -> ZN ^  | OAI211_X1 | 0.037 |   1.671 |    1.876 | 
     | U8706                | A1 ^ -> ZN ^ | AND3_X1   | 0.056 |   1.727 |    1.932 | 
     | U8776                | B1 ^ -> ZN v | OAI21_X1  | 0.017 |   1.744 |    1.949 | 
     | U8844                | A1 v -> ZN ^ | NAND2_X1  | 0.019 |   1.763 |    1.968 | 
     | U8858                | A1 ^ -> ZN v | NAND3_X1  | 0.018 |   1.781 |    1.986 | 
     | U5280                | A1 v -> ZN ^ | NAND2_X1  | 0.022 |   1.803 |    2.008 | 
     | U4055                | A1 ^ -> ZN v | NAND2_X1  | 0.037 |   1.840 |    2.045 | 
     | U5262                | A1 v -> ZN ^ | NAND2_X1  | 0.030 |   1.870 |    2.075 | 
     | U5263                | A1 ^ -> ZN v | NAND2_X1  | 0.027 |   1.897 |    2.102 | 
     | U5372                | A1 v -> ZN ^ | NAND2_X1  | 0.018 |   1.915 |    2.120 | 
     | U5290                | A ^ -> ZN v  | OAI211_X1 | 0.033 |   1.948 |    2.153 | 
     | U3692                | A v -> ZN ^  | OAI21_X1  | 0.028 |   1.975 |    2.180 | 
     | p_reg_Y_temp_reg_49_ | D ^          | DFF_X1    | 0.000 |   1.975 |    2.180 | 
     +------------------------------------------------------------------------------+ 
Path 10: MET Setup Check with Pin p_reg_Y_temp_reg_57_/CK 
Endpoint:   p_reg_Y_temp_reg_57_/D (^) checked with  leading edge of 'CLK'
Beginpoint: B_reg_Y_temp_reg_7_/Q  (^) triggered by  leading edge of 'CLK'
Path Groups: {CLK}
Analysis View: default
Other End Arrival Time          0.061
- Setup                         0.031
+ Phase Shift                   2.200
+ CPPR Adjustment               0.000
- Uncertainty                   0.050
= Required Time                 2.180
- Arrival Time                  1.973
= Slack Time                    0.206
     Clock Rise Edge                 0.000
     + Clock Network Latency (Prop)  0.049
     = Beginpoint Arrival Time       0.049
     +------------------------------------------------------------------------------+ 
     |       Instance       |     Arc      |   Cell    | Delay | Arrival | Required | 
     |                      |              |           |       |  Time   |   Time   | 
     |----------------------+--------------+-----------+-------+---------+----------| 
     | B_reg_Y_temp_reg_7_  | CK ^         |           |       |   0.049 |    0.255 | 
     | B_reg_Y_temp_reg_7_  | CK ^ -> Q ^  | DFF_X1    | 0.128 |   0.177 |    0.383 | 
     | U5599                | A2 ^ -> ZN ^ | AND2_X2   | 0.102 |   0.279 |    0.485 | 
     | U5600                | B ^ -> ZN ^  | XNOR2_X1  | 0.075 |   0.354 |    0.560 | 
     | U4567                | A ^ -> ZN v  | XNOR2_X1  | 0.060 |   0.414 |    0.620 | 
     | FE_OFC31_n7316       | A v -> Z v   | CLKBUF_X1 | 0.142 |   0.555 |    0.762 | 
     | U5056                | A v -> Z v   | XOR2_X1   | 0.086 |   0.641 |    0.848 | 
     | FE_OFC33_n9377       | A v -> Z v   | CLKBUF_X1 | 0.087 |   0.728 |    0.935 | 
     | FE_DBTC11_n9377      | A v -> ZN ^  | INV_X2    | 0.095 |   0.824 |    1.030 | 
     | U4167                | B ^ -> ZN v  | XNOR2_X1  | 0.083 |   0.907 |    1.113 | 
     | U6703                | B v -> ZN v  | XNOR2_X1  | 0.055 |   0.962 |    1.168 | 
     | FE_OFC34_n6046       | A v -> Z v   | CLKBUF_X2 | 0.098 |   1.060 |    1.266 | 
     | U8615                | B v -> ZN v  | XNOR2_X1  | 0.063 |   1.123 |    1.330 | 
     | U8616                | A v -> ZN v  | XNOR2_X1  | 0.058 |   1.182 |    1.388 | 
     | U8649                | B1 v -> ZN ^ | OAI21_X1  | 0.031 |   1.213 |    1.419 | 
     | U4327                | A1 ^ -> ZN ^ | AND2_X1   | 0.045 |   1.258 |    1.464 | 
     | U8671                | B ^ -> ZN ^  | XNOR2_X1  | 0.051 |   1.309 |    1.515 | 
     | U5228                | A ^ -> ZN ^  | XNOR2_X1  | 0.053 |   1.361 |    1.568 | 
     | U4672                | A1 ^ -> ZN v | NAND2_X1  | 0.019 |   1.381 |    1.587 | 
     | U4671                | A v -> ZN v  | XNOR2_X1  | 0.040 |   1.420 |    1.627 | 
     | U8677                | A v -> ZN v  | XNOR2_X1  | 0.041 |   1.461 |    1.668 | 
     | U8697                | A2 v -> ZN v | OR2_X1    | 0.055 |   1.516 |    1.722 | 
     | U5079                | A2 v -> ZN v | OR2_X1    | 0.050 |   1.566 |    1.772 | 
     | U5366                | A3 v -> ZN ^ | NAND3_X1  | 0.021 |   1.587 |    1.793 | 
     | U8698                | A1 ^ -> ZN ^ | AND2_X1   | 0.034 |   1.621 |    1.827 | 
     | U8699                | A1 ^ -> ZN v | NAND2_X1  | 0.013 |   1.633 |    1.840 | 
     | U8703                | A v -> ZN ^  | OAI211_X1 | 0.037 |   1.671 |    1.877 | 
     | U8706                | A1 ^ -> ZN ^ | AND3_X1   | 0.056 |   1.727 |    1.933 | 
     | U8776                | B1 ^ -> ZN v | OAI21_X1  | 0.017 |   1.744 |    1.950 | 
     | U8844                | A1 v -> ZN ^ | NAND2_X1  | 0.019 |   1.763 |    1.969 | 
     | U8858                | A1 ^ -> ZN v | NAND3_X1  | 0.018 |   1.781 |    1.987 | 
     | U5280                | A1 v -> ZN ^ | NAND2_X1  | 0.022 |   1.803 |    2.009 | 
     | U4055                | A1 ^ -> ZN v | NAND2_X1  | 0.037 |   1.840 |    2.046 | 
     | U4819                | A1 v -> ZN ^ | NAND2_X1  | 0.046 |   1.886 |    2.092 | 
     | U5275                | A2 ^ -> ZN v | NAND2_X1  | 0.016 |   1.902 |    2.108 | 
     | U5331                | A2 v -> ZN v | OR2_X1    | 0.049 |   1.950 |    2.157 | 
     | U5332                | B v -> ZN ^  | OAI211_X1 | 0.023 |   1.973 |    2.180 | 
     | p_reg_Y_temp_reg_57_ | D ^          | DFFS_X1   | 0.000 |   1.973 |    2.180 | 
     +------------------------------------------------------------------------------+ 

