###############################################################
#  Generated by:      Cadence Innovus 23.35-s106_1
#  OS:                Linux x86_64(Host ID microsys.openstack.polito)
#  Generated on:      Sat Oct 10 22:02:15 2026
#  Design:            boothmul_registered
#  Command:           report_ccopt_skew_groups -file reports/05_skew_groups.rpt
###############################################################

Skew Group Structure:
=====================

-----------------------------------------------------------------------------
Skew Group                Sources    Constrained Sinks    Unconstrained Sinks
-----------------------------------------------------------------------------
CLK/coherent-synthesis       1              128                    0
-----------------------------------------------------------------------------

Skew Group Summary:
===================

---------------------------------------------------------------------------------------------------------------------------------------------------------------------------
Timing Corner         Skew Group                ID Target    Min ID    Max ID    Avg ID    Std.Dev. ID    Skew Target Type    Skew Target    Skew     Skew window occupancy
---------------------------------------------------------------------------------------------------------------------------------------------------------------------------
std-typ:both.early    CLK/coherent-synthesis        -        0.057     0.074     0.069        0.006       ignored                  -         0.018              -
std-typ:both.late     CLK/coherent-synthesis     0.050       0.057     0.074     0.069        0.006       explicit             0.050         0.018    100% {0.057, 0.074}
---------------------------------------------------------------------------------------------------------------------------------------------------------------------------

* - indicates that target was not met.

Skew Group Min/Max path pins:
=============================

------------------------------------------------------------------------------------
Timing Corner         Skew Group                Min ID    PathID    Max ID    PathID
------------------------------------------------------------------------------------
std-typ:both.early    CLK/coherent-synthesis    0.057       1       0.074       2
-    min B_reg_Y_temp_reg_29_/CK
-    max B_reg_Y_temp_reg_1_/CK
std-typ:both.late     CLK/coherent-synthesis    0.057       3       0.074       4
-    min B_reg_Y_temp_reg_29_/CK
-    max B_reg_Y_temp_reg_1_/CK
------------------------------------------------------------------------------------

Timing for timing corner std-typ:both.early, min clock_path:
============================================================

PathID    : 1
Path type : skew group CLK/coherent-synthesis (path 1 of 1)
Start     : CLK
End       : B_reg_Y_temp_reg_29_/CK
Delay     : 0.057

-------------------------------------------------------------------------------------------------
Name  Lib cell   Event  Incr   Arrival  Slew   Cap     Location          Distance  Fanout  Status
                        (ns)   (ns)     (ns)   (fF)                      (um)              
-- Clockpath trace ------------------------------------------------------------------------------
CLK
-     -          rise   -       0.000   0.002  19.252  (64.585,0.000)    -            4    
CTS_idc_buf_00007/A
-     CLKBUF_X2  rise   0.002   0.002   0.002  -       (102.540,73.115)  111.070   -       
CTS_idc_buf_00007/Z
-     CLKBUF_X2  rise   0.054   0.056   0.034  28.658  (102.175,73.490)    0.740     22    
B_reg_Y_temp_reg_29_/CK
-     DFF_X1     rise   0.000   0.057   0.034  -       (100.170,74.170)    2.685   -       
-------------------------------------------------------------------------------------------------

Timing for timing corner std-typ:both.early, max clock_path:
============================================================

PathID    : 2
Path type : skew group CLK/coherent-synthesis (path 1 of 1)
Start     : CLK
End       : B_reg_Y_temp_reg_1_/CK
Delay     : 0.074

-------------------------------------------------------------------------------------------------
Name  Lib cell   Event  Incr   Arrival  Slew   Cap     Location          Distance  Fanout  Status
                        (ns)   (ns)     (ns)   (fF)                      (um)              
-- Clockpath trace ------------------------------------------------------------------------------
CLK
-     -          rise   -       0.000   0.002  19.252  (64.585,0.000)    -            4    
CTS_ccl_a_buf_00002/A
-     CLKBUF_X3  rise   0.001   0.001   0.002  -       (39.460,36.715)    61.840   -       
CTS_ccl_a_buf_00002/Z
-     CLKBUF_X3  rise   0.067   0.068   0.047  57.704  (39.095,37.060)     0.710     41    
B_reg_Y_temp_reg_1_/CK
-     DFF_X1     rise   0.006   0.074   0.047  -       (41.840,103.910)   69.595   -       
-------------------------------------------------------------------------------------------------

Timing for timing corner std-typ:both.late, min clock_path:
===========================================================

PathID    : 3
Path type : skew group CLK/coherent-synthesis (path 1 of 1)
Start     : CLK
End       : B_reg_Y_temp_reg_29_/CK
Delay     : 0.057

-------------------------------------------------------------------------------------------------
Name  Lib cell   Event  Incr   Arrival  Slew   Cap     Location          Distance  Fanout  Status
                        (ns)   (ns)     (ns)   (fF)                      (um)              
-- Clockpath trace ------------------------------------------------------------------------------
CLK
-     -          rise   -       0.000   0.002  19.252  (64.585,0.000)    -            4    
CTS_idc_buf_00007/A
-     CLKBUF_X2  rise   0.002   0.002   0.002  -       (102.540,73.115)  111.070   -       
CTS_idc_buf_00007/Z
-     CLKBUF_X2  rise   0.054   0.056   0.034  28.658  (102.175,73.490)    0.740     22    
B_reg_Y_temp_reg_29_/CK
-     DFF_X1     rise   0.000   0.057   0.034  -       (100.170,74.170)    2.685   -       
-------------------------------------------------------------------------------------------------

Timing for timing corner std-typ:both.late, max clock_path:
===========================================================

PathID    : 4
Path type : skew group CLK/coherent-synthesis (path 1 of 1)
Start     : CLK
End       : B_reg_Y_temp_reg_1_/CK
Delay     : 0.074

-------------------------------------------------------------------------------------------------
Name  Lib cell   Event  Incr   Arrival  Slew   Cap     Location          Distance  Fanout  Status
                        (ns)   (ns)     (ns)   (fF)                      (um)              
-- Clockpath trace ------------------------------------------------------------------------------
CLK
-     -          rise   -       0.000   0.002  19.252  (64.585,0.000)    -            4    
CTS_ccl_a_buf_00002/A
-     CLKBUF_X3  rise   0.001   0.001   0.002  -       (39.460,36.715)    61.840   -       
CTS_ccl_a_buf_00002/Z
-     CLKBUF_X3  rise   0.067   0.068   0.047  57.704  (39.095,37.060)     0.710     41    
B_reg_Y_temp_reg_1_/CK
-     DFF_X1     rise   0.007   0.074   0.047  -       (41.840,103.910)   69.595   -       
-------------------------------------------------------------------------------------------------

