 
****************************************
Report : reference
Design : boothmul_registered
Version: W-2024.09-SP2
Date   : Thu Aug 27 04:40:16 2026
****************************************

Attributes:
    b - black box (unknown)
   bo - allows boundary optimization
    d - dont_touch
   mo - map_only
    h - hierarchical
    n - noncombinational
    r - removable
    s - synthetic operator
    u - contains unmapped logic

Reference          Library       Unit Area   Count    Total Area   Attributes
-----------------------------------------------------------------------------
AND2_X1            NangateOpenCellLibrary
                                  1.064000      43     45.752000  
AOI21_X1           NangateOpenCellLibrary
                                  1.064000     259    275.576003  
AOI21_X2           NangateOpenCellLibrary
                                  1.862000       1      1.862000  
AOI22_X1           NangateOpenCellLibrary
                                  1.330000     698    928.340030  
AOI211_X1          NangateOpenCellLibrary
                                  1.330000       6      7.980000  
AOI211_X2          NangateOpenCellLibrary
                                  2.394000       1      2.394000  
AOI221_X1          NangateOpenCellLibrary
                                  1.596000      18     28.727999  
AOI221_X2          NangateOpenCellLibrary
                                  2.926000       1      2.926000  
AOI222_X1          NangateOpenCellLibrary
                                  2.128000     144    306.432003  
AOI222_X2          NangateOpenCellLibrary
                                  3.724000       1      3.724000  
BUF_X1             NangateOpenCellLibrary
                                  0.798000      22     17.556000  
BUF_X2             NangateOpenCellLibrary
                                  1.064000      10     10.640000  
BUF_X4             NangateOpenCellLibrary
                                  1.862000       1      1.862000  
CLKBUF_X1          NangateOpenCellLibrary
                                  0.798000      17     13.566000  
CLKBUF_X2          NangateOpenCellLibrary
                                  1.064000       1      1.064000  
DFF_X1             NangateOpenCellLibrary
                                  4.522000     111    501.941982  n
DFF_X2             NangateOpenCellLibrary
                                  5.054000      17     85.917998  n
FA_X1              NangateOpenCellLibrary
                                  4.256000     114    485.184005  r
INV_X1             NangateOpenCellLibrary
                                  0.532000     551    293.132003  
INV_X2             NangateOpenCellLibrary
                                  0.798000      12      9.576000  
INV_X8             NangateOpenCellLibrary
                                  2.394000       1      2.394000  
MUX2_X1            NangateOpenCellLibrary
                                  1.862000      27     50.274000  
NAND2_X1           NangateOpenCellLibrary
                                  0.798000     248    197.903995  
NAND3_X1           NangateOpenCellLibrary
                                  1.064000      10     10.640000  
NAND4_X1           NangateOpenCellLibrary
                                  1.330000       2      2.660000  
NOR2_X1            NangateOpenCellLibrary
                                  0.798000     286    228.227994  
NOR2_X2            NangateOpenCellLibrary
                                  1.330000       2      2.660000  
NOR2_X4            NangateOpenCellLibrary
                                  2.394000       1      2.394000  
NOR3_X1            NangateOpenCellLibrary
                                  1.064000       6      6.384000  
NOR4_X1            NangateOpenCellLibrary
                                  1.330000       2      2.660000  
OAI21_X1           NangateOpenCellLibrary
                                  1.064000     324    344.736003  
OAI22_X1           NangateOpenCellLibrary
                                  1.330000     108    143.640005  
OAI22_X2           NangateOpenCellLibrary
                                  2.394000       1      2.394000  
OAI211_X1          NangateOpenCellLibrary
                                  1.330000      12     15.960001  
OAI221_X1          NangateOpenCellLibrary
                                  1.596000      40     63.839998  
OAI222_X1          NangateOpenCellLibrary
                                  2.128000      18     38.304000  
OR2_X1             NangateOpenCellLibrary
                                  1.064000      33     35.112000  
XNOR2_X1           NangateOpenCellLibrary
                                  1.596000     615    981.539973  
XOR2_X1            NangateOpenCellLibrary
                                  1.596000     815   1300.739964  
XOR2_X2            NangateOpenCellLibrary
                                  2.394000       1      2.394000  
-----------------------------------------------------------------------------
Total 40 references                                  6459.011956
1
