###############################################################
#  Generated by:      Cadence Innovus 23.35-s106_1
#  OS:                Linux x86_64(Host ID microsys.openstack.polito)
#  Generated on:      Sat Oct 10 22:20:41 2026
#  Design:            boothmul_registered
#  Command:           report_timing -max_paths 10 > reports/04_preCTS_setup_paths.rpt
###############################################################
Path 1: MET Setup Check with Pin p_reg_Y_temp_reg_58_/CK 
Endpoint:   p_reg_Y_temp_reg_58_/D (^) checked with  leading edge of 'CLK'
Beginpoint: A_reg_Y_temp_reg_5_/Q  (v) triggered by  leading edge of 'CLK'
Path Groups: {CLK}
Analysis View: default
Other End Arrival Time          0.050
- Setup                         0.027
+ Phase Shift                   3.989
- Uncertainty                   0.050
= Required Time                 3.962
- Arrival Time                  2.892
= Slack Time                    1.069
     Clock Rise Edge                 0.000
     + Clock Network Latency (Ideal) 0.050
     = Beginpoint Arrival Time       0.050
     +------------------------------------------------------------------------------+ 
     |       Instance       |     Arc      |   Cell    | Delay | Arrival | Required | 
     |                      |              |           |       |  Time   |   Time   | 
     |----------------------+--------------+-----------+-------+---------+----------| 
     | A_reg_Y_temp_reg_5_  | CK ^         |           |       |   0.050 |    1.119 | 
     | A_reg_Y_temp_reg_5_  | CK ^ -> Q v  | DFF_X1    | 0.094 |   0.144 |    1.213 | 
     | FE_OFC15_A_i_5       | A v -> Z v   | CLKBUF_X3 | 0.099 |   0.243 |    1.312 | 
     | U978                 | B v -> ZN v  | XNOR2_X1  | 0.114 |   0.357 |    1.426 | 
     | U984                 | A2 v -> ZN ^ | NOR2_X1   | 0.041 |   0.397 |    1.467 | 
     | FE_OFC33_n1048       | A ^ -> Z ^   | CLKBUF_X2 | 0.108 |   0.505 |    1.575 | 
     | U1244                | A1 ^ -> ZN v | NAND2_X1  | 0.028 |   0.533 |    1.603 | 
     | U1245                | A v -> ZN ^  | OAI21_X1  | 0.028 |   0.561 |    1.630 | 
     | U1246                | A ^ -> Z ^   | XOR2_X1   | 0.059 |   0.620 |    1.689 | 
     | U1324                | A ^ -> CO ^  | HA_X1     | 0.045 |   0.665 |    1.734 | 
     | U1307                | A ^ -> CO ^  | HA_X1     | 0.036 |   0.701 |    1.770 | 
     | U1387                | A ^ -> CO ^  | HA_X1     | 0.037 |   0.737 |    1.807 | 
     | U1302                | B ^ -> S v   | FA_X1     | 0.095 |   0.833 |    1.902 | 
     | U1395                | CI v -> S ^  | FA_X1     | 0.117 |   0.950 |    2.020 | 
     | U1397                | A1 ^ -> ZN v | NOR2_X1   | 0.013 |   0.963 |    2.032 | 
     | U1399                | B2 v -> ZN ^ | OAI21_X1  | 0.044 |   1.007 |    2.077 | 
     | U1402                | B2 ^ -> ZN v | AOI21_X1  | 0.025 |   1.032 |    2.102 | 
     | U1425                | B1 v -> ZN ^ | OAI21_X1  | 0.040 |   1.072 |    2.142 | 
     | U1453                | B1 ^ -> ZN v | AOI21_X1  | 0.026 |   1.098 |    2.167 | 
     | U1476                | B1 v -> ZN ^ | OAI21_X1  | 0.043 |   1.141 |    2.210 | 
     | U1499                | B1 ^ -> ZN v | AOI21_X1  | 0.032 |   1.172 |    2.242 | 
     | U1525                | B1 v -> ZN ^ | OAI21_X1  | 0.044 |   1.216 |    2.286 | 
     | U1552                | B1 ^ -> ZN v | AOI21_X1  | 0.028 |   1.244 |    2.313 | 
     | U1578                | B1 v -> ZN ^ | OAI21_X1  | 0.043 |   1.286 |    2.356 | 
     | U1608                | B1 ^ -> ZN v | AOI21_X1  | 0.026 |   1.313 |    2.382 | 
     | U1638                | B1 v -> ZN ^ | OAI21_X1  | 0.042 |   1.354 |    2.424 | 
     | U1669                | B1 ^ -> ZN v | AOI21_X1  | 0.026 |   1.380 |    2.450 | 
     | U1702                | B1 v -> ZN ^ | OAI21_X1  | 0.041 |   1.421 |    2.490 | 
     | U1737                | B1 ^ -> ZN v | AOI21_X1  | 0.026 |   1.447 |    2.516 | 
     | U1771                | B1 v -> ZN ^ | OAI21_X1  | 0.041 |   1.488 |    2.557 | 
     | U1810                | B1 ^ -> ZN v | AOI21_X1  | 0.026 |   1.514 |    2.583 | 
     | U1848                | B1 v -> ZN ^ | OAI21_X1  | 0.042 |   1.556 |    2.625 | 
     | U1887                | B1 ^ -> ZN v | AOI21_X1  | 0.026 |   1.582 |    2.651 | 
     | U1928                | B1 v -> ZN ^ | OAI21_X1  | 0.046 |   1.627 |    2.697 | 
     | U1971                | B1 ^ -> ZN v | AOI21_X1  | 0.033 |   1.660 |    2.730 | 
     | U2013                | B1 v -> ZN ^ | OAI21_X1  | 0.044 |   1.704 |    2.774 | 
     | U2058                | B1 ^ -> ZN v | AOI21_X1  | 0.028 |   1.732 |    2.802 | 
     | U2104                | B1 v -> ZN ^ | OAI21_X1  | 0.048 |   1.780 |    2.849 | 
     | U2153                | B1 ^ -> ZN v | AOI21_X1  | 0.028 |   1.808 |    2.877 | 
     | U2200                | B1 v -> ZN ^ | OAI21_X1  | 0.044 |   1.852 |    2.921 | 
     | U2242                | B1 ^ -> ZN v | AOI21_X1  | 0.028 |   1.880 |    2.950 | 
     | U2284                | B1 v -> ZN ^ | OAI21_X1  | 0.050 |   1.930 |    3.000 | 
     | U2316                | B1 ^ -> ZN v | AOI21_X1  | 0.028 |   1.959 |    3.028 | 
     | U2329                | B1 v -> ZN ^ | OAI21_X1  | 0.051 |   2.010 |    3.080 | 
     | U2339                | B1 ^ -> ZN v | AOI21_X1  | 0.028 |   2.038 |    3.107 | 
     | U2346                | B1 v -> ZN ^ | OAI21_X1  | 0.049 |   2.087 |    3.156 | 
     | U2349                | A1 ^ -> ZN v | NAND2_X1  | 0.016 |   2.103 |    3.172 | 
     | U264                 | A1 v -> ZN v | AND2_X1   | 0.035 |   2.138 |    3.208 | 
     | U295                 | B2 v -> ZN ^ | OAI21_X1  | 0.049 |   2.187 |    3.257 | 
     | U2352                | A1 ^ -> ZN v | NAND2_X1  | 0.015 |   2.202 |    3.272 | 
     | U474                 | A1 v -> ZN v | AND2_X1   | 0.034 |   2.236 |    3.306 | 
     | U293                 | B2 v -> ZN ^ | OAI21_X1  | 0.046 |   2.282 |    3.352 | 
     | U341                 | A1 ^ -> ZN v | NAND2_X1  | 0.017 |   2.300 |    3.369 | 
     | U448                 | A1 v -> ZN ^ | NAND2_X1  | 0.026 |   2.325 |    3.395 | 
     | U449                 | B1 ^ -> ZN v | AOI21_X1  | 0.023 |   2.349 |    3.418 | 
     | U339                 | B2 v -> ZN ^ | OAI21_X1  | 0.046 |   2.395 |    3.465 | 
     | U2372                | A1 ^ -> ZN v | NAND2_X1  | 0.015 |   2.410 |    3.479 | 
     | U338                 | A1 v -> ZN v | AND2_X1   | 0.036 |   2.446 |    3.515 | 
     | U289                 | B1 v -> ZN ^ | OAI21_X1  | 0.040 |   2.485 |    3.555 | 
     | U336                 | B1 ^ -> ZN v | AOI21_X1  | 0.027 |   2.512 |    3.582 | 
     | U450                 | B2 v -> ZN ^ | OAI21_X1  | 0.048 |   2.560 |    3.630 | 
     | U2396                | A1 ^ -> ZN v | NAND2_X1  | 0.015 |   2.575 |    3.644 | 
     | U335                 | A1 v -> ZN v | AND2_X1   | 0.034 |   2.609 |    3.678 | 
     | U288                 | B1 v -> ZN ^ | OAI21_X1  | 0.038 |   2.647 |    3.716 | 
     | U263                 | B1 ^ -> ZN v | AOI21_X1  | 0.026 |   2.673 |    3.742 | 
     | U287                 | B1 v -> ZN ^ | OAI21_X1  | 0.041 |   2.714 |    3.784 | 
     | U2455                | B1 ^ -> ZN v | AOI21_X1  | 0.021 |   2.735 |    3.805 | 
     | U262                 | A v -> ZN ^  | INV_X1    | 0.036 |   2.772 |    3.841 | 
     | U472                 | B1 ^ -> ZN v | AOI21_X1  | 0.021 |   2.793 |    3.862 | 
     | U380                 | A v -> ZN v  | XNOR2_X1  | 0.038 |   2.830 |    3.900 | 
     | U2810                | A1 v -> ZN v | OR2_X1    | 0.045 |   2.875 |    3.945 | 
     | U3065                | A2 v -> ZN ^ | NAND2_X1  | 0.017 |   2.892 |    3.962 | 
     | p_reg_Y_temp_reg_58_ | D ^          | DFF_X1    | 0.000 |   2.892 |    3.962 | 
     +------------------------------------------------------------------------------+ 
Path 2: MET Setup Check with Pin p_reg_Y_temp_reg_60_/CK 
Endpoint:   p_reg_Y_temp_reg_60_/D (^) checked with  leading edge of 'CLK'
Beginpoint: A_reg_Y_temp_reg_5_/Q  (v) triggered by  leading edge of 'CLK'
Path Groups: {CLK}
Analysis View: default
Other End Arrival Time          0.050
- Setup                         0.027
+ Phase Shift                   3.989
- Uncertainty                   0.050
= Required Time                 3.962
- Arrival Time                  2.891
= Slack Time                    1.071
     Clock Rise Edge                 0.000
     + Clock Network Latency (Ideal) 0.050
     = Beginpoint Arrival Time       0.050
     +------------------------------------------------------------------------------+ 
     |       Instance       |     Arc      |   Cell    | Delay | Arrival | Required | 
     |                      |              |           |       |  Time   |   Time   | 
     |----------------------+--------------+-----------+-------+---------+----------| 
     | A_reg_Y_temp_reg_5_  | CK ^         |           |       |   0.050 |    1.121 | 
     | A_reg_Y_temp_reg_5_  | CK ^ -> Q v  | DFF_X1    | 0.094 |   0.144 |    1.215 | 
     | FE_OFC15_A_i_5       | A v -> Z v   | CLKBUF_X3 | 0.099 |   0.243 |    1.314 | 
     | U978                 | B v -> ZN v  | XNOR2_X1  | 0.114 |   0.357 |    1.428 | 
     | U984                 | A2 v -> ZN ^ | NOR2_X1   | 0.041 |   0.397 |    1.468 | 
     | FE_OFC33_n1048       | A ^ -> Z ^   | CLKBUF_X2 | 0.108 |   0.505 |    1.576 | 
     | U1244                | A1 ^ -> ZN v | NAND2_X1  | 0.028 |   0.533 |    1.604 | 
     | U1245                | A v -> ZN ^  | OAI21_X1  | 0.028 |   0.561 |    1.632 | 
     | U1246                | A ^ -> Z ^   | XOR2_X1   | 0.059 |   0.620 |    1.691 | 
     | U1324                | A ^ -> CO ^  | HA_X1     | 0.045 |   0.665 |    1.736 | 
     | U1307                | A ^ -> CO ^  | HA_X1     | 0.036 |   0.701 |    1.772 | 
     | U1387                | A ^ -> CO ^  | HA_X1     | 0.037 |   0.737 |    1.808 | 
     | U1302                | B ^ -> S v   | FA_X1     | 0.095 |   0.833 |    1.904 | 
     | U1395                | CI v -> S ^  | FA_X1     | 0.117 |   0.950 |    2.021 | 
     | U1397                | A1 ^ -> ZN v | NOR2_X1   | 0.013 |   0.963 |    2.034 | 
     | U1399                | B2 v -> ZN ^ | OAI21_X1  | 0.044 |   1.007 |    2.078 | 
     | U1402                | B2 ^ -> ZN v | AOI21_X1  | 0.025 |   1.032 |    2.103 | 
     | U1425                | B1 v -> ZN ^ | OAI21_X1  | 0.040 |   1.072 |    2.143 | 
     | U1453                | B1 ^ -> ZN v | AOI21_X1  | 0.026 |   1.098 |    2.169 | 
     | U1476                | B1 v -> ZN ^ | OAI21_X1  | 0.043 |   1.141 |    2.212 | 
     | U1499                | B1 ^ -> ZN v | AOI21_X1  | 0.032 |   1.172 |    2.243 | 
     | U1525                | B1 v -> ZN ^ | OAI21_X1  | 0.044 |   1.216 |    2.287 | 
     | U1552                | B1 ^ -> ZN v | AOI21_X1  | 0.028 |   1.244 |    2.315 | 
     | U1578                | B1 v -> ZN ^ | OAI21_X1  | 0.043 |   1.286 |    2.357 | 
     | U1608                | B1 ^ -> ZN v | AOI21_X1  | 0.026 |   1.313 |    2.384 | 
     | U1638                | B1 v -> ZN ^ | OAI21_X1  | 0.042 |   1.354 |    2.425 | 
     | U1669                | B1 ^ -> ZN v | AOI21_X1  | 0.026 |   1.380 |    2.451 | 
     | U1702                | B1 v -> ZN ^ | OAI21_X1  | 0.041 |   1.421 |    2.492 | 
     | U1737                | B1 ^ -> ZN v | AOI21_X1  | 0.026 |   1.447 |    2.518 | 
     | U1771                | B1 v -> ZN ^ | OAI21_X1  | 0.041 |   1.488 |    2.559 | 
     | U1810                | B1 ^ -> ZN v | AOI21_X1  | 0.026 |   1.514 |    2.585 | 
     | U1848                | B1 v -> ZN ^ | OAI21_X1  | 0.042 |   1.556 |    2.627 | 
     | U1887                | B1 ^ -> ZN v | AOI21_X1  | 0.026 |   1.582 |    2.652 | 
     | U1928                | B1 v -> ZN ^ | OAI21_X1  | 0.046 |   1.627 |    2.698 | 
     | U1971                | B1 ^ -> ZN v | AOI21_X1  | 0.033 |   1.660 |    2.731 | 
     | U2013                | B1 v -> ZN ^ | OAI21_X1  | 0.044 |   1.704 |    2.775 | 
     | U2058                | B1 ^ -> ZN v | AOI21_X1  | 0.028 |   1.732 |    2.803 | 
     | U2104                | B1 v -> ZN ^ | OAI21_X1  | 0.048 |   1.780 |    2.851 | 
     | U2153                | B1 ^ -> ZN v | AOI21_X1  | 0.028 |   1.808 |    2.879 | 
     | U2200                | B1 v -> ZN ^ | OAI21_X1  | 0.044 |   1.852 |    2.923 | 
     | U2242                | B1 ^ -> ZN v | AOI21_X1  | 0.028 |   1.880 |    2.951 | 
     | U2284                | B1 v -> ZN ^ | OAI21_X1  | 0.050 |   1.930 |    3.001 | 
     | U2316                | B1 ^ -> ZN v | AOI21_X1  | 0.028 |   1.959 |    3.030 | 
     | U2329                | B1 v -> ZN ^ | OAI21_X1  | 0.051 |   2.010 |    3.081 | 
     | U2339                | B1 ^ -> ZN v | AOI21_X1  | 0.028 |   2.038 |    3.109 | 
     | U2346                | B1 v -> ZN ^ | OAI21_X1  | 0.049 |   2.087 |    3.158 | 
     | U2349                | A1 ^ -> ZN v | NAND2_X1  | 0.016 |   2.103 |    3.174 | 
     | U264                 | A1 v -> ZN v | AND2_X1   | 0.035 |   2.138 |    3.209 | 
     | U295                 | B2 v -> ZN ^ | OAI21_X1  | 0.049 |   2.187 |    3.258 | 
     | U2352                | A1 ^ -> ZN v | NAND2_X1  | 0.015 |   2.202 |    3.273 | 
     | U474                 | A1 v -> ZN v | AND2_X1   | 0.034 |   2.236 |    3.307 | 
     | U293                 | B2 v -> ZN ^ | OAI21_X1  | 0.046 |   2.282 |    3.353 | 
     | U341                 | A1 ^ -> ZN v | NAND2_X1  | 0.017 |   2.300 |    3.371 | 
     | U448                 | A1 v -> ZN ^ | NAND2_X1  | 0.026 |   2.325 |    3.396 | 
     | U449                 | B1 ^ -> ZN v | AOI21_X1  | 0.023 |   2.349 |    3.420 | 
     | U339                 | B2 v -> ZN ^ | OAI21_X1  | 0.046 |   2.395 |    3.466 | 
     | U2372                | A1 ^ -> ZN v | NAND2_X1  | 0.015 |   2.410 |    3.481 | 
     | U338                 | A1 v -> ZN v | AND2_X1   | 0.036 |   2.446 |    3.517 | 
     | U289                 | B1 v -> ZN ^ | OAI21_X1  | 0.040 |   2.485 |    3.556 | 
     | U336                 | B1 ^ -> ZN v | AOI21_X1  | 0.027 |   2.512 |    3.583 | 
     | U450                 | B2 v -> ZN ^ | OAI21_X1  | 0.048 |   2.560 |    3.631 | 
     | U2396                | A1 ^ -> ZN v | NAND2_X1  | 0.015 |   2.575 |    3.646 | 
     | U335                 | A1 v -> ZN v | AND2_X1   | 0.034 |   2.609 |    3.680 | 
     | U288                 | B1 v -> ZN ^ | OAI21_X1  | 0.038 |   2.647 |    3.718 | 
     | U263                 | B1 ^ -> ZN v | AOI21_X1  | 0.026 |   2.673 |    3.744 | 
     | U287                 | B1 v -> ZN ^ | OAI21_X1  | 0.041 |   2.714 |    3.785 | 
     | U2455                | B1 ^ -> ZN v | AOI21_X1  | 0.021 |   2.735 |    3.806 | 
     | U262                 | A v -> ZN ^  | INV_X1    | 0.036 |   2.772 |    3.843 | 
     | U324                 | B1 ^ -> ZN v | AOI21_X1  | 0.021 |   2.793 |    3.864 | 
     | U384                 | A v -> ZN v  | XNOR2_X1  | 0.037 |   2.831 |    3.902 | 
     | U2812                | A1 v -> ZN v | OR2_X1    | 0.044 |   2.875 |    3.946 | 
     | U3069                | A2 v -> ZN ^ | NAND2_X1  | 0.016 |   2.891 |    3.962 | 
     | p_reg_Y_temp_reg_60_ | D ^          | DFF_X1    | 0.000 |   2.891 |    3.962 | 
     +------------------------------------------------------------------------------+ 
Path 3: MET Setup Check with Pin p_reg_Y_temp_reg_59_/CK 
Endpoint:   p_reg_Y_temp_reg_59_/D (^) checked with  leading edge of 'CLK'
Beginpoint: A_reg_Y_temp_reg_5_/Q  (v) triggered by  leading edge of 'CLK'
Path Groups: {CLK}
Analysis View: default
Other End Arrival Time          0.050
- Setup                         0.027
+ Phase Shift                   3.989
- Uncertainty                   0.050
= Required Time                 3.962
- Arrival Time                  2.891
= Slack Time                    1.071
     Clock Rise Edge                 0.000
     + Clock Network Latency (Ideal) 0.050
     = Beginpoint Arrival Time       0.050
     +------------------------------------------------------------------------------+ 
     |       Instance       |     Arc      |   Cell    | Delay | Arrival | Required | 
     |                      |              |           |       |  Time   |   Time   | 
     |----------------------+--------------+-----------+-------+---------+----------| 
     | A_reg_Y_temp_reg_5_  | CK ^         |           |       |   0.050 |    1.121 | 
     | A_reg_Y_temp_reg_5_  | CK ^ -> Q v  | DFF_X1    | 0.094 |   0.144 |    1.215 | 
     | FE_OFC15_A_i_5       | A v -> Z v   | CLKBUF_X3 | 0.099 |   0.243 |    1.314 | 
     | U978                 | B v -> ZN v  | XNOR2_X1  | 0.114 |   0.357 |    1.428 | 
     | U984                 | A2 v -> ZN ^ | NOR2_X1   | 0.041 |   0.397 |    1.469 | 
     | FE_OFC33_n1048       | A ^ -> Z ^   | CLKBUF_X2 | 0.108 |   0.505 |    1.576 | 
     | U1244                | A1 ^ -> ZN v | NAND2_X1  | 0.028 |   0.533 |    1.604 | 
     | U1245                | A v -> ZN ^  | OAI21_X1  | 0.028 |   0.561 |    1.632 | 
     | U1246                | A ^ -> Z ^   | XOR2_X1   | 0.059 |   0.620 |    1.691 | 
     | U1324                | A ^ -> CO ^  | HA_X1     | 0.045 |   0.665 |    1.736 | 
     | U1307                | A ^ -> CO ^  | HA_X1     | 0.036 |   0.701 |    1.772 | 
     | U1387                | A ^ -> CO ^  | HA_X1     | 0.037 |   0.737 |    1.808 | 
     | U1302                | B ^ -> S v   | FA_X1     | 0.095 |   0.833 |    1.904 | 
     | U1395                | CI v -> S ^  | FA_X1     | 0.117 |   0.950 |    2.021 | 
     | U1397                | A1 ^ -> ZN v | NOR2_X1   | 0.013 |   0.963 |    2.034 | 
     | U1399                | B2 v -> ZN ^ | OAI21_X1  | 0.044 |   1.007 |    2.078 | 
     | U1402                | B2 ^ -> ZN v | AOI21_X1  | 0.025 |   1.032 |    2.103 | 
     | U1425                | B1 v -> ZN ^ | OAI21_X1  | 0.040 |   1.072 |    2.143 | 
     | U1453                | B1 ^ -> ZN v | AOI21_X1  | 0.026 |   1.098 |    2.169 | 
     | U1476                | B1 v -> ZN ^ | OAI21_X1  | 0.043 |   1.141 |    2.212 | 
     | U1499                | B1 ^ -> ZN v | AOI21_X1  | 0.032 |   1.172 |    2.243 | 
     | U1525                | B1 v -> ZN ^ | OAI21_X1  | 0.044 |   1.216 |    2.287 | 
     | U1552                | B1 ^ -> ZN v | AOI21_X1  | 0.028 |   1.244 |    2.315 | 
     | U1578                | B1 v -> ZN ^ | OAI21_X1  | 0.043 |   1.286 |    2.358 | 
     | U1608                | B1 ^ -> ZN v | AOI21_X1  | 0.026 |   1.313 |    2.384 | 
     | U1638                | B1 v -> ZN ^ | OAI21_X1  | 0.042 |   1.354 |    2.426 | 
     | U1669                | B1 ^ -> ZN v | AOI21_X1  | 0.026 |   1.380 |    2.451 | 
     | U1702                | B1 v -> ZN ^ | OAI21_X1  | 0.041 |   1.421 |    2.492 | 
     | U1737                | B1 ^ -> ZN v | AOI21_X1  | 0.026 |   1.447 |    2.518 | 
     | U1771                | B1 v -> ZN ^ | OAI21_X1  | 0.041 |   1.488 |    2.559 | 
     | U1810                | B1 ^ -> ZN v | AOI21_X1  | 0.026 |   1.514 |    2.585 | 
     | U1848                | B1 v -> ZN ^ | OAI21_X1  | 0.042 |   1.556 |    2.627 | 
     | U1887                | B1 ^ -> ZN v | AOI21_X1  | 0.026 |   1.582 |    2.653 | 
     | U1928                | B1 v -> ZN ^ | OAI21_X1  | 0.046 |   1.627 |    2.698 | 
     | U1971                | B1 ^ -> ZN v | AOI21_X1  | 0.033 |   1.660 |    2.731 | 
     | U2013                | B1 v -> ZN ^ | OAI21_X1  | 0.044 |   1.704 |    2.775 | 
     | U2058                | B1 ^ -> ZN v | AOI21_X1  | 0.028 |   1.732 |    2.803 | 
     | U2104                | B1 v -> ZN ^ | OAI21_X1  | 0.048 |   1.780 |    2.851 | 
     | U2153                | B1 ^ -> ZN v | AOI21_X1  | 0.028 |   1.808 |    2.879 | 
     | U2200                | B1 v -> ZN ^ | OAI21_X1  | 0.044 |   1.852 |    2.923 | 
     | U2242                | B1 ^ -> ZN v | AOI21_X1  | 0.028 |   1.880 |    2.951 | 
     | U2284                | B1 v -> ZN ^ | OAI21_X1  | 0.050 |   1.930 |    3.001 | 
     | U2316                | B1 ^ -> ZN v | AOI21_X1  | 0.028 |   1.959 |    3.030 | 
     | U2329                | B1 v -> ZN ^ | OAI21_X1  | 0.051 |   2.010 |    3.081 | 
     | U2339                | B1 ^ -> ZN v | AOI21_X1  | 0.028 |   2.038 |    3.109 | 
     | U2346                | B1 v -> ZN ^ | OAI21_X1  | 0.049 |   2.087 |    3.158 | 
     | U2349                | A1 ^ -> ZN v | NAND2_X1  | 0.016 |   2.103 |    3.174 | 
     | U264                 | A1 v -> ZN v | AND2_X1   | 0.035 |   2.138 |    3.209 | 
     | U295                 | B2 v -> ZN ^ | OAI21_X1  | 0.049 |   2.187 |    3.258 | 
     | U2352                | A1 ^ -> ZN v | NAND2_X1  | 0.015 |   2.202 |    3.273 | 
     | U474                 | A1 v -> ZN v | AND2_X1   | 0.034 |   2.236 |    3.307 | 
     | U293                 | B2 v -> ZN ^ | OAI21_X1  | 0.046 |   2.282 |    3.353 | 
     | U341                 | A1 ^ -> ZN v | NAND2_X1  | 0.017 |   2.300 |    3.371 | 
     | U448                 | A1 v -> ZN ^ | NAND2_X1  | 0.026 |   2.325 |    3.396 | 
     | U449                 | B1 ^ -> ZN v | AOI21_X1  | 0.023 |   2.349 |    3.420 | 
     | U339                 | B2 v -> ZN ^ | OAI21_X1  | 0.046 |   2.395 |    3.466 | 
     | U2372                | A1 ^ -> ZN v | NAND2_X1  | 0.015 |   2.410 |    3.481 | 
     | U338                 | A1 v -> ZN v | AND2_X1   | 0.036 |   2.446 |    3.517 | 
     | U289                 | B1 v -> ZN ^ | OAI21_X1  | 0.040 |   2.485 |    3.557 | 
     | U336                 | B1 ^ -> ZN v | AOI21_X1  | 0.027 |   2.512 |    3.583 | 
     | U450                 | B2 v -> ZN ^ | OAI21_X1  | 0.048 |   2.560 |    3.631 | 
     | U2396                | A1 ^ -> ZN v | NAND2_X1  | 0.015 |   2.575 |    3.646 | 
     | U335                 | A1 v -> ZN v | AND2_X1   | 0.034 |   2.609 |    3.680 | 
     | U288                 | B1 v -> ZN ^ | OAI21_X1  | 0.038 |   2.647 |    3.718 | 
     | U263                 | B1 ^ -> ZN v | AOI21_X1  | 0.026 |   2.673 |    3.744 | 
     | U287                 | B1 v -> ZN ^ | OAI21_X1  | 0.041 |   2.714 |    3.785 | 
     | U2455                | B1 ^ -> ZN v | AOI21_X1  | 0.021 |   2.735 |    3.807 | 
     | U262                 | A v -> ZN ^  | INV_X1    | 0.036 |   2.772 |    3.843 | 
     | U328                 | B1 ^ -> ZN v | AOI21_X1  | 0.020 |   2.792 |    3.863 | 
     | U383                 | A v -> ZN v  | XNOR2_X1  | 0.037 |   2.830 |    3.901 | 
     | U2811                | A1 v -> ZN v | OR2_X1    | 0.045 |   2.874 |    3.945 | 
     | U3067                | A2 v -> ZN ^ | NAND2_X1  | 0.017 |   2.891 |    3.962 | 
     | p_reg_Y_temp_reg_59_ | D ^          | DFF_X1    | 0.000 |   2.891 |    3.962 | 
     +------------------------------------------------------------------------------+ 
Path 4: MET Setup Check with Pin p_reg_Y_temp_reg_61_/CK 
Endpoint:   p_reg_Y_temp_reg_61_/D (^) checked with  leading edge of 'CLK'
Beginpoint: A_reg_Y_temp_reg_5_/Q  (v) triggered by  leading edge of 'CLK'
Path Groups: {CLK}
Analysis View: default
Other End Arrival Time          0.050
- Setup                         0.027
+ Phase Shift                   3.989
- Uncertainty                   0.050
= Required Time                 3.962
- Arrival Time                  2.890
= Slack Time                    1.072
     Clock Rise Edge                 0.000
     + Clock Network Latency (Ideal) 0.050
     = Beginpoint Arrival Time       0.050
     +------------------------------------------------------------------------------+ 
     |       Instance       |     Arc      |   Cell    | Delay | Arrival | Required | 
     |                      |              |           |       |  Time   |   Time   | 
     |----------------------+--------------+-----------+-------+---------+----------| 
     | A_reg_Y_temp_reg_5_  | CK ^         |           |       |   0.050 |    1.122 | 
     | A_reg_Y_temp_reg_5_  | CK ^ -> Q v  | DFF_X1    | 0.094 |   0.144 |    1.216 | 
     | FE_OFC15_A_i_5       | A v -> Z v   | CLKBUF_X3 | 0.099 |   0.243 |    1.315 | 
     | U978                 | B v -> ZN v  | XNOR2_X1  | 0.114 |   0.357 |    1.429 | 
     | U984                 | A2 v -> ZN ^ | NOR2_X1   | 0.041 |   0.397 |    1.469 | 
     | FE_OFC33_n1048       | A ^ -> Z ^   | CLKBUF_X2 | 0.108 |   0.505 |    1.577 | 
     | U1244                | A1 ^ -> ZN v | NAND2_X1  | 0.028 |   0.533 |    1.605 | 
     | U1245                | A v -> ZN ^  | OAI21_X1  | 0.028 |   0.561 |    1.633 | 
     | U1246                | A ^ -> Z ^   | XOR2_X1   | 0.059 |   0.620 |    1.692 | 
     | U1324                | A ^ -> CO ^  | HA_X1     | 0.045 |   0.665 |    1.737 | 
     | U1307                | A ^ -> CO ^  | HA_X1     | 0.036 |   0.701 |    1.773 | 
     | U1387                | A ^ -> CO ^  | HA_X1     | 0.037 |   0.737 |    1.809 | 
     | U1302                | B ^ -> S v   | FA_X1     | 0.095 |   0.833 |    1.905 | 
     | U1395                | CI v -> S ^  | FA_X1     | 0.117 |   0.950 |    2.022 | 
     | U1397                | A1 ^ -> ZN v | NOR2_X1   | 0.013 |   0.963 |    2.035 | 
     | U1399                | B2 v -> ZN ^ | OAI21_X1  | 0.044 |   1.007 |    2.079 | 
     | U1402                | B2 ^ -> ZN v | AOI21_X1  | 0.025 |   1.032 |    2.104 | 
     | U1425                | B1 v -> ZN ^ | OAI21_X1  | 0.040 |   1.072 |    2.144 | 
     | U1453                | B1 ^ -> ZN v | AOI21_X1  | 0.026 |   1.098 |    2.170 | 
     | U1476                | B1 v -> ZN ^ | OAI21_X1  | 0.043 |   1.141 |    2.213 | 
     | U1499                | B1 ^ -> ZN v | AOI21_X1  | 0.032 |   1.172 |    2.244 | 
     | U1525                | B1 v -> ZN ^ | OAI21_X1  | 0.044 |   1.216 |    2.288 | 
     | U1552                | B1 ^ -> ZN v | AOI21_X1  | 0.028 |   1.244 |    2.316 | 
     | U1578                | B1 v -> ZN ^ | OAI21_X1  | 0.043 |   1.286 |    2.358 | 
     | U1608                | B1 ^ -> ZN v | AOI21_X1  | 0.026 |   1.313 |    2.385 | 
     | U1638                | B1 v -> ZN ^ | OAI21_X1  | 0.042 |   1.354 |    2.426 | 
     | U1669                | B1 ^ -> ZN v | AOI21_X1  | 0.026 |   1.380 |    2.452 | 
     | U1702                | B1 v -> ZN ^ | OAI21_X1  | 0.041 |   1.421 |    2.493 | 
     | U1737                | B1 ^ -> ZN v | AOI21_X1  | 0.026 |   1.447 |    2.519 | 
     | U1771                | B1 v -> ZN ^ | OAI21_X1  | 0.041 |   1.488 |    2.560 | 
     | U1810                | B1 ^ -> ZN v | AOI21_X1  | 0.026 |   1.514 |    2.586 | 
     | U1848                | B1 v -> ZN ^ | OAI21_X1  | 0.042 |   1.556 |    2.628 | 
     | U1887                | B1 ^ -> ZN v | AOI21_X1  | 0.026 |   1.582 |    2.653 | 
     | U1928                | B1 v -> ZN ^ | OAI21_X1  | 0.046 |   1.627 |    2.699 | 
     | U1971                | B1 ^ -> ZN v | AOI21_X1  | 0.033 |   1.660 |    2.732 | 
     | U2013                | B1 v -> ZN ^ | OAI21_X1  | 0.044 |   1.704 |    2.776 | 
     | U2058                | B1 ^ -> ZN v | AOI21_X1  | 0.028 |   1.732 |    2.804 | 
     | U2104                | B1 v -> ZN ^ | OAI21_X1  | 0.048 |   1.780 |    2.852 | 
     | U2153                | B1 ^ -> ZN v | AOI21_X1  | 0.028 |   1.808 |    2.880 | 
     | U2200                | B1 v -> ZN ^ | OAI21_X1  | 0.044 |   1.852 |    2.924 | 
     | U2242                | B1 ^ -> ZN v | AOI21_X1  | 0.028 |   1.880 |    2.952 | 
     | U2284                | B1 v -> ZN ^ | OAI21_X1  | 0.050 |   1.930 |    3.002 | 
     | U2316                | B1 ^ -> ZN v | AOI21_X1  | 0.028 |   1.959 |    3.031 | 
     | U2329                | B1 v -> ZN ^ | OAI21_X1  | 0.051 |   2.010 |    3.082 | 
     | U2339                | B1 ^ -> ZN v | AOI21_X1  | 0.028 |   2.038 |    3.110 | 
     | U2346                | B1 v -> ZN ^ | OAI21_X1  | 0.049 |   2.087 |    3.159 | 
     | U2349                | A1 ^ -> ZN v | NAND2_X1  | 0.016 |   2.103 |    3.175 | 
     | U264                 | A1 v -> ZN v | AND2_X1   | 0.035 |   2.138 |    3.210 | 
     | U295                 | B2 v -> ZN ^ | OAI21_X1  | 0.049 |   2.187 |    3.259 | 
     | U2352                | A1 ^ -> ZN v | NAND2_X1  | 0.015 |   2.202 |    3.274 | 
     | U474                 | A1 v -> ZN v | AND2_X1   | 0.034 |   2.236 |    3.308 | 
     | U293                 | B2 v -> ZN ^ | OAI21_X1  | 0.046 |   2.282 |    3.354 | 
     | U341                 | A1 ^ -> ZN v | NAND2_X1  | 0.017 |   2.300 |    3.372 | 
     | U448                 | A1 v -> ZN ^ | NAND2_X1  | 0.026 |   2.325 |    3.397 | 
     | U449                 | B1 ^ -> ZN v | AOI21_X1  | 0.023 |   2.349 |    3.421 | 
     | U339                 | B2 v -> ZN ^ | OAI21_X1  | 0.046 |   2.395 |    3.467 | 
     | U2372                | A1 ^ -> ZN v | NAND2_X1  | 0.015 |   2.410 |    3.482 | 
     | U338                 | A1 v -> ZN v | AND2_X1   | 0.036 |   2.446 |    3.518 | 
     | U289                 | B1 v -> ZN ^ | OAI21_X1  | 0.040 |   2.485 |    3.557 | 
     | U336                 | B1 ^ -> ZN v | AOI21_X1  | 0.027 |   2.512 |    3.584 | 
     | U450                 | B2 v -> ZN ^ | OAI21_X1  | 0.048 |   2.560 |    3.632 | 
     | U2396                | A1 ^ -> ZN v | NAND2_X1  | 0.015 |   2.575 |    3.647 | 
     | U335                 | A1 v -> ZN v | AND2_X1   | 0.034 |   2.609 |    3.681 | 
     | U288                 | B1 v -> ZN ^ | OAI21_X1  | 0.038 |   2.647 |    3.719 | 
     | U263                 | B1 ^ -> ZN v | AOI21_X1  | 0.026 |   2.673 |    3.745 | 
     | U287                 | B1 v -> ZN ^ | OAI21_X1  | 0.041 |   2.714 |    3.786 | 
     | U2455                | B1 ^ -> ZN v | AOI21_X1  | 0.021 |   2.735 |    3.807 | 
     | U262                 | A v -> ZN ^  | INV_X1    | 0.036 |   2.772 |    3.844 | 
     | U322                 | B1 ^ -> ZN v | AOI21_X1  | 0.020 |   2.792 |    3.864 | 
     | U425                 | A v -> ZN v  | XNOR2_X1  | 0.037 |   2.829 |    3.901 | 
     | U3071                | A1 v -> ZN v | OR2_X1    | 0.044 |   2.874 |    3.946 | 
     | U3072                | A2 v -> ZN ^ | NAND2_X1  | 0.016 |   2.890 |    3.962 | 
     | p_reg_Y_temp_reg_61_ | D ^          | DFF_X1    | 0.000 |   2.890 |    3.962 | 
     +------------------------------------------------------------------------------+ 
Path 5: MET Setup Check with Pin p_reg_Y_temp_reg_63_/CK 
Endpoint:   p_reg_Y_temp_reg_63_/D (v) checked with  leading edge of 'CLK'
Beginpoint: A_reg_Y_temp_reg_5_/Q  (v) triggered by  leading edge of 'CLK'
Path Groups: {CLK}
Analysis View: default
Other End Arrival Time          0.050
- Setup                         0.025
+ Phase Shift                   3.989
- Uncertainty                   0.050
= Required Time                 3.964
- Arrival Time                  2.891
= Slack Time                    1.073
     Clock Rise Edge                 0.000
     + Clock Network Latency (Ideal) 0.050
     = Beginpoint Arrival Time       0.050
     +------------------------------------------------------------------------------+ 
     |       Instance       |     Arc      |   Cell    | Delay | Arrival | Required | 
     |                      |              |           |       |  Time   |   Time   | 
     |----------------------+--------------+-----------+-------+---------+----------| 
     | A_reg_Y_temp_reg_5_  | CK ^         |           |       |   0.050 |    1.123 | 
     | A_reg_Y_temp_reg_5_  | CK ^ -> Q v  | DFF_X1    | 0.094 |   0.144 |    1.216 | 
     | FE_OFC15_A_i_5       | A v -> Z v   | CLKBUF_X3 | 0.099 |   0.243 |    1.316 | 
     | U978                 | B v -> ZN v  | XNOR2_X1  | 0.114 |   0.357 |    1.430 | 
     | U984                 | A2 v -> ZN ^ | NOR2_X1   | 0.041 |   0.397 |    1.470 | 
     | FE_OFC33_n1048       | A ^ -> Z ^   | CLKBUF_X2 | 0.108 |   0.505 |    1.578 | 
     | U1244                | A1 ^ -> ZN v | NAND2_X1  | 0.028 |   0.533 |    1.606 | 
     | U1245                | A v -> ZN ^  | OAI21_X1  | 0.028 |   0.561 |    1.634 | 
     | U1246                | A ^ -> Z ^   | XOR2_X1   | 0.059 |   0.620 |    1.693 | 
     | U1324                | A ^ -> CO ^  | HA_X1     | 0.045 |   0.665 |    1.737 | 
     | U1307                | A ^ -> CO ^  | HA_X1     | 0.036 |   0.701 |    1.774 | 
     | U1387                | A ^ -> CO ^  | HA_X1     | 0.037 |   0.737 |    1.810 | 
     | U1302                | B ^ -> S v   | FA_X1     | 0.095 |   0.833 |    1.906 | 
     | U1395                | CI v -> S ^  | FA_X1     | 0.117 |   0.950 |    2.023 | 
     | U1397                | A1 ^ -> ZN v | NOR2_X1   | 0.013 |   0.963 |    2.036 | 
     | U1399                | B2 v -> ZN ^ | OAI21_X1  | 0.044 |   1.007 |    2.080 | 
     | U1402                | B2 ^ -> ZN v | AOI21_X1  | 0.025 |   1.032 |    2.105 | 
     | U1425                | B1 v -> ZN ^ | OAI21_X1  | 0.040 |   1.072 |    2.145 | 
     | U1453                | B1 ^ -> ZN v | AOI21_X1  | 0.026 |   1.098 |    2.171 | 
     | U1476                | B1 v -> ZN ^ | OAI21_X1  | 0.043 |   1.141 |    2.214 | 
     | U1499                | B1 ^ -> ZN v | AOI21_X1  | 0.032 |   1.172 |    2.245 | 
     | U1525                | B1 v -> ZN ^ | OAI21_X1  | 0.044 |   1.216 |    2.289 | 
     | U1552                | B1 ^ -> ZN v | AOI21_X1  | 0.028 |   1.244 |    2.317 | 
     | U1578                | B1 v -> ZN ^ | OAI21_X1  | 0.043 |   1.286 |    2.359 | 
     | U1608                | B1 ^ -> ZN v | AOI21_X1  | 0.026 |   1.313 |    2.386 | 
     | U1638                | B1 v -> ZN ^ | OAI21_X1  | 0.042 |   1.354 |    2.427 | 
     | U1669                | B1 ^ -> ZN v | AOI21_X1  | 0.026 |   1.380 |    2.453 | 
     | U1702                | B1 v -> ZN ^ | OAI21_X1  | 0.041 |   1.421 |    2.494 | 
     | U1737                | B1 ^ -> ZN v | AOI21_X1  | 0.026 |   1.447 |    2.520 | 
     | U1771                | B1 v -> ZN ^ | OAI21_X1  | 0.041 |   1.488 |    2.561 | 
     | U1810                | B1 ^ -> ZN v | AOI21_X1  | 0.026 |   1.514 |    2.587 | 
     | U1848                | B1 v -> ZN ^ | OAI21_X1  | 0.042 |   1.556 |    2.629 | 
     | U1887                | B1 ^ -> ZN v | AOI21_X1  | 0.026 |   1.582 |    2.654 | 
     | U1928                | B1 v -> ZN ^ | OAI21_X1  | 0.046 |   1.627 |    2.700 | 
     | U1971                | B1 ^ -> ZN v | AOI21_X1  | 0.033 |   1.660 |    2.733 | 
     | U2013                | B1 v -> ZN ^ | OAI21_X1  | 0.044 |   1.704 |    2.777 | 
     | U2058                | B1 ^ -> ZN v | AOI21_X1  | 0.028 |   1.732 |    2.805 | 
     | U2104                | B1 v -> ZN ^ | OAI21_X1  | 0.048 |   1.780 |    2.853 | 
     | U2153                | B1 ^ -> ZN v | AOI21_X1  | 0.028 |   1.808 |    2.881 | 
     | U2200                | B1 v -> ZN ^ | OAI21_X1  | 0.044 |   1.852 |    2.925 | 
     | U2242                | B1 ^ -> ZN v | AOI21_X1  | 0.028 |   1.880 |    2.953 | 
     | U2284                | B1 v -> ZN ^ | OAI21_X1  | 0.050 |   1.930 |    3.003 | 
     | U2316                | B1 ^ -> ZN v | AOI21_X1  | 0.028 |   1.959 |    3.031 | 
     | U2329                | B1 v -> ZN ^ | OAI21_X1  | 0.051 |   2.010 |    3.083 | 
     | U2339                | B1 ^ -> ZN v | AOI21_X1  | 0.028 |   2.038 |    3.111 | 
     | U2346                | B1 v -> ZN ^ | OAI21_X1  | 0.049 |   2.087 |    3.159 | 
     | U2349                | A1 ^ -> ZN v | NAND2_X1  | 0.016 |   2.103 |    3.176 | 
     | U264                 | A1 v -> ZN v | AND2_X1   | 0.035 |   2.138 |    3.211 | 
     | U295                 | B2 v -> ZN ^ | OAI21_X1  | 0.049 |   2.187 |    3.260 | 
     | U2352                | A1 ^ -> ZN v | NAND2_X1  | 0.015 |   2.202 |    3.275 | 
     | U474                 | A1 v -> ZN v | AND2_X1   | 0.034 |   2.236 |    3.309 | 
     | U293                 | B2 v -> ZN ^ | OAI21_X1  | 0.046 |   2.282 |    3.355 | 
     | U341                 | A1 ^ -> ZN v | NAND2_X1  | 0.017 |   2.300 |    3.372 | 
     | U448                 | A1 v -> ZN ^ | NAND2_X1  | 0.026 |   2.325 |    3.398 | 
     | U449                 | B1 ^ -> ZN v | AOI21_X1  | 0.023 |   2.349 |    3.422 | 
     | U339                 | B2 v -> ZN ^ | OAI21_X1  | 0.046 |   2.395 |    3.468 | 
     | U2372                | A1 ^ -> ZN v | NAND2_X1  | 0.015 |   2.410 |    3.483 | 
     | U338                 | A1 v -> ZN v | AND2_X1   | 0.036 |   2.446 |    3.519 | 
     | U289                 | B1 v -> ZN ^ | OAI21_X1  | 0.040 |   2.485 |    3.558 | 
     | U336                 | B1 ^ -> ZN v | AOI21_X1  | 0.027 |   2.512 |    3.585 | 
     | U450                 | B2 v -> ZN ^ | OAI21_X1  | 0.048 |   2.560 |    3.633 | 
     | U2396                | A1 ^ -> ZN v | NAND2_X1  | 0.015 |   2.575 |    3.648 | 
     | U335                 | A1 v -> ZN v | AND2_X1   | 0.034 |   2.609 |    3.681 | 
     | U288                 | B1 v -> ZN ^ | OAI21_X1  | 0.038 |   2.647 |    3.719 | 
     | U263                 | B1 ^ -> ZN v | AOI21_X1  | 0.026 |   2.673 |    3.746 | 
     | U287                 | B1 v -> ZN ^ | OAI21_X1  | 0.041 |   2.714 |    3.787 | 
     | U2455                | B1 ^ -> ZN v | AOI21_X1  | 0.021 |   2.735 |    3.808 | 
     | U262                 | A v -> ZN ^  | INV_X1    | 0.036 |   2.772 |    3.845 | 
     | U471                 | B1 ^ -> ZN v | AOI21_X1  | 0.022 |   2.794 |    3.867 | 
     | U321                 | A1 v -> ZN v | OR2_X1    | 0.044 |   2.838 |    3.911 | 
     | U413                 | A1 v -> ZN v | AND2_X1   | 0.028 |   2.866 |    3.939 | 
     | U2509                | A1 v -> ZN ^ | NAND2_X1  | 0.013 |   2.879 |    3.952 | 
     | U2661                | A1 ^ -> ZN v | NAND2_X1  | 0.012 |   2.891 |    3.964 | 
     | p_reg_Y_temp_reg_63_ | D v          | DFF_X1    | 0.000 |   2.891 |    3.964 | 
     +------------------------------------------------------------------------------+ 
Path 6: MET Setup Check with Pin p_reg_Y_temp_reg_62_/CK 
Endpoint:   p_reg_Y_temp_reg_62_/D (v) checked with  leading edge of 'CLK'
Beginpoint: A_reg_Y_temp_reg_5_/Q  (v) triggered by  leading edge of 'CLK'
Path Groups: {CLK}
Analysis View: default
Other End Arrival Time          0.050
- Setup                         0.030
+ Phase Shift                   3.989
- Uncertainty                   0.050
= Required Time                 3.959
- Arrival Time                  2.876
= Slack Time                    1.082
     Clock Rise Edge                 0.000
     + Clock Network Latency (Ideal) 0.050
     = Beginpoint Arrival Time       0.050
     +------------------------------------------------------------------------------+ 
     |       Instance       |     Arc      |   Cell    | Delay | Arrival | Required | 
     |                      |              |           |       |  Time   |   Time   | 
     |----------------------+--------------+-----------+-------+---------+----------| 
     | A_reg_Y_temp_reg_5_  | CK ^         |           |       |   0.050 |    1.132 | 
     | A_reg_Y_temp_reg_5_  | CK ^ -> Q v  | DFF_X1    | 0.094 |   0.144 |    1.226 | 
     | FE_OFC15_A_i_5       | A v -> Z v   | CLKBUF_X3 | 0.099 |   0.243 |    1.325 | 
     | U978                 | B v -> ZN v  | XNOR2_X1  | 0.114 |   0.357 |    1.439 | 
     | U984                 | A2 v -> ZN ^ | NOR2_X1   | 0.041 |   0.397 |    1.480 | 
     | FE_OFC33_n1048       | A ^ -> Z ^   | CLKBUF_X2 | 0.108 |   0.505 |    1.588 | 
     | U1244                | A1 ^ -> ZN v | NAND2_X1  | 0.028 |   0.533 |    1.616 | 
     | U1245                | A v -> ZN ^  | OAI21_X1  | 0.028 |   0.561 |    1.643 | 
     | U1246                | A ^ -> Z ^   | XOR2_X1   | 0.059 |   0.620 |    1.702 | 
     | U1324                | A ^ -> CO ^  | HA_X1     | 0.045 |   0.665 |    1.747 | 
     | U1307                | A ^ -> CO ^  | HA_X1     | 0.036 |   0.701 |    1.783 | 
     | U1387                | A ^ -> CO ^  | HA_X1     | 0.037 |   0.737 |    1.820 | 
     | U1302                | B ^ -> S v   | FA_X1     | 0.095 |   0.833 |    1.915 | 
     | U1395                | CI v -> S ^  | FA_X1     | 0.117 |   0.950 |    2.033 | 
     | U1397                | A1 ^ -> ZN v | NOR2_X1   | 0.013 |   0.963 |    2.045 | 
     | U1399                | B2 v -> ZN ^ | OAI21_X1  | 0.044 |   1.007 |    2.090 | 
     | U1402                | B2 ^ -> ZN v | AOI21_X1  | 0.025 |   1.032 |    2.115 | 
     | U1425                | B1 v -> ZN ^ | OAI21_X1  | 0.040 |   1.072 |    2.155 | 
     | U1453                | B1 ^ -> ZN v | AOI21_X1  | 0.026 |   1.098 |    2.180 | 
     | U1476                | B1 v -> ZN ^ | OAI21_X1  | 0.043 |   1.141 |    2.223 | 
     | U1499                | B1 ^ -> ZN v | AOI21_X1  | 0.032 |   1.172 |    2.255 | 
     | U1525                | B1 v -> ZN ^ | OAI21_X1  | 0.044 |   1.216 |    2.299 | 
     | U1552                | B1 ^ -> ZN v | AOI21_X1  | 0.028 |   1.244 |    2.326 | 
     | U1578                | B1 v -> ZN ^ | OAI21_X1  | 0.043 |   1.286 |    2.369 | 
     | U1608                | B1 ^ -> ZN v | AOI21_X1  | 0.026 |   1.313 |    2.395 | 
     | U1638                | B1 v -> ZN ^ | OAI21_X1  | 0.042 |   1.354 |    2.437 | 
     | U1669                | B1 ^ -> ZN v | AOI21_X1  | 0.026 |   1.380 |    2.463 | 
     | U1702                | B1 v -> ZN ^ | OAI21_X1  | 0.041 |   1.421 |    2.503 | 
     | U1737                | B1 ^ -> ZN v | AOI21_X1  | 0.026 |   1.447 |    2.529 | 
     | U1771                | B1 v -> ZN ^ | OAI21_X1  | 0.041 |   1.488 |    2.570 | 
     | U1810                | B1 ^ -> ZN v | AOI21_X1  | 0.026 |   1.514 |    2.596 | 
     | U1848                | B1 v -> ZN ^ | OAI21_X1  | 0.042 |   1.556 |    2.638 | 
     | U1887                | B1 ^ -> ZN v | AOI21_X1  | 0.026 |   1.582 |    2.664 | 
     | U1928                | B1 v -> ZN ^ | OAI21_X1  | 0.046 |   1.627 |    2.710 | 
     | U1971                | B1 ^ -> ZN v | AOI21_X1  | 0.033 |   1.660 |    2.743 | 
     | U2013                | B1 v -> ZN ^ | OAI21_X1  | 0.044 |   1.704 |    2.787 | 
     | U2058                | B1 ^ -> ZN v | AOI21_X1  | 0.028 |   1.732 |    2.815 | 
     | U2104                | B1 v -> ZN ^ | OAI21_X1  | 0.048 |   1.780 |    2.862 | 
     | U2153                | B1 ^ -> ZN v | AOI21_X1  | 0.028 |   1.808 |    2.890 | 
     | U2200                | B1 v -> ZN ^ | OAI21_X1  | 0.044 |   1.852 |    2.934 | 
     | U2242                | B1 ^ -> ZN v | AOI21_X1  | 0.028 |   1.880 |    2.963 | 
     | U2284                | B1 v -> ZN ^ | OAI21_X1  | 0.050 |   1.930 |    3.013 | 
     | U2316                | B1 ^ -> ZN v | AOI21_X1  | 0.028 |   1.959 |    3.041 | 
     | U2329                | B1 v -> ZN ^ | OAI21_X1  | 0.051 |   2.010 |    3.093 | 
     | U2339                | B1 ^ -> ZN v | AOI21_X1  | 0.028 |   2.038 |    3.120 | 
     | U2346                | B1 v -> ZN ^ | OAI21_X1  | 0.049 |   2.087 |    3.169 | 
     | U2349                | A1 ^ -> ZN v | NAND2_X1  | 0.016 |   2.103 |    3.185 | 
     | U264                 | A1 v -> ZN v | AND2_X1   | 0.035 |   2.138 |    3.221 | 
     | U295                 | B2 v -> ZN ^ | OAI21_X1  | 0.049 |   2.187 |    3.270 | 
     | U2352                | A1 ^ -> ZN v | NAND2_X1  | 0.015 |   2.202 |    3.285 | 
     | U474                 | A1 v -> ZN v | AND2_X1   | 0.034 |   2.236 |    3.319 | 
     | U293                 | B2 v -> ZN ^ | OAI21_X1  | 0.046 |   2.282 |    3.365 | 
     | U341                 | A1 ^ -> ZN v | NAND2_X1  | 0.017 |   2.300 |    3.382 | 
     | U448                 | A1 v -> ZN ^ | NAND2_X1  | 0.026 |   2.325 |    3.408 | 
     | U449                 | B1 ^ -> ZN v | AOI21_X1  | 0.023 |   2.349 |    3.431 | 
     | U339                 | B2 v -> ZN ^ | OAI21_X1  | 0.046 |   2.395 |    3.478 | 
     | U2372                | A1 ^ -> ZN v | NAND2_X1  | 0.015 |   2.410 |    3.492 | 
     | U338                 | A1 v -> ZN v | AND2_X1   | 0.036 |   2.446 |    3.528 | 
     | U289                 | B1 v -> ZN ^ | OAI21_X1  | 0.040 |   2.485 |    3.568 | 
     | U336                 | B1 ^ -> ZN v | AOI21_X1  | 0.027 |   2.512 |    3.595 | 
     | U450                 | B2 v -> ZN ^ | OAI21_X1  | 0.048 |   2.560 |    3.643 | 
     | U2396                | A1 ^ -> ZN v | NAND2_X1  | 0.015 |   2.575 |    3.657 | 
     | U335                 | A1 v -> ZN v | AND2_X1   | 0.034 |   2.609 |    3.691 | 
     | U288                 | B1 v -> ZN ^ | OAI21_X1  | 0.038 |   2.647 |    3.729 | 
     | U263                 | B1 ^ -> ZN v | AOI21_X1  | 0.026 |   2.673 |    3.755 | 
     | U287                 | B1 v -> ZN ^ | OAI21_X1  | 0.041 |   2.714 |    3.797 | 
     | U2455                | B1 ^ -> ZN v | AOI21_X1  | 0.021 |   2.735 |    3.818 | 
     | U262                 | A v -> ZN ^  | INV_X1    | 0.036 |   2.772 |    3.854 | 
     | U471                 | B1 ^ -> ZN v | AOI21_X1  | 0.022 |   2.794 |    3.876 | 
     | U319                 | A v -> ZN ^  | INV_X1    | 0.016 |   2.810 |    3.893 | 
     | U379                 | A ^ -> Z ^   | XOR2_X1   | 0.047 |   2.857 |    3.939 | 
     | U478                 | B2 ^ -> ZN v | OAI21_X1  | 0.020 |   2.876 |    3.959 | 
     | p_reg_Y_temp_reg_62_ | D v          | DFF_X1    | 0.000 |   2.876 |    3.959 | 
     +------------------------------------------------------------------------------+ 
Path 7: MET Setup Check with Pin p_reg_Y_temp_reg_57_/CK 
Endpoint:   p_reg_Y_temp_reg_57_/D (v) checked with  leading edge of 'CLK'
Beginpoint: A_reg_Y_temp_reg_5_/Q  (v) triggered by  leading edge of 'CLK'
Path Groups: {CLK}
Analysis View: default
Other End Arrival Time          0.050
- Setup                         0.025
+ Phase Shift                   3.989
- Uncertainty                   0.050
= Required Time                 3.963
- Arrival Time                  2.860
= Slack Time                    1.104
     Clock Rise Edge                 0.000
     + Clock Network Latency (Ideal) 0.050
     = Beginpoint Arrival Time       0.050
     +------------------------------------------------------------------------------+ 
     |       Instance       |     Arc      |   Cell    | Delay | Arrival | Required | 
     |                      |              |           |       |  Time   |   Time   | 
     |----------------------+--------------+-----------+-------+---------+----------| 
     | A_reg_Y_temp_reg_5_  | CK ^         |           |       |   0.050 |    1.154 | 
     | A_reg_Y_temp_reg_5_  | CK ^ -> Q v  | DFF_X1    | 0.094 |   0.144 |    1.247 | 
     | FE_OFC15_A_i_5       | A v -> Z v   | CLKBUF_X3 | 0.099 |   0.243 |    1.347 | 
     | U978                 | B v -> ZN v  | XNOR2_X1  | 0.114 |   0.357 |    1.461 | 
     | U984                 | A2 v -> ZN ^ | NOR2_X1   | 0.041 |   0.397 |    1.501 | 
     | FE_OFC33_n1048       | A ^ -> Z ^   | CLKBUF_X2 | 0.108 |   0.505 |    1.609 | 
     | U1244                | A1 ^ -> ZN v | NAND2_X1  | 0.028 |   0.533 |    1.637 | 
     | U1245                | A v -> ZN ^  | OAI21_X1  | 0.028 |   0.561 |    1.665 | 
     | U1246                | A ^ -> Z ^   | XOR2_X1   | 0.059 |   0.620 |    1.724 | 
     | U1324                | A ^ -> CO ^  | HA_X1     | 0.045 |   0.665 |    1.768 | 
     | U1307                | A ^ -> CO ^  | HA_X1     | 0.036 |   0.701 |    1.805 | 
     | U1387                | A ^ -> CO ^  | HA_X1     | 0.037 |   0.737 |    1.841 | 
     | U1302                | B ^ -> S v   | FA_X1     | 0.095 |   0.833 |    1.937 | 
     | U1395                | CI v -> S ^  | FA_X1     | 0.117 |   0.950 |    2.054 | 
     | U1397                | A1 ^ -> ZN v | NOR2_X1   | 0.013 |   0.963 |    2.067 | 
     | U1399                | B2 v -> ZN ^ | OAI21_X1  | 0.044 |   1.007 |    2.111 | 
     | U1402                | B2 ^ -> ZN v | AOI21_X1  | 0.025 |   1.032 |    2.136 | 
     | U1425                | B1 v -> ZN ^ | OAI21_X1  | 0.040 |   1.072 |    2.176 | 
     | U1453                | B1 ^ -> ZN v | AOI21_X1  | 0.026 |   1.098 |    2.202 | 
     | U1476                | B1 v -> ZN ^ | OAI21_X1  | 0.043 |   1.141 |    2.245 | 
     | U1499                | B1 ^ -> ZN v | AOI21_X1  | 0.032 |   1.172 |    2.276 | 
     | U1525                | B1 v -> ZN ^ | OAI21_X1  | 0.044 |   1.216 |    2.320 | 
     | U1552                | B1 ^ -> ZN v | AOI21_X1  | 0.028 |   1.244 |    2.348 | 
     | U1578                | B1 v -> ZN ^ | OAI21_X1  | 0.043 |   1.286 |    2.390 | 
     | U1608                | B1 ^ -> ZN v | AOI21_X1  | 0.026 |   1.313 |    2.417 | 
     | U1638                | B1 v -> ZN ^ | OAI21_X1  | 0.042 |   1.354 |    2.458 | 
     | U1669                | B1 ^ -> ZN v | AOI21_X1  | 0.026 |   1.380 |    2.484 | 
     | U1702                | B1 v -> ZN ^ | OAI21_X1  | 0.041 |   1.421 |    2.525 | 
     | U1737                | B1 ^ -> ZN v | AOI21_X1  | 0.026 |   1.447 |    2.551 | 
     | U1771                | B1 v -> ZN ^ | OAI21_X1  | 0.041 |   1.488 |    2.592 | 
     | U1810                | B1 ^ -> ZN v | AOI21_X1  | 0.026 |   1.514 |    2.618 | 
     | U1848                | B1 v -> ZN ^ | OAI21_X1  | 0.042 |   1.556 |    2.660 | 
     | U1887                | B1 ^ -> ZN v | AOI21_X1  | 0.026 |   1.582 |    2.685 | 
     | U1928                | B1 v -> ZN ^ | OAI21_X1  | 0.046 |   1.627 |    2.731 | 
     | U1971                | B1 ^ -> ZN v | AOI21_X1  | 0.033 |   1.660 |    2.764 | 
     | U2013                | B1 v -> ZN ^ | OAI21_X1  | 0.044 |   1.704 |    2.808 | 
     | U2058                | B1 ^ -> ZN v | AOI21_X1  | 0.028 |   1.732 |    2.836 | 
     | U2104                | B1 v -> ZN ^ | OAI21_X1  | 0.048 |   1.780 |    2.884 | 
     | U2153                | B1 ^ -> ZN v | AOI21_X1  | 0.028 |   1.808 |    2.912 | 
     | U2200                | B1 v -> ZN ^ | OAI21_X1  | 0.044 |   1.852 |    2.956 | 
     | U2242                | B1 ^ -> ZN v | AOI21_X1  | 0.028 |   1.880 |    2.984 | 
     | U2284                | B1 v -> ZN ^ | OAI21_X1  | 0.050 |   1.930 |    3.034 | 
     | U2316                | B1 ^ -> ZN v | AOI21_X1  | 0.028 |   1.959 |    3.062 | 
     | U2329                | B1 v -> ZN ^ | OAI21_X1  | 0.051 |   2.010 |    3.114 | 
     | U2339                | B1 ^ -> ZN v | AOI21_X1  | 0.028 |   2.038 |    3.142 | 
     | U2346                | B1 v -> ZN ^ | OAI21_X1  | 0.049 |   2.087 |    3.190 | 
     | U2349                | A1 ^ -> ZN v | NAND2_X1  | 0.016 |   2.103 |    3.207 | 
     | U264                 | A1 v -> ZN v | AND2_X1   | 0.035 |   2.138 |    3.242 | 
     | U295                 | B2 v -> ZN ^ | OAI21_X1  | 0.049 |   2.187 |    3.291 | 
     | U2352                | A1 ^ -> ZN v | NAND2_X1  | 0.015 |   2.202 |    3.306 | 
     | U474                 | A1 v -> ZN v | AND2_X1   | 0.034 |   2.236 |    3.340 | 
     | U293                 | B2 v -> ZN ^ | OAI21_X1  | 0.046 |   2.282 |    3.386 | 
     | U341                 | A1 ^ -> ZN v | NAND2_X1  | 0.017 |   2.300 |    3.403 | 
     | U448                 | A1 v -> ZN ^ | NAND2_X1  | 0.026 |   2.325 |    3.429 | 
     | U449                 | B1 ^ -> ZN v | AOI21_X1  | 0.023 |   2.349 |    3.453 | 
     | U339                 | B2 v -> ZN ^ | OAI21_X1  | 0.046 |   2.395 |    3.499 | 
     | U2372                | A1 ^ -> ZN v | NAND2_X1  | 0.015 |   2.410 |    3.514 | 
     | U338                 | A1 v -> ZN v | AND2_X1   | 0.036 |   2.446 |    3.550 | 
     | U289                 | B1 v -> ZN ^ | OAI21_X1  | 0.040 |   2.485 |    3.589 | 
     | U336                 | B1 ^ -> ZN v | AOI21_X1  | 0.027 |   2.512 |    3.616 | 
     | U450                 | B2 v -> ZN ^ | OAI21_X1  | 0.048 |   2.560 |    3.664 | 
     | U2396                | A1 ^ -> ZN v | NAND2_X1  | 0.015 |   2.575 |    3.679 | 
     | U335                 | A1 v -> ZN v | AND2_X1   | 0.034 |   2.609 |    3.712 | 
     | U288                 | B1 v -> ZN ^ | OAI21_X1  | 0.038 |   2.647 |    3.750 | 
     | U263                 | B1 ^ -> ZN v | AOI21_X1  | 0.026 |   2.673 |    3.777 | 
     | U287                 | B1 v -> ZN ^ | OAI21_X1  | 0.041 |   2.714 |    3.818 | 
     | U2455                | B1 ^ -> ZN v | AOI21_X1  | 0.021 |   2.735 |    3.839 | 
     | U262                 | A v -> ZN ^  | INV_X1    | 0.036 |   2.772 |    3.876 | 
     | U381                 | A ^ -> Z ^   | XOR2_X1   | 0.048 |   2.820 |    3.924 | 
     | U2809                | A1 ^ -> ZN ^ | OR2_X1    | 0.027 |   2.846 |    3.950 | 
     | U3063                | A2 ^ -> ZN v | NAND2_X1  | 0.013 |   2.859 |    3.963 | 
     | p_reg_Y_temp_reg_57_ | D v          | DFF_X1    | 0.000 |   2.860 |    3.963 | 
     +------------------------------------------------------------------------------+ 
Path 8: MET Setup Check with Pin p_reg_Y_temp_reg_56_/CK 
Endpoint:   p_reg_Y_temp_reg_56_/D (v) checked with  leading edge of 'CLK'
Beginpoint: A_reg_Y_temp_reg_5_/Q  (v) triggered by  leading edge of 'CLK'
Path Groups: {CLK}
Analysis View: default
Other End Arrival Time          0.050
- Setup                         0.025
+ Phase Shift                   3.989
- Uncertainty                   0.050
= Required Time                 3.963
- Arrival Time                  2.804
= Slack Time                    1.160
     Clock Rise Edge                 0.000
     + Clock Network Latency (Ideal) 0.050
     = Beginpoint Arrival Time       0.050
     +------------------------------------------------------------------------------+ 
     |       Instance       |     Arc      |   Cell    | Delay | Arrival | Required | 
     |                      |              |           |       |  Time   |   Time   | 
     |----------------------+--------------+-----------+-------+---------+----------| 
     | A_reg_Y_temp_reg_5_  | CK ^         |           |       |   0.050 |    1.210 | 
     | A_reg_Y_temp_reg_5_  | CK ^ -> Q v  | DFF_X1    | 0.094 |   0.144 |    1.303 | 
     | FE_OFC15_A_i_5       | A v -> Z v   | CLKBUF_X3 | 0.099 |   0.243 |    1.403 | 
     | U978                 | B v -> ZN v  | XNOR2_X1  | 0.114 |   0.357 |    1.517 | 
     | U984                 | A2 v -> ZN ^ | NOR2_X1   | 0.041 |   0.397 |    1.557 | 
     | FE_OFC33_n1048       | A ^ -> Z ^   | CLKBUF_X2 | 0.108 |   0.505 |    1.665 | 
     | U1244                | A1 ^ -> ZN v | NAND2_X1  | 0.028 |   0.533 |    1.693 | 
     | U1245                | A v -> ZN ^  | OAI21_X1  | 0.028 |   0.561 |    1.721 | 
     | U1246                | A ^ -> Z ^   | XOR2_X1   | 0.059 |   0.620 |    1.779 | 
     | U1324                | A ^ -> CO ^  | HA_X1     | 0.045 |   0.665 |    1.824 | 
     | U1307                | A ^ -> CO ^  | HA_X1     | 0.036 |   0.701 |    1.861 | 
     | U1387                | A ^ -> CO ^  | HA_X1     | 0.037 |   0.737 |    1.897 | 
     | U1302                | B ^ -> S v   | FA_X1     | 0.095 |   0.833 |    1.993 | 
     | U1395                | CI v -> S ^  | FA_X1     | 0.117 |   0.950 |    2.110 | 
     | U1397                | A1 ^ -> ZN v | NOR2_X1   | 0.013 |   0.963 |    2.123 | 
     | U1399                | B2 v -> ZN ^ | OAI21_X1  | 0.044 |   1.007 |    2.167 | 
     | U1402                | B2 ^ -> ZN v | AOI21_X1  | 0.025 |   1.032 |    2.192 | 
     | U1425                | B1 v -> ZN ^ | OAI21_X1  | 0.040 |   1.072 |    2.232 | 
     | U1453                | B1 ^ -> ZN v | AOI21_X1  | 0.026 |   1.098 |    2.258 | 
     | U1476                | B1 v -> ZN ^ | OAI21_X1  | 0.043 |   1.141 |    2.300 | 
     | U1499                | B1 ^ -> ZN v | AOI21_X1  | 0.032 |   1.172 |    2.332 | 
     | U1525                | B1 v -> ZN ^ | OAI21_X1  | 0.044 |   1.216 |    2.376 | 
     | U1552                | B1 ^ -> ZN v | AOI21_X1  | 0.028 |   1.244 |    2.404 | 
     | U1578                | B1 v -> ZN ^ | OAI21_X1  | 0.043 |   1.286 |    2.446 | 
     | U1608                | B1 ^ -> ZN v | AOI21_X1  | 0.026 |   1.313 |    2.473 | 
     | U1638                | B1 v -> ZN ^ | OAI21_X1  | 0.042 |   1.354 |    2.514 | 
     | U1669                | B1 ^ -> ZN v | AOI21_X1  | 0.026 |   1.380 |    2.540 | 
     | U1702                | B1 v -> ZN ^ | OAI21_X1  | 0.041 |   1.421 |    2.581 | 
     | U1737                | B1 ^ -> ZN v | AOI21_X1  | 0.026 |   1.447 |    2.606 | 
     | U1771                | B1 v -> ZN ^ | OAI21_X1  | 0.041 |   1.488 |    2.648 | 
     | U1810                | B1 ^ -> ZN v | AOI21_X1  | 0.026 |   1.514 |    2.674 | 
     | U1848                | B1 v -> ZN ^ | OAI21_X1  | 0.042 |   1.556 |    2.715 | 
     | U1887                | B1 ^ -> ZN v | AOI21_X1  | 0.026 |   1.582 |    2.741 | 
     | U1928                | B1 v -> ZN ^ | OAI21_X1  | 0.046 |   1.627 |    2.787 | 
     | U1971                | B1 ^ -> ZN v | AOI21_X1  | 0.033 |   1.660 |    2.820 | 
     | U2013                | B1 v -> ZN ^ | OAI21_X1  | 0.044 |   1.704 |    2.864 | 
     | U2058                | B1 ^ -> ZN v | AOI21_X1  | 0.028 |   1.732 |    2.892 | 
     | U2104                | B1 v -> ZN ^ | OAI21_X1  | 0.048 |   1.780 |    2.939 | 
     | U2153                | B1 ^ -> ZN v | AOI21_X1  | 0.028 |   1.808 |    2.967 | 
     | U2200                | B1 v -> ZN ^ | OAI21_X1  | 0.044 |   1.852 |    3.012 | 
     | U2242                | B1 ^ -> ZN v | AOI21_X1  | 0.028 |   1.880 |    3.040 | 
     | U2284                | B1 v -> ZN ^ | OAI21_X1  | 0.050 |   1.930 |    3.090 | 
     | U2316                | B1 ^ -> ZN v | AOI21_X1  | 0.028 |   1.959 |    3.118 | 
     | U2329                | B1 v -> ZN ^ | OAI21_X1  | 0.051 |   2.010 |    3.170 | 
     | U2339                | B1 ^ -> ZN v | AOI21_X1  | 0.028 |   2.038 |    3.198 | 
     | U2346                | B1 v -> ZN ^ | OAI21_X1  | 0.049 |   2.087 |    3.246 | 
     | U2349                | A1 ^ -> ZN v | NAND2_X1  | 0.016 |   2.103 |    3.263 | 
     | U264                 | A1 v -> ZN v | AND2_X1   | 0.035 |   2.138 |    3.298 | 
     | U295                 | B2 v -> ZN ^ | OAI21_X1  | 0.049 |   2.187 |    3.347 | 
     | U2352                | A1 ^ -> ZN v | NAND2_X1  | 0.015 |   2.202 |    3.362 | 
     | U474                 | A1 v -> ZN v | AND2_X1   | 0.034 |   2.236 |    3.396 | 
     | U293                 | B2 v -> ZN ^ | OAI21_X1  | 0.046 |   2.282 |    3.442 | 
     | U341                 | A1 ^ -> ZN v | NAND2_X1  | 0.017 |   2.300 |    3.459 | 
     | U448                 | A1 v -> ZN ^ | NAND2_X1  | 0.026 |   2.325 |    3.485 | 
     | U449                 | B1 ^ -> ZN v | AOI21_X1  | 0.023 |   2.349 |    3.508 | 
     | U339                 | B2 v -> ZN ^ | OAI21_X1  | 0.046 |   2.395 |    3.555 | 
     | U2372                | A1 ^ -> ZN v | NAND2_X1  | 0.015 |   2.410 |    3.570 | 
     | U338                 | A1 v -> ZN v | AND2_X1   | 0.036 |   2.446 |    3.605 | 
     | U289                 | B1 v -> ZN ^ | OAI21_X1  | 0.040 |   2.485 |    3.645 | 
     | U336                 | B1 ^ -> ZN v | AOI21_X1  | 0.027 |   2.512 |    3.672 | 
     | U450                 | B2 v -> ZN ^ | OAI21_X1  | 0.048 |   2.560 |    3.720 | 
     | U2396                | A1 ^ -> ZN v | NAND2_X1  | 0.015 |   2.575 |    3.735 | 
     | U335                 | A1 v -> ZN v | AND2_X1   | 0.034 |   2.609 |    3.768 | 
     | U288                 | B1 v -> ZN ^ | OAI21_X1  | 0.038 |   2.647 |    3.806 | 
     | U263                 | B1 ^ -> ZN v | AOI21_X1  | 0.026 |   2.673 |    3.833 | 
     | U287                 | B1 v -> ZN ^ | OAI21_X1  | 0.041 |   2.714 |    3.874 | 
     | U454                 | A ^ -> Z ^   | XOR2_X1   | 0.048 |   2.762 |    3.922 | 
     | U2808                | A1 ^ -> ZN ^ | OR2_X1    | 0.028 |   2.790 |    3.950 | 
     | U3061                | A2 ^ -> ZN v | NAND2_X1  | 0.013 |   2.804 |    3.963 | 
     | p_reg_Y_temp_reg_56_ | D v          | DFF_X1    | 0.000 |   2.804 |    3.963 | 
     +------------------------------------------------------------------------------+ 
Path 9: MET Setup Check with Pin p_reg_Y_temp_reg_55_/CK 
Endpoint:   p_reg_Y_temp_reg_55_/D (^) checked with  leading edge of 'CLK'
Beginpoint: A_reg_Y_temp_reg_5_/Q  (v) triggered by  leading edge of 'CLK'
Path Groups: {CLK}
Analysis View: default
Other End Arrival Time          0.050
- Setup                         0.027
+ Phase Shift                   3.989
- Uncertainty                   0.050
= Required Time                 3.962
- Arrival Time                  2.778
= Slack Time                    1.184
     Clock Rise Edge                 0.000
     + Clock Network Latency (Ideal) 0.050
     = Beginpoint Arrival Time       0.050
     +------------------------------------------------------------------------------+ 
     |       Instance       |     Arc      |   Cell    | Delay | Arrival | Required | 
     |                      |              |           |       |  Time   |   Time   | 
     |----------------------+--------------+-----------+-------+---------+----------| 
     | A_reg_Y_temp_reg_5_  | CK ^         |           |       |   0.050 |    1.234 | 
     | A_reg_Y_temp_reg_5_  | CK ^ -> Q v  | DFF_X1    | 0.094 |   0.144 |    1.328 | 
     | FE_OFC15_A_i_5       | A v -> Z v   | CLKBUF_X3 | 0.099 |   0.243 |    1.427 | 
     | U978                 | B v -> ZN v  | XNOR2_X1  | 0.114 |   0.357 |    1.541 | 
     | U984                 | A2 v -> ZN ^ | NOR2_X1   | 0.041 |   0.397 |    1.582 | 
     | FE_OFC33_n1048       | A ^ -> Z ^   | CLKBUF_X2 | 0.108 |   0.505 |    1.689 | 
     | U1244                | A1 ^ -> ZN v | NAND2_X1  | 0.028 |   0.533 |    1.718 | 
     | U1245                | A v -> ZN ^  | OAI21_X1  | 0.028 |   0.561 |    1.745 | 
     | U1246                | A ^ -> Z ^   | XOR2_X1   | 0.059 |   0.620 |    1.804 | 
     | U1324                | A ^ -> CO ^  | HA_X1     | 0.045 |   0.665 |    1.849 | 
     | U1307                | A ^ -> CO ^  | HA_X1     | 0.036 |   0.701 |    1.885 | 
     | U1387                | A ^ -> CO ^  | HA_X1     | 0.037 |   0.737 |    1.922 | 
     | U1302                | B ^ -> S v   | FA_X1     | 0.095 |   0.833 |    2.017 | 
     | U1395                | CI v -> S ^  | FA_X1     | 0.117 |   0.950 |    2.134 | 
     | U1397                | A1 ^ -> ZN v | NOR2_X1   | 0.013 |   0.963 |    2.147 | 
     | U1399                | B2 v -> ZN ^ | OAI21_X1  | 0.044 |   1.007 |    2.191 | 
     | U1402                | B2 ^ -> ZN v | AOI21_X1  | 0.025 |   1.032 |    2.217 | 
     | U1425                | B1 v -> ZN ^ | OAI21_X1  | 0.040 |   1.072 |    2.256 | 
     | U1453                | B1 ^ -> ZN v | AOI21_X1  | 0.026 |   1.098 |    2.282 | 
     | U1476                | B1 v -> ZN ^ | OAI21_X1  | 0.043 |   1.141 |    2.325 | 
     | U1499                | B1 ^ -> ZN v | AOI21_X1  | 0.032 |   1.172 |    2.357 | 
     | U1525                | B1 v -> ZN ^ | OAI21_X1  | 0.044 |   1.216 |    2.401 | 
     | U1552                | B1 ^ -> ZN v | AOI21_X1  | 0.028 |   1.244 |    2.428 | 
     | U1578                | B1 v -> ZN ^ | OAI21_X1  | 0.043 |   1.286 |    2.471 | 
     | U1608                | B1 ^ -> ZN v | AOI21_X1  | 0.026 |   1.313 |    2.497 | 
     | U1638                | B1 v -> ZN ^ | OAI21_X1  | 0.042 |   1.354 |    2.539 | 
     | U1669                | B1 ^ -> ZN v | AOI21_X1  | 0.026 |   1.380 |    2.564 | 
     | U1702                | B1 v -> ZN ^ | OAI21_X1  | 0.041 |   1.421 |    2.605 | 
     | U1737                | B1 ^ -> ZN v | AOI21_X1  | 0.026 |   1.447 |    2.631 | 
     | U1771                | B1 v -> ZN ^ | OAI21_X1  | 0.041 |   1.488 |    2.672 | 
     | U1810                | B1 ^ -> ZN v | AOI21_X1  | 0.026 |   1.514 |    2.698 | 
     | U1848                | B1 v -> ZN ^ | OAI21_X1  | 0.042 |   1.556 |    2.740 | 
     | U1887                | B1 ^ -> ZN v | AOI21_X1  | 0.026 |   1.582 |    2.766 | 
     | U1928                | B1 v -> ZN ^ | OAI21_X1  | 0.046 |   1.627 |    2.811 | 
     | U1971                | B1 ^ -> ZN v | AOI21_X1  | 0.033 |   1.660 |    2.844 | 
     | U2013                | B1 v -> ZN ^ | OAI21_X1  | 0.044 |   1.704 |    2.888 | 
     | U2058                | B1 ^ -> ZN v | AOI21_X1  | 0.028 |   1.732 |    2.916 | 
     | U2104                | B1 v -> ZN ^ | OAI21_X1  | 0.048 |   1.780 |    2.964 | 
     | U2153                | B1 ^ -> ZN v | AOI21_X1  | 0.028 |   1.808 |    2.992 | 
     | U2200                | B1 v -> ZN ^ | OAI21_X1  | 0.044 |   1.852 |    3.036 | 
     | U2242                | B1 ^ -> ZN v | AOI21_X1  | 0.028 |   1.880 |    3.064 | 
     | U2284                | B1 v -> ZN ^ | OAI21_X1  | 0.050 |   1.930 |    3.115 | 
     | U2316                | B1 ^ -> ZN v | AOI21_X1  | 0.028 |   1.959 |    3.143 | 
     | U2329                | B1 v -> ZN ^ | OAI21_X1  | 0.051 |   2.010 |    3.194 | 
     | U2339                | B1 ^ -> ZN v | AOI21_X1  | 0.028 |   2.038 |    3.222 | 
     | U2346                | B1 v -> ZN ^ | OAI21_X1  | 0.049 |   2.087 |    3.271 | 
     | U2349                | A1 ^ -> ZN v | NAND2_X1  | 0.016 |   2.103 |    3.287 | 
     | U264                 | A1 v -> ZN v | AND2_X1   | 0.035 |   2.138 |    3.322 | 
     | U295                 | B2 v -> ZN ^ | OAI21_X1  | 0.049 |   2.187 |    3.371 | 
     | U2352                | A1 ^ -> ZN v | NAND2_X1  | 0.015 |   2.202 |    3.386 | 
     | U474                 | A1 v -> ZN v | AND2_X1   | 0.034 |   2.236 |    3.420 | 
     | U293                 | B2 v -> ZN ^ | OAI21_X1  | 0.046 |   2.282 |    3.466 | 
     | U341                 | A1 ^ -> ZN v | NAND2_X1  | 0.017 |   2.300 |    3.484 | 
     | U448                 | A1 v -> ZN ^ | NAND2_X1  | 0.026 |   2.325 |    3.510 | 
     | U449                 | B1 ^ -> ZN v | AOI21_X1  | 0.023 |   2.349 |    3.533 | 
     | U339                 | B2 v -> ZN ^ | OAI21_X1  | 0.046 |   2.395 |    3.579 | 
     | U2372                | A1 ^ -> ZN v | NAND2_X1  | 0.015 |   2.410 |    3.594 | 
     | U338                 | A1 v -> ZN v | AND2_X1   | 0.036 |   2.446 |    3.630 | 
     | U289                 | B1 v -> ZN ^ | OAI21_X1  | 0.040 |   2.485 |    3.670 | 
     | U336                 | B1 ^ -> ZN v | AOI21_X1  | 0.027 |   2.512 |    3.696 | 
     | U450                 | B2 v -> ZN ^ | OAI21_X1  | 0.048 |   2.560 |    3.744 | 
     | U2396                | A1 ^ -> ZN v | NAND2_X1  | 0.015 |   2.575 |    3.759 | 
     | U335                 | A1 v -> ZN v | AND2_X1   | 0.034 |   2.609 |    3.793 | 
     | U288                 | B1 v -> ZN ^ | OAI21_X1  | 0.038 |   2.647 |    3.831 | 
     | U263                 | B1 ^ -> ZN v | AOI21_X1  | 0.026 |   2.673 |    3.857 | 
     | U453                 | A v -> ZN v  | XNOR2_X1  | 0.039 |   2.712 |    3.896 | 
     | U2807                | A1 v -> ZN v | OR2_X1    | 0.048 |   2.760 |    3.944 | 
     | U3059                | A2 v -> ZN ^ | NAND2_X1  | 0.017 |   2.778 |    3.962 | 
     | p_reg_Y_temp_reg_55_ | D ^          | DFF_X1    | 0.000 |   2.778 |    3.962 | 
     +------------------------------------------------------------------------------+ 
Path 10: MET Setup Check with Pin p_reg_Y_temp_reg_54_/CK 
Endpoint:   p_reg_Y_temp_reg_54_/D (v) checked with  leading edge of 'CLK'
Beginpoint: A_reg_Y_temp_reg_5_/Q  (v) triggered by  leading edge of 'CLK'
Path Groups: {CLK}
Analysis View: default
Other End Arrival Time          0.050
- Setup                         0.026
+ Phase Shift                   3.989
- Uncertainty                   0.050
= Required Time                 3.963
- Arrival Time                  2.739
= Slack Time                    1.225
     Clock Rise Edge                 0.000
     + Clock Network Latency (Ideal) 0.050
     = Beginpoint Arrival Time       0.050
     +------------------------------------------------------------------------------+ 
     |       Instance       |     Arc      |   Cell    | Delay | Arrival | Required | 
     |                      |              |           |       |  Time   |   Time   | 
     |----------------------+--------------+-----------+-------+---------+----------| 
     | A_reg_Y_temp_reg_5_  | CK ^         |           |       |   0.050 |    1.275 | 
     | A_reg_Y_temp_reg_5_  | CK ^ -> Q v  | DFF_X1    | 0.094 |   0.144 |    1.368 | 
     | FE_OFC15_A_i_5       | A v -> Z v   | CLKBUF_X3 | 0.099 |   0.243 |    1.467 | 
     | U978                 | B v -> ZN v  | XNOR2_X1  | 0.114 |   0.357 |    1.581 | 
     | U984                 | A2 v -> ZN ^ | NOR2_X1   | 0.041 |   0.397 |    1.622 | 
     | FE_OFC33_n1048       | A ^ -> Z ^   | CLKBUF_X2 | 0.108 |   0.505 |    1.730 | 
     | U1244                | A1 ^ -> ZN v | NAND2_X1  | 0.028 |   0.533 |    1.758 | 
     | U1245                | A v -> ZN ^  | OAI21_X1  | 0.028 |   0.561 |    1.786 | 
     | U1246                | A ^ -> Z ^   | XOR2_X1   | 0.059 |   0.620 |    1.844 | 
     | U1324                | A ^ -> CO ^  | HA_X1     | 0.045 |   0.665 |    1.889 | 
     | U1307                | A ^ -> CO ^  | HA_X1     | 0.036 |   0.701 |    1.925 | 
     | U1387                | A ^ -> CO ^  | HA_X1     | 0.037 |   0.737 |    1.962 | 
     | U1302                | B ^ -> S v   | FA_X1     | 0.095 |   0.833 |    2.057 | 
     | U1395                | CI v -> S ^  | FA_X1     | 0.117 |   0.950 |    2.175 | 
     | U1397                | A1 ^ -> ZN v | NOR2_X1   | 0.013 |   0.963 |    2.188 | 
     | U1399                | B2 v -> ZN ^ | OAI21_X1  | 0.044 |   1.007 |    2.232 | 
     | U1402                | B2 ^ -> ZN v | AOI21_X1  | 0.025 |   1.032 |    2.257 | 
     | U1425                | B1 v -> ZN ^ | OAI21_X1  | 0.040 |   1.072 |    2.297 | 
     | U1453                | B1 ^ -> ZN v | AOI21_X1  | 0.026 |   1.098 |    2.323 | 
     | U1476                | B1 v -> ZN ^ | OAI21_X1  | 0.043 |   1.141 |    2.365 | 
     | U1499                | B1 ^ -> ZN v | AOI21_X1  | 0.032 |   1.172 |    2.397 | 
     | U1525                | B1 v -> ZN ^ | OAI21_X1  | 0.044 |   1.216 |    2.441 | 
     | U1552                | B1 ^ -> ZN v | AOI21_X1  | 0.028 |   1.244 |    2.469 | 
     | U1578                | B1 v -> ZN ^ | OAI21_X1  | 0.043 |   1.286 |    2.511 | 
     | U1608                | B1 ^ -> ZN v | AOI21_X1  | 0.026 |   1.313 |    2.537 | 
     | U1638                | B1 v -> ZN ^ | OAI21_X1  | 0.042 |   1.354 |    2.579 | 
     | U1669                | B1 ^ -> ZN v | AOI21_X1  | 0.026 |   1.380 |    2.605 | 
     | U1702                | B1 v -> ZN ^ | OAI21_X1  | 0.041 |   1.421 |    2.646 | 
     | U1737                | B1 ^ -> ZN v | AOI21_X1  | 0.026 |   1.447 |    2.671 | 
     | U1771                | B1 v -> ZN ^ | OAI21_X1  | 0.041 |   1.488 |    2.712 | 
     | U1810                | B1 ^ -> ZN v | AOI21_X1  | 0.026 |   1.514 |    2.738 | 
     | U1848                | B1 v -> ZN ^ | OAI21_X1  | 0.042 |   1.556 |    2.780 | 
     | U1887                | B1 ^ -> ZN v | AOI21_X1  | 0.026 |   1.582 |    2.806 | 
     | U1928                | B1 v -> ZN ^ | OAI21_X1  | 0.046 |   1.627 |    2.852 | 
     | U1971                | B1 ^ -> ZN v | AOI21_X1  | 0.033 |   1.660 |    2.885 | 
     | U2013                | B1 v -> ZN ^ | OAI21_X1  | 0.044 |   1.704 |    2.929 | 
     | U2058                | B1 ^ -> ZN v | AOI21_X1  | 0.028 |   1.732 |    2.957 | 
     | U2104                | B1 v -> ZN ^ | OAI21_X1  | 0.048 |   1.780 |    3.004 | 
     | U2153                | B1 ^ -> ZN v | AOI21_X1  | 0.028 |   1.808 |    3.032 | 
     | U2200                | B1 v -> ZN ^ | OAI21_X1  | 0.044 |   1.852 |    3.076 | 
     | U2242                | B1 ^ -> ZN v | AOI21_X1  | 0.028 |   1.880 |    3.105 | 
     | U2284                | B1 v -> ZN ^ | OAI21_X1  | 0.050 |   1.930 |    3.155 | 
     | U2316                | B1 ^ -> ZN v | AOI21_X1  | 0.028 |   1.959 |    3.183 | 
     | U2329                | B1 v -> ZN ^ | OAI21_X1  | 0.051 |   2.010 |    3.235 | 
     | U2339                | B1 ^ -> ZN v | AOI21_X1  | 0.028 |   2.038 |    3.262 | 
     | U2346                | B1 v -> ZN ^ | OAI21_X1  | 0.049 |   2.087 |    3.311 | 
     | U2349                | A1 ^ -> ZN v | NAND2_X1  | 0.016 |   2.103 |    3.327 | 
     | U264                 | A1 v -> ZN v | AND2_X1   | 0.035 |   2.138 |    3.363 | 
     | U295                 | B2 v -> ZN ^ | OAI21_X1  | 0.049 |   2.187 |    3.412 | 
     | U2352                | A1 ^ -> ZN v | NAND2_X1  | 0.015 |   2.202 |    3.427 | 
     | U474                 | A1 v -> ZN v | AND2_X1   | 0.034 |   2.236 |    3.461 | 
     | U293                 | B2 v -> ZN ^ | OAI21_X1  | 0.046 |   2.282 |    3.507 | 
     | U341                 | A1 ^ -> ZN v | NAND2_X1  | 0.017 |   2.300 |    3.524 | 
     | U448                 | A1 v -> ZN ^ | NAND2_X1  | 0.026 |   2.325 |    3.550 | 
     | U449                 | B1 ^ -> ZN v | AOI21_X1  | 0.023 |   2.349 |    3.573 | 
     | U339                 | B2 v -> ZN ^ | OAI21_X1  | 0.046 |   2.395 |    3.620 | 
     | U2372                | A1 ^ -> ZN v | NAND2_X1  | 0.015 |   2.410 |    3.634 | 
     | U338                 | A1 v -> ZN v | AND2_X1   | 0.036 |   2.446 |    3.670 | 
     | U289                 | B1 v -> ZN ^ | OAI21_X1  | 0.040 |   2.485 |    3.710 | 
     | U336                 | B1 ^ -> ZN v | AOI21_X1  | 0.027 |   2.512 |    3.737 | 
     | U450                 | B2 v -> ZN ^ | OAI21_X1  | 0.048 |   2.560 |    3.785 | 
     | U2396                | A1 ^ -> ZN v | NAND2_X1  | 0.015 |   2.575 |    3.800 | 
     | U335                 | A1 v -> ZN v | AND2_X1   | 0.034 |   2.609 |    3.833 | 
     | U288                 | B1 v -> ZN ^ | OAI21_X1  | 0.038 |   2.647 |    3.871 | 
     | U452                 | A ^ -> Z ^   | XOR2_X1   | 0.051 |   2.698 |    3.922 | 
     | U2806                | A1 ^ -> ZN ^ | OR2_X1    | 0.028 |   2.726 |    3.950 | 
     | U3057                | A2 ^ -> ZN v | NAND2_X1  | 0.013 |   2.739 |    3.963 | 
     | p_reg_Y_temp_reg_54_ | D v          | DFF_X1    | 0.000 |   2.739 |    3.963 | 
     +------------------------------------------------------------------------------+ 

