
Power Net Detected:
        Voltage	    Name
             0V	    gnd
           1.1V	    vdd
Using Power View: default.
AAE_INFO: opIsDesignInPostRouteState() is 1
#################################################################################
# Design Stage: PostRoute
# Design Name: boothmul_registered
# Design Mode: 45nm
# Analysis Mode: MMMC OCV 
# Parasitics Mode: SPEF/RCDB 
# Signoff Settings: SI Off 
#################################################################################
Start delay calculation (fullDC) (4 T). (MEM=3432.3)
Total number of fetched objects 3424
AAE_INFO: Total number of nets for which stage creation was skipped for all views 0
End delay calculation. (MEM=3478.43 CPU=0:00:01.4 REAL=0:00:01.0)
End delay calculation (fullDC). (MEM=3478.43 CPU=0:00:01.6 REAL=0:00:01.0)
Load RC corner of view default

Begin Power Analysis

             0V	    gnd
           1.1V	    vdd

Begin Processing Timing Library for Power Calculation

Ended Processing Timing Library for Power Calculation: (cpu=0:00:00, real=0:00:00, mem(process/total/peak)=3446.89MB/7965.74MB/3446.89MB)



Begin Processing Power Net/Grid for Power Calculation

Ended Processing Power Net/Grid for Power Calculation: (cpu=0:00:00, real=0:00:00, mem(process/total/peak)=3446.89MB/7965.74MB/3446.89MB)

Begin Processing Timing Window Data for Power Calculation

CLK(250.696MHz) CK: assigning clock CLK to net CLK
Ended Processing Timing Window Data for Power Calculation: (cpu=0:00:00, real=0:00:00, mem(process/total/peak)=3450.64MB/8229.76MB/3450.64MB)

Begin Processing User Attributes

Ended Processing User Attributes: (cpu=0:00:00, real=0:00:00, mem(process/total/peak)=3450.89MB/8229.76MB/3450.89MB)

Begin Processing Signal Activity


Starting Levelizing
2026-Oct-10 22:25:10 (2026-Oct-10 20:25:10 GMT)
2026-Oct-10 22:25:10 (2026-Oct-10 20:25:10 GMT): 10%
2026-Oct-10 22:25:10 (2026-Oct-10 20:25:10 GMT): 20%
2026-Oct-10 22:25:10 (2026-Oct-10 20:25:10 GMT): 30%
2026-Oct-10 22:25:10 (2026-Oct-10 20:25:10 GMT): 40%
2026-Oct-10 22:25:10 (2026-Oct-10 20:25:10 GMT): 50%
2026-Oct-10 22:25:10 (2026-Oct-10 20:25:10 GMT): 60%
2026-Oct-10 22:25:10 (2026-Oct-10 20:25:10 GMT): 70%
2026-Oct-10 22:25:10 (2026-Oct-10 20:25:10 GMT): 80%
2026-Oct-10 22:25:10 (2026-Oct-10 20:25:10 GMT): 90%

Finished Levelizing
2026-Oct-10 22:25:10 (2026-Oct-10 20:25:10 GMT)

Starting Activity Propagation
2026-Oct-10 22:25:10 (2026-Oct-10 20:25:10 GMT)
** INFO:  (VOLTUS_POWR-1356): No default input activity has been set. Defaulting to 0.2.
Use 'set_default_switching_activity -input_activity' command to change the default activity value.

2026-Oct-10 22:25:10 (2026-Oct-10 20:25:10 GMT): 10%
2026-Oct-10 22:25:10 (2026-Oct-10 20:25:10 GMT): 20%
2026-Oct-10 22:25:10 (2026-Oct-10 20:25:10 GMT): 30%

Finished Activity Propagation
2026-Oct-10 22:25:10 (2026-Oct-10 20:25:10 GMT)
Ended Processing Signal Activity: (cpu=0:00:00, real=0:00:00, mem(process/total/peak)=3451.14MB/8229.76MB/3451.14MB)

Begin Power Computation

      ----------------------------------------------------------
      # of cell(s) missing both power/leakage table: 0
      # of cell(s) missing power table: 0
      # of cell(s) missing leakage table: 0
      ----------------------------------------------------------



Starting Calculating power
2026-Oct-10 22:25:10 (2026-Oct-10 20:25:10 GMT)
2026-Oct-10 22:25:11 (2026-Oct-10 20:25:11 GMT): 10%
2026-Oct-10 22:25:11 (2026-Oct-10 20:25:11 GMT): 20%
2026-Oct-10 22:25:11 (2026-Oct-10 20:25:11 GMT): 30%
2026-Oct-10 22:25:11 (2026-Oct-10 20:25:11 GMT): 40%
2026-Oct-10 22:25:11 (2026-Oct-10 20:25:11 GMT): 50%
2026-Oct-10 22:25:11 (2026-Oct-10 20:25:11 GMT): 60%
2026-Oct-10 22:25:11 (2026-Oct-10 20:25:11 GMT): 70%
2026-Oct-10 22:25:11 (2026-Oct-10 20:25:11 GMT): 80%
2026-Oct-10 22:25:11 (2026-Oct-10 20:25:11 GMT): 90%

Finished Calculating power
2026-Oct-10 22:25:11 (2026-Oct-10 20:25:11 GMT)
      # of MSMV cell(s) missing power_level: 0
Ended Power Computation: (cpu=0:00:00, real=0:00:00, mem(process/total/peak)=3463.64MB/8269.77MB/3463.64MB)

Begin Processing User Attributes

Begin Processing set_power
Ended Processing set_power: (cpu=0:00:00, real=0:00:00,
mem(process/total/peak)=3463.64MB/8269.77MB/3463.64MB)
Ended Processing User Attributes: (cpu=0:00:00, real=0:00:00, mem(process/total/peak)=3463.64MB/8269.77MB/3463.64MB)

Ended Power Analysis: (cpu=0:00:00, real=0:00:00, mem(process/total/peak)=3463.64MB/8269.77MB/3463.64MB)

Begin Boundary Leakage Calculation
Ended Boundary Leakage Calculation: (cpu=0:00:00, real=0:00:00,
mem(process/total/peak)=3463.64MB/8269.77MB/3463.64MB)
Begin Static Power Report Generation
*----------------------------------------------------------------------------------------
*	Innovus 23.35-s106_1 (64bit) 07/16/2025 17:52 (Linux 3.10.0-693.el7.x86_64)
*	
*
* 	Date & Time:	2026-Oct-10 22:25:11 (2026-Oct-10 20:25:11 GMT)
*
*----------------------------------------------------------------------------------------
*
*	Design: boothmul_registered
*
*	Liberty Libraries used:
*	        default: /eda/dk/nangate45/liberty/NangateOpenCellLibrary_typical_ecsm_nowlm.lib
*
*	Parasitic Files used:
*
*       Power View : default
*
*       User-Defined Activity : N.A.
*
*       Activity File: N.A.
*
*       Hierarchical Global Activity: N.A.
*
*       Global Activity: N.A.
*
*       Sequential Element Activity: 0.200000
*
*       Primary Input Activity: 0.200000
*
*       Default icg ratio: N.A.
*
*       Global Comb ClockGate Ratio: N.A.
*
*	Power Units = 1mW
*
*	Time Units = 1e-09 secs
*
*       report_power
*
-----------------------------------------------------------------------------------------
*



Total Power
-----------------------------------------------------------------------------------------
Total Internal Power:        1.51331094 	   51.5037%
Total Switching Power:       1.32058566 	   44.9445%
Total Leakage Power:         0.10436254 	    3.5518%
Total Power:                 2.93825913
-----------------------------------------------------------------------------------------


Group                           Internal   Switching     Leakage       Total  Percentage 
                                Power      Power         Power         Power  (%)        
-----------------------------------------------------------------------------------------
Sequential                        0.2444     0.09621     0.01109      0.3517       11.97
Macro                                  0           0           0           0           0
IO                                     0           0           0           0           0
Combinational                      1.261       1.175     0.09318       2.529       86.06
Clock (Combinational)           0.008057     0.04971   9.167e-05     0.05786       1.969
Clock (Sequential)                     0           0           0           0           0
-----------------------------------------------------------------------------------------
Total                              1.513       1.321      0.1044       2.938         100
-----------------------------------------------------------------------------------------


Rail                  Voltage   Internal   Switching     Leakage       Total  Percentage 
                                Power      Power         Power         Power  (%)        
-----------------------------------------------------------------------------------------
vdd                       1.1      1.513       1.321      0.1044       2.938         100


Clock                           Internal   Switching     Leakage       Total  Percentage 
                                Power      Power         Power         Power  (%)        
-----------------------------------------------------------------------------------------
CLK                             0.008057     0.04971   9.167e-05     0.05786       1.969
-----------------------------------------------------------------------------------------
Total                           0.008057     0.04971   9.167e-05     0.05786       1.969
-----------------------------------------------------------------------------------------
Clock: CLK
Clock Period: 0.003989 usec 
Clock Toggle Rate:   501.3914 Mhz 
Clock Static Probability:  0.5000
  
 
 
-----------------------------------------------------------------------------------------
*	Power Distribution Summary: 
*              Highest Average Power:       CTS_ccl_a_buf_00002 (CLKBUF_X3):          0.01993
*              Highest Leakage Power:      A_reg_Y_temp_reg_23_ (DFF_X2):        0.0001142
*                Total Cap:      1.79876e-11 F
*                Total instances in design:  2925
*                Total instances in design with no power:     0
*                Total instances in design with no activty:     0

*                Total Fillers and Decap:     0
-----------------------------------------------------------------------------------------
 
** INFO:  (VOLTUS_POWR-3465): There are 0 decaps and 0 fillers in the design

Ended Static Power Report Generation: (cpu=0:00:00, real=0:00:00,
mem(process/total/peak)=3464.89MB/8269.77MB/3464.89MB)

