###############################################################
#  Generated by:      Cadence Innovus 23.35-s106_1
#  OS:                Linux x86_64(Host ID microsys.openstack.polito)
#  Generated on:      Sat Oct 10 20:23:46 2026
#  Design:            boothmul_registered
#  Command:           report_timing -early -max_paths 10 > reports/10_hold_paths.rpt
###############################################################
Path 1: MET Hold Check with Pin p_reg_Y_temp_reg_1_/CK 
Endpoint:   p_reg_Y_temp_reg_1_/D  (v) checked with  leading edge of 'CLK'
Beginpoint: p_reg_Y_temp_reg_1_/QN (^) triggered by  leading edge of 'CLK'
Path Groups: {CLK}
Analysis View: default
Other End Arrival Time          0.052
+ Hold                          0.011
+ Phase Shift                   0.000
- CPPR Adjustment               0.000
+ Uncertainty                   0.050
= Required Time                 0.113
  Arrival Time                  0.164
  Slack Time                    0.050
     Clock Rise Edge                 0.000
     + Clock Network Latency (Prop)  0.071
     = Beginpoint Arrival Time       0.071
     +----------------------------------------------------------------------------+ 
     |      Instance       |     Arc      |   Cell   | Delay | Arrival | Required | 
     |                     |              |          |       |  Time   |   Time   | 
     |---------------------+--------------+----------+-------+---------+----------| 
     | p_reg_Y_temp_reg_1_ | CK ^         |          |       |   0.071 |    0.021 | 
     | p_reg_Y_temp_reg_1_ | CK ^ -> QN ^ | DFF_X1   | 0.077 |   0.148 |    0.098 | 
     | U4394               | B2 ^ -> ZN v | OAI22_X1 | 0.015 |   0.164 |    0.113 | 
     | p_reg_Y_temp_reg_1_ | D v          | DFF_X1   | 0.000 |   0.164 |    0.113 | 
     +----------------------------------------------------------------------------+ 
Path 2: MET Hold Check with Pin p_reg_Y_temp_reg_3_/CK 
Endpoint:   p_reg_Y_temp_reg_3_/D  (v) checked with  leading edge of 'CLK'
Beginpoint: p_reg_Y_temp_reg_3_/QN (^) triggered by  leading edge of 'CLK'
Path Groups: {CLK}
Analysis View: default
Other End Arrival Time          0.052
+ Hold                          0.011
+ Phase Shift                   0.000
- CPPR Adjustment               0.000
+ Uncertainty                   0.050
= Required Time                 0.113
  Arrival Time                  0.164
  Slack Time                    0.051
     Clock Rise Edge                 0.000
     + Clock Network Latency (Prop)  0.071
     = Beginpoint Arrival Time       0.071
     +----------------------------------------------------------------------------+ 
     |      Instance       |     Arc      |   Cell   | Delay | Arrival | Required | 
     |                     |              |          |       |  Time   |   Time   | 
     |---------------------+--------------+----------+-------+---------+----------| 
     | p_reg_Y_temp_reg_3_ | CK ^         |          |       |   0.071 |    0.021 | 
     | p_reg_Y_temp_reg_3_ | CK ^ -> QN ^ | DFF_X1   | 0.077 |   0.148 |    0.098 | 
     | U4386               | B2 ^ -> ZN v | OAI22_X1 | 0.016 |   0.164 |    0.113 | 
     | p_reg_Y_temp_reg_3_ | D v          | DFF_X1   | 0.000 |   0.164 |    0.113 | 
     +----------------------------------------------------------------------------+ 
Path 3: MET Hold Check with Pin p_reg_Y_temp_reg_2_/CK 
Endpoint:   p_reg_Y_temp_reg_2_/D  (v) checked with  leading edge of 'CLK'
Beginpoint: p_reg_Y_temp_reg_2_/QN (^) triggered by  leading edge of 'CLK'
Path Groups: {CLK}
Analysis View: default
Other End Arrival Time          0.052
+ Hold                          0.011
+ Phase Shift                   0.000
- CPPR Adjustment               0.000
+ Uncertainty                   0.050
= Required Time                 0.113
  Arrival Time                  0.164
  Slack Time                    0.051
     Clock Rise Edge                 0.000
     + Clock Network Latency (Prop)  0.071
     = Beginpoint Arrival Time       0.071
     +----------------------------------------------------------------------------+ 
     |      Instance       |     Arc      |   Cell   | Delay | Arrival | Required | 
     |                     |              |          |       |  Time   |   Time   | 
     |---------------------+--------------+----------+-------+---------+----------| 
     | p_reg_Y_temp_reg_2_ | CK ^         |          |       |   0.071 |    0.020 | 
     | p_reg_Y_temp_reg_2_ | CK ^ -> QN ^ | DFF_X1   | 0.078 |   0.149 |    0.098 | 
     | U4389               | B2 ^ -> ZN v | OAI21_X1 | 0.015 |   0.164 |    0.113 | 
     | p_reg_Y_temp_reg_2_ | D v          | DFF_X1   | 0.000 |   0.164 |    0.113 | 
     +----------------------------------------------------------------------------+ 
Path 4: MET Hold Check with Pin B_reg_Y_temp_reg_31_/CK 
Endpoint:   B_reg_Y_temp_reg_31_/D  (v) checked with  leading edge of 'CLK'
Beginpoint: B_reg_Y_temp_reg_31_/QN (^) triggered by  leading edge of 'CLK'
Path Groups: {CLK}
Analysis View: default
Other End Arrival Time          0.053
+ Hold                          0.011
+ Phase Shift                   0.000
- CPPR Adjustment               0.000
+ Uncertainty                   0.050
= Required Time                 0.114
  Arrival Time                  0.170
  Slack Time                    0.056
     Clock Rise Edge                 0.000
     + Clock Network Latency (Prop)  0.072
     = Beginpoint Arrival Time       0.072
     +-----------------------------------------------------------------------------+ 
     |       Instance       |     Arc      |   Cell   | Delay | Arrival | Required | 
     |                      |              |          |       |  Time   |   Time   | 
     |----------------------+--------------+----------+-------+---------+----------| 
     | B_reg_Y_temp_reg_31_ | CK ^         |          |       |   0.072 |    0.017 | 
     | B_reg_Y_temp_reg_31_ | CK ^ -> QN ^ | DFF_X1   | 0.083 |   0.155 |    0.099 | 
     | U4399                | B1 ^ -> ZN v | OAI22_X1 | 0.015 |   0.170 |    0.114 | 
     | B_reg_Y_temp_reg_31_ | D v          | DFF_X1   | 0.000 |   0.170 |    0.114 | 
     +-----------------------------------------------------------------------------+ 
Path 5: MET Hold Check with Pin p_reg_Y_temp_reg_12_/CK 
Endpoint:   p_reg_Y_temp_reg_12_/D  (v) checked with  leading edge of 'CLK'
Beginpoint: p_reg_Y_temp_reg_12_/QN (^) triggered by  leading edge of 'CLK'
Path Groups: {CLK}
Analysis View: default
Other End Arrival Time          0.052
+ Hold                          0.011
+ Phase Shift                   0.000
- CPPR Adjustment               0.000
+ Uncertainty                   0.050
= Required Time                 0.113
  Arrival Time                  0.179
  Slack Time                    0.066
     Clock Rise Edge                 0.000
     + Clock Network Latency (Prop)  0.071
     = Beginpoint Arrival Time       0.071
     +-----------------------------------------------------------------------------+ 
     |       Instance       |     Arc      |   Cell   | Delay | Arrival | Required | 
     |                      |              |          |       |  Time   |   Time   | 
     |----------------------+--------------+----------+-------+---------+----------| 
     | p_reg_Y_temp_reg_12_ | CK ^         |          |       |   0.071 |    0.005 | 
     | p_reg_Y_temp_reg_12_ | CK ^ -> QN ^ | DFF_X1   | 0.074 |   0.145 |    0.079 | 
     | U10551               | A1 ^ -> ZN ^ | OR2_X1   | 0.022 |   0.167 |    0.101 | 
     | U10750               | A2 ^ -> ZN v | NAND2_X1 | 0.012 |   0.179 |    0.113 | 
     | p_reg_Y_temp_reg_12_ | D v          | DFF_X1   | 0.000 |   0.179 |    0.113 | 
     +-----------------------------------------------------------------------------+ 
Path 6: MET Hold Check with Pin p_reg_Y_temp_reg_20_/CK 
Endpoint:   p_reg_Y_temp_reg_20_/D  (v) checked with  leading edge of 'CLK'
Beginpoint: p_reg_Y_temp_reg_20_/QN (^) triggered by  leading edge of 'CLK'
Path Groups: {CLK}
Analysis View: default
Other End Arrival Time          0.051
+ Hold                          0.011
+ Phase Shift                   0.000
- CPPR Adjustment               0.000
+ Uncertainty                   0.050
= Required Time                 0.112
  Arrival Time                  0.179
  Slack Time                    0.067
     Clock Rise Edge                 0.000
     + Clock Network Latency (Prop)  0.070
     = Beginpoint Arrival Time       0.070
     +-----------------------------------------------------------------------------+ 
     |       Instance       |     Arc      |   Cell   | Delay | Arrival | Required | 
     |                      |              |          |       |  Time   |   Time   | 
     |----------------------+--------------+----------+-------+---------+----------| 
     | p_reg_Y_temp_reg_20_ | CK ^         |          |       |   0.070 |    0.004 | 
     | p_reg_Y_temp_reg_20_ | CK ^ -> QN ^ | DFF_X1   | 0.074 |   0.144 |    0.078 | 
     | U10554               | A1 ^ -> ZN ^ | OR2_X1   | 0.022 |   0.167 |    0.100 | 
     | U10764               | A ^ -> ZN v  | OAI21_X1 | 0.012 |   0.179 |    0.112 | 
     | p_reg_Y_temp_reg_20_ | D v          | DFF_X1   | 0.000 |   0.179 |    0.112 | 
     +-----------------------------------------------------------------------------+ 
Path 7: MET Hold Check with Pin B_reg_Y_temp_reg_16_/CK 
Endpoint:   B_reg_Y_temp_reg_16_/D  (v) checked with  leading edge of 'CLK'
Beginpoint: B_reg_Y_temp_reg_16_/QN (^) triggered by  leading edge of 'CLK'
Path Groups: {CLK}
Analysis View: default
Other End Arrival Time          0.051
+ Hold                          0.011
+ Phase Shift                   0.000
- CPPR Adjustment               0.000
+ Uncertainty                   0.050
= Required Time                 0.112
  Arrival Time                  0.179
  Slack Time                    0.067
     Clock Rise Edge                 0.000
     + Clock Network Latency (Prop)  0.070
     = Beginpoint Arrival Time       0.070
     +-----------------------------------------------------------------------------+ 
     |       Instance       |     Arc      |   Cell   | Delay | Arrival | Required | 
     |                      |              |          |       |  Time   |   Time   | 
     |----------------------+--------------+----------+-------+---------+----------| 
     | B_reg_Y_temp_reg_16_ | CK ^         |          |       |   0.070 |    0.004 | 
     | B_reg_Y_temp_reg_16_ | CK ^ -> QN ^ | DFF_X1   | 0.074 |   0.144 |    0.078 | 
     | U10530               | A1 ^ -> ZN ^ | OR2_X1   | 0.022 |   0.167 |    0.100 | 
     | U10681               | A2 ^ -> ZN v | NAND2_X1 | 0.012 |   0.179 |    0.112 | 
     | B_reg_Y_temp_reg_16_ | D v          | DFF_X1   | 0.000 |   0.179 |    0.112 | 
     +-----------------------------------------------------------------------------+ 
Path 8: MET Hold Check with Pin p_reg_Y_temp_reg_4_/CK 
Endpoint:   p_reg_Y_temp_reg_4_/D  (v) checked with  leading edge of 'CLK'
Beginpoint: p_reg_Y_temp_reg_4_/QN (^) triggered by  leading edge of 'CLK'
Path Groups: {CLK}
Analysis View: default
Other End Arrival Time          0.052
+ Hold                          0.011
+ Phase Shift                   0.000
- CPPR Adjustment               0.000
+ Uncertainty                   0.050
= Required Time                 0.113
  Arrival Time                  0.180
  Slack Time                    0.067
     Clock Rise Edge                 0.000
     + Clock Network Latency (Prop)  0.071
     = Beginpoint Arrival Time       0.071
     +----------------------------------------------------------------------------+ 
     |      Instance       |     Arc      |   Cell   | Delay | Arrival | Required | 
     |                     |              |          |       |  Time   |   Time   | 
     |---------------------+--------------+----------+-------+---------+----------| 
     | p_reg_Y_temp_reg_4_ | CK ^         |          |       |   0.071 |    0.005 | 
     | p_reg_Y_temp_reg_4_ | CK ^ -> QN ^ | DFF_X1   | 0.075 |   0.146 |    0.079 | 
     | U10544              | A1 ^ -> ZN ^ | OR2_X1   | 0.022 |   0.168 |    0.102 | 
     | U10740              | A2 ^ -> ZN v | NAND2_X1 | 0.012 |   0.180 |    0.113 | 
     | p_reg_Y_temp_reg_4_ | D v          | DFF_X1   | 0.000 |   0.180 |    0.113 | 
     +----------------------------------------------------------------------------+ 
Path 9: MET Hold Check with Pin p_reg_Y_temp_reg_11_/CK 
Endpoint:   p_reg_Y_temp_reg_11_/D  (v) checked with  leading edge of 'CLK'
Beginpoint: p_reg_Y_temp_reg_11_/QN (^) triggered by  leading edge of 'CLK'
Path Groups: {CLK}
Analysis View: default
Other End Arrival Time          0.052
+ Hold                          0.011
+ Phase Shift                   0.000
- CPPR Adjustment               0.000
+ Uncertainty                   0.050
= Required Time                 0.113
  Arrival Time                  0.180
  Slack Time                    0.067
     Clock Rise Edge                 0.000
     + Clock Network Latency (Prop)  0.071
     = Beginpoint Arrival Time       0.071
     +-----------------------------------------------------------------------------+ 
     |       Instance       |     Arc      |   Cell   | Delay | Arrival | Required | 
     |                      |              |          |       |  Time   |   Time   | 
     |----------------------+--------------+----------+-------+---------+----------| 
     | p_reg_Y_temp_reg_11_ | CK ^         |          |       |   0.071 |    0.004 | 
     | p_reg_Y_temp_reg_11_ | CK ^ -> QN ^ | DFF_X1   | 0.075 |   0.146 |    0.079 | 
     | U10550               | A1 ^ -> ZN ^ | OR2_X1   | 0.022 |   0.168 |    0.101 | 
     | U10749               | A2 ^ -> ZN v | NAND2_X1 | 0.012 |   0.180 |    0.113 | 
     | p_reg_Y_temp_reg_11_ | D v          | DFF_X1   | 0.000 |   0.180 |    0.113 | 
     +-----------------------------------------------------------------------------+ 
Path 10: MET Hold Check with Pin B_reg_Y_temp_reg_25_/CK 
Endpoint:   B_reg_Y_temp_reg_25_/D  (v) checked with  leading edge of 'CLK'
Beginpoint: B_reg_Y_temp_reg_25_/QN (^) triggered by  leading edge of 'CLK'
Path Groups: {CLK}
Analysis View: default
Other End Arrival Time          0.050
+ Hold                          0.011
+ Phase Shift                   0.000
- CPPR Adjustment               0.000
+ Uncertainty                   0.050
= Required Time                 0.111
  Arrival Time                  0.178
  Slack Time                    0.067
     Clock Rise Edge                 0.000
     + Clock Network Latency (Prop)  0.069
     = Beginpoint Arrival Time       0.069
     +-----------------------------------------------------------------------------+ 
     |       Instance       |     Arc      |   Cell   | Delay | Arrival | Required | 
     |                      |              |          |       |  Time   |   Time   | 
     |----------------------+--------------+----------+-------+---------+----------| 
     | B_reg_Y_temp_reg_25_ | CK ^         |          |       |   0.069 |    0.002 | 
     | B_reg_Y_temp_reg_25_ | CK ^ -> QN ^ | DFF_X1   | 0.074 |   0.143 |    0.077 | 
     | U10521               | A1 ^ -> ZN ^ | OR2_X1   | 0.022 |   0.166 |    0.099 | 
     | U10610               | A2 ^ -> ZN v | NAND2_X1 | 0.012 |   0.178 |    0.111 | 
     | B_reg_Y_temp_reg_25_ | D v          | DFF_X1   | 0.000 |   0.178 |    0.111 | 
     +-----------------------------------------------------------------------------+ 

