###############################################################
#  Generated by:      Cadence Innovus 23.35-s106_1
#  OS:                Linux x86_64(Host ID microsys.openstack.polito)
#  Generated on:      Sat Oct 10 20:23:45 2026
#  Design:            boothmul_registered
#  Command:           report_timing -max_paths 10 > reports/10_setup_paths.rpt
###############################################################
Path 1: MET Setup Check with Pin p_reg_Y_temp_reg_63_/CK 
Endpoint:   p_reg_Y_temp_reg_63_/D (^) checked with  leading edge of 'CLK'
Beginpoint: B_reg_Y_temp_reg_21_/Q (v) triggered by  leading edge of 'CLK'
Path Groups: {CLK}
Analysis View: default
Other End Arrival Time          0.069
- Setup                         0.030
+ Phase Shift                   2.213
+ CPPR Adjustment               0.000
- Uncertainty                   0.050
= Required Time                 2.202
- Arrival Time                  2.045
= Slack Time                    0.157
     Clock Rise Edge                 0.000
     + Clock Network Latency (Prop)  0.050
     = Beginpoint Arrival Time       0.050
     +------------------------------------------------------------------------------+ 
     |       Instance       |     Arc      |   Cell    | Delay | Arrival | Required | 
     |                      |              |           |       |  Time   |   Time   | 
     |----------------------+--------------+-----------+-------+---------+----------| 
     | B_reg_Y_temp_reg_21_ | CK ^         |           |       |   0.050 |    0.207 | 
     | B_reg_Y_temp_reg_21_ | CK ^ -> Q v  | DFF_X1    | 0.104 |   0.154 |    0.311 | 
     | U6419                | A1 v -> ZN ^ | NAND2_X1  | 0.028 |   0.182 |    0.339 | 
     | U5775                | A1 ^ -> ZN ^ | AND2_X1   | 0.143 |   0.324 |    0.482 | 
     | U6420                | A ^ -> ZN v  | INV_X2    | 0.071 |   0.396 |    0.553 | 
     | U5531                | B v -> ZN v  | XNOR2_X1  | 0.071 |   0.467 |    0.624 | 
     | FE_OFC18_n9949       | A v -> Z v   | CLKBUF_X1 | 0.151 |   0.617 |    0.775 | 
     | U6615                | A v -> ZN v  | XNOR2_X1  | 0.076 |   0.693 |    0.850 | 
     | FE_OFC21_n6371       | A v -> Z v   | CLKBUF_X2 | 0.118 |   0.811 |    0.969 | 
     | U5149                | A v -> ZN ^  | INV_X1    | 0.071 |   0.883 |    1.040 | 
     | U5227                | B ^ -> ZN v  | XNOR2_X1  | 0.021 |   0.903 |    1.061 | 
     | FE_OFC23_n8287       | A v -> Z v   | CLKBUF_X1 | 0.086 |   0.989 |    1.147 | 
     | U5478                | B v -> ZN v  | XNOR2_X1  | 0.069 |   1.058 |    1.216 | 
     | U5539                | B v -> ZN v  | XNOR2_X1  | 0.059 |   1.117 |    1.274 | 
     | U8392                | A v -> ZN ^  | XNOR2_X1  | 0.128 |   1.245 |    1.403 | 
     | U5563                | A ^ -> ZN ^  | XNOR2_X1  | 0.098 |   1.343 |    1.500 | 
     | U8420                | A ^ -> ZN v  | INV_X1    | 0.041 |   1.384 |    1.541 | 
     | U9861                | B v -> Z v   | XOR2_X1   | 0.070 |   1.454 |    1.612 | 
     | U9871                | C2 v -> ZN ^ | AOI222_X1 | 0.107 |   1.561 |    1.718 | 
     | U10125               | CI ^ -> S v  | FA_X1     | 0.116 |   1.677 |    1.834 | 
     | U9884                | A v -> S v   | FA_X1     | 0.111 |   1.788 |    1.945 | 
     | U10132               | A2 v -> ZN ^ | NOR2_X1   | 0.032 |   1.820 |    1.977 | 
     | U10133               | A1 ^ -> ZN v | NOR2_X1   | 0.009 |   1.828 |    1.986 | 
     | U10135               | A1 v -> ZN v | OR2_X1    | 0.047 |   1.875 |    2.032 | 
     | U4707                | B v -> Z v   | XOR2_X1   | 0.057 |   1.932 |    2.089 | 
     | U4785                | A v -> ZN v  | XNOR2_X1  | 0.043 |   1.974 |    2.132 | 
     | U6042                | A v -> ZN v  | XNOR2_X1  | 0.040 |   2.014 |    2.172 | 
     | U6021                | B2 v -> ZN ^ | OAI21_X1  | 0.030 |   2.045 |    2.202 | 
     | p_reg_Y_temp_reg_63_ | D ^          | DFF_X1    | 0.000 |   2.045 |    2.202 | 
     +------------------------------------------------------------------------------+ 
Path 2: MET Setup Check with Pin p_reg_Y_temp_reg_62_/CK 
Endpoint:   p_reg_Y_temp_reg_62_/D (v) checked with  leading edge of 'CLK'
Beginpoint: B_reg_Y_temp_reg_21_/Q (v) triggered by  leading edge of 'CLK'
Path Groups: {CLK}
Analysis View: default
Other End Arrival Time          0.070
- Setup                         0.031
+ Phase Shift                   2.213
+ CPPR Adjustment               0.000
- Uncertainty                   0.050
= Required Time                 2.202
- Arrival Time                  2.037
= Slack Time                    0.165
     Clock Rise Edge                 0.000
     + Clock Network Latency (Prop)  0.050
     = Beginpoint Arrival Time       0.050
     +------------------------------------------------------------------------------+ 
     |       Instance       |     Arc      |   Cell    | Delay | Arrival | Required | 
     |                      |              |           |       |  Time   |   Time   | 
     |----------------------+--------------+-----------+-------+---------+----------| 
     | B_reg_Y_temp_reg_21_ | CK ^         |           |       |   0.050 |    0.215 | 
     | B_reg_Y_temp_reg_21_ | CK ^ -> Q v  | DFF_X1    | 0.104 |   0.154 |    0.319 | 
     | U6419                | A1 v -> ZN ^ | NAND2_X1  | 0.028 |   0.182 |    0.347 | 
     | U5775                | A1 ^ -> ZN ^ | AND2_X1   | 0.143 |   0.324 |    0.489 | 
     | U6420                | A ^ -> ZN v  | INV_X2    | 0.071 |   0.396 |    0.561 | 
     | U5531                | B v -> ZN v  | XNOR2_X1  | 0.071 |   0.467 |    0.632 | 
     | FE_OFC18_n9949       | A v -> Z v   | CLKBUF_X1 | 0.151 |   0.617 |    0.782 | 
     | U6615                | A v -> ZN v  | XNOR2_X1  | 0.076 |   0.693 |    0.858 | 
     | FE_OFC21_n6371       | A v -> Z v   | CLKBUF_X2 | 0.118 |   0.811 |    0.976 | 
     | U5149                | A v -> ZN ^  | INV_X1    | 0.071 |   0.883 |    1.048 | 
     | U5227                | B ^ -> ZN v  | XNOR2_X1  | 0.021 |   0.903 |    1.068 | 
     | FE_OFC23_n8287       | A v -> Z v   | CLKBUF_X1 | 0.086 |   0.989 |    1.154 | 
     | U5478                | B v -> ZN v  | XNOR2_X1  | 0.069 |   1.058 |    1.223 | 
     | U5539                | B v -> ZN v  | XNOR2_X1  | 0.059 |   1.117 |    1.282 | 
     | U8392                | A v -> ZN ^  | XNOR2_X1  | 0.128 |   1.245 |    1.410 | 
     | U5563                | A ^ -> ZN ^  | XNOR2_X1  | 0.098 |   1.343 |    1.508 | 
     | U8420                | A ^ -> ZN v  | INV_X1    | 0.041 |   1.384 |    1.549 | 
     | U9861                | B v -> Z v   | XOR2_X1   | 0.070 |   1.454 |    1.619 | 
     | U9871                | C2 v -> ZN ^ | AOI222_X1 | 0.107 |   1.561 |    1.726 | 
     | U10125               | CI ^ -> S v  | FA_X1     | 0.116 |   1.677 |    1.842 | 
     | U9884                | A v -> S ^   | FA_X1     | 0.126 |   1.803 |    1.968 | 
     | U9885                | B ^ -> ZN ^  | XNOR2_X1  | 0.044 |   1.847 |    2.012 | 
     | U9886                | B ^ -> ZN ^  | XNOR2_X1  | 0.046 |   1.893 |    2.058 | 
     | U9889                | A1 ^ -> ZN ^ | AND2_X1   | 0.040 |   1.933 |    2.098 | 
     | U5877                | A3 ^ -> ZN ^ | AND3_X1   | 0.050 |   1.983 |    2.148 | 
     | U5649                | A2 ^ -> ZN ^ | OR2_X1    | 0.027 |   2.010 |    2.175 | 
     | U5647                | B ^ -> ZN v  | OAI211_X1 | 0.026 |   2.037 |    2.202 | 
     | p_reg_Y_temp_reg_62_ | D v          | DFF_X1    | 0.000 |   2.037 |    2.202 | 
     +------------------------------------------------------------------------------+ 
Path 3: MET Setup Check with Pin p_reg_Y_temp_reg_60_/CK 
Endpoint:   p_reg_Y_temp_reg_60_/D (^) checked with  leading edge of 'CLK'
Beginpoint: B_reg_Y_temp_reg_21_/Q (v) triggered by  leading edge of 'CLK'
Path Groups: {CLK}
Analysis View: default
Other End Arrival Time          0.071
- Setup                         0.027
+ Phase Shift                   2.213
+ CPPR Adjustment               0.000
- Uncertainty                   0.050
= Required Time                 2.207
- Arrival Time                  2.027
= Slack Time                    0.180
     Clock Rise Edge                 0.000
     + Clock Network Latency (Prop)  0.050
     = Beginpoint Arrival Time       0.050
     +------------------------------------------------------------------------------+ 
     |       Instance       |     Arc      |   Cell    | Delay | Arrival | Required | 
     |                      |              |           |       |  Time   |   Time   | 
     |----------------------+--------------+-----------+-------+---------+----------| 
     | B_reg_Y_temp_reg_21_ | CK ^         |           |       |   0.050 |    0.230 | 
     | B_reg_Y_temp_reg_21_ | CK ^ -> Q v  | DFF_X1    | 0.104 |   0.154 |    0.334 | 
     | U6419                | A1 v -> ZN ^ | NAND2_X1  | 0.028 |   0.182 |    0.362 | 
     | U5775                | A1 ^ -> ZN ^ | AND2_X1   | 0.143 |   0.324 |    0.504 | 
     | U6420                | A ^ -> ZN v  | INV_X2    | 0.071 |   0.396 |    0.575 | 
     | U5531                | B v -> ZN v  | XNOR2_X1  | 0.071 |   0.467 |    0.646 | 
     | FE_OFC18_n9949       | A v -> Z v   | CLKBUF_X1 | 0.151 |   0.617 |    0.797 | 
     | U6615                | A v -> ZN v  | XNOR2_X1  | 0.076 |   0.693 |    0.873 | 
     | FE_OFC21_n6371       | A v -> Z v   | CLKBUF_X2 | 0.118 |   0.811 |    0.991 | 
     | U5149                | A v -> ZN ^  | INV_X1    | 0.071 |   0.883 |    1.063 | 
     | U5227                | B ^ -> ZN v  | XNOR2_X1  | 0.021 |   0.903 |    1.083 | 
     | FE_OFC23_n8287       | A v -> Z v   | CLKBUF_X1 | 0.086 |   0.989 |    1.169 | 
     | U5478                | B v -> ZN v  | XNOR2_X1  | 0.069 |   1.058 |    1.238 | 
     | U5539                | B v -> ZN v  | XNOR2_X1  | 0.059 |   1.117 |    1.297 | 
     | U8392                | A v -> ZN ^  | XNOR2_X1  | 0.128 |   1.245 |    1.425 | 
     | U8684                | A ^ -> ZN ^  | XNOR2_X1  | 0.063 |   1.309 |    1.489 | 
     | U6009                | A ^ -> S v   | FA_X1     | 0.104 |   1.413 |    1.593 | 
     | U8685                | C2 v -> ZN ^ | AOI222_X1 | 0.111 |   1.524 |    1.704 | 
     | U8782                | CI ^ -> S v  | FA_X1     | 0.112 |   1.636 |    1.815 | 
     | U8783                | B v -> ZN v  | XNOR2_X1  | 0.044 |   1.680 |    1.859 | 
     | U8784                | A v -> ZN v  | XNOR2_X1  | 0.047 |   1.727 |    1.907 | 
     | U8880                | B2 v -> ZN ^ | OAI21_X1  | 0.050 |   1.776 |    1.956 | 
     | U9846                | A1 ^ -> ZN ^ | OR2_X1    | 0.027 |   1.803 |    1.983 | 
     | U9856                | A1 ^ -> ZN ^ | AND3_X1   | 0.039 |   1.842 |    2.022 | 
     | U6235                | B ^ -> ZN v  | OAI211_X1 | 0.038 |   1.880 |    2.059 | 
     | U6148                | A1 v -> ZN ^ | NAND2_X1  | 0.023 |   1.903 |    2.082 | 
     | U5094                | A2 ^ -> ZN ^ | AND2_X1   | 0.049 |   1.951 |    2.131 | 
     | U6162                | B ^ -> ZN ^  | XNOR2_X1  | 0.042 |   1.993 |    2.173 | 
     | U6161                | A1 ^ -> ZN v | NAND2_X1  | 0.016 |   2.009 |    2.188 | 
     | U6160                | A1 v -> ZN ^ | NAND2_X1  | 0.018 |   2.027 |    2.207 | 
     | p_reg_Y_temp_reg_60_ | D ^          | DFF_X1    | 0.000 |   2.027 |    2.207 | 
     +------------------------------------------------------------------------------+ 
Path 4: MET Setup Check with Pin p_reg_Y_temp_reg_58_/CK 
Endpoint:   p_reg_Y_temp_reg_58_/D (^) checked with  leading edge of 'CLK'
Beginpoint: B_reg_Y_temp_reg_21_/Q (v) triggered by  leading edge of 'CLK'
Path Groups: {CLK}
Analysis View: default
Other End Arrival Time          0.068
- Setup                         0.027
+ Phase Shift                   2.213
+ CPPR Adjustment               0.000
- Uncertainty                   0.050
= Required Time                 2.204
- Arrival Time                  2.013
= Slack Time                    0.191
     Clock Rise Edge                 0.000
     + Clock Network Latency (Prop)  0.050
     = Beginpoint Arrival Time       0.050
     +------------------------------------------------------------------------------+ 
     |       Instance       |     Arc      |   Cell    | Delay | Arrival | Required | 
     |                      |              |           |       |  Time   |   Time   | 
     |----------------------+--------------+-----------+-------+---------+----------| 
     | B_reg_Y_temp_reg_21_ | CK ^         |           |       |   0.050 |    0.241 | 
     | B_reg_Y_temp_reg_21_ | CK ^ -> Q v  | DFF_X1    | 0.104 |   0.154 |    0.345 | 
     | U6419                | A1 v -> ZN ^ | NAND2_X1  | 0.028 |   0.182 |    0.373 | 
     | U5775                | A1 ^ -> ZN ^ | AND2_X1   | 0.143 |   0.324 |    0.516 | 
     | U6420                | A ^ -> ZN v  | INV_X2    | 0.071 |   0.396 |    0.587 | 
     | U5531                | B v -> ZN v  | XNOR2_X1  | 0.071 |   0.467 |    0.658 | 
     | FE_OFC18_n9949       | A v -> Z v   | CLKBUF_X1 | 0.151 |   0.617 |    0.809 | 
     | U6615                | A v -> ZN v  | XNOR2_X1  | 0.076 |   0.693 |    0.884 | 
     | FE_OFC21_n6371       | A v -> Z v   | CLKBUF_X2 | 0.118 |   0.811 |    1.003 | 
     | U5149                | A v -> ZN ^  | INV_X1    | 0.071 |   0.883 |    1.074 | 
     | U5227                | B ^ -> ZN v  | XNOR2_X1  | 0.021 |   0.903 |    1.095 | 
     | FE_OFC23_n8287       | A v -> Z v   | CLKBUF_X1 | 0.086 |   0.989 |    1.181 | 
     | U5478                | B v -> ZN v  | XNOR2_X1  | 0.069 |   1.058 |    1.250 | 
     | U5539                | B v -> ZN v  | XNOR2_X1  | 0.059 |   1.117 |    1.308 | 
     | U8392                | A v -> ZN ^  | XNOR2_X1  | 0.128 |   1.245 |    1.437 | 
     | U8684                | A ^ -> ZN ^  | XNOR2_X1  | 0.063 |   1.309 |    1.500 | 
     | U6009                | A ^ -> S v   | FA_X1     | 0.104 |   1.413 |    1.604 | 
     | U8685                | C2 v -> ZN ^ | AOI222_X1 | 0.111 |   1.524 |    1.715 | 
     | U8782                | CI ^ -> S v  | FA_X1     | 0.112 |   1.636 |    1.827 | 
     | U8783                | B v -> ZN v  | XNOR2_X1  | 0.044 |   1.680 |    1.871 | 
     | U8784                | A v -> ZN v  | XNOR2_X1  | 0.047 |   1.727 |    1.918 | 
     | U8880                | B2 v -> ZN ^ | OAI21_X1  | 0.050 |   1.776 |    1.968 | 
     | U9846                | A1 ^ -> ZN ^ | OR2_X1    | 0.027 |   1.803 |    1.994 | 
     | U9856                | A1 ^ -> ZN ^ | AND3_X1   | 0.039 |   1.842 |    2.033 | 
     | U6235                | B ^ -> ZN v  | OAI211_X1 | 0.038 |   1.880 |    2.071 | 
     | U6124                | A1 v -> ZN ^ | NAND2_X1  | 0.041 |   1.920 |    2.112 | 
     | U6221                | A ^ -> ZN v  | INV_X1    | 0.007 |   1.928 |    2.119 | 
     | U5645                | A1 v -> ZN v | OR3_X1    | 0.064 |   1.992 |    2.183 | 
     | U6222                | A3 v -> ZN ^ | NAND3_X1  | 0.021 |   2.013 |    2.204 | 
     | p_reg_Y_temp_reg_58_ | D ^          | DFF_X1    | 0.000 |   2.013 |    2.204 | 
     +------------------------------------------------------------------------------+ 
Path 5: MET Setup Check with Pin p_reg_Y_temp_reg_59_/CK 
Endpoint:   p_reg_Y_temp_reg_59_/D (^) checked with  leading edge of 'CLK'
Beginpoint: B_reg_Y_temp_reg_21_/Q (v) triggered by  leading edge of 'CLK'
Path Groups: {CLK}
Analysis View: default
Other End Arrival Time          0.068
- Setup                         0.029
+ Phase Shift                   2.213
+ CPPR Adjustment               0.000
- Uncertainty                   0.050
= Required Time                 2.202
- Arrival Time                  2.008
= Slack Time                    0.194
     Clock Rise Edge                 0.000
     + Clock Network Latency (Prop)  0.050
     = Beginpoint Arrival Time       0.050
     +------------------------------------------------------------------------------+ 
     |       Instance       |     Arc      |   Cell    | Delay | Arrival | Required | 
     |                      |              |           |       |  Time   |   Time   | 
     |----------------------+--------------+-----------+-------+---------+----------| 
     | B_reg_Y_temp_reg_21_ | CK ^         |           |       |   0.050 |    0.244 | 
     | B_reg_Y_temp_reg_21_ | CK ^ -> Q v  | DFF_X1    | 0.104 |   0.154 |    0.348 | 
     | U6419                | A1 v -> ZN ^ | NAND2_X1  | 0.028 |   0.182 |    0.376 | 
     | U5775                | A1 ^ -> ZN ^ | AND2_X1   | 0.143 |   0.324 |    0.519 | 
     | U6420                | A ^ -> ZN v  | INV_X2    | 0.071 |   0.396 |    0.590 | 
     | U5531                | B v -> ZN v  | XNOR2_X1  | 0.071 |   0.467 |    0.661 | 
     | FE_OFC18_n9949       | A v -> Z v   | CLKBUF_X1 | 0.151 |   0.617 |    0.812 | 
     | U6615                | A v -> ZN v  | XNOR2_X1  | 0.076 |   0.693 |    0.887 | 
     | FE_OFC21_n6371       | A v -> Z v   | CLKBUF_X2 | 0.118 |   0.811 |    1.006 | 
     | U5149                | A v -> ZN ^  | INV_X1    | 0.071 |   0.883 |    1.077 | 
     | U5227                | B ^ -> ZN v  | XNOR2_X1  | 0.021 |   0.903 |    1.097 | 
     | FE_OFC23_n8287       | A v -> Z v   | CLKBUF_X1 | 0.086 |   0.989 |    1.184 | 
     | U5478                | B v -> ZN v  | XNOR2_X1  | 0.069 |   1.058 |    1.252 | 
     | U5539                | B v -> ZN v  | XNOR2_X1  | 0.059 |   1.117 |    1.311 | 
     | U8392                | A v -> ZN ^  | XNOR2_X1  | 0.128 |   1.245 |    1.440 | 
     | U8684                | A ^ -> ZN ^  | XNOR2_X1  | 0.063 |   1.309 |    1.503 | 
     | U6009                | A ^ -> S v   | FA_X1     | 0.104 |   1.413 |    1.607 | 
     | U8685                | C2 v -> ZN ^ | AOI222_X1 | 0.111 |   1.524 |    1.718 | 
     | U8782                | CI ^ -> S v  | FA_X1     | 0.112 |   1.636 |    1.830 | 
     | U8783                | B v -> ZN v  | XNOR2_X1  | 0.044 |   1.680 |    1.874 | 
     | U8784                | A v -> ZN v  | XNOR2_X1  | 0.047 |   1.727 |    1.921 | 
     | U8880                | B2 v -> ZN ^ | OAI21_X1  | 0.050 |   1.776 |    1.971 | 
     | U9846                | A1 ^ -> ZN ^ | OR2_X1    | 0.027 |   1.803 |    1.997 | 
     | U9856                | A1 ^ -> ZN ^ | AND3_X1   | 0.039 |   1.842 |    2.036 | 
     | U6235                | B ^ -> ZN v  | OAI211_X1 | 0.038 |   1.880 |    2.074 | 
     | U6124                | A1 v -> ZN ^ | NAND2_X1  | 0.041 |   1.920 |    2.115 | 
     | U5201                | A1 ^ -> ZN v | NAND2_X1  | 0.023 |   1.943 |    2.137 | 
     | U6125                | A v -> ZN v  | XNOR2_X1  | 0.039 |   1.982 |    2.177 | 
     | U10809               | B1 v -> ZN ^ | OAI21_X1  | 0.025 |   2.008 |    2.202 | 
     | p_reg_Y_temp_reg_59_ | D ^          | DFF_X1    | 0.000 |   2.008 |    2.202 | 
     +------------------------------------------------------------------------------+ 
Path 6: MET Setup Check with Pin p_reg_Y_temp_reg_57_/CK 
Endpoint:   p_reg_Y_temp_reg_57_/D (v) checked with  leading edge of 'CLK'
Beginpoint: B_reg_Y_temp_reg_21_/Q (v) triggered by  leading edge of 'CLK'
Path Groups: {CLK}
Analysis View: default
Other End Arrival Time          0.070
- Setup                         0.025
+ Phase Shift                   2.213
+ CPPR Adjustment               0.000
- Uncertainty                   0.050
= Required Time                 2.208
- Arrival Time                  2.011
= Slack Time                    0.197
     Clock Rise Edge                 0.000
     + Clock Network Latency (Prop)  0.050
     = Beginpoint Arrival Time       0.050
     +------------------------------------------------------------------------------+ 
     |       Instance       |     Arc      |   Cell    | Delay | Arrival | Required | 
     |                      |              |           |       |  Time   |   Time   | 
     |----------------------+--------------+-----------+-------+---------+----------| 
     | B_reg_Y_temp_reg_21_ | CK ^         |           |       |   0.050 |    0.247 | 
     | B_reg_Y_temp_reg_21_ | CK ^ -> Q v  | DFF_X1    | 0.104 |   0.154 |    0.351 | 
     | U6419                | A1 v -> ZN ^ | NAND2_X1  | 0.028 |   0.182 |    0.379 | 
     | U5775                | A1 ^ -> ZN ^ | AND2_X1   | 0.143 |   0.324 |    0.521 | 
     | U6420                | A ^ -> ZN v  | INV_X2    | 0.071 |   0.396 |    0.593 | 
     | U5531                | B v -> ZN v  | XNOR2_X1  | 0.071 |   0.467 |    0.664 | 
     | FE_OFC18_n9949       | A v -> Z v   | CLKBUF_X1 | 0.151 |   0.617 |    0.814 | 
     | U6615                | A v -> ZN v  | XNOR2_X1  | 0.076 |   0.693 |    0.890 | 
     | FE_OFC21_n6371       | A v -> Z v   | CLKBUF_X2 | 0.118 |   0.811 |    1.008 | 
     | U5149                | A v -> ZN ^  | INV_X1    | 0.071 |   0.883 |    1.080 | 
     | U5227                | B ^ -> ZN v  | XNOR2_X1  | 0.021 |   0.903 |    1.100 | 
     | FE_OFC23_n8287       | A v -> Z v   | CLKBUF_X1 | 0.086 |   0.989 |    1.186 | 
     | U5478                | B v -> ZN v  | XNOR2_X1  | 0.069 |   1.058 |    1.255 | 
     | U5539                | B v -> ZN v  | XNOR2_X1  | 0.059 |   1.117 |    1.314 | 
     | U8392                | A v -> ZN ^  | XNOR2_X1  | 0.128 |   1.245 |    1.442 | 
     | U8684                | A ^ -> ZN ^  | XNOR2_X1  | 0.063 |   1.309 |    1.506 | 
     | U6009                | A ^ -> S v   | FA_X1     | 0.104 |   1.413 |    1.610 | 
     | U8685                | C2 v -> ZN ^ | AOI222_X1 | 0.111 |   1.524 |    1.721 | 
     | U8782                | CI ^ -> S v  | FA_X1     | 0.112 |   1.636 |    1.833 | 
     | U8783                | B v -> ZN v  | XNOR2_X1  | 0.044 |   1.680 |    1.877 | 
     | U8784                | A v -> ZN ^  | XNOR2_X1  | 0.052 |   1.731 |    1.928 | 
     | U8880                | B2 ^ -> ZN v | OAI21_X1  | 0.030 |   1.762 |    1.959 | 
     | U5987                | A1 v -> ZN v | OR2_X1    | 0.050 |   1.812 |    2.009 | 
     | U6256                | A1 v -> ZN v | OR2_X1    | 0.044 |   1.856 |    2.053 | 
     | U6235                | A v -> ZN ^  | OAI211_X1 | 0.030 |   1.886 |    2.083 | 
     | U6124                | A1 ^ -> ZN v | NAND2_X1  | 0.037 |   1.923 |    2.120 | 
     | U5882                | A1 v -> ZN v | OR2_X1    | 0.050 |   1.973 |    2.170 | 
     | U6028                | A4 v -> ZN ^ | NAND4_X1  | 0.025 |   1.997 |    2.194 | 
     | U6070                | A1 ^ -> ZN v | NAND2_X1  | 0.014 |   2.011 |    2.208 | 
     | p_reg_Y_temp_reg_57_ | D v          | DFF_X1    | 0.000 |   2.011 |    2.208 | 
     +------------------------------------------------------------------------------+ 
Path 7: MET Setup Check with Pin p_reg_Y_temp_reg_56_/CK 
Endpoint:   p_reg_Y_temp_reg_56_/D (^) checked with  leading edge of 'CLK'
Beginpoint: B_reg_Y_temp_reg_21_/Q (v) triggered by  leading edge of 'CLK'
Path Groups: {CLK}
Analysis View: default
Other End Arrival Time          0.071
- Setup                         0.030
+ Phase Shift                   2.213
+ CPPR Adjustment               0.000
- Uncertainty                   0.050
= Required Time                 2.204
- Arrival Time                  2.000
= Slack Time                    0.204
     Clock Rise Edge                 0.000
     + Clock Network Latency (Prop)  0.050
     = Beginpoint Arrival Time       0.050
     +------------------------------------------------------------------------------+ 
     |       Instance       |     Arc      |   Cell    | Delay | Arrival | Required | 
     |                      |              |           |       |  Time   |   Time   | 
     |----------------------+--------------+-----------+-------+---------+----------| 
     | B_reg_Y_temp_reg_21_ | CK ^         |           |       |   0.050 |    0.254 | 
     | B_reg_Y_temp_reg_21_ | CK ^ -> Q v  | DFF_X1    | 0.104 |   0.154 |    0.358 | 
     | U6419                | A1 v -> ZN ^ | NAND2_X1  | 0.028 |   0.182 |    0.386 | 
     | U5775                | A1 ^ -> ZN ^ | AND2_X1   | 0.143 |   0.324 |    0.528 | 
     | U6420                | A ^ -> ZN v  | INV_X2    | 0.071 |   0.396 |    0.599 | 
     | U5531                | B v -> ZN v  | XNOR2_X1  | 0.071 |   0.467 |    0.670 | 
     | FE_OFC18_n9949       | A v -> Z v   | CLKBUF_X1 | 0.151 |   0.617 |    0.821 | 
     | U6615                | A v -> ZN v  | XNOR2_X1  | 0.076 |   0.693 |    0.897 | 
     | FE_OFC21_n6371       | A v -> Z v   | CLKBUF_X2 | 0.118 |   0.811 |    1.015 | 
     | U5149                | A v -> ZN ^  | INV_X1    | 0.071 |   0.883 |    1.087 | 
     | U5227                | B ^ -> ZN v  | XNOR2_X1  | 0.021 |   0.903 |    1.107 | 
     | FE_OFC23_n8287       | A v -> Z v   | CLKBUF_X1 | 0.086 |   0.989 |    1.193 | 
     | U5478                | B v -> ZN v  | XNOR2_X1  | 0.069 |   1.058 |    1.262 | 
     | U5539                | B v -> ZN v  | XNOR2_X1  | 0.059 |   1.117 |    1.321 | 
     | U8392                | A v -> ZN ^  | XNOR2_X1  | 0.128 |   1.245 |    1.449 | 
     | U8684                | A ^ -> ZN ^  | XNOR2_X1  | 0.063 |   1.309 |    1.513 | 
     | U6009                | A ^ -> S v   | FA_X1     | 0.104 |   1.413 |    1.617 | 
     | U8685                | C2 v -> ZN ^ | AOI222_X1 | 0.111 |   1.524 |    1.728 | 
     | U8782                | CI ^ -> S v  | FA_X1     | 0.112 |   1.636 |    1.839 | 
     | U8783                | B v -> ZN v  | XNOR2_X1  | 0.044 |   1.680 |    1.883 | 
     | U8784                | A v -> ZN ^  | XNOR2_X1  | 0.052 |   1.731 |    1.935 | 
     | U8880                | B2 ^ -> ZN v | OAI21_X1  | 0.030 |   1.762 |    1.966 | 
     | U5987                | A1 v -> ZN v | OR2_X1    | 0.050 |   1.812 |    2.016 | 
     | U6256                | A1 v -> ZN v | OR2_X1    | 0.044 |   1.856 |    2.060 | 
     | U6235                | A v -> ZN ^  | OAI211_X1 | 0.030 |   1.886 |    2.090 | 
     | U6124                | A1 ^ -> ZN v | NAND2_X1  | 0.037 |   1.923 |    2.127 | 
     | U6250                | A v -> ZN v  | XNOR2_X1  | 0.046 |   1.969 |    2.173 | 
     | U5650                | B2 v -> ZN ^ | OAI21_X1  | 0.031 |   2.000 |    2.204 | 
     | p_reg_Y_temp_reg_56_ | D ^          | DFF_X1    | 0.000 |   2.000 |    2.204 | 
     +------------------------------------------------------------------------------+ 
Path 8: MET Setup Check with Pin p_reg_Y_temp_reg_61_/CK 
Endpoint:   p_reg_Y_temp_reg_61_/D (^) checked with  leading edge of 'CLK'
Beginpoint: B_reg_Y_temp_reg_21_/Q (v) triggered by  leading edge of 'CLK'
Path Groups: {CLK}
Analysis View: default
Other End Arrival Time          0.071
- Setup                         0.029
+ Phase Shift                   2.213
+ CPPR Adjustment               0.000
- Uncertainty                   0.050
= Required Time                 2.204
- Arrival Time                  1.989
= Slack Time                    0.216
     Clock Rise Edge                 0.000
     + Clock Network Latency (Prop)  0.050
     = Beginpoint Arrival Time       0.050
     +------------------------------------------------------------------------------+ 
     |       Instance       |     Arc      |   Cell    | Delay | Arrival | Required | 
     |                      |              |           |       |  Time   |   Time   | 
     |----------------------+--------------+-----------+-------+---------+----------| 
     | B_reg_Y_temp_reg_21_ | CK ^         |           |       |   0.050 |    0.266 | 
     | B_reg_Y_temp_reg_21_ | CK ^ -> Q v  | DFF_X1    | 0.104 |   0.154 |    0.370 | 
     | U6419                | A1 v -> ZN ^ | NAND2_X1  | 0.028 |   0.182 |    0.398 | 
     | U5775                | A1 ^ -> ZN ^ | AND2_X1   | 0.143 |   0.324 |    0.540 | 
     | U6420                | A ^ -> ZN v  | INV_X2    | 0.071 |   0.396 |    0.612 | 
     | U5531                | B v -> ZN v  | XNOR2_X1  | 0.071 |   0.467 |    0.683 | 
     | FE_OFC18_n9949       | A v -> Z v   | CLKBUF_X1 | 0.151 |   0.617 |    0.833 | 
     | U6615                | A v -> ZN v  | XNOR2_X1  | 0.076 |   0.693 |    0.909 | 
     | FE_OFC21_n6371       | A v -> Z v   | CLKBUF_X2 | 0.118 |   0.811 |    1.027 | 
     | U5149                | A v -> ZN ^  | INV_X1    | 0.071 |   0.883 |    1.099 | 
     | U5227                | B ^ -> ZN v  | XNOR2_X1  | 0.021 |   0.903 |    1.119 | 
     | FE_OFC23_n8287       | A v -> Z v   | CLKBUF_X1 | 0.086 |   0.989 |    1.205 | 
     | U5478                | B v -> ZN v  | XNOR2_X1  | 0.069 |   1.058 |    1.274 | 
     | U5539                | B v -> ZN v  | XNOR2_X1  | 0.059 |   1.117 |    1.333 | 
     | U8392                | A v -> ZN ^  | XNOR2_X1  | 0.128 |   1.245 |    1.461 | 
     | U8684                | A ^ -> ZN ^  | XNOR2_X1  | 0.063 |   1.309 |    1.525 | 
     | U6009                | A ^ -> S v   | FA_X1     | 0.104 |   1.413 |    1.629 | 
     | U8685                | C2 v -> ZN ^ | AOI222_X1 | 0.111 |   1.524 |    1.740 | 
     | U8782                | CI ^ -> S v  | FA_X1     | 0.112 |   1.636 |    1.851 | 
     | U8783                | B v -> ZN v  | XNOR2_X1  | 0.044 |   1.680 |    1.895 | 
     | U8784                | A v -> ZN v  | XNOR2_X1  | 0.047 |   1.727 |    1.943 | 
     | U8880                | B2 v -> ZN ^ | OAI21_X1  | 0.050 |   1.776 |    1.992 | 
     | U9846                | A1 ^ -> ZN ^ | OR2_X1    | 0.027 |   1.803 |    2.019 | 
     | U9856                | A1 ^ -> ZN ^ | AND3_X1   | 0.039 |   1.842 |    2.058 | 
     | U6235                | B ^ -> ZN v  | OAI211_X1 | 0.038 |   1.880 |    2.095 | 
     | U6148                | A1 v -> ZN ^ | NAND2_X1  | 0.023 |   1.903 |    2.118 | 
     | U5094                | A2 ^ -> ZN ^ | AND2_X1   | 0.049 |   1.951 |    2.167 | 
     | U10625               | A1 ^ -> ZN v | NAND2_X1  | 0.016 |   1.967 |    2.183 | 
     | U10624               | A v -> ZN ^  | OAI211_X1 | 0.021 |   1.988 |    2.204 | 
     | p_reg_Y_temp_reg_61_ | D ^          | DFF_X1    | 0.000 |   1.989 |    2.204 | 
     +------------------------------------------------------------------------------+ 
Path 9: MET Setup Check with Pin p_reg_Y_temp_reg_55_/CK 
Endpoint:   p_reg_Y_temp_reg_55_/D (^) checked with  leading edge of 'CLK'
Beginpoint: B_reg_Y_temp_reg_21_/Q (v) triggered by  leading edge of 'CLK'
Path Groups: {CLK}
Analysis View: default
Other End Arrival Time          0.066
- Setup                         0.027
+ Phase Shift                   2.213
+ CPPR Adjustment               0.000
- Uncertainty                   0.050
= Required Time                 2.203
- Arrival Time                  1.962
= Slack Time                    0.240
     Clock Rise Edge                 0.000
     + Clock Network Latency (Prop)  0.050
     = Beginpoint Arrival Time       0.050
     +------------------------------------------------------------------------------+ 
     |       Instance       |     Arc      |   Cell    | Delay | Arrival | Required | 
     |                      |              |           |       |  Time   |   Time   | 
     |----------------------+--------------+-----------+-------+---------+----------| 
     | B_reg_Y_temp_reg_21_ | CK ^         |           |       |   0.050 |    0.290 | 
     | B_reg_Y_temp_reg_21_ | CK ^ -> Q v  | DFF_X1    | 0.104 |   0.154 |    0.394 | 
     | U6419                | A1 v -> ZN ^ | NAND2_X1  | 0.028 |   0.182 |    0.422 | 
     | U5775                | A1 ^ -> ZN ^ | AND2_X1   | 0.143 |   0.324 |    0.565 | 
     | U6420                | A ^ -> ZN v  | INV_X2    | 0.071 |   0.396 |    0.636 | 
     | U5531                | B v -> ZN v  | XNOR2_X1  | 0.071 |   0.467 |    0.707 | 
     | FE_OFC18_n9949       | A v -> Z v   | CLKBUF_X1 | 0.151 |   0.617 |    0.858 | 
     | U6615                | A v -> ZN v  | XNOR2_X1  | 0.076 |   0.693 |    0.933 | 
     | FE_OFC21_n6371       | A v -> Z v   | CLKBUF_X2 | 0.118 |   0.811 |    1.052 | 
     | U5149                | A v -> ZN ^  | INV_X1    | 0.071 |   0.883 |    1.123 | 
     | U5227                | B ^ -> ZN v  | XNOR2_X1  | 0.021 |   0.903 |    1.144 | 
     | FE_OFC23_n8287       | A v -> Z v   | CLKBUF_X1 | 0.086 |   0.989 |    1.230 | 
     | U5478                | B v -> ZN v  | XNOR2_X1  | 0.069 |   1.058 |    1.299 | 
     | U5539                | B v -> ZN v  | XNOR2_X1  | 0.059 |   1.117 |    1.357 | 
     | U8392                | A v -> ZN ^  | XNOR2_X1  | 0.128 |   1.245 |    1.486 | 
     | U8684                | A ^ -> ZN ^  | XNOR2_X1  | 0.063 |   1.309 |    1.549 | 
     | U6009                | A ^ -> S v   | FA_X1     | 0.104 |   1.413 |    1.653 | 
     | U8685                | C2 v -> ZN ^ | AOI222_X1 | 0.111 |   1.524 |    1.764 | 
     | U8782                | CI ^ -> S v  | FA_X1     | 0.112 |   1.636 |    1.876 | 
     | U8783                | B v -> ZN v  | XNOR2_X1  | 0.044 |   1.680 |    1.920 | 
     | U8784                | A v -> ZN v  | XNOR2_X1  | 0.047 |   1.727 |    1.967 | 
     | U8880                | B2 v -> ZN ^ | OAI21_X1  | 0.050 |   1.776 |    2.017 | 
     | U10403               | A1 ^ -> ZN v | NAND2_X1  | 0.020 |   1.796 |    2.037 | 
     | U10404               | B v -> ZN v  | XNOR2_X1  | 0.046 |   1.842 |    2.082 | 
     | U5386                | A2 v -> ZN v | OR2_X1    | 0.055 |   1.897 |    2.138 | 
     | U6132                | A3 v -> ZN ^ | NAND4_X1  | 0.021 |   1.919 |    2.159 | 
     | U5651                | A3 ^ -> ZN ^ | AND3_X1   | 0.043 |   1.962 |    2.203 | 
     | p_reg_Y_temp_reg_55_ | D ^          | DFF_X1    | 0.000 |   1.962 |    2.203 | 
     +------------------------------------------------------------------------------+ 
Path 10: MET Setup Check with Pin p_reg_Y_temp_reg_51_/CK 
Endpoint:   p_reg_Y_temp_reg_51_/D (v) checked with  leading edge of 'CLK'
Beginpoint: B_reg_Y_temp_reg_21_/Q (v) triggered by  leading edge of 'CLK'
Path Groups: {CLK}
Analysis View: default
Other End Arrival Time          0.071
- Setup                         0.029
+ Phase Shift                   2.213
+ CPPR Adjustment               0.000
- Uncertainty                   0.050
= Required Time                 2.205
- Arrival Time                  1.953
= Slack Time                    0.252
     Clock Rise Edge                 0.000
     + Clock Network Latency (Prop)  0.050
     = Beginpoint Arrival Time       0.050
     +------------------------------------------------------------------------------+ 
     |       Instance       |     Arc      |   Cell    | Delay | Arrival | Required | 
     |                      |              |           |       |  Time   |   Time   | 
     |----------------------+--------------+-----------+-------+---------+----------| 
     | B_reg_Y_temp_reg_21_ | CK ^         |           |       |   0.050 |    0.302 | 
     | B_reg_Y_temp_reg_21_ | CK ^ -> Q v  | DFF_X1    | 0.104 |   0.154 |    0.406 | 
     | U6419                | A1 v -> ZN ^ | NAND2_X1  | 0.028 |   0.182 |    0.434 | 
     | U5775                | A1 ^ -> ZN ^ | AND2_X1   | 0.143 |   0.324 |    0.577 | 
     | U6420                | A ^ -> ZN v  | INV_X2    | 0.071 |   0.396 |    0.648 | 
     | U5531                | B v -> ZN ^  | XNOR2_X1  | 0.081 |   0.476 |    0.729 | 
     | FE_OFC18_n9949       | A ^ -> Z ^   | CLKBUF_X1 | 0.147 |   0.623 |    0.875 | 
     | U6422                | A ^ -> ZN v  | INV_X1    | 0.006 |   0.629 |    0.881 | 
     | FE_OFC19_n5643       | A v -> Z v   | CLKBUF_X2 | 0.140 |   0.769 |    1.021 | 
     | U9635                | B v -> ZN v  | XNOR2_X1  | 0.091 |   0.860 |    1.112 | 
     | U9660                | B v -> CO v  | FA_X1     | 0.094 |   0.954 |    1.206 | 
     | U9661                | B v -> ZN v  | XNOR2_X1  | 0.044 |   0.998 |    1.250 | 
     | U9662                | A v -> ZN ^  | XNOR2_X1  | 0.049 |   1.047 |    1.299 | 
     | U10232               | A ^ -> ZN ^  | XNOR2_X1  | 0.046 |   1.094 |    1.346 | 
     | U10234               | A1 ^ -> ZN v | OAI22_X1  | 0.025 |   1.119 |    1.371 | 
     | intadd_1103_U3       | CI v -> S ^  | FA_X1     | 0.117 |   1.236 |    1.488 | 
     | intadd_1100_U3       | CI ^ -> S v  | FA_X1     | 0.101 |   1.336 |    1.589 | 
     | U9710                | A v -> ZN v  | XNOR2_X1  | 0.044 |   1.381 |    1.633 | 
     | U6129                | A v -> ZN v  | XNOR2_X1  | 0.050 |   1.431 |    1.683 | 
     | U5130                | A1 v -> ZN v | AND3_X1   | 0.035 |   1.465 |    1.718 | 
     | U9716                | A1 v -> ZN ^ | NOR2_X1   | 0.021 |   1.487 |    1.739 | 
     | U5931                | A1 ^ -> ZN v | NAND2_X1  | 0.015 |   1.502 |    1.754 | 
     | U6159                | A2 v -> ZN v | OR2_X1    | 0.047 |   1.549 |    1.801 | 
     | U5367                | A2 v -> ZN v | OR2_X1    | 0.054 |   1.603 |    1.855 | 
     | U6041                | A1 v -> ZN ^ | NAND2_X1  | 0.015 |   1.618 |    1.870 | 
     | U5876                | A1 ^ -> ZN ^ | AND3_X1   | 0.051 |   1.669 |    1.921 | 
     | U6053                | A1 ^ -> ZN ^ | OR2_X1    | 0.037 |   1.706 |    1.958 | 
     | U6242                | A1 ^ -> ZN v | NAND2_X1  | 0.017 |   1.723 |    1.975 | 
     | U6241                | C2 v -> ZN ^ | OAI211_X1 | 0.069 |   1.792 |    2.044 | 
     | U4723                | A2 ^ -> ZN ^ | AND2_X1   | 0.053 |   1.845 |    2.097 | 
     | U10394               | A2 ^ -> ZN ^ | AND2_X1   | 0.037 |   1.882 |    2.134 | 
     | U10395               | B ^ -> ZN ^  | XNOR2_X1  | 0.048 |   1.930 |    2.182 | 
     | U10808               | B2 ^ -> ZN v | OAI21_X1  | 0.023 |   1.953 |    2.205 | 
     | p_reg_Y_temp_reg_51_ | D v          | DFF_X1    | 0.000 |   1.953 |    2.205 | 
     +------------------------------------------------------------------------------+ 

