
Power Net Detected:
        Voltage	    Name
             0V	    gnd
           1.1V	    vdd
Using Power View: default.
AAE_INFO: opIsDesignInPostRouteState() is 1
#################################################################################
# Design Stage: PostRoute
# Design Name: boothmul_registered
# Design Mode: 45nm
# Analysis Mode: MMMC OCV 
# Parasitics Mode: SPEF/RCDB 
# Signoff Settings: SI Off 
#################################################################################
Start delay calculation (fullDC) (4 T). (MEM=3470.89)
Total number of fetched objects 5475
AAE_INFO: Total number of nets for which stage creation was skipped for all views 0
End delay calculation. (MEM=3518.36 CPU=0:00:01.5 REAL=0:00:00.0)
End delay calculation (fullDC). (MEM=3518.36 CPU=0:00:01.7 REAL=0:00:01.0)
Load RC corner of view default

Begin Power Analysis

             0V	    gnd
           1.1V	    vdd

Begin Processing Timing Library for Power Calculation

Ended Processing Timing Library for Power Calculation: (cpu=0:00:00, real=0:00:00, mem(process/total/peak)=3480.34MB/8018.75MB/3480.34MB)



Begin Processing Power Net/Grid for Power Calculation

Ended Processing Power Net/Grid for Power Calculation: (cpu=0:00:00, real=0:00:00, mem(process/total/peak)=3480.34MB/8018.75MB/3480.34MB)

Begin Processing Timing Window Data for Power Calculation

CLK(489.62MHz) CK: assigning clock CLK to net CLK
Ended Processing Timing Window Data for Power Calculation: (cpu=0:00:00, real=0:00:00, mem(process/total/peak)=3484.34MB/8282.77MB/3484.34MB)

Begin Processing User Attributes

Ended Processing User Attributes: (cpu=0:00:00, real=0:00:00, mem(process/total/peak)=3484.34MB/8282.77MB/3484.34MB)

Begin Processing Signal Activity


Starting Levelizing
2026-Oct-10 21:59:45 (2026-Oct-10 19:59:45 GMT)
2026-Oct-10 21:59:45 (2026-Oct-10 19:59:45 GMT): 10%
2026-Oct-10 21:59:45 (2026-Oct-10 19:59:45 GMT): 20%
2026-Oct-10 21:59:45 (2026-Oct-10 19:59:45 GMT): 30%
2026-Oct-10 21:59:45 (2026-Oct-10 19:59:45 GMT): 40%
2026-Oct-10 21:59:45 (2026-Oct-10 19:59:45 GMT): 50%
2026-Oct-10 21:59:45 (2026-Oct-10 19:59:45 GMT): 60%
2026-Oct-10 21:59:45 (2026-Oct-10 19:59:45 GMT): 70%
2026-Oct-10 21:59:45 (2026-Oct-10 19:59:45 GMT): 80%
2026-Oct-10 21:59:45 (2026-Oct-10 19:59:45 GMT): 90%

Finished Levelizing
2026-Oct-10 21:59:45 (2026-Oct-10 19:59:45 GMT)

Starting Activity Propagation
2026-Oct-10 21:59:45 (2026-Oct-10 19:59:45 GMT)
** INFO:  (VOLTUS_POWR-1356): No default input activity has been set. Defaulting to 0.2.
Use 'set_default_switching_activity -input_activity' command to change the default activity value.

2026-Oct-10 21:59:45 (2026-Oct-10 19:59:45 GMT): 10%
2026-Oct-10 21:59:45 (2026-Oct-10 19:59:45 GMT): 20%
2026-Oct-10 21:59:45 (2026-Oct-10 19:59:45 GMT): 30%

Finished Activity Propagation
2026-Oct-10 21:59:45 (2026-Oct-10 19:59:45 GMT)
Ended Processing Signal Activity: (cpu=0:00:00, real=0:00:00, mem(process/total/peak)=3484.59MB/8282.77MB/3484.59MB)

Begin Power Computation

      ----------------------------------------------------------
      # of cell(s) missing both power/leakage table: 0
      # of cell(s) missing power table: 2
      # of cell(s) missing leakage table: 2
      ----------------------------------------------------------
CellName                                  Missing Table(s)
LOGIC0_X1                                 internal power, leakage power, 
LOGIC1_X1                                 internal power, leakage power, 



Starting Calculating power
2026-Oct-10 21:59:45 (2026-Oct-10 19:59:45 GMT)
2026-Oct-10 21:59:45 (2026-Oct-10 19:59:45 GMT): 10%
2026-Oct-10 21:59:45 (2026-Oct-10 19:59:45 GMT): 20%
2026-Oct-10 21:59:45 (2026-Oct-10 19:59:45 GMT): 30%
2026-Oct-10 21:59:45 (2026-Oct-10 19:59:45 GMT): 40%
2026-Oct-10 21:59:45 (2026-Oct-10 19:59:45 GMT): 50%
2026-Oct-10 21:59:45 (2026-Oct-10 19:59:45 GMT): 60%
2026-Oct-10 21:59:45 (2026-Oct-10 19:59:45 GMT): 70%
2026-Oct-10 21:59:45 (2026-Oct-10 19:59:45 GMT): 80%
2026-Oct-10 21:59:45 (2026-Oct-10 19:59:45 GMT): 90%

Finished Calculating power
2026-Oct-10 21:59:45 (2026-Oct-10 19:59:45 GMT)
      # of MSMV cell(s) missing power_level: 0
Ended Power Computation: (cpu=0:00:00, real=0:00:00, mem(process/total/peak)=3498.48MB/8322.79MB/3498.48MB)

Begin Processing User Attributes

Begin Processing set_power
Ended Processing set_power: (cpu=0:00:00, real=0:00:00,
mem(process/total/peak)=3498.48MB/8322.79MB/3498.48MB)
Ended Processing User Attributes: (cpu=0:00:00, real=0:00:00, mem(process/total/peak)=3498.48MB/8322.79MB/3498.48MB)

Ended Power Analysis: (cpu=0:00:01, real=0:00:00, mem(process/total/peak)=3498.48MB/8322.79MB/3498.48MB)

Begin Boundary Leakage Calculation
Ended Boundary Leakage Calculation: (cpu=0:00:00, real=0:00:00,
mem(process/total/peak)=3498.48MB/8322.79MB/3498.48MB)
Begin Static Power Report Generation
*----------------------------------------------------------------------------------------
*	Innovus 23.35-s106_1 (64bit) 07/16/2025 17:52 (Linux 3.10.0-693.el7.x86_64)
*	
*
* 	Date & Time:	2026-Oct-10 21:59:45 (2026-Oct-10 19:59:45 GMT)
*
*----------------------------------------------------------------------------------------
*
*	Design: boothmul_registered
*
*	Liberty Libraries used:
*	        default: /eda/dk/nangate45/liberty/NangateOpenCellLibrary_typical_ecsm_nowlm.lib
*
*	Parasitic Files used:
*
*       Power View : default
*
*       User-Defined Activity : N.A.
*
*       Activity File: N.A.
*
*       Hierarchical Global Activity: N.A.
*
*       Global Activity: N.A.
*
*       Sequential Element Activity: 0.200000
*
*       Primary Input Activity: 0.200000
*
*       Default icg ratio: N.A.
*
*       Global Comb ClockGate Ratio: N.A.
*
*	Power Units = 1mW
*
*	Time Units = 1e-09 secs
*
*       report_power
*
-----------------------------------------------------------------------------------------
  2 instances have no static power
** WARN:  (VOLTUS_POWR-2152): Instance TIE_LTIELO (LOGIC0_X1) has no static power. This might be because either the duty cycle and activity of all the connected nets
is 0 or the instance is connected to power off rails. If this is not the expected behaviour and static power is required, ensure that the instance is connected
to power on rails and that the duty cycle and activity of at least one net is not 0.

** WARN:  (VOLTUS_POWR-2152): Instance TIE_LTIEHI (LOGIC1_X1) has no static power. This might be because either the duty cycle and activity of all the connected nets
is 0 or the instance is connected to power off rails. If this is not the expected behaviour and static power is required, ensure that the instance is connected
to power on rails and that the duty cycle and activity of at least one net is not 0.

*



Total Power
-----------------------------------------------------------------------------------------
Total Internal Power:        5.30680752 	   50.2908%
Total Switching Power:       5.09115062 	   48.2471%
Total Leakage Power:         0.15428245 	    1.4621%
Total Power:                10.55224058
-----------------------------------------------------------------------------------------


Group                           Internal   Switching     Leakage       Total  Percentage 
                                Power      Power         Power         Power  (%)        
-----------------------------------------------------------------------------------------
Sequential                        0.3936      0.1656     0.01034      0.5695       5.397
Macro                                  0           0           0           0           0
IO                                     0           0           0           0           0
Combinational                      4.895       4.825      0.1438       9.864       93.48
Clock (Combinational)            0.01825      0.1004    0.000107      0.1188       1.126
Clock (Sequential)                     0           0           0           0           0
-----------------------------------------------------------------------------------------
Total                              5.307       5.091      0.1543       10.55         100
-----------------------------------------------------------------------------------------


Rail                  Voltage   Internal   Switching     Leakage       Total  Percentage 
                                Power      Power         Power         Power  (%)        
-----------------------------------------------------------------------------------------
vdd                       1.1      5.307       5.091      0.1543       10.55         100


Clock                           Internal   Switching     Leakage       Total  Percentage 
                                Power      Power         Power         Power  (%)        
-----------------------------------------------------------------------------------------
CLK                              0.01825      0.1004    0.000107      0.1188       1.126
-----------------------------------------------------------------------------------------
Total                            0.01825      0.1004    0.000107      0.1188       1.126
-----------------------------------------------------------------------------------------
Clock: CLK
Clock Period: 0.002042 usec 
Clock Toggle Rate:   979.2401 Mhz 
Clock Static Probability:  0.5000
  
 
 
-----------------------------------------------------------------------------------------
*	Power Distribution Summary: 
*              Highest Average Power:       CTS_ccl_a_buf_00003 (CLKBUF_X3):          0.03825
*              Highest Leakage Power:      A_reg_Y_temp_reg_17_ (DFF_X2):        0.0001139
*                Total Cap:      2.60074e-11 F
*                Total instances in design:  5093
*                Total instances in design with no power:     2
*                Total instances in design with no activty:     2

*                Total Fillers and Decap:     0
-----------------------------------------------------------------------------------------
 
** INFO:  (VOLTUS_POWR-3465): There are 0 decaps and 0 fillers in the design

Ended Static Power Report Generation: (cpu=0:00:00, real=0:00:00,
mem(process/total/peak)=3499.48MB/8322.79MB/3499.48MB)

