###############################################################
#  Generated by:      Cadence Innovus 23.35-s106_1
#  OS:                Linux x86_64(Host ID microsys.openstack.polito)
#  Generated on:      Sat Oct 10 21:59:40 2026
#  Design:            boothmul_registered
#  Command:           report_timing -max_paths 10 > reports/10_setup_paths.rpt
###############################################################
Path 1: MET Setup Check with Pin p_reg_Y_temp_reg_40_/CK 
Endpoint:   p_reg_Y_temp_reg_40_/D (^) checked with  leading edge of 'CLK'
Beginpoint: B_reg_Y_temp_reg_13_/Q (^) triggered by  leading edge of 'CLK'
Path Groups: {CLK}
Analysis View: default
Other End Arrival Time          0.067
- Setup                         0.031
+ Phase Shift                   2.042
+ CPPR Adjustment               0.000
- Uncertainty                   0.050
= Required Time                 2.028
- Arrival Time                  1.850
= Slack Time                    0.178
     Clock Rise Edge                 0.000
     + Clock Network Latency (Prop)  0.046
     = Beginpoint Arrival Time       0.046
     +------------------------------------------------------------------------------+ 
     |       Instance       |     Arc      |   Cell    | Delay | Arrival | Required | 
     |                      |              |           |       |  Time   |   Time   | 
     |----------------------+--------------+-----------+-------+---------+----------| 
     | B_reg_Y_temp_reg_13_ | CK ^         |           |       |   0.046 |    0.224 | 
     | B_reg_Y_temp_reg_13_ | CK ^ -> Q ^  | DFF_X1    | 0.102 |   0.147 |    0.326 | 
     | U3980                | A1 ^ -> ZN v | NAND2_X1  | 0.019 |   0.166 |    0.345 | 
     | U3951                | A1 v -> ZN ^ | NAND2_X2  | 0.101 |   0.267 |    0.446 | 
     | U3894                | A ^ -> ZN v  | INV_X2    | 0.069 |   0.337 |    0.515 | 
     | U3860                | A v -> ZN v  | XNOR2_X1  | 0.053 |   0.390 |    0.568 | 
     | FE_OFC32_n4808       | A v -> Z v   | CLKBUF_X1 | 0.119 |   0.509 |    0.688 | 
     | U3855                | B v -> ZN v  | XNOR2_X1  | 0.067 |   0.576 |    0.754 | 
     | FE_OFC36_n5053       | A v -> Z v   | CLKBUF_X1 | 0.128 |   0.704 |    0.882 | 
     | FE_DBTC9_n5053       | A v -> ZN ^  | INV_X1    | 0.099 |   0.803 |    0.981 | 
     | U7774                | B ^ -> Z ^   | XOR2_X1   | 0.076 |   0.879 |    1.057 | 
     | U3955                | A1 ^ -> ZN v | NAND2_X1  | 0.018 |   0.896 |    1.075 | 
     | U3954                | A1 v -> ZN ^ | NAND2_X1  | 0.017 |   0.913 |    1.092 | 
     | U4737                | A2 ^ -> ZN v | NAND2_X1  | 0.020 |   0.933 |    1.111 | 
     | intadd_1543_U5       | CI v -> CO v | FA_X1     | 0.076 |   1.009 |    1.187 | 
     | intadd_1543_U4       | A v -> S ^   | FA_X1     | 0.119 |   1.127 |    1.306 | 
     | intadd_1542_U3       | CI ^ -> S v  | FA_X1     | 0.093 |   1.220 |    1.399 | 
     | intadd_1541_U2       | CI v -> S ^  | FA_X1     | 0.115 |   1.335 |    1.514 | 
     | U6607                | A ^ -> ZN v  | INV_X1    | 0.007 |   1.342 |    1.520 | 
     | U4134                | A1 v -> ZN v | OR2_X1    | 0.052 |   1.394 |    1.572 | 
     | U3655                | A1 v -> ZN v | AND3_X1   | 0.036 |   1.430 |    1.609 | 
     | U3931                | A2 v -> ZN ^ | NAND2_X1  | 0.016 |   1.447 |    1.625 | 
     | U5047                | A2 ^ -> ZN v | NAND3_X1  | 0.023 |   1.469 |    1.648 | 
     | U4994                | A1 v -> ZN v | AND2_X1   | 0.031 |   1.500 |    1.678 | 
     | U4969                | C1 v -> ZN ^ | OAI211_X1 | 0.025 |   1.525 |    1.703 | 
     | U4662                | A1 ^ -> ZN ^ | AND2_X1   | 0.043 |   1.568 |    1.746 | 
     | U5083                | B1 ^ -> ZN v | OAI21_X1  | 0.016 |   1.584 |    1.762 | 
     | U4793                | A1 v -> ZN ^ | NAND2_X1  | 0.032 |   1.616 |    1.794 | 
     | U5076                | A1 ^ -> ZN v | NAND2_X1  | 0.021 |   1.637 |    1.816 | 
     | U3759                | A1 v -> ZN v | OR3_X1    | 0.065 |   1.703 |    1.881 | 
     | U4082                | A1 v -> ZN ^ | NAND2_X1  | 0.045 |   1.748 |    1.926 | 
     | U8286                | A ^ -> ZN ^  | XNOR2_X1  | 0.051 |   1.799 |    1.978 | 
     | U8633                | A1 ^ -> ZN v | NAND2_X1  | 0.024 |   1.824 |    2.002 | 
     | U3359                | A v -> ZN ^  | OAI21_X1  | 0.026 |   1.850 |    2.028 | 
     | p_reg_Y_temp_reg_40_ | D ^          | DFF_X1    | 0.000 |   1.850 |    2.028 | 
     +------------------------------------------------------------------------------+ 
Path 2: MET Setup Check with Pin p_reg_Y_temp_reg_34_/CK 
Endpoint:   p_reg_Y_temp_reg_34_/D (v) checked with  leading edge of 'CLK'
Beginpoint: B_reg_Y_temp_reg_13_/Q (^) triggered by  leading edge of 'CLK'
Path Groups: {CLK}
Analysis View: default
Other End Arrival Time          0.067
- Setup                         0.027
+ Phase Shift                   2.042
+ CPPR Adjustment               0.000
- Uncertainty                   0.050
= Required Time                 2.032
- Arrival Time                  1.853
= Slack Time                    0.178
     Clock Rise Edge                 0.000
     + Clock Network Latency (Prop)  0.046
     = Beginpoint Arrival Time       0.046
     +------------------------------------------------------------------------------+ 
     |       Instance       |     Arc      |   Cell    | Delay | Arrival | Required | 
     |                      |              |           |       |  Time   |   Time   | 
     |----------------------+--------------+-----------+-------+---------+----------| 
     | B_reg_Y_temp_reg_13_ | CK ^         |           |       |   0.046 |    0.224 | 
     | B_reg_Y_temp_reg_13_ | CK ^ -> Q ^  | DFF_X1    | 0.102 |   0.147 |    0.326 | 
     | U3980                | A1 ^ -> ZN v | NAND2_X1  | 0.019 |   0.166 |    0.345 | 
     | U3951                | A1 v -> ZN ^ | NAND2_X2  | 0.101 |   0.267 |    0.446 | 
     | U3894                | A ^ -> ZN v  | INV_X2    | 0.069 |   0.337 |    0.515 | 
     | U3860                | A v -> ZN v  | XNOR2_X1  | 0.053 |   0.390 |    0.568 | 
     | FE_OFC32_n4808       | A v -> Z v   | CLKBUF_X1 | 0.119 |   0.509 |    0.688 | 
     | U3855                | B v -> ZN v  | XNOR2_X1  | 0.067 |   0.576 |    0.754 | 
     | FE_OFC36_n5053       | A v -> Z v   | CLKBUF_X1 | 0.128 |   0.704 |    0.882 | 
     | FE_DBTC9_n5053       | A v -> ZN ^  | INV_X1    | 0.099 |   0.803 |    0.981 | 
     | U4719                | B ^ -> ZN v  | XNOR2_X1  | 0.044 |   0.847 |    1.025 | 
     | U4805                | B v -> CO v  | FA_X1     | 0.085 |   0.932 |    1.111 | 
     | U7117                | CI v -> S ^  | FA_X1     | 0.125 |   1.057 |    1.235 | 
     | U4908                | A ^ -> S v   | FA_X1     | 0.097 |   1.153 |    1.332 | 
     | U4061                | B v -> ZN ^  | XNOR2_X1  | 0.054 |   1.207 |    1.385 | 
     | U4906                | A1 ^ -> ZN v | NAND2_X1  | 0.015 |   1.222 |    1.401 | 
     | U4559                | A2 v -> ZN v | AND2_X1   | 0.030 |   1.252 |    1.430 | 
     | U7527                | A1 v -> ZN v | OR2_X1    | 0.048 |   1.300 |    1.478 | 
     | intadd_1545_U2       | A v -> S ^   | FA_X1     | 0.125 |   1.425 |    1.604 | 
     | U4881                | A ^ -> ZN v  | INV_X1    | 0.011 |   1.437 |    1.615 | 
     | U7135                | A v -> Z v   | XOR2_X1   | 0.050 |   1.487 |    1.665 | 
     | U7141                | A2 v -> ZN v | AND2_X1   | 0.037 |   1.524 |    1.702 | 
     | U7953                | A2 v -> ZN ^ | NOR2_X1   | 0.044 |   1.568 |    1.747 | 
     | U4754                | A1 ^ -> ZN v | NAND2_X1  | 0.020 |   1.589 |    1.767 | 
     | U4830                | A1 v -> ZN v | AND2_X1   | 0.029 |   1.617 |    1.796 | 
     | U7954                | A1 v -> ZN v | OR2_X1    | 0.041 |   1.658 |    1.837 | 
     | U3988                | A2 v -> ZN v | AND2_X1   | 0.036 |   1.695 |    1.873 | 
     | U4059                | A1 v -> ZN ^ | NOR2_X1   | 0.037 |   1.732 |    1.910 | 
     | U8364                | A ^ -> ZN v  | AOI21_X1  | 0.016 |   1.748 |    1.927 | 
     | U8502                | A1 v -> ZN v | AND2_X1   | 0.028 |   1.776 |    1.955 | 
     | U8441                | A3 v -> ZN v | OR3_X1    | 0.077 |   1.853 |    2.032 | 
     | p_reg_Y_temp_reg_34_ | D v          | DFF_X1    | 0.000 |   1.853 |    2.032 | 
     +------------------------------------------------------------------------------+ 
Path 3: MET Setup Check with Pin p_reg_Y_temp_reg_35_/CK 
Endpoint:   p_reg_Y_temp_reg_35_/D (v) checked with  leading edge of 'CLK'
Beginpoint: B_reg_Y_temp_reg_13_/Q (^) triggered by  leading edge of 'CLK'
Path Groups: {CLK}
Analysis View: default
Other End Arrival Time          0.067
- Setup                         0.028
+ Phase Shift                   2.042
+ CPPR Adjustment               0.000
- Uncertainty                   0.050
= Required Time                 2.032
- Arrival Time                  1.853
= Slack Time                    0.179
     Clock Rise Edge                 0.000
     + Clock Network Latency (Prop)  0.046
     = Beginpoint Arrival Time       0.046
     +------------------------------------------------------------------------------+ 
     |       Instance       |     Arc      |   Cell    | Delay | Arrival | Required | 
     |                      |              |           |       |  Time   |   Time   | 
     |----------------------+--------------+-----------+-------+---------+----------| 
     | B_reg_Y_temp_reg_13_ | CK ^         |           |       |   0.046 |    0.224 | 
     | B_reg_Y_temp_reg_13_ | CK ^ -> Q ^  | DFF_X1    | 0.102 |   0.147 |    0.326 | 
     | U3980                | A1 ^ -> ZN v | NAND2_X1  | 0.019 |   0.166 |    0.345 | 
     | U3951                | A1 v -> ZN ^ | NAND2_X2  | 0.101 |   0.267 |    0.446 | 
     | U3894                | A ^ -> ZN v  | INV_X2    | 0.069 |   0.337 |    0.515 | 
     | U3860                | A v -> ZN v  | XNOR2_X1  | 0.053 |   0.390 |    0.569 | 
     | FE_OFC32_n4808       | A v -> Z v   | CLKBUF_X1 | 0.119 |   0.509 |    0.688 | 
     | U3855                | B v -> ZN v  | XNOR2_X1  | 0.067 |   0.576 |    0.755 | 
     | FE_OFC36_n5053       | A v -> Z v   | CLKBUF_X1 | 0.128 |   0.704 |    0.882 | 
     | FE_DBTC9_n5053       | A v -> ZN ^  | INV_X1    | 0.099 |   0.803 |    0.981 | 
     | U4719                | B ^ -> ZN v  | XNOR2_X1  | 0.044 |   0.847 |    1.025 | 
     | U4805                | B v -> CO v  | FA_X1     | 0.085 |   0.932 |    1.111 | 
     | U7117                | CI v -> S ^  | FA_X1     | 0.125 |   1.057 |    1.236 | 
     | U4908                | A ^ -> S v   | FA_X1     | 0.097 |   1.153 |    1.332 | 
     | U4061                | B v -> ZN ^  | XNOR2_X1  | 0.054 |   1.207 |    1.386 | 
     | U4906                | A1 ^ -> ZN v | NAND2_X1  | 0.015 |   1.222 |    1.401 | 
     | U4559                | A2 v -> ZN v | AND2_X1   | 0.030 |   1.252 |    1.431 | 
     | U7527                | A1 v -> ZN v | OR2_X1    | 0.048 |   1.300 |    1.479 | 
     | intadd_1545_U2       | A v -> S ^   | FA_X1     | 0.125 |   1.425 |    1.604 | 
     | U4881                | A ^ -> ZN v  | INV_X1    | 0.011 |   1.437 |    1.616 | 
     | U7135                | A v -> Z v   | XOR2_X1   | 0.050 |   1.487 |    1.665 | 
     | U7141                | A2 v -> ZN v | AND2_X1   | 0.037 |   1.524 |    1.703 | 
     | U7953                | A2 v -> ZN ^ | NOR2_X1   | 0.044 |   1.568 |    1.747 | 
     | U4754                | A1 ^ -> ZN v | NAND2_X1  | 0.020 |   1.589 |    1.767 | 
     | U4830                | A1 v -> ZN v | AND2_X1   | 0.029 |   1.617 |    1.796 | 
     | U7954                | A1 v -> ZN v | OR2_X1    | 0.041 |   1.658 |    1.837 | 
     | U3988                | A2 v -> ZN v | AND2_X1   | 0.036 |   1.695 |    1.873 | 
     | U4059                | A1 v -> ZN ^ | NOR2_X1   | 0.037 |   1.732 |    1.911 | 
     | U8363                | A ^ -> Z v   | XOR2_X1   | 0.016 |   1.748 |    1.927 | 
     | U8444                | A1 v -> ZN v | AND2_X1   | 0.027 |   1.775 |    1.954 | 
     | U8443                | A3 v -> ZN v | OR3_X1    | 0.078 |   1.853 |    2.032 | 
     | p_reg_Y_temp_reg_35_ | D v          | DFF_X1    | 0.000 |   1.853 |    2.032 | 
     +------------------------------------------------------------------------------+ 
Path 4: MET Setup Check with Pin p_reg_Y_temp_reg_41_/CK 
Endpoint:   p_reg_Y_temp_reg_41_/D (v) checked with  leading edge of 'CLK'
Beginpoint: B_reg_Y_temp_reg_13_/Q (^) triggered by  leading edge of 'CLK'
Path Groups: {CLK}
Analysis View: default
Other End Arrival Time          0.067
- Setup                         0.033
+ Phase Shift                   2.042
+ CPPR Adjustment               0.000
- Uncertainty                   0.050
= Required Time                 2.026
- Arrival Time                  1.842
= Slack Time                    0.184
     Clock Rise Edge                 0.000
     + Clock Network Latency (Prop)  0.046
     = Beginpoint Arrival Time       0.046
     +------------------------------------------------------------------------------+ 
     |       Instance       |     Arc      |   Cell    | Delay | Arrival | Required | 
     |                      |              |           |       |  Time   |   Time   | 
     |----------------------+--------------+-----------+-------+---------+----------| 
     | B_reg_Y_temp_reg_13_ | CK ^         |           |       |   0.046 |    0.230 | 
     | B_reg_Y_temp_reg_13_ | CK ^ -> Q ^  | DFF_X1    | 0.102 |   0.147 |    0.332 | 
     | U3980                | A1 ^ -> ZN v | NAND2_X1  | 0.019 |   0.166 |    0.351 | 
     | U3951                | A1 v -> ZN ^ | NAND2_X2  | 0.101 |   0.267 |    0.452 | 
     | U3894                | A ^ -> ZN v  | INV_X2    | 0.069 |   0.337 |    0.521 | 
     | U3860                | A v -> ZN v  | XNOR2_X1  | 0.053 |   0.390 |    0.574 | 
     | FE_OFC32_n4808       | A v -> Z v   | CLKBUF_X1 | 0.119 |   0.509 |    0.694 | 
     | U3855                | B v -> ZN v  | XNOR2_X1  | 0.067 |   0.576 |    0.760 | 
     | FE_OFC36_n5053       | A v -> Z v   | CLKBUF_X1 | 0.128 |   0.704 |    0.888 | 
     | FE_DBTC9_n5053       | A v -> ZN ^  | INV_X1    | 0.099 |   0.803 |    0.987 | 
     | U7774                | B ^ -> Z ^   | XOR2_X1   | 0.076 |   0.879 |    1.063 | 
     | U3955                | A1 ^ -> ZN v | NAND2_X1  | 0.018 |   0.896 |    1.081 | 
     | U3954                | A1 v -> ZN ^ | NAND2_X1  | 0.017 |   0.913 |    1.098 | 
     | U4737                | A2 ^ -> ZN v | NAND2_X1  | 0.020 |   0.933 |    1.117 | 
     | intadd_1543_U5       | CI v -> CO v | FA_X1     | 0.076 |   1.009 |    1.193 | 
     | intadd_1543_U4       | A v -> S ^   | FA_X1     | 0.119 |   1.127 |    1.312 | 
     | intadd_1542_U3       | CI ^ -> S v  | FA_X1     | 0.093 |   1.220 |    1.405 | 
     | intadd_1541_U2       | CI v -> S ^  | FA_X1     | 0.115 |   1.335 |    1.520 | 
     | U6607                | A ^ -> ZN v  | INV_X1    | 0.007 |   1.342 |    1.526 | 
     | U4134                | A1 v -> ZN v | OR2_X1    | 0.052 |   1.394 |    1.578 | 
     | U3655                | A1 v -> ZN v | AND3_X1   | 0.036 |   1.430 |    1.615 | 
     | U3931                | A2 v -> ZN ^ | NAND2_X1  | 0.016 |   1.447 |    1.631 | 
     | U5047                | A2 ^ -> ZN v | NAND3_X1  | 0.023 |   1.469 |    1.654 | 
     | U4994                | A1 v -> ZN v | AND2_X1   | 0.031 |   1.500 |    1.684 | 
     | U4969                | C1 v -> ZN ^ | OAI211_X1 | 0.025 |   1.525 |    1.709 | 
     | U4662                | A1 ^ -> ZN ^ | AND2_X1   | 0.043 |   1.568 |    1.752 | 
     | U5083                | B1 ^ -> ZN v | OAI21_X1  | 0.016 |   1.584 |    1.768 | 
     | U4793                | A1 v -> ZN ^ | NAND2_X1  | 0.032 |   1.616 |    1.800 | 
     | U5076                | A1 ^ -> ZN v | NAND2_X1  | 0.021 |   1.637 |    1.822 | 
     | U3759                | A1 v -> ZN v | OR3_X1    | 0.065 |   1.703 |    1.887 | 
     | U4082                | A1 v -> ZN ^ | NAND2_X1  | 0.045 |   1.748 |    1.932 | 
     | U8295                | A1 ^ -> ZN v | NAND2_X1  | 0.018 |   1.766 |    1.951 | 
     | U8634                | A1 v -> ZN ^ | NAND2_X1  | 0.014 |   1.780 |    1.965 | 
     | U8440                | A2 ^ -> ZN ^ | OR2_X1    | 0.041 |   1.821 |    2.005 | 
     | U3355                | A ^ -> ZN v  | OAI21_X1  | 0.021 |   1.842 |    2.026 | 
     | p_reg_Y_temp_reg_41_ | D v          | DFF_X1    | 0.000 |   1.842 |    2.026 | 
     +------------------------------------------------------------------------------+ 
Path 5: MET Setup Check with Pin p_reg_Y_temp_reg_61_/CK 
Endpoint:   p_reg_Y_temp_reg_61_/D (^) checked with  leading edge of 'CLK'
Beginpoint: B_reg_Y_temp_reg_13_/Q (^) triggered by  leading edge of 'CLK'
Path Groups: {CLK}
Analysis View: default
Other End Arrival Time          0.065
- Setup                         0.029
+ Phase Shift                   2.042
+ CPPR Adjustment               0.000
- Uncertainty                   0.050
= Required Time                 2.029
- Arrival Time                  1.833
= Slack Time                    0.196
     Clock Rise Edge                 0.000
     + Clock Network Latency (Prop)  0.046
     = Beginpoint Arrival Time       0.046
     +------------------------------------------------------------------------------+ 
     |       Instance       |     Arc      |   Cell    | Delay | Arrival | Required | 
     |                      |              |           |       |  Time   |   Time   | 
     |----------------------+--------------+-----------+-------+---------+----------| 
     | B_reg_Y_temp_reg_13_ | CK ^         |           |       |   0.046 |    0.242 | 
     | B_reg_Y_temp_reg_13_ | CK ^ -> Q ^  | DFF_X1    | 0.102 |   0.147 |    0.343 | 
     | U3980                | A1 ^ -> ZN v | NAND2_X1  | 0.019 |   0.166 |    0.362 | 
     | U3951                | A1 v -> ZN ^ | NAND2_X2  | 0.101 |   0.267 |    0.463 | 
     | U3894                | A ^ -> ZN v  | INV_X2    | 0.069 |   0.337 |    0.533 | 
     | U3860                | A v -> ZN v  | XNOR2_X1  | 0.053 |   0.390 |    0.586 | 
     | FE_OFC32_n4808       | A v -> Z v   | CLKBUF_X1 | 0.119 |   0.509 |    0.705 | 
     | U3855                | B v -> ZN v  | XNOR2_X1  | 0.067 |   0.576 |    0.772 | 
     | FE_OFC36_n5053       | A v -> Z v   | CLKBUF_X1 | 0.128 |   0.704 |    0.900 | 
     | FE_DBTC9_n5053       | A v -> ZN ^  | INV_X1    | 0.099 |   0.803 |    0.999 | 
     | U4719                | B ^ -> ZN v  | XNOR2_X1  | 0.044 |   0.847 |    1.043 | 
     | U4805                | B v -> CO v  | FA_X1     | 0.085 |   0.932 |    1.128 | 
     | U7117                | CI v -> S ^  | FA_X1     | 0.125 |   1.057 |    1.253 | 
     | U4908                | A ^ -> S v   | FA_X1     | 0.097 |   1.153 |    1.349 | 
     | U4061                | B v -> ZN ^  | XNOR2_X1  | 0.054 |   1.207 |    1.403 | 
     | U4906                | A1 ^ -> ZN v | NAND2_X1  | 0.015 |   1.222 |    1.418 | 
     | U4559                | A2 v -> ZN v | AND2_X1   | 0.030 |   1.252 |    1.448 | 
     | U7527                | A1 v -> ZN v | OR2_X1    | 0.048 |   1.300 |    1.496 | 
     | intadd_1545_U2       | A v -> S ^   | FA_X1     | 0.125 |   1.425 |    1.621 | 
     | U4881                | A ^ -> ZN v  | INV_X1    | 0.011 |   1.437 |    1.633 | 
     | U7135                | A v -> Z v   | XOR2_X1   | 0.050 |   1.487 |    1.683 | 
     | U7138                | A1 v -> ZN v | OR2_X1    | 0.048 |   1.534 |    1.730 | 
     | U7140                | A1 v -> ZN v | AND2_X1   | 0.029 |   1.563 |    1.759 | 
     | U5083                | A v -> ZN ^  | OAI21_X1  | 0.019 |   1.582 |    1.778 | 
     | U4793                | A1 ^ -> ZN v | NAND2_X1  | 0.030 |   1.612 |    1.808 | 
     | U4076                | A2 v -> ZN ^ | NAND2_X1  | 0.029 |   1.641 |    1.837 | 
     | U3972                | A1 ^ -> ZN v | NAND3_X1  | 0.034 |   1.675 |    1.871 | 
     | U4111                | A1 v -> ZN v | AND2_X1   | 0.038 |   1.713 |    1.909 | 
     | U5065                | C1 v -> ZN ^ | OAI211_X1 | 0.048 |   1.760 |    1.956 | 
     | U8623                | A ^ -> ZN v  | INV_X1    | 0.011 |   1.771 |    1.967 | 
     | U4770                | A1 v -> ZN v | AND2_X1   | 0.028 |   1.799 |    1.995 | 
     | U8625                | C2 v -> ZN ^ | OAI211_X1 | 0.033 |   1.832 |    2.028 | 
     | p_reg_Y_temp_reg_61_ | D ^          | DFF_X1    | 0.000 |   1.833 |    2.029 | 
     +------------------------------------------------------------------------------+ 
Path 6: MET Setup Check with Pin p_reg_Y_temp_reg_48_/CK 
Endpoint:   p_reg_Y_temp_reg_48_/D (^) checked with  leading edge of 'CLK'
Beginpoint: B_reg_Y_temp_reg_13_/Q (^) triggered by  leading edge of 'CLK'
Path Groups: {CLK}
Analysis View: default
Other End Arrival Time          0.066
- Setup                         0.026
+ Phase Shift                   2.042
+ CPPR Adjustment               0.000
- Uncertainty                   0.050
= Required Time                 2.032
- Arrival Time                  1.835
= Slack Time                    0.197
     Clock Rise Edge                 0.000
     + Clock Network Latency (Prop)  0.046
     = Beginpoint Arrival Time       0.046
     +------------------------------------------------------------------------------+ 
     |       Instance       |     Arc      |   Cell    | Delay | Arrival | Required | 
     |                      |              |           |       |  Time   |   Time   | 
     |----------------------+--------------+-----------+-------+---------+----------| 
     | B_reg_Y_temp_reg_13_ | CK ^         |           |       |   0.046 |    0.242 | 
     | B_reg_Y_temp_reg_13_ | CK ^ -> Q ^  | DFF_X1    | 0.102 |   0.147 |    0.344 | 
     | U3980                | A1 ^ -> ZN v | NAND2_X1  | 0.019 |   0.166 |    0.363 | 
     | U3951                | A1 v -> ZN ^ | NAND2_X2  | 0.101 |   0.267 |    0.464 | 
     | U3894                | A ^ -> ZN v  | INV_X2    | 0.069 |   0.337 |    0.533 | 
     | U3860                | A v -> ZN v  | XNOR2_X1  | 0.053 |   0.390 |    0.587 | 
     | FE_OFC32_n4808       | A v -> Z v   | CLKBUF_X1 | 0.119 |   0.509 |    0.706 | 
     | U3855                | B v -> ZN v  | XNOR2_X1  | 0.067 |   0.576 |    0.773 | 
     | FE_OFC36_n5053       | A v -> Z v   | CLKBUF_X1 | 0.128 |   0.704 |    0.900 | 
     | FE_DBTC9_n5053       | A v -> ZN ^  | INV_X1    | 0.099 |   0.803 |    0.999 | 
     | U4719                | B ^ -> ZN v  | XNOR2_X1  | 0.044 |   0.847 |    1.043 | 
     | U4805                | B v -> CO v  | FA_X1     | 0.085 |   0.932 |    1.129 | 
     | U7117                | CI v -> S ^  | FA_X1     | 0.125 |   1.057 |    1.254 | 
     | U4908                | A ^ -> S v   | FA_X1     | 0.097 |   1.153 |    1.350 | 
     | U4061                | B v -> ZN v  | XNOR2_X1  | 0.050 |   1.203 |    1.400 | 
     | U8046                | A1 v -> ZN ^ | OAI22_X1  | 0.039 |   1.242 |    1.439 | 
     | U3979                | B2 ^ -> ZN v | OAI21_X1  | 0.039 |   1.281 |    1.478 | 
     | U3978                | B v -> CO v  | FA_X1     | 0.093 |   1.375 |    1.571 | 
     | U7012                | CI v -> S ^  | FA_X1     | 0.117 |   1.491 |    1.688 | 
     | U4430                | A ^ -> ZN v  | XNOR2_X1  | 0.031 |   1.522 |    1.719 | 
     | U7104                | A1 v -> ZN v | AND2_X1   | 0.044 |   1.566 |    1.763 | 
     | U4000                | A3 v -> ZN ^ | NOR3_X1   | 0.049 |   1.616 |    1.813 | 
     | U4076                | A1 ^ -> ZN v | NAND2_X1  | 0.024 |   1.640 |    1.837 | 
     | U3976                | A2 v -> ZN v | AND3_X1   | 0.050 |   1.690 |    1.887 | 
     | U4750                | B2 v -> ZN ^ | OAI21_X1  | 0.034 |   1.724 |    1.920 | 
     | U5114                | A2 ^ -> ZN v | NOR2_X1   | 0.013 |   1.737 |    1.933 | 
     | U8448                | A2 v -> ZN v | OR3_X1    | 0.082 |   1.818 |    2.015 | 
     | U8617                | A1 v -> ZN ^ | NAND2_X1  | 0.017 |   1.835 |    2.032 | 
     | p_reg_Y_temp_reg_48_ | D ^          | DFF_X1    | 0.000 |   1.835 |    2.032 | 
     +------------------------------------------------------------------------------+ 
Path 7: MET Setup Check with Pin p_reg_Y_temp_reg_54_/CK 
Endpoint:   p_reg_Y_temp_reg_54_/D (^) checked with  leading edge of 'CLK'
Beginpoint: B_reg_Y_temp_reg_13_/Q (^) triggered by  leading edge of 'CLK'
Path Groups: {CLK}
Analysis View: default
Other End Arrival Time          0.065
- Setup                         0.030
+ Phase Shift                   2.042
+ CPPR Adjustment               0.000
- Uncertainty                   0.050
= Required Time                 2.028
- Arrival Time                  1.828
= Slack Time                    0.200
     Clock Rise Edge                 0.000
     + Clock Network Latency (Prop)  0.046
     = Beginpoint Arrival Time       0.046
     +------------------------------------------------------------------------------+ 
     |       Instance       |     Arc      |   Cell    | Delay | Arrival | Required | 
     |                      |              |           |       |  Time   |   Time   | 
     |----------------------+--------------+-----------+-------+---------+----------| 
     | B_reg_Y_temp_reg_13_ | CK ^         |           |       |   0.046 |    0.245 | 
     | B_reg_Y_temp_reg_13_ | CK ^ -> Q ^  | DFF_X1    | 0.102 |   0.147 |    0.347 | 
     | U3980                | A1 ^ -> ZN v | NAND2_X1  | 0.019 |   0.166 |    0.366 | 
     | U3951                | A1 v -> ZN ^ | NAND2_X2  | 0.101 |   0.267 |    0.467 | 
     | U3894                | A ^ -> ZN v  | INV_X2    | 0.069 |   0.337 |    0.536 | 
     | U3860                | A v -> ZN v  | XNOR2_X1  | 0.053 |   0.390 |    0.590 | 
     | FE_OFC32_n4808       | A v -> Z v   | CLKBUF_X1 | 0.119 |   0.509 |    0.709 | 
     | U3855                | B v -> ZN v  | XNOR2_X1  | 0.067 |   0.576 |    0.776 | 
     | FE_OFC36_n5053       | A v -> Z v   | CLKBUF_X1 | 0.128 |   0.704 |    0.903 | 
     | FE_DBTC9_n5053       | A v -> ZN ^  | INV_X1    | 0.099 |   0.803 |    1.003 | 
     | U4719                | B ^ -> ZN v  | XNOR2_X1  | 0.044 |   0.847 |    1.047 | 
     | U4805                | B v -> CO v  | FA_X1     | 0.085 |   0.932 |    1.132 | 
     | U7117                | CI v -> S ^  | FA_X1     | 0.125 |   1.057 |    1.257 | 
     | U4908                | A ^ -> S v   | FA_X1     | 0.097 |   1.153 |    1.353 | 
     | U4061                | B v -> ZN ^  | XNOR2_X1  | 0.054 |   1.207 |    1.407 | 
     | U4906                | A1 ^ -> ZN v | NAND2_X1  | 0.015 |   1.222 |    1.422 | 
     | U4559                | A2 v -> ZN v | AND2_X1   | 0.030 |   1.252 |    1.452 | 
     | U7527                | A1 v -> ZN v | OR2_X1    | 0.048 |   1.300 |    1.500 | 
     | intadd_1545_U2       | A v -> S ^   | FA_X1     | 0.125 |   1.425 |    1.625 | 
     | U4881                | A ^ -> ZN v  | INV_X1    | 0.011 |   1.437 |    1.637 | 
     | U7135                | A v -> Z v   | XOR2_X1   | 0.050 |   1.487 |    1.687 | 
     | U7138                | A1 v -> ZN v | OR2_X1    | 0.048 |   1.534 |    1.734 | 
     | U7140                | A1 v -> ZN v | AND2_X1   | 0.029 |   1.563 |    1.763 | 
     | U5083                | A v -> ZN ^  | OAI21_X1  | 0.019 |   1.582 |    1.782 | 
     | U4793                | A1 ^ -> ZN v | NAND2_X1  | 0.030 |   1.612 |    1.812 | 
     | U4076                | A2 v -> ZN ^ | NAND2_X1  | 0.029 |   1.641 |    1.841 | 
     | U3972                | A1 ^ -> ZN v | NAND3_X1  | 0.034 |   1.675 |    1.875 | 
     | U4840                | A2 v -> ZN ^ | NAND2_X1  | 0.034 |   1.709 |    1.909 | 
     | U4972                | A1 ^ -> ZN v | NAND2_X1  | 0.021 |   1.730 |    1.929 | 
     | U4036                | A1 v -> ZN v | AND2_X1   | 0.031 |   1.760 |    1.960 | 
     | U5037                | A v -> ZN v  | XNOR2_X1  | 0.037 |   1.797 |    1.997 | 
     | U5053                | B2 v -> ZN ^ | OAI21_X1  | 0.031 |   1.828 |    2.028 | 
     | p_reg_Y_temp_reg_54_ | D ^          | DFF_X1    | 0.000 |   1.828 |    2.028 | 
     +------------------------------------------------------------------------------+ 
Path 8: MET Setup Check with Pin p_reg_Y_temp_reg_63_/CK 
Endpoint:   p_reg_Y_temp_reg_63_/D (^) checked with  leading edge of 'CLK'
Beginpoint: B_reg_Y_temp_reg_13_/Q (^) triggered by  leading edge of 'CLK'
Path Groups: {CLK}
Analysis View: default
Other End Arrival Time          0.065
- Setup                         0.028
+ Phase Shift                   2.042
+ CPPR Adjustment               0.000
- Uncertainty                   0.050
= Required Time                 2.029
- Arrival Time                  1.829
= Slack Time                    0.200
     Clock Rise Edge                 0.000
     + Clock Network Latency (Prop)  0.046
     = Beginpoint Arrival Time       0.046
     +------------------------------------------------------------------------------+ 
     |       Instance       |     Arc      |   Cell    | Delay | Arrival | Required | 
     |                      |              |           |       |  Time   |   Time   | 
     |----------------------+--------------+-----------+-------+---------+----------| 
     | B_reg_Y_temp_reg_13_ | CK ^         |           |       |   0.046 |    0.246 | 
     | B_reg_Y_temp_reg_13_ | CK ^ -> Q ^  | DFF_X1    | 0.102 |   0.147 |    0.348 | 
     | U3980                | A1 ^ -> ZN v | NAND2_X1  | 0.019 |   0.166 |    0.367 | 
     | U3951                | A1 v -> ZN ^ | NAND2_X2  | 0.101 |   0.267 |    0.468 | 
     | U3894                | A ^ -> ZN v  | INV_X2    | 0.069 |   0.337 |    0.537 | 
     | U3860                | A v -> ZN v  | XNOR2_X1  | 0.053 |   0.390 |    0.590 | 
     | FE_OFC32_n4808       | A v -> Z v   | CLKBUF_X1 | 0.119 |   0.509 |    0.710 | 
     | U3855                | B v -> ZN v  | XNOR2_X1  | 0.067 |   0.576 |    0.776 | 
     | FE_OFC36_n5053       | A v -> Z v   | CLKBUF_X1 | 0.128 |   0.704 |    0.904 | 
     | FE_DBTC9_n5053       | A v -> ZN ^  | INV_X1    | 0.099 |   0.803 |    1.003 | 
     | U4719                | B ^ -> ZN v  | XNOR2_X1  | 0.044 |   0.847 |    1.047 | 
     | U4805                | B v -> CO v  | FA_X1     | 0.085 |   0.932 |    1.132 | 
     | U7117                | CI v -> S ^  | FA_X1     | 0.125 |   1.057 |    1.257 | 
     | U4908                | A ^ -> S v   | FA_X1     | 0.097 |   1.153 |    1.354 | 
     | U4061                | B v -> ZN ^  | XNOR2_X1  | 0.054 |   1.207 |    1.407 | 
     | U4906                | A1 ^ -> ZN v | NAND2_X1  | 0.015 |   1.222 |    1.423 | 
     | U4559                | A2 v -> ZN v | AND2_X1   | 0.030 |   1.252 |    1.452 | 
     | U7527                | A1 v -> ZN v | OR2_X1    | 0.048 |   1.300 |    1.500 | 
     | intadd_1545_U2       | A v -> S ^   | FA_X1     | 0.125 |   1.425 |    1.626 | 
     | U4881                | A ^ -> ZN v  | INV_X1    | 0.011 |   1.437 |    1.637 | 
     | U7135                | A v -> Z v   | XOR2_X1   | 0.050 |   1.487 |    1.687 | 
     | U7138                | A1 v -> ZN v | OR2_X1    | 0.048 |   1.534 |    1.735 | 
     | U7140                | A1 v -> ZN v | AND2_X1   | 0.029 |   1.563 |    1.763 | 
     | U5083                | A v -> ZN ^  | OAI21_X1  | 0.019 |   1.582 |    1.782 | 
     | U4793                | A1 ^ -> ZN v | NAND2_X1  | 0.030 |   1.612 |    1.812 | 
     | U4076                | A2 v -> ZN ^ | NAND2_X1  | 0.029 |   1.641 |    1.841 | 
     | U3972                | A1 ^ -> ZN v | NAND3_X1  | 0.034 |   1.675 |    1.875 | 
     | U4111                | A1 v -> ZN v | AND2_X1   | 0.038 |   1.713 |    1.913 | 
     | U5065                | C1 v -> ZN ^ | OAI211_X1 | 0.048 |   1.760 |    1.961 | 
     | U8623                | A ^ -> ZN v  | INV_X1    | 0.011 |   1.771 |    1.971 | 
     | U4794                | A1 v -> ZN v | AND2_X1   | 0.029 |   1.800 |    2.000 | 
     | U8395                | B2 v -> ZN ^ | OAI21_X1  | 0.029 |   1.829 |    2.029 | 
     | p_reg_Y_temp_reg_63_ | D ^          | DFF_X1    | 0.000 |   1.829 |    2.029 | 
     +------------------------------------------------------------------------------+ 
Path 9: MET Setup Check with Pin p_reg_Y_temp_reg_45_/CK 
Endpoint:   p_reg_Y_temp_reg_45_/D (v) checked with  leading edge of 'CLK'
Beginpoint: B_reg_Y_temp_reg_13_/Q (^) triggered by  leading edge of 'CLK'
Path Groups: {CLK}
Analysis View: default
Other End Arrival Time          0.066
- Setup                         0.033
+ Phase Shift                   2.042
+ CPPR Adjustment               0.000
- Uncertainty                   0.050
= Required Time                 2.026
- Arrival Time                  1.825
= Slack Time                    0.201
     Clock Rise Edge                 0.000
     + Clock Network Latency (Prop)  0.046
     = Beginpoint Arrival Time       0.046
     +------------------------------------------------------------------------------+ 
     |       Instance       |     Arc      |   Cell    | Delay | Arrival | Required | 
     |                      |              |           |       |  Time   |   Time   | 
     |----------------------+--------------+-----------+-------+---------+----------| 
     | B_reg_Y_temp_reg_13_ | CK ^         |           |       |   0.046 |    0.247 | 
     | B_reg_Y_temp_reg_13_ | CK ^ -> Q ^  | DFF_X1    | 0.102 |   0.147 |    0.348 | 
     | U3980                | A1 ^ -> ZN v | NAND2_X1  | 0.019 |   0.166 |    0.367 | 
     | U3951                | A1 v -> ZN ^ | NAND2_X2  | 0.101 |   0.267 |    0.468 | 
     | U3894                | A ^ -> ZN v  | INV_X2    | 0.069 |   0.337 |    0.538 | 
     | U3860                | A v -> ZN v  | XNOR2_X1  | 0.053 |   0.390 |    0.591 | 
     | FE_OFC32_n4808       | A v -> Z v   | CLKBUF_X1 | 0.119 |   0.509 |    0.711 | 
     | U3855                | B v -> ZN v  | XNOR2_X1  | 0.067 |   0.576 |    0.777 | 
     | FE_OFC36_n5053       | A v -> Z v   | CLKBUF_X1 | 0.128 |   0.704 |    0.905 | 
     | FE_DBTC9_n5053       | A v -> ZN ^  | INV_X1    | 0.099 |   0.803 |    1.004 | 
     | U4719                | B ^ -> ZN v  | XNOR2_X1  | 0.044 |   0.847 |    1.048 | 
     | U4805                | B v -> CO v  | FA_X1     | 0.085 |   0.932 |    1.133 | 
     | U7117                | CI v -> S ^  | FA_X1     | 0.125 |   1.057 |    1.258 | 
     | U4908                | A ^ -> S v   | FA_X1     | 0.097 |   1.153 |    1.355 | 
     | U4061                | B v -> ZN ^  | XNOR2_X1  | 0.054 |   1.207 |    1.408 | 
     | U4906                | A1 ^ -> ZN v | NAND2_X1  | 0.015 |   1.222 |    1.423 | 
     | U4559                | A2 v -> ZN v | AND2_X1   | 0.030 |   1.252 |    1.453 | 
     | U7527                | A1 v -> ZN v | OR2_X1    | 0.048 |   1.300 |    1.501 | 
     | intadd_1545_U2       | A v -> S ^   | FA_X1     | 0.125 |   1.425 |    1.627 | 
     | U4881                | A ^ -> ZN v  | INV_X1    | 0.011 |   1.437 |    1.638 | 
     | U7135                | A v -> Z v   | XOR2_X1   | 0.050 |   1.487 |    1.688 | 
     | U7138                | A1 v -> ZN v | OR2_X1    | 0.048 |   1.534 |    1.735 | 
     | U7140                | A1 v -> ZN v | AND2_X1   | 0.029 |   1.563 |    1.764 | 
     | U5083                | A v -> ZN ^  | OAI21_X1  | 0.019 |   1.582 |    1.783 | 
     | U4793                | A1 ^ -> ZN v | NAND2_X1  | 0.030 |   1.612 |    1.813 | 
     | U4076                | A2 v -> ZN ^ | NAND2_X1  | 0.029 |   1.641 |    1.842 | 
     | U3976                | A2 ^ -> ZN ^ | AND3_X1   | 0.071 |   1.712 |    1.913 | 
     | U8310                | S ^ -> Z v   | MUX2_X1   | 0.065 |   1.777 |    1.979 | 
     | U8637                | A1 v -> ZN ^ | NAND2_X1  | 0.024 |   1.801 |    2.002 | 
     | U3342                | A ^ -> ZN v  | OAI21_X1  | 0.024 |   1.825 |    2.026 | 
     | p_reg_Y_temp_reg_45_ | D v          | DFF_X1    | 0.000 |   1.825 |    2.026 | 
     +------------------------------------------------------------------------------+ 
Path 10: MET Setup Check with Pin p_reg_Y_temp_reg_46_/CK 
Endpoint:   p_reg_Y_temp_reg_46_/D (v) checked with  leading edge of 'CLK'
Beginpoint: B_reg_Y_temp_reg_13_/Q (^) triggered by  leading edge of 'CLK'
Path Groups: {CLK}
Analysis View: default
Other End Arrival Time          0.066
- Setup                         0.033
+ Phase Shift                   2.042
+ CPPR Adjustment               0.000
- Uncertainty                   0.050
= Required Time                 2.026
- Arrival Time                  1.824
= Slack Time                    0.202
     Clock Rise Edge                 0.000
     + Clock Network Latency (Prop)  0.046
     = Beginpoint Arrival Time       0.046
     +------------------------------------------------------------------------------+ 
     |       Instance       |     Arc      |   Cell    | Delay | Arrival | Required | 
     |                      |              |           |       |  Time   |   Time   | 
     |----------------------+--------------+-----------+-------+---------+----------| 
     | B_reg_Y_temp_reg_13_ | CK ^         |           |       |   0.046 |    0.248 | 
     | B_reg_Y_temp_reg_13_ | CK ^ -> Q ^  | DFF_X1    | 0.102 |   0.147 |    0.349 | 
     | U3980                | A1 ^ -> ZN v | NAND2_X1  | 0.019 |   0.166 |    0.368 | 
     | U3951                | A1 v -> ZN ^ | NAND2_X2  | 0.101 |   0.267 |    0.469 | 
     | U3894                | A ^ -> ZN v  | INV_X2    | 0.069 |   0.337 |    0.539 | 
     | U3860                | A v -> ZN v  | XNOR2_X1  | 0.053 |   0.390 |    0.592 | 
     | FE_OFC32_n4808       | A v -> Z v   | CLKBUF_X1 | 0.119 |   0.509 |    0.711 | 
     | U3855                | B v -> ZN v  | XNOR2_X1  | 0.067 |   0.576 |    0.778 | 
     | FE_OFC36_n5053       | A v -> Z v   | CLKBUF_X1 | 0.128 |   0.704 |    0.906 | 
     | FE_DBTC9_n5053       | A v -> ZN ^  | INV_X1    | 0.099 |   0.803 |    1.005 | 
     | U4719                | B ^ -> ZN v  | XNOR2_X1  | 0.044 |   0.847 |    1.049 | 
     | U4805                | B v -> CO v  | FA_X1     | 0.085 |   0.932 |    1.134 | 
     | U7117                | CI v -> S ^  | FA_X1     | 0.125 |   1.057 |    1.259 | 
     | U4908                | A ^ -> S v   | FA_X1     | 0.097 |   1.153 |    1.355 | 
     | U4061                | B v -> ZN ^  | XNOR2_X1  | 0.054 |   1.207 |    1.409 | 
     | U4906                | A1 ^ -> ZN v | NAND2_X1  | 0.015 |   1.222 |    1.424 | 
     | U4559                | A2 v -> ZN v | AND2_X1   | 0.030 |   1.252 |    1.454 | 
     | U7527                | A1 v -> ZN v | OR2_X1    | 0.048 |   1.300 |    1.502 | 
     | intadd_1545_U2       | A v -> S ^   | FA_X1     | 0.125 |   1.425 |    1.627 | 
     | U4881                | A ^ -> ZN v  | INV_X1    | 0.011 |   1.437 |    1.639 | 
     | U7135                | A v -> Z v   | XOR2_X1   | 0.050 |   1.487 |    1.689 | 
     | U7138                | A1 v -> ZN v | OR2_X1    | 0.048 |   1.534 |    1.736 | 
     | U7140                | A1 v -> ZN v | AND2_X1   | 0.029 |   1.563 |    1.765 | 
     | U5083                | A v -> ZN ^  | OAI21_X1  | 0.019 |   1.582 |    1.784 | 
     | U4793                | A1 ^ -> ZN v | NAND2_X1  | 0.030 |   1.612 |    1.814 | 
     | U4076                | A2 v -> ZN ^ | NAND2_X1  | 0.029 |   1.641 |    1.843 | 
     | U3976                | A2 ^ -> ZN ^ | AND3_X1   | 0.071 |   1.712 |    1.914 | 
     | U8314                | S ^ -> Z v   | MUX2_X1   | 0.065 |   1.777 |    1.979 | 
     | U8638                | A1 v -> ZN ^ | NAND2_X1  | 0.023 |   1.801 |    2.003 | 
     | U3339                | A ^ -> ZN v  | OAI21_X1  | 0.023 |   1.824 |    2.026 | 
     | p_reg_Y_temp_reg_46_ | D v          | DFF_X1    | 0.000 |   1.824 |    2.026 | 
     +------------------------------------------------------------------------------+ 

