###############################################################
#  Generated by:      Cadence Innovus 23.35-s106_1
#  OS:                Linux x86_64(Host ID microsys.openstack.polito)
#  Generated on:      Sat Oct 10 22:24:06 2026
#  Design:            boothmul_registered
#  Command:           checkDesign -netlist -physicalLibrary -timingLibrary -noHtml -outfile reports/00_checkDesign.rpt
###############################################################


==============================
Design Stats
==============================
Design Name: boothmul_registered  
    ------------------------------
    Cells used in the design
    ------------------------------
    XOR2_X1  
    XNOR2_X1  
    OR2_X1  
    OAI33_X1  
    OAI22_X1  
    OAI222_X1  
    OAI221_X4  
    OAI221_X1  
    OAI21_X2  
    OAI21_X1  
    OAI211_X1  
    NOR4_X1  
    NOR3_X1  
    NOR2_X4  
    NOR2_X2  
    NOR2_X1  
    NAND4_X1  
    NAND3_X1  
    NAND2_X2  
    NAND2_X1  
    MUX2_X1  
    INV_X8  
    INV_X4  
    INV_X2  
    INV_X1  
    FA_X1  
    DFF_X2  
    DFF_X1  
    CLKBUF_X2  
    CLKBUF_X1  
    BUF_X2  
    BUF_X1  
    AOI22_X2  
    AOI22_X1  
    AOI222_X1  
    AOI221_X1  
    AOI21_X2  
    AOI21_X1  
    AOI211_X2  
    AOI211_X1  
    AND3_X1  
    AND2_X2  
    AND2_X1  
    Number of cells used in the design  43  
    ------------------------------
    Non-uniquified instances used in the design
    ------------------------------
    Number of Non-uniquified instances in the design  0  

==============================
Physical Library(LEF) Integrity Check
==============================
Cells with missing LEF: 0  
Cells with missing PG PIN: 0  
Cells with missing dimension: 0  
Cells dimensions not multiple integer of site: 0  
Block cells not covered by obstruction: 0  
Block cells with fixed mask has pins not colorred: 0  
Cells pin with missing direction: 0  
Cells pin with missing geometry: 0  
Cells PG Pins with missing geometry: 0  

==============================
Timing information check
==============================
Cells with missing Timing data: 0  

==============================
Top Level Netlist Check
==============================
Floating Ports: 0  
Ports Connect to multiple Pads: 0  
    ------------------------------
    Port connected to core instances
    ------------------------------
    Port name  # of connections  
    P[0]  1  
    P[1]  1  
    P[2]  2  
    P[3]  1  
    P[4]  1  
    P[5]  1  
    P[6]  1  
    P[7]  1  
    P[8]  1  
    P[9]  1  
    P[10]  1  
    P[11]  1  
    P[12]  1  
    P[13]  1  
    P[14]  1  
    P[15]  1  
    P[16]  2  
    P[17]  1  
    P[18]  1  
    P[19]  1  
    P[20]  1  
    P[21]  1  
    P[22]  1  
    P[23]  1  
    P[24]  1  
    P[25]  1  
    P[26]  1  
    P[27]  1  
    P[28]  1  
    P[29]  1  
    P[30]  1  
    P[31]  1  
    P[32]  2  
    P[33]  2  
    P[34]  2  
    P[35]  2  
    P[36]  2  
    P[37]  1  
    P[38]  1  
    P[39]  1  
    P[40]  1  
    P[41]  1  
    P[42]  1  
    P[43]  1  
    P[44]  2  
    P[45]  1  
    P[46]  1  
    P[47]  1  
    P[48]  1  
    P[49]  1  
    P[50]  1  
    P[51]  1  
    P[52]  1  
    P[53]  1  
    P[54]  1  
    P[55]  1  
    P[56]  1  
    P[57]  1  
    P[58]  1  
    P[59]  1  
    P[60]  2  
    P[61]  2  
    P[62]  2  
    P[63]  2  
    B[0]  1  
    B[1]  1  
    B[2]  1  
    B[3]  1  
    B[4]  1  
    B[5]  1  
    B[6]  1  
    B[7]  1  
    B[8]  1  
    B[9]  1  
    B[10]  1  
    B[11]  1  
    B[12]  1  
    B[13]  1  
    B[14]  1  
    B[15]  1  
    B[16]  1  
    B[17]  1  
    B[18]  1  
    B[19]  1  
    B[20]  1  
    B[21]  1  
    B[22]  1  
    B[23]  1  
    B[24]  1  
    B[25]  1  
    B[26]  1  
    B[27]  1  
    B[28]  1  
    B[29]  1  
    B[30]  1  
    B[31]  1  
    A[0]  1  
    A[1]  1  
    A[2]  1  
    A[3]  1  
    A[4]  1  
    A[5]  1  
    A[6]  1  
    A[7]  1  
    A[8]  1  
    A[9]  1  
    A[10]  1  
    A[11]  1  
    A[12]  1  
    A[13]  1  
    A[14]  1  
    A[15]  1  
    A[16]  1  
    A[17]  1  
    A[18]  1  
    A[19]  1  
    A[20]  1  
    A[21]  1  
    A[22]  1  
    A[23]  1  
    A[24]  1  
    A[25]  1  
    A[26]  1  
    A[27]  1  
    A[28]  1  
    A[29]  1  
    A[30]  1  
    A[31]  1  
    RST  2  
    LD  2  
    CLK  128  
    Ports connected to core instances  131  

==============================
Instance Pin Check
==============================
    Output pins connected to Power Ground net  0  
    ------------------------------
    Instances with multiple input pins tied together
    ------------------------------
    Inst  Net  Term  Term...  
    U3657  n4173  B1  C1  
    U3877  n3878  B2  C2  
    U3877  n3879  A2  C1  
    U3877  n3880  A1  B1  
    U3941  n3928  B2  C2  
    U3941  n3929  A1  B1  
    U3941  n3942  A2  C1  
    U3955  n3936  B2  C2  
    U3955  n3937  A2  C1  
    U3955  n3956  A1  B1  
    U3974  n3955  B2  C2  
    U3974  n3956  A2  C1  
    U3974  n3970  A1  B1  
    U3977  n3960  B2  C2  
    U3977  n3961  A2  C1  
    U3977  n3978  A1  B1  
    U4126  n4077  A2  C1  
    U4126  n4078  A1  B1  
    U4126  n4090  B2  C2  
    U4173  n4135  A2  C1  
    U4173  n4137  A1  B1  
    U4173  n4139  B2  C2  
    U4176  n4119  A1  B1  
    U4176  n4122  B2  C2  
    U4176  n4123  A2  C1  
    U4184  n4128  A2  C1  
    U4184  n4129  A1  B1  
    U4184  n4156  B2  C2  
    U4224  n4192  B2  C2  
    U4224  n4193  A2  C1  
    U4224  n4194  A1  B1  
    U4301  n4247  A2  C1  
    U4301  n4248  A1  B1  
    U4301  n4315  B2  C2  
    U4339  n4277  A2  C1  
    U4339  n4278  A1  B1  
    U4339  n4302  B2  C2  
    U4385  n4313  B2  C2  
    U4385  n4314  A2  C1  
    U4385  n4315  A1  B1  
    U4392  n4322  A2  C1  
    U4392  n4323  A1  B1  
    U4392  n5700  B2  C2  
    U4446  n4366  B2  C2  
    U4446  n4367  A2  C1  
    U4446  n4368  A1  B1  
    U4453  n6385  A2  C1  
    U4453  n6390  B2  C2  
    U4453  n6395  A1  B1  
    U4504  n4407  B1  C1  
    U4568  n4541  B2  C2  
    U4568  n4594  A1  B1  
    U4568  n6102  A2  C1  
    U4601  n4446  B2  C2  
    U4601  n4447  A2  C1  
    U4601  n4448  A1  B1  
    U4611  n4454  A2  C1  
    U4611  n4455  A1  B1  
    U4611  n4476  B2  C2  
    U4627  n4463  B2  C2  
    U4627  n4464  A2  C1  
    U4627  n4491  A1  B1  
    U4630  n4537  A1  B1  
    U4630  n4538  A2  C1  
    U4630  n6091  B2  C2  
    U4639  n4471  A2  C1  
    U4639  n4472  A1  B1  
    U4639  n4524  B2  C2  
    U4660  n4483  A2  C1  
    U4660  n4484  A1  B1  
    U4660  n4508  B2  C2  
    U4668  n4490  B2  C2  
    U4668  n4491  A1  B1  
    U4668  n4499  A2  C1  
    U4698  n4513  A2  C1  
    U4698  n4514  A1  B1  
    U4698  n5622  B2  C2  
    U4718  n4531  B2  C2  
    U4718  n4532  A2  C1  
    U4718  n6149  A1  B1  
    U4834  intadd_1616_SUM_0_  A1  B1  
    U4834  n6089  B2  C2  
    U4834  n6104  A2  C1  
    U4874  n4635  B2  C2  
    U4874  n4691  A1  B1  
    U4874  n6218  A2  C1  
    U4931  n4672  A2  C1  
    U4931  n4673  A1  B1  
    U4931  n5619  B2  C2  
    U4947  n4683  B2  C2  
    U4947  n4684  A2  C1  
    U4947  n4685  A1  B1  
    U4950  n4688  B2  C2  
    U4950  n4689  A2  C1  
    U4950  n5713  A1  B1  
    U4973  n4719  B2  C2  
    U4973  n4720  A2  C1  
    U4973  n4721  A1  B1  
    U5025  n4775  B2  C2  
    U5144  n4836  B1  C1  
    U5179  n4861  A2  C1  
    U5179  n4862  A1  B1  
    U5179  n6014  B2  C2  
    U5183  n4866  B2  C2  
    U5183  n4867  A2  C1  
    U5183  n5661  A1  B1  
    U5249  n4912  A2  C1  
    U5249  n4913  A1  B1  
    U5249  n6010  B2  C2  
    U5301  n4965  B2  C2  
    U5301  n4966  A2  C1  
    U5301  n4967  A1  B1  
    U5328  n4984  B2  C2  
    U5328  n4985  A2  C1  
    U5328  n4986  A1  B1  
    U5370  n5020  A2  C1  
    U5370  n5021  A1  B1  
    U5370  n5997  B2  C2  
    U5417  n5060  A1  B1  
    U5417  n5219  A2  C1  
    U5417  n5221  B2  C2  
    U5429  n5070  A2  C2  
    U5429  n5071  A1  B1  
    U5429  n5683  B2  C1  
    U5437  n5079  A2  C1  
    U5437  n5080  A1  B1  
    U5437  n5957  B2  C2  
    U5478  intadd_1627_SUM_1_  B2  C2  
    U5478  n5106  A1  B1  
    U5478  n5978  A2  C1  
    U5497  n5123  A2  C1  
    U5497  n5124  A1  B1  
    U5497  n5929  B2  C2  
    U5565  intadd_1612_CI  B2  C2  
    U5565  n5174  A2  C1  
    U5565  n5175  A1  B1  
    U5578  n5187  A2  C1  
    U5578  n5188  A1  B1  
    U5578  n5689  B2  C2  
    U5737  n5310  A2  C1  
    U5737  n5311  A1  B1  
    U5737  n5361  B2  C2  
    U5757  n5327  B2  C2  
    U5757  n5328  A2  C1  
    U5757  n5353  A1  B1  
    U5778  n5344  B2  C2  
    U5778  n5417  A1  B1  
    U5778  n5421  A2  C1  
    U5786  n5350  B2  C2  
    U5786  n5351  A2  C1  
    U5786  n5860  A1  B1  
    U5788  n5352  B2  C2  
    U5788  n5353  A2  C1  
    U5788  n5354  A1  B1  
    U5799  n5369  A2  C1  
    U5799  n5370  A1  B1  
    U5799  n5697  B2  C2  
    U5829  n5396  B2  C2  
    U5829  n5397  A1  B1  
    U5829  n5448  A2  C1  
    U5857  n5421  B2  C2  
    U5857  n5422  A2  C1  
    U5857  n5423  A1  B1  
    U5874  n5447  B2  C2  
    U5874  n5448  A2  C1  
    U5874  n5449  A1  B1  
    U5912  n5475  A2  C1  
    U5912  n5476  A1  B1  
    U5912  n5509  B2  C2  
    U5949  n5508  B2  C2  
    U5949  n5509  A2  C1  
    U5949  n5510  A1  B1  
    U5971  n5540  A2  C1  
    U5971  n5541  A1  B1  
    U5971  n5580  B2  C2  
    U6002  n5564  B2  C2  
    U6002  n5565  A2  C1  
    U6002  n5566  A1  B1  
    U6006  n5570  B2  C2  
    U6006  n5571  A2  C1  
    U6006  n5572  A1  B1  
    U6012  n5579  B2  C2  
    U6012  n5580  A2  C1  
    U6012  n5581  A1  B1  
    U6033  intadd_1629_n1  A1  B1  
    U6033  n5600  B2  C2  
    U6033  n5601  A2  C1  
    U6051  n5618  A2  C1  
    U6051  n5619  A1  B1  
    U6051  n6265  B2  C2  
    U6054  n5622  A2  C1  
    U6054  n5623  A1  B1  
    U6054  n6168  B2  C2  
    U6067  n5631  B2  C2  
    U6067  n6200  A2  C1  
    U6067  n6277  A1  B1  
    U6088  n6248  A1  B1  
    U6088  n6255  A2  C1  
    U6088  n6261  B2  C2  
    U6104  n6022  A2  C1  
    U6104  n6026  A1  B1  
    U6104  n6033  B2  C2  
    U6107  n5661  B2  C2  
    U6107  n5662  A2  C1  
    U6107  n5663  A1  B1  
    U6111  n5669  B2  C2  
    U6111  n5983  A2  C1  
    U6111  n5993  A1  B1  
    U6119  n5679  A2  C1  
    U6119  n5680  A1  B1  
    U6119  n5711  B2  C2  
    U6124  n5685  B2  C2  
    U6124  n5686  A1  B1  
    U6124  n5926  A2  C1  
    U6130  n5692  B2  C2  
    U6130  n5862  A1  B1  
    U6130  n5869  A2  C1  
    U6133  n5695  B2  C2  
    U6133  n5696  A2  C1  
    U6133  n5697  A1  B1  
    U6136  n5700  B2  C2  
    U6136  n5701  A2  C1  
    U6136  n5702  A1  B1  
    U6141  n5706  A2  C1  
    U6141  n5707  A1  B1  
    U6141  n6052  B2  C2  
    U6144  n5710  B2  C2  
    U6144  n5711  A2  C1  
    U6144  n5712  A1  B1  
    U6155  n5728  B2  C2  
    U6155  n5738  A1  B1  
    U6155  n5761  A2  C1  
    U6161  n5734  A2  C1  
    U6161  n5735  A1  B1  
    U6161  n5743  B2  C2  
    U6167  n5743  B2  C2  
    U6167  n5744  A2  C1  
    U6167  n5745  A1  B1  
    U6213  n5783  B2  C2  
    U6213  n5784  A2  C1  
    U6213  n5785  A1  B1  
    U6228  n5799  A2  C1  
    U6228  n5800  A1  B1  
    U6228  n5807  B2  C2  
    U6234  n5807  B2  C2  
    U6234  n5808  A2  C1  
    U6234  n5809  A1  B1  
    U6274  n5862  B2  C2  
    U6274  n5863  A2  C1  
    U6274  n5864  A1  B1  
    U6283  n5874  B2  C2  
    U6283  n5875  A2  C1  
    U6283  n5876  A1  B1  
    U6292  n5890  B2  C2  
    U6292  n5891  A2  C1  
    U6292  n5920  A1  B1  
    U6299  n5899  B2  C2  
    U6299  n5900  A2  C1  
    U6299  n5901  A1  B1  
    U6314  n5926  B2  C2  
    U6314  n5927  A2  C1  
    U6314  n5928  A1  B1  
    U6345  n5976  B2  C2  
    U6345  n5977  A2  C1  
    U6345  n5978  A1  B1  
    U6353  n5989  A2  C1  
    U6353  n5990  A1  B1  
    U6353  n6000  B2  C2  
    U6356  n5993  B2  C2  
    U6356  n5994  A2  C1  
    U6356  n5995  A1  B1  
    U6362  n6002  B2  C2  
    U6362  n6003  A2  C1  
    U6362  n6004  A1  B1  
    U6369  n6015  B2  C2  
    U6369  n6016  A2  C1  
    U6369  n6053  A1  B1  
    U6376  n6026  B2  C2  
    U6376  n6027  A2  C1  
    U6376  n6028  A1  B1  
    U6379  n6031  B2  C2  
    U6379  n6032  A2  C1  
    U6379  n6033  A1  B1  
    U6398  n6062  B2  C2  
    U6398  n6063  A2  C1  
    U6398  n6096  A1  B1  
    U6418  intadd_1617_SUM_0_  A1  B1  
    U6418  n6089  B2  C2  
    U6418  n6090  A2  C1  
    U6420  n6095  B2  C2  
    U6420  n6096  A2  C1  
    U6420  n6097  A1  B1  
    U6425  n6104  B2  C2  
    U6425  n6105  A2  C1  
    U6425  n6955  A1  B1  
    U6458  n6152  A2  C1  
    U6458  n6153  A1  B1  
    U6458  n6931  B2  C2  
    U6461  n6156  B2  C2  
    U6461  n6157  A2  C1  
    U6461  n6158  A1  B1  
    U6488  n6194  B2  C2  
    U6488  n6195  A2  C1  
    U6488  n6242  A1  B1  
    U6501  n6209  A2  C1  
    U6501  n6210  A1  B1  
    U6501  n6241  B2  C2  
    U6529  n6248  B2  C2  
    U6529  n6249  A2  C1  
    U6529  n6250  A1  B1  
    U6536  n6259  B2  C2  
    U6536  n6260  A2  C1  
    U6536  n6261  A1  B1  
    U6558  n6288  A2  C1  
    U6558  n6289  A1  B1  
    U6558  n6322  B2  C2  
    U6572  n6307  B2  C2  
    U6572  n6308  A2  C1  
    U6572  n6350  A1  B1  
    U6600  n6349  B2  C2  
    U6600  n6350  A2  C1  
    U6600  n6351  A1  B1  
    U6603  n6357  B2  C2  
    U6603  n6358  A1  B1  
    U6603  n6397  A2  C1  
    U6621  n6384  B2  C2  
    U6621  n6385  A2  C1  
    U6621  n6386  A1  B1  
    U6623  n6389  B2  C2  
    U6623  n6390  A2  C1  
    U6623  n6391  A1  B1  
    U6720  n6518  A2  C1  
    U6720  n6519  A1  B1  
    U6720  n6520  B2  C2  
    U6721  n6520  B2  C2  
    U6721  n6521  A2  C1  
    U6721  n6522  A1  B1  
    U6733  n6541  B1  C1  
    U6758  n6563  A2  C1  
    U6758  n6564  A1  B1  
    U6758  n6571  B2  C2  
    U6764  n6571  B2  C2  
    U6764  n6572  A2  C1  
    U6764  n6573  A1  B1  
    U6771  n6580  B2  C2  
    U6771  n6581  A2  C1  
    U6771  n6582  A1  B1  
    U6802  n6612  A1  B1  
    U6802  n6622  A2  C1  
    U6802  n6649  B2  C2  
    U6805  n6616  B2  C2  
    U6805  n6617  A2  C1  
    U6805  n6618  A1  B1  
    U6827  n6647  B2  C2  
    U6827  n6648  A2  C1  
    U6827  n6649  A1  B1  
    U6833  n6656  A2  C1  
    U6833  n6657  A1  B1  
    U6833  n6666  B2  C2  
    U6835  n6659  B2  C2  
    U6835  n6660  A2  C1  
    U6835  n6661  A1  B1  
    U6911  n6745  B2  C2  
    U6911  n6746  A2  C1  
    U6911  n6747  A1  B1  
    U6925  n6763  A2  C1  
    U6925  n6764  A1  B1  
    U6925  n6788  B2  C2  
    U6929  n6768  B2  C2  
    U6929  n6769  A2  C1  
    U6929  n6770  A1  B1  
    U6934  n6774  B2  C2  
    U6934  n6775  A2  C1  
    U6934  n6776  A1  B1  
    U6947  n6786  B2  C2  
    U6947  n6787  A2  C1  
    U6947  n6788  A1  B1  
    U6963  n6806  B2  C2  
    U6963  n6807  A2  C1  
    U6963  n6808  A1  B1  
    U6986  n6832  B2  C2  
    U6986  n6833  A2  C1  
    U6986  n6834  A1  B1  
    U7003  n6853  B2  C2  
    U7003  n6854  A2  C1  
    U7003  n6855  A1  B1  
    U7011  n6865  B2  C2  
    U7011  n6866  A2  C1  
    U7011  n6873  A1  B1  
    U7026  n6885  B2  C2  
    U7053  n6920  B2  C2  
    U7053  n6921  A2  C1  
    U7053  n6922  A1  B1  
    U7065  n6936  B2  C2  
    U7065  n6937  A2  C1  
    U7065  n6938  A1  B1  
    U7066  n6939  B2  C2  
    U7066  n6940  A2  C1  
    U7066  n6941  A1  B1  
    
    Instances with input pins tied together  399  
    TieHi/Lo term nets not connected to instance's PG terms  0  
    Floating Instance terminals  0  
    Floating IO terms  0  
    Tie Hi/Lo output terms floating  0  
    Output term shorted to Power Ground net  0  
    Pin without shape  0  

==============================
Primitive Net DRC Check
==============================
Nets with tri-state driver: 0  
Nets with parallel drivers: 0  
Nets with multiple drivers: 0  
Nets with no driver (No FanIn): 0  
    ------------------------------
    No FanOut Net
    ------------------------------
    A_i[7]  
    A_i[22]  
    A_i[23]  
    Output Floating nets (No FanOut)  3  
    ------------------------------
    High FanOut Net
    ------------------------------
    n3501  
    n3498  
    n3494  
    CLK  
    High Fanout nets (>50)  4  

==============================
Sub Module Port Definition Check
==============================
Tie Hi/Lo instances connected to output: 0  
Verilog nets with multiple drivers: 0  

==============================
Dont Use Cells Used in Design
==============================
Dont use cells in design: 0  
