
Power Net Detected:
        Voltage	    Name
             0V	    gnd
           1.1V	    vdd
Using Power View: default.
AAE_INFO: opIsDesignInPostRouteState() is 1
#################################################################################
# Design Stage: PostRoute
# Design Name: boothmul_registered
# Design Mode: 45nm
# Analysis Mode: MMMC OCV 
# Parasitics Mode: SPEF/RCDB 
# Signoff Settings: SI Off 
#################################################################################
Start delay calculation (fullDC) (4 T). (MEM=3458.79)
Total number of fetched objects 4200
AAE_INFO: Total number of nets for which stage creation was skipped for all views 0
End delay calculation. (MEM=3516.81 CPU=0:00:01.5 REAL=0:00:00.0)
End delay calculation (fullDC). (MEM=3516.81 CPU=0:00:01.7 REAL=0:00:01.0)
Load RC corner of view default

Begin Power Analysis

             0V	    gnd
           1.1V	    vdd

Begin Processing Timing Library for Power Calculation

Ended Processing Timing Library for Power Calculation: (cpu=0:00:00, real=0:00:00, mem(process/total/peak)=3472.71MB/8004.26MB/3472.71MB)



Begin Processing Power Net/Grid for Power Calculation

Ended Processing Power Net/Grid for Power Calculation: (cpu=0:00:00, real=0:00:00, mem(process/total/peak)=3472.71MB/8004.26MB/3472.71MB)

Begin Processing Timing Window Data for Power Calculation

CLK(286.008MHz) CK: assigning clock CLK to net CLK
Ended Processing Timing Window Data for Power Calculation: (cpu=0:00:00, real=0:00:00, mem(process/total/peak)=3476.96MB/8268.28MB/3476.96MB)

Begin Processing User Attributes

Ended Processing User Attributes: (cpu=0:00:00, real=0:00:00, mem(process/total/peak)=3476.96MB/8268.28MB/3476.96MB)

Begin Processing Signal Activity


Starting Levelizing
2026-Oct-10 22:31:02 (2026-Oct-10 20:31:02 GMT)
2026-Oct-10 22:31:02 (2026-Oct-10 20:31:02 GMT): 10%
2026-Oct-10 22:31:02 (2026-Oct-10 20:31:02 GMT): 20%
2026-Oct-10 22:31:02 (2026-Oct-10 20:31:02 GMT): 30%
2026-Oct-10 22:31:02 (2026-Oct-10 20:31:02 GMT): 40%
2026-Oct-10 22:31:02 (2026-Oct-10 20:31:02 GMT): 50%
2026-Oct-10 22:31:02 (2026-Oct-10 20:31:02 GMT): 60%
2026-Oct-10 22:31:02 (2026-Oct-10 20:31:02 GMT): 70%
2026-Oct-10 22:31:02 (2026-Oct-10 20:31:02 GMT): 80%
2026-Oct-10 22:31:02 (2026-Oct-10 20:31:02 GMT): 90%

Finished Levelizing
2026-Oct-10 22:31:02 (2026-Oct-10 20:31:02 GMT)

Starting Activity Propagation
2026-Oct-10 22:31:02 (2026-Oct-10 20:31:02 GMT)
** INFO:  (VOLTUS_POWR-1356): No default input activity has been set. Defaulting to 0.2.
Use 'set_default_switching_activity -input_activity' command to change the default activity value.

2026-Oct-10 22:31:03 (2026-Oct-10 20:31:03 GMT): 10%
2026-Oct-10 22:31:03 (2026-Oct-10 20:31:03 GMT): 20%
2026-Oct-10 22:31:03 (2026-Oct-10 20:31:03 GMT): 30%

Finished Activity Propagation
2026-Oct-10 22:31:03 (2026-Oct-10 20:31:03 GMT)
Ended Processing Signal Activity: (cpu=0:00:00, real=0:00:00, mem(process/total/peak)=3477.21MB/8268.28MB/3477.21MB)

Begin Power Computation

      ----------------------------------------------------------
      # of cell(s) missing both power/leakage table: 0
      # of cell(s) missing power table: 0
      # of cell(s) missing leakage table: 0
      ----------------------------------------------------------



Starting Calculating power
2026-Oct-10 22:31:03 (2026-Oct-10 20:31:03 GMT)
2026-Oct-10 22:31:03 (2026-Oct-10 20:31:03 GMT): 10%
2026-Oct-10 22:31:03 (2026-Oct-10 20:31:03 GMT): 20%
2026-Oct-10 22:31:03 (2026-Oct-10 20:31:03 GMT): 30%
2026-Oct-10 22:31:03 (2026-Oct-10 20:31:03 GMT): 40%
2026-Oct-10 22:31:03 (2026-Oct-10 20:31:03 GMT): 50%
2026-Oct-10 22:31:03 (2026-Oct-10 20:31:03 GMT): 60%
2026-Oct-10 22:31:03 (2026-Oct-10 20:31:03 GMT): 70%
2026-Oct-10 22:31:03 (2026-Oct-10 20:31:03 GMT): 80%
2026-Oct-10 22:31:03 (2026-Oct-10 20:31:03 GMT): 90%

Finished Calculating power
2026-Oct-10 22:31:03 (2026-Oct-10 20:31:03 GMT)
      # of MSMV cell(s) missing power_level: 0
Ended Power Computation: (cpu=0:00:00, real=0:00:00, mem(process/total/peak)=3490.50MB/8308.29MB/3490.50MB)

Begin Processing User Attributes

Begin Processing set_power
Ended Processing set_power: (cpu=0:00:00, real=0:00:00,
mem(process/total/peak)=3490.50MB/8308.29MB/3490.50MB)
Ended Processing User Attributes: (cpu=0:00:00, real=0:00:00, mem(process/total/peak)=3490.50MB/8308.29MB/3490.50MB)

Ended Power Analysis: (cpu=0:00:00, real=0:00:00, mem(process/total/peak)=3490.50MB/8308.29MB/3490.50MB)

Begin Boundary Leakage Calculation
Ended Boundary Leakage Calculation: (cpu=0:00:00, real=0:00:00,
mem(process/total/peak)=3490.50MB/8308.29MB/3490.50MB)
Begin Static Power Report Generation
*----------------------------------------------------------------------------------------
*	Innovus 23.35-s106_1 (64bit) 07/16/2025 17:52 (Linux 3.10.0-693.el7.x86_64)
*	
*
* 	Date & Time:	2026-Oct-10 22:31:03 (2026-Oct-10 20:31:03 GMT)
*
*----------------------------------------------------------------------------------------
*
*	Design: boothmul_registered
*
*	Liberty Libraries used:
*	        default: /eda/dk/nangate45/liberty/NangateOpenCellLibrary_typical_ecsm_nowlm.lib
*
*	Parasitic Files used:
*
*       Power View : default
*
*       User-Defined Activity : N.A.
*
*       Activity File: N.A.
*
*       Hierarchical Global Activity: N.A.
*
*       Global Activity: N.A.
*
*       Sequential Element Activity: 0.200000
*
*       Primary Input Activity: 0.200000
*
*       Default icg ratio: N.A.
*
*       Global Comb ClockGate Ratio: N.A.
*
*	Power Units = 1mW
*
*	Time Units = 1e-09 secs
*
*       report_power
*
-----------------------------------------------------------------------------------------
*



Total Power
-----------------------------------------------------------------------------------------
Total Internal Power:        2.69632680 	   47.1134%
Total Switching Power:       2.89850564 	   50.6461%
Total Leakage Power:         0.12822548 	    2.2405%
Total Power:                 5.72305793
-----------------------------------------------------------------------------------------


Group                           Internal   Switching     Leakage       Total  Percentage 
                                Power      Power         Power         Power  (%)        
-----------------------------------------------------------------------------------------
Sequential                        0.2277     0.09234     0.01002        0.33       5.767
Macro                                  0           0           0           0           0
IO                                     0           0           0           0           0
Combinational                      2.458       2.747      0.1181       5.323          93
Clock (Combinational)            0.01065     0.05958    0.000107     0.07033       1.229
Clock (Sequential)                     0           0           0           0           0
-----------------------------------------------------------------------------------------
Total                              2.696       2.899      0.1282       5.723         100
-----------------------------------------------------------------------------------------


Rail                  Voltage   Internal   Switching     Leakage       Total  Percentage 
                                Power      Power         Power         Power  (%)        
-----------------------------------------------------------------------------------------
vdd                       1.1      2.696       2.899      0.1282       5.723         100


Clock                           Internal   Switching     Leakage       Total  Percentage 
                                Power      Power         Power         Power  (%)        
-----------------------------------------------------------------------------------------
CLK                              0.01065     0.05958    0.000107     0.07033       1.229
-----------------------------------------------------------------------------------------
Total                            0.01065     0.05958    0.000107     0.07033       1.229
-----------------------------------------------------------------------------------------
Clock: CLK
Clock Period: 0.003496 usec 
Clock Toggle Rate:   572.0170 Mhz 
Clock Static Probability:  0.5000
  
 
 
-----------------------------------------------------------------------------------------
*	Power Distribution Summary: 
*              Highest Average Power:       CTS_ccl_a_buf_00003 (CLKBUF_X3):           0.0226
*              Highest Leakage Power:      A_reg_Y_temp_reg_31_ (DFF_X2):        0.0001139
*                Total Cap:      2.46177e-11 F
*                Total instances in design:  3887
*                Total instances in design with no power:     0
*                Total instances in design with no activty:     0

*                Total Fillers and Decap:     0
-----------------------------------------------------------------------------------------
 
** INFO:  (VOLTUS_POWR-3465): There are 0 decaps and 0 fillers in the design

Ended Static Power Report Generation: (cpu=0:00:00, real=0:00:00,
mem(process/total/peak)=3491.75MB/8308.29MB/3491.75MB)

