 
****************************************
Report : saif
        -missing
        -hierarchy
Design : boothmul_registered
Version: W-2024.09-SP2
Date   : Tue Sep 15 19:19:08 2026
****************************************

  

--------------------------------------------------------------------------------
              User              Default           Propagated
Object type   Annotated (%)     Activity (%)      Activity (%)       Total
--------------------------------------------------------------------------------
  
 Nets         4079(100.00%)     0(0.00%)          0(0.00%)           4079
 Ports        131(100.00%)      0(0.00%)          0(0.00%)           131
 Pins         14170(100.00%)    0(0.00%)          0(0.00%)           14170
--------------------------------------------------------------------------------

 List of Non-annotated ports :

   0 ports

 List of Non-annotated nets :

   0 nets

 List of Non-annotated pins :

   0 pins

--------------------------------------------------------------------------------
1
