###############################################################
#  Generated by:      Cadence Innovus 23.35-s106_1
#  OS:                Linux x86_64(Host ID microsys.openstack.polito)
#  Generated on:      Sat Oct 10 20:57:59 2026
#  Design:            boothmul_registered
#  Command:           report_timing -max_paths 10 > reports/04_preCTS_setup_paths.rpt
###############################################################
Path 1: MET Setup Check with Pin p_reg_Y_temp_reg_55_/CK 
Endpoint:   p_reg_Y_temp_reg_55_/D  (^) checked with  leading edge of 'CLK'
Beginpoint: B_reg_Y_temp_reg_16_/QN (v) triggered by  leading edge of 'CLK'
Path Groups: {CLK}
Analysis View: default
Other End Arrival Time          0.050
- Setup                         0.029
+ Phase Shift                   1.955
- Uncertainty                   0.050
= Required Time                 1.926
- Arrival Time                  1.858
= Slack Time                    0.069
     Clock Rise Edge                 0.000
     + Clock Network Latency (Ideal) 0.050
     = Beginpoint Arrival Time       0.050
     +------------------------------------------------------------------------------+ 
     |       Instance       |     Arc      |   Cell    | Delay | Arrival | Required | 
     |                      |              |           |       |  Time   |   Time   | 
     |----------------------+--------------+-----------+-------+---------+----------| 
     | B_reg_Y_temp_reg_16_ | CK ^         |           |       |   0.050 |    0.119 | 
     | B_reg_Y_temp_reg_16_ | CK ^ -> QN v | DFF_X1    | 0.088 |   0.138 |    0.207 | 
     | U4537                | A2 v -> ZN v | OR2_X1    | 0.065 |   0.203 |    0.272 | 
     | U4643                | A2 v -> ZN v | AND2_X2   | 0.058 |   0.262 |    0.330 | 
     | U5701                | C1 v -> ZN ^ | OAI211_X1 | 0.108 |   0.370 |    0.438 | 
     | U5413                | A ^ -> ZN ^  | XNOR2_X1  | 0.056 |   0.425 |    0.494 | 
     | FE_OFC27_n4819       | A ^ -> Z ^   | BUF_X2    | 0.137 |   0.562 |    0.631 | 
     | U5949                | A ^ -> ZN ^  | XNOR2_X1  | 0.067 |   0.630 |    0.698 | 
     | FE_OFC22_n5356       | A ^ -> Z ^   | BUF_X2    | 0.084 |   0.713 |    0.782 | 
     | U6190                | A ^ -> ZN v  | XNOR2_X1  | 0.076 |   0.789 |    0.858 | 
     | U5597                | B v -> ZN v  | XNOR2_X1  | 0.056 |   0.845 |    0.914 | 
     | FE_OFC20_n5384       | A v -> Z v   | CLKBUF_X1 | 0.143 |   0.988 |    1.057 | 
     | U6213                | A v -> ZN ^  | INV_X1    | 0.111 |   1.099 |    1.168 | 
     | U4257                | B ^ -> ZN v  | XNOR2_X1  | 0.073 |   1.172 |    1.240 | 
     | U7243                | B v -> ZN v  | XNOR2_X1  | 0.064 |   1.236 |    1.304 | 
     | U7245                | A v -> S ^   | FA_X1     | 0.124 |   1.359 |    1.428 | 
     | U7255                | CI ^ -> S v  | FA_X1     | 0.091 |   1.450 |    1.519 | 
     | U4664                | A2 v -> ZN v | OR2_X1    | 0.060 |   1.510 |    1.579 | 
     | U8376                | A1 v -> ZN v | AND2_X1   | 0.035 |   1.544 |    1.613 | 
     | U9905                | A1 v -> ZN v | AND3_X1   | 0.032 |   1.577 |    1.645 | 
     | U9933                | A1 v -> ZN v | AND2_X1   | 0.028 |   1.604 |    1.673 | 
     | U4028                | A2 v -> ZN ^ | NAND4_X1  | 0.019 |   1.623 |    1.692 | 
     | U5459                | A1 ^ -> ZN v | NAND3_X1  | 0.032 |   1.655 |    1.724 | 
     | U10066               | A1 v -> ZN v | AND2_X1   | 0.038 |   1.693 |    1.762 | 
     | U4062                | A3 v -> ZN v | OR3_X1    | 0.086 |   1.779 |    1.847 | 
     | U5516                | A2 v -> ZN v | OR2_X1    | 0.052 |   1.831 |    1.899 | 
     | U5626                | C1 v -> ZN ^ | OAI211_X1 | 0.027 |   1.858 |    1.926 | 
     | p_reg_Y_temp_reg_55_ | D ^          | DFF_X1    | 0.000 |   1.858 |    1.926 | 
     +------------------------------------------------------------------------------+ 
Path 2: MET Setup Check with Pin p_reg_Y_temp_reg_45_/CK 
Endpoint:   p_reg_Y_temp_reg_45_/D  (^) checked with  leading edge of 'CLK'
Beginpoint: B_reg_Y_temp_reg_16_/QN (v) triggered by  leading edge of 'CLK'
Path Groups: {CLK}
Analysis View: default
Other End Arrival Time          0.050
- Setup                         0.025
+ Phase Shift                   1.955
- Uncertainty                   0.050
= Required Time                 1.930
- Arrival Time                  1.860
= Slack Time                    0.070
     Clock Rise Edge                 0.000
     + Clock Network Latency (Ideal) 0.050
     = Beginpoint Arrival Time       0.050
     +------------------------------------------------------------------------------+ 
     |       Instance       |     Arc      |   Cell    | Delay | Arrival | Required | 
     |                      |              |           |       |  Time   |   Time   | 
     |----------------------+--------------+-----------+-------+---------+----------| 
     | B_reg_Y_temp_reg_16_ | CK ^         |           |       |   0.050 |    0.120 | 
     | B_reg_Y_temp_reg_16_ | CK ^ -> QN v | DFF_X1    | 0.088 |   0.138 |    0.208 | 
     | U4537                | A2 v -> ZN v | OR2_X1    | 0.065 |   0.203 |    0.273 | 
     | U4643                | A2 v -> ZN v | AND2_X2   | 0.058 |   0.262 |    0.332 | 
     | U5701                | C1 v -> ZN ^ | OAI211_X1 | 0.108 |   0.370 |    0.440 | 
     | U5413                | A ^ -> ZN ^  | XNOR2_X1  | 0.056 |   0.425 |    0.495 | 
     | FE_OFC27_n4819       | A ^ -> Z ^   | BUF_X2    | 0.137 |   0.562 |    0.632 | 
     | U5949                | A ^ -> ZN ^  | XNOR2_X1  | 0.067 |   0.630 |    0.700 | 
     | FE_OFC22_n5356       | A ^ -> Z ^   | BUF_X2    | 0.084 |   0.713 |    0.783 | 
     | U6190                | A ^ -> ZN v  | XNOR2_X1  | 0.076 |   0.789 |    0.859 | 
     | U5597                | B v -> ZN v  | XNOR2_X1  | 0.056 |   0.845 |    0.915 | 
     | FE_OFC20_n5384       | A v -> Z v   | CLKBUF_X1 | 0.143 |   0.988 |    1.058 | 
     | U6213                | A v -> ZN ^  | INV_X1    | 0.111 |   1.099 |    1.169 | 
     | U4257                | B ^ -> ZN v  | XNOR2_X1  | 0.073 |   1.172 |    1.242 | 
     | U7243                | B v -> ZN v  | XNOR2_X1  | 0.064 |   1.236 |    1.306 | 
     | U7245                | A v -> S ^   | FA_X1     | 0.124 |   1.359 |    1.429 | 
     | U7255                | CI ^ -> S v  | FA_X1     | 0.091 |   1.450 |    1.520 | 
     | U4664                | A2 v -> ZN v | OR2_X1    | 0.060 |   1.510 |    1.580 | 
     | U8376                | A1 v -> ZN v | AND2_X1   | 0.035 |   1.544 |    1.615 | 
     | U9905                | A1 v -> ZN v | AND3_X1   | 0.032 |   1.577 |    1.647 | 
     | U9933                | A1 v -> ZN v | AND2_X1   | 0.028 |   1.604 |    1.674 | 
     | U4028                | A2 v -> ZN ^ | NAND4_X1  | 0.019 |   1.623 |    1.693 | 
     | U5459                | A1 ^ -> ZN v | NAND3_X1  | 0.032 |   1.655 |    1.725 | 
     | U10026               | A1 v -> ZN v | AND2_X1   | 0.035 |   1.691 |    1.761 | 
     | U10028               | A1 v -> ZN v | OR2_X1    | 0.047 |   1.738 |    1.808 | 
     | U4162                | A2 v -> ZN v | OR2_X1    | 0.050 |   1.788 |    1.858 | 
     | U4458                | B2 v -> ZN ^ | AOI21_X1  | 0.039 |   1.827 |    1.897 | 
     | U4457                | A2 ^ -> ZN ^ | OR2_X1    | 0.033 |   1.860 |    1.930 | 
     | p_reg_Y_temp_reg_45_ | D ^          | DFFS_X1   | 0.000 |   1.860 |    1.930 | 
     +------------------------------------------------------------------------------+ 
Path 3: MET Setup Check with Pin p_reg_Y_temp_reg_51_/CK 
Endpoint:   p_reg_Y_temp_reg_51_/D  (^) checked with  leading edge of 'CLK'
Beginpoint: B_reg_Y_temp_reg_16_/QN (v) triggered by  leading edge of 'CLK'
Path Groups: {CLK}
Analysis View: default
Other End Arrival Time          0.050
- Setup                         0.032
+ Phase Shift                   1.955
- Uncertainty                   0.050
= Required Time                 1.923
- Arrival Time                  1.849
= Slack Time                    0.075
     Clock Rise Edge                 0.000
     + Clock Network Latency (Ideal) 0.050
     = Beginpoint Arrival Time       0.050
     +------------------------------------------------------------------------------+ 
     |       Instance       |     Arc      |   Cell    | Delay | Arrival | Required | 
     |                      |              |           |       |  Time   |   Time   | 
     |----------------------+--------------+-----------+-------+---------+----------| 
     | B_reg_Y_temp_reg_16_ | CK ^         |           |       |   0.050 |    0.125 | 
     | B_reg_Y_temp_reg_16_ | CK ^ -> QN v | DFF_X1    | 0.088 |   0.138 |    0.213 | 
     | U4537                | A2 v -> ZN v | OR2_X1    | 0.065 |   0.203 |    0.278 | 
     | U4643                | A2 v -> ZN v | AND2_X2   | 0.058 |   0.262 |    0.336 | 
     | U5701                | C1 v -> ZN ^ | OAI211_X1 | 0.108 |   0.370 |    0.444 | 
     | U5413                | A ^ -> ZN ^  | XNOR2_X1  | 0.056 |   0.425 |    0.500 | 
     | FE_OFC27_n4819       | A ^ -> Z ^   | BUF_X2    | 0.137 |   0.562 |    0.637 | 
     | U5949                | A ^ -> ZN ^  | XNOR2_X1  | 0.067 |   0.630 |    0.704 | 
     | FE_OFC22_n5356       | A ^ -> Z ^   | BUF_X2    | 0.084 |   0.713 |    0.788 | 
     | U6190                | A ^ -> ZN v  | XNOR2_X1  | 0.076 |   0.789 |    0.864 | 
     | U5597                | B v -> ZN v  | XNOR2_X1  | 0.056 |   0.845 |    0.920 | 
     | FE_OFC20_n5384       | A v -> Z v   | CLKBUF_X1 | 0.143 |   0.988 |    1.062 | 
     | U6213                | A v -> ZN ^  | INV_X1    | 0.111 |   1.099 |    1.173 | 
     | U4257                | B ^ -> ZN v  | XNOR2_X1  | 0.073 |   1.172 |    1.246 | 
     | U7243                | B v -> ZN v  | XNOR2_X1  | 0.064 |   1.236 |    1.310 | 
     | U7245                | A v -> S ^   | FA_X1     | 0.124 |   1.359 |    1.434 | 
     | U7255                | CI ^ -> S v  | FA_X1     | 0.091 |   1.450 |    1.525 | 
     | U4664                | A2 v -> ZN v | OR2_X1    | 0.060 |   1.510 |    1.584 | 
     | U8376                | A1 v -> ZN v | AND2_X1   | 0.035 |   1.544 |    1.619 | 
     | U9905                | A1 v -> ZN v | AND3_X1   | 0.032 |   1.577 |    1.651 | 
     | U9933                | A1 v -> ZN v | AND2_X1   | 0.028 |   1.604 |    1.679 | 
     | U4028                | A2 v -> ZN ^ | NAND4_X1  | 0.019 |   1.623 |    1.698 | 
     | U5459                | A1 ^ -> ZN v | NAND3_X1  | 0.032 |   1.655 |    1.730 | 
     | U9940                | A1 v -> ZN v | AND2_X1   | 0.039 |   1.694 |    1.769 | 
     | U4072                | A3 v -> ZN v | OR3_X1    | 0.082 |   1.776 |    1.851 | 
     | U10412               | A v -> ZN v  | XNOR2_X1  | 0.042 |   1.818 |    1.892 | 
     | U10775               | B2 v -> ZN ^ | OAI21_X1  | 0.031 |   1.849 |    1.923 | 
     | p_reg_Y_temp_reg_51_ | D ^          | DFF_X1    | 0.000 |   1.849 |    1.923 | 
     +------------------------------------------------------------------------------+ 
Path 4: MET Setup Check with Pin p_reg_Y_temp_reg_54_/CK 
Endpoint:   p_reg_Y_temp_reg_54_/D  (^) checked with  leading edge of 'CLK'
Beginpoint: B_reg_Y_temp_reg_16_/QN (v) triggered by  leading edge of 'CLK'
Path Groups: {CLK}
Analysis View: default
Other End Arrival Time          0.050
- Setup                         0.031
+ Phase Shift                   1.955
- Uncertainty                   0.050
= Required Time                 1.924
- Arrival Time                  1.848
= Slack Time                    0.077
     Clock Rise Edge                 0.000
     + Clock Network Latency (Ideal) 0.050
     = Beginpoint Arrival Time       0.050
     +------------------------------------------------------------------------------+ 
     |       Instance       |     Arc      |   Cell    | Delay | Arrival | Required | 
     |                      |              |           |       |  Time   |   Time   | 
     |----------------------+--------------+-----------+-------+---------+----------| 
     | B_reg_Y_temp_reg_16_ | CK ^         |           |       |   0.050 |    0.127 | 
     | B_reg_Y_temp_reg_16_ | CK ^ -> QN v | DFF_X1    | 0.088 |   0.138 |    0.215 | 
     | U4537                | A2 v -> ZN v | OR2_X1    | 0.065 |   0.203 |    0.280 | 
     | U4643                | A2 v -> ZN v | AND2_X2   | 0.058 |   0.262 |    0.338 | 
     | U5701                | C1 v -> ZN ^ | OAI211_X1 | 0.108 |   0.370 |    0.447 | 
     | U5413                | A ^ -> ZN ^  | XNOR2_X1  | 0.056 |   0.425 |    0.502 | 
     | FE_OFC27_n4819       | A ^ -> Z ^   | BUF_X2    | 0.137 |   0.562 |    0.639 | 
     | U5949                | A ^ -> ZN ^  | XNOR2_X1  | 0.067 |   0.630 |    0.706 | 
     | FE_OFC22_n5356       | A ^ -> Z ^   | BUF_X2    | 0.084 |   0.713 |    0.790 | 
     | U6190                | A ^ -> ZN v  | XNOR2_X1  | 0.076 |   0.789 |    0.866 | 
     | U5597                | B v -> ZN v  | XNOR2_X1  | 0.056 |   0.845 |    0.922 | 
     | FE_OFC20_n5384       | A v -> Z v   | CLKBUF_X1 | 0.143 |   0.988 |    1.065 | 
     | U6213                | A v -> ZN ^  | INV_X1    | 0.111 |   1.099 |    1.176 | 
     | U4257                | B ^ -> ZN v  | XNOR2_X1  | 0.073 |   1.172 |    1.248 | 
     | U7243                | B v -> ZN v  | XNOR2_X1  | 0.064 |   1.236 |    1.312 | 
     | U7245                | A v -> S ^   | FA_X1     | 0.124 |   1.359 |    1.436 | 
     | U7255                | CI ^ -> S v  | FA_X1     | 0.091 |   1.450 |    1.527 | 
     | U4664                | A2 v -> ZN v | OR2_X1    | 0.060 |   1.510 |    1.587 | 
     | U8376                | A1 v -> ZN v | AND2_X1   | 0.035 |   1.544 |    1.621 | 
     | U9905                | A1 v -> ZN v | AND3_X1   | 0.032 |   1.577 |    1.653 | 
     | U9933                | A1 v -> ZN v | AND2_X1   | 0.028 |   1.604 |    1.681 | 
     | U4028                | A2 v -> ZN ^ | NAND4_X1  | 0.019 |   1.623 |    1.700 | 
     | U5459                | A1 ^ -> ZN v | NAND3_X1  | 0.032 |   1.655 |    1.732 | 
     | U10066               | A1 v -> ZN v | AND2_X1   | 0.038 |   1.693 |    1.770 | 
     | U4062                | A3 v -> ZN v | OR3_X1    | 0.086 |   1.779 |    1.855 | 
     | U10416               | A v -> ZN v  | XNOR2_X1  | 0.041 |   1.820 |    1.897 | 
     | U10780               | B1 v -> ZN ^ | OAI21_X1  | 0.027 |   1.847 |    1.924 | 
     | p_reg_Y_temp_reg_54_ | D ^          | DFF_X1    | 0.000 |   1.848 |    1.924 | 
     +------------------------------------------------------------------------------+ 
Path 5: MET Setup Check with Pin p_reg_Y_temp_reg_47_/CK 
Endpoint:   p_reg_Y_temp_reg_47_/D  (^) checked with  leading edge of 'CLK'
Beginpoint: B_reg_Y_temp_reg_16_/QN (v) triggered by  leading edge of 'CLK'
Path Groups: {CLK}
Analysis View: default
Other End Arrival Time          0.050
- Setup                         0.027
+ Phase Shift                   1.955
- Uncertainty                   0.050
= Required Time                 1.929
- Arrival Time                  1.851
= Slack Time                    0.077
     Clock Rise Edge                 0.000
     + Clock Network Latency (Ideal) 0.050
     = Beginpoint Arrival Time       0.050
     +------------------------------------------------------------------------------+ 
     |       Instance       |     Arc      |   Cell    | Delay | Arrival | Required | 
     |                      |              |           |       |  Time   |   Time   | 
     |----------------------+--------------+-----------+-------+---------+----------| 
     | B_reg_Y_temp_reg_16_ | CK ^         |           |       |   0.050 |    0.127 | 
     | B_reg_Y_temp_reg_16_ | CK ^ -> QN v | DFF_X1    | 0.088 |   0.138 |    0.215 | 
     | U4537                | A2 v -> ZN v | OR2_X1    | 0.065 |   0.203 |    0.280 | 
     | U4643                | A2 v -> ZN v | AND2_X2   | 0.058 |   0.262 |    0.339 | 
     | U5701                | C1 v -> ZN ^ | OAI211_X1 | 0.108 |   0.370 |    0.447 | 
     | U5413                | A ^ -> ZN ^  | XNOR2_X1  | 0.056 |   0.425 |    0.503 | 
     | FE_OFC27_n4819       | A ^ -> Z ^   | BUF_X2    | 0.137 |   0.562 |    0.640 | 
     | U5949                | A ^ -> ZN ^  | XNOR2_X1  | 0.067 |   0.630 |    0.707 | 
     | FE_OFC22_n5356       | A ^ -> Z ^   | BUF_X2    | 0.084 |   0.713 |    0.790 | 
     | U6190                | A ^ -> ZN v  | XNOR2_X1  | 0.076 |   0.789 |    0.867 | 
     | U5597                | B v -> ZN v  | XNOR2_X1  | 0.056 |   0.845 |    0.922 | 
     | FE_OFC20_n5384       | A v -> Z v   | CLKBUF_X1 | 0.143 |   0.988 |    1.065 | 
     | U6213                | A v -> ZN ^  | INV_X1    | 0.111 |   1.099 |    1.176 | 
     | U4257                | B ^ -> ZN v  | XNOR2_X1  | 0.073 |   1.172 |    1.249 | 
     | U7243                | B v -> ZN v  | XNOR2_X1  | 0.064 |   1.236 |    1.313 | 
     | U7245                | A v -> S ^   | FA_X1     | 0.124 |   1.359 |    1.436 | 
     | U7255                | CI ^ -> S v  | FA_X1     | 0.091 |   1.450 |    1.527 | 
     | U4664                | A2 v -> ZN v | OR2_X1    | 0.060 |   1.510 |    1.587 | 
     | U8376                | A1 v -> ZN v | AND2_X1   | 0.035 |   1.544 |    1.622 | 
     | U9905                | A1 v -> ZN v | AND3_X1   | 0.032 |   1.577 |    1.654 | 
     | U9933                | A1 v -> ZN v | AND2_X1   | 0.028 |   1.604 |    1.681 | 
     | U4028                | A2 v -> ZN ^ | NAND4_X1  | 0.019 |   1.623 |    1.700 | 
     | U5459                | A1 ^ -> ZN v | NAND3_X1  | 0.032 |   1.655 |    1.733 | 
     | U10026               | A1 v -> ZN v | AND2_X1   | 0.035 |   1.691 |    1.768 | 
     | U10027               | A1 v -> ZN v | OR2_X1    | 0.054 |   1.745 |    1.822 | 
     | U10765               | A3 v -> ZN v | OR3_X1    | 0.082 |   1.827 |    1.904 | 
     | U10766               | A4 v -> ZN ^ | NAND4_X1  | 0.024 |   1.851 |    1.929 | 
     | p_reg_Y_temp_reg_47_ | D ^          | DFFS_X1   | 0.000 |   1.851 |    1.929 | 
     +------------------------------------------------------------------------------+ 
Path 6: MET Setup Check with Pin p_reg_Y_temp_reg_35_/CK 
Endpoint:   p_reg_Y_temp_reg_35_/D  (v) checked with  leading edge of 'CLK'
Beginpoint: B_reg_Y_temp_reg_16_/QN (v) triggered by  leading edge of 'CLK'
Path Groups: {CLK}
Analysis View: default
Other End Arrival Time          0.050
- Setup                         0.032
+ Phase Shift                   1.955
- Uncertainty                   0.050
= Required Time                 1.923
- Arrival Time                  1.827
= Slack Time                    0.097
     Clock Rise Edge                 0.000
     + Clock Network Latency (Ideal) 0.050
     = Beginpoint Arrival Time       0.050
     +------------------------------------------------------------------------------+ 
     |       Instance       |     Arc      |   Cell    | Delay | Arrival | Required | 
     |                      |              |           |       |  Time   |   Time   | 
     |----------------------+--------------+-----------+-------+---------+----------| 
     | B_reg_Y_temp_reg_16_ | CK ^         |           |       |   0.050 |    0.147 | 
     | B_reg_Y_temp_reg_16_ | CK ^ -> QN v | DFF_X1    | 0.088 |   0.138 |    0.235 | 
     | U4537                | A2 v -> ZN v | OR2_X1    | 0.065 |   0.203 |    0.300 | 
     | U4643                | A2 v -> ZN v | AND2_X2   | 0.058 |   0.262 |    0.358 | 
     | U5701                | C1 v -> ZN ^ | OAI211_X1 | 0.108 |   0.370 |    0.466 | 
     | U5413                | A ^ -> ZN ^  | XNOR2_X1  | 0.056 |   0.425 |    0.522 | 
     | FE_OFC27_n4819       | A ^ -> Z ^   | BUF_X2    | 0.137 |   0.562 |    0.659 | 
     | U5949                | A ^ -> ZN ^  | XNOR2_X1  | 0.067 |   0.630 |    0.726 | 
     | FE_OFC22_n5356       | A ^ -> Z ^   | BUF_X2    | 0.084 |   0.713 |    0.810 | 
     | U6190                | A ^ -> ZN ^  | XNOR2_X1  | 0.097 |   0.810 |    0.907 | 
     | U5597                | B ^ -> ZN ^  | XNOR2_X1  | 0.051 |   0.861 |    0.958 | 
     | FE_OFC20_n5384       | A ^ -> Z ^   | CLKBUF_X1 | 0.134 |   0.996 |    1.092 | 
     | U6213                | A ^ -> ZN v  | INV_X1    | 0.066 |   1.062 |    1.159 | 
     | U4257                | B v -> ZN ^  | XNOR2_X1  | 0.129 |   1.191 |    1.288 | 
     | U8335                | A ^ -> ZN ^  | XNOR2_X1  | 0.058 |   1.249 |    1.346 | 
     | U4615                | A ^ -> ZN ^  | XNOR2_X1  | 0.046 |   1.295 |    1.392 | 
     | U4614                | B ^ -> Z ^   | XOR2_X1   | 0.053 |   1.348 |    1.445 | 
     | U4859                | B ^ -> Z ^   | XOR2_X1   | 0.055 |   1.403 |    1.500 | 
     | U4860                | B ^ -> Z ^   | XOR2_X1   | 0.054 |   1.457 |    1.554 | 
     | U8343                | A2 ^ -> ZN ^ | OR2_X1    | 0.031 |   1.488 |    1.585 | 
     | U8362                | A2 ^ -> ZN ^ | AND3_X1   | 0.041 |   1.530 |    1.627 | 
     | U4086                | A2 ^ -> ZN ^ | AND3_X1   | 0.042 |   1.572 |    1.669 | 
     | U4029                | A2 ^ -> ZN v | NAND2_X1  | 0.027 |   1.599 |    1.696 | 
     | U4065                | A1 v -> ZN v | AND2_X1   | 0.041 |   1.641 |    1.737 | 
     | U4087                | A1 v -> ZN v | AND2_X1   | 0.029 |   1.670 |    1.766 | 
     | U5468                | B2 v -> ZN ^ | OAI21_X1  | 0.051 |   1.721 |    1.818 | 
     | U4166                | A1 ^ -> ZN ^ | AND2_X1   | 0.047 |   1.768 |    1.865 | 
     | U10274               | B ^ -> ZN ^  | XNOR2_X1  | 0.040 |   1.808 |    1.905 | 
     | U10746               | B2 ^ -> ZN v | OAI21_X1  | 0.019 |   1.827 |    1.923 | 
     | p_reg_Y_temp_reg_35_ | D v          | DFF_X1    | 0.000 |   1.827 |    1.923 | 
     +------------------------------------------------------------------------------+ 
Path 7: MET Setup Check with Pin p_reg_Y_temp_reg_33_/CK 
Endpoint:   p_reg_Y_temp_reg_33_/D  (^) checked with  leading edge of 'CLK'
Beginpoint: B_reg_Y_temp_reg_16_/QN (v) triggered by  leading edge of 'CLK'
Path Groups: {CLK}
Analysis View: default
Other End Arrival Time          0.050
- Setup                         0.028
+ Phase Shift                   1.955
- Uncertainty                   0.050
= Required Time                 1.927
- Arrival Time                  1.830
= Slack Time                    0.097
     Clock Rise Edge                 0.000
     + Clock Network Latency (Ideal) 0.050
     = Beginpoint Arrival Time       0.050
     +------------------------------------------------------------------------------+ 
     |       Instance       |     Arc      |   Cell    | Delay | Arrival | Required | 
     |                      |              |           |       |  Time   |   Time   | 
     |----------------------+--------------+-----------+-------+---------+----------| 
     | B_reg_Y_temp_reg_16_ | CK ^         |           |       |   0.050 |    0.147 | 
     | B_reg_Y_temp_reg_16_ | CK ^ -> QN v | DFF_X1    | 0.088 |   0.138 |    0.235 | 
     | U4537                | A2 v -> ZN v | OR2_X1    | 0.065 |   0.203 |    0.300 | 
     | U4643                | A2 v -> ZN v | AND2_X2   | 0.058 |   0.262 |    0.359 | 
     | U5701                | C1 v -> ZN ^ | OAI211_X1 | 0.108 |   0.370 |    0.467 | 
     | U5413                | A ^ -> ZN ^  | XNOR2_X1  | 0.056 |   0.425 |    0.522 | 
     | FE_OFC27_n4819       | A ^ -> Z ^   | BUF_X2    | 0.137 |   0.562 |    0.659 | 
     | U5949                | A ^ -> ZN ^  | XNOR2_X1  | 0.067 |   0.630 |    0.727 | 
     | FE_OFC22_n5356       | A ^ -> Z ^   | BUF_X2    | 0.084 |   0.713 |    0.810 | 
     | U6190                | A ^ -> ZN ^  | XNOR2_X1  | 0.097 |   0.810 |    0.907 | 
     | U5597                | B ^ -> ZN ^  | XNOR2_X1  | 0.051 |   0.861 |    0.958 | 
     | FE_OFC20_n5384       | A ^ -> Z ^   | CLKBUF_X1 | 0.134 |   0.996 |    1.093 | 
     | U6213                | A ^ -> ZN v  | INV_X1    | 0.066 |   1.062 |    1.159 | 
     | U4257                | B v -> ZN ^  | XNOR2_X1  | 0.129 |   1.191 |    1.288 | 
     | U8335                | A ^ -> ZN ^  | XNOR2_X1  | 0.058 |   1.249 |    1.346 | 
     | U4615                | A ^ -> ZN ^  | XNOR2_X1  | 0.046 |   1.295 |    1.392 | 
     | U4614                | B ^ -> Z ^   | XOR2_X1   | 0.053 |   1.348 |    1.445 | 
     | U4859                | B ^ -> Z ^   | XOR2_X1   | 0.055 |   1.403 |    1.500 | 
     | U4860                | B ^ -> Z ^   | XOR2_X1   | 0.054 |   1.457 |    1.554 | 
     | U8343                | A2 ^ -> ZN ^ | OR2_X1    | 0.031 |   1.488 |    1.585 | 
     | U8362                | A2 ^ -> ZN ^ | AND3_X1   | 0.041 |   1.530 |    1.627 | 
     | U4086                | A2 ^ -> ZN ^ | AND3_X1   | 0.042 |   1.572 |    1.669 | 
     | U4029                | A2 ^ -> ZN v | NAND2_X1  | 0.027 |   1.599 |    1.696 | 
     | U4065                | A1 v -> ZN v | AND2_X1   | 0.041 |   1.641 |    1.738 | 
     | U4087                | A1 v -> ZN v | AND2_X1   | 0.029 |   1.670 |    1.767 | 
     | U5468                | B2 v -> ZN ^ | OAI21_X1  | 0.051 |   1.721 |    1.818 | 
     | U10286               | A2 ^ -> ZN ^ | AND2_X1   | 0.040 |   1.761 |    1.858 | 
     | U10377               | A2 ^ -> ZN ^ | OR2_X1    | 0.024 |   1.785 |    1.882 | 
     | U10741               | A1 ^ -> ZN v | NAND2_X1  | 0.012 |   1.797 |    1.894 | 
     | U10743               | B2 v -> ZN ^ | OAI21_X1  | 0.033 |   1.830 |    1.927 | 
     | p_reg_Y_temp_reg_33_ | D ^          | DFF_X1    | 0.000 |   1.830 |    1.927 | 
     +------------------------------------------------------------------------------+ 
Path 8: MET Setup Check with Pin p_reg_Y_temp_reg_58_/CK 
Endpoint:   p_reg_Y_temp_reg_58_/D  (v) checked with  leading edge of 'CLK'
Beginpoint: B_reg_Y_temp_reg_16_/QN (v) triggered by  leading edge of 'CLK'
Path Groups: {CLK}
Analysis View: default
Other End Arrival Time          0.050
- Setup                         0.032
+ Phase Shift                   1.955
- Uncertainty                   0.050
= Required Time                 1.923
- Arrival Time                  1.823
= Slack Time                    0.101
     Clock Rise Edge                 0.000
     + Clock Network Latency (Ideal) 0.050
     = Beginpoint Arrival Time       0.050
     +------------------------------------------------------------------------------+ 
     |       Instance       |     Arc      |   Cell    | Delay | Arrival | Required | 
     |                      |              |           |       |  Time   |   Time   | 
     |----------------------+--------------+-----------+-------+---------+----------| 
     | B_reg_Y_temp_reg_16_ | CK ^         |           |       |   0.050 |    0.151 | 
     | B_reg_Y_temp_reg_16_ | CK ^ -> QN v | DFF_X1    | 0.088 |   0.138 |    0.239 | 
     | U4537                | A2 v -> ZN v | OR2_X1    | 0.065 |   0.203 |    0.304 | 
     | U4643                | A2 v -> ZN v | AND2_X2   | 0.058 |   0.262 |    0.362 | 
     | U5701                | C1 v -> ZN ^ | OAI211_X1 | 0.108 |   0.370 |    0.470 | 
     | U5413                | A ^ -> ZN ^  | XNOR2_X1  | 0.056 |   0.425 |    0.526 | 
     | FE_OFC27_n4819       | A ^ -> Z ^   | BUF_X2    | 0.137 |   0.562 |    0.663 | 
     | U5949                | A ^ -> ZN ^  | XNOR2_X1  | 0.067 |   0.630 |    0.730 | 
     | FE_OFC22_n5356       | A ^ -> Z ^   | BUF_X2    | 0.084 |   0.713 |    0.814 | 
     | U6190                | A ^ -> ZN ^  | XNOR2_X1  | 0.097 |   0.811 |    0.911 | 
     | U5597                | B ^ -> ZN ^  | XNOR2_X1  | 0.051 |   0.861 |    0.962 | 
     | FE_OFC20_n5384       | A ^ -> Z ^   | CLKBUF_X1 | 0.134 |   0.996 |    1.096 | 
     | U6213                | A ^ -> ZN v  | INV_X1    | 0.066 |   1.062 |    1.162 | 
     | U4257                | B v -> ZN ^  | XNOR2_X1  | 0.129 |   1.191 |    1.292 | 
     | U7243                | B ^ -> ZN ^  | XNOR2_X1  | 0.061 |   1.252 |    1.353 | 
     | U7245                | A ^ -> S v   | FA_X1     | 0.096 |   1.349 |    1.449 | 
     | U7255                | CI v -> S ^  | FA_X1     | 0.113 |   1.462 |    1.562 | 
     | U4664                | A2 ^ -> ZN ^ | OR2_X1    | 0.034 |   1.496 |    1.596 | 
     | U8376                | A1 ^ -> ZN ^ | AND2_X1   | 0.039 |   1.534 |    1.635 | 
     | U9905                | A1 ^ -> ZN ^ | AND3_X1   | 0.044 |   1.578 |    1.679 | 
     | U9906                | A1 ^ -> ZN ^ | AND2_X1   | 0.036 |   1.614 |    1.715 | 
     | U9907                | A3 ^ -> ZN v | NAND4_X1  | 0.030 |   1.645 |    1.745 | 
     | U9908                | A2 v -> ZN v | AND2_X1   | 0.035 |   1.680 |    1.780 | 
     | U9917                | A1 v -> ZN ^ | NAND2_X1  | 0.017 |   1.696 |    1.797 | 
     | U5443                | A1 ^ -> ZN ^ | AND2_X1   | 0.055 |   1.752 |    1.852 | 
     | U5622                | A1 ^ -> ZN ^ | OR2_X1    | 0.027 |   1.779 |    1.879 | 
     | U10420               | A2 ^ -> ZN ^ | AND2_X1   | 0.031 |   1.810 |    1.910 | 
     | U10434               | B1 ^ -> ZN v | OAI21_X1  | 0.013 |   1.822 |    1.923 | 
     | p_reg_Y_temp_reg_58_ | D v          | DFF_X1    | 0.000 |   1.823 |    1.923 | 
     +------------------------------------------------------------------------------+ 
Path 9: MET Setup Check with Pin p_reg_Y_temp_reg_46_/CK 
Endpoint:   p_reg_Y_temp_reg_46_/D  (^) checked with  leading edge of 'CLK'
Beginpoint: B_reg_Y_temp_reg_16_/QN (v) triggered by  leading edge of 'CLK'
Path Groups: {CLK}
Analysis View: default
Other End Arrival Time          0.050
- Setup                         0.032
+ Phase Shift                   1.955
- Uncertainty                   0.050
= Required Time                 1.923
- Arrival Time                  1.822
= Slack Time                    0.101
     Clock Rise Edge                 0.000
     + Clock Network Latency (Ideal) 0.050
     = Beginpoint Arrival Time       0.050
     +------------------------------------------------------------------------------+ 
     |       Instance       |     Arc      |   Cell    | Delay | Arrival | Required | 
     |                      |              |           |       |  Time   |   Time   | 
     |----------------------+--------------+-----------+-------+---------+----------| 
     | B_reg_Y_temp_reg_16_ | CK ^         |           |       |   0.050 |    0.151 | 
     | B_reg_Y_temp_reg_16_ | CK ^ -> QN v | DFF_X1    | 0.088 |   0.138 |    0.239 | 
     | U4537                | A2 v -> ZN v | OR2_X1    | 0.065 |   0.203 |    0.304 | 
     | U4643                | A2 v -> ZN v | AND2_X2   | 0.058 |   0.262 |    0.362 | 
     | U5701                | C1 v -> ZN ^ | OAI211_X1 | 0.108 |   0.370 |    0.470 | 
     | U5413                | A ^ -> ZN ^  | XNOR2_X1  | 0.056 |   0.425 |    0.526 | 
     | FE_OFC27_n4819       | A ^ -> Z ^   | BUF_X2    | 0.137 |   0.562 |    0.663 | 
     | U5949                | A ^ -> ZN ^  | XNOR2_X1  | 0.067 |   0.630 |    0.730 | 
     | FE_OFC22_n5356       | A ^ -> Z ^   | BUF_X2    | 0.084 |   0.713 |    0.814 | 
     | U6190                | A ^ -> ZN v  | XNOR2_X1  | 0.076 |   0.789 |    0.890 | 
     | U5597                | B v -> ZN v  | XNOR2_X1  | 0.056 |   0.845 |    0.946 | 
     | FE_OFC20_n5384       | A v -> Z v   | CLKBUF_X1 | 0.143 |   0.988 |    1.089 | 
     | U6213                | A v -> ZN ^  | INV_X1    | 0.111 |   1.099 |    1.200 | 
     | U4257                | B ^ -> ZN v  | XNOR2_X1  | 0.073 |   1.172 |    1.272 | 
     | U7243                | B v -> ZN v  | XNOR2_X1  | 0.064 |   1.236 |    1.336 | 
     | U7245                | A v -> S ^   | FA_X1     | 0.124 |   1.359 |    1.460 | 
     | U7255                | CI ^ -> S v  | FA_X1     | 0.091 |   1.450 |    1.551 | 
     | U4664                | A2 v -> ZN v | OR2_X1    | 0.060 |   1.510 |    1.611 | 
     | U8376                | A1 v -> ZN v | AND2_X1   | 0.035 |   1.544 |    1.645 | 
     | U9905                | A1 v -> ZN v | AND3_X1   | 0.032 |   1.577 |    1.677 | 
     | U9933                | A1 v -> ZN v | AND2_X1   | 0.028 |   1.604 |    1.705 | 
     | U4028                | A2 v -> ZN ^ | NAND4_X1  | 0.019 |   1.623 |    1.724 | 
     | U5459                | A1 ^ -> ZN v | NAND3_X1  | 0.032 |   1.655 |    1.756 | 
     | U10026               | A1 v -> ZN v | AND2_X1   | 0.035 |   1.691 |    1.791 | 
     | U10027               | A1 v -> ZN v | OR2_X1    | 0.054 |   1.745 |    1.846 | 
     | U10404               | B v -> ZN v  | XNOR2_X1  | 0.045 |   1.790 |    1.891 | 
     | U10760               | B2 v -> ZN ^ | OAI21_X1  | 0.032 |   1.822 |    1.923 | 
     | p_reg_Y_temp_reg_46_ | D ^          | DFF_X1    | 0.000 |   1.822 |    1.923 | 
     +------------------------------------------------------------------------------+ 
Path 10: MET Setup Check with Pin p_reg_Y_temp_reg_48_/CK 
Endpoint:   p_reg_Y_temp_reg_48_/D  (^) checked with  leading edge of 'CLK'
Beginpoint: B_reg_Y_temp_reg_16_/QN (v) triggered by  leading edge of 'CLK'
Path Groups: {CLK}
Analysis View: default
Other End Arrival Time          0.050
- Setup                         0.031
+ Phase Shift                   1.955
- Uncertainty                   0.050
= Required Time                 1.924
- Arrival Time                  1.823
= Slack Time                    0.101
     Clock Rise Edge                 0.000
     + Clock Network Latency (Ideal) 0.050
     = Beginpoint Arrival Time       0.050
     +------------------------------------------------------------------------------+ 
     |       Instance       |     Arc      |   Cell    | Delay | Arrival | Required | 
     |                      |              |           |       |  Time   |   Time   | 
     |----------------------+--------------+-----------+-------+---------+----------| 
     | B_reg_Y_temp_reg_16_ | CK ^         |           |       |   0.050 |    0.151 | 
     | B_reg_Y_temp_reg_16_ | CK ^ -> QN v | DFF_X1    | 0.088 |   0.138 |    0.239 | 
     | U4537                | A2 v -> ZN v | OR2_X1    | 0.065 |   0.203 |    0.305 | 
     | U4643                | A2 v -> ZN v | AND2_X2   | 0.058 |   0.262 |    0.363 | 
     | U5701                | C1 v -> ZN ^ | OAI211_X1 | 0.108 |   0.370 |    0.471 | 
     | U5413                | A ^ -> ZN ^  | XNOR2_X1  | 0.056 |   0.425 |    0.527 | 
     | FE_OFC27_n4819       | A ^ -> Z ^   | BUF_X2    | 0.137 |   0.562 |    0.664 | 
     | U5949                | A ^ -> ZN ^  | XNOR2_X1  | 0.067 |   0.630 |    0.731 | 
     | FE_OFC22_n5356       | A ^ -> Z ^   | BUF_X2    | 0.084 |   0.713 |    0.815 | 
     | U6190                | A ^ -> ZN v  | XNOR2_X1  | 0.076 |   0.789 |    0.891 | 
     | U5597                | B v -> ZN v  | XNOR2_X1  | 0.056 |   0.845 |    0.947 | 
     | FE_OFC20_n5384       | A v -> Z v   | CLKBUF_X1 | 0.143 |   0.988 |    1.089 | 
     | U6213                | A v -> ZN ^  | INV_X1    | 0.111 |   1.099 |    1.200 | 
     | U4257                | B ^ -> ZN v  | XNOR2_X1  | 0.073 |   1.172 |    1.273 | 
     | U7243                | B v -> ZN v  | XNOR2_X1  | 0.064 |   1.236 |    1.337 | 
     | U7245                | A v -> S ^   | FA_X1     | 0.124 |   1.359 |    1.461 | 
     | U7255                | CI ^ -> S v  | FA_X1     | 0.091 |   1.450 |    1.552 | 
     | U4664                | A2 v -> ZN v | OR2_X1    | 0.060 |   1.510 |    1.611 | 
     | U8376                | A1 v -> ZN v | AND2_X1   | 0.035 |   1.544 |    1.646 | 
     | U9905                | A1 v -> ZN v | AND3_X1   | 0.032 |   1.577 |    1.678 | 
     | U9933                | A1 v -> ZN v | AND2_X1   | 0.028 |   1.604 |    1.706 | 
     | U4028                | A2 v -> ZN ^ | NAND4_X1  | 0.019 |   1.623 |    1.725 | 
     | U5459                | A1 ^ -> ZN v | NAND3_X1  | 0.032 |   1.655 |    1.757 | 
     | U9940                | A1 v -> ZN v | AND2_X1   | 0.039 |   1.694 |    1.796 | 
     | U4056                | A1 v -> ZN v | OR2_X1    | 0.056 |   1.750 |    1.852 | 
     | U10406               | B v -> ZN v  | XNOR2_X1  | 0.041 |   1.792 |    1.893 | 
     | U10768               | B2 v -> ZN ^ | OAI21_X1  | 0.031 |   1.823 |    1.924 | 
     | p_reg_Y_temp_reg_48_ | D ^          | DFF_X1    | 0.000 |   1.823 |    1.924 | 
     +------------------------------------------------------------------------------+ 

