###############################################################
#  Generated by:      Cadence Innovus 23.35-s106_1
#  OS:                Linux x86_64(Host ID microsys.openstack.polito)
#  Generated on:      Sat Oct 10 21:03:08 2026
#  Design:            boothmul_registered
#  Command:           report_timing -early -max_paths 10 > reports/10_hold_paths.rpt
###############################################################
Path 1: MET Hold Check with Pin p_reg_Y_temp_reg_1_/CK 
Endpoint:   p_reg_Y_temp_reg_1_/D  (v) checked with  leading edge of 'CLK'
Beginpoint: p_reg_Y_temp_reg_1_/QN (^) triggered by  leading edge of 'CLK'
Path Groups: {CLK}
Analysis View: default
Other End Arrival Time          0.041
+ Hold                          0.009
+ Phase Shift                   0.000
- CPPR Adjustment               0.000
+ Uncertainty                   0.050
= Required Time                 0.100
  Arrival Time                  0.150
  Slack Time                    0.050
     Clock Rise Edge                 0.000
     + Clock Network Latency (Prop)  0.060
     = Beginpoint Arrival Time       0.060
     +----------------------------------------------------------------------------+ 
     |      Instance       |     Arc      |   Cell   | Delay | Arrival | Required | 
     |                     |              |          |       |  Time   |   Time   | 
     |---------------------+--------------+----------+-------+---------+----------| 
     | p_reg_Y_temp_reg_1_ | CK ^         |          |       |   0.060 |    0.010 | 
     | p_reg_Y_temp_reg_1_ | CK ^ -> QN ^ | DFF_X1   | 0.075 |   0.135 |    0.085 | 
     | U3840               | B2 ^ -> ZN v | OAI22_X1 | 0.016 |   0.150 |    0.100 | 
     | p_reg_Y_temp_reg_1_ | D v          | DFF_X1   | 0.000 |   0.150 |    0.100 | 
     +----------------------------------------------------------------------------+ 
Path 2: MET Hold Check with Pin p_reg_Y_temp_reg_11_/CK 
Endpoint:   p_reg_Y_temp_reg_11_/D  (v) checked with  leading edge of 'CLK'
Beginpoint: p_reg_Y_temp_reg_11_/QN (^) triggered by  leading edge of 'CLK'
Path Groups: {CLK}
Analysis View: default
Other End Arrival Time          0.041
+ Hold                          0.009
+ Phase Shift                   0.000
- CPPR Adjustment               0.000
+ Uncertainty                   0.050
= Required Time                 0.100
  Arrival Time                  0.166
  Slack Time                    0.065
     Clock Rise Edge                 0.000
     + Clock Network Latency (Prop)  0.060
     = Beginpoint Arrival Time       0.060
     +-----------------------------------------------------------------------------+ 
     |       Instance       |     Arc      |   Cell   | Delay | Arrival | Required | 
     |                      |              |          |       |  Time   |   Time   | 
     |----------------------+--------------+----------+-------+---------+----------| 
     | p_reg_Y_temp_reg_11_ | CK ^         |          |       |   0.060 |   -0.006 | 
     | p_reg_Y_temp_reg_11_ | CK ^ -> QN ^ | DFF_X1   | 0.072 |   0.132 |    0.067 | 
     | U10563               | A1 ^ -> ZN ^ | OR2_X1   | 0.022 |   0.154 |    0.089 | 
     | U10691               | A2 ^ -> ZN v | NAND2_X1 | 0.012 |   0.166 |    0.100 | 
     | p_reg_Y_temp_reg_11_ | D v          | DFF_X1   | 0.000 |   0.166 |    0.100 | 
     +-----------------------------------------------------------------------------+ 
Path 3: MET Hold Check with Pin p_reg_Y_temp_reg_5_/CK 
Endpoint:   p_reg_Y_temp_reg_5_/D  (v) checked with  leading edge of 'CLK'
Beginpoint: p_reg_Y_temp_reg_5_/QN (^) triggered by  leading edge of 'CLK'
Path Groups: {CLK}
Analysis View: default
Other End Arrival Time          0.042
+ Hold                          0.009
+ Phase Shift                   0.000
- CPPR Adjustment               0.000
+ Uncertainty                   0.050
= Required Time                 0.101
  Arrival Time                  0.166
  Slack Time                    0.066
     Clock Rise Edge                 0.000
     + Clock Network Latency (Prop)  0.060
     = Beginpoint Arrival Time       0.060
     +----------------------------------------------------------------------------+ 
     |      Instance       |     Arc      |   Cell   | Delay | Arrival | Required | 
     |                     |              |          |       |  Time   |   Time   | 
     |---------------------+--------------+----------+-------+---------+----------| 
     | p_reg_Y_temp_reg_5_ | CK ^         |          |       |   0.060 |   -0.006 | 
     | p_reg_Y_temp_reg_5_ | CK ^ -> QN ^ | DFF_X1   | 0.072 |   0.132 |    0.066 | 
     | U10558              | A1 ^ -> ZN ^ | OR2_X1   | 0.022 |   0.154 |    0.089 | 
     | U10666              | A2 ^ -> ZN v | NAND2_X1 | 0.012 |   0.166 |    0.101 | 
     | p_reg_Y_temp_reg_5_ | D v          | DFF_X1   | 0.000 |   0.166 |    0.101 | 
     +----------------------------------------------------------------------------+ 
Path 4: MET Hold Check with Pin B_reg_Y_temp_reg_28_/CK 
Endpoint:   B_reg_Y_temp_reg_28_/D  (v) checked with  leading edge of 'CLK'
Beginpoint: B_reg_Y_temp_reg_28_/QN (^) triggered by  leading edge of 'CLK'
Path Groups: {CLK}
Analysis View: default
Other End Arrival Time          0.033
+ Hold                          0.008
+ Phase Shift                   0.000
- CPPR Adjustment               0.000
+ Uncertainty                   0.050
= Required Time                 0.091
  Arrival Time                  0.157
  Slack Time                    0.066
     Clock Rise Edge                 0.000
     + Clock Network Latency (Prop)  0.051
     = Beginpoint Arrival Time       0.051
     +-----------------------------------------------------------------------------+ 
     |       Instance       |     Arc      |   Cell   | Delay | Arrival | Required | 
     |                      |              |          |       |  Time   |   Time   | 
     |----------------------+--------------+----------+-------+---------+----------| 
     | B_reg_Y_temp_reg_28_ | CK ^         |          |       |   0.051 |   -0.015 | 
     | B_reg_Y_temp_reg_28_ | CK ^ -> QN ^ | DFF_X1   | 0.071 |   0.122 |    0.056 | 
     | U10540               | A1 ^ -> ZN ^ | OR2_X1   | 0.022 |   0.144 |    0.078 | 
     | U10617               | A2 ^ -> ZN v | NAND2_X1 | 0.013 |   0.157 |    0.091 | 
     | B_reg_Y_temp_reg_28_ | D v          | DFF_X1   | 0.000 |   0.157 |    0.091 | 
     +-----------------------------------------------------------------------------+ 
Path 5: MET Hold Check with Pin p_reg_Y_temp_reg_2_/CK 
Endpoint:   p_reg_Y_temp_reg_2_/D  (v) checked with  leading edge of 'CLK'
Beginpoint: p_reg_Y_temp_reg_2_/QN (^) triggered by  leading edge of 'CLK'
Path Groups: {CLK}
Analysis View: default
Other End Arrival Time          0.042
+ Hold                          0.009
+ Phase Shift                   0.000
- CPPR Adjustment               0.000
+ Uncertainty                   0.050
= Required Time                 0.101
  Arrival Time                  0.167
  Slack Time                    0.066
     Clock Rise Edge                 0.000
     + Clock Network Latency (Prop)  0.060
     = Beginpoint Arrival Time       0.060
     +----------------------------------------------------------------------------+ 
     |      Instance       |     Arc      |   Cell   | Delay | Arrival | Required | 
     |                     |              |          |       |  Time   |   Time   | 
     |---------------------+--------------+----------+-------+---------+----------| 
     | p_reg_Y_temp_reg_2_ | CK ^         |          |       |   0.060 |   -0.007 | 
     | p_reg_Y_temp_reg_2_ | CK ^ -> QN ^ | DFF_X1   | 0.072 |   0.132 |    0.066 | 
     | U10556              | A1 ^ -> ZN ^ | OR2_X1   | 0.022 |   0.155 |    0.088 | 
     | U10656              | A2 ^ -> ZN v | NAND2_X1 | 0.012 |   0.167 |    0.101 | 
     | p_reg_Y_temp_reg_2_ | D v          | DFF_X1   | 0.000 |   0.167 |    0.101 | 
     +----------------------------------------------------------------------------+ 
Path 6: MET Hold Check with Pin p_reg_Y_temp_reg_0_/CK 
Endpoint:   p_reg_Y_temp_reg_0_/D  (v) checked with  leading edge of 'CLK'
Beginpoint: p_reg_Y_temp_reg_0_/QN (^) triggered by  leading edge of 'CLK'
Path Groups: {CLK}
Analysis View: default
Other End Arrival Time          0.042
+ Hold                          0.009
+ Phase Shift                   0.000
- CPPR Adjustment               0.000
+ Uncertainty                   0.050
= Required Time                 0.101
  Arrival Time                  0.167
  Slack Time                    0.066
     Clock Rise Edge                 0.000
     + Clock Network Latency (Prop)  0.060
     = Beginpoint Arrival Time       0.060
     +----------------------------------------------------------------------------+ 
     |      Instance       |     Arc      |   Cell   | Delay | Arrival | Required | 
     |                     |              |          |       |  Time   |   Time   | 
     |---------------------+--------------+----------+-------+---------+----------| 
     | p_reg_Y_temp_reg_0_ | CK ^         |          |       |   0.060 |   -0.007 | 
     | p_reg_Y_temp_reg_0_ | CK ^ -> QN ^ | DFF_X1   | 0.072 |   0.132 |    0.066 | 
     | U10555              | A1 ^ -> ZN ^ | OR2_X1   | 0.023 |   0.155 |    0.089 | 
     | U10650              | A2 ^ -> ZN v | NAND2_X1 | 0.012 |   0.167 |    0.101 | 
     | p_reg_Y_temp_reg_0_ | D v          | DFF_X1   | 0.000 |   0.167 |    0.101 | 
     +----------------------------------------------------------------------------+ 
Path 7: MET Hold Check with Pin p_reg_Y_temp_reg_15_/CK 
Endpoint:   p_reg_Y_temp_reg_15_/D  (v) checked with  leading edge of 'CLK'
Beginpoint: p_reg_Y_temp_reg_15_/QN (^) triggered by  leading edge of 'CLK'
Path Groups: {CLK}
Analysis View: default
Other End Arrival Time          0.041
+ Hold                          0.009
+ Phase Shift                   0.000
- CPPR Adjustment               0.000
+ Uncertainty                   0.050
= Required Time                 0.100
  Arrival Time                  0.167
  Slack Time                    0.067
     Clock Rise Edge                 0.000
     + Clock Network Latency (Prop)  0.059
     = Beginpoint Arrival Time       0.059
     +-----------------------------------------------------------------------------+ 
     |       Instance       |     Arc      |   Cell   | Delay | Arrival | Required | 
     |                      |              |          |       |  Time   |   Time   | 
     |----------------------+--------------+----------+-------+---------+----------| 
     | p_reg_Y_temp_reg_15_ | CK ^         |          |       |   0.059 |   -0.007 | 
     | p_reg_Y_temp_reg_15_ | CK ^ -> QN ^ | DFF_X1   | 0.073 |   0.132 |    0.065 | 
     | U10566               | A1 ^ -> ZN ^ | OR2_X1   | 0.023 |   0.155 |    0.088 | 
     | U10706               | A2 ^ -> ZN v | NAND2_X1 | 0.012 |   0.167 |    0.100 | 
     | p_reg_Y_temp_reg_15_ | D v          | DFF_X1   | 0.000 |   0.167 |    0.100 | 
     +-----------------------------------------------------------------------------+ 
Path 8: MET Hold Check with Pin p_reg_Y_temp_reg_29_/CK 
Endpoint:   p_reg_Y_temp_reg_29_/D  (v) checked with  leading edge of 'CLK'
Beginpoint: p_reg_Y_temp_reg_29_/QN (^) triggered by  leading edge of 'CLK'
Path Groups: {CLK}
Analysis View: default
Other End Arrival Time          0.040
+ Hold                          0.009
+ Phase Shift                   0.000
- CPPR Adjustment               0.000
+ Uncertainty                   0.050
= Required Time                 0.099
  Arrival Time                  0.165
  Slack Time                    0.067
     Clock Rise Edge                 0.000
     + Clock Network Latency (Prop)  0.058
     = Beginpoint Arrival Time       0.058
     +-----------------------------------------------------------------------------+ 
     |       Instance       |     Arc      |   Cell   | Delay | Arrival | Required | 
     |                      |              |          |       |  Time   |   Time   | 
     |----------------------+--------------+----------+-------+---------+----------| 
     | p_reg_Y_temp_reg_29_ | CK ^         |          |       |   0.058 |   -0.009 | 
     | p_reg_Y_temp_reg_29_ | CK ^ -> QN ^ | DFF_X1   | 0.073 |   0.131 |    0.064 | 
     | U10732               | A1 ^ -> ZN ^ | OR2_X1   | 0.022 |   0.153 |    0.086 | 
     | U10733               | A2 ^ -> ZN v | NAND2_X1 | 0.012 |   0.165 |    0.099 | 
     | p_reg_Y_temp_reg_29_ | D v          | DFF_X1   | 0.000 |   0.165 |    0.099 | 
     +-----------------------------------------------------------------------------+ 
Path 9: MET Hold Check with Pin p_reg_Y_temp_reg_21_/CK 
Endpoint:   p_reg_Y_temp_reg_21_/D  (v) checked with  leading edge of 'CLK'
Beginpoint: p_reg_Y_temp_reg_21_/QN (^) triggered by  leading edge of 'CLK'
Path Groups: {CLK}
Analysis View: default
Other End Arrival Time          0.040
+ Hold                          0.009
+ Phase Shift                   0.000
- CPPR Adjustment               0.000
+ Uncertainty                   0.050
= Required Time                 0.099
  Arrival Time                  0.166
  Slack Time                    0.067
     Clock Rise Edge                 0.000
     + Clock Network Latency (Prop)  0.059
     = Beginpoint Arrival Time       0.059
     +-----------------------------------------------------------------------------+ 
     |       Instance       |     Arc      |   Cell   | Delay | Arrival | Required | 
     |                      |              |          |       |  Time   |   Time   | 
     |----------------------+--------------+----------+-------+---------+----------| 
     | p_reg_Y_temp_reg_21_ | CK ^         |          |       |   0.059 |   -0.008 | 
     | p_reg_Y_temp_reg_21_ | CK ^ -> QN ^ | DFF_X1   | 0.073 |   0.132 |    0.065 | 
     | U10568               | A1 ^ -> ZN ^ | OR2_X1   | 0.022 |   0.154 |    0.087 | 
     | U10727               | A2 ^ -> ZN v | NAND2_X1 | 0.012 |   0.166 |    0.099 | 
     | p_reg_Y_temp_reg_21_ | D v          | DFF_X1   | 0.000 |   0.166 |    0.099 | 
     +-----------------------------------------------------------------------------+ 
Path 10: MET Hold Check with Pin p_reg_Y_temp_reg_23_/CK 
Endpoint:   p_reg_Y_temp_reg_23_/D  (v) checked with  leading edge of 'CLK'
Beginpoint: p_reg_Y_temp_reg_23_/QN (^) triggered by  leading edge of 'CLK'
Path Groups: {CLK}
Analysis View: default
Other End Arrival Time          0.040
+ Hold                          0.009
+ Phase Shift                   0.000
- CPPR Adjustment               0.000
+ Uncertainty                   0.050
= Required Time                 0.099
  Arrival Time                  0.166
  Slack Time                    0.067
     Clock Rise Edge                 0.000
     + Clock Network Latency (Prop)  0.058
     = Beginpoint Arrival Time       0.058
     +-----------------------------------------------------------------------------+ 
     |       Instance       |     Arc      |   Cell   | Delay | Arrival | Required | 
     |                      |              |          |       |  Time   |   Time   | 
     |----------------------+--------------+----------+-------+---------+----------| 
     | p_reg_Y_temp_reg_23_ | CK ^         |          |       |   0.058 |   -0.008 | 
     | p_reg_Y_temp_reg_23_ | CK ^ -> QN ^ | DFF_X1   | 0.073 |   0.131 |    0.065 | 
     | U10569               | A1 ^ -> ZN ^ | OR2_X1   | 0.022 |   0.154 |    0.087 | 
     | U10729               | A2 ^ -> ZN v | NAND2_X1 | 0.012 |   0.166 |    0.099 | 
     | p_reg_Y_temp_reg_23_ | D v          | DFF_X1   | 0.000 |   0.166 |    0.099 | 
     +-----------------------------------------------------------------------------+ 

