###############################################################
#  Generated by:      Cadence Innovus 23.35-s106_1
#  OS:                Linux x86_64(Host ID microsys.openstack.polito)
#  Generated on:      Sat Oct 10 22:26:41 2026
#  Design:            boothmul_registered
#  Command:           checkDesign -netlist -physicalLibrary -timingLibrary -noHtml -outfile reports/00_checkDesign.rpt
###############################################################


==============================
Design Stats
==============================
Design Name: boothmul_registered  
    ------------------------------
    Cells used in the design
    ------------------------------
    XOR2_X1  
    XNOR2_X2  
    XNOR2_X1  
    OR3_X1  
    OR2_X1  
    OAI33_X1  
    OAI22_X1  
    OAI222_X1  
    OAI221_X1  
    OAI21_X4  
    OAI21_X2  
    OAI21_X1  
    OAI211_X1  
    NOR3_X1  
    NOR2_X4  
    NOR2_X2  
    NOR2_X1  
    NAND4_X1  
    NAND3_X1  
    NAND2_X2  
    NAND2_X1  
    MUX2_X1  
    INV_X8  
    INV_X2  
    INV_X1  
    FA_X1  
    DFF_X2  
    DFF_X1  
    CLKBUF_X2  
    CLKBUF_X1  
    BUF_X2  
    BUF_X1  
    AOI22_X2  
    AOI22_X1  
    AOI222_X1  
    AOI221_X1  
    AOI21_X2  
    AOI21_X1  
    AOI211_X1  
    AND3_X1  
    AND2_X1  
    Number of cells used in the design  41  
    ------------------------------
    Non-uniquified instances used in the design
    ------------------------------
    Number of Non-uniquified instances in the design  0  

==============================
Physical Library(LEF) Integrity Check
==============================
Cells with missing LEF: 0  
Cells with missing PG PIN: 0  
Cells with missing dimension: 0  
Cells dimensions not multiple integer of site: 0  
Block cells not covered by obstruction: 0  
Block cells with fixed mask has pins not colorred: 0  
Cells pin with missing direction: 0  
Cells pin with missing geometry: 0  
Cells PG Pins with missing geometry: 0  

==============================
Timing information check
==============================
Cells with missing Timing data: 0  

==============================
Top Level Netlist Check
==============================
Floating Ports: 0  
Ports Connect to multiple Pads: 0  
    ------------------------------
    Port connected to core instances
    ------------------------------
    Port name  # of connections  
    P[0]  1  
    P[1]  1  
    P[2]  1  
    P[3]  1  
    P[4]  2  
    P[5]  2  
    P[6]  2  
    P[7]  2  
    P[8]  2  
    P[9]  2  
    P[10]  2  
    P[11]  2  
    P[12]  2  
    P[13]  1  
    P[14]  1  
    P[15]  1  
    P[16]  1  
    P[17]  1  
    P[18]  1  
    P[19]  1  
    P[20]  2  
    P[21]  1  
    P[22]  1  
    P[23]  1  
    P[24]  2  
    P[25]  2  
    P[26]  2  
    P[27]  2  
    P[28]  2  
    P[29]  2  
    P[30]  2  
    P[31]  2  
    P[32]  2  
    P[33]  2  
    P[34]  2  
    P[35]  2  
    P[36]  2  
    P[37]  2  
    P[38]  2  
    P[39]  2  
    P[40]  2  
    P[41]  1  
    P[42]  1  
    P[43]  1  
    P[44]  1  
    P[45]  1  
    P[46]  1  
    P[47]  1  
    P[48]  1  
    P[49]  1  
    P[50]  1  
    P[51]  1  
    P[52]  2  
    P[53]  1  
    P[54]  1  
    P[55]  1  
    P[56]  2  
    P[57]  2  
    P[58]  2  
    P[59]  2  
    P[60]  2  
    P[61]  2  
    P[62]  2  
    P[63]  2  
    B[0]  1  
    B[1]  1  
    B[2]  1  
    B[3]  1  
    B[4]  1  
    B[5]  1  
    B[6]  1  
    B[7]  1  
    B[8]  1  
    B[9]  1  
    B[10]  1  
    B[11]  1  
    B[12]  1  
    B[13]  1  
    B[14]  1  
    B[15]  1  
    B[16]  1  
    B[17]  1  
    B[18]  1  
    B[19]  1  
    B[20]  1  
    B[21]  1  
    B[22]  1  
    B[23]  1  
    B[24]  1  
    B[25]  1  
    B[26]  1  
    B[27]  1  
    B[28]  1  
    B[29]  1  
    B[30]  1  
    B[31]  1  
    A[0]  1  
    A[1]  1  
    A[2]  1  
    A[3]  1  
    A[4]  1  
    A[5]  1  
    A[6]  1  
    A[7]  1  
    A[8]  1  
    A[9]  1  
    A[10]  1  
    A[11]  1  
    A[12]  1  
    A[13]  1  
    A[14]  1  
    A[15]  1  
    A[16]  1  
    A[17]  1  
    A[18]  1  
    A[19]  1  
    A[20]  1  
    A[21]  1  
    A[22]  1  
    A[23]  1  
    A[24]  1  
    A[25]  1  
    A[26]  1  
    A[27]  1  
    A[28]  1  
    A[29]  1  
    A[30]  1  
    A[31]  1  
    RST  2  
    LD  2  
    CLK  128  
    Ports connected to core instances  131  

==============================
Instance Pin Check
==============================
    Output pins connected to Power Ground net  0  
    ------------------------------
    Instances with multiple input pins tied together
    ------------------------------
    Inst  Net  Term  Term...  
    U4160  n4135  A2  C1  
    U4160  n4136  A1  B1  
    U4160  n4140  B2  C2  
    U4225  n4187  B1  C1  
    U4309  n4252  A2  C1  
    U4309  n4253  A1  B1  
    U4309  n4260  B2  C2  
    U4400  n4340  A2  C1  
    U4400  n4341  A1  B1  
    U4400  n4385  B2  C2  
    U4438  n4369  A2  C1  
    U4438  n4370  A1  B1  
    U4438  n4393  B2  C2  
    U4474  n4381  A2  C1  
    U4474  n4382  A1  B1  
    U4474  n4394  B2  C2  
    U4481  n4385  A2  C1  
    U4481  n4421  A1  B1  
    U4481  n4489  B2  C2  
    U4493  n4391  A2  C1  
    U4493  n4392  A1  B1  
    U4493  n4729  B2  C2  
    U4494  n4393  B2  C2  
    U4494  n4394  A2  C1  
    U4494  n4428  A1  B1  
    U4516  n4414  A2  C1  
    U4516  n4415  A1  B1  
    U4516  n4728  B2  C2  
    U4518  n4417  B2  C2  
    U4518  n4418  A1  B1  
    U4518  n4471  A2  C1  
    U4552  n4437  A2  C1  
    U4552  n4438  A1  B1  
    U4552  n4659  B2  C2  
    U4582  n4463  B2  C2  
    U4582  n4464  A1  B1  
    U4582  n4660  A2  C1  
    U4584  n4661  B2  C2  
    U4584  n4662  A2  C1  
    U4584  n4664  A1  B1  
    U4610  n4489  B2  C2  
    U4610  n4490  A2  C1  
    U4610  n4491  A1  B1  
    U4644  n4505  A2  C1  
    U4644  n4506  A1  B1  
    U4644  n4545  B2  C2  
    U4688  n4543  B2  C2  
    U4688  n4544  A2  C1  
    U4688  n4545  A1  B1  
    U4744  n4588  B2  C2  
    U4744  n4589  A2  C1  
    U4744  n4625  A1  B1  
    U4750  n4596  A2  C1  
    U4750  n4597  A1  B1  
    U4750  n4621  B2  C2  
    U4770  n4614  B2  C2  
    U4770  n4615  A2  C1  
    U4770  n4618  A1  B1  
    U4772  n4617  B2  C2  
    U4772  n4618  A2  C1  
    U4772  n4619  A1  B1  
    U4774  n4621  B2  C2  
    U4774  n4622  A2  C1  
    U4774  n4623  A1  B1  
    U4776  n4625  B2  C2  
    U4776  n4626  A2  C1  
    U4776  n4627  A1  B1  
    U4792  n4643  A2  C1  
    U4792  n4644  A1  B1  
    U4792  n4867  B2  C2  
    U4803  n4688  A1  B1  
    U4803  n4690  A2  C1  
    U4803  n4691  B2  C2  
    U4812  n4659  B2  C2  
    U4812  n4660  A1  B1  
    U4812  n4686  A2  C1  
    U4816  n4665  B2  C2  
    U4816  n4712  A1  B1  
    U4816  n4713  A2  C1  
    U4846  n4698  B2  C2  
    U4846  n4699  A2  C1  
    U4846  n4803  A1  B1  
    U4856  n4704  B2  C2  
    U4856  n4705  A2  C1  
    U4856  n4706  A1  B1  
    U4943  n4789  B2  C2  
    U4943  n4790  A2  C1  
    U4943  n4913  A1  B1  
    U4958  n4807  A2  C1  
    U4958  n4808  A1  B1  
    U4958  n4880  B2  C2  
    U4972  n4824  B2  C2  
    U4972  n4825  A2  C1  
    U4972  n4826  A1  B1  
    U5005  n4829  A1  B1  
    U5005  n4857  A2  C1  
    U5005  n4859  B2  C2  
    U5051  n4921  B2  C2  
    U5051  n4922  A2  C1  
    U5051  n4926  A1  B1  
    U5055  n4927  B2  C2  
    U5055  n4928  A2  C1  
    U5055  n4938  A1  B1  
    U5059  n4934  B2  C2  
    U5059  n4935  A2  C1  
    U5059  n4936  A1  B1  
    U5078  n4965  B1  C2  
    U5098  n4996  B2  C2  
    U5098  n5002  A2  C1  
    U5098  n5027  A1  B1  
    U5124  n5025  B2  C2  
    U5124  n5026  A2  C1  
    U5124  n5027  A1  B1  
    U5205  n5065  B2  C2  
    U5205  n5066  A2  C1  
    U5205  n5067  A1  B1  
    U5217  n5072  A2  C1  
    U5217  n5073  A1  B1  
    U5217  n5356  B2  C2  
    U5238  n5085  A2  C1  
    U5238  n5086  A1  B1  
    U5238  n5156  B2  C2  
    U5283  n5121  A2  C1  
    U5283  n5122  A1  B1  
    U5283  n5155  B2  C2  
    U5304  n5134  B2  C2  
    U5304  n5135  A1  B1  
    U5304  n5265  A2  C1  
    U5327  n5150  A2  C1  
    U5327  n5151  A1  B1  
    U5327  n5201  B2  C2  
    U5343  n5164  A2  C1  
    U5343  n5165  A1  B1  
    U5343  n5228  B2  C2  
    U5361  n5183  B2  C2  
    U5361  n5184  A2  C1  
    U5361  n5333  A1  B1  
    U5389  n5206  A2  C1  
    U5389  n5207  A1  B1  
    U5389  n5334  B2  C2  
    U5391  n5209  A2  C1  
    U5391  n5210  A1  B1  
    U5391  n5353  B2  C2  
    U5430  n5242  B2  C2  
    U5430  n5243  A2  C1  
    U5430  n5380  A1  B1  
    U5457  n5257  B2  C2  
    U5457  n5258  A2  C1  
    U5457  n5259  A1  B1  
    U5508  n5309  A2  C1  
    U5508  n5310  A1  B1  
    U5508  n5615  B2  C2  
    U5535  n5331  A2  C1  
    U5535  n5332  A1  B1  
    U5535  n5614  B2  C2  
    U5536  n5333  A2  C1  
    U5536  n5334  A1  B1  
    U5536  n5629  B2  C2  
    U5537  n5335  A1  B1  
    U5537  n5636  B2  C2  
    U5537  n5638  A2  C1  
    U5557  n5350  B2  C2  
    U5557  n5351  A1  B1  
    U5557  n5617  A2  C1  
    U5562  n5357  B2  C2  
    U5562  n5358  A2  C1  
    U5562  n5585  A1  B1  
    U5567  n5362  B2  C2  
    U5567  n5363  A2  C1  
    U5567  n5646  A1  B1  
    U5579  n5378  A2  C1  
    U5579  n5379  A1  B1  
    U5579  n5755  B2  C2  
    U5580  n5380  A2  C1  
    U5580  n5647  B2  C2  
    U5580  n5648  A1  B1  
    U5604  n5408  B2  C2  
    U5604  n5409  A2  C1  
    U5604  n5410  A1  B1  
    U5675  n5466  A2  C1  
    U5675  n5467  A1  B1  
    U5675  n7589  B2  C2  
    U5694  n5476  A2  C1  
    U5694  n5477  A1  B1  
    U5694  n7570  B2  C2  
    U5709  n5484  B2  C2  
    U5709  n5485  A2  C1  
    U5709  n5486  A1  B1  
    U5756  n5518  A2  C1  
    U5756  n5519  A1  B1  
    U5756  n7621  B2  C2  
    U5773  n5532  B2  C2  
    U5773  n5533  A2  C1  
    U5773  n5534  A1  B1  
    U5804  n5561  B2  C2  
    U5804  n5562  A2  C1  
    U5804  n5563  A1  B1  
    U5807  n5566  B2  C2  
    U5807  n5567  A2  C1  
    U5807  n5568  A1  B1  
    U5832  n5592  A2  C1  
    U5832  n5593  A1  B1  
    U5832  n5688  B2  C2  
    U5856  n5612  A2  C1  
    U5856  n5613  A1  B1  
    U5856  n5689  B2  C2  
    U5857  n5614  B2  C2  
    U5857  n5615  A2  C1  
    U5857  n5669  A1  B1  
    U5858  n5616  A2  C1  
    U5858  n5721  A1  B1  
    U5858  n5722  B2  C2  
    U5877  n5633  B2  C2  
    U5877  n5634  A1  B1  
    U5877  n5735  A2  C1  
    U5887  n5646  B2  C2  
    U5887  n5749  A2  C1  
    U5887  n5750  A1  B1  
    U5901  n5661  B2  C2  
    U5901  n5662  A2  C1  
    U5901  n5850  A1  B1  
    U5920  n5685  B2  C2  
    U5920  n5686  A2  C1  
    U5920  n5790  A1  B1  
    U5922  n5688  A2  C1  
    U5922  n5689  A1  B1  
    U5922  n5801  B2  C2  
    U5956  n5719  A2  C1  
    U5956  n5720  A1  B1  
    U5956  n5808  B2  C2  
    U5963  n5728  A2  C1  
    U5963  n5729  A1  B1  
    U5963  n5817  B2  C2  
    U5994  n5761  B2  C2  
    U5994  n5762  A2  C1  
    U5994  n5832  A1  B1  
    U6015  n5788  A2  C1  
    U6015  n5789  A1  B1  
    U6015  n5833  B2  C2  
    U6016  n5790  B2  C2  
    U6016  n5791  A2  C1  
    U6016  n5854  A1  B1  
    U6023  n5799  B2  C2  
    U6023  n5800  A2  C1  
    U6023  n5849  A1  B1  
    U6028  n5805  B2  C2  
    U6028  n5806  A1  B1  
    U6028  n5872  A2  C1  
    U6030  n5808  B2  C2  
    U6030  n5886  A1  B1  
    U6030  n5888  A2  C1  
    U6048  n5832  B2  C2  
    U6048  n5833  A2  C1  
    U6048  n5834  A1  B1  
    U6103  n5909  B2  C2  
    U6103  n5910  A2  C1  
    U6103  n5911  A1  B1  
    U6116  n5925  A2  C1  
    U6116  n5926  A1  B1  
    U6116  n5973  B2  C2  
    U6123  n5936  B2  C2  
    U6123  n5937  A2  C1  
    U6123  n5938  A1  B1  
    U6125  n5939  B2  C2  
    U6125  n5940  A1  B1  
    U6125  n5953  A2  C1  
    U6350  n6162  B2  C2  
    U6350  n6163  A2  C1  
    U6350  n6164  A1  B1  
    U6359  n6169  A2  C1  
    U6359  n6170  A1  B1  
    U6359  n6295  B2  C2  
    U6396  n6203  A2  C1  
    U6396  n6204  A1  B1  
    U6396  n6729  B2  C2  
    U6407  n6211  A2  C1  
    U6407  n6221  B2  C2  
    U6407  n7377  A1  B1  
    U6429  n6228  A2  C1  
    U6429  n6229  A1  B1  
    U6429  n6230  B2  C2  
    U6457  n6246  A2  C1  
    U6457  n6247  A1  B1  
    U6457  n7378  B2  C2  
    U6507  n6304  B2  C2  
    U6507  n6305  A2  C1  
    U6507  n6306  A1  B1  
    U6682  n6481  B2  C2  
    U6682  n6482  A2  C1  
    U6682  n6483  A1  B1  
    U6695  n6494  B2  C2  
    U6695  n6495  A2  C1  
    U6695  n6496  A1  B1  
    U6723  n6517  A2  C1  
    U6723  n6518  A1  B1  
    U6723  n6696  B2  C2  
    U6809  n6575  B2  C2  
    U6809  n6576  A2  C1  
    U6809  n6779  A1  B1  
    U6819  n6587  B2  C2  
    U6819  n6588  A2  C1  
    U6819  n6589  A1  B1  
    U6837  n6609  A2  C1  
    U6837  n6610  A1  B1  
    U6837  n6813  B2  C2  
    U6866  n6637  A2  C1  
    U6866  n6638  A1  B1  
    U6866  n6652  B2  C2  
    U6870  n6641  B2  C2  
    U6870  n6642  A2  C1  
    U6870  n6643  A1  B1  
    U6880  n6650  A2  C1  
    U6880  n6651  A1  B1  
    U6880  n7538  B2  C2  
    U6881  n6652  A1  B1  
    U6881  n6656  A2  C1  
    U6881  n6816  B2  C2  
    U6885  n6656  B2  C2  
    U6885  n6657  A2  C1  
    U6885  n6658  A1  B1  
    U6889  n6662  B2  C2  
    U6889  n6663  A2  C1  
    U6889  n7536  A1  B1  
    U6896  n6666  B2  C2  
    U6896  n6667  A2  C1  
    U6896  n6668  A1  B1  
    U6899  n6671  B2  C2  
    U6899  n6672  A2  C1  
    U6899  n6673  A1  B1  
    U6905  n6681  B2  C2  
    U6905  n6683  A2  C1  
    U6905  n6701  A1  B1  
    U6909  n6685  B2  C2  
    U6909  n6686  A2  C1  
    U6909  n6687  A1  B1  
    U6923  n6701  B2  C2  
    U6923  n6702  A2  C1  
    U6923  n6703  A1  B1  
    U6930  n6708  B2  C2  
    U6930  n6709  A2  C1  
    U6930  n6710  A1  B1  
    U6960  n6749  B2  C2  
    U6989  intadd_1328_n1  A1  B1  
    U6989  n6790  B2  C2  
    U6989  n6809  A2  C1  
    U7038  intadd_1327_SUM_2_  A1  B1  
    U7038  n6862  B2  C2  
    U7038  n6864  A2  C1  
    U7058  n6877  B1  C1  
    U7075  n7353  B1  C1  
    U7085  n6913  B2  C2  
    U7085  n6914  A2  C1  
    U7085  n6994  A1  B1  
    U7113  n6938  B2  C2  
    U7113  n6939  A2  C1  
    U7113  n6940  A1  B1  
    U7169  n6982  B2  C2  
    U7169  n6983  A2  C1  
    U7169  n6984  A1  B1  
    U7176  n6991  A2  C1  
    U7176  n6992  A1  B1  
    U7176  n7012  B2  C2  
    U7180  n6995  A2  C1  
    U7180  n7082  A1  B1  
    U7180  n7085  B2  C2  
    U7186  n6998  B2  C2  
    U7186  n6999  A2  C1  
    U7186  n7008  A1  B1  
    U7213  n7043  B2  C2  
    U7213  n7044  A2  C1  
    U7213  n7057  A1  B1  
    U7270  n7533  B1  C1  
    U7345  n7189  B2  C2  
    U7345  n7190  A2  C1  
    U7345  n7191  A1  B1  
    U7352  n7197  A2  C1  
    U7352  n7198  A1  B1  
    U7352  n7394  B2  C2  
    U7360  n7206  A2  C1  
    U7360  n7207  A1  B1  
    U7360  n7237  B2  C2  
    U7407  n7247  B2  C2  
    U7407  n7248  A2  C1  
    U7407  n7250  A1  B1  
    U7526  n7376  B2  C2  
    U7526  n7377  A2  C1  
    U7526  n7378  A1  B1  
    U7649  n7537  B2  C2  
    U7649  n7538  A2  C1  
    U7649  n7539  A1  B1  
    U7653  n7543  B2  C2  
    U7653  n7544  A2  C1  
    U7653  n7568  A1  B1  
    U7660  n7555  B2  C2  
    U7660  n7556  A2  C1  
    U7660  n7557  A1  B1  
    U7669  n7569  B2  C2  
    U7669  n7570  A2  C1  
    U7669  n7571  A1  B1  
    U7679  n7582  B2  C2  
    U7679  n7583  A2  C1  
    U7679  n7611  A1  B1  
    U7681  n7585  B2  C2  
    U7681  n7586  A2  C1  
    U7681  n7587  A1  B1  
    U7689  n7601  A2  C1  
    U7689  n7602  A1  B1  
    U7689  n7620  B2  C2  
    U7700  n7610  B2  C2  
    U7700  n7611  A2  C1  
    U7700  n7612  A1  B1  
    U7705  n7620  B2  C2  
    U7705  n7621  A2  C1  
    U7705  n7622  A1  B1  
    U7722  n7641  B2  C2  
    U7722  n7642  A2  C1  
    U7722  n7676  A1  B1  
    U7725  n7647  B2  C2  
    U7725  n7648  A2  C1  
    U7725  n7649  A1  B1  
    U7739  n7672  B2  C2  
    U7739  n7673  A2  C1  
    U7739  n7674  A1  B1  
    U7742  n7677  B2  C2  
    U7742  n7678  A2  C1  
    U7742  n7679  A1  B1  
    
    Instances with input pins tied together  426  
    TieHi/Lo term nets not connected to instance's PG terms  0  
    Floating Instance terminals  0  
    Floating IO terms  0  
    Tie Hi/Lo output terms floating  0  
    Output term shorted to Power Ground net  0  
    Pin without shape  0  

==============================
Primitive Net DRC Check
==============================
Nets with tri-state driver: 0  
Nets with parallel drivers: 0  
Nets with multiple drivers: 0  
Nets with no driver (No FanIn): 0  
    ------------------------------
    No FanOut Net
    ------------------------------
    A_i[21]  
    A_i[23]  
    Output Floating nets (No FanOut)  2  
    ------------------------------
    High FanOut Net
    ------------------------------
    n3801  
    n3800  
    CLK  
    High Fanout nets (>50)  3  

==============================
Sub Module Port Definition Check
==============================
Tie Hi/Lo instances connected to output: 0  
Verilog nets with multiple drivers: 0  

==============================
Dont Use Cells Used in Design
==============================
Dont use cells in design: 0  
