###############################################################
#  Generated by:      Cadence Innovus 23.35-s106_1
#  OS:                Linux x86_64(Host ID microsys.openstack.polito)
#  Generated on:      Sat Oct 10 22:33:33 2026
#  Design:            boothmul_registered
#  Command:           report_timing -max_paths 10 > reports/10_setup_paths.rpt
###############################################################
Path 1: MET Setup Check with Pin p_reg_Y_temp_reg_62_/CK 
Endpoint:   p_reg_Y_temp_reg_62_/D (v) checked with  leading edge of 'CLK'
Beginpoint: B_reg_Y_temp_reg_3_/Q  (^) triggered by  leading edge of 'CLK'
Path Groups: {CLK}
Analysis View: default
Other End Arrival Time          0.067
- Setup                         0.026
+ Phase Shift                   3.498
+ CPPR Adjustment               0.000
- Uncertainty                   0.050
= Required Time                 3.490
- Arrival Time                  3.074
= Slack Time                    0.416
     Clock Rise Edge                 0.000
     + Clock Network Latency (Prop)  0.051
     = Beginpoint Arrival Time       0.051
     +------------------------------------------------------------------------------+ 
     |       Instance       |     Arc      |   Cell    | Delay | Arrival | Required | 
     |                      |              |           |       |  Time   |   Time   | 
     |----------------------+--------------+-----------+-------+---------+----------| 
     | B_reg_Y_temp_reg_3_  | CK ^         |           |       |   0.051 |    0.466 | 
     | B_reg_Y_temp_reg_3_  | CK ^ -> Q ^  | DFF_X1    | 0.141 |   0.192 |    0.607 | 
     | U4127                | A2 ^ -> ZN v | NAND2_X1  | 0.035 |   0.227 |    0.642 | 
     | U4128                | A v -> ZN ^  | INV_X1    | 0.022 |   0.249 |    0.664 | 
     | U4069                | A1 ^ -> ZN v | NOR2_X1   | 0.019 |   0.267 |    0.683 | 
     | FE_OFC6_n4297        | A v -> Z v   | CLKBUF_X1 | 0.144 |   0.412 |    0.827 | 
     | FE_DBTC1_n4297       | A v -> ZN ^  | INV_X2    | 0.127 |   0.539 |    0.954 | 
     | U4148                | B2 ^ -> ZN v | AOI22_X1  | 0.051 |   0.590 |    1.005 | 
     | U4149                | A v -> Z v   | XOR2_X1   | 0.063 |   0.653 |    1.068 | 
     | FE_OFC42_n4401       | A v -> Z v   | CLKBUF_X3 | 0.136 |   0.789 |    1.204 | 
     | U4555                | A v -> ZN ^  | INV_X1    | 0.196 |   0.984 |    1.400 | 
     | U4562                | A ^ -> ZN ^  | XNOR2_X1  | 0.077 |   1.062 |    1.477 | 
     | U4565                | A2 ^ -> ZN v | AOI22_X1  | 0.022 |   1.084 |    1.500 | 
     | U4566                | A v -> ZN ^  | OAI21_X1  | 0.026 |   1.110 |    1.526 | 
     | U4567                | A2 ^ -> ZN v | NAND2_X1  | 0.029 |   1.139 |    1.554 | 
     | U4570                | A1 v -> ZN ^ | NAND2_X1  | 0.018 |   1.157 |    1.572 | 
     | U4571                | A3 ^ -> ZN v | NAND3_X1  | 0.034 |   1.191 |    1.606 | 
     | U4584                | B1 v -> ZN ^ | AOI222_X1 | 0.131 |   1.322 |    1.737 | 
     | U4589                | A ^ -> Z ^   | XOR2_X1   | 0.061 |   1.383 |    1.798 | 
     | U4590                | A ^ -> ZN ^  | XNOR2_X1  | 0.047 |   1.429 |    1.845 | 
     | U4591                | B ^ -> ZN ^  | XNOR2_X1  | 0.050 |   1.479 |    1.894 | 
     | U4592                | A ^ -> ZN ^  | XNOR2_X1  | 0.055 |   1.534 |    1.949 | 
     | U4052                | B ^ -> ZN ^  | XNOR2_X1  | 0.054 |   1.588 |    2.004 | 
     | U4022                | B2 ^ -> ZN v | OAI21_X1  | 0.036 |   1.625 |    2.040 | 
     | U4817                | A v -> Z v   | XOR2_X1   | 0.061 |   1.686 |    2.101 | 
     | U4820                | A v -> ZN v  | XNOR2_X1  | 0.047 |   1.733 |    2.148 | 
     | U4822                | B1 v -> ZN ^ | OAI22_X1  | 0.040 |   1.773 |    2.188 | 
     | U4823                | A ^ -> ZN v  | AOI21_X1  | 0.018 |   1.791 |    2.206 | 
     | U4824                | A v -> ZN ^  | AOI21_X1  | 0.058 |   1.849 |    2.264 | 
     | U4082                | A2 ^ -> ZN ^ | OR2_X1    | 0.037 |   1.886 |    2.302 | 
     | U5159                | A1 ^ -> ZN v | NAND2_X1  | 0.021 |   1.907 |    2.323 | 
     | U5161                | A1 v -> ZN ^ | NOR2_X1   | 0.034 |   1.941 |    2.357 | 
     | U5162                | A ^ -> ZN v  | AOI21_X1  | 0.019 |   1.960 |    2.376 | 
     | U7570                | CI v -> CO v | FA_X1     | 0.080 |   2.040 |    2.456 | 
     | U5163                | B v -> ZN ^  | OAI211_X1 | 0.028 |   2.069 |    2.484 | 
     | U4028                | A1 ^ -> ZN ^ | AND2_X1   | 0.045 |   2.114 |    2.529 | 
     | U6157                | A1 ^ -> ZN v | NAND3_X1  | 0.020 |   2.134 |    2.549 | 
     | U6160                | C2 v -> ZN ^ | AOI211_X1 | 0.045 |   2.179 |    2.595 | 
     | U6161                | A2 ^ -> ZN v | NOR2_X1   | 0.022 |   2.201 |    2.617 | 
     | U4079                | B1 v -> ZN ^ | AOI21_X1  | 0.030 |   2.231 |    2.646 | 
     | U6182                | B2 ^ -> ZN v | OAI21_X1  | 0.020 |   2.251 |    2.667 | 
     | U6184                | A1 v -> ZN ^ | NAND2_X1  | 0.024 |   2.275 |    2.691 | 
     | U6205                | A1 ^ -> ZN v | NAND2_X1  | 0.022 |   2.297 |    2.713 | 
     | U6207                | B2 v -> ZN ^ | OAI21_X1  | 0.074 |   2.371 |    2.787 | 
     | U7056                | C2 ^ -> ZN v | OAI211_X1 | 0.035 |   2.406 |    2.821 | 
     | U7059                | A v -> ZN ^  | OAI211_X1 | 0.028 |   2.433 |    2.849 | 
     | U7061                | A1 ^ -> ZN v | NAND2_X1  | 0.020 |   2.453 |    2.869 | 
     | U7066                | B2 v -> ZN ^ | OAI21_X1  | 0.103 |   2.556 |    2.971 | 
     | U7075                | B2 ^ -> ZN v | OAI221_X1 | 0.044 |   2.600 |    3.015 | 
     | U7080                | C2 v -> ZN ^ | OAI211_X1 | 0.051 |   2.651 |    3.067 | 
     | U4088                | A2 ^ -> ZN ^ | OR2_X1    | 0.038 |   2.689 |    3.105 | 
     | U7081                | A ^ -> ZN v  | INV_X1    | 0.008 |   2.698 |    3.113 | 
     | U7263                | A1 v -> ZN ^ | NAND4_X1  | 0.013 |   2.711 |    3.127 | 
     | U4087                | A1 ^ -> ZN ^ | AND3_X1   | 0.073 |   2.784 |    3.199 | 
     | U7576                | A1 ^ -> ZN v | NAND2_X1  | 0.019 |   2.803 |    3.218 | 
     | U7578                | A1 v -> ZN ^ | NAND2_X1  | 0.017 |   2.819 |    3.235 | 
     | U7596                | A1 ^ -> ZN v | NAND2_X1  | 0.012 |   2.831 |    3.247 | 
     | U4084                | A1 v -> ZN v | AND2_X1   | 0.032 |   2.864 |    3.279 | 
     | U7818                | A1 v -> ZN ^ | NOR2_X1   | 0.023 |   2.887 |    3.302 | 
     | U7819                | C2 ^ -> ZN v | OAI211_X1 | 0.023 |   2.910 |    3.326 | 
     | U7821                | B2 v -> ZN ^ | AOI21_X1  | 0.048 |   2.959 |    3.374 | 
     | U3649                | A1 ^ -> ZN v | NOR2_X1   | 0.025 |   2.983 |    3.399 | 
     | U3653                | B1 v -> ZN ^ | AOI222_X1 | 0.083 |   3.067 |    3.482 | 
     | U3654                | A ^ -> ZN v  | INV_X1    | 0.008 |   3.074 |    3.490 | 
     | p_reg_Y_temp_reg_62_ | D v          | DFF_X1    | 0.000 |   3.074 |    3.490 | 
     +------------------------------------------------------------------------------+ 
Path 2: MET Setup Check with Pin p_reg_Y_temp_reg_63_/CK 
Endpoint:   p_reg_Y_temp_reg_63_/D (v) checked with  leading edge of 'CLK'
Beginpoint: B_reg_Y_temp_reg_3_/Q  (^) triggered by  leading edge of 'CLK'
Path Groups: {CLK}
Analysis View: default
Other End Arrival Time          0.067
- Setup                         0.026
+ Phase Shift                   3.498
+ CPPR Adjustment               0.000
- Uncertainty                   0.050
= Required Time                 3.489
- Arrival Time                  3.073
= Slack Time                    0.416
     Clock Rise Edge                 0.000
     + Clock Network Latency (Prop)  0.051
     = Beginpoint Arrival Time       0.051
     +------------------------------------------------------------------------------+ 
     |       Instance       |     Arc      |   Cell    | Delay | Arrival | Required | 
     |                      |              |           |       |  Time   |   Time   | 
     |----------------------+--------------+-----------+-------+---------+----------| 
     | B_reg_Y_temp_reg_3_  | CK ^         |           |       |   0.051 |    0.466 | 
     | B_reg_Y_temp_reg_3_  | CK ^ -> Q ^  | DFF_X1    | 0.141 |   0.192 |    0.607 | 
     | U4127                | A2 ^ -> ZN v | NAND2_X1  | 0.035 |   0.227 |    0.642 | 
     | U4128                | A v -> ZN ^  | INV_X1    | 0.022 |   0.249 |    0.664 | 
     | U4069                | A1 ^ -> ZN v | NOR2_X1   | 0.019 |   0.267 |    0.683 | 
     | FE_OFC6_n4297        | A v -> Z v   | CLKBUF_X1 | 0.144 |   0.412 |    0.827 | 
     | FE_DBTC1_n4297       | A v -> ZN ^  | INV_X2    | 0.127 |   0.539 |    0.954 | 
     | U4148                | B2 ^ -> ZN v | AOI22_X1  | 0.051 |   0.590 |    1.005 | 
     | U4149                | A v -> Z v   | XOR2_X1   | 0.063 |   0.653 |    1.069 | 
     | FE_OFC42_n4401       | A v -> Z v   | CLKBUF_X3 | 0.136 |   0.789 |    1.204 | 
     | U4555                | A v -> ZN ^  | INV_X1    | 0.196 |   0.984 |    1.400 | 
     | U4562                | A ^ -> ZN ^  | XNOR2_X1  | 0.077 |   1.062 |    1.477 | 
     | U4565                | A2 ^ -> ZN v | AOI22_X1  | 0.022 |   1.084 |    1.500 | 
     | U4566                | A v -> ZN ^  | OAI21_X1  | 0.026 |   1.110 |    1.526 | 
     | U4567                | A2 ^ -> ZN v | NAND2_X1  | 0.029 |   1.139 |    1.555 | 
     | U4570                | A1 v -> ZN ^ | NAND2_X1  | 0.018 |   1.157 |    1.573 | 
     | U4571                | A3 ^ -> ZN v | NAND3_X1  | 0.034 |   1.191 |    1.607 | 
     | U4584                | B1 v -> ZN ^ | AOI222_X1 | 0.131 |   1.322 |    1.738 | 
     | U4589                | A ^ -> Z ^   | XOR2_X1   | 0.061 |   1.383 |    1.798 | 
     | U4590                | A ^ -> ZN ^  | XNOR2_X1  | 0.047 |   1.429 |    1.845 | 
     | U4591                | B ^ -> ZN ^  | XNOR2_X1  | 0.050 |   1.479 |    1.895 | 
     | U4592                | A ^ -> ZN ^  | XNOR2_X1  | 0.055 |   1.534 |    1.949 | 
     | U4052                | B ^ -> ZN ^  | XNOR2_X1  | 0.054 |   1.588 |    2.004 | 
     | U4022                | B2 ^ -> ZN v | OAI21_X1  | 0.036 |   1.625 |    2.040 | 
     | U4817                | A v -> Z v   | XOR2_X1   | 0.061 |   1.686 |    2.101 | 
     | U4820                | A v -> ZN v  | XNOR2_X1  | 0.047 |   1.733 |    2.148 | 
     | U4822                | B1 v -> ZN ^ | OAI22_X1  | 0.040 |   1.773 |    2.189 | 
     | U4823                | A ^ -> ZN v  | AOI21_X1  | 0.018 |   1.791 |    2.206 | 
     | U4824                | A v -> ZN ^  | AOI21_X1  | 0.058 |   1.849 |    2.265 | 
     | U4082                | A2 ^ -> ZN ^ | OR2_X1    | 0.037 |   1.886 |    2.302 | 
     | U5159                | A1 ^ -> ZN v | NAND2_X1  | 0.021 |   1.907 |    2.323 | 
     | U5161                | A1 v -> ZN ^ | NOR2_X1   | 0.034 |   1.941 |    2.357 | 
     | U5162                | A ^ -> ZN v  | AOI21_X1  | 0.019 |   1.960 |    2.376 | 
     | U7570                | CI v -> CO v | FA_X1     | 0.080 |   2.040 |    2.456 | 
     | U5163                | B v -> ZN ^  | OAI211_X1 | 0.028 |   2.069 |    2.485 | 
     | U4028                | A1 ^ -> ZN ^ | AND2_X1   | 0.045 |   2.114 |    2.529 | 
     | U6157                | A1 ^ -> ZN v | NAND3_X1  | 0.020 |   2.134 |    2.550 | 
     | U6160                | C2 v -> ZN ^ | AOI211_X1 | 0.045 |   2.179 |    2.595 | 
     | U6161                | A2 ^ -> ZN v | NOR2_X1   | 0.022 |   2.201 |    2.617 | 
     | U4079                | B1 v -> ZN ^ | AOI21_X1  | 0.030 |   2.231 |    2.647 | 
     | U6182                | B2 ^ -> ZN v | OAI21_X1  | 0.020 |   2.251 |    2.667 | 
     | U6184                | A1 v -> ZN ^ | NAND2_X1  | 0.024 |   2.275 |    2.691 | 
     | U6205                | A1 ^ -> ZN v | NAND2_X1  | 0.022 |   2.297 |    2.713 | 
     | U6207                | B2 v -> ZN ^ | OAI21_X1  | 0.074 |   2.371 |    2.787 | 
     | U7056                | C2 ^ -> ZN v | OAI211_X1 | 0.035 |   2.406 |    2.821 | 
     | U7059                | A v -> ZN ^  | OAI211_X1 | 0.028 |   2.433 |    2.849 | 
     | U7061                | A1 ^ -> ZN v | NAND2_X1  | 0.020 |   2.453 |    2.869 | 
     | U7066                | B2 v -> ZN ^ | OAI21_X1  | 0.103 |   2.556 |    2.972 | 
     | U7075                | B2 ^ -> ZN v | OAI221_X1 | 0.044 |   2.600 |    3.016 | 
     | U7080                | C2 v -> ZN ^ | OAI211_X1 | 0.051 |   2.651 |    3.067 | 
     | U4088                | A2 ^ -> ZN ^ | OR2_X1    | 0.038 |   2.689 |    3.105 | 
     | U7081                | A ^ -> ZN v  | INV_X1    | 0.008 |   2.698 |    3.113 | 
     | U7263                | A1 v -> ZN ^ | NAND4_X1  | 0.013 |   2.711 |    3.127 | 
     | U4087                | A1 ^ -> ZN ^ | AND3_X1   | 0.073 |   2.784 |    3.200 | 
     | U7576                | A1 ^ -> ZN v | NAND2_X1  | 0.019 |   2.803 |    3.218 | 
     | U7578                | A1 v -> ZN ^ | NAND2_X1  | 0.017 |   2.819 |    3.235 | 
     | U7596                | A1 ^ -> ZN v | NAND2_X1  | 0.012 |   2.831 |    3.247 | 
     | U4084                | A1 v -> ZN v | AND2_X1   | 0.032 |   2.864 |    3.279 | 
     | U7818                | A1 v -> ZN ^ | NOR2_X1   | 0.023 |   2.887 |    3.303 | 
     | U7819                | C2 ^ -> ZN v | OAI211_X1 | 0.023 |   2.910 |    3.326 | 
     | U7821                | B2 v -> ZN ^ | AOI21_X1  | 0.048 |   2.959 |    3.374 | 
     | U3649                | A1 ^ -> ZN v | NOR2_X1   | 0.025 |   2.983 |    3.399 | 
     | U3651                | B1 v -> ZN ^ | AOI222_X1 | 0.082 |   3.066 |    3.481 | 
     | U3652                | A ^ -> ZN v  | INV_X1    | 0.008 |   3.073 |    3.489 | 
     | p_reg_Y_temp_reg_63_ | D v          | DFF_X1    | 0.000 |   3.073 |    3.489 | 
     +------------------------------------------------------------------------------+ 
Path 3: MET Setup Check with Pin p_reg_Y_temp_reg_61_/CK 
Endpoint:   p_reg_Y_temp_reg_61_/D (v) checked with  leading edge of 'CLK'
Beginpoint: B_reg_Y_temp_reg_3_/Q  (^) triggered by  leading edge of 'CLK'
Path Groups: {CLK}
Analysis View: default
Other End Arrival Time          0.068
- Setup                         0.026
+ Phase Shift                   3.498
+ CPPR Adjustment               0.000
- Uncertainty                   0.050
= Required Time                 3.490
- Arrival Time                  3.074
= Slack Time                    0.416
     Clock Rise Edge                 0.000
     + Clock Network Latency (Prop)  0.051
     = Beginpoint Arrival Time       0.051
     +------------------------------------------------------------------------------+ 
     |       Instance       |     Arc      |   Cell    | Delay | Arrival | Required | 
     |                      |              |           |       |  Time   |   Time   | 
     |----------------------+--------------+-----------+-------+---------+----------| 
     | B_reg_Y_temp_reg_3_  | CK ^         |           |       |   0.051 |    0.467 | 
     | B_reg_Y_temp_reg_3_  | CK ^ -> Q ^  | DFF_X1    | 0.141 |   0.192 |    0.608 | 
     | U4127                | A2 ^ -> ZN v | NAND2_X1  | 0.035 |   0.227 |    0.643 | 
     | U4128                | A v -> ZN ^  | INV_X1    | 0.022 |   0.249 |    0.665 | 
     | U4069                | A1 ^ -> ZN v | NOR2_X1   | 0.019 |   0.267 |    0.683 | 
     | FE_OFC6_n4297        | A v -> Z v   | CLKBUF_X1 | 0.144 |   0.412 |    0.828 | 
     | FE_DBTC1_n4297       | A v -> ZN ^  | INV_X2    | 0.127 |   0.539 |    0.955 | 
     | U4148                | B2 ^ -> ZN v | AOI22_X1  | 0.051 |   0.590 |    1.006 | 
     | U4149                | A v -> Z v   | XOR2_X1   | 0.063 |   0.653 |    1.069 | 
     | FE_OFC42_n4401       | A v -> Z v   | CLKBUF_X3 | 0.136 |   0.789 |    1.205 | 
     | U4555                | A v -> ZN ^  | INV_X1    | 0.196 |   0.984 |    1.400 | 
     | U4562                | A ^ -> ZN ^  | XNOR2_X1  | 0.077 |   1.062 |    1.478 | 
     | U4565                | A2 ^ -> ZN v | AOI22_X1  | 0.022 |   1.084 |    1.500 | 
     | U4566                | A v -> ZN ^  | OAI21_X1  | 0.026 |   1.110 |    1.526 | 
     | U4567                | A2 ^ -> ZN v | NAND2_X1  | 0.029 |   1.139 |    1.555 | 
     | U4570                | A1 v -> ZN ^ | NAND2_X1  | 0.018 |   1.157 |    1.573 | 
     | U4571                | A3 ^ -> ZN v | NAND3_X1  | 0.034 |   1.191 |    1.607 | 
     | U4584                | B1 v -> ZN ^ | AOI222_X1 | 0.131 |   1.322 |    1.738 | 
     | U4589                | A ^ -> Z ^   | XOR2_X1   | 0.061 |   1.383 |    1.799 | 
     | U4590                | A ^ -> ZN ^  | XNOR2_X1  | 0.047 |   1.429 |    1.845 | 
     | U4591                | B ^ -> ZN ^  | XNOR2_X1  | 0.050 |   1.479 |    1.895 | 
     | U4592                | A ^ -> ZN ^  | XNOR2_X1  | 0.055 |   1.534 |    1.950 | 
     | U4052                | B ^ -> ZN ^  | XNOR2_X1  | 0.054 |   1.588 |    2.004 | 
     | U4022                | B2 ^ -> ZN v | OAI21_X1  | 0.036 |   1.625 |    2.041 | 
     | U4817                | A v -> Z v   | XOR2_X1   | 0.061 |   1.686 |    2.102 | 
     | U4820                | A v -> ZN v  | XNOR2_X1  | 0.047 |   1.733 |    2.149 | 
     | U4822                | B1 v -> ZN ^ | OAI22_X1  | 0.040 |   1.773 |    2.189 | 
     | U4823                | A ^ -> ZN v  | AOI21_X1  | 0.018 |   1.791 |    2.207 | 
     | U4824                | A v -> ZN ^  | AOI21_X1  | 0.058 |   1.849 |    2.265 | 
     | U4082                | A2 ^ -> ZN ^ | OR2_X1    | 0.037 |   1.886 |    2.302 | 
     | U5159                | A1 ^ -> ZN v | NAND2_X1  | 0.021 |   1.907 |    2.324 | 
     | U5161                | A1 v -> ZN ^ | NOR2_X1   | 0.034 |   1.941 |    2.357 | 
     | U5162                | A ^ -> ZN v  | AOI21_X1  | 0.019 |   1.960 |    2.376 | 
     | U7570                | CI v -> CO v | FA_X1     | 0.080 |   2.040 |    2.457 | 
     | U5163                | B v -> ZN ^  | OAI211_X1 | 0.028 |   2.069 |    2.485 | 
     | U4028                | A1 ^ -> ZN ^ | AND2_X1   | 0.045 |   2.114 |    2.530 | 
     | U6157                | A1 ^ -> ZN v | NAND3_X1  | 0.020 |   2.134 |    2.550 | 
     | U6160                | C2 v -> ZN ^ | AOI211_X1 | 0.045 |   2.179 |    2.595 | 
     | U6161                | A2 ^ -> ZN v | NOR2_X1   | 0.022 |   2.201 |    2.617 | 
     | U4079                | B1 v -> ZN ^ | AOI21_X1  | 0.030 |   2.231 |    2.647 | 
     | U6182                | B2 ^ -> ZN v | OAI21_X1  | 0.020 |   2.251 |    2.667 | 
     | U6184                | A1 v -> ZN ^ | NAND2_X1  | 0.024 |   2.275 |    2.691 | 
     | U6205                | A1 ^ -> ZN v | NAND2_X1  | 0.022 |   2.297 |    2.713 | 
     | U6207                | B2 v -> ZN ^ | OAI21_X1  | 0.074 |   2.371 |    2.787 | 
     | U7056                | C2 ^ -> ZN v | OAI211_X1 | 0.035 |   2.406 |    2.822 | 
     | U7059                | A v -> ZN ^  | OAI211_X1 | 0.028 |   2.433 |    2.850 | 
     | U7061                | A1 ^ -> ZN v | NAND2_X1  | 0.020 |   2.453 |    2.869 | 
     | U7066                | B2 v -> ZN ^ | OAI21_X1  | 0.103 |   2.556 |    2.972 | 
     | U7075                | B2 ^ -> ZN v | OAI221_X1 | 0.044 |   2.600 |    3.016 | 
     | U7080                | C2 v -> ZN ^ | OAI211_X1 | 0.051 |   2.651 |    3.067 | 
     | U4088                | A2 ^ -> ZN ^ | OR2_X1    | 0.038 |   2.689 |    3.105 | 
     | U7081                | A ^ -> ZN v  | INV_X1    | 0.008 |   2.698 |    3.114 | 
     | U7263                | A1 v -> ZN ^ | NAND4_X1  | 0.013 |   2.711 |    3.127 | 
     | U4087                | A1 ^ -> ZN ^ | AND3_X1   | 0.073 |   2.784 |    3.200 | 
     | U7576                | A1 ^ -> ZN v | NAND2_X1  | 0.019 |   2.803 |    3.219 | 
     | U7578                | A1 v -> ZN ^ | NAND2_X1  | 0.017 |   2.819 |    3.235 | 
     | U7596                | A1 ^ -> ZN v | NAND2_X1  | 0.012 |   2.831 |    3.248 | 
     | U4084                | A1 v -> ZN v | AND2_X1   | 0.032 |   2.864 |    3.280 | 
     | U7818                | A1 v -> ZN ^ | NOR2_X1   | 0.023 |   2.887 |    3.303 | 
     | U7819                | C2 ^ -> ZN v | OAI211_X1 | 0.023 |   2.910 |    3.327 | 
     | U7821                | B2 v -> ZN ^ | AOI21_X1  | 0.048 |   2.959 |    3.375 | 
     | U3649                | A1 ^ -> ZN v | NOR2_X1   | 0.025 |   2.983 |    3.399 | 
     | U3655                | B1 v -> ZN ^ | AOI222_X1 | 0.083 |   3.066 |    3.482 | 
     | U3656                | A ^ -> ZN v  | INV_X1    | 0.008 |   3.074 |    3.490 | 
     | p_reg_Y_temp_reg_61_ | D v          | DFF_X1    | 0.000 |   3.074 |    3.490 | 
     +------------------------------------------------------------------------------+ 
Path 4: MET Setup Check with Pin p_reg_Y_temp_reg_60_/CK 
Endpoint:   p_reg_Y_temp_reg_60_/D (^) checked with  leading edge of 'CLK'
Beginpoint: B_reg_Y_temp_reg_3_/Q  (^) triggered by  leading edge of 'CLK'
Path Groups: {CLK}
Analysis View: default
Other End Arrival Time          0.068
- Setup                         0.027
+ Phase Shift                   3.498
+ CPPR Adjustment               0.000
- Uncertainty                   0.050
= Required Time                 3.490
- Arrival Time                  3.059
= Slack Time                    0.430
     Clock Rise Edge                 0.000
     + Clock Network Latency (Prop)  0.051
     = Beginpoint Arrival Time       0.051
     +------------------------------------------------------------------------------+ 
     |       Instance       |     Arc      |   Cell    | Delay | Arrival | Required | 
     |                      |              |           |       |  Time   |   Time   | 
     |----------------------+--------------+-----------+-------+---------+----------| 
     | B_reg_Y_temp_reg_3_  | CK ^         |           |       |   0.051 |    0.481 | 
     | B_reg_Y_temp_reg_3_  | CK ^ -> Q ^  | DFF_X1    | 0.141 |   0.192 |    0.622 | 
     | U4127                | A2 ^ -> ZN v | NAND2_X1  | 0.035 |   0.227 |    0.657 | 
     | U4128                | A v -> ZN ^  | INV_X1    | 0.022 |   0.249 |    0.679 | 
     | U4069                | A1 ^ -> ZN v | NOR2_X1   | 0.019 |   0.267 |    0.698 | 
     | FE_OFC6_n4297        | A v -> Z v   | CLKBUF_X1 | 0.144 |   0.412 |    0.842 | 
     | FE_DBTC1_n4297       | A v -> ZN ^  | INV_X2    | 0.127 |   0.539 |    0.969 | 
     | U4148                | B2 ^ -> ZN v | AOI22_X1  | 0.051 |   0.590 |    1.020 | 
     | U4149                | A v -> Z v   | XOR2_X1   | 0.063 |   0.653 |    1.083 | 
     | FE_OFC42_n4401       | A v -> Z v   | CLKBUF_X3 | 0.136 |   0.789 |    1.219 | 
     | U4555                | A v -> ZN ^  | INV_X1    | 0.196 |   0.984 |    1.415 | 
     | U4562                | A ^ -> ZN ^  | XNOR2_X1  | 0.077 |   1.062 |    1.492 | 
     | U4565                | A2 ^ -> ZN v | AOI22_X1  | 0.022 |   1.084 |    1.514 | 
     | U4566                | A v -> ZN ^  | OAI21_X1  | 0.026 |   1.110 |    1.540 | 
     | U4567                | A2 ^ -> ZN v | NAND2_X1  | 0.029 |   1.139 |    1.569 | 
     | U4570                | A1 v -> ZN ^ | NAND2_X1  | 0.018 |   1.157 |    1.587 | 
     | U4571                | A3 ^ -> ZN v | NAND3_X1  | 0.034 |   1.191 |    1.621 | 
     | U4584                | B1 v -> ZN ^ | AOI222_X1 | 0.131 |   1.322 |    1.752 | 
     | U4589                | A ^ -> Z ^   | XOR2_X1   | 0.061 |   1.383 |    1.813 | 
     | U4590                | A ^ -> ZN ^  | XNOR2_X1  | 0.047 |   1.429 |    1.859 | 
     | U4591                | B ^ -> ZN ^  | XNOR2_X1  | 0.050 |   1.479 |    1.909 | 
     | U4592                | A ^ -> ZN ^  | XNOR2_X1  | 0.055 |   1.534 |    1.964 | 
     | U4052                | B ^ -> ZN ^  | XNOR2_X1  | 0.054 |   1.588 |    2.018 | 
     | U4022                | B2 ^ -> ZN v | OAI21_X1  | 0.036 |   1.625 |    2.055 | 
     | U4817                | A v -> Z v   | XOR2_X1   | 0.061 |   1.686 |    2.116 | 
     | U4820                | A v -> ZN v  | XNOR2_X1  | 0.047 |   1.733 |    2.163 | 
     | U4822                | B1 v -> ZN ^ | OAI22_X1  | 0.040 |   1.773 |    2.203 | 
     | U4823                | A ^ -> ZN v  | AOI21_X1  | 0.018 |   1.791 |    2.221 | 
     | U4824                | A v -> ZN ^  | AOI21_X1  | 0.058 |   1.849 |    2.279 | 
     | U4082                | A2 ^ -> ZN ^ | OR2_X1    | 0.037 |   1.886 |    2.316 | 
     | U5159                | A1 ^ -> ZN v | NAND2_X1  | 0.021 |   1.907 |    2.338 | 
     | U5161                | A1 v -> ZN ^ | NOR2_X1   | 0.034 |   1.941 |    2.372 | 
     | U5162                | A ^ -> ZN v  | AOI21_X1  | 0.019 |   1.960 |    2.390 | 
     | U7570                | CI v -> CO v | FA_X1     | 0.080 |   2.040 |    2.471 | 
     | U5163                | B v -> ZN ^  | OAI211_X1 | 0.028 |   2.069 |    2.499 | 
     | U4028                | A1 ^ -> ZN ^ | AND2_X1   | 0.045 |   2.114 |    2.544 | 
     | U6157                | A1 ^ -> ZN v | NAND3_X1  | 0.020 |   2.134 |    2.564 | 
     | U6160                | C2 v -> ZN ^ | AOI211_X1 | 0.045 |   2.179 |    2.610 | 
     | U6161                | A2 ^ -> ZN v | NOR2_X1   | 0.022 |   2.201 |    2.631 | 
     | U4079                | B1 v -> ZN ^ | AOI21_X1  | 0.030 |   2.231 |    2.661 | 
     | U6182                | B2 ^ -> ZN v | OAI21_X1  | 0.020 |   2.251 |    2.682 | 
     | U6184                | A1 v -> ZN ^ | NAND2_X1  | 0.024 |   2.275 |    2.706 | 
     | U6205                | A1 ^ -> ZN v | NAND2_X1  | 0.022 |   2.297 |    2.728 | 
     | U6207                | B2 v -> ZN ^ | OAI21_X1  | 0.074 |   2.371 |    2.802 | 
     | U7056                | C2 ^ -> ZN v | OAI211_X1 | 0.035 |   2.406 |    2.836 | 
     | U7059                | A v -> ZN ^  | OAI211_X1 | 0.028 |   2.433 |    2.864 | 
     | U7061                | A1 ^ -> ZN v | NAND2_X1  | 0.020 |   2.453 |    2.884 | 
     | U7066                | B2 v -> ZN ^ | OAI21_X1  | 0.103 |   2.556 |    2.986 | 
     | U7075                | B2 ^ -> ZN v | OAI221_X1 | 0.044 |   2.600 |    3.030 | 
     | U7080                | C2 v -> ZN ^ | OAI211_X1 | 0.051 |   2.651 |    3.082 | 
     | U4088                | A2 ^ -> ZN ^ | OR2_X1    | 0.038 |   2.689 |    3.120 | 
     | U7081                | A ^ -> ZN v  | INV_X1    | 0.008 |   2.698 |    3.128 | 
     | U7263                | A1 v -> ZN ^ | NAND4_X1  | 0.013 |   2.711 |    3.141 | 
     | U4087                | A1 ^ -> ZN ^ | AND3_X1   | 0.073 |   2.784 |    3.214 | 
     | U7576                | A1 ^ -> ZN v | NAND2_X1  | 0.019 |   2.803 |    3.233 | 
     | U7578                | A1 v -> ZN ^ | NAND2_X1  | 0.017 |   2.819 |    3.250 | 
     | U7596                | A1 ^ -> ZN v | NAND2_X1  | 0.012 |   2.831 |    3.262 | 
     | U4084                | A1 v -> ZN v | AND2_X1   | 0.032 |   2.864 |    3.294 | 
     | U7818                | A1 v -> ZN ^ | NOR2_X1   | 0.023 |   2.887 |    3.317 | 
     | U7819                | C2 ^ -> ZN v | OAI211_X1 | 0.023 |   2.910 |    3.341 | 
     | U7821                | B2 v -> ZN ^ | AOI21_X1  | 0.048 |   2.959 |    3.389 | 
     | U3647                | A2 ^ -> ZN v | NAND2_X1  | 0.024 |   2.983 |    3.413 | 
     | U4033                | A2 v -> ZN v | OR2_X1    | 0.058 |   3.040 |    3.471 | 
     | U7822                | A3 v -> ZN ^ | NAND3_X1  | 0.019 |   3.059 |    3.490 | 
     | p_reg_Y_temp_reg_60_ | D ^          | DFF_X1    | 0.000 |   3.059 |    3.490 | 
     +------------------------------------------------------------------------------+ 
Path 5: MET Setup Check with Pin p_reg_Y_temp_reg_58_/CK 
Endpoint:   p_reg_Y_temp_reg_58_/D (v) checked with  leading edge of 'CLK'
Beginpoint: B_reg_Y_temp_reg_3_/Q  (^) triggered by  leading edge of 'CLK'
Path Groups: {CLK}
Analysis View: default
Other End Arrival Time          0.069
- Setup                         0.026
+ Phase Shift                   3.498
+ CPPR Adjustment               0.000
- Uncertainty                   0.050
= Required Time                 3.491
- Arrival Time                  2.998
= Slack Time                    0.493
     Clock Rise Edge                 0.000
     + Clock Network Latency (Prop)  0.051
     = Beginpoint Arrival Time       0.051
     +------------------------------------------------------------------------------+ 
     |       Instance       |     Arc      |   Cell    | Delay | Arrival | Required | 
     |                      |              |           |       |  Time   |   Time   | 
     |----------------------+--------------+-----------+-------+---------+----------| 
     | B_reg_Y_temp_reg_3_  | CK ^         |           |       |   0.051 |    0.544 | 
     | B_reg_Y_temp_reg_3_  | CK ^ -> Q ^  | DFF_X1    | 0.141 |   0.192 |    0.685 | 
     | U4127                | A2 ^ -> ZN v | NAND2_X1  | 0.035 |   0.227 |    0.720 | 
     | U4128                | A v -> ZN ^  | INV_X1    | 0.022 |   0.249 |    0.742 | 
     | U4069                | A1 ^ -> ZN v | NOR2_X1   | 0.019 |   0.267 |    0.760 | 
     | FE_OFC6_n4297        | A v -> Z v   | CLKBUF_X1 | 0.144 |   0.412 |    0.905 | 
     | FE_DBTC1_n4297       | A v -> ZN ^  | INV_X2    | 0.127 |   0.539 |    1.032 | 
     | U4148                | B2 ^ -> ZN v | AOI22_X1  | 0.051 |   0.590 |    1.083 | 
     | U4149                | A v -> Z v   | XOR2_X1   | 0.063 |   0.653 |    1.146 | 
     | FE_OFC42_n4401       | A v -> Z v   | CLKBUF_X3 | 0.136 |   0.789 |    1.282 | 
     | U4555                | A v -> ZN ^  | INV_X1    | 0.196 |   0.984 |    1.477 | 
     | U4562                | A ^ -> ZN ^  | XNOR2_X1  | 0.077 |   1.062 |    1.555 | 
     | U4565                | A2 ^ -> ZN v | AOI22_X1  | 0.022 |   1.084 |    1.577 | 
     | U4566                | A v -> ZN ^  | OAI21_X1  | 0.026 |   1.110 |    1.603 | 
     | U4567                | A2 ^ -> ZN v | NAND2_X1  | 0.029 |   1.139 |    1.632 | 
     | U4570                | A1 v -> ZN ^ | NAND2_X1  | 0.018 |   1.157 |    1.650 | 
     | U4571                | A3 ^ -> ZN v | NAND3_X1  | 0.034 |   1.191 |    1.684 | 
     | U4584                | B1 v -> ZN ^ | AOI222_X1 | 0.131 |   1.322 |    1.815 | 
     | U4589                | A ^ -> Z ^   | XOR2_X1   | 0.061 |   1.383 |    1.876 | 
     | U4590                | A ^ -> ZN ^  | XNOR2_X1  | 0.047 |   1.429 |    1.922 | 
     | U4591                | B ^ -> ZN ^  | XNOR2_X1  | 0.050 |   1.479 |    1.972 | 
     | U4592                | A ^ -> ZN ^  | XNOR2_X1  | 0.055 |   1.534 |    2.027 | 
     | U4052                | B ^ -> ZN ^  | XNOR2_X1  | 0.054 |   1.588 |    2.081 | 
     | U4022                | B2 ^ -> ZN v | OAI21_X1  | 0.036 |   1.625 |    2.118 | 
     | U4817                | A v -> Z v   | XOR2_X1   | 0.061 |   1.686 |    2.179 | 
     | U4820                | A v -> ZN v  | XNOR2_X1  | 0.047 |   1.733 |    2.226 | 
     | U4822                | B1 v -> ZN ^ | OAI22_X1  | 0.040 |   1.773 |    2.266 | 
     | U4823                | A ^ -> ZN v  | AOI21_X1  | 0.018 |   1.791 |    2.284 | 
     | U4824                | A v -> ZN ^  | AOI21_X1  | 0.058 |   1.849 |    2.342 | 
     | U4082                | A2 ^ -> ZN ^ | OR2_X1    | 0.037 |   1.886 |    2.379 | 
     | U5159                | A1 ^ -> ZN v | NAND2_X1  | 0.021 |   1.907 |    2.401 | 
     | U5161                | A1 v -> ZN ^ | NOR2_X1   | 0.034 |   1.941 |    2.434 | 
     | U5162                | A ^ -> ZN v  | AOI21_X1  | 0.019 |   1.960 |    2.453 | 
     | U7570                | CI v -> CO v | FA_X1     | 0.080 |   2.040 |    2.534 | 
     | U5163                | B v -> ZN ^  | OAI211_X1 | 0.028 |   2.069 |    2.562 | 
     | U4028                | A1 ^ -> ZN ^ | AND2_X1   | 0.045 |   2.114 |    2.607 | 
     | U6157                | A1 ^ -> ZN v | NAND3_X1  | 0.020 |   2.134 |    2.627 | 
     | U6160                | C2 v -> ZN ^ | AOI211_X1 | 0.045 |   2.179 |    2.672 | 
     | U6161                | A2 ^ -> ZN v | NOR2_X1   | 0.022 |   2.201 |    2.694 | 
     | U4079                | B1 v -> ZN ^ | AOI21_X1  | 0.030 |   2.231 |    2.724 | 
     | U6182                | B2 ^ -> ZN v | OAI21_X1  | 0.020 |   2.251 |    2.744 | 
     | U6184                | A1 v -> ZN ^ | NAND2_X1  | 0.024 |   2.275 |    2.768 | 
     | U6205                | A1 ^ -> ZN v | NAND2_X1  | 0.022 |   2.297 |    2.790 | 
     | U6207                | B2 v -> ZN ^ | OAI21_X1  | 0.074 |   2.371 |    2.864 | 
     | U7056                | C2 ^ -> ZN v | OAI211_X1 | 0.035 |   2.406 |    2.899 | 
     | U7059                | A v -> ZN ^  | OAI211_X1 | 0.028 |   2.433 |    2.927 | 
     | U7061                | A1 ^ -> ZN v | NAND2_X1  | 0.020 |   2.453 |    2.946 | 
     | U7066                | B2 v -> ZN ^ | OAI21_X1  | 0.103 |   2.556 |    3.049 | 
     | U7075                | B2 ^ -> ZN v | OAI221_X1 | 0.044 |   2.600 |    3.093 | 
     | U7080                | C2 v -> ZN ^ | OAI211_X1 | 0.051 |   2.651 |    3.144 | 
     | U4088                | A2 ^ -> ZN ^ | OR2_X1    | 0.038 |   2.689 |    3.182 | 
     | U7081                | A ^ -> ZN v  | INV_X1    | 0.008 |   2.698 |    3.191 | 
     | U7263                | A1 v -> ZN ^ | NAND4_X1  | 0.013 |   2.711 |    3.204 | 
     | U4087                | A1 ^ -> ZN ^ | AND3_X1   | 0.073 |   2.784 |    3.277 | 
     | U7576                | A1 ^ -> ZN v | NAND2_X1  | 0.019 |   2.803 |    3.296 | 
     | U7578                | A1 v -> ZN ^ | NAND2_X1  | 0.017 |   2.819 |    3.312 | 
     | U7596                | A1 ^ -> ZN v | NAND2_X1  | 0.012 |   2.831 |    3.325 | 
     | U4084                | A1 v -> ZN v | AND2_X1   | 0.032 |   2.864 |    3.357 | 
     | U3660                | A1 v -> ZN v | AND2_X1   | 0.037 |   2.901 |    3.394 | 
     | U3663                | C1 v -> ZN ^ | AOI222_X1 | 0.088 |   2.989 |    3.482 | 
     | U3664                | A ^ -> ZN v  | INV_X1    | 0.009 |   2.998 |    3.491 | 
     | p_reg_Y_temp_reg_58_ | D v          | DFF_X1    | 0.000 |   2.998 |    3.491 | 
     +------------------------------------------------------------------------------+ 
Path 6: MET Setup Check with Pin p_reg_Y_temp_reg_59_/CK 
Endpoint:   p_reg_Y_temp_reg_59_/D (v) checked with  leading edge of 'CLK'
Beginpoint: B_reg_Y_temp_reg_3_/Q  (^) triggered by  leading edge of 'CLK'
Path Groups: {CLK}
Analysis View: default
Other End Arrival Time          0.069
- Setup                         0.026
+ Phase Shift                   3.498
+ CPPR Adjustment               0.000
- Uncertainty                   0.050
= Required Time                 3.491
- Arrival Time                  2.998
= Slack Time                    0.493
     Clock Rise Edge                 0.000
     + Clock Network Latency (Prop)  0.051
     = Beginpoint Arrival Time       0.051
     +------------------------------------------------------------------------------+ 
     |       Instance       |     Arc      |   Cell    | Delay | Arrival | Required | 
     |                      |              |           |       |  Time   |   Time   | 
     |----------------------+--------------+-----------+-------+---------+----------| 
     | B_reg_Y_temp_reg_3_  | CK ^         |           |       |   0.051 |    0.544 | 
     | B_reg_Y_temp_reg_3_  | CK ^ -> Q ^  | DFF_X1    | 0.141 |   0.192 |    0.685 | 
     | U4127                | A2 ^ -> ZN v | NAND2_X1  | 0.035 |   0.227 |    0.720 | 
     | U4128                | A v -> ZN ^  | INV_X1    | 0.022 |   0.249 |    0.742 | 
     | U4069                | A1 ^ -> ZN v | NOR2_X1   | 0.019 |   0.267 |    0.761 | 
     | FE_OFC6_n4297        | A v -> Z v   | CLKBUF_X1 | 0.144 |   0.412 |    0.905 | 
     | FE_DBTC1_n4297       | A v -> ZN ^  | INV_X2    | 0.127 |   0.539 |    1.032 | 
     | U4148                | B2 ^ -> ZN v | AOI22_X1  | 0.051 |   0.590 |    1.083 | 
     | U4149                | A v -> Z v   | XOR2_X1   | 0.063 |   0.653 |    1.146 | 
     | FE_OFC42_n4401       | A v -> Z v   | CLKBUF_X3 | 0.136 |   0.789 |    1.282 | 
     | U4555                | A v -> ZN ^  | INV_X1    | 0.196 |   0.984 |    1.478 | 
     | U4562                | A ^ -> ZN ^  | XNOR2_X1  | 0.077 |   1.062 |    1.555 | 
     | U4565                | A2 ^ -> ZN v | AOI22_X1  | 0.022 |   1.084 |    1.577 | 
     | U4566                | A v -> ZN ^  | OAI21_X1  | 0.026 |   1.110 |    1.603 | 
     | U4567                | A2 ^ -> ZN v | NAND2_X1  | 0.029 |   1.139 |    1.632 | 
     | U4570                | A1 v -> ZN ^ | NAND2_X1  | 0.018 |   1.157 |    1.650 | 
     | U4571                | A3 ^ -> ZN v | NAND3_X1  | 0.034 |   1.191 |    1.684 | 
     | U4584                | B1 v -> ZN ^ | AOI222_X1 | 0.131 |   1.322 |    1.815 | 
     | U4589                | A ^ -> Z ^   | XOR2_X1   | 0.061 |   1.383 |    1.876 | 
     | U4590                | A ^ -> ZN ^  | XNOR2_X1  | 0.047 |   1.429 |    1.922 | 
     | U4591                | B ^ -> ZN ^  | XNOR2_X1  | 0.050 |   1.479 |    1.972 | 
     | U4592                | A ^ -> ZN ^  | XNOR2_X1  | 0.055 |   1.534 |    2.027 | 
     | U4052                | B ^ -> ZN ^  | XNOR2_X1  | 0.054 |   1.588 |    2.081 | 
     | U4022                | B2 ^ -> ZN v | OAI21_X1  | 0.036 |   1.625 |    2.118 | 
     | U4817                | A v -> Z v   | XOR2_X1   | 0.061 |   1.686 |    2.179 | 
     | U4820                | A v -> ZN v  | XNOR2_X1  | 0.047 |   1.733 |    2.226 | 
     | U4822                | B1 v -> ZN ^ | OAI22_X1  | 0.040 |   1.773 |    2.266 | 
     | U4823                | A ^ -> ZN v  | AOI21_X1  | 0.018 |   1.791 |    2.284 | 
     | U4824                | A v -> ZN ^  | AOI21_X1  | 0.058 |   1.849 |    2.342 | 
     | U4082                | A2 ^ -> ZN ^ | OR2_X1    | 0.037 |   1.886 |    2.379 | 
     | U5159                | A1 ^ -> ZN v | NAND2_X1  | 0.021 |   1.907 |    2.401 | 
     | U5161                | A1 v -> ZN ^ | NOR2_X1   | 0.034 |   1.941 |    2.435 | 
     | U5162                | A ^ -> ZN v  | AOI21_X1  | 0.019 |   1.960 |    2.453 | 
     | U7570                | CI v -> CO v | FA_X1     | 0.080 |   2.040 |    2.534 | 
     | U5163                | B v -> ZN ^  | OAI211_X1 | 0.028 |   2.069 |    2.562 | 
     | U4028                | A1 ^ -> ZN ^ | AND2_X1   | 0.045 |   2.114 |    2.607 | 
     | U6157                | A1 ^ -> ZN v | NAND3_X1  | 0.020 |   2.134 |    2.627 | 
     | U6160                | C2 v -> ZN ^ | AOI211_X1 | 0.045 |   2.179 |    2.672 | 
     | U6161                | A2 ^ -> ZN v | NOR2_X1   | 0.022 |   2.201 |    2.694 | 
     | U4079                | B1 v -> ZN ^ | AOI21_X1  | 0.030 |   2.231 |    2.724 | 
     | U6182                | B2 ^ -> ZN v | OAI21_X1  | 0.020 |   2.251 |    2.745 | 
     | U6184                | A1 v -> ZN ^ | NAND2_X1  | 0.024 |   2.275 |    2.768 | 
     | U6205                | A1 ^ -> ZN v | NAND2_X1  | 0.022 |   2.297 |    2.791 | 
     | U6207                | B2 v -> ZN ^ | OAI21_X1  | 0.074 |   2.371 |    2.864 | 
     | U7056                | C2 ^ -> ZN v | OAI211_X1 | 0.035 |   2.406 |    2.899 | 
     | U7059                | A v -> ZN ^  | OAI211_X1 | 0.028 |   2.433 |    2.927 | 
     | U7061                | A1 ^ -> ZN v | NAND2_X1  | 0.020 |   2.453 |    2.947 | 
     | U7066                | B2 v -> ZN ^ | OAI21_X1  | 0.103 |   2.556 |    3.049 | 
     | U7075                | B2 ^ -> ZN v | OAI221_X1 | 0.044 |   2.600 |    3.093 | 
     | U7080                | C2 v -> ZN ^ | OAI211_X1 | 0.051 |   2.651 |    3.144 | 
     | U4088                | A2 ^ -> ZN ^ | OR2_X1    | 0.038 |   2.689 |    3.183 | 
     | U7081                | A ^ -> ZN v  | INV_X1    | 0.008 |   2.698 |    3.191 | 
     | U7263                | A1 v -> ZN ^ | NAND4_X1  | 0.013 |   2.711 |    3.204 | 
     | U4087                | A1 ^ -> ZN ^ | AND3_X1   | 0.073 |   2.784 |    3.277 | 
     | U7576                | A1 ^ -> ZN v | NAND2_X1  | 0.019 |   2.803 |    3.296 | 
     | U7578                | A1 v -> ZN ^ | NAND2_X1  | 0.017 |   2.819 |    3.313 | 
     | U7596                | A1 ^ -> ZN v | NAND2_X1  | 0.012 |   2.831 |    3.325 | 
     | U4084                | A1 v -> ZN v | AND2_X1   | 0.032 |   2.864 |    3.357 | 
     | U3660                | A1 v -> ZN v | AND2_X1   | 0.037 |   2.901 |    3.394 | 
     | U3661                | C1 v -> ZN ^ | AOI222_X1 | 0.088 |   2.989 |    3.482 | 
     | U3662                | A ^ -> ZN v  | INV_X1    | 0.008 |   2.998 |    3.491 | 
     | p_reg_Y_temp_reg_59_ | D v          | DFF_X1    | 0.000 |   2.998 |    3.491 | 
     +------------------------------------------------------------------------------+ 
Path 7: MET Setup Check with Pin p_reg_Y_temp_reg_57_/CK 
Endpoint:   p_reg_Y_temp_reg_57_/D (v) checked with  leading edge of 'CLK'
Beginpoint: B_reg_Y_temp_reg_3_/Q  (^) triggered by  leading edge of 'CLK'
Path Groups: {CLK}
Analysis View: default
Other End Arrival Time          0.069
- Setup                         0.026
+ Phase Shift                   3.498
+ CPPR Adjustment               0.000
- Uncertainty                   0.050
= Required Time                 3.491
- Arrival Time                  2.997
= Slack Time                    0.494
     Clock Rise Edge                 0.000
     + Clock Network Latency (Prop)  0.051
     = Beginpoint Arrival Time       0.051
     +------------------------------------------------------------------------------+ 
     |       Instance       |     Arc      |   Cell    | Delay | Arrival | Required | 
     |                      |              |           |       |  Time   |   Time   | 
     |----------------------+--------------+-----------+-------+---------+----------| 
     | B_reg_Y_temp_reg_3_  | CK ^         |           |       |   0.051 |    0.544 | 
     | B_reg_Y_temp_reg_3_  | CK ^ -> Q ^  | DFF_X1    | 0.141 |   0.192 |    0.685 | 
     | U4127                | A2 ^ -> ZN v | NAND2_X1  | 0.035 |   0.227 |    0.720 | 
     | U4128                | A v -> ZN ^  | INV_X1    | 0.022 |   0.249 |    0.742 | 
     | U4069                | A1 ^ -> ZN v | NOR2_X1   | 0.019 |   0.267 |    0.761 | 
     | FE_OFC6_n4297        | A v -> Z v   | CLKBUF_X1 | 0.144 |   0.412 |    0.905 | 
     | FE_DBTC1_n4297       | A v -> ZN ^  | INV_X2    | 0.127 |   0.539 |    1.032 | 
     | U4148                | B2 ^ -> ZN v | AOI22_X1  | 0.051 |   0.590 |    1.083 | 
     | U4149                | A v -> Z v   | XOR2_X1   | 0.063 |   0.653 |    1.146 | 
     | FE_OFC42_n4401       | A v -> Z v   | CLKBUF_X3 | 0.136 |   0.789 |    1.282 | 
     | U4555                | A v -> ZN ^  | INV_X1    | 0.196 |   0.984 |    1.478 | 
     | U4562                | A ^ -> ZN ^  | XNOR2_X1  | 0.077 |   1.062 |    1.555 | 
     | U4565                | A2 ^ -> ZN v | AOI22_X1  | 0.022 |   1.084 |    1.578 | 
     | U4566                | A v -> ZN ^  | OAI21_X1  | 0.026 |   1.110 |    1.604 | 
     | U4567                | A2 ^ -> ZN v | NAND2_X1  | 0.029 |   1.139 |    1.632 | 
     | U4570                | A1 v -> ZN ^ | NAND2_X1  | 0.018 |   1.157 |    1.650 | 
     | U4571                | A3 ^ -> ZN v | NAND3_X1  | 0.034 |   1.191 |    1.684 | 
     | U4584                | B1 v -> ZN ^ | AOI222_X1 | 0.131 |   1.322 |    1.815 | 
     | U4589                | A ^ -> Z ^   | XOR2_X1   | 0.061 |   1.383 |    1.876 | 
     | U4590                | A ^ -> ZN ^  | XNOR2_X1  | 0.047 |   1.429 |    1.923 | 
     | U4591                | B ^ -> ZN ^  | XNOR2_X1  | 0.050 |   1.479 |    1.972 | 
     | U4592                | A ^ -> ZN ^  | XNOR2_X1  | 0.055 |   1.534 |    2.027 | 
     | U4052                | B ^ -> ZN ^  | XNOR2_X1  | 0.054 |   1.588 |    2.082 | 
     | U4022                | B2 ^ -> ZN v | OAI21_X1  | 0.036 |   1.625 |    2.118 | 
     | U4817                | A v -> Z v   | XOR2_X1   | 0.061 |   1.686 |    2.179 | 
     | U4820                | A v -> ZN v  | XNOR2_X1  | 0.047 |   1.733 |    2.226 | 
     | U4822                | B1 v -> ZN ^ | OAI22_X1  | 0.040 |   1.773 |    2.266 | 
     | U4823                | A ^ -> ZN v  | AOI21_X1  | 0.018 |   1.791 |    2.284 | 
     | U4824                | A v -> ZN ^  | AOI21_X1  | 0.058 |   1.849 |    2.342 | 
     | U4082                | A2 ^ -> ZN ^ | OR2_X1    | 0.037 |   1.886 |    2.380 | 
     | U5159                | A1 ^ -> ZN v | NAND2_X1  | 0.021 |   1.907 |    2.401 | 
     | U5161                | A1 v -> ZN ^ | NOR2_X1   | 0.034 |   1.941 |    2.435 | 
     | U5162                | A ^ -> ZN v  | AOI21_X1  | 0.019 |   1.960 |    2.454 | 
     | U7570                | CI v -> CO v | FA_X1     | 0.080 |   2.040 |    2.534 | 
     | U5163                | B v -> ZN ^  | OAI211_X1 | 0.028 |   2.069 |    2.562 | 
     | U4028                | A1 ^ -> ZN ^ | AND2_X1   | 0.045 |   2.114 |    2.607 | 
     | U6157                | A1 ^ -> ZN v | NAND3_X1  | 0.020 |   2.134 |    2.627 | 
     | U6160                | C2 v -> ZN ^ | AOI211_X1 | 0.045 |   2.179 |    2.673 | 
     | U6161                | A2 ^ -> ZN v | NOR2_X1   | 0.022 |   2.201 |    2.695 | 
     | U4079                | B1 v -> ZN ^ | AOI21_X1  | 0.030 |   2.231 |    2.724 | 
     | U6182                | B2 ^ -> ZN v | OAI21_X1  | 0.020 |   2.251 |    2.745 | 
     | U6184                | A1 v -> ZN ^ | NAND2_X1  | 0.024 |   2.275 |    2.769 | 
     | U6205                | A1 ^ -> ZN v | NAND2_X1  | 0.022 |   2.297 |    2.791 | 
     | U6207                | B2 v -> ZN ^ | OAI21_X1  | 0.074 |   2.371 |    2.865 | 
     | U7056                | C2 ^ -> ZN v | OAI211_X1 | 0.035 |   2.406 |    2.899 | 
     | U7059                | A v -> ZN ^  | OAI211_X1 | 0.028 |   2.433 |    2.927 | 
     | U7061                | A1 ^ -> ZN v | NAND2_X1  | 0.020 |   2.453 |    2.947 | 
     | U7066                | B2 v -> ZN ^ | OAI21_X1  | 0.103 |   2.556 |    3.049 | 
     | U7075                | B2 ^ -> ZN v | OAI221_X1 | 0.044 |   2.600 |    3.093 | 
     | U7080                | C2 v -> ZN ^ | OAI211_X1 | 0.051 |   2.651 |    3.145 | 
     | U4088                | A2 ^ -> ZN ^ | OR2_X1    | 0.038 |   2.689 |    3.183 | 
     | U7081                | A ^ -> ZN v  | INV_X1    | 0.008 |   2.698 |    3.191 | 
     | U7263                | A1 v -> ZN ^ | NAND4_X1  | 0.013 |   2.711 |    3.205 | 
     | U4087                | A1 ^ -> ZN ^ | AND3_X1   | 0.073 |   2.784 |    3.277 | 
     | U7576                | A1 ^ -> ZN v | NAND2_X1  | 0.019 |   2.803 |    3.296 | 
     | U7578                | A1 v -> ZN ^ | NAND2_X1  | 0.017 |   2.819 |    3.313 | 
     | U7596                | A1 ^ -> ZN v | NAND2_X1  | 0.012 |   2.831 |    3.325 | 
     | U4084                | A1 v -> ZN v | AND2_X1   | 0.032 |   2.864 |    3.357 | 
     | U3660                | A1 v -> ZN v | AND2_X1   | 0.037 |   2.901 |    3.395 | 
     | U3665                | C1 v -> ZN ^ | AOI222_X1 | 0.088 |   2.989 |    3.483 | 
     | U3666                | A ^ -> ZN v  | INV_X1    | 0.008 |   2.997 |    3.491 | 
     | p_reg_Y_temp_reg_57_ | D v          | DFF_X1    | 0.000 |   2.997 |    3.491 | 
     +------------------------------------------------------------------------------+ 
Path 8: MET Setup Check with Pin p_reg_Y_temp_reg_56_/CK 
Endpoint:   p_reg_Y_temp_reg_56_/D (v) checked with  leading edge of 'CLK'
Beginpoint: B_reg_Y_temp_reg_3_/Q  (^) triggered by  leading edge of 'CLK'
Path Groups: {CLK}
Analysis View: default
Other End Arrival Time          0.069
- Setup                         0.027
+ Phase Shift                   3.498
+ CPPR Adjustment               0.000
- Uncertainty                   0.050
= Required Time                 3.491
- Arrival Time                  2.967
= Slack Time                    0.524
     Clock Rise Edge                 0.000
     + Clock Network Latency (Prop)  0.051
     = Beginpoint Arrival Time       0.051
     +------------------------------------------------------------------------------+ 
     |       Instance       |     Arc      |   Cell    | Delay | Arrival | Required | 
     |                      |              |           |       |  Time   |   Time   | 
     |----------------------+--------------+-----------+-------+---------+----------| 
     | B_reg_Y_temp_reg_3_  | CK ^         |           |       |   0.051 |    0.575 | 
     | B_reg_Y_temp_reg_3_  | CK ^ -> Q ^  | DFF_X1    | 0.141 |   0.192 |    0.716 | 
     | U4127                | A2 ^ -> ZN v | NAND2_X1  | 0.035 |   0.227 |    0.751 | 
     | U4128                | A v -> ZN ^  | INV_X1    | 0.022 |   0.249 |    0.773 | 
     | U4069                | A1 ^ -> ZN v | NOR2_X1   | 0.019 |   0.267 |    0.792 | 
     | FE_OFC6_n4297        | A v -> Z v   | CLKBUF_X1 | 0.144 |   0.412 |    0.936 | 
     | FE_DBTC1_n4297       | A v -> ZN ^  | INV_X2    | 0.127 |   0.539 |    1.063 | 
     | U4148                | B2 ^ -> ZN v | AOI22_X1  | 0.051 |   0.590 |    1.114 | 
     | U4149                | A v -> Z v   | XOR2_X1   | 0.063 |   0.653 |    1.177 | 
     | FE_OFC42_n4401       | A v -> Z v   | CLKBUF_X3 | 0.136 |   0.789 |    1.313 | 
     | U4555                | A v -> ZN ^  | INV_X1    | 0.196 |   0.984 |    1.509 | 
     | U4562                | A ^ -> ZN ^  | XNOR2_X1  | 0.077 |   1.062 |    1.586 | 
     | U4565                | A2 ^ -> ZN v | AOI22_X1  | 0.022 |   1.084 |    1.608 | 
     | U4566                | A v -> ZN ^  | OAI21_X1  | 0.026 |   1.110 |    1.634 | 
     | U4567                | A2 ^ -> ZN v | NAND2_X1  | 0.029 |   1.139 |    1.663 | 
     | U4570                | A1 v -> ZN ^ | NAND2_X1  | 0.018 |   1.157 |    1.681 | 
     | U4571                | A3 ^ -> ZN v | NAND3_X1  | 0.034 |   1.191 |    1.715 | 
     | U4584                | B1 v -> ZN ^ | AOI222_X1 | 0.131 |   1.322 |    1.846 | 
     | U4589                | A ^ -> Z ^   | XOR2_X1   | 0.061 |   1.383 |    1.907 | 
     | U4590                | A ^ -> ZN ^  | XNOR2_X1  | 0.047 |   1.429 |    1.953 | 
     | U4591                | B ^ -> ZN ^  | XNOR2_X1  | 0.050 |   1.479 |    2.003 | 
     | U4592                | A ^ -> ZN ^  | XNOR2_X1  | 0.055 |   1.534 |    2.058 | 
     | U4052                | B ^ -> ZN ^  | XNOR2_X1  | 0.054 |   1.588 |    2.112 | 
     | U4022                | B2 ^ -> ZN v | OAI21_X1  | 0.036 |   1.625 |    2.149 | 
     | U4817                | A v -> Z v   | XOR2_X1   | 0.061 |   1.686 |    2.210 | 
     | U4820                | A v -> ZN v  | XNOR2_X1  | 0.047 |   1.733 |    2.257 | 
     | U4822                | B1 v -> ZN ^ | OAI22_X1  | 0.040 |   1.773 |    2.297 | 
     | U4823                | A ^ -> ZN v  | AOI21_X1  | 0.018 |   1.791 |    2.315 | 
     | U4824                | A v -> ZN ^  | AOI21_X1  | 0.058 |   1.849 |    2.373 | 
     | U4082                | A2 ^ -> ZN ^ | OR2_X1    | 0.037 |   1.886 |    2.410 | 
     | U5159                | A1 ^ -> ZN v | NAND2_X1  | 0.021 |   1.907 |    2.432 | 
     | U5161                | A1 v -> ZN ^ | NOR2_X1   | 0.034 |   1.941 |    2.466 | 
     | U5162                | A ^ -> ZN v  | AOI21_X1  | 0.019 |   1.960 |    2.484 | 
     | U7570                | CI v -> CO v | FA_X1     | 0.080 |   2.040 |    2.565 | 
     | U5163                | B v -> ZN ^  | OAI211_X1 | 0.028 |   2.069 |    2.593 | 
     | U4028                | A1 ^ -> ZN ^ | AND2_X1   | 0.045 |   2.114 |    2.638 | 
     | U6157                | A1 ^ -> ZN v | NAND3_X1  | 0.020 |   2.134 |    2.658 | 
     | U6160                | C2 v -> ZN ^ | AOI211_X1 | 0.045 |   2.179 |    2.704 | 
     | U6161                | A2 ^ -> ZN v | NOR2_X1   | 0.022 |   2.201 |    2.725 | 
     | U4079                | B1 v -> ZN ^ | AOI21_X1  | 0.030 |   2.231 |    2.755 | 
     | U6182                | B2 ^ -> ZN v | OAI21_X1  | 0.020 |   2.251 |    2.776 | 
     | U6184                | A1 v -> ZN ^ | NAND2_X1  | 0.024 |   2.275 |    2.800 | 
     | U6205                | A1 ^ -> ZN v | NAND2_X1  | 0.022 |   2.297 |    2.822 | 
     | U6207                | B2 v -> ZN ^ | OAI21_X1  | 0.074 |   2.371 |    2.896 | 
     | U7056                | C2 ^ -> ZN v | OAI211_X1 | 0.035 |   2.406 |    2.930 | 
     | U7059                | A v -> ZN ^  | OAI211_X1 | 0.028 |   2.433 |    2.958 | 
     | U7061                | A1 ^ -> ZN v | NAND2_X1  | 0.020 |   2.453 |    2.978 | 
     | U7066                | B2 v -> ZN ^ | OAI21_X1  | 0.103 |   2.556 |    3.080 | 
     | U7075                | B2 ^ -> ZN v | OAI221_X1 | 0.044 |   2.600 |    3.124 | 
     | U7080                | C2 v -> ZN ^ | OAI211_X1 | 0.051 |   2.651 |    3.176 | 
     | U4088                | A2 ^ -> ZN ^ | OR2_X1    | 0.038 |   2.689 |    3.214 | 
     | U7081                | A ^ -> ZN v  | INV_X1    | 0.008 |   2.698 |    3.222 | 
     | U7263                | A1 v -> ZN ^ | NAND4_X1  | 0.013 |   2.711 |    3.235 | 
     | U4087                | A1 ^ -> ZN ^ | AND3_X1   | 0.073 |   2.784 |    3.308 | 
     | U7576                | A1 ^ -> ZN v | NAND2_X1  | 0.019 |   2.803 |    3.327 | 
     | U7578                | A1 v -> ZN ^ | NAND2_X1  | 0.017 |   2.819 |    3.344 | 
     | U7596                | A1 ^ -> ZN v | NAND2_X1  | 0.012 |   2.831 |    3.356 | 
     | U4084                | A1 v -> ZN v | AND2_X1   | 0.032 |   2.864 |    3.388 | 
     | U3660                | A1 v -> ZN v | AND2_X1   | 0.037 |   2.901 |    3.425 | 
     | U3668                | B1 v -> ZN ^ | AOI22_X1  | 0.042 |   2.943 |    3.467 | 
     | U3669                | A ^ -> ZN v  | OAI21_X1  | 0.024 |   2.967 |    3.491 | 
     | p_reg_Y_temp_reg_56_ | D v          | DFF_X1    | 0.000 |   2.967 |    3.491 | 
     +------------------------------------------------------------------------------+ 
Path 9: MET Setup Check with Pin p_reg_Y_temp_reg_54_/CK 
Endpoint:   p_reg_Y_temp_reg_54_/D (v) checked with  leading edge of 'CLK'
Beginpoint: B_reg_Y_temp_reg_3_/Q  (^) triggered by  leading edge of 'CLK'
Path Groups: {CLK}
Analysis View: default
Other End Arrival Time          0.069
- Setup                         0.030
+ Phase Shift                   3.498
+ CPPR Adjustment               0.000
- Uncertainty                   0.050
= Required Time                 3.487
- Arrival Time                  2.864
= Slack Time                    0.623
     Clock Rise Edge                 0.000
     + Clock Network Latency (Prop)  0.051
     = Beginpoint Arrival Time       0.051
     +------------------------------------------------------------------------------+ 
     |       Instance       |     Arc      |   Cell    | Delay | Arrival | Required | 
     |                      |              |           |       |  Time   |   Time   | 
     |----------------------+--------------+-----------+-------+---------+----------| 
     | B_reg_Y_temp_reg_3_  | CK ^         |           |       |   0.051 |    0.673 | 
     | B_reg_Y_temp_reg_3_  | CK ^ -> Q ^  | DFF_X1    | 0.141 |   0.192 |    0.814 | 
     | U4127                | A2 ^ -> ZN v | NAND2_X1  | 0.035 |   0.227 |    0.850 | 
     | U4128                | A v -> ZN ^  | INV_X1    | 0.022 |   0.249 |    0.871 | 
     | U4069                | A1 ^ -> ZN v | NOR2_X1   | 0.019 |   0.267 |    0.890 | 
     | FE_OFC6_n4297        | A v -> Z v   | CLKBUF_X1 | 0.144 |   0.412 |    1.034 | 
     | FE_DBTC1_n4297       | A v -> ZN ^  | INV_X2    | 0.127 |   0.539 |    1.161 | 
     | U4148                | B2 ^ -> ZN v | AOI22_X1  | 0.051 |   0.590 |    1.212 | 
     | U4149                | A v -> Z v   | XOR2_X1   | 0.063 |   0.653 |    1.276 | 
     | FE_OFC42_n4401       | A v -> Z v   | CLKBUF_X3 | 0.136 |   0.789 |    1.411 | 
     | U4555                | A v -> ZN ^  | INV_X1    | 0.196 |   0.984 |    1.607 | 
     | U4562                | A ^ -> ZN ^  | XNOR2_X1  | 0.077 |   1.062 |    1.684 | 
     | U4565                | A2 ^ -> ZN v | AOI22_X1  | 0.022 |   1.084 |    1.707 | 
     | U4566                | A v -> ZN ^  | OAI21_X1  | 0.026 |   1.110 |    1.733 | 
     | U4567                | A2 ^ -> ZN v | NAND2_X1  | 0.029 |   1.139 |    1.762 | 
     | U4570                | A1 v -> ZN ^ | NAND2_X1  | 0.018 |   1.157 |    1.780 | 
     | U4571                | A3 ^ -> ZN v | NAND3_X1  | 0.034 |   1.191 |    1.814 | 
     | U4584                | B1 v -> ZN ^ | AOI222_X1 | 0.131 |   1.322 |    1.945 | 
     | U4589                | A ^ -> Z ^   | XOR2_X1   | 0.061 |   1.383 |    2.005 | 
     | U4590                | A ^ -> ZN ^  | XNOR2_X1  | 0.047 |   1.429 |    2.052 | 
     | U4591                | B ^ -> ZN ^  | XNOR2_X1  | 0.050 |   1.479 |    2.102 | 
     | U4592                | A ^ -> ZN ^  | XNOR2_X1  | 0.055 |   1.534 |    2.156 | 
     | U4052                | B ^ -> ZN ^  | XNOR2_X1  | 0.054 |   1.588 |    2.211 | 
     | U4022                | B2 ^ -> ZN v | OAI21_X1  | 0.036 |   1.625 |    2.247 | 
     | U4817                | A v -> Z v   | XOR2_X1   | 0.061 |   1.686 |    2.308 | 
     | U4820                | A v -> ZN v  | XNOR2_X1  | 0.047 |   1.733 |    2.355 | 
     | U4822                | B1 v -> ZN ^ | OAI22_X1  | 0.040 |   1.773 |    2.396 | 
     | U4823                | A ^ -> ZN v  | AOI21_X1  | 0.018 |   1.791 |    2.413 | 
     | U4824                | A v -> ZN ^  | AOI21_X1  | 0.058 |   1.849 |    2.472 | 
     | U4082                | A2 ^ -> ZN ^ | OR2_X1    | 0.037 |   1.886 |    2.509 | 
     | U5159                | A1 ^ -> ZN v | NAND2_X1  | 0.021 |   1.907 |    2.530 | 
     | U5161                | A1 v -> ZN ^ | NOR2_X1   | 0.034 |   1.941 |    2.564 | 
     | U5162                | A ^ -> ZN v  | AOI21_X1  | 0.019 |   1.960 |    2.583 | 
     | U7570                | CI v -> CO v | FA_X1     | 0.080 |   2.040 |    2.663 | 
     | U5163                | B v -> ZN ^  | OAI211_X1 | 0.028 |   2.069 |    2.692 | 
     | U4028                | A1 ^ -> ZN ^ | AND2_X1   | 0.045 |   2.114 |    2.736 | 
     | U6157                | A1 ^ -> ZN v | NAND3_X1  | 0.020 |   2.134 |    2.757 | 
     | U6160                | C2 v -> ZN ^ | AOI211_X1 | 0.045 |   2.179 |    2.802 | 
     | U6161                | A2 ^ -> ZN v | NOR2_X1   | 0.022 |   2.201 |    2.824 | 
     | U4079                | B1 v -> ZN ^ | AOI21_X1  | 0.030 |   2.231 |    2.854 | 
     | U6182                | B2 ^ -> ZN v | OAI21_X1  | 0.020 |   2.251 |    2.874 | 
     | U6184                | A1 v -> ZN ^ | NAND2_X1  | 0.024 |   2.275 |    2.898 | 
     | U6205                | A1 ^ -> ZN v | NAND2_X1  | 0.022 |   2.297 |    2.920 | 
     | U6207                | B2 v -> ZN ^ | OAI21_X1  | 0.074 |   2.371 |    2.994 | 
     | U7056                | C2 ^ -> ZN v | OAI211_X1 | 0.035 |   2.406 |    3.029 | 
     | U7059                | A v -> ZN ^  | OAI211_X1 | 0.028 |   2.433 |    3.056 | 
     | U7061                | A1 ^ -> ZN v | NAND2_X1  | 0.020 |   2.453 |    3.076 | 
     | U7066                | B2 v -> ZN ^ | OAI21_X1  | 0.103 |   2.556 |    3.179 | 
     | U7075                | B2 ^ -> ZN v | OAI221_X1 | 0.044 |   2.600 |    3.223 | 
     | U7080                | C2 v -> ZN ^ | OAI211_X1 | 0.051 |   2.651 |    3.274 | 
     | U4088                | A2 ^ -> ZN ^ | OR2_X1    | 0.038 |   2.689 |    3.312 | 
     | U7081                | A ^ -> ZN v  | INV_X1    | 0.008 |   2.698 |    3.320 | 
     | U7263                | A1 v -> ZN ^ | NAND4_X1  | 0.013 |   2.711 |    3.334 | 
     | U4087                | A1 ^ -> ZN ^ | AND3_X1   | 0.073 |   2.784 |    3.407 | 
     | U7560                | A ^ -> ZN v  | INV_X1    | 0.019 |   2.802 |    3.425 | 
     | U3675                | C1 v -> ZN ^ | OAI221_X1 | 0.038 |   2.840 |    3.463 | 
     | U3676                | A ^ -> ZN v  | OAI21_X1  | 0.024 |   2.864 |    3.487 | 
     | p_reg_Y_temp_reg_54_ | D v          | DFF_X1    | 0.000 |   2.864 |    3.487 | 
     +------------------------------------------------------------------------------+ 
Path 10: MET Setup Check with Pin p_reg_Y_temp_reg_53_/CK 
Endpoint:   p_reg_Y_temp_reg_53_/D (v) checked with  leading edge of 'CLK'
Beginpoint: B_reg_Y_temp_reg_3_/Q  (^) triggered by  leading edge of 'CLK'
Path Groups: {CLK}
Analysis View: default
Other End Arrival Time          0.068
- Setup                         0.030
+ Phase Shift                   3.498
+ CPPR Adjustment               0.000
- Uncertainty                   0.050
= Required Time                 3.486
- Arrival Time                  2.863
= Slack Time                    0.624
     Clock Rise Edge                 0.000
     + Clock Network Latency (Prop)  0.051
     = Beginpoint Arrival Time       0.051
     +------------------------------------------------------------------------------+ 
     |       Instance       |     Arc      |   Cell    | Delay | Arrival | Required | 
     |                      |              |           |       |  Time   |   Time   | 
     |----------------------+--------------+-----------+-------+---------+----------| 
     | B_reg_Y_temp_reg_3_  | CK ^         |           |       |   0.051 |    0.674 | 
     | B_reg_Y_temp_reg_3_  | CK ^ -> Q ^  | DFF_X1    | 0.141 |   0.192 |    0.815 | 
     | U4127                | A2 ^ -> ZN v | NAND2_X1  | 0.035 |   0.227 |    0.850 | 
     | U4128                | A v -> ZN ^  | INV_X1    | 0.022 |   0.249 |    0.872 | 
     | U4069                | A1 ^ -> ZN v | NOR2_X1   | 0.019 |   0.267 |    0.891 | 
     | FE_OFC6_n4297        | A v -> Z v   | CLKBUF_X1 | 0.144 |   0.412 |    1.035 | 
     | FE_DBTC1_n4297       | A v -> ZN ^  | INV_X2    | 0.127 |   0.539 |    1.162 | 
     | U4148                | B2 ^ -> ZN v | AOI22_X1  | 0.051 |   0.590 |    1.213 | 
     | U4149                | A v -> Z v   | XOR2_X1   | 0.063 |   0.653 |    1.276 | 
     | FE_OFC42_n4401       | A v -> Z v   | CLKBUF_X3 | 0.136 |   0.789 |    1.412 | 
     | U4555                | A v -> ZN ^  | INV_X1    | 0.196 |   0.984 |    1.608 | 
     | U4562                | A ^ -> ZN ^  | XNOR2_X1  | 0.077 |   1.062 |    1.685 | 
     | U4565                | A2 ^ -> ZN v | AOI22_X1  | 0.022 |   1.084 |    1.708 | 
     | U4566                | A v -> ZN ^  | OAI21_X1  | 0.026 |   1.110 |    1.734 | 
     | U4567                | A2 ^ -> ZN v | NAND2_X1  | 0.029 |   1.139 |    1.763 | 
     | U4570                | A1 v -> ZN ^ | NAND2_X1  | 0.018 |   1.157 |    1.781 | 
     | U4571                | A3 ^ -> ZN v | NAND3_X1  | 0.034 |   1.191 |    1.815 | 
     | U4584                | B1 v -> ZN ^ | AOI222_X1 | 0.131 |   1.322 |    1.945 | 
     | U4589                | A ^ -> Z ^   | XOR2_X1   | 0.061 |   1.383 |    2.006 | 
     | U4590                | A ^ -> ZN ^  | XNOR2_X1  | 0.047 |   1.429 |    2.053 | 
     | U4591                | B ^ -> ZN ^  | XNOR2_X1  | 0.050 |   1.479 |    2.103 | 
     | U4592                | A ^ -> ZN ^  | XNOR2_X1  | 0.055 |   1.534 |    2.157 | 
     | U4052                | B ^ -> ZN ^  | XNOR2_X1  | 0.054 |   1.588 |    2.212 | 
     | U4022                | B2 ^ -> ZN v | OAI21_X1  | 0.036 |   1.625 |    2.248 | 
     | U4817                | A v -> Z v   | XOR2_X1   | 0.061 |   1.686 |    2.309 | 
     | U4820                | A v -> ZN v  | XNOR2_X1  | 0.047 |   1.733 |    2.356 | 
     | U4822                | B1 v -> ZN ^ | OAI22_X1  | 0.040 |   1.773 |    2.397 | 
     | U4823                | A ^ -> ZN v  | AOI21_X1  | 0.018 |   1.791 |    2.414 | 
     | U4824                | A v -> ZN ^  | AOI21_X1  | 0.058 |   1.849 |    2.473 | 
     | U4082                | A2 ^ -> ZN ^ | OR2_X1    | 0.037 |   1.886 |    2.510 | 
     | U5159                | A1 ^ -> ZN v | NAND2_X1  | 0.021 |   1.907 |    2.531 | 
     | U5161                | A1 v -> ZN ^ | NOR2_X1   | 0.034 |   1.941 |    2.565 | 
     | U5162                | A ^ -> ZN v  | AOI21_X1  | 0.019 |   1.960 |    2.584 | 
     | U7570                | CI v -> CO v | FA_X1     | 0.080 |   2.040 |    2.664 | 
     | U5163                | B v -> ZN ^  | OAI211_X1 | 0.028 |   2.069 |    2.692 | 
     | U4028                | A1 ^ -> ZN ^ | AND2_X1   | 0.045 |   2.114 |    2.737 | 
     | U6157                | A1 ^ -> ZN v | NAND3_X1  | 0.020 |   2.134 |    2.757 | 
     | U6160                | C2 v -> ZN ^ | AOI211_X1 | 0.045 |   2.179 |    2.803 | 
     | U6161                | A2 ^ -> ZN v | NOR2_X1   | 0.022 |   2.201 |    2.825 | 
     | U4079                | B1 v -> ZN ^ | AOI21_X1  | 0.030 |   2.231 |    2.855 | 
     | U6182                | B2 ^ -> ZN v | OAI21_X1  | 0.020 |   2.251 |    2.875 | 
     | U6184                | A1 v -> ZN ^ | NAND2_X1  | 0.024 |   2.275 |    2.899 | 
     | U6205                | A1 ^ -> ZN v | NAND2_X1  | 0.022 |   2.297 |    2.921 | 
     | U6207                | B2 v -> ZN ^ | OAI21_X1  | 0.074 |   2.371 |    2.995 | 
     | U7056                | C2 ^ -> ZN v | OAI211_X1 | 0.035 |   2.406 |    3.029 | 
     | U7059                | A v -> ZN ^  | OAI211_X1 | 0.028 |   2.433 |    3.057 | 
     | U7061                | A1 ^ -> ZN v | NAND2_X1  | 0.020 |   2.453 |    3.077 | 
     | U7066                | B2 v -> ZN ^ | OAI21_X1  | 0.103 |   2.556 |    3.180 | 
     | U7075                | B2 ^ -> ZN v | OAI221_X1 | 0.044 |   2.600 |    3.223 | 
     | U7080                | C2 v -> ZN ^ | OAI211_X1 | 0.051 |   2.651 |    3.275 | 
     | U4088                | A2 ^ -> ZN ^ | OR2_X1    | 0.038 |   2.689 |    3.313 | 
     | U7081                | A ^ -> ZN v  | INV_X1    | 0.008 |   2.698 |    3.321 | 
     | U7263                | A1 v -> ZN ^ | NAND4_X1  | 0.013 |   2.711 |    3.335 | 
     | U4087                | A1 ^ -> ZN ^ | AND3_X1   | 0.073 |   2.784 |    3.408 | 
     | U7560                | A ^ -> ZN v  | INV_X1    | 0.019 |   2.802 |    3.426 | 
     | U3678                | C1 v -> ZN ^ | OAI221_X1 | 0.036 |   2.839 |    3.462 | 
     | U3679                | A ^ -> ZN v  | OAI21_X1  | 0.024 |   2.863 |    3.486 | 
     | p_reg_Y_temp_reg_53_ | D v          | DFF_X1    | 0.000 |   2.863 |    3.486 | 
     +------------------------------------------------------------------------------+ 

