 
****************************************
Report : area
Design : boothmul_registered
Version: W-2024.09-SP2
Date   : Mon Sep 21 12:40:38 2026
****************************************

Library(s) Used:

    NangateOpenCellLibrary (File: /home/repository/do/libnandgate/NangateOpenCellLibrary_typical_ecsm.db)

Number of ports:                          131
Number of nets:                          6343
Number of cells:                         6149
Number of combinational cells:           6011
Number of sequential cells:               128
Number of macros/black boxes:               0
Number of buf/inv:                        945
Number of references:                      49

Combinational area:               7146.887945
Buf/Inv area:                      564.718001
Noncombinational area:             593.179983
Macro/Black Box area:                0.000000
Net Interconnect area:      undefined  (Wire load has zero net area)

Total cell area:                  7740.067928
Total area:                 undefined
1
