 
****************************************
Report : qor
Design : boothmul_registered
Version: W-2024.09-SP2
Date   : Mon Sep 21 12:45:51 2026
****************************************


  Timing Path Group 'CLK'
  -----------------------------------
  Levels of Logic:              67.00
  Critical Path Length:          4.40
  Critical Path Slack:           0.02
  Critical Path Clk Period:      4.50
  Total Negative Slack:          0.00
  No. of Violating Paths:        0.00
  Worst Hold Violation:          0.00
  Total Hold Violation:          0.00
  No. of Hold Violations:        0.00
  -----------------------------------


  Cell Count
  -----------------------------------
  Hierarchical Cell Count:          0
  Hierarchical Port Count:          0
  Leaf Cell Count:               4213
  Buf/Inv Cell Count:             531
  Buf Cell Count:                  15
  Inv Cell Count:                 516
  CT Buf/Inv Cell Count:            0
  Combinational Cell Count:      4085
  Sequential Cell Count:          128
  Macro Count:                      0
  -----------------------------------


  Area
  -----------------------------------
  Combinational Area:     5397.671978
  Noncombinational Area:   585.199980
  Buf/Inv Area:            293.398002
  Total Buffer Area:            13.03
  Total Inverter Area:         280.36
  Macro/Black Box Area:      0.000000
  Net Area:                  0.000000
  -----------------------------------
  Cell Area:              5982.871958
  Design Area:            5982.871958


  Design Rules
  -----------------------------------
  Total Number of Nets:          4446
  Nets With Violations:             2
  Max Trans Violations:             1
  Max Cap Violations:               2
  -----------------------------------


  Hostname: microsys.openstack.polito

  Compile CPU Statistics
  -----------------------------------------
  Resource Sharing:                    0.70
  Logic Optimization:                  2.63
  Mapping Optimization:                4.39
  -----------------------------------------
  Overall Compile Time:               42.83
  Overall Compile Wall Clock Time:    45.54

  --------------------------------------------------------------------

  Design  WNS: 0.00  TNS: 0.00  Number of Violating Paths: 0


  Design (Hold)  WNS: 0.00  TNS: 0.00  Number of Violating Paths: 0

  --------------------------------------------------------------------


1
