 
****************************************
Report : qor
Design : boothmul_registered
Version: W-2024.09-SP2
Date   : Wed Sep 30 08:26:20 2026
****************************************


  Timing Path Group 'CLK'
  -----------------------------------
  Levels of Logic:              33.00
  Critical Path Length:          1.88
  Critical Path Slack:          -0.76
  Critical Path Clk Period:      1.20
  Total Negative Slack:        -37.51
  No. of Violating Paths:       58.00
  Worst Hold Violation:          0.00
  Total Hold Violation:          0.00
  No. of Hold Violations:        0.00
  -----------------------------------


  Cell Count
  -----------------------------------
  Hierarchical Cell Count:          0
  Hierarchical Port Count:          0
  Leaf Cell Count:               6722
  Buf/Inv Cell Count:            1292
  Buf Cell Count:                 164
  Inv Cell Count:                1128
  CT Buf/Inv Cell Count:            0
  Combinational Cell Count:      6594
  Sequential Cell Count:          128
  Macro Count:                      0
  -----------------------------------


  Area
  -----------------------------------
  Combinational Area:     8007.397963
  Noncombinational Area:   590.519981
  Buf/Inv Area:            756.238003
  Total Buffer Area:           146.57
  Total Inverter Area:         609.67
  Macro/Black Box Area:      0.000000
  Net Area:                  0.000000
  -----------------------------------
  Cell Area:              8597.917944
  Design Area:            8597.917944


  Design Rules
  -----------------------------------
  Total Number of Nets:          6903
  Nets With Violations:             1
  Max Trans Violations:             0
  Max Cap Violations:               1
  -----------------------------------


  Hostname: microsys.openstack.polito

  Compile CPU Statistics
  -----------------------------------------
  Resource Sharing:                    0.68
  Logic Optimization:                 17.26
  Mapping Optimization:               52.92
  -----------------------------------------
  Overall Compile Time:              108.78
  Overall Compile Wall Clock Time:   112.39

  --------------------------------------------------------------------

  Design  WNS: 0.76  TNS: 37.51  Number of Violating Paths: 58


  Design (Hold)  WNS: 0.00  TNS: 0.00  Number of Violating Paths: 0

  --------------------------------------------------------------------


1
