 
****************************************
Report : timing
        -path full
        -delay max
        -max_paths 1
Design : boothmul_registered
Version: W-2024.09-SP2
Date   : Mon Sep 21 18:08:39 2026
****************************************

Operating Conditions: typical   Library: NangateOpenCellLibrary
Wire Load Model Mode: top

  Startpoint: B_reg_Y_temp_reg_19_
              (rising edge-triggered flip-flop clocked by CLK)
  Endpoint: p_reg_Y_temp_reg_51_
            (rising edge-triggered flip-flop clocked by CLK)
  Path Group: CLK
  Path Type: max

  Des/Clust/Port     Wire Load Model       Library
  ------------------------------------------------
  boothmul_registered
                     5K_hvratio_1_4        NangateOpenCellLibrary

  Point                                    Incr       Path
  -----------------------------------------------------------
  clock CLK (rise edge)                    0.00       0.00
  clock network delay (ideal)              0.05       0.05
  B_reg_Y_temp_reg_19_/CK (DFF_X1)         0.00       0.05 r
  B_reg_Y_temp_reg_19_/Q (DFF_X1)          0.11       0.16 r
  U5871/ZN (NAND2_X1)                      0.04       0.19 f
  U5681/ZN (OAI21_X1)                      0.07       0.26 r
  U5105/ZN (AND2_X1)                       0.06       0.32 r
  U5340/ZN (INV_X1)                        0.03       0.35 f
  U4559/ZN (OAI21_X1)                      0.07       0.42 r
  U4560/ZN (XNOR2_X1)                      0.07       0.49 r
  U8276/ZN (OAI21_X1)                      0.04       0.53 f
  U5119/ZN (AND2_X1)                       0.05       0.57 f
  U8520/S (FA_X1)                          0.15       0.72 r
  U8521/ZN (XNOR2_X1)                      0.06       0.78 r
  U8523/ZN (NAND2_X1)                      0.03       0.81 f
  U5442/ZN (AND2_X1)                       0.04       0.85 f
  U5066/ZN (NAND2_X1)                      0.03       0.89 r
  U8793/ZN (NAND2_X1)                      0.03       0.91 f
  U8802/ZN (OR2_X1)                        0.05       0.97 f
  U5520/ZN (AND2_X1)                       0.04       1.01 f
  U5710/ZN (XNOR2_X1)                      0.06       1.07 f
  U8804/ZN (XNOR2_X1)                      0.06       1.13 f
  U8805/ZN (XNOR2_X1)                      0.07       1.20 f
  U8811/ZN (XNOR2_X1)                      0.07       1.26 f
  U9050/ZN (XNOR2_X1)                      0.06       1.32 f
  U9051/ZN (NAND2_X1)                      0.03       1.35 r
  U9052/ZN (AND2_X1)                       0.04       1.40 r
  U9053/ZN (NAND2_X1)                      0.03       1.43 f
  U9779/ZN (OR2_X1)                        0.05       1.48 f
  U9780/ZN (OAI211_X1)                     0.03       1.51 r
  U9791/ZN (AND3_X1)                       0.05       1.57 r
  U9793/ZN (OAI211_X1)                     0.05       1.62 f
  U9794/ZN (INV_X1)                        0.04       1.66 r
  U5597/ZN (OR2_X1)                        0.04       1.70 r
  U10772/ZN (INV_X1)                       0.03       1.72 f
  U11301/ZN (OR3_X1)                       0.07       1.80 f
  U11303/ZN (NAND4_X1)                     0.03       1.83 r
  p_reg_Y_temp_reg_51_/D (DFF_X2)          0.01       1.84 r
  data arrival time                                   1.84

  clock CLK (rise edge)                    1.10       1.10
  clock network delay (ideal)              0.05       1.15
  clock uncertainty                       -0.05       1.10
  p_reg_Y_temp_reg_51_/CK (DFF_X2)         0.00       1.10 r
  library setup time                      -0.03       1.07
  data required time                                  1.07
  -----------------------------------------------------------
  data required time                                  1.07
  data arrival time                                  -1.84
  -----------------------------------------------------------
  slack (VIOLATED)                                   -0.77


1
