 
****************************************
Report : timing
        -path full
        -delay max
        -max_paths 1
Design : boothmul_registered
Version: W-2024.09-SP2
Date   : Wed Sep 30 11:30:10 2026
****************************************

Operating Conditions: typical   Library: NangateOpenCellLibrary
Wire Load Model Mode: top

  Startpoint: B_reg_Y_temp_reg_5_
              (rising edge-triggered flip-flop clocked by CLK)
  Endpoint: p_reg_Y_temp_reg_61_
            (rising edge-triggered flip-flop clocked by CLK)
  Path Group: CLK
  Path Type: max

  Des/Clust/Port     Wire Load Model       Library
  ------------------------------------------------
  boothmul_registered
                     5K_hvratio_1_4        NangateOpenCellLibrary

  Point                                    Incr       Path
  -----------------------------------------------------------
  clock CLK (rise edge)                    0.00       0.00
  clock network delay (ideal)              0.05       0.05
  B_reg_Y_temp_reg_5_/CK (DFF_X1)          0.00       0.05 r
  B_reg_Y_temp_reg_5_/Q (DFF_X1)           0.11       0.16 r
  U5604/ZN (NAND2_X1)                      0.04       0.20 f
  U5605/ZN (AND2_X1)                       0.05       0.25 f
  U4860/ZN (XNOR2_X2)                      0.09       0.35 r
  U4777/ZN (XNOR2_X1)                      0.08       0.43 r
  U5459/ZN (XNOR2_X1)                      0.06       0.49 r
  U8077/ZN (XNOR2_X1)                      0.08       0.57 r
  U5203/ZN (AND2_X1)                       0.06       0.63 r
  U8129/ZN (XNOR2_X1)                      0.06       0.69 r
  U8130/ZN (XNOR2_X1)                      0.06       0.75 r
  U5109/ZN (XNOR2_X1)                      0.06       0.82 r
  U5108/ZN (XNOR2_X1)                      0.07       0.88 r
  U8131/ZN (XNOR2_X1)                      0.07       0.96 r
  U8134/ZN (AND2_X1)                       0.05       1.01 r
  U8135/ZN (OAI21_X1)                      0.04       1.05 f
  U5259/CO (FA_X1)                         0.10       1.16 f
  U5040/ZN (OAI21_X1)                      0.05       1.20 r
  U5257/ZN (NAND2_X1)                      0.03       1.24 f
  U8137/ZN (NAND2_X1)                      0.04       1.27 r
  U8139/ZN (NAND2_X1)                      0.04       1.31 f
  U4653/ZN (OR2_X1)                        0.06       1.37 f
  U8189/ZN (NAND2_X1)                      0.03       1.40 r
  U4932/ZN (AND2_X1)                       0.04       1.44 r
  U5139/ZN (NAND3_X1)                      0.04       1.48 f
  U5342/ZN (NAND4_X1)                      0.03       1.51 r
  U5267/ZN (AND2_X1)                       0.04       1.55 r
  U5246/ZN (AND2_X1)                       0.05       1.60 r
  U5316/ZN (OAI211_X1)                     0.04       1.64 f
  U5315/ZN (OAI211_X1)                     0.05       1.69 r
  U5314/ZN (NAND2_X1)                      0.03       1.72 f
  U5304/ZN (OAI21_X1)                      0.05       1.77 r
  U5352/ZN (NAND2_X1)                      0.04       1.81 f
  U5351/ZN (NAND3_X1)                      0.04       1.84 r
  U5375/ZN (NAND2_X1)                      0.04       1.88 f
  U4919/ZN (NAND2_X1)                      0.04       1.92 r
  U5389/ZN (NAND2_X1)                      0.03       1.95 f
  U5298/ZN (NAND2_X1)                      0.03       1.98 r
  U5268/ZN (NAND2_X1)                      0.03       2.01 f
  U4370/ZN (AND2_X1)                       0.05       2.05 f
  U9922/ZN (NAND3_X1)                      0.03       2.09 r
  U10248/ZN (OAI211_X1)                    0.04       2.13 f
  p_reg_Y_temp_reg_61_/D (DFF_X1)          0.01       2.14 f
  data arrival time                                   2.14

  clock CLK (rise edge)                    2.00       2.00
  clock network delay (ideal)              0.05       2.05
  clock uncertainty                       -0.05       2.00
  p_reg_Y_temp_reg_61_/CK (DFF_X1)         0.00       2.00 r
  library setup time                      -0.03       1.97
  data required time                                  1.97
  -----------------------------------------------------------
  data required time                                  1.97
  data arrival time                                  -2.14
  -----------------------------------------------------------
  slack (VIOLATED)                                   -0.16


1
