 
****************************************
Report : timing
        -path full
        -delay max
        -max_paths 1
Design : boothmul_registered
Version: W-2024.09-SP2
Date   : Mon Sep 21 12:45:02 2026
****************************************

Operating Conditions: typical   Library: NangateOpenCellLibrary
Wire Load Model Mode: top

  Startpoint: B_reg_Y_temp_reg_3_
              (rising edge-triggered flip-flop clocked by CLK)
  Endpoint: p_reg_Y_temp_reg_61_
            (rising edge-triggered flip-flop clocked by CLK)
  Path Group: CLK
  Path Type: max

  Des/Clust/Port     Wire Load Model       Library
  ------------------------------------------------
  boothmul_registered
                     5K_hvratio_1_4        NangateOpenCellLibrary

  Point                                    Incr       Path
  -----------------------------------------------------------
  clock CLK (rise edge)                    0.00       0.00
  clock network delay (ideal)              0.05       0.05
  B_reg_Y_temp_reg_3_/CK (DFF_X1)          0.00       0.05 r
  B_reg_Y_temp_reg_3_/Q (DFF_X1)           0.11       0.16 f
  U4297/ZN (NOR2_X1)                       0.07       0.23 r
  U4298/ZN (NAND2_X1)                      0.04       0.28 f
  U4299/ZN (OAI21_X1)                      0.07       0.35 r
  U4300/ZN (INV_X1)                        0.06       0.41 f
  U4004/ZN (INV_X1)                        0.17       0.57 r
  U5232/ZN (AOI22_X1)                      0.09       0.66 f
  U5234/Z (XOR2_X1)                        0.09       0.76 f
  U5235/ZN (XNOR2_X1)                      0.06       0.82 f
  U5236/ZN (XNOR2_X1)                      0.08       0.90 r
  U5307/S (FA_X1)                          0.14       1.04 f
  U5306/ZN (AOI222_X1)                     0.15       1.19 r
  U5308/Z (XOR2_X1)                        0.08       1.27 r
  U5318/ZN (XNOR2_X1)                      0.06       1.33 r
  U5323/ZN (XNOR2_X1)                      0.06       1.40 r
  U5324/ZN (XNOR2_X1)                      0.07       1.46 r
  U5327/ZN (XNOR2_X1)                      0.07       1.54 r
  U5373/ZN (XNOR2_X1)                      0.06       1.59 f
  U5374/ZN (AOI222_X1)                     0.14       1.74 r
  U5466/Z (XOR2_X1)                        0.09       1.83 r
  U5469/ZN (XNOR2_X1)                      0.05       1.88 f
  U5471/ZN (OAI22_X1)                      0.06       1.93 r
  U5472/ZN (AOI21_X1)                      0.03       1.96 f
  U5473/ZN (AOI21_X1)                      0.07       2.04 r
  U4063/ZN (OR2_X1)                        0.05       2.09 r
  U5475/ZN (NAND2_X1)                      0.04       2.13 f
  U5484/ZN (NOR2_X1)                       0.05       2.18 r
  U5485/ZN (AOI21_X1)                      0.04       2.22 f
  U5556/ZN (NAND2_X1)                      0.04       2.26 r
  U5558/ZN (NAND3_X1)                      0.05       2.31 f
  U5559/ZN (INV_X1)                        0.04       2.35 r
  U5626/ZN (NOR2_X1)                       0.03       2.38 f
  U5632/ZN (AOI221_X1)                     0.12       2.50 r
  U5633/ZN (INV_X1)                        0.03       2.53 f
  U6449/ZN (OR3_X1)                        0.08       2.60 f
  U6452/ZN (AOI211_X1)                     0.06       2.66 r
  U6453/ZN (NOR2_X1)                       0.03       2.70 f
  U6467/ZN (AOI211_X1)                     0.05       2.75 r
  U6475/ZN (OAI21_X1)                      0.04       2.79 f
  U6477/ZN (NAND2_X1)                      0.04       2.83 r
  U6478/ZN (NAND2_X1)                      0.04       2.87 f
  U6486/ZN (OAI221_X1)                     0.07       2.94 r
  U6492/ZN (OAI211_X1)                     0.05       2.99 f
  U6495/ZN (OAI211_X1)                     0.04       3.03 r
  U6496/ZN (OAI21_X1)                      0.04       3.07 f
  U4064/ZN (OAI21_X1)                      0.06       3.12 r
  U7225/ZN (OAI221_X1)                     0.05       3.18 f
  U7228/ZN (OAI211_X1)                     0.06       3.24 r
  U7229/ZN (INV_X1)                        0.03       3.27 f
  U7230/ZN (NAND3_X1)                      0.04       3.30 r
  U7231/ZN (INV_X1)                        0.02       3.33 f
  U7232/ZN (AND4_X1)                       0.04       3.37 f
  U7234/ZN (AOI211_X4)                     0.13       3.50 r
  U7583/ZN (OAI21_X1)                      0.05       3.55 f
  U7586/ZN (AOI211_X1)                     0.06       3.61 r
  U7587/ZN (AOI221_X1)                     0.04       3.65 f
  U7804/ZN (NOR2_X1)                       0.04       3.69 r
  U7805/ZN (OAI211_X1)                     0.04       3.73 f
  U7807/ZN (AOI21_X1)                      0.06       3.79 r
  U3647/ZN (NAND2_X1)                      0.04       3.83 f
  U3648/ZN (INV_X1)                        0.05       3.87 r
  U3655/ZN (AOI222_X1)                     0.04       3.91 f
  U3656/ZN (INV_X1)                        0.04       3.95 r
  p_reg_Y_temp_reg_61_/D (DFF_X1)          0.01       3.96 r
  data arrival time                                   3.96

  clock CLK (rise edge)                    4.00       4.00
  clock network delay (ideal)              0.05       4.05
  clock uncertainty                       -0.05       4.00
  p_reg_Y_temp_reg_61_/CK (DFF_X1)         0.00       4.00 r
  library setup time                      -0.03       3.97
  data required time                                  3.97
  -----------------------------------------------------------
  data required time                                  3.97
  data arrival time                                  -3.96
  -----------------------------------------------------------
  slack (MET)                                         0.01


1
