###############################################################
#  Generated by:      Cadence Innovus 23.35-s106_1
#  OS:                Linux x86_64(Host ID microsys.openstack.polito)
#  Generated on:      Sat Oct 10 21:20:16 2026
#  Design:            boothmul_registered
#  Command:           report_ccopt_skew_groups -file reports/05_skew_groups.rpt
###############################################################

Skew Group Structure:
=====================

-----------------------------------------------------------------------------
Skew Group                Sources    Constrained Sinks    Unconstrained Sinks
-----------------------------------------------------------------------------
CLK/coherent-synthesis       1              128                    0
-----------------------------------------------------------------------------

Skew Group Summary:
===================

---------------------------------------------------------------------------------------------------------------------------------------------------------------------------
Timing Corner         Skew Group                ID Target    Min ID    Max ID    Avg ID    Std.Dev. ID    Skew Target Type    Skew Target    Skew     Skew window occupancy
---------------------------------------------------------------------------------------------------------------------------------------------------------------------------
std-typ:both.early    CLK/coherent-synthesis        -        0.065     0.076     0.072        0.003       ignored                  -         0.011              -
std-typ:both.late     CLK/coherent-synthesis    *0.050       0.065     0.076     0.072        0.003       explicit             0.050         0.011    100% {0.065, 0.076}
---------------------------------------------------------------------------------------------------------------------------------------------------------------------------

* - indicates that target was not met.

Skew Group Min/Max path pins:
=============================

------------------------------------------------------------------------------------
Timing Corner         Skew Group                Min ID    PathID    Max ID    PathID
------------------------------------------------------------------------------------
std-typ:both.early    CLK/coherent-synthesis    0.065       1       0.076       2
-    min p_reg_Y_temp_reg_52_/CK
-    max B_reg_Y_temp_reg_11_/CK
std-typ:both.late     CLK/coherent-synthesis    0.065       3       0.076       4
-    min p_reg_Y_temp_reg_52_/CK
-    max B_reg_Y_temp_reg_10_/CK
------------------------------------------------------------------------------------

Timing for timing corner std-typ:both.early, min clock_path:
============================================================

PathID    : 1
Path type : skew group CLK/coherent-synthesis (path 1 of 1)
Start     : CLK
End       : p_reg_Y_temp_reg_52_/CK
Delay     : 0.065

-----------------------------------------------------------------------------------------------
Name  Lib cell   Event  Incr   Arrival  Slew   Cap     Location        Distance  Fanout  Status
                        (ns)   (ns)     (ns)   (fF)                    (um)              
-- Clockpath trace ----------------------------------------------------------------------------
CLK
-     -          rise   -       0.000   0.002  17.675  (62.065,0.000)  -            3    
CTS_ccl_a_buf_00003/A
-     CLKBUF_X3  rise   0.000   0.000   0.002  -       (84.040,6.965)   28.940   -       
CTS_ccl_a_buf_00003/Z
-     CLKBUF_X3  rise   0.064   0.064   0.045  54.725  (84.405,6.620)    0.710     43    
p_reg_Y_temp_reg_52_/CK
-     DFF_X1     rise   0.001   0.065   0.045  -       (85.160,5.910)    1.465   -       
-----------------------------------------------------------------------------------------------

Timing for timing corner std-typ:both.early, max clock_path:
============================================================

PathID    : 2
Path type : skew group CLK/coherent-synthesis (path 1 of 1)
Start     : CLK
End       : B_reg_Y_temp_reg_11_/CK
Delay     : 0.076

-------------------------------------------------------------------------------------------------
Name  Lib cell   Event  Incr   Arrival  Slew   Cap     Location          Distance  Fanout  Status
                        (ns)   (ns)     (ns)   (fF)                      (um)              
-- Clockpath trace ------------------------------------------------------------------------------
CLK
-     -          rise   -       0.000   0.002  17.675  (62.065,0.000)    -            3    
CTS_ccl_a_buf_00001/A
-     CLKBUF_X3  rise   0.001   0.001   0.002  -       (32.240,68.565)    98.390   -       
CTS_ccl_a_buf_00001/Z
-     CLKBUF_X3  rise   0.072   0.073   0.047  60.106  (31.875,68.220)     0.710     45    
B_reg_Y_temp_reg_11_/CK
-     DFF_X1     rise   0.003   0.076   0.047  -       (37.850,103.910)   41.665   -       
-------------------------------------------------------------------------------------------------

Timing for timing corner std-typ:both.late, min clock_path:
===========================================================

PathID    : 3
Path type : skew group CLK/coherent-synthesis (path 1 of 1)
Start     : CLK
End       : p_reg_Y_temp_reg_52_/CK
Delay     : 0.065

-----------------------------------------------------------------------------------------------
Name  Lib cell   Event  Incr   Arrival  Slew   Cap     Location        Distance  Fanout  Status
                        (ns)   (ns)     (ns)   (fF)                    (um)              
-- Clockpath trace ----------------------------------------------------------------------------
CLK
-     -          rise   -       0.000   0.002  17.675  (62.065,0.000)  -            3    
CTS_ccl_a_buf_00003/A
-     CLKBUF_X3  rise   0.000   0.000   0.002  -       (84.040,6.965)   28.940   -       
CTS_ccl_a_buf_00003/Z
-     CLKBUF_X3  rise   0.064   0.064   0.045  54.725  (84.405,6.620)    0.710     43    
p_reg_Y_temp_reg_52_/CK
-     DFF_X1     rise   0.001   0.065   0.045  -       (85.160,5.910)    1.465   -       
-----------------------------------------------------------------------------------------------

Timing for timing corner std-typ:both.late, max clock_path:
===========================================================

PathID    : 4
Path type : skew group CLK/coherent-synthesis (path 1 of 1)
Start     : CLK
End       : B_reg_Y_temp_reg_10_/CK
Delay     : 0.076

-------------------------------------------------------------------------------------------------
Name  Lib cell   Event  Incr   Arrival  Slew   Cap     Location          Distance  Fanout  Status
                        (ns)   (ns)     (ns)   (fF)                      (um)              
-- Clockpath trace ------------------------------------------------------------------------------
CLK
-     -          rise   -       0.000   0.002  17.675  (62.065,0.000)    -            3    
CTS_ccl_a_buf_00001/A
-     CLKBUF_X3  rise   0.001   0.001   0.002  -       (32.240,68.565)    98.390   -       
CTS_ccl_a_buf_00001/Z
-     CLKBUF_X3  rise   0.072   0.073   0.047  60.106  (31.875,68.220)     0.710     45    
B_reg_Y_temp_reg_10_/CK
-     DFF_X1     rise   0.003   0.076   0.047  -       (34.620,103.910)   38.435   -       
-------------------------------------------------------------------------------------------------

