###############################################################
#  Generated by:      Cadence Innovus 23.35-s106_1
#  OS:                Linux x86_64(Host ID microsys.openstack.polito)
#  Generated on:      Sat Oct 10 21:24:56 2026
#  Design:            boothmul_registered
#  Command:           report_timing -max_paths 10 > reports/10_setup_paths.rpt
###############################################################
Path 1: MET Setup Check with Pin p_reg_Y_temp_reg_61_/CK 
Endpoint:   p_reg_Y_temp_reg_61_/D (v) checked with  leading edge of 'CLK'
Beginpoint: B_reg_Y_temp_reg_1_/Q  (^) triggered by  leading edge of 'CLK'
Path Groups: {CLK}
Analysis View: default
Other End Arrival Time          0.068
- Setup                         0.026
+ Phase Shift                   4.563
+ CPPR Adjustment               0.000
- Uncertainty                   0.050
= Required Time                 4.555
- Arrival Time                  3.117
= Slack Time                    1.438
     Clock Rise Edge                 0.000
     + Clock Network Latency (Prop)  0.053
     = Beginpoint Arrival Time       0.053
     +------------------------------------------------------------------------------+ 
     |       Instance       |     Arc      |   Cell    | Delay | Arrival | Required | 
     |                      |              |           |       |  Time   |   Time   | 
     |----------------------+--------------+-----------+-------+---------+----------| 
     | B_reg_Y_temp_reg_1_  | CK ^         |           |       |   0.053 |    1.491 | 
     | B_reg_Y_temp_reg_1_  | CK ^ -> Q ^  | DFF_X1    | 0.173 |   0.227 |    1.664 | 
     | U4671                | A2 ^ -> ZN v | NOR2_X1   | 0.028 |   0.255 |    1.692 | 
     | U4672                | A v -> ZN ^  | AOI21_X1  | 0.045 |   0.300 |    1.737 | 
     | FE_OFC21_n8234       | A ^ -> Z ^   | CLKBUF_X2 | 0.093 |   0.393 |    1.831 | 
     | U4673                | A ^ -> ZN v  | INV_X1    | 0.040 |   0.433 |    1.870 | 
     | U4674                | A1 v -> ZN ^ | NAND2_X1  | 0.052 |   0.484 |    1.922 | 
     | U4628                | A ^ -> ZN v  | INV_X2    | 0.044 |   0.528 |    1.966 | 
     | U4711                | B2 v -> ZN ^ | AOI22_X1  | 0.080 |   0.609 |    2.046 | 
     | U4718                | A ^ -> Z ^   | XOR2_X1   | 0.057 |   0.666 |    2.104 | 
     | U4719                | B ^ -> ZN ^  | XNOR2_X1  | 0.047 |   0.713 |    2.151 | 
     | U4720                | B ^ -> Z ^   | XOR2_X1   | 0.059 |   0.772 |    2.210 | 
     | U4721                | A ^ -> ZN v  | INV_X1    | 0.020 |   0.792 |    2.229 | 
     | U4722                | C2 v -> ZN ^ | AOI222_X1 | 0.120 |   0.911 |    2.349 | 
     | U4885                | B ^ -> Z ^   | XOR2_X1   | 0.078 |   0.990 |    2.427 | 
     | U4933                | A2 ^ -> ZN v | NAND2_X1  | 0.023 |   1.013 |    2.450 | 
     | U4955                | A2 v -> ZN ^ | NOR2_X1   | 0.054 |   1.067 |    2.504 | 
     | U4961                | B ^ -> Z ^   | XOR2_X1   | 0.056 |   1.123 |    2.560 | 
     | U4963                | A ^ -> ZN ^  | XNOR2_X1  | 0.045 |   1.168 |    2.605 | 
     | U4964                | B ^ -> Z ^   | XOR2_X1   | 0.071 |   1.238 |    2.676 | 
     | U4966                | A ^ -> ZN ^  | XNOR2_X1  | 0.058 |   1.296 |    2.734 | 
     | U4972                | B1 ^ -> ZN v | AOI21_X1  | 0.026 |   1.322 |    2.760 | 
     | U4973                | B2 v -> ZN ^ | AOI22_X1  | 0.061 |   1.384 |    2.821 | 
     | U4978                | A ^ -> S v   | FA_X1     | 0.106 |   1.490 |    2.928 | 
     | U4981                | A1 v -> ZN ^ | NOR2_X1   | 0.040 |   1.530 |    2.967 | 
     | U4982                | A ^ -> Z v   | XOR2_X1   | 0.024 |   1.554 |    2.992 | 
     | U5408                | A v -> ZN ^  | AOI211_X1 | 0.068 |   1.622 |    3.060 | 
     | U5409                | A ^ -> ZN v  | AOI21_X1  | 0.024 |   1.646 |    3.084 | 
     | U5411                | C1 v -> ZN ^ | AOI221_X1 | 0.049 |   1.695 |    3.133 | 
     | U5457                | B1 ^ -> ZN v | AOI21_X1  | 0.046 |   1.741 |    3.179 | 
     | U5505                | C1 v -> ZN ^ | AOI211_X1 | 0.048 |   1.789 |    3.226 | 
     | U5537                | B1 ^ -> ZN v | AOI221_X1 | 0.049 |   1.837 |    3.275 | 
     | U5543                | B1 v -> ZN ^ | AOI22_X1  | 0.048 |   1.885 |    3.323 | 
     | U5598                | C1 ^ -> ZN v | AOI211_X1 | 0.020 |   1.906 |    3.343 | 
     | U5663                | B1 v -> ZN ^ | AOI221_X1 | 0.104 |   2.009 |    3.447 | 
     | U4650                | A3 ^ -> ZN ^ | AND3_X1   | 0.054 |   2.063 |    3.501 | 
     | U6020                | C1 ^ -> ZN v | OAI211_X1 | 0.019 |   2.083 |    3.520 | 
     | U6021                | A2 v -> ZN ^ | NAND2_X1  | 0.028 |   2.111 |    3.549 | 
     | U6370                | A3 ^ -> ZN v | NOR3_X1   | 0.013 |   2.124 |    3.562 | 
     | U4649                | A1 v -> ZN ^ | NAND2_X1  | 0.015 |   2.139 |    3.577 | 
     | U4651                | B2 ^ -> ZN v | AOI22_X1  | 0.027 |   2.166 |    3.604 | 
     | U6461                | B1 v -> ZN ^ | AOI21_X1  | 0.029 |   2.196 |    3.633 | 
     | U6582                | C1 ^ -> ZN v | AOI211_X1 | 0.018 |   2.214 |    3.651 | 
     | U6584                | A1 v -> ZN ^ | NOR2_X1   | 0.025 |   2.238 |    3.676 | 
     | U6590                | B1 ^ -> ZN v | AOI21_X1  | 0.026 |   2.264 |    3.702 | 
     | U6591                | A v -> ZN ^  | INV_X1    | 0.051 |   2.315 |    3.753 | 
     | U6788                | A3 ^ -> ZN v | NAND3_X1  | 0.027 |   2.342 |    3.780 | 
     | U6790                | C2 v -> ZN ^ | OAI221_X1 | 0.094 |   2.436 |    3.874 | 
     | U7298                | B1 ^ -> ZN v | AOI21_X1  | 0.023 |   2.459 |    3.896 | 
     | U7299                | A4 v -> ZN ^ | NOR4_X1   | 0.115 |   2.574 |    4.011 | 
     | U7371                | C2 ^ -> ZN v | OAI221_X1 | 0.046 |   2.620 |    4.057 | 
     | U7373                | A1 v -> ZN ^ | NAND2_X1  | 0.046 |   2.666 |    4.103 | 
     | U7374                | A ^ -> ZN v  | INV_X1    | 0.027 |   2.693 |    4.130 | 
     | U4652                | B1 v -> ZN ^ | AOI221_X2 | 0.115 |   2.808 |    4.246 | 
     | U8633                | C2 ^ -> ZN v | OAI221_X1 | 0.045 |   2.853 |    4.291 | 
     | U8634                | B2 v -> ZN ^ | OAI21_X1  | 0.060 |   2.913 |    4.350 | 
     | U8636                | C2 ^ -> ZN v | OAI211_X1 | 0.032 |   2.945 |    4.382 | 
     | U8637                | A v -> ZN ^  | OAI211_X1 | 0.027 |   2.971 |    4.409 | 
     | U8638                | B2 ^ -> ZN v | AOI21_X1  | 0.020 |   2.992 |    4.429 | 
     | U4202                | A1 v -> ZN v | AND2_X1   | 0.038 |   3.030 |    4.467 | 
     | U4208                | B1 v -> ZN ^ | AOI222_X1 | 0.079 |   3.109 |    4.547 | 
     | U4209                | A ^ -> ZN v  | INV_X1    | 0.008 |   3.117 |    4.555 | 
     | p_reg_Y_temp_reg_61_ | D v          | DFF_X1    | 0.000 |   3.117 |    4.555 | 
     +------------------------------------------------------------------------------+ 
Path 2: MET Setup Check with Pin p_reg_Y_temp_reg_63_/CK 
Endpoint:   p_reg_Y_temp_reg_63_/D (v) checked with  leading edge of 'CLK'
Beginpoint: B_reg_Y_temp_reg_1_/Q  (^) triggered by  leading edge of 'CLK'
Path Groups: {CLK}
Analysis View: default
Other End Arrival Time          0.068
- Setup                         0.026
+ Phase Shift                   4.563
+ CPPR Adjustment               0.000
- Uncertainty                   0.050
= Required Time                 4.555
- Arrival Time                  3.116
= Slack Time                    1.439
     Clock Rise Edge                 0.000
     + Clock Network Latency (Prop)  0.053
     = Beginpoint Arrival Time       0.053
     +------------------------------------------------------------------------------+ 
     |       Instance       |     Arc      |   Cell    | Delay | Arrival | Required | 
     |                      |              |           |       |  Time   |   Time   | 
     |----------------------+--------------+-----------+-------+---------+----------| 
     | B_reg_Y_temp_reg_1_  | CK ^         |           |       |   0.053 |    1.492 | 
     | B_reg_Y_temp_reg_1_  | CK ^ -> Q ^  | DFF_X1    | 0.173 |   0.227 |    1.665 | 
     | U4671                | A2 ^ -> ZN v | NOR2_X1   | 0.028 |   0.255 |    1.693 | 
     | U4672                | A v -> ZN ^  | AOI21_X1  | 0.045 |   0.300 |    1.738 | 
     | FE_OFC21_n8234       | A ^ -> Z ^   | CLKBUF_X2 | 0.093 |   0.393 |    1.832 | 
     | U4673                | A ^ -> ZN v  | INV_X1    | 0.040 |   0.433 |    1.871 | 
     | U4674                | A1 v -> ZN ^ | NAND2_X1  | 0.052 |   0.484 |    1.923 | 
     | U4628                | A ^ -> ZN v  | INV_X2    | 0.044 |   0.528 |    1.967 | 
     | U4711                | B2 v -> ZN ^ | AOI22_X1  | 0.080 |   0.609 |    2.047 | 
     | U4718                | A ^ -> Z ^   | XOR2_X1   | 0.057 |   0.666 |    2.104 | 
     | U4719                | B ^ -> ZN ^  | XNOR2_X1  | 0.047 |   0.713 |    2.152 | 
     | U4720                | B ^ -> Z ^   | XOR2_X1   | 0.059 |   0.772 |    2.211 | 
     | U4721                | A ^ -> ZN v  | INV_X1    | 0.020 |   0.792 |    2.230 | 
     | U4722                | C2 v -> ZN ^ | AOI222_X1 | 0.120 |   0.911 |    2.350 | 
     | U4885                | B ^ -> Z ^   | XOR2_X1   | 0.078 |   0.990 |    2.428 | 
     | U4933                | A2 ^ -> ZN v | NAND2_X1  | 0.023 |   1.013 |    2.451 | 
     | U4955                | A2 v -> ZN ^ | NOR2_X1   | 0.054 |   1.067 |    2.505 | 
     | U4961                | B ^ -> Z ^   | XOR2_X1   | 0.056 |   1.123 |    2.561 | 
     | U4963                | A ^ -> ZN ^  | XNOR2_X1  | 0.045 |   1.168 |    2.606 | 
     | U4964                | B ^ -> Z ^   | XOR2_X1   | 0.071 |   1.238 |    2.677 | 
     | U4966                | A ^ -> ZN ^  | XNOR2_X1  | 0.058 |   1.296 |    2.735 | 
     | U4972                | B1 ^ -> ZN v | AOI21_X1  | 0.026 |   1.322 |    2.761 | 
     | U4973                | B2 v -> ZN ^ | AOI22_X1  | 0.061 |   1.384 |    2.822 | 
     | U4978                | A ^ -> S v   | FA_X1     | 0.106 |   1.490 |    2.928 | 
     | U4981                | A1 v -> ZN ^ | NOR2_X1   | 0.040 |   1.530 |    2.968 | 
     | U4982                | A ^ -> Z v   | XOR2_X1   | 0.024 |   1.554 |    2.992 | 
     | U5408                | A v -> ZN ^  | AOI211_X1 | 0.068 |   1.622 |    3.061 | 
     | U5409                | A ^ -> ZN v  | AOI21_X1  | 0.024 |   1.646 |    3.085 | 
     | U5411                | C1 v -> ZN ^ | AOI221_X1 | 0.049 |   1.695 |    3.133 | 
     | U5457                | B1 ^ -> ZN v | AOI21_X1  | 0.046 |   1.741 |    3.180 | 
     | U5505                | C1 v -> ZN ^ | AOI211_X1 | 0.048 |   1.789 |    3.227 | 
     | U5537                | B1 ^ -> ZN v | AOI221_X1 | 0.049 |   1.837 |    3.276 | 
     | U5543                | B1 v -> ZN ^ | AOI22_X1  | 0.048 |   1.885 |    3.324 | 
     | U5598                | C1 ^ -> ZN v | AOI211_X1 | 0.020 |   1.906 |    3.344 | 
     | U5663                | B1 v -> ZN ^ | AOI221_X1 | 0.104 |   2.009 |    3.448 | 
     | U4650                | A3 ^ -> ZN ^ | AND3_X1   | 0.054 |   2.063 |    3.502 | 
     | U6020                | C1 ^ -> ZN v | OAI211_X1 | 0.019 |   2.083 |    3.521 | 
     | U6021                | A2 v -> ZN ^ | NAND2_X1  | 0.028 |   2.111 |    3.549 | 
     | U6370                | A3 ^ -> ZN v | NOR3_X1   | 0.013 |   2.124 |    3.563 | 
     | U4649                | A1 v -> ZN ^ | NAND2_X1  | 0.015 |   2.139 |    3.578 | 
     | U4651                | B2 ^ -> ZN v | AOI22_X1  | 0.027 |   2.166 |    3.605 | 
     | U6461                | B1 v -> ZN ^ | AOI21_X1  | 0.029 |   2.196 |    3.634 | 
     | U6582                | C1 ^ -> ZN v | AOI211_X1 | 0.018 |   2.214 |    3.652 | 
     | U6584                | A1 v -> ZN ^ | NOR2_X1   | 0.025 |   2.238 |    3.677 | 
     | U6590                | B1 ^ -> ZN v | AOI21_X1  | 0.026 |   2.264 |    3.703 | 
     | U6591                | A v -> ZN ^  | INV_X1    | 0.051 |   2.315 |    3.753 | 
     | U6788                | A3 ^ -> ZN v | NAND3_X1  | 0.027 |   2.342 |    3.781 | 
     | U6790                | C2 v -> ZN ^ | OAI221_X1 | 0.094 |   2.436 |    3.875 | 
     | U7298                | B1 ^ -> ZN v | AOI21_X1  | 0.023 |   2.459 |    3.897 | 
     | U7299                | A4 v -> ZN ^ | NOR4_X1   | 0.115 |   2.574 |    4.012 | 
     | U7371                | C2 ^ -> ZN v | OAI221_X1 | 0.046 |   2.620 |    4.058 | 
     | U7373                | A1 v -> ZN ^ | NAND2_X1  | 0.046 |   2.666 |    4.104 | 
     | U7374                | A ^ -> ZN v  | INV_X1    | 0.027 |   2.693 |    4.131 | 
     | U4652                | B1 v -> ZN ^ | AOI221_X2 | 0.115 |   2.808 |    4.246 | 
     | U8633                | C2 ^ -> ZN v | OAI221_X1 | 0.045 |   2.853 |    4.292 | 
     | U8634                | B2 v -> ZN ^ | OAI21_X1  | 0.060 |   2.913 |    4.351 | 
     | U8636                | C2 ^ -> ZN v | OAI211_X1 | 0.032 |   2.945 |    4.383 | 
     | U8637                | A v -> ZN ^  | OAI211_X1 | 0.027 |   2.971 |    4.410 | 
     | U8638                | B2 ^ -> ZN v | AOI21_X1  | 0.020 |   2.992 |    4.430 | 
     | U4202                | A1 v -> ZN v | AND2_X1   | 0.038 |   3.030 |    4.468 | 
     | U4204                | B1 v -> ZN ^ | AOI222_X1 | 0.078 |   3.108 |    4.547 | 
     | U4205                | A ^ -> ZN v  | INV_X1    | 0.008 |   3.116 |    4.555 | 
     | p_reg_Y_temp_reg_63_ | D v          | DFF_X1    | 0.000 |   3.116 |    4.555 | 
     +------------------------------------------------------------------------------+ 
Path 3: MET Setup Check with Pin p_reg_Y_temp_reg_62_/CK 
Endpoint:   p_reg_Y_temp_reg_62_/D (v) checked with  leading edge of 'CLK'
Beginpoint: B_reg_Y_temp_reg_1_/Q  (^) triggered by  leading edge of 'CLK'
Path Groups: {CLK}
Analysis View: default
Other End Arrival Time          0.068
- Setup                         0.026
+ Phase Shift                   4.563
+ CPPR Adjustment               0.000
- Uncertainty                   0.050
= Required Time                 4.555
- Arrival Time                  3.116
= Slack Time                    1.439
     Clock Rise Edge                 0.000
     + Clock Network Latency (Prop)  0.053
     = Beginpoint Arrival Time       0.053
     +------------------------------------------------------------------------------+ 
     |       Instance       |     Arc      |   Cell    | Delay | Arrival | Required | 
     |                      |              |           |       |  Time   |   Time   | 
     |----------------------+--------------+-----------+-------+---------+----------| 
     | B_reg_Y_temp_reg_1_  | CK ^         |           |       |   0.053 |    1.492 | 
     | B_reg_Y_temp_reg_1_  | CK ^ -> Q ^  | DFF_X1    | 0.173 |   0.227 |    1.665 | 
     | U4671                | A2 ^ -> ZN v | NOR2_X1   | 0.028 |   0.255 |    1.694 | 
     | U4672                | A v -> ZN ^  | AOI21_X1  | 0.045 |   0.300 |    1.739 | 
     | FE_OFC21_n8234       | A ^ -> Z ^   | CLKBUF_X2 | 0.093 |   0.393 |    1.832 | 
     | U4673                | A ^ -> ZN v  | INV_X1    | 0.040 |   0.433 |    1.872 | 
     | U4674                | A1 v -> ZN ^ | NAND2_X1  | 0.052 |   0.484 |    1.923 | 
     | U4628                | A ^ -> ZN v  | INV_X2    | 0.044 |   0.528 |    1.967 | 
     | U4711                | B2 v -> ZN ^ | AOI22_X1  | 0.080 |   0.609 |    2.047 | 
     | U4718                | A ^ -> Z ^   | XOR2_X1   | 0.057 |   0.666 |    2.105 | 
     | U4719                | B ^ -> ZN ^  | XNOR2_X1  | 0.047 |   0.713 |    2.152 | 
     | U4720                | B ^ -> Z ^   | XOR2_X1   | 0.059 |   0.772 |    2.211 | 
     | U4721                | A ^ -> ZN v  | INV_X1    | 0.020 |   0.792 |    2.230 | 
     | U4722                | C2 v -> ZN ^ | AOI222_X1 | 0.120 |   0.911 |    2.350 | 
     | U4885                | B ^ -> Z ^   | XOR2_X1   | 0.078 |   0.990 |    2.428 | 
     | U4933                | A2 ^ -> ZN v | NAND2_X1  | 0.023 |   1.013 |    2.451 | 
     | U4955                | A2 v -> ZN ^ | NOR2_X1   | 0.054 |   1.067 |    2.505 | 
     | U4961                | B ^ -> Z ^   | XOR2_X1   | 0.056 |   1.123 |    2.561 | 
     | U4963                | A ^ -> ZN ^  | XNOR2_X1  | 0.045 |   1.168 |    2.607 | 
     | U4964                | B ^ -> Z ^   | XOR2_X1   | 0.071 |   1.238 |    2.677 | 
     | U4966                | A ^ -> ZN ^  | XNOR2_X1  | 0.058 |   1.296 |    2.735 | 
     | U4972                | B1 ^ -> ZN v | AOI21_X1  | 0.026 |   1.322 |    2.761 | 
     | U4973                | B2 v -> ZN ^ | AOI22_X1  | 0.061 |   1.384 |    2.822 | 
     | U4978                | A ^ -> S v   | FA_X1     | 0.106 |   1.490 |    2.929 | 
     | U4981                | A1 v -> ZN ^ | NOR2_X1   | 0.040 |   1.530 |    2.968 | 
     | U4982                | A ^ -> Z v   | XOR2_X1   | 0.024 |   1.554 |    2.993 | 
     | U5408                | A v -> ZN ^  | AOI211_X1 | 0.068 |   1.622 |    3.061 | 
     | U5409                | A ^ -> ZN v  | AOI21_X1  | 0.024 |   1.646 |    3.085 | 
     | U5411                | C1 v -> ZN ^ | AOI221_X1 | 0.049 |   1.695 |    3.134 | 
     | U5457                | B1 ^ -> ZN v | AOI21_X1  | 0.046 |   1.741 |    3.180 | 
     | U5505                | C1 v -> ZN ^ | AOI211_X1 | 0.048 |   1.789 |    3.227 | 
     | U5537                | B1 ^ -> ZN v | AOI221_X1 | 0.049 |   1.837 |    3.276 | 
     | U5543                | B1 v -> ZN ^ | AOI22_X1  | 0.048 |   1.885 |    3.324 | 
     | U5598                | C1 ^ -> ZN v | AOI211_X1 | 0.020 |   1.906 |    3.344 | 
     | U5663                | B1 v -> ZN ^ | AOI221_X1 | 0.104 |   2.009 |    3.448 | 
     | U4650                | A3 ^ -> ZN ^ | AND3_X1   | 0.054 |   2.063 |    3.502 | 
     | U6020                | C1 ^ -> ZN v | OAI211_X1 | 0.019 |   2.083 |    3.521 | 
     | U6021                | A2 v -> ZN ^ | NAND2_X1  | 0.028 |   2.111 |    3.550 | 
     | U6370                | A3 ^ -> ZN v | NOR3_X1   | 0.013 |   2.124 |    3.563 | 
     | U4649                | A1 v -> ZN ^ | NAND2_X1  | 0.015 |   2.139 |    3.578 | 
     | U4651                | B2 ^ -> ZN v | AOI22_X1  | 0.027 |   2.166 |    3.605 | 
     | U6461                | B1 v -> ZN ^ | AOI21_X1  | 0.029 |   2.196 |    3.634 | 
     | U6582                | C1 ^ -> ZN v | AOI211_X1 | 0.018 |   2.214 |    3.652 | 
     | U6584                | A1 v -> ZN ^ | NOR2_X1   | 0.025 |   2.238 |    3.677 | 
     | U6590                | B1 ^ -> ZN v | AOI21_X1  | 0.026 |   2.264 |    3.703 | 
     | U6591                | A v -> ZN ^  | INV_X1    | 0.051 |   2.315 |    3.754 | 
     | U6788                | A3 ^ -> ZN v | NAND3_X1  | 0.027 |   2.342 |    3.781 | 
     | U6790                | C2 v -> ZN ^ | OAI221_X1 | 0.094 |   2.436 |    3.875 | 
     | U7298                | B1 ^ -> ZN v | AOI21_X1  | 0.023 |   2.459 |    3.898 | 
     | U7299                | A4 v -> ZN ^ | NOR4_X1   | 0.115 |   2.574 |    4.012 | 
     | U7371                | C2 ^ -> ZN v | OAI221_X1 | 0.046 |   2.620 |    4.059 | 
     | U7373                | A1 v -> ZN ^ | NAND2_X1  | 0.046 |   2.666 |    4.104 | 
     | U7374                | A ^ -> ZN v  | INV_X1    | 0.027 |   2.693 |    4.131 | 
     | U4652                | B1 v -> ZN ^ | AOI221_X2 | 0.115 |   2.808 |    4.247 | 
     | U8633                | C2 ^ -> ZN v | OAI221_X1 | 0.045 |   2.853 |    4.292 | 
     | U8634                | B2 v -> ZN ^ | OAI21_X1  | 0.060 |   2.913 |    4.351 | 
     | U8636                | C2 ^ -> ZN v | OAI211_X1 | 0.032 |   2.945 |    4.384 | 
     | U8637                | A v -> ZN ^  | OAI211_X1 | 0.027 |   2.971 |    4.410 | 
     | U8638                | B2 ^ -> ZN v | AOI21_X1  | 0.020 |   2.992 |    4.430 | 
     | U4202                | A1 v -> ZN v | AND2_X1   | 0.038 |   3.030 |    4.468 | 
     | U4206                | B1 v -> ZN ^ | AOI222_X1 | 0.078 |   3.108 |    4.547 | 
     | U4207                | A ^ -> ZN v  | INV_X1    | 0.008 |   3.116 |    4.555 | 
     | p_reg_Y_temp_reg_62_ | D v          | DFF_X1    | 0.000 |   3.116 |    4.555 | 
     +------------------------------------------------------------------------------+ 
Path 4: MET Setup Check with Pin p_reg_Y_temp_reg_60_/CK 
Endpoint:   p_reg_Y_temp_reg_60_/D (^) checked with  leading edge of 'CLK'
Beginpoint: B_reg_Y_temp_reg_1_/Q  (^) triggered by  leading edge of 'CLK'
Path Groups: {CLK}
Analysis View: default
Other End Arrival Time          0.068
- Setup                         0.028
+ Phase Shift                   4.563
+ CPPR Adjustment               0.000
- Uncertainty                   0.050
= Required Time                 4.553
- Arrival Time                  3.088
= Slack Time                    1.465
     Clock Rise Edge                 0.000
     + Clock Network Latency (Prop)  0.053
     = Beginpoint Arrival Time       0.053
     +------------------------------------------------------------------------------+ 
     |       Instance       |     Arc      |   Cell    | Delay | Arrival | Required | 
     |                      |              |           |       |  Time   |   Time   | 
     |----------------------+--------------+-----------+-------+---------+----------| 
     | B_reg_Y_temp_reg_1_  | CK ^         |           |       |   0.053 |    1.519 | 
     | B_reg_Y_temp_reg_1_  | CK ^ -> Q ^  | DFF_X1    | 0.173 |   0.227 |    1.692 | 
     | U4671                | A2 ^ -> ZN v | NOR2_X1   | 0.028 |   0.255 |    1.720 | 
     | U4672                | A v -> ZN ^  | AOI21_X1  | 0.045 |   0.300 |    1.765 | 
     | FE_OFC21_n8234       | A ^ -> Z ^   | CLKBUF_X2 | 0.093 |   0.393 |    1.858 | 
     | U4673                | A ^ -> ZN v  | INV_X1    | 0.040 |   0.433 |    1.898 | 
     | U4674                | A1 v -> ZN ^ | NAND2_X1  | 0.052 |   0.484 |    1.950 | 
     | U4628                | A ^ -> ZN v  | INV_X2    | 0.044 |   0.528 |    1.993 | 
     | U4711                | B2 v -> ZN ^ | AOI22_X1  | 0.080 |   0.609 |    2.074 | 
     | U4718                | A ^ -> Z ^   | XOR2_X1   | 0.057 |   0.666 |    2.131 | 
     | U4719                | B ^ -> ZN ^  | XNOR2_X1  | 0.047 |   0.713 |    2.178 | 
     | U4720                | B ^ -> Z ^   | XOR2_X1   | 0.059 |   0.772 |    2.237 | 
     | U4721                | A ^ -> ZN v  | INV_X1    | 0.020 |   0.792 |    2.257 | 
     | U4722                | C2 v -> ZN ^ | AOI222_X1 | 0.120 |   0.911 |    2.376 | 
     | U4885                | B ^ -> Z ^   | XOR2_X1   | 0.078 |   0.990 |    2.455 | 
     | U4933                | A2 ^ -> ZN v | NAND2_X1  | 0.023 |   1.013 |    2.478 | 
     | U4955                | A2 v -> ZN ^ | NOR2_X1   | 0.054 |   1.067 |    2.532 | 
     | U4961                | B ^ -> Z ^   | XOR2_X1   | 0.056 |   1.123 |    2.588 | 
     | U4963                | A ^ -> ZN ^  | XNOR2_X1  | 0.045 |   1.168 |    2.633 | 
     | U4964                | B ^ -> Z ^   | XOR2_X1   | 0.071 |   1.238 |    2.704 | 
     | U4966                | A ^ -> ZN ^  | XNOR2_X1  | 0.058 |   1.296 |    2.761 | 
     | U4972                | B1 ^ -> ZN v | AOI21_X1  | 0.026 |   1.322 |    2.787 | 
     | U4973                | B2 v -> ZN ^ | AOI22_X1  | 0.061 |   1.384 |    2.849 | 
     | U4978                | A ^ -> S v   | FA_X1     | 0.106 |   1.490 |    2.955 | 
     | U4981                | A1 v -> ZN ^ | NOR2_X1   | 0.040 |   1.530 |    2.995 | 
     | U4982                | A ^ -> Z v   | XOR2_X1   | 0.024 |   1.554 |    3.019 | 
     | U5408                | A v -> ZN ^  | AOI211_X1 | 0.068 |   1.622 |    3.087 | 
     | U5409                | A ^ -> ZN v  | AOI21_X1  | 0.024 |   1.646 |    3.112 | 
     | U5411                | C1 v -> ZN ^ | AOI221_X1 | 0.049 |   1.695 |    3.160 | 
     | U5457                | B1 ^ -> ZN v | AOI21_X1  | 0.046 |   1.741 |    3.206 | 
     | U5505                | C1 v -> ZN ^ | AOI211_X1 | 0.048 |   1.789 |    3.254 | 
     | U5537                | B1 ^ -> ZN v | AOI221_X1 | 0.049 |   1.837 |    3.302 | 
     | U5543                | B1 v -> ZN ^ | AOI22_X1  | 0.048 |   1.885 |    3.351 | 
     | U5598                | C1 ^ -> ZN v | AOI211_X1 | 0.020 |   1.906 |    3.371 | 
     | U5663                | B1 v -> ZN ^ | AOI221_X1 | 0.104 |   2.009 |    3.474 | 
     | U4650                | A3 ^ -> ZN ^ | AND3_X1   | 0.054 |   2.063 |    3.528 | 
     | U6020                | C1 ^ -> ZN v | OAI211_X1 | 0.019 |   2.083 |    3.548 | 
     | U6021                | A2 v -> ZN ^ | NAND2_X1  | 0.028 |   2.111 |    3.576 | 
     | U6370                | A3 ^ -> ZN v | NOR3_X1   | 0.013 |   2.124 |    3.589 | 
     | U4649                | A1 v -> ZN ^ | NAND2_X1  | 0.015 |   2.139 |    3.604 | 
     | U4651                | B2 ^ -> ZN v | AOI22_X1  | 0.027 |   2.166 |    3.632 | 
     | U6461                | B1 v -> ZN ^ | AOI21_X1  | 0.029 |   2.196 |    3.661 | 
     | U6582                | C1 ^ -> ZN v | AOI211_X1 | 0.018 |   2.214 |    3.679 | 
     | U6584                | A1 v -> ZN ^ | NOR2_X1   | 0.025 |   2.238 |    3.704 | 
     | U6590                | B1 ^ -> ZN v | AOI21_X1  | 0.026 |   2.264 |    3.729 | 
     | U6591                | A v -> ZN ^  | INV_X1    | 0.051 |   2.315 |    3.780 | 
     | U6788                | A3 ^ -> ZN v | NAND3_X1  | 0.027 |   2.342 |    3.808 | 
     | U6790                | C2 v -> ZN ^ | OAI221_X1 | 0.094 |   2.436 |    3.901 | 
     | U7298                | B1 ^ -> ZN v | AOI21_X1  | 0.023 |   2.459 |    3.924 | 
     | U7299                | A4 v -> ZN ^ | NOR4_X1   | 0.115 |   2.574 |    4.039 | 
     | U7371                | C2 ^ -> ZN v | OAI221_X1 | 0.046 |   2.620 |    4.085 | 
     | U7373                | A1 v -> ZN ^ | NAND2_X1  | 0.046 |   2.666 |    4.131 | 
     | U7374                | A ^ -> ZN v  | INV_X1    | 0.027 |   2.693 |    4.158 | 
     | U4652                | B1 v -> ZN ^ | AOI221_X2 | 0.115 |   2.808 |    4.273 | 
     | U8633                | C2 ^ -> ZN v | OAI221_X1 | 0.045 |   2.853 |    4.318 | 
     | U8634                | B2 v -> ZN ^ | OAI21_X1  | 0.060 |   2.913 |    4.378 | 
     | U8636                | C2 ^ -> ZN v | OAI211_X1 | 0.032 |   2.945 |    4.410 | 
     | U8637                | A v -> ZN ^  | OAI211_X1 | 0.027 |   2.971 |    4.437 | 
     | U8638                | B2 ^ -> ZN v | AOI21_X1  | 0.020 |   2.992 |    4.457 | 
     | U4201                | A2 v -> ZN ^ | NOR2_X1   | 0.056 |   3.048 |    4.513 | 
     | U4210                | A ^ -> ZN v  | INV_X1    | 0.010 |   3.058 |    4.523 | 
     | U4212                | B2 v -> ZN ^ | OAI21_X1  | 0.030 |   3.088 |    4.553 | 
     | p_reg_Y_temp_reg_60_ | D ^          | DFF_X1    | 0.000 |   3.088 |    4.553 | 
     +------------------------------------------------------------------------------+ 
Path 5: MET Setup Check with Pin p_reg_Y_temp_reg_59_/CK 
Endpoint:   p_reg_Y_temp_reg_59_/D (v) checked with  leading edge of 'CLK'
Beginpoint: B_reg_Y_temp_reg_1_/Q  (^) triggered by  leading edge of 'CLK'
Path Groups: {CLK}
Analysis View: default
Other End Arrival Time          0.067
- Setup                         0.026
+ Phase Shift                   4.563
+ CPPR Adjustment               0.000
- Uncertainty                   0.050
= Required Time                 4.554
- Arrival Time                  3.037
= Slack Time                    1.518
     Clock Rise Edge                 0.000
     + Clock Network Latency (Prop)  0.053
     = Beginpoint Arrival Time       0.053
     +------------------------------------------------------------------------------+ 
     |       Instance       |     Arc      |   Cell    | Delay | Arrival | Required | 
     |                      |              |           |       |  Time   |   Time   | 
     |----------------------+--------------+-----------+-------+---------+----------| 
     | B_reg_Y_temp_reg_1_  | CK ^         |           |       |   0.053 |    1.571 | 
     | B_reg_Y_temp_reg_1_  | CK ^ -> Q ^  | DFF_X1    | 0.173 |   0.227 |    1.745 | 
     | U4671                | A2 ^ -> ZN v | NOR2_X1   | 0.028 |   0.255 |    1.773 | 
     | U4672                | A v -> ZN ^  | AOI21_X1  | 0.045 |   0.300 |    1.818 | 
     | FE_OFC21_n8234       | A ^ -> Z ^   | CLKBUF_X2 | 0.093 |   0.393 |    1.911 | 
     | U4673                | A ^ -> ZN v  | INV_X1    | 0.040 |   0.433 |    1.951 | 
     | U4674                | A1 v -> ZN ^ | NAND2_X1  | 0.052 |   0.484 |    2.002 | 
     | U4628                | A ^ -> ZN v  | INV_X2    | 0.044 |   0.528 |    2.046 | 
     | U4711                | B2 v -> ZN ^ | AOI22_X1  | 0.080 |   0.609 |    2.126 | 
     | U4718                | A ^ -> Z ^   | XOR2_X1   | 0.057 |   0.666 |    2.184 | 
     | U4719                | B ^ -> ZN ^  | XNOR2_X1  | 0.047 |   0.713 |    2.231 | 
     | U4720                | B ^ -> Z ^   | XOR2_X1   | 0.059 |   0.772 |    2.290 | 
     | U4721                | A ^ -> ZN v  | INV_X1    | 0.020 |   0.792 |    2.309 | 
     | U4722                | C2 v -> ZN ^ | AOI222_X1 | 0.120 |   0.911 |    2.429 | 
     | U4885                | B ^ -> Z ^   | XOR2_X1   | 0.078 |   0.990 |    2.507 | 
     | U4933                | A2 ^ -> ZN v | NAND2_X1  | 0.023 |   1.013 |    2.530 | 
     | U4955                | A2 v -> ZN ^ | NOR2_X1   | 0.054 |   1.067 |    2.584 | 
     | U4961                | B ^ -> Z ^   | XOR2_X1   | 0.056 |   1.123 |    2.641 | 
     | U4963                | A ^ -> ZN ^  | XNOR2_X1  | 0.045 |   1.168 |    2.686 | 
     | U4964                | B ^ -> Z ^   | XOR2_X1   | 0.071 |   1.238 |    2.756 | 
     | U4966                | A ^ -> ZN ^  | XNOR2_X1  | 0.058 |   1.296 |    2.814 | 
     | U4972                | B1 ^ -> ZN v | AOI21_X1  | 0.026 |   1.322 |    2.840 | 
     | U4973                | B2 v -> ZN ^ | AOI22_X1  | 0.061 |   1.384 |    2.902 | 
     | U4978                | A ^ -> S v   | FA_X1     | 0.106 |   1.490 |    3.008 | 
     | U4981                | A1 v -> ZN ^ | NOR2_X1   | 0.040 |   1.530 |    3.048 | 
     | U4982                | A ^ -> Z v   | XOR2_X1   | 0.024 |   1.554 |    3.072 | 
     | U5408                | A v -> ZN ^  | AOI211_X1 | 0.068 |   1.622 |    3.140 | 
     | U5409                | A ^ -> ZN v  | AOI21_X1  | 0.024 |   1.646 |    3.164 | 
     | U5411                | C1 v -> ZN ^ | AOI221_X1 | 0.049 |   1.695 |    3.213 | 
     | U5457                | B1 ^ -> ZN v | AOI21_X1  | 0.046 |   1.741 |    3.259 | 
     | U5505                | C1 v -> ZN ^ | AOI211_X1 | 0.048 |   1.789 |    3.307 | 
     | U5537                | B1 ^ -> ZN v | AOI221_X1 | 0.049 |   1.837 |    3.355 | 
     | U5543                | B1 v -> ZN ^ | AOI22_X1  | 0.048 |   1.885 |    3.403 | 
     | U5598                | C1 ^ -> ZN v | AOI211_X1 | 0.020 |   1.906 |    3.423 | 
     | U5663                | B1 v -> ZN ^ | AOI221_X1 | 0.104 |   2.009 |    3.527 | 
     | U4650                | A3 ^ -> ZN ^ | AND3_X1   | 0.054 |   2.063 |    3.581 | 
     | U6020                | C1 ^ -> ZN v | OAI211_X1 | 0.019 |   2.083 |    3.600 | 
     | U6021                | A2 v -> ZN ^ | NAND2_X1  | 0.028 |   2.111 |    3.629 | 
     | U6370                | A3 ^ -> ZN v | NOR3_X1   | 0.013 |   2.124 |    3.642 | 
     | U4649                | A1 v -> ZN ^ | NAND2_X1  | 0.015 |   2.139 |    3.657 | 
     | U4651                | B2 ^ -> ZN v | AOI22_X1  | 0.027 |   2.166 |    3.684 | 
     | U6461                | B1 v -> ZN ^ | AOI21_X1  | 0.029 |   2.196 |    3.713 | 
     | U6582                | C1 ^ -> ZN v | AOI211_X1 | 0.018 |   2.214 |    3.732 | 
     | U6584                | A1 v -> ZN ^ | NOR2_X1   | 0.025 |   2.238 |    3.756 | 
     | U6590                | B1 ^ -> ZN v | AOI21_X1  | 0.026 |   2.264 |    3.782 | 
     | U6591                | A v -> ZN ^  | INV_X1    | 0.051 |   2.315 |    3.833 | 
     | U6788                | A3 ^ -> ZN v | NAND3_X1  | 0.027 |   2.342 |    3.860 | 
     | U6790                | C2 v -> ZN ^ | OAI221_X1 | 0.094 |   2.436 |    3.954 | 
     | U7298                | B1 ^ -> ZN v | AOI21_X1  | 0.023 |   2.459 |    3.977 | 
     | U7299                | A4 v -> ZN ^ | NOR4_X1   | 0.115 |   2.574 |    4.091 | 
     | U7371                | C2 ^ -> ZN v | OAI221_X1 | 0.046 |   2.620 |    4.138 | 
     | U7373                | A1 v -> ZN ^ | NAND2_X1  | 0.046 |   2.666 |    4.183 | 
     | U7374                | A ^ -> ZN v  | INV_X1    | 0.027 |   2.693 |    4.210 | 
     | U4652                | B1 v -> ZN ^ | AOI221_X2 | 0.115 |   2.808 |    4.326 | 
     | U8633                | C2 ^ -> ZN v | OAI221_X1 | 0.045 |   2.853 |    4.371 | 
     | U8634                | B2 v -> ZN ^ | OAI21_X1  | 0.060 |   2.913 |    4.431 | 
     | U4215                | A1 ^ -> ZN v | NOR2_X1   | 0.024 |   2.937 |    4.454 | 
     | U4216                | C1 v -> ZN ^ | AOI222_X1 | 0.092 |   3.028 |    4.546 | 
     | U4217                | A ^ -> ZN v  | INV_X1    | 0.008 |   3.037 |    4.554 | 
     | p_reg_Y_temp_reg_59_ | D v          | DFF_X1    | 0.000 |   3.037 |    4.554 | 
     +------------------------------------------------------------------------------+ 
Path 6: MET Setup Check with Pin p_reg_Y_temp_reg_57_/CK 
Endpoint:   p_reg_Y_temp_reg_57_/D (v) checked with  leading edge of 'CLK'
Beginpoint: B_reg_Y_temp_reg_1_/Q  (^) triggered by  leading edge of 'CLK'
Path Groups: {CLK}
Analysis View: default
Other End Arrival Time          0.067
- Setup                         0.026
+ Phase Shift                   4.563
+ CPPR Adjustment               0.000
- Uncertainty                   0.050
= Required Time                 4.554
- Arrival Time                  3.036
= Slack Time                    1.518
     Clock Rise Edge                 0.000
     + Clock Network Latency (Prop)  0.053
     = Beginpoint Arrival Time       0.053
     +------------------------------------------------------------------------------+ 
     |       Instance       |     Arc      |   Cell    | Delay | Arrival | Required | 
     |                      |              |           |       |  Time   |   Time   | 
     |----------------------+--------------+-----------+-------+---------+----------| 
     | B_reg_Y_temp_reg_1_  | CK ^         |           |       |   0.053 |    1.572 | 
     | B_reg_Y_temp_reg_1_  | CK ^ -> Q ^  | DFF_X1    | 0.173 |   0.227 |    1.745 | 
     | U4671                | A2 ^ -> ZN v | NOR2_X1   | 0.028 |   0.255 |    1.773 | 
     | U4672                | A v -> ZN ^  | AOI21_X1  | 0.045 |   0.300 |    1.818 | 
     | FE_OFC21_n8234       | A ^ -> Z ^   | CLKBUF_X2 | 0.093 |   0.393 |    1.911 | 
     | U4673                | A ^ -> ZN v  | INV_X1    | 0.040 |   0.433 |    1.951 | 
     | U4674                | A1 v -> ZN ^ | NAND2_X1  | 0.052 |   0.484 |    2.003 | 
     | U4628                | A ^ -> ZN v  | INV_X2    | 0.044 |   0.528 |    2.046 | 
     | U4711                | B2 v -> ZN ^ | AOI22_X1  | 0.080 |   0.609 |    2.127 | 
     | U4718                | A ^ -> Z ^   | XOR2_X1   | 0.057 |   0.666 |    2.184 | 
     | U4719                | B ^ -> ZN ^  | XNOR2_X1  | 0.047 |   0.713 |    2.231 | 
     | U4720                | B ^ -> Z ^   | XOR2_X1   | 0.059 |   0.772 |    2.290 | 
     | U4721                | A ^ -> ZN v  | INV_X1    | 0.020 |   0.792 |    2.310 | 
     | U4722                | C2 v -> ZN ^ | AOI222_X1 | 0.120 |   0.911 |    2.429 | 
     | U4885                | B ^ -> Z ^   | XOR2_X1   | 0.078 |   0.990 |    2.508 | 
     | U4933                | A2 ^ -> ZN v | NAND2_X1  | 0.023 |   1.013 |    2.531 | 
     | U4955                | A2 v -> ZN ^ | NOR2_X1   | 0.054 |   1.067 |    2.585 | 
     | U4961                | B ^ -> Z ^   | XOR2_X1   | 0.056 |   1.123 |    2.641 | 
     | U4963                | A ^ -> ZN ^  | XNOR2_X1  | 0.045 |   1.168 |    2.686 | 
     | U4964                | B ^ -> Z ^   | XOR2_X1   | 0.071 |   1.238 |    2.757 | 
     | U4966                | A ^ -> ZN ^  | XNOR2_X1  | 0.058 |   1.296 |    2.815 | 
     | U4972                | B1 ^ -> ZN v | AOI21_X1  | 0.026 |   1.322 |    2.841 | 
     | U4973                | B2 v -> ZN ^ | AOI22_X1  | 0.061 |   1.384 |    2.902 | 
     | U4978                | A ^ -> S v   | FA_X1     | 0.106 |   1.490 |    3.008 | 
     | U4981                | A1 v -> ZN ^ | NOR2_X1   | 0.040 |   1.530 |    3.048 | 
     | U4982                | A ^ -> Z v   | XOR2_X1   | 0.024 |   1.554 |    3.072 | 
     | U5408                | A v -> ZN ^  | AOI211_X1 | 0.068 |   1.622 |    3.140 | 
     | U5409                | A ^ -> ZN v  | AOI21_X1  | 0.024 |   1.646 |    3.165 | 
     | U5411                | C1 v -> ZN ^ | AOI221_X1 | 0.049 |   1.695 |    3.213 | 
     | U5457                | B1 ^ -> ZN v | AOI21_X1  | 0.046 |   1.741 |    3.259 | 
     | U5505                | C1 v -> ZN ^ | AOI211_X1 | 0.048 |   1.789 |    3.307 | 
     | U5537                | B1 ^ -> ZN v | AOI221_X1 | 0.049 |   1.837 |    3.355 | 
     | U5543                | B1 v -> ZN ^ | AOI22_X1  | 0.048 |   1.885 |    3.404 | 
     | U5598                | C1 ^ -> ZN v | AOI211_X1 | 0.020 |   1.906 |    3.424 | 
     | U5663                | B1 v -> ZN ^ | AOI221_X1 | 0.104 |   2.009 |    3.527 | 
     | U4650                | A3 ^ -> ZN ^ | AND3_X1   | 0.054 |   2.063 |    3.582 | 
     | U6020                | C1 ^ -> ZN v | OAI211_X1 | 0.019 |   2.083 |    3.601 | 
     | U6021                | A2 v -> ZN ^ | NAND2_X1  | 0.028 |   2.111 |    3.629 | 
     | U6370                | A3 ^ -> ZN v | NOR3_X1   | 0.013 |   2.124 |    3.643 | 
     | U4649                | A1 v -> ZN ^ | NAND2_X1  | 0.015 |   2.139 |    3.657 | 
     | U4651                | B2 ^ -> ZN v | AOI22_X1  | 0.027 |   2.166 |    3.685 | 
     | U6461                | B1 v -> ZN ^ | AOI21_X1  | 0.029 |   2.196 |    3.714 | 
     | U6582                | C1 ^ -> ZN v | AOI211_X1 | 0.018 |   2.214 |    3.732 | 
     | U6584                | A1 v -> ZN ^ | NOR2_X1   | 0.025 |   2.238 |    3.757 | 
     | U6590                | B1 ^ -> ZN v | AOI21_X1  | 0.026 |   2.264 |    3.783 | 
     | U6591                | A v -> ZN ^  | INV_X1    | 0.051 |   2.315 |    3.833 | 
     | U6788                | A3 ^ -> ZN v | NAND3_X1  | 0.027 |   2.342 |    3.861 | 
     | U6790                | C2 v -> ZN ^ | OAI221_X1 | 0.094 |   2.436 |    3.954 | 
     | U7298                | B1 ^ -> ZN v | AOI21_X1  | 0.023 |   2.459 |    3.977 | 
     | U7299                | A4 v -> ZN ^ | NOR4_X1   | 0.115 |   2.574 |    4.092 | 
     | U7371                | C2 ^ -> ZN v | OAI221_X1 | 0.046 |   2.620 |    4.138 | 
     | U7373                | A1 v -> ZN ^ | NAND2_X1  | 0.046 |   2.666 |    4.184 | 
     | U7374                | A ^ -> ZN v  | INV_X1    | 0.027 |   2.693 |    4.211 | 
     | U4652                | B1 v -> ZN ^ | AOI221_X2 | 0.115 |   2.808 |    4.326 | 
     | U8633                | C2 ^ -> ZN v | OAI221_X1 | 0.045 |   2.853 |    4.371 | 
     | U8634                | B2 v -> ZN ^ | OAI21_X1  | 0.060 |   2.913 |    4.431 | 
     | U4215                | A1 ^ -> ZN v | NOR2_X1   | 0.024 |   2.937 |    4.455 | 
     | U4220                | C1 v -> ZN ^ | AOI222_X1 | 0.092 |   3.029 |    4.547 | 
     | U4221                | A ^ -> ZN v  | INV_X1    | 0.008 |   3.036 |    4.554 | 
     | p_reg_Y_temp_reg_57_ | D v          | DFF_X1    | 0.000 |   3.036 |    4.554 | 
     +------------------------------------------------------------------------------+ 
Path 7: MET Setup Check with Pin p_reg_Y_temp_reg_58_/CK 
Endpoint:   p_reg_Y_temp_reg_58_/D (v) checked with  leading edge of 'CLK'
Beginpoint: B_reg_Y_temp_reg_1_/Q  (^) triggered by  leading edge of 'CLK'
Path Groups: {CLK}
Analysis View: default
Other End Arrival Time          0.067
- Setup                         0.026
+ Phase Shift                   4.563
+ CPPR Adjustment               0.000
- Uncertainty                   0.050
= Required Time                 4.554
- Arrival Time                  3.036
= Slack Time                    1.518
     Clock Rise Edge                 0.000
     + Clock Network Latency (Prop)  0.053
     = Beginpoint Arrival Time       0.053
     +------------------------------------------------------------------------------+ 
     |       Instance       |     Arc      |   Cell    | Delay | Arrival | Required | 
     |                      |              |           |       |  Time   |   Time   | 
     |----------------------+--------------+-----------+-------+---------+----------| 
     | B_reg_Y_temp_reg_1_  | CK ^         |           |       |   0.053 |    1.572 | 
     | B_reg_Y_temp_reg_1_  | CK ^ -> Q ^  | DFF_X1    | 0.173 |   0.227 |    1.745 | 
     | U4671                | A2 ^ -> ZN v | NOR2_X1   | 0.028 |   0.255 |    1.773 | 
     | U4672                | A v -> ZN ^  | AOI21_X1  | 0.045 |   0.300 |    1.818 | 
     | FE_OFC21_n8234       | A ^ -> Z ^   | CLKBUF_X2 | 0.093 |   0.393 |    1.912 | 
     | U4673                | A ^ -> ZN v  | INV_X1    | 0.040 |   0.433 |    1.951 | 
     | U4674                | A1 v -> ZN ^ | NAND2_X1  | 0.052 |   0.484 |    2.003 | 
     | U4628                | A ^ -> ZN v  | INV_X2    | 0.044 |   0.528 |    2.047 | 
     | U4711                | B2 v -> ZN ^ | AOI22_X1  | 0.080 |   0.609 |    2.127 | 
     | U4718                | A ^ -> Z ^   | XOR2_X1   | 0.057 |   0.666 |    2.184 | 
     | U4719                | B ^ -> ZN ^  | XNOR2_X1  | 0.047 |   0.713 |    2.232 | 
     | U4720                | B ^ -> Z ^   | XOR2_X1   | 0.059 |   0.772 |    2.291 | 
     | U4721                | A ^ -> ZN v  | INV_X1    | 0.020 |   0.792 |    2.310 | 
     | U4722                | C2 v -> ZN ^ | AOI222_X1 | 0.120 |   0.911 |    2.430 | 
     | U4885                | B ^ -> Z ^   | XOR2_X1   | 0.078 |   0.990 |    2.508 | 
     | U4933                | A2 ^ -> ZN v | NAND2_X1  | 0.023 |   1.013 |    2.531 | 
     | U4955                | A2 v -> ZN ^ | NOR2_X1   | 0.054 |   1.067 |    2.585 | 
     | U4961                | B ^ -> Z ^   | XOR2_X1   | 0.056 |   1.123 |    2.641 | 
     | U4963                | A ^ -> ZN ^  | XNOR2_X1  | 0.045 |   1.168 |    2.686 | 
     | U4964                | B ^ -> Z ^   | XOR2_X1   | 0.071 |   1.238 |    2.757 | 
     | U4966                | A ^ -> ZN ^  | XNOR2_X1  | 0.058 |   1.296 |    2.815 | 
     | U4972                | B1 ^ -> ZN v | AOI21_X1  | 0.026 |   1.322 |    2.841 | 
     | U4973                | B2 v -> ZN ^ | AOI22_X1  | 0.061 |   1.384 |    2.902 | 
     | U4978                | A ^ -> S v   | FA_X1     | 0.106 |   1.490 |    3.008 | 
     | U4981                | A1 v -> ZN ^ | NOR2_X1   | 0.040 |   1.530 |    3.048 | 
     | U4982                | A ^ -> Z v   | XOR2_X1   | 0.024 |   1.554 |    3.072 | 
     | U5408                | A v -> ZN ^  | AOI211_X1 | 0.068 |   1.622 |    3.141 | 
     | U5409                | A ^ -> ZN v  | AOI21_X1  | 0.024 |   1.646 |    3.165 | 
     | U5411                | C1 v -> ZN ^ | AOI221_X1 | 0.049 |   1.695 |    3.213 | 
     | U5457                | B1 ^ -> ZN v | AOI21_X1  | 0.046 |   1.741 |    3.260 | 
     | U5505                | C1 v -> ZN ^ | AOI211_X1 | 0.048 |   1.789 |    3.307 | 
     | U5537                | B1 ^ -> ZN v | AOI221_X1 | 0.049 |   1.837 |    3.356 | 
     | U5543                | B1 v -> ZN ^ | AOI22_X1  | 0.048 |   1.885 |    3.404 | 
     | U5598                | C1 ^ -> ZN v | AOI211_X1 | 0.020 |   1.906 |    3.424 | 
     | U5663                | B1 v -> ZN ^ | AOI221_X1 | 0.104 |   2.009 |    3.528 | 
     | U4650                | A3 ^ -> ZN ^ | AND3_X1   | 0.054 |   2.063 |    3.582 | 
     | U6020                | C1 ^ -> ZN v | OAI211_X1 | 0.019 |   2.083 |    3.601 | 
     | U6021                | A2 v -> ZN ^ | NAND2_X1  | 0.028 |   2.111 |    3.629 | 
     | U6370                | A3 ^ -> ZN v | NOR3_X1   | 0.013 |   2.124 |    3.643 | 
     | U4649                | A1 v -> ZN ^ | NAND2_X1  | 0.015 |   2.139 |    3.658 | 
     | U4651                | B2 ^ -> ZN v | AOI22_X1  | 0.027 |   2.166 |    3.685 | 
     | U6461                | B1 v -> ZN ^ | AOI21_X1  | 0.029 |   2.196 |    3.714 | 
     | U6582                | C1 ^ -> ZN v | AOI211_X1 | 0.018 |   2.214 |    3.732 | 
     | U6584                | A1 v -> ZN ^ | NOR2_X1   | 0.025 |   2.238 |    3.757 | 
     | U6590                | B1 ^ -> ZN v | AOI21_X1  | 0.026 |   2.264 |    3.783 | 
     | U6591                | A v -> ZN ^  | INV_X1    | 0.051 |   2.315 |    3.833 | 
     | U6788                | A3 ^ -> ZN v | NAND3_X1  | 0.027 |   2.342 |    3.861 | 
     | U6790                | C2 v -> ZN ^ | OAI221_X1 | 0.094 |   2.436 |    3.955 | 
     | U7298                | B1 ^ -> ZN v | AOI21_X1  | 0.023 |   2.459 |    3.977 | 
     | U7299                | A4 v -> ZN ^ | NOR4_X1   | 0.115 |   2.574 |    4.092 | 
     | U7371                | C2 ^ -> ZN v | OAI221_X1 | 0.046 |   2.620 |    4.138 | 
     | U7373                | A1 v -> ZN ^ | NAND2_X1  | 0.046 |   2.666 |    4.184 | 
     | U7374                | A ^ -> ZN v  | INV_X1    | 0.027 |   2.693 |    4.211 | 
     | U4652                | B1 v -> ZN ^ | AOI221_X2 | 0.115 |   2.808 |    4.326 | 
     | U8633                | C2 ^ -> ZN v | OAI221_X1 | 0.045 |   2.853 |    4.372 | 
     | U8634                | B2 v -> ZN ^ | OAI21_X1  | 0.060 |   2.913 |    4.431 | 
     | U4215                | A1 ^ -> ZN v | NOR2_X1   | 0.024 |   2.937 |    4.455 | 
     | U4218                | C1 v -> ZN ^ | AOI222_X1 | 0.091 |   3.028 |    4.546 | 
     | U4219                | A ^ -> ZN v  | INV_X1    | 0.008 |   3.036 |    4.554 | 
     | p_reg_Y_temp_reg_58_ | D v          | DFF_X1    | 0.000 |   3.036 |    4.554 | 
     +------------------------------------------------------------------------------+ 
Path 8: MET Setup Check with Pin p_reg_Y_temp_reg_56_/CK 
Endpoint:   p_reg_Y_temp_reg_56_/D (v) checked with  leading edge of 'CLK'
Beginpoint: B_reg_Y_temp_reg_1_/Q  (^) triggered by  leading edge of 'CLK'
Path Groups: {CLK}
Analysis View: default
Other End Arrival Time          0.067
- Setup                         0.027
+ Phase Shift                   4.563
+ CPPR Adjustment               0.000
- Uncertainty                   0.050
= Required Time                 4.553
- Arrival Time                  3.005
= Slack Time                    1.547
     Clock Rise Edge                 0.000
     + Clock Network Latency (Prop)  0.053
     = Beginpoint Arrival Time       0.053
     +------------------------------------------------------------------------------+ 
     |       Instance       |     Arc      |   Cell    | Delay | Arrival | Required | 
     |                      |              |           |       |  Time   |   Time   | 
     |----------------------+--------------+-----------+-------+---------+----------| 
     | B_reg_Y_temp_reg_1_  | CK ^         |           |       |   0.053 |    1.601 | 
     | B_reg_Y_temp_reg_1_  | CK ^ -> Q ^  | DFF_X1    | 0.173 |   0.227 |    1.774 | 
     | U4671                | A2 ^ -> ZN v | NOR2_X1   | 0.028 |   0.255 |    1.802 | 
     | U4672                | A v -> ZN ^  | AOI21_X1  | 0.045 |   0.300 |    1.847 | 
     | FE_OFC21_n8234       | A ^ -> Z ^   | CLKBUF_X2 | 0.093 |   0.393 |    1.941 | 
     | U4673                | A ^ -> ZN v  | INV_X1    | 0.040 |   0.433 |    1.980 | 
     | U4674                | A1 v -> ZN ^ | NAND2_X1  | 0.052 |   0.484 |    2.032 | 
     | U4628                | A ^ -> ZN v  | INV_X2    | 0.044 |   0.528 |    2.076 | 
     | U4711                | B2 v -> ZN ^ | AOI22_X1  | 0.080 |   0.609 |    2.156 | 
     | U4718                | A ^ -> Z ^   | XOR2_X1   | 0.057 |   0.666 |    2.213 | 
     | U4719                | B ^ -> ZN ^  | XNOR2_X1  | 0.047 |   0.713 |    2.261 | 
     | U4720                | B ^ -> Z ^   | XOR2_X1   | 0.059 |   0.772 |    2.320 | 
     | U4721                | A ^ -> ZN v  | INV_X1    | 0.020 |   0.792 |    2.339 | 
     | U4722                | C2 v -> ZN ^ | AOI222_X1 | 0.120 |   0.911 |    2.459 | 
     | U4885                | B ^ -> Z ^   | XOR2_X1   | 0.078 |   0.990 |    2.537 | 
     | U4933                | A2 ^ -> ZN v | NAND2_X1  | 0.023 |   1.013 |    2.560 | 
     | U4955                | A2 v -> ZN ^ | NOR2_X1   | 0.054 |   1.067 |    2.614 | 
     | U4961                | B ^ -> Z ^   | XOR2_X1   | 0.056 |   1.123 |    2.670 | 
     | U4963                | A ^ -> ZN ^  | XNOR2_X1  | 0.045 |   1.168 |    2.715 | 
     | U4964                | B ^ -> Z ^   | XOR2_X1   | 0.071 |   1.238 |    2.786 | 
     | U4966                | A ^ -> ZN ^  | XNOR2_X1  | 0.058 |   1.296 |    2.844 | 
     | U4972                | B1 ^ -> ZN v | AOI21_X1  | 0.026 |   1.322 |    2.870 | 
     | U4973                | B2 v -> ZN ^ | AOI22_X1  | 0.061 |   1.384 |    2.931 | 
     | U4978                | A ^ -> S v   | FA_X1     | 0.106 |   1.490 |    3.037 | 
     | U4981                | A1 v -> ZN ^ | NOR2_X1   | 0.040 |   1.530 |    3.077 | 
     | U4982                | A ^ -> Z v   | XOR2_X1   | 0.024 |   1.554 |    3.101 | 
     | U5408                | A v -> ZN ^  | AOI211_X1 | 0.068 |   1.622 |    3.170 | 
     | U5409                | A ^ -> ZN v  | AOI21_X1  | 0.024 |   1.646 |    3.194 | 
     | U5411                | C1 v -> ZN ^ | AOI221_X1 | 0.049 |   1.695 |    3.242 | 
     | U5457                | B1 ^ -> ZN v | AOI21_X1  | 0.046 |   1.741 |    3.289 | 
     | U5505                | C1 v -> ZN ^ | AOI211_X1 | 0.048 |   1.789 |    3.336 | 
     | U5537                | B1 ^ -> ZN v | AOI221_X1 | 0.049 |   1.837 |    3.385 | 
     | U5543                | B1 v -> ZN ^ | AOI22_X1  | 0.048 |   1.885 |    3.433 | 
     | U5598                | C1 ^ -> ZN v | AOI211_X1 | 0.020 |   1.906 |    3.453 | 
     | U5663                | B1 v -> ZN ^ | AOI221_X1 | 0.104 |   2.009 |    3.557 | 
     | U4650                | A3 ^ -> ZN ^ | AND3_X1   | 0.054 |   2.063 |    3.611 | 
     | U6020                | C1 ^ -> ZN v | OAI211_X1 | 0.019 |   2.083 |    3.630 | 
     | U6021                | A2 v -> ZN ^ | NAND2_X1  | 0.028 |   2.111 |    3.658 | 
     | U6370                | A3 ^ -> ZN v | NOR3_X1   | 0.013 |   2.124 |    3.672 | 
     | U4649                | A1 v -> ZN ^ | NAND2_X1  | 0.015 |   2.139 |    3.687 | 
     | U4651                | B2 ^ -> ZN v | AOI22_X1  | 0.027 |   2.166 |    3.714 | 
     | U6461                | B1 v -> ZN ^ | AOI21_X1  | 0.029 |   2.196 |    3.743 | 
     | U6582                | C1 ^ -> ZN v | AOI211_X1 | 0.018 |   2.214 |    3.761 | 
     | U6584                | A1 v -> ZN ^ | NOR2_X1   | 0.025 |   2.238 |    3.786 | 
     | U6590                | B1 ^ -> ZN v | AOI21_X1  | 0.026 |   2.264 |    3.812 | 
     | U6591                | A v -> ZN ^  | INV_X1    | 0.051 |   2.315 |    3.862 | 
     | U6788                | A3 ^ -> ZN v | NAND3_X1  | 0.027 |   2.342 |    3.890 | 
     | U6790                | C2 v -> ZN ^ | OAI221_X1 | 0.094 |   2.436 |    3.984 | 
     | U7298                | B1 ^ -> ZN v | AOI21_X1  | 0.023 |   2.459 |    4.006 | 
     | U7299                | A4 v -> ZN ^ | NOR4_X1   | 0.115 |   2.574 |    4.121 | 
     | U7371                | C2 ^ -> ZN v | OAI221_X1 | 0.046 |   2.620 |    4.167 | 
     | U7373                | A1 v -> ZN ^ | NAND2_X1  | 0.046 |   2.666 |    4.213 | 
     | U7374                | A ^ -> ZN v  | INV_X1    | 0.027 |   2.693 |    4.240 | 
     | U4652                | B1 v -> ZN ^ | AOI221_X2 | 0.115 |   2.808 |    4.355 | 
     | U8633                | C2 ^ -> ZN v | OAI221_X1 | 0.045 |   2.853 |    4.401 | 
     | U8634                | B2 v -> ZN ^ | OAI21_X1  | 0.060 |   2.913 |    4.460 | 
     | U4215                | A1 ^ -> ZN v | NOR2_X1   | 0.024 |   2.937 |    4.484 | 
     | U4222                | B1 v -> ZN ^ | AOI22_X1  | 0.047 |   2.984 |    4.531 | 
     | U4223                | A ^ -> ZN v  | OAI21_X1  | 0.022 |   3.005 |    4.553 | 
     | p_reg_Y_temp_reg_56_ | D v          | DFF_X1    | 0.000 |   3.005 |    4.553 | 
     +------------------------------------------------------------------------------+ 
Path 9: MET Setup Check with Pin p_reg_Y_temp_reg_53_/CK 
Endpoint:   p_reg_Y_temp_reg_53_/D (v) checked with  leading edge of 'CLK'
Beginpoint: B_reg_Y_temp_reg_1_/Q  (^) triggered by  leading edge of 'CLK'
Path Groups: {CLK}
Analysis View: default
Other End Arrival Time          0.067
- Setup                         0.030
+ Phase Shift                   4.563
+ CPPR Adjustment               0.000
- Uncertainty                   0.050
= Required Time                 4.550
- Arrival Time                  2.895
= Slack Time                    1.655
     Clock Rise Edge                 0.000
     + Clock Network Latency (Prop)  0.053
     = Beginpoint Arrival Time       0.053
     +------------------------------------------------------------------------------+ 
     |       Instance       |     Arc      |   Cell    | Delay | Arrival | Required | 
     |                      |              |           |       |  Time   |   Time   | 
     |----------------------+--------------+-----------+-------+---------+----------| 
     | B_reg_Y_temp_reg_1_  | CK ^         |           |       |   0.053 |    1.708 | 
     | B_reg_Y_temp_reg_1_  | CK ^ -> Q ^  | DFF_X1    | 0.173 |   0.227 |    1.882 | 
     | U4671                | A2 ^ -> ZN v | NOR2_X1   | 0.028 |   0.255 |    1.910 | 
     | U4672                | A v -> ZN ^  | AOI21_X1  | 0.045 |   0.300 |    1.955 | 
     | FE_OFC21_n8234       | A ^ -> Z ^   | CLKBUF_X2 | 0.093 |   0.393 |    2.048 | 
     | U4673                | A ^ -> ZN v  | INV_X1    | 0.040 |   0.433 |    2.088 | 
     | U4674                | A1 v -> ZN ^ | NAND2_X1  | 0.052 |   0.484 |    2.139 | 
     | U4628                | A ^ -> ZN v  | INV_X2    | 0.044 |   0.528 |    2.183 | 
     | U4711                | B2 v -> ZN ^ | AOI22_X1  | 0.080 |   0.609 |    2.263 | 
     | U4718                | A ^ -> Z ^   | XOR2_X1   | 0.057 |   0.666 |    2.321 | 
     | U4719                | B ^ -> ZN ^  | XNOR2_X1  | 0.047 |   0.713 |    2.368 | 
     | U4720                | B ^ -> Z ^   | XOR2_X1   | 0.059 |   0.772 |    2.427 | 
     | U4721                | A ^ -> ZN v  | INV_X1    | 0.020 |   0.792 |    2.447 | 
     | U4722                | C2 v -> ZN ^ | AOI222_X1 | 0.120 |   0.911 |    2.566 | 
     | U4885                | B ^ -> Z ^   | XOR2_X1   | 0.078 |   0.990 |    2.644 | 
     | U4933                | A2 ^ -> ZN v | NAND2_X1  | 0.023 |   1.013 |    2.667 | 
     | U4955                | A2 v -> ZN ^ | NOR2_X1   | 0.054 |   1.067 |    2.722 | 
     | U4961                | B ^ -> Z ^   | XOR2_X1   | 0.056 |   1.123 |    2.778 | 
     | U4963                | A ^ -> ZN ^  | XNOR2_X1  | 0.045 |   1.168 |    2.823 | 
     | U4964                | B ^ -> Z ^   | XOR2_X1   | 0.071 |   1.238 |    2.893 | 
     | U4966                | A ^ -> ZN ^  | XNOR2_X1  | 0.058 |   1.296 |    2.951 | 
     | U4972                | B1 ^ -> ZN v | AOI21_X1  | 0.026 |   1.322 |    2.977 | 
     | U4973                | B2 v -> ZN ^ | AOI22_X1  | 0.061 |   1.384 |    3.039 | 
     | U4978                | A ^ -> S v   | FA_X1     | 0.106 |   1.490 |    3.145 | 
     | U4981                | A1 v -> ZN ^ | NOR2_X1   | 0.040 |   1.530 |    3.185 | 
     | U4982                | A ^ -> Z v   | XOR2_X1   | 0.024 |   1.554 |    3.209 | 
     | U5408                | A v -> ZN ^  | AOI211_X1 | 0.068 |   1.622 |    3.277 | 
     | U5409                | A ^ -> ZN v  | AOI21_X1  | 0.024 |   1.646 |    3.301 | 
     | U5411                | C1 v -> ZN ^ | AOI221_X1 | 0.049 |   1.695 |    3.350 | 
     | U5457                | B1 ^ -> ZN v | AOI21_X1  | 0.046 |   1.741 |    3.396 | 
     | U5505                | C1 v -> ZN ^ | AOI211_X1 | 0.048 |   1.789 |    3.444 | 
     | U5537                | B1 ^ -> ZN v | AOI221_X1 | 0.049 |   1.837 |    3.492 | 
     | U5543                | B1 v -> ZN ^ | AOI22_X1  | 0.048 |   1.885 |    3.540 | 
     | U5598                | C1 ^ -> ZN v | AOI211_X1 | 0.020 |   1.906 |    3.561 | 
     | U5663                | B1 v -> ZN ^ | AOI221_X1 | 0.104 |   2.009 |    3.664 | 
     | U4650                | A3 ^ -> ZN ^ | AND3_X1   | 0.054 |   2.063 |    3.718 | 
     | U6020                | C1 ^ -> ZN v | OAI211_X1 | 0.019 |   2.083 |    3.738 | 
     | U6021                | A2 v -> ZN ^ | NAND2_X1  | 0.028 |   2.111 |    3.766 | 
     | U6370                | A3 ^ -> ZN v | NOR3_X1   | 0.013 |   2.124 |    3.779 | 
     | U4649                | A1 v -> ZN ^ | NAND2_X1  | 0.015 |   2.139 |    3.794 | 
     | U4651                | B2 ^ -> ZN v | AOI22_X1  | 0.027 |   2.166 |    3.821 | 
     | U6461                | B1 v -> ZN ^ | AOI21_X1  | 0.029 |   2.196 |    3.850 | 
     | U6582                | C1 ^ -> ZN v | AOI211_X1 | 0.018 |   2.214 |    3.869 | 
     | U6584                | A1 v -> ZN ^ | NOR2_X1   | 0.025 |   2.238 |    3.893 | 
     | U6590                | B1 ^ -> ZN v | AOI21_X1  | 0.026 |   2.264 |    3.919 | 
     | U6591                | A v -> ZN ^  | INV_X1    | 0.051 |   2.315 |    3.970 | 
     | U6788                | A3 ^ -> ZN v | NAND3_X1  | 0.027 |   2.342 |    3.997 | 
     | U6790                | C2 v -> ZN ^ | OAI221_X1 | 0.094 |   2.436 |    4.091 | 
     | U7298                | B1 ^ -> ZN v | AOI21_X1  | 0.023 |   2.459 |    4.114 | 
     | U7299                | A4 v -> ZN ^ | NOR4_X1   | 0.115 |   2.574 |    4.228 | 
     | U7371                | C2 ^ -> ZN v | OAI221_X1 | 0.046 |   2.620 |    4.275 | 
     | U7373                | A1 v -> ZN ^ | NAND2_X1  | 0.046 |   2.666 |    4.320 | 
     | U7374                | A ^ -> ZN v  | INV_X1    | 0.027 |   2.693 |    4.348 | 
     | U4652                | B1 v -> ZN ^ | AOI221_X2 | 0.115 |   2.808 |    4.463 | 
     | U8639                | A ^ -> ZN v  | INV_X1    | 0.020 |   2.828 |    4.483 | 
     | U4232                | C1 v -> ZN ^ | OAI221_X1 | 0.042 |   2.870 |    4.525 | 
     | U4233                | A ^ -> ZN v  | OAI21_X1  | 0.025 |   2.895 |    4.550 | 
     | p_reg_Y_temp_reg_53_ | D v          | DFF_X1    | 0.000 |   2.895 |    4.550 | 
     +------------------------------------------------------------------------------+ 
Path 10: MET Setup Check with Pin p_reg_Y_temp_reg_54_/CK 
Endpoint:   p_reg_Y_temp_reg_54_/D (v) checked with  leading edge of 'CLK'
Beginpoint: B_reg_Y_temp_reg_1_/Q  (^) triggered by  leading edge of 'CLK'
Path Groups: {CLK}
Analysis View: default
Other End Arrival Time          0.067
- Setup                         0.030
+ Phase Shift                   4.563
+ CPPR Adjustment               0.000
- Uncertainty                   0.050
= Required Time                 4.549
- Arrival Time                  2.892
= Slack Time                    1.658
     Clock Rise Edge                 0.000
     + Clock Network Latency (Prop)  0.053
     = Beginpoint Arrival Time       0.053
     +------------------------------------------------------------------------------+ 
     |       Instance       |     Arc      |   Cell    | Delay | Arrival | Required | 
     |                      |              |           |       |  Time   |   Time   | 
     |----------------------+--------------+-----------+-------+---------+----------| 
     | B_reg_Y_temp_reg_1_  | CK ^         |           |       |   0.053 |    1.711 | 
     | B_reg_Y_temp_reg_1_  | CK ^ -> Q ^  | DFF_X1    | 0.173 |   0.227 |    1.884 | 
     | U4671                | A2 ^ -> ZN v | NOR2_X1   | 0.028 |   0.255 |    1.912 | 
     | U4672                | A v -> ZN ^  | AOI21_X1  | 0.045 |   0.300 |    1.957 | 
     | FE_OFC21_n8234       | A ^ -> Z ^   | CLKBUF_X2 | 0.093 |   0.393 |    2.051 | 
     | U4673                | A ^ -> ZN v  | INV_X1    | 0.040 |   0.433 |    2.090 | 
     | U4674                | A1 v -> ZN ^ | NAND2_X1  | 0.052 |   0.484 |    2.142 | 
     | U4628                | A ^ -> ZN v  | INV_X2    | 0.044 |   0.528 |    2.186 | 
     | U4711                | B2 v -> ZN ^ | AOI22_X1  | 0.080 |   0.609 |    2.266 | 
     | U4718                | A ^ -> Z ^   | XOR2_X1   | 0.057 |   0.666 |    2.323 | 
     | U4719                | B ^ -> ZN ^  | XNOR2_X1  | 0.047 |   0.713 |    2.371 | 
     | U4720                | B ^ -> Z ^   | XOR2_X1   | 0.059 |   0.772 |    2.430 | 
     | U4721                | A ^ -> ZN v  | INV_X1    | 0.020 |   0.792 |    2.449 | 
     | U4722                | C2 v -> ZN ^ | AOI222_X1 | 0.120 |   0.911 |    2.569 | 
     | U4885                | B ^ -> Z ^   | XOR2_X1   | 0.078 |   0.990 |    2.647 | 
     | U4933                | A2 ^ -> ZN v | NAND2_X1  | 0.023 |   1.013 |    2.670 | 
     | U4955                | A2 v -> ZN ^ | NOR2_X1   | 0.054 |   1.067 |    2.724 | 
     | U4961                | B ^ -> Z ^   | XOR2_X1   | 0.056 |   1.123 |    2.780 | 
     | U4963                | A ^ -> ZN ^  | XNOR2_X1  | 0.045 |   1.168 |    2.825 | 
     | U4964                | B ^ -> Z ^   | XOR2_X1   | 0.071 |   1.238 |    2.896 | 
     | U4966                | A ^ -> ZN ^  | XNOR2_X1  | 0.058 |   1.296 |    2.954 | 
     | U4972                | B1 ^ -> ZN v | AOI21_X1  | 0.026 |   1.322 |    2.980 | 
     | U4973                | B2 v -> ZN ^ | AOI22_X1  | 0.061 |   1.384 |    3.041 | 
     | U4978                | A ^ -> S v   | FA_X1     | 0.106 |   1.490 |    3.147 | 
     | U4981                | A1 v -> ZN ^ | NOR2_X1   | 0.040 |   1.530 |    3.187 | 
     | U4982                | A ^ -> Z v   | XOR2_X1   | 0.024 |   1.554 |    3.211 | 
     | U5408                | A v -> ZN ^  | AOI211_X1 | 0.068 |   1.622 |    3.280 | 
     | U5409                | A ^ -> ZN v  | AOI21_X1  | 0.024 |   1.646 |    3.304 | 
     | U5411                | C1 v -> ZN ^ | AOI221_X1 | 0.049 |   1.695 |    3.352 | 
     | U5457                | B1 ^ -> ZN v | AOI21_X1  | 0.046 |   1.741 |    3.399 | 
     | U5505                | C1 v -> ZN ^ | AOI211_X1 | 0.048 |   1.789 |    3.446 | 
     | U5537                | B1 ^ -> ZN v | AOI221_X1 | 0.049 |   1.837 |    3.495 | 
     | U5543                | B1 v -> ZN ^ | AOI22_X1  | 0.048 |   1.885 |    3.543 | 
     | U5598                | C1 ^ -> ZN v | AOI211_X1 | 0.020 |   1.906 |    3.563 | 
     | U5663                | B1 v -> ZN ^ | AOI221_X1 | 0.104 |   2.009 |    3.667 | 
     | U4650                | A3 ^ -> ZN ^ | AND3_X1   | 0.054 |   2.063 |    3.721 | 
     | U6020                | C1 ^ -> ZN v | OAI211_X1 | 0.019 |   2.083 |    3.740 | 
     | U6021                | A2 v -> ZN ^ | NAND2_X1  | 0.028 |   2.111 |    3.768 | 
     | U6370                | A3 ^ -> ZN v | NOR3_X1   | 0.013 |   2.124 |    3.782 | 
     | U4649                | A1 v -> ZN ^ | NAND2_X1  | 0.015 |   2.139 |    3.797 | 
     | U4651                | B2 ^ -> ZN v | AOI22_X1  | 0.027 |   2.166 |    3.824 | 
     | U6461                | B1 v -> ZN ^ | AOI21_X1  | 0.029 |   2.196 |    3.853 | 
     | U6582                | C1 ^ -> ZN v | AOI211_X1 | 0.018 |   2.214 |    3.871 | 
     | U6584                | A1 v -> ZN ^ | NOR2_X1   | 0.025 |   2.238 |    3.896 | 
     | U6590                | B1 ^ -> ZN v | AOI21_X1  | 0.026 |   2.264 |    3.922 | 
     | U6591                | A v -> ZN ^  | INV_X1    | 0.051 |   2.315 |    3.972 | 
     | U6788                | A3 ^ -> ZN v | NAND3_X1  | 0.027 |   2.342 |    4.000 | 
     | U6790                | C2 v -> ZN ^ | OAI221_X1 | 0.094 |   2.436 |    4.094 | 
     | U7298                | B1 ^ -> ZN v | AOI21_X1  | 0.023 |   2.459 |    4.116 | 
     | U7299                | A4 v -> ZN ^ | NOR4_X1   | 0.115 |   2.574 |    4.231 | 
     | U7371                | C2 ^ -> ZN v | OAI221_X1 | 0.046 |   2.620 |    4.277 | 
     | U7373                | A1 v -> ZN ^ | NAND2_X1  | 0.046 |   2.666 |    4.323 | 
     | U7374                | A ^ -> ZN v  | INV_X1    | 0.027 |   2.693 |    4.350 | 
     | U4652                | B1 v -> ZN ^ | AOI221_X2 | 0.115 |   2.808 |    4.465 | 
     | U8639                | A ^ -> ZN v  | INV_X1    | 0.020 |   2.828 |    4.486 | 
     | U4229                | C1 v -> ZN ^ | OAI221_X1 | 0.039 |   2.868 |    4.525 | 
     | U4230                | A ^ -> ZN v  | OAI21_X1  | 0.024 |   2.892 |    4.549 | 
     | p_reg_Y_temp_reg_54_ | D v          | DFF_X1    | 0.000 |   2.892 |    4.549 | 
     +------------------------------------------------------------------------------+ 

