###############################################################
#  Generated by:      Cadence Innovus 23.35-s106_1
#  OS:                Linux x86_64(Host ID microsys.openstack.polito)
#  Generated on:      Sat Oct 10 23:00:40 2026
#  Design:            boothmul_registered
#  Command:           report_ccopt_skew_groups -file reports/05_skew_groups.rpt
###############################################################

Skew Group Structure:
=====================

-----------------------------------------------------------------------------
Skew Group                Sources    Constrained Sinks    Unconstrained Sinks
-----------------------------------------------------------------------------
CLK/coherent-synthesis       1              128                    0
-----------------------------------------------------------------------------

Skew Group Summary:
===================

---------------------------------------------------------------------------------------------------------------------------------------------------------------------------
Timing Corner         Skew Group                ID Target    Min ID    Max ID    Avg ID    Std.Dev. ID    Skew Target Type    Skew Target    Skew     Skew window occupancy
---------------------------------------------------------------------------------------------------------------------------------------------------------------------------
std-typ:both.early    CLK/coherent-synthesis        -        0.059     0.076     0.068        0.006       ignored                  -         0.017              -
std-typ:both.late     CLK/coherent-synthesis    *0.050       0.059     0.076     0.068        0.006       explicit             0.050         0.017    100% {0.059, 0.076}
---------------------------------------------------------------------------------------------------------------------------------------------------------------------------

* - indicates that target was not met.

Skew Group Min/Max path pins:
=============================

------------------------------------------------------------------------------------
Timing Corner         Skew Group                Min ID    PathID    Max ID    PathID
------------------------------------------------------------------------------------
std-typ:both.early    CLK/coherent-synthesis    0.059       1       0.076       2
-    min p_reg_Y_temp_reg_40_/CK
-    max p_reg_Y_temp_reg_52_/CK
std-typ:both.late     CLK/coherent-synthesis    0.059       3       0.076       4
-    min p_reg_Y_temp_reg_40_/CK
-    max p_reg_Y_temp_reg_52_/CK
------------------------------------------------------------------------------------

Timing for timing corner std-typ:both.early, min clock_path:
============================================================

PathID    : 1
Path type : skew group CLK/coherent-synthesis (path 1 of 1)
Start     : CLK
End       : p_reg_Y_temp_reg_40_/CK
Delay     : 0.059

-----------------------------------------------------------------------------------------------
Name  Lib cell   Event  Incr   Arrival  Slew   Cap     Location        Distance  Fanout  Status
                        (ns)   (ns)     (ns)   (fF)                    (um)              
-- Clockpath trace ----------------------------------------------------------------------------
CLK
-     -          rise   -       0.000   0.002  19.452  (60.665,0.000)  -            4    
CTS_ccl_a_buf_00003/A
-     CLKBUF_X3  rise   0.000   0.000   0.002  -       (56.180,8.715)   13.200   -       
CTS_ccl_a_buf_00003/Z
-     CLKBUF_X3  rise   0.057   0.058   0.041  48.498  (55.815,9.060)    0.710     32    
p_reg_Y_temp_reg_40_/CK
-     DFF_X1     rise   0.002   0.059   0.041  -       (47.730,8.710)    8.435   -       
-----------------------------------------------------------------------------------------------

Timing for timing corner std-typ:both.early, max clock_path:
============================================================

PathID    : 2
Path type : skew group CLK/coherent-synthesis (path 1 of 1)
Start     : CLK
End       : p_reg_Y_temp_reg_52_/CK
Delay     : 0.076

------------------------------------------------------------------------------------------------
Name  Lib cell   Event  Incr   Arrival  Slew   Cap     Location         Distance  Fanout  Status
                        (ns)   (ns)     (ns)   (fF)                     (um)              
-- Clockpath trace -----------------------------------------------------------------------------
CLK
-     -          rise   -       0.000   0.002  19.452  (60.665,0.000)   -            4    
CTS_ccl_a_buf_00001/A
-     CLKBUF_X3  rise   0.001   0.001   0.002  -       (96.010,40.565)   75.910   -       
CTS_ccl_a_buf_00001/Z
-     CLKBUF_X3  rise   0.072   0.074   0.048  61.266  (96.375,40.220)    0.710     49    
p_reg_Y_temp_reg_52_/CK
-     DFF_X1     rise   0.002   0.076   0.048  -       (93.900,11.510)   31.185   -       
------------------------------------------------------------------------------------------------

Timing for timing corner std-typ:both.late, min clock_path:
===========================================================

PathID    : 3
Path type : skew group CLK/coherent-synthesis (path 1 of 1)
Start     : CLK
End       : p_reg_Y_temp_reg_40_/CK
Delay     : 0.059

-----------------------------------------------------------------------------------------------
Name  Lib cell   Event  Incr   Arrival  Slew   Cap     Location        Distance  Fanout  Status
                        (ns)   (ns)     (ns)   (fF)                    (um)              
-- Clockpath trace ----------------------------------------------------------------------------
CLK
-     -          rise   -       0.000   0.002  19.452  (60.665,0.000)  -            4    
CTS_ccl_a_buf_00003/A
-     CLKBUF_X3  rise   0.000   0.000   0.002  -       (56.180,8.715)   13.200   -       
CTS_ccl_a_buf_00003/Z
-     CLKBUF_X3  rise   0.057   0.058   0.041  48.498  (55.815,9.060)    0.710     32    
p_reg_Y_temp_reg_40_/CK
-     DFF_X1     rise   0.002   0.059   0.041  -       (47.730,8.710)    8.435   -       
-----------------------------------------------------------------------------------------------

Timing for timing corner std-typ:both.late, max clock_path:
===========================================================

PathID    : 4
Path type : skew group CLK/coherent-synthesis (path 1 of 1)
Start     : CLK
End       : p_reg_Y_temp_reg_52_/CK
Delay     : 0.076

------------------------------------------------------------------------------------------------
Name  Lib cell   Event  Incr   Arrival  Slew   Cap     Location         Distance  Fanout  Status
                        (ns)   (ns)     (ns)   (fF)                     (um)              
-- Clockpath trace -----------------------------------------------------------------------------
CLK
-     -          rise   -       0.000   0.002  19.452  (60.665,0.000)   -            4    
CTS_ccl_a_buf_00001/A
-     CLKBUF_X3  rise   0.001   0.001   0.002  -       (96.010,40.565)   75.910   -       
CTS_ccl_a_buf_00001/Z
-     CLKBUF_X3  rise   0.073   0.074   0.048  61.266  (96.375,40.220)    0.710     49    
p_reg_Y_temp_reg_52_/CK
-     DFF_X1     rise   0.002   0.076   0.048  -       (93.900,11.510)   31.185   -       
------------------------------------------------------------------------------------------------

