###############################################################
#  Generated by:      Cadence Innovus 23.35-s106_1
#  OS:                Linux x86_64(Host ID microsys.openstack.polito)
#  Generated on:      Sat Oct 10 21:26:48 2026
#  Design:            boothmul_registered
#  Command:           report_timing -early -max_paths 10 > reports/10_hold_paths.rpt
###############################################################
Path 1: MET Hold Check with Pin p_reg_Y_temp_reg_23_/CK 
Endpoint:   p_reg_Y_temp_reg_23_/D  (v) checked with  leading edge of 'CLK'
Beginpoint: p_reg_Y_temp_reg_23_/QN (^) triggered by  leading edge of 'CLK'
Path Groups: {CLK}
Analysis View: default
Other End Arrival Time          0.054
+ Hold                          0.011
+ Phase Shift                   0.000
- CPPR Adjustment               0.000
+ Uncertainty                   0.050
= Required Time                 0.115
  Arrival Time                  0.161
  Slack Time                    0.046
     Clock Rise Edge                 0.000
     + Clock Network Latency (Prop)  0.072
     = Beginpoint Arrival Time       0.072
     +-----------------------------------------------------------------------------+ 
     |       Instance       |     Arc      |   Cell   | Delay | Arrival | Required | 
     |                      |              |          |       |  Time   |   Time   | 
     |----------------------+--------------+----------+-------+---------+----------| 
     | p_reg_Y_temp_reg_23_ | CK ^         |          |       |   0.072 |    0.025 | 
     | p_reg_Y_temp_reg_23_ | CK ^ -> QN ^ | DFF_X1   | 0.077 |   0.148 |    0.102 | 
     | U2228                | B1 ^ -> ZN v | OAI21_X1 | 0.013 |   0.161 |    0.115 | 
     | p_reg_Y_temp_reg_23_ | D v          | DFF_X1   | 0.000 |   0.161 |    0.115 | 
     +-----------------------------------------------------------------------------+ 
Path 2: MET Hold Check with Pin p_reg_Y_temp_reg_20_/CK 
Endpoint:   p_reg_Y_temp_reg_20_/D  (v) checked with  leading edge of 'CLK'
Beginpoint: p_reg_Y_temp_reg_20_/QN (^) triggered by  leading edge of 'CLK'
Path Groups: {CLK}
Analysis View: default
Other End Arrival Time          0.054
+ Hold                          0.011
+ Phase Shift                   0.000
- CPPR Adjustment               0.000
+ Uncertainty                   0.050
= Required Time                 0.115
  Arrival Time                  0.161
  Slack Time                    0.046
     Clock Rise Edge                 0.000
     + Clock Network Latency (Prop)  0.072
     = Beginpoint Arrival Time       0.072
     +-----------------------------------------------------------------------------+ 
     |       Instance       |     Arc      |   Cell   | Delay | Arrival | Required | 
     |                      |              |          |       |  Time   |   Time   | 
     |----------------------+--------------+----------+-------+---------+----------| 
     | p_reg_Y_temp_reg_20_ | CK ^         |          |       |   0.072 |    0.025 | 
     | p_reg_Y_temp_reg_20_ | CK ^ -> QN ^ | DFF_X1   | 0.077 |   0.149 |    0.102 | 
     | U2238                | B1 ^ -> ZN v | OAI21_X1 | 0.013 |   0.161 |    0.115 | 
     | p_reg_Y_temp_reg_20_ | D v          | DFF_X1   | 0.000 |   0.161 |    0.115 | 
     +-----------------------------------------------------------------------------+ 
Path 3: MET Hold Check with Pin p_reg_Y_temp_reg_21_/CK 
Endpoint:   p_reg_Y_temp_reg_21_/D  (v) checked with  leading edge of 'CLK'
Beginpoint: p_reg_Y_temp_reg_21_/QN (^) triggered by  leading edge of 'CLK'
Path Groups: {CLK}
Analysis View: default
Other End Arrival Time          0.054
+ Hold                          0.011
+ Phase Shift                   0.000
- CPPR Adjustment               0.000
+ Uncertainty                   0.050
= Required Time                 0.115
  Arrival Time                  0.162
  Slack Time                    0.047
     Clock Rise Edge                 0.000
     + Clock Network Latency (Prop)  0.072
     = Beginpoint Arrival Time       0.072
     +-----------------------------------------------------------------------------+ 
     |       Instance       |     Arc      |   Cell   | Delay | Arrival | Required | 
     |                      |              |          |       |  Time   |   Time   | 
     |----------------------+--------------+----------+-------+---------+----------| 
     | p_reg_Y_temp_reg_21_ | CK ^         |          |       |   0.072 |    0.025 | 
     | p_reg_Y_temp_reg_21_ | CK ^ -> QN ^ | DFF_X1   | 0.077 |   0.149 |    0.102 | 
     | U2234                | B1 ^ -> ZN v | OAI21_X1 | 0.013 |   0.162 |    0.115 | 
     | p_reg_Y_temp_reg_21_ | D v          | DFF_X1   | 0.000 |   0.162 |    0.115 | 
     +-----------------------------------------------------------------------------+ 
Path 4: MET Hold Check with Pin p_reg_Y_temp_reg_0_/CK 
Endpoint:   p_reg_Y_temp_reg_0_/D  (v) checked with  leading edge of 'CLK'
Beginpoint: p_reg_Y_temp_reg_0_/QN (^) triggered by  leading edge of 'CLK'
Path Groups: {CLK}
Analysis View: default
Other End Arrival Time          0.054
+ Hold                          0.011
+ Phase Shift                   0.000
- CPPR Adjustment               0.000
+ Uncertainty                   0.050
= Required Time                 0.115
  Arrival Time                  0.162
  Slack Time                    0.047
     Clock Rise Edge                 0.000
     + Clock Network Latency (Prop)  0.072
     = Beginpoint Arrival Time       0.072
     +----------------------------------------------------------------------------+ 
     |      Instance       |     Arc      |   Cell   | Delay | Arrival | Required | 
     |                     |              |          |       |  Time   |   Time   | 
     |---------------------+--------------+----------+-------+---------+----------| 
     | p_reg_Y_temp_reg_0_ | CK ^         |          |       |   0.072 |    0.025 | 
     | p_reg_Y_temp_reg_0_ | CK ^ -> QN ^ | DFF_X1   | 0.077 |   0.149 |    0.102 | 
     | U7460               | A2 ^ -> ZN v | OAI22_X1 | 0.013 |   0.162 |    0.115 | 
     | p_reg_Y_temp_reg_0_ | D v          | DFF_X1   | 0.000 |   0.162 |    0.115 | 
     +----------------------------------------------------------------------------+ 
Path 5: MET Hold Check with Pin p_reg_Y_temp_reg_22_/CK 
Endpoint:   p_reg_Y_temp_reg_22_/D  (v) checked with  leading edge of 'CLK'
Beginpoint: p_reg_Y_temp_reg_22_/QN (^) triggered by  leading edge of 'CLK'
Path Groups: {CLK}
Analysis View: default
Other End Arrival Time          0.054
+ Hold                          0.012
+ Phase Shift                   0.000
- CPPR Adjustment               0.000
+ Uncertainty                   0.050
= Required Time                 0.116
  Arrival Time                  0.164
  Slack Time                    0.048
     Clock Rise Edge                 0.000
     + Clock Network Latency (Prop)  0.072
     = Beginpoint Arrival Time       0.072
     +-----------------------------------------------------------------------------+ 
     |       Instance       |     Arc      |   Cell   | Delay | Arrival | Required | 
     |                      |              |          |       |  Time   |   Time   | 
     |----------------------+--------------+----------+-------+---------+----------| 
     | p_reg_Y_temp_reg_22_ | CK ^         |          |       |   0.072 |    0.023 | 
     | p_reg_Y_temp_reg_22_ | CK ^ -> QN ^ | DFFS_X1  | 0.080 |   0.151 |    0.103 | 
     | U2231                | B1 ^ -> ZN v | OAI21_X1 | 0.013 |   0.164 |    0.116 | 
     | p_reg_Y_temp_reg_22_ | D v          | DFFS_X1  | 0.000 |   0.164 |    0.116 | 
     +-----------------------------------------------------------------------------+ 
Path 6: MET Hold Check with Pin B_reg_Y_temp_reg_30_/CK 
Endpoint:   B_reg_Y_temp_reg_30_/D  (v) checked with  leading edge of 'CLK'
Beginpoint: B_reg_Y_temp_reg_30_/QN (^) triggered by  leading edge of 'CLK'
Path Groups: {CLK}
Analysis View: default
Other End Arrival Time          0.053
+ Hold                          0.011
+ Phase Shift                   0.000
- CPPR Adjustment               0.000
+ Uncertainty                   0.050
= Required Time                 0.114
  Arrival Time                  0.178
  Slack Time                    0.064
     Clock Rise Edge                 0.000
     + Clock Network Latency (Prop)  0.071
     = Beginpoint Arrival Time       0.071
     +-----------------------------------------------------------------------------+ 
     |       Instance       |     Arc      |   Cell   | Delay | Arrival | Required | 
     |                      |              |          |       |  Time   |   Time   | 
     |----------------------+--------------+----------+-------+---------+----------| 
     | B_reg_Y_temp_reg_30_ | CK ^         |          |       |   0.071 |    0.007 | 
     | B_reg_Y_temp_reg_30_ | CK ^ -> QN ^ | DFF_X1   | 0.074 |   0.145 |    0.081 | 
     | U7367                | A1 ^ -> ZN ^ | OR2_X1   | 0.022 |   0.167 |    0.103 | 
     | U7500                | A2 ^ -> ZN v | NAND2_X1 | 0.012 |   0.178 |    0.114 | 
     | B_reg_Y_temp_reg_30_ | D v          | DFF_X1   | 0.000 |   0.178 |    0.114 | 
     +-----------------------------------------------------------------------------+ 
Path 7: MET Hold Check with Pin B_reg_Y_temp_reg_20_/CK 
Endpoint:   B_reg_Y_temp_reg_20_/D  (v) checked with  leading edge of 'CLK'
Beginpoint: B_reg_Y_temp_reg_20_/QN (^) triggered by  leading edge of 'CLK'
Path Groups: {CLK}
Analysis View: default
Other End Arrival Time          0.049
+ Hold                          0.011
+ Phase Shift                   0.000
- CPPR Adjustment               0.000
+ Uncertainty                   0.050
= Required Time                 0.110
  Arrival Time                  0.175
  Slack Time                    0.064
     Clock Rise Edge                 0.000
     + Clock Network Latency (Prop)  0.067
     = Beginpoint Arrival Time       0.067
     +-----------------------------------------------------------------------------+ 
     |       Instance       |     Arc      |   Cell   | Delay | Arrival | Required | 
     |                      |              |          |       |  Time   |   Time   | 
     |----------------------+--------------+----------+-------+---------+----------| 
     | B_reg_Y_temp_reg_20_ | CK ^         |          |       |   0.067 |    0.003 | 
     | B_reg_Y_temp_reg_20_ | CK ^ -> QN ^ | DFF_X1   | 0.074 |   0.141 |    0.077 | 
     | U7364                | A1 ^ -> ZN ^ | OR2_X1   | 0.022 |   0.163 |    0.099 | 
     | U7454                | A2 ^ -> ZN v | NAND2_X1 | 0.012 |   0.175 |    0.110 | 
     | B_reg_Y_temp_reg_20_ | D v          | DFF_X1   | 0.000 |   0.175 |    0.110 | 
     +-----------------------------------------------------------------------------+ 
Path 8: MET Hold Check with Pin B_reg_Y_temp_reg_26_/CK 
Endpoint:   B_reg_Y_temp_reg_26_/D  (v) checked with  leading edge of 'CLK'
Beginpoint: B_reg_Y_temp_reg_26_/QN (^) triggered by  leading edge of 'CLK'
Path Groups: {CLK}
Analysis View: default
Other End Arrival Time          0.052
+ Hold                          0.011
+ Phase Shift                   0.000
- CPPR Adjustment               0.000
+ Uncertainty                   0.050
= Required Time                 0.113
  Arrival Time                  0.178
  Slack Time                    0.064
     Clock Rise Edge                 0.000
     + Clock Network Latency (Prop)  0.070
     = Beginpoint Arrival Time       0.070
     +-----------------------------------------------------------------------------+ 
     |       Instance       |     Arc      |   Cell   | Delay | Arrival | Required | 
     |                      |              |          |       |  Time   |   Time   | 
     |----------------------+--------------+----------+-------+---------+----------| 
     | B_reg_Y_temp_reg_26_ | CK ^         |          |       |   0.070 |    0.006 | 
     | B_reg_Y_temp_reg_26_ | CK ^ -> QN ^ | DFF_X1   | 0.074 |   0.144 |    0.080 | 
     | U7360                | A1 ^ -> ZN ^ | OR2_X1   | 0.022 |   0.166 |    0.102 | 
     | U7509                | A2 ^ -> ZN v | NAND2_X1 | 0.012 |   0.178 |    0.113 | 
     | B_reg_Y_temp_reg_26_ | D v          | DFF_X1   | 0.000 |   0.178 |    0.113 | 
     +-----------------------------------------------------------------------------+ 
Path 9: MET Hold Check with Pin B_reg_Y_temp_reg_24_/CK 
Endpoint:   B_reg_Y_temp_reg_24_/D  (v) checked with  leading edge of 'CLK'
Beginpoint: B_reg_Y_temp_reg_24_/QN (^) triggered by  leading edge of 'CLK'
Path Groups: {CLK}
Analysis View: default
Other End Arrival Time          0.052
+ Hold                          0.011
+ Phase Shift                   0.000
- CPPR Adjustment               0.000
+ Uncertainty                   0.050
= Required Time                 0.112
  Arrival Time                  0.177
  Slack Time                    0.064
     Clock Rise Edge                 0.000
     + Clock Network Latency (Prop)  0.069
     = Beginpoint Arrival Time       0.069
     +-----------------------------------------------------------------------------+ 
     |       Instance       |     Arc      |   Cell   | Delay | Arrival | Required | 
     |                      |              |          |       |  Time   |   Time   | 
     |----------------------+--------------+----------+-------+---------+----------| 
     | B_reg_Y_temp_reg_24_ | CK ^         |          |       |   0.069 |    0.005 | 
     | B_reg_Y_temp_reg_24_ | CK ^ -> QN ^ | DFF_X1   | 0.074 |   0.143 |    0.079 | 
     | U7374                | A1 ^ -> ZN ^ | OR2_X1   | 0.022 |   0.165 |    0.101 | 
     | U7513                | A2 ^ -> ZN v | NAND2_X1 | 0.012 |   0.177 |    0.112 | 
     | B_reg_Y_temp_reg_24_ | D v          | DFF_X1   | 0.000 |   0.177 |    0.112 | 
     +-----------------------------------------------------------------------------+ 
Path 10: MET Hold Check with Pin p_reg_Y_temp_reg_12_/CK 
Endpoint:   p_reg_Y_temp_reg_12_/D  (v) checked with  leading edge of 'CLK'
Beginpoint: p_reg_Y_temp_reg_12_/QN (^) triggered by  leading edge of 'CLK'
Path Groups: {CLK}
Analysis View: default
Other End Arrival Time          0.054
+ Hold                          0.011
+ Phase Shift                   0.000
- CPPR Adjustment               0.000
+ Uncertainty                   0.050
= Required Time                 0.115
  Arrival Time                  0.179
  Slack Time                    0.064
     Clock Rise Edge                 0.000
     + Clock Network Latency (Prop)  0.072
     = Beginpoint Arrival Time       0.072
     +-----------------------------------------------------------------------------+ 
     |       Instance       |     Arc      |   Cell   | Delay | Arrival | Required | 
     |                      |              |          |       |  Time   |   Time   | 
     |----------------------+--------------+----------+-------+---------+----------| 
     | p_reg_Y_temp_reg_12_ | CK ^         |          |       |   0.072 |    0.007 | 
     | p_reg_Y_temp_reg_12_ | CK ^ -> QN ^ | DFF_X1   | 0.074 |   0.146 |    0.081 | 
     | U7388                | A1 ^ -> ZN ^ | OR2_X1   | 0.022 |   0.168 |    0.103 | 
     | U7549                | A2 ^ -> ZN v | NAND2_X1 | 0.012 |   0.179 |    0.115 | 
     | p_reg_Y_temp_reg_12_ | D v          | DFF_X1   | 0.000 |   0.179 |    0.115 | 
     +-----------------------------------------------------------------------------+ 

