###############################################################
#  Generated by:      Cadence Innovus 23.35-s106_1
#  OS:                Linux x86_64(Host ID microsys.openstack.polito)
#  Generated on:      Sat Oct 10 21:42:28 2026
#  Design:            boothmul_registered
#  Command:           report_timing -max_paths 10 > reports/10_setup_paths.rpt
###############################################################
Path 1: MET Setup Check with Pin p_reg_Y_temp_reg_49_/CK 
Endpoint:   p_reg_Y_temp_reg_49_/D (^) checked with  leading edge of 'CLK'
Beginpoint: B_reg_Y_temp_reg_10_/Q (v) triggered by  leading edge of 'CLK'
Path Groups: {CLK}
Analysis View: default
Other End Arrival Time          0.066
- Setup                         0.032
+ Phase Shift                   1.899
+ CPPR Adjustment               0.000
- Uncertainty                   0.050
= Required Time                 1.882
- Arrival Time                  1.773
= Slack Time                    0.109
     Clock Rise Edge                 0.000
     + Clock Network Latency (Prop)  0.052
     = Beginpoint Arrival Time       0.052
     +------------------------------------------------------------------------------+ 
     |       Instance       |     Arc      |   Cell    | Delay | Arrival | Required | 
     |                      |              |           |       |  Time   |   Time   | 
     |----------------------+--------------+-----------+-------+---------+----------| 
     | B_reg_Y_temp_reg_10_ | CK ^         |           |       |   0.052 |    0.161 | 
     | B_reg_Y_temp_reg_10_ | CK ^ -> Q v  | DFF_X1    | 0.093 |   0.144 |    0.254 | 
     | FE_OFC41_B_i_10      | A v -> Z v   | CLKBUF_X2 | 0.112 |   0.256 |    0.365 | 
     | U826                 | A2 v -> ZN ^ | NAND2_X1  | 0.056 |   0.312 |    0.421 | 
     | U847                 | A2 ^ -> ZN v | NAND2_X1  | 0.017 |   0.329 |    0.438 | 
     | U848                 | A v -> ZN ^  | AOI21_X1  | 0.060 |   0.388 |    0.498 | 
     | U880                 | B1 ^ -> ZN v | OAI21_X1  | 0.019 |   0.408 |    0.517 | 
     | U881                 | A v -> ZN ^  | AOI21_X1  | 0.072 |   0.480 |    0.590 | 
     | FE_OFC3_n657         | A ^ -> Z ^   | CLKBUF_X1 | 0.123 |   0.603 |    0.712 | 
     | U1296                | B1 ^ -> ZN v | OAI21_X1  | 0.026 |   0.629 |    0.738 | 
     | U1299                | A v -> ZN v  | XNOR2_X1  | 0.042 |   0.671 |    0.780 | 
     | FE_OFC51_n983        | A v -> Z v   | CLKBUF_X1 | 0.106 |   0.777 |    0.886 | 
     | U1814                | B1 v -> ZN ^ | OAI21_X1  | 0.057 |   0.834 |    0.943 | 
     | U1815                | A ^ -> Z ^   | XOR2_X1   | 0.061 |   0.895 |    1.004 | 
     | U1861                | B ^ -> S v   | FA_X1     | 0.101 |   0.996 |    1.105 | 
     | U2401                | CI v -> CO v | FA_X1     | 0.073 |   1.069 |    1.179 | 
     | U2397                | CI v -> S ^  | FA_X1     | 0.117 |   1.186 |    1.296 | 
     | U2399                | CI ^ -> S v  | FA_X1     | 0.095 |   1.281 |    1.390 | 
     | U2405                | A1 v -> ZN v | OR2_X1    | 0.055 |   1.335 |    1.445 | 
     | U2406                | A2 v -> ZN ^ | NAND2_X1  | 0.023 |   1.359 |    1.468 | 
     | U2428                | B2 ^ -> ZN v | OAI21_X1  | 0.017 |   1.376 |    1.485 | 
     | U2429                | A v -> ZN ^  | AOI21_X1  | 0.075 |   1.451 |    1.560 | 
     | U2437                | B2 ^ -> ZN v | OAI21_X1  | 0.046 |   1.497 |    1.606 | 
     | U2458                | B2 v -> ZN ^ | AOI21_X1  | 0.064 |   1.561 |    1.670 | 
     | U2459                | A ^ -> ZN v  | INV_X1    | 0.043 |   1.604 |    1.713 | 
     | U672                 | A2 v -> ZN v | OR2_X1    | 0.058 |   1.662 |    1.771 | 
     | U506                 | A1 v -> ZN v | AND2_X1   | 0.030 |   1.692 |    1.801 | 
     | U723                 | A v -> Z v   | XOR2_X1   | 0.050 |   1.742 |    1.851 | 
     | U3377                | B2 v -> ZN ^ | OAI21_X1  | 0.031 |   1.773 |    1.882 | 
     | p_reg_Y_temp_reg_49_ | D ^          | DFF_X1    | 0.000 |   1.773 |    1.882 | 
     +------------------------------------------------------------------------------+ 
Path 2: MET Setup Check with Pin p_reg_Y_temp_reg_55_/CK 
Endpoint:   p_reg_Y_temp_reg_55_/D (v) checked with  leading edge of 'CLK'
Beginpoint: B_reg_Y_temp_reg_10_/Q (v) triggered by  leading edge of 'CLK'
Path Groups: {CLK}
Analysis View: default
Other End Arrival Time          0.065
- Setup                         0.033
+ Phase Shift                   1.899
+ CPPR Adjustment               0.000
- Uncertainty                   0.050
= Required Time                 1.881
- Arrival Time                  1.771
= Slack Time                    0.109
     Clock Rise Edge                 0.000
     + Clock Network Latency (Prop)  0.052
     = Beginpoint Arrival Time       0.052
     +------------------------------------------------------------------------------+ 
     |       Instance       |     Arc      |   Cell    | Delay | Arrival | Required | 
     |                      |              |           |       |  Time   |   Time   | 
     |----------------------+--------------+-----------+-------+---------+----------| 
     | B_reg_Y_temp_reg_10_ | CK ^         |           |       |   0.052 |    0.161 | 
     | B_reg_Y_temp_reg_10_ | CK ^ -> Q v  | DFF_X1    | 0.093 |   0.144 |    0.254 | 
     | FE_OFC41_B_i_10      | A v -> Z v   | CLKBUF_X2 | 0.112 |   0.256 |    0.365 | 
     | U826                 | A2 v -> ZN ^ | NAND2_X1  | 0.056 |   0.312 |    0.421 | 
     | U847                 | A2 ^ -> ZN v | NAND2_X1  | 0.017 |   0.329 |    0.438 | 
     | U848                 | A v -> ZN ^  | AOI21_X1  | 0.060 |   0.388 |    0.498 | 
     | U880                 | B1 ^ -> ZN v | OAI21_X1  | 0.019 |   0.408 |    0.517 | 
     | U881                 | A v -> ZN ^  | AOI21_X1  | 0.072 |   0.480 |    0.590 | 
     | FE_OFC3_n657         | A ^ -> Z ^   | CLKBUF_X1 | 0.123 |   0.603 |    0.712 | 
     | U1296                | B1 ^ -> ZN v | OAI21_X1  | 0.026 |   0.629 |    0.738 | 
     | U1299                | A v -> ZN v  | XNOR2_X1  | 0.042 |   0.671 |    0.780 | 
     | FE_OFC51_n983        | A v -> Z v   | CLKBUF_X1 | 0.106 |   0.777 |    0.886 | 
     | U1814                | B1 v -> ZN ^ | OAI21_X1  | 0.057 |   0.834 |    0.943 | 
     | U1815                | A ^ -> Z ^   | XOR2_X1   | 0.061 |   0.895 |    1.004 | 
     | U1861                | B ^ -> S v   | FA_X1     | 0.101 |   0.996 |    1.105 | 
     | U2401                | CI v -> CO v | FA_X1     | 0.073 |   1.069 |    1.179 | 
     | U2397                | CI v -> S ^  | FA_X1     | 0.117 |   1.186 |    1.296 | 
     | U2399                | CI ^ -> S v  | FA_X1     | 0.095 |   1.281 |    1.390 | 
     | U2405                | A1 v -> ZN v | OR2_X1    | 0.055 |   1.335 |    1.445 | 
     | U2406                | A2 v -> ZN ^ | NAND2_X1  | 0.023 |   1.359 |    1.468 | 
     | U2428                | B2 ^ -> ZN v | OAI21_X1  | 0.017 |   1.376 |    1.485 | 
     | U2429                | A v -> ZN ^  | AOI21_X1  | 0.075 |   1.451 |    1.560 | 
     | U2437                | B2 ^ -> ZN v | OAI21_X1  | 0.046 |   1.497 |    1.606 | 
     | U2458                | B2 v -> ZN ^ | AOI21_X1  | 0.064 |   1.561 |    1.670 | 
     | U2459                | A ^ -> ZN v  | INV_X1    | 0.043 |   1.604 |    1.713 | 
     | U695                 | A2 v -> ZN ^ | NAND2_X1  | 0.030 |   1.633 |    1.743 | 
     | U665                 | A2 ^ -> ZN v | NAND4_X1  | 0.038 |   1.672 |    1.781 | 
     | U2822                | B1 v -> ZN ^ | AOI21_X1  | 0.037 |   1.708 |    1.818 | 
     | U2840                | A ^ -> ZN ^  | XNOR2_X1  | 0.046 |   1.754 |    1.864 | 
     | U3382                | B1 ^ -> ZN v | OAI21_X1  | 0.017 |   1.771 |    1.881 | 
     | p_reg_Y_temp_reg_55_ | D v          | DFF_X1    | 0.000 |   1.771 |    1.881 | 
     +------------------------------------------------------------------------------+ 
Path 3: MET Setup Check with Pin p_reg_Y_temp_reg_47_/CK 
Endpoint:   p_reg_Y_temp_reg_47_/D (^) checked with  leading edge of 'CLK'
Beginpoint: B_reg_Y_temp_reg_10_/Q (v) triggered by  leading edge of 'CLK'
Path Groups: {CLK}
Analysis View: default
Other End Arrival Time          0.066
- Setup                         0.031
+ Phase Shift                   1.899
+ CPPR Adjustment               0.000
- Uncertainty                   0.050
= Required Time                 1.884
- Arrival Time                  1.774
= Slack Time                    0.110
     Clock Rise Edge                 0.000
     + Clock Network Latency (Prop)  0.052
     = Beginpoint Arrival Time       0.052
     +------------------------------------------------------------------------------+ 
     |       Instance       |     Arc      |   Cell    | Delay | Arrival | Required | 
     |                      |              |           |       |  Time   |   Time   | 
     |----------------------+--------------+-----------+-------+---------+----------| 
     | B_reg_Y_temp_reg_10_ | CK ^         |           |       |   0.052 |    0.161 | 
     | B_reg_Y_temp_reg_10_ | CK ^ -> Q v  | DFF_X1    | 0.093 |   0.144 |    0.254 | 
     | FE_OFC41_B_i_10      | A v -> Z v   | CLKBUF_X2 | 0.112 |   0.256 |    0.365 | 
     | U826                 | A2 v -> ZN ^ | NAND2_X1  | 0.056 |   0.312 |    0.421 | 
     | U847                 | A2 ^ -> ZN v | NAND2_X1  | 0.017 |   0.329 |    0.438 | 
     | U848                 | A v -> ZN ^  | AOI21_X1  | 0.060 |   0.388 |    0.498 | 
     | U880                 | B1 ^ -> ZN v | OAI21_X1  | 0.019 |   0.408 |    0.518 | 
     | U881                 | A v -> ZN ^  | AOI21_X1  | 0.072 |   0.480 |    0.590 | 
     | FE_OFC3_n657         | A ^ -> Z ^   | CLKBUF_X1 | 0.123 |   0.603 |    0.713 | 
     | U1296                | B1 ^ -> ZN v | OAI21_X1  | 0.026 |   0.629 |    0.739 | 
     | U1299                | A v -> ZN v  | XNOR2_X1  | 0.042 |   0.671 |    0.781 | 
     | FE_OFC51_n983        | A v -> Z v   | CLKBUF_X1 | 0.106 |   0.777 |    0.887 | 
     | U1814                | B1 v -> ZN ^ | OAI21_X1  | 0.057 |   0.834 |    0.943 | 
     | U1815                | A ^ -> Z ^   | XOR2_X1   | 0.061 |   0.895 |    1.005 | 
     | U1861                | B ^ -> S v   | FA_X1     | 0.101 |   0.996 |    1.106 | 
     | U2401                | CI v -> CO v | FA_X1     | 0.073 |   1.069 |    1.179 | 
     | U2397                | CI v -> S ^  | FA_X1     | 0.117 |   1.186 |    1.296 | 
     | U2399                | CI ^ -> S v  | FA_X1     | 0.095 |   1.281 |    1.390 | 
     | U2405                | A1 v -> ZN v | OR2_X1    | 0.055 |   1.335 |    1.445 | 
     | U2406                | A2 v -> ZN ^ | NAND2_X1  | 0.023 |   1.359 |    1.468 | 
     | U2428                | B2 ^ -> ZN v | OAI21_X1  | 0.017 |   1.376 |    1.485 | 
     | U2429                | A v -> ZN ^  | AOI21_X1  | 0.075 |   1.451 |    1.560 | 
     | U2437                | B2 ^ -> ZN v | OAI21_X1  | 0.046 |   1.497 |    1.607 | 
     | U2458                | B2 v -> ZN ^ | AOI21_X1  | 0.064 |   1.561 |    1.671 | 
     | U2459                | A ^ -> ZN v  | INV_X1    | 0.043 |   1.604 |    1.713 | 
     | U673                 | A1 v -> ZN ^ | NAND2_X1  | 0.020 |   1.623 |    1.733 | 
     | U688                 | A1 ^ -> ZN ^ | AND2_X1   | 0.046 |   1.669 |    1.779 | 
     | U690                 | B2 ^ -> ZN v | OAI21_X1  | 0.022 |   1.691 |    1.801 | 
     | U747                 | A v -> Z v   | XOR2_X1   | 0.052 |   1.743 |    1.853 | 
     | U3376                | B2 v -> ZN ^ | OAI21_X1  | 0.031 |   1.774 |    1.884 | 
     | p_reg_Y_temp_reg_47_ | D ^          | DFFS_X1   | 0.000 |   1.774 |    1.884 | 
     +------------------------------------------------------------------------------+ 
Path 4: MET Setup Check with Pin p_reg_Y_temp_reg_50_/CK 
Endpoint:   p_reg_Y_temp_reg_50_/D (v) checked with  leading edge of 'CLK'
Beginpoint: B_reg_Y_temp_reg_10_/Q (v) triggered by  leading edge of 'CLK'
Path Groups: {CLK}
Analysis View: default
Other End Arrival Time          0.065
- Setup                         0.033
+ Phase Shift                   1.899
+ CPPR Adjustment               0.000
- Uncertainty                   0.050
= Required Time                 1.881
- Arrival Time                  1.771
= Slack Time                    0.110
     Clock Rise Edge                 0.000
     + Clock Network Latency (Prop)  0.052
     = Beginpoint Arrival Time       0.052
     +------------------------------------------------------------------------------+ 
     |       Instance       |     Arc      |   Cell    | Delay | Arrival | Required | 
     |                      |              |           |       |  Time   |   Time   | 
     |----------------------+--------------+-----------+-------+---------+----------| 
     | B_reg_Y_temp_reg_10_ | CK ^         |           |       |   0.052 |    0.162 | 
     | B_reg_Y_temp_reg_10_ | CK ^ -> Q v  | DFF_X1    | 0.093 |   0.144 |    0.254 | 
     | FE_OFC41_B_i_10      | A v -> Z v   | CLKBUF_X2 | 0.112 |   0.256 |    0.366 | 
     | U826                 | A2 v -> ZN ^ | NAND2_X1  | 0.056 |   0.312 |    0.422 | 
     | U847                 | A2 ^ -> ZN v | NAND2_X1  | 0.017 |   0.329 |    0.439 | 
     | U848                 | A v -> ZN ^  | AOI21_X1  | 0.060 |   0.388 |    0.498 | 
     | U880                 | B1 ^ -> ZN v | OAI21_X1  | 0.019 |   0.408 |    0.518 | 
     | U881                 | A v -> ZN ^  | AOI21_X1  | 0.072 |   0.480 |    0.590 | 
     | FE_OFC3_n657         | A ^ -> Z ^   | CLKBUF_X1 | 0.123 |   0.603 |    0.713 | 
     | U1296                | B1 ^ -> ZN v | OAI21_X1  | 0.026 |   0.629 |    0.739 | 
     | U1299                | A v -> ZN v  | XNOR2_X1  | 0.042 |   0.671 |    0.781 | 
     | FE_OFC51_n983        | A v -> Z v   | CLKBUF_X1 | 0.106 |   0.777 |    0.887 | 
     | U1814                | B1 v -> ZN ^ | OAI21_X1  | 0.057 |   0.834 |    0.944 | 
     | U1815                | A ^ -> Z ^   | XOR2_X1   | 0.061 |   0.895 |    1.005 | 
     | U1861                | B ^ -> S v   | FA_X1     | 0.101 |   0.996 |    1.106 | 
     | U2401                | CI v -> CO v | FA_X1     | 0.073 |   1.069 |    1.179 | 
     | U2397                | CI v -> S ^  | FA_X1     | 0.117 |   1.186 |    1.296 | 
     | U2399                | CI ^ -> S v  | FA_X1     | 0.095 |   1.281 |    1.391 | 
     | U2405                | A1 v -> ZN v | OR2_X1    | 0.055 |   1.335 |    1.446 | 
     | U2406                | A2 v -> ZN ^ | NAND2_X1  | 0.023 |   1.359 |    1.469 | 
     | U2428                | B2 ^ -> ZN v | OAI21_X1  | 0.017 |   1.376 |    1.486 | 
     | U2429                | A v -> ZN ^  | AOI21_X1  | 0.075 |   1.451 |    1.561 | 
     | U2437                | B2 ^ -> ZN v | OAI21_X1  | 0.046 |   1.497 |    1.607 | 
     | U2458                | B2 v -> ZN ^ | AOI21_X1  | 0.064 |   1.561 |    1.671 | 
     | U2459                | A ^ -> ZN v  | INV_X1    | 0.043 |   1.604 |    1.714 | 
     | U672                 | A2 v -> ZN v | OR2_X1    | 0.058 |   1.662 |    1.772 | 
     | U687                 | A3 v -> ZN ^ | NAND3_X1  | 0.019 |   1.681 |    1.791 | 
     | U505                 | A2 ^ -> ZN ^ | AND2_X1   | 0.034 |   1.715 |    1.825 | 
     | U2729                | A ^ -> ZN ^  | XNOR2_X1  | 0.038 |   1.753 |    1.863 | 
     | U3378                | B2 ^ -> ZN v | OAI21_X1  | 0.019 |   1.771 |    1.881 | 
     | p_reg_Y_temp_reg_50_ | D v          | DFF_X1    | 0.000 |   1.771 |    1.881 | 
     +------------------------------------------------------------------------------+ 
Path 5: MET Setup Check with Pin p_reg_Y_temp_reg_51_/CK 
Endpoint:   p_reg_Y_temp_reg_51_/D (^) checked with  leading edge of 'CLK'
Beginpoint: B_reg_Y_temp_reg_10_/Q (v) triggered by  leading edge of 'CLK'
Path Groups: {CLK}
Analysis View: default
Other End Arrival Time          0.065
- Setup                         0.032
+ Phase Shift                   1.899
+ CPPR Adjustment               0.000
- Uncertainty                   0.050
= Required Time                 1.882
- Arrival Time                  1.769
= Slack Time                    0.113
     Clock Rise Edge                 0.000
     + Clock Network Latency (Prop)  0.052
     = Beginpoint Arrival Time       0.052
     +------------------------------------------------------------------------------+ 
     |       Instance       |     Arc      |   Cell    | Delay | Arrival | Required | 
     |                      |              |           |       |  Time   |   Time   | 
     |----------------------+--------------+-----------+-------+---------+----------| 
     | B_reg_Y_temp_reg_10_ | CK ^         |           |       |   0.052 |    0.164 | 
     | B_reg_Y_temp_reg_10_ | CK ^ -> Q v  | DFF_X1    | 0.093 |   0.144 |    0.257 | 
     | FE_OFC41_B_i_10      | A v -> Z v   | CLKBUF_X2 | 0.112 |   0.256 |    0.369 | 
     | U826                 | A2 v -> ZN ^ | NAND2_X1  | 0.056 |   0.312 |    0.424 | 
     | U847                 | A2 ^ -> ZN v | NAND2_X1  | 0.017 |   0.329 |    0.442 | 
     | U848                 | A v -> ZN ^  | AOI21_X1  | 0.060 |   0.388 |    0.501 | 
     | U880                 | B1 ^ -> ZN v | OAI21_X1  | 0.019 |   0.408 |    0.521 | 
     | U881                 | A v -> ZN ^  | AOI21_X1  | 0.072 |   0.480 |    0.593 | 
     | FE_OFC3_n657         | A ^ -> Z ^   | CLKBUF_X1 | 0.123 |   0.603 |    0.716 | 
     | U1296                | B1 ^ -> ZN v | OAI21_X1  | 0.026 |   0.629 |    0.742 | 
     | U1299                | A v -> ZN v  | XNOR2_X1  | 0.042 |   0.671 |    0.784 | 
     | FE_OFC51_n983        | A v -> Z v   | CLKBUF_X1 | 0.106 |   0.777 |    0.890 | 
     | U1814                | B1 v -> ZN ^ | OAI21_X1  | 0.057 |   0.834 |    0.947 | 
     | U1815                | A ^ -> Z ^   | XOR2_X1   | 0.061 |   0.895 |    1.008 | 
     | U1861                | B ^ -> S v   | FA_X1     | 0.101 |   0.996 |    1.109 | 
     | U2401                | CI v -> CO v | FA_X1     | 0.073 |   1.069 |    1.182 | 
     | U2397                | CI v -> S ^  | FA_X1     | 0.117 |   1.186 |    1.299 | 
     | U2399                | CI ^ -> S v  | FA_X1     | 0.095 |   1.281 |    1.394 | 
     | U2405                | A1 v -> ZN v | OR2_X1    | 0.055 |   1.335 |    1.448 | 
     | U2406                | A2 v -> ZN ^ | NAND2_X1  | 0.023 |   1.359 |    1.471 | 
     | U2428                | B2 ^ -> ZN v | OAI21_X1  | 0.017 |   1.376 |    1.489 | 
     | U2429                | A v -> ZN ^  | AOI21_X1  | 0.075 |   1.451 |    1.564 | 
     | U2437                | B2 ^ -> ZN v | OAI21_X1  | 0.046 |   1.497 |    1.610 | 
     | U2458                | B2 v -> ZN ^ | AOI21_X1  | 0.064 |   1.561 |    1.674 | 
     | U2459                | A ^ -> ZN v  | INV_X1    | 0.043 |   1.604 |    1.717 | 
     | U692                 | A2 v -> ZN v | OR2_X1    | 0.056 |   1.660 |    1.772 | 
     | U663                 | A1 v -> ZN ^ | NAND2_X1  | 0.015 |   1.675 |    1.787 | 
     | U668                 | C1 ^ -> ZN v | OAI211_X1 | 0.020 |   1.695 |    1.808 | 
     | U388                 | A v -> ZN v  | XNOR2_X1  | 0.043 |   1.738 |    1.851 | 
     | U3379                | B2 v -> ZN ^ | OAI21_X1  | 0.031 |   1.769 |    1.882 | 
     | p_reg_Y_temp_reg_51_ | D ^          | DFF_X1    | 0.000 |   1.769 |    1.882 | 
     +------------------------------------------------------------------------------+ 
Path 6: MET Setup Check with Pin p_reg_Y_temp_reg_53_/CK 
Endpoint:   p_reg_Y_temp_reg_53_/D (^) checked with  leading edge of 'CLK'
Beginpoint: B_reg_Y_temp_reg_10_/Q (v) triggered by  leading edge of 'CLK'
Path Groups: {CLK}
Analysis View: default
Other End Arrival Time          0.065
- Setup                         0.032
+ Phase Shift                   1.899
+ CPPR Adjustment               0.000
- Uncertainty                   0.050
= Required Time                 1.882
- Arrival Time                  1.762
= Slack Time                    0.120
     Clock Rise Edge                 0.000
     + Clock Network Latency (Prop)  0.052
     = Beginpoint Arrival Time       0.052
     +------------------------------------------------------------------------------+ 
     |       Instance       |     Arc      |   Cell    | Delay | Arrival | Required | 
     |                      |              |           |       |  Time   |   Time   | 
     |----------------------+--------------+-----------+-------+---------+----------| 
     | B_reg_Y_temp_reg_10_ | CK ^         |           |       |   0.052 |    0.172 | 
     | B_reg_Y_temp_reg_10_ | CK ^ -> Q v  | DFF_X1    | 0.093 |   0.144 |    0.264 | 
     | FE_OFC41_B_i_10      | A v -> Z v   | CLKBUF_X2 | 0.112 |   0.256 |    0.376 | 
     | U826                 | A2 v -> ZN ^ | NAND2_X1  | 0.056 |   0.312 |    0.432 | 
     | U847                 | A2 ^ -> ZN v | NAND2_X1  | 0.017 |   0.329 |    0.449 | 
     | U848                 | A v -> ZN ^  | AOI21_X1  | 0.060 |   0.388 |    0.509 | 
     | U880                 | B1 ^ -> ZN v | OAI21_X1  | 0.019 |   0.408 |    0.528 | 
     | U881                 | A v -> ZN ^  | AOI21_X1  | 0.072 |   0.480 |    0.600 | 
     | FE_OFC3_n657         | A ^ -> Z ^   | CLKBUF_X1 | 0.123 |   0.603 |    0.723 | 
     | U1296                | B1 ^ -> ZN v | OAI21_X1  | 0.026 |   0.629 |    0.749 | 
     | U1299                | A v -> ZN v  | XNOR2_X1  | 0.042 |   0.671 |    0.791 | 
     | FE_OFC51_n983        | A v -> Z v   | CLKBUF_X1 | 0.106 |   0.777 |    0.897 | 
     | U1814                | B1 v -> ZN ^ | OAI21_X1  | 0.057 |   0.834 |    0.954 | 
     | U1815                | A ^ -> Z ^   | XOR2_X1   | 0.061 |   0.895 |    1.015 | 
     | U1861                | B ^ -> S v   | FA_X1     | 0.101 |   0.996 |    1.116 | 
     | U2401                | CI v -> CO v | FA_X1     | 0.073 |   1.069 |    1.190 | 
     | U2397                | CI v -> S ^  | FA_X1     | 0.117 |   1.186 |    1.306 | 
     | U2399                | CI ^ -> S v  | FA_X1     | 0.095 |   1.281 |    1.401 | 
     | U2405                | A1 v -> ZN v | OR2_X1    | 0.055 |   1.335 |    1.456 | 
     | U2406                | A2 v -> ZN ^ | NAND2_X1  | 0.023 |   1.359 |    1.479 | 
     | U2428                | B2 ^ -> ZN v | OAI21_X1  | 0.017 |   1.376 |    1.496 | 
     | U2429                | A v -> ZN ^  | AOI21_X1  | 0.075 |   1.451 |    1.571 | 
     | U2437                | B2 ^ -> ZN v | OAI21_X1  | 0.046 |   1.497 |    1.617 | 
     | U2458                | B2 v -> ZN ^ | AOI21_X1  | 0.064 |   1.561 |    1.681 | 
     | U2459                | A ^ -> ZN v  | INV_X1    | 0.043 |   1.604 |    1.724 | 
     | U695                 | A2 v -> ZN ^ | NAND2_X1  | 0.030 |   1.633 |    1.754 | 
     | U665                 | A2 ^ -> ZN v | NAND4_X1  | 0.038 |   1.672 |    1.792 | 
     | U553                 | A v -> Z v   | XOR2_X1   | 0.059 |   1.730 |    1.851 | 
     | U3381                | B2 v -> ZN ^ | OAI21_X1  | 0.031 |   1.762 |    1.882 | 
     | p_reg_Y_temp_reg_53_ | D ^          | DFF_X1    | 0.000 |   1.762 |    1.882 | 
     +------------------------------------------------------------------------------+ 
Path 7: MET Setup Check with Pin p_reg_Y_temp_reg_52_/CK 
Endpoint:   p_reg_Y_temp_reg_52_/D (v) checked with  leading edge of 'CLK'
Beginpoint: B_reg_Y_temp_reg_10_/Q (v) triggered by  leading edge of 'CLK'
Path Groups: {CLK}
Analysis View: default
Other End Arrival Time          0.065
- Setup                         0.033
+ Phase Shift                   1.899
+ CPPR Adjustment               0.000
- Uncertainty                   0.050
= Required Time                 1.881
- Arrival Time                  1.743
= Slack Time                    0.138
     Clock Rise Edge                 0.000
     + Clock Network Latency (Prop)  0.052
     = Beginpoint Arrival Time       0.052
     +------------------------------------------------------------------------------+ 
     |       Instance       |     Arc      |   Cell    | Delay | Arrival | Required | 
     |                      |              |           |       |  Time   |   Time   | 
     |----------------------+--------------+-----------+-------+---------+----------| 
     | B_reg_Y_temp_reg_10_ | CK ^         |           |       |   0.052 |    0.190 | 
     | B_reg_Y_temp_reg_10_ | CK ^ -> Q v  | DFF_X1    | 0.093 |   0.144 |    0.282 | 
     | FE_OFC41_B_i_10      | A v -> Z v   | CLKBUF_X2 | 0.112 |   0.256 |    0.394 | 
     | U826                 | A2 v -> ZN ^ | NAND2_X1  | 0.056 |   0.312 |    0.450 | 
     | U847                 | A2 ^ -> ZN v | NAND2_X1  | 0.017 |   0.329 |    0.467 | 
     | U848                 | A v -> ZN ^  | AOI21_X1  | 0.060 |   0.388 |    0.526 | 
     | U880                 | B1 ^ -> ZN v | OAI21_X1  | 0.019 |   0.408 |    0.546 | 
     | U881                 | A v -> ZN ^  | AOI21_X1  | 0.072 |   0.480 |    0.618 | 
     | FE_OFC3_n657         | A ^ -> Z ^   | CLKBUF_X1 | 0.123 |   0.603 |    0.741 | 
     | U1296                | B1 ^ -> ZN v | OAI21_X1  | 0.026 |   0.629 |    0.767 | 
     | U1299                | A v -> ZN v  | XNOR2_X1  | 0.042 |   0.671 |    0.809 | 
     | FE_OFC51_n983        | A v -> Z v   | CLKBUF_X1 | 0.106 |   0.777 |    0.915 | 
     | U1814                | B1 v -> ZN ^ | OAI21_X1  | 0.057 |   0.834 |    0.972 | 
     | U1815                | A ^ -> Z ^   | XOR2_X1   | 0.061 |   0.895 |    1.033 | 
     | U1861                | B ^ -> S v   | FA_X1     | 0.101 |   0.996 |    1.134 | 
     | U2401                | CI v -> CO v | FA_X1     | 0.073 |   1.069 |    1.207 | 
     | U2397                | CI v -> S ^  | FA_X1     | 0.117 |   1.186 |    1.324 | 
     | U2399                | CI ^ -> S v  | FA_X1     | 0.095 |   1.281 |    1.419 | 
     | U2405                | A1 v -> ZN v | OR2_X1    | 0.055 |   1.335 |    1.473 | 
     | U2406                | A2 v -> ZN ^ | NAND2_X1  | 0.023 |   1.359 |    1.497 | 
     | U2428                | B2 ^ -> ZN v | OAI21_X1  | 0.017 |   1.376 |    1.514 | 
     | U2429                | A v -> ZN ^  | AOI21_X1  | 0.075 |   1.451 |    1.589 | 
     | U2437                | B2 ^ -> ZN v | OAI21_X1  | 0.046 |   1.497 |    1.635 | 
     | U2458                | B2 v -> ZN ^ | AOI21_X1  | 0.064 |   1.561 |    1.699 | 
     | U2459                | A ^ -> ZN v  | INV_X1    | 0.043 |   1.604 |    1.742 | 
     | U671                 | A2 v -> ZN ^ | NAND2_X1  | 0.025 |   1.628 |    1.766 | 
     | U693                 | A1 ^ -> ZN v | NAND4_X1  | 0.024 |   1.652 |    1.790 | 
     | U694                 | A v -> ZN ^  | OAI21_X1  | 0.026 |   1.679 |    1.817 | 
     | U2774                | A ^ -> ZN ^  | XNOR2_X1  | 0.045 |   1.724 |    1.862 | 
     | U3380                | B2 ^ -> ZN v | OAI21_X1  | 0.020 |   1.743 |    1.881 | 
     | p_reg_Y_temp_reg_52_ | D v          | DFF_X1    | 0.000 |   1.743 |    1.881 | 
     +------------------------------------------------------------------------------+ 
Path 8: MET Setup Check with Pin p_reg_Y_temp_reg_54_/CK 
Endpoint:   p_reg_Y_temp_reg_54_/D (v) checked with  leading edge of 'CLK'
Beginpoint: B_reg_Y_temp_reg_10_/Q (v) triggered by  leading edge of 'CLK'
Path Groups: {CLK}
Analysis View: default
Other End Arrival Time          0.065
- Setup                         0.033
+ Phase Shift                   1.899
+ CPPR Adjustment               0.000
- Uncertainty                   0.050
= Required Time                 1.881
- Arrival Time                  1.742
= Slack Time                    0.139
     Clock Rise Edge                 0.000
     + Clock Network Latency (Prop)  0.052
     = Beginpoint Arrival Time       0.052
     +------------------------------------------------------------------------------+ 
     |       Instance       |     Arc      |   Cell    | Delay | Arrival | Required | 
     |                      |              |           |       |  Time   |   Time   | 
     |----------------------+--------------+-----------+-------+---------+----------| 
     | B_reg_Y_temp_reg_10_ | CK ^         |           |       |   0.052 |    0.190 | 
     | B_reg_Y_temp_reg_10_ | CK ^ -> Q v  | DFF_X1    | 0.093 |   0.144 |    0.283 | 
     | FE_OFC41_B_i_10      | A v -> Z v   | CLKBUF_X2 | 0.112 |   0.256 |    0.395 | 
     | U826                 | A2 v -> ZN ^ | NAND2_X1  | 0.056 |   0.312 |    0.450 | 
     | U847                 | A2 ^ -> ZN v | NAND2_X1  | 0.017 |   0.329 |    0.468 | 
     | U848                 | A v -> ZN ^  | AOI21_X1  | 0.060 |   0.388 |    0.527 | 
     | U880                 | B1 ^ -> ZN v | OAI21_X1  | 0.019 |   0.408 |    0.547 | 
     | U881                 | A v -> ZN ^  | AOI21_X1  | 0.072 |   0.480 |    0.619 | 
     | FE_OFC3_n657         | A ^ -> Z ^   | CLKBUF_X1 | 0.123 |   0.603 |    0.742 | 
     | U1296                | B1 ^ -> ZN v | OAI21_X1  | 0.026 |   0.629 |    0.768 | 
     | U1299                | A v -> ZN v  | XNOR2_X1  | 0.042 |   0.671 |    0.810 | 
     | FE_OFC51_n983        | A v -> Z v   | CLKBUF_X1 | 0.106 |   0.777 |    0.916 | 
     | U1814                | B1 v -> ZN ^ | OAI21_X1  | 0.057 |   0.834 |    0.973 | 
     | U1815                | A ^ -> Z ^   | XOR2_X1   | 0.061 |   0.895 |    1.034 | 
     | U1861                | B ^ -> S v   | FA_X1     | 0.101 |   0.996 |    1.135 | 
     | U2401                | CI v -> CO v | FA_X1     | 0.073 |   1.069 |    1.208 | 
     | U2397                | CI v -> S ^  | FA_X1     | 0.117 |   1.186 |    1.325 | 
     | U2399                | CI ^ -> S v  | FA_X1     | 0.095 |   1.281 |    1.420 | 
     | U2405                | A1 v -> ZN v | OR2_X1    | 0.055 |   1.335 |    1.474 | 
     | U2406                | A2 v -> ZN ^ | NAND2_X1  | 0.023 |   1.359 |    1.497 | 
     | U2428                | B2 ^ -> ZN v | OAI21_X1  | 0.017 |   1.376 |    1.515 | 
     | U2429                | A v -> ZN ^  | AOI21_X1  | 0.075 |   1.451 |    1.590 | 
     | U2437                | B2 ^ -> ZN v | OAI21_X1  | 0.046 |   1.497 |    1.636 | 
     | U2458                | B2 v -> ZN ^ | AOI21_X1  | 0.064 |   1.561 |    1.700 | 
     | U2459                | A ^ -> ZN v  | INV_X1    | 0.043 |   1.604 |    1.743 | 
     | U695                 | A2 v -> ZN ^ | NAND2_X1  | 0.030 |   1.633 |    1.772 | 
     | U500                 | A2 ^ -> ZN v | NAND4_X1  | 0.029 |   1.663 |    1.801 | 
     | U498                 | A1 v -> ZN ^ | NAND2_X1  | 0.020 |   1.682 |    1.821 | 
     | U2842                | A ^ -> ZN ^  | XNOR2_X1  | 0.040 |   1.722 |    1.861 | 
     | U3264                | B2 ^ -> ZN v | OAI21_X1  | 0.020 |   1.742 |    1.881 | 
     | p_reg_Y_temp_reg_54_ | D v          | DFF_X1    | 0.000 |   1.742 |    1.881 | 
     +------------------------------------------------------------------------------+ 
Path 9: MET Setup Check with Pin p_reg_Y_temp_reg_61_/CK 
Endpoint:   p_reg_Y_temp_reg_61_/D (v) checked with  leading edge of 'CLK'
Beginpoint: B_reg_Y_temp_reg_10_/Q (v) triggered by  leading edge of 'CLK'
Path Groups: {CLK}
Analysis View: default
Other End Arrival Time          0.064
- Setup                         0.027
+ Phase Shift                   1.899
+ CPPR Adjustment               0.000
- Uncertainty                   0.050
= Required Time                 1.886
- Arrival Time                  1.740
= Slack Time                    0.146
     Clock Rise Edge                 0.000
     + Clock Network Latency (Prop)  0.052
     = Beginpoint Arrival Time       0.052
     +------------------------------------------------------------------------------+ 
     |       Instance       |     Arc      |   Cell    | Delay | Arrival | Required | 
     |                      |              |           |       |  Time   |   Time   | 
     |----------------------+--------------+-----------+-------+---------+----------| 
     | B_reg_Y_temp_reg_10_ | CK ^         |           |       |   0.052 |    0.198 | 
     | B_reg_Y_temp_reg_10_ | CK ^ -> Q v  | DFF_X1    | 0.093 |   0.144 |    0.290 | 
     | FE_OFC41_B_i_10      | A v -> Z v   | CLKBUF_X2 | 0.112 |   0.256 |    0.402 | 
     | U826                 | A2 v -> ZN ^ | NAND2_X1  | 0.056 |   0.312 |    0.458 | 
     | U847                 | A2 ^ -> ZN v | NAND2_X1  | 0.017 |   0.329 |    0.475 | 
     | U848                 | A v -> ZN ^  | AOI21_X1  | 0.060 |   0.388 |    0.534 | 
     | U880                 | B1 ^ -> ZN v | OAI21_X1  | 0.019 |   0.408 |    0.554 | 
     | U881                 | A v -> ZN ^  | AOI21_X1  | 0.072 |   0.480 |    0.626 | 
     | FE_OFC3_n657         | A ^ -> Z ^   | CLKBUF_X1 | 0.123 |   0.603 |    0.749 | 
     | U1296                | B1 ^ -> ZN v | OAI21_X1  | 0.026 |   0.629 |    0.775 | 
     | U1299                | A v -> ZN v  | XNOR2_X1  | 0.042 |   0.671 |    0.817 | 
     | FE_OFC51_n983        | A v -> Z v   | CLKBUF_X1 | 0.106 |   0.777 |    0.923 | 
     | U1814                | B1 v -> ZN ^ | OAI21_X1  | 0.057 |   0.834 |    0.980 | 
     | U1815                | A ^ -> Z ^   | XOR2_X1   | 0.061 |   0.895 |    1.041 | 
     | U1861                | B ^ -> S v   | FA_X1     | 0.101 |   0.996 |    1.142 | 
     | U2401                | CI v -> CO v | FA_X1     | 0.073 |   1.069 |    1.215 | 
     | U2397                | CI v -> S ^  | FA_X1     | 0.117 |   1.186 |    1.332 | 
     | U2399                | CI ^ -> S v  | FA_X1     | 0.095 |   1.281 |    1.427 | 
     | U2405                | A1 v -> ZN v | OR2_X1    | 0.055 |   1.335 |    1.481 | 
     | U2406                | A2 v -> ZN ^ | NAND2_X1  | 0.023 |   1.359 |    1.505 | 
     | U2428                | B2 ^ -> ZN v | OAI21_X1  | 0.017 |   1.376 |    1.522 | 
     | U2429                | A v -> ZN ^  | AOI21_X1  | 0.075 |   1.451 |    1.597 | 
     | U2437                | B2 ^ -> ZN v | OAI21_X1  | 0.046 |   1.497 |    1.643 | 
     | U2458                | B2 v -> ZN ^ | AOI21_X1  | 0.064 |   1.561 |    1.707 | 
     | U2892                | B1 ^ -> ZN v | OAI21_X1  | 0.040 |   1.601 |    1.747 | 
     | U703                 | B2 v -> ZN ^ | OAI21_X1  | 0.034 |   1.635 |    1.781 | 
     | U495                 | A1 ^ -> ZN ^ | AND3_X1   | 0.045 |   1.680 |    1.826 | 
     | U721                 | A ^ -> ZN ^  | XNOR2_X1  | 0.040 |   1.720 |    1.866 | 
     | U3387                | B2 ^ -> ZN v | OAI21_X1  | 0.020 |   1.740 |    1.886 | 
     | p_reg_Y_temp_reg_61_ | D v          | DFF_X1    | 0.000 |   1.740 |    1.886 | 
     +------------------------------------------------------------------------------+ 
Path 10: MET Setup Check with Pin p_reg_Y_temp_reg_45_/CK 
Endpoint:   p_reg_Y_temp_reg_45_/D (^) checked with  leading edge of 'CLK'
Beginpoint: B_reg_Y_temp_reg_10_/Q (v) triggered by  leading edge of 'CLK'
Path Groups: {CLK}
Analysis View: default
Other End Arrival Time          0.066
- Setup                         0.031
+ Phase Shift                   1.899
+ CPPR Adjustment               0.000
- Uncertainty                   0.050
= Required Time                 1.884
- Arrival Time                  1.738
= Slack Time                    0.146
     Clock Rise Edge                 0.000
     + Clock Network Latency (Prop)  0.052
     = Beginpoint Arrival Time       0.052
     +------------------------------------------------------------------------------+ 
     |       Instance       |     Arc      |   Cell    | Delay | Arrival | Required | 
     |                      |              |           |       |  Time   |   Time   | 
     |----------------------+--------------+-----------+-------+---------+----------| 
     | B_reg_Y_temp_reg_10_ | CK ^         |           |       |   0.052 |    0.198 | 
     | B_reg_Y_temp_reg_10_ | CK ^ -> Q v  | DFF_X1    | 0.093 |   0.144 |    0.290 | 
     | FE_OFC41_B_i_10      | A v -> Z v   | CLKBUF_X2 | 0.112 |   0.256 |    0.402 | 
     | U826                 | A2 v -> ZN ^ | NAND2_X1  | 0.056 |   0.312 |    0.458 | 
     | U847                 | A2 ^ -> ZN v | NAND2_X1  | 0.017 |   0.329 |    0.475 | 
     | U848                 | A v -> ZN ^  | AOI21_X1  | 0.060 |   0.388 |    0.534 | 
     | U880                 | B1 ^ -> ZN v | OAI21_X1  | 0.019 |   0.408 |    0.554 | 
     | U881                 | A v -> ZN ^  | AOI21_X1  | 0.072 |   0.480 |    0.626 | 
     | FE_OFC3_n657         | A ^ -> Z ^   | CLKBUF_X1 | 0.123 |   0.603 |    0.749 | 
     | U1296                | B1 ^ -> ZN v | OAI21_X1  | 0.026 |   0.629 |    0.775 | 
     | U1299                | A v -> ZN v  | XNOR2_X1  | 0.042 |   0.671 |    0.817 | 
     | FE_OFC51_n983        | A v -> Z v   | CLKBUF_X1 | 0.106 |   0.777 |    0.923 | 
     | U1814                | B1 v -> ZN ^ | OAI21_X1  | 0.057 |   0.834 |    0.980 | 
     | U1815                | A ^ -> Z ^   | XOR2_X1   | 0.061 |   0.895 |    1.041 | 
     | U1861                | B ^ -> S v   | FA_X1     | 0.101 |   0.996 |    1.142 | 
     | U2401                | CI v -> CO v | FA_X1     | 0.073 |   1.069 |    1.215 | 
     | U2397                | CI v -> S ^  | FA_X1     | 0.117 |   1.186 |    1.332 | 
     | U2399                | CI ^ -> S v  | FA_X1     | 0.095 |   1.281 |    1.427 | 
     | U2405                | A1 v -> ZN v | OR2_X1    | 0.055 |   1.335 |    1.482 | 
     | U2406                | A2 v -> ZN ^ | NAND2_X1  | 0.023 |   1.359 |    1.505 | 
     | U2428                | B2 ^ -> ZN v | OAI21_X1  | 0.017 |   1.376 |    1.522 | 
     | U2429                | A v -> ZN ^  | AOI21_X1  | 0.075 |   1.451 |    1.597 | 
     | U2437                | B2 ^ -> ZN v | OAI21_X1  | 0.046 |   1.497 |    1.643 | 
     | U2458                | B2 v -> ZN ^ | AOI21_X1  | 0.064 |   1.561 |    1.707 | 
     | U2459                | A ^ -> ZN v  | INV_X1    | 0.043 |   1.604 |    1.750 | 
     | U508                 | B1 v -> ZN ^ | AOI21_X1  | 0.048 |   1.651 |    1.797 | 
     | U3111                | B1 ^ -> ZN v | OAI21_X1  | 0.021 |   1.673 |    1.819 | 
     | U669                 | A v -> ZN v  | XNOR2_X1  | 0.040 |   1.712 |    1.858 | 
     | U3374                | B1 v -> ZN ^ | OAI21_X1  | 0.025 |   1.738 |    1.884 | 
     | p_reg_Y_temp_reg_45_ | D ^          | DFF_X1    | 0.000 |   1.738 |    1.884 | 
     +------------------------------------------------------------------------------+ 

