###############################################################
#  Generated by:      Cadence Innovus 23.35-s106_1
#  OS:                Linux x86_64(Host ID microsys.openstack.polito)
#  Generated on:      Sat Oct 10 21:11:35 2026
#  Design:            boothmul_registered
#  Command:           report_timing -early -max_paths 10 > reports/10_hold_paths.rpt
###############################################################
Path 1: MET Hold Check with Pin p_reg_Y_temp_reg_1_/CK 
Endpoint:   p_reg_Y_temp_reg_1_/D  (v) checked with  leading edge of 'CLK'
Beginpoint: p_reg_Y_temp_reg_1_/QN (^) triggered by  leading edge of 'CLK'
Path Groups: {CLK}
Analysis View: default
Other End Arrival Time          0.059
+ Hold                          0.011
+ Phase Shift                   0.000
- CPPR Adjustment               0.000
+ Uncertainty                   0.050
= Required Time                 0.120
  Arrival Time                  0.169
  Slack Time                    0.050
     Clock Rise Edge                 0.000
     + Clock Network Latency (Prop)  0.074
     = Beginpoint Arrival Time       0.074
     +----------------------------------------------------------------------------+ 
     |      Instance       |     Arc      |   Cell   | Delay | Arrival | Required | 
     |                     |              |          |       |  Time   |   Time   | 
     |---------------------+--------------+----------+-------+---------+----------| 
     | p_reg_Y_temp_reg_1_ | CK ^         |          |       |   0.074 |    0.025 | 
     | p_reg_Y_temp_reg_1_ | CK ^ -> QN ^ | DFF_X1   | 0.078 |   0.153 |    0.103 | 
     | U3840               | B2 ^ -> ZN v | OAI22_X1 | 0.016 |   0.169 |    0.120 | 
     | p_reg_Y_temp_reg_1_ | D v          | DFF_X1   | 0.000 |   0.169 |    0.120 | 
     +----------------------------------------------------------------------------+ 
Path 2: MET Hold Check with Pin B_reg_Y_temp_reg_20_/CK 
Endpoint:   B_reg_Y_temp_reg_20_/D  (v) checked with  leading edge of 'CLK'
Beginpoint: B_reg_Y_temp_reg_20_/QN (^) triggered by  leading edge of 'CLK'
Path Groups: {CLK}
Analysis View: default
Other End Arrival Time          0.048
+ Hold                          0.010
+ Phase Shift                   0.000
- CPPR Adjustment               0.000
+ Uncertainty                   0.050
= Required Time                 0.108
  Arrival Time                  0.171
  Slack Time                    0.063
     Clock Rise Edge                 0.000
     + Clock Network Latency (Prop)  0.063
     = Beginpoint Arrival Time       0.063
     +-----------------------------------------------------------------------------+ 
     |       Instance       |     Arc      |   Cell   | Delay | Arrival | Required | 
     |                      |              |          |       |  Time   |   Time   | 
     |----------------------+--------------+----------+-------+---------+----------| 
     | B_reg_Y_temp_reg_20_ | CK ^         |          |       |   0.063 |    0.000 | 
     | B_reg_Y_temp_reg_20_ | CK ^ -> QN ^ | DFF_X1   | 0.073 |   0.137 |    0.074 | 
     | U9940                | A1 ^ -> ZN ^ | OR2_X1   | 0.022 |   0.159 |    0.096 | 
     | U10057               | A2 ^ -> ZN v | NAND2_X1 | 0.012 |   0.171 |    0.108 | 
     | B_reg_Y_temp_reg_20_ | D v          | DFF_X1   | 0.000 |   0.171 |    0.108 | 
     +-----------------------------------------------------------------------------+ 
Path 3: MET Hold Check with Pin B_reg_Y_temp_reg_18_/CK 
Endpoint:   B_reg_Y_temp_reg_18_/D  (v) checked with  leading edge of 'CLK'
Beginpoint: B_reg_Y_temp_reg_18_/QN (^) triggered by  leading edge of 'CLK'
Path Groups: {CLK}
Analysis View: default
Other End Arrival Time          0.048
+ Hold                          0.010
+ Phase Shift                   0.000
- CPPR Adjustment               0.000
+ Uncertainty                   0.050
= Required Time                 0.108
  Arrival Time                  0.171
  Slack Time                    0.064
     Clock Rise Edge                 0.000
     + Clock Network Latency (Prop)  0.064
     = Beginpoint Arrival Time       0.064
     +-----------------------------------------------------------------------------+ 
     |       Instance       |     Arc      |   Cell   | Delay | Arrival | Required | 
     |                      |              |          |       |  Time   |   Time   | 
     |----------------------+--------------+----------+-------+---------+----------| 
     | B_reg_Y_temp_reg_18_ | CK ^         |          |       |   0.064 |    0.000 | 
     | B_reg_Y_temp_reg_18_ | CK ^ -> QN ^ | DFF_X1   | 0.073 |   0.137 |    0.074 | 
     | U9942                | A1 ^ -> ZN ^ | OR2_X1   | 0.022 |   0.160 |    0.096 | 
     | U10064               | A2 ^ -> ZN v | NAND2_X1 | 0.012 |   0.171 |    0.108 | 
     | B_reg_Y_temp_reg_18_ | D v          | DFF_X1   | 0.000 |   0.171 |    0.108 | 
     +-----------------------------------------------------------------------------+ 
Path 4: MET Hold Check with Pin B_reg_Y_temp_reg_10_/CK 
Endpoint:   B_reg_Y_temp_reg_10_/D  (v) checked with  leading edge of 'CLK'
Beginpoint: B_reg_Y_temp_reg_10_/QN (^) triggered by  leading edge of 'CLK'
Path Groups: {CLK}
Analysis View: default
Other End Arrival Time          0.051
+ Hold                          0.010
+ Phase Shift                   0.000
- CPPR Adjustment               0.000
+ Uncertainty                   0.050
= Required Time                 0.112
  Arrival Time                  0.175
  Slack Time                    0.064
     Clock Rise Edge                 0.000
     + Clock Network Latency (Prop)  0.067
     = Beginpoint Arrival Time       0.067
     +-----------------------------------------------------------------------------+ 
     |       Instance       |     Arc      |   Cell   | Delay | Arrival | Required | 
     |                      |              |          |       |  Time   |   Time   | 
     |----------------------+--------------+----------+-------+---------+----------| 
     | B_reg_Y_temp_reg_10_ | CK ^         |          |       |   0.067 |    0.004 | 
     | B_reg_Y_temp_reg_10_ | CK ^ -> QN ^ | DFF_X1   | 0.073 |   0.140 |    0.077 | 
     | U9947                | A1 ^ -> ZN ^ | OR2_X1   | 0.022 |   0.163 |    0.099 | 
     | U10013               | A2 ^ -> ZN v | NAND2_X1 | 0.012 |   0.175 |    0.112 | 
     | B_reg_Y_temp_reg_10_ | D v          | DFF_X1   | 0.000 |   0.175 |    0.112 | 
     +-----------------------------------------------------------------------------+ 
Path 5: MET Hold Check with Pin p_reg_Y_temp_reg_36_/CK 
Endpoint:   p_reg_Y_temp_reg_36_/D  (v) checked with  leading edge of 'CLK'
Beginpoint: p_reg_Y_temp_reg_36_/QN (^) triggered by  leading edge of 'CLK'
Path Groups: {CLK}
Analysis View: default
Other End Arrival Time          0.045
+ Hold                          0.009
+ Phase Shift                   0.000
- CPPR Adjustment               0.000
+ Uncertainty                   0.050
= Required Time                 0.104
  Arrival Time                  0.168
  Slack Time                    0.064
     Clock Rise Edge                 0.000
     + Clock Network Latency (Prop)  0.061
     = Beginpoint Arrival Time       0.061
     +-----------------------------------------------------------------------------+ 
     |       Instance       |     Arc      |   Cell   | Delay | Arrival | Required | 
     |                      |              |          |       |  Time   |   Time   | 
     |----------------------+--------------+----------+-------+---------+----------| 
     | p_reg_Y_temp_reg_36_ | CK ^         |          |       |   0.061 |   -0.003 | 
     | p_reg_Y_temp_reg_36_ | CK ^ -> QN ^ | DFF_X1   | 0.072 |   0.134 |    0.070 | 
     | U9984                | A1 ^ -> ZN ^ | OR2_X1   | 0.022 |   0.156 |    0.092 | 
     | U10144               | A2 ^ -> ZN v | NAND2_X1 | 0.012 |   0.168 |    0.104 | 
     | p_reg_Y_temp_reg_36_ | D v          | DFF_X1   | 0.000 |   0.168 |    0.104 | 
     +-----------------------------------------------------------------------------+ 
Path 6: MET Hold Check with Pin p_reg_Y_temp_reg_16_/CK 
Endpoint:   p_reg_Y_temp_reg_16_/D  (v) checked with  leading edge of 'CLK'
Beginpoint: p_reg_Y_temp_reg_16_/QN (^) triggered by  leading edge of 'CLK'
Path Groups: {CLK}
Analysis View: default
Other End Arrival Time          0.059
+ Hold                          0.011
+ Phase Shift                   0.000
- CPPR Adjustment               0.000
+ Uncertainty                   0.050
= Required Time                 0.120
  Arrival Time                  0.183
  Slack Time                    0.064
     Clock Rise Edge                 0.000
     + Clock Network Latency (Prop)  0.074
     = Beginpoint Arrival Time       0.074
     +-----------------------------------------------------------------------------+ 
     |       Instance       |     Arc      |   Cell   | Delay | Arrival | Required | 
     |                      |              |          |       |  Time   |   Time   | 
     |----------------------+--------------+----------+-------+---------+----------| 
     | p_reg_Y_temp_reg_16_ | CK ^         |          |       |   0.074 |    0.011 | 
     | p_reg_Y_temp_reg_16_ | CK ^ -> QN ^ | DFF_X1   | 0.075 |   0.149 |    0.086 | 
     | U9966                | A1 ^ -> ZN ^ | OR2_X1   | 0.022 |   0.172 |    0.108 | 
     | U10122               | A2 ^ -> ZN v | NAND2_X1 | 0.012 |   0.183 |    0.120 | 
     | p_reg_Y_temp_reg_16_ | D v          | DFF_X1   | 0.000 |   0.183 |    0.120 | 
     +-----------------------------------------------------------------------------+ 
Path 7: MET Hold Check with Pin p_reg_Y_temp_reg_23_/CK 
Endpoint:   p_reg_Y_temp_reg_23_/D  (v) checked with  leading edge of 'CLK'
Beginpoint: p_reg_Y_temp_reg_23_/QN (^) triggered by  leading edge of 'CLK'
Path Groups: {CLK}
Analysis View: default
Other End Arrival Time          0.058
+ Hold                          0.011
+ Phase Shift                   0.000
- CPPR Adjustment               0.000
+ Uncertainty                   0.050
= Required Time                 0.119
  Arrival Time                  0.183
  Slack Time                    0.064
     Clock Rise Edge                 0.000
     + Clock Network Latency (Prop)  0.074
     = Beginpoint Arrival Time       0.074
     +-----------------------------------------------------------------------------+ 
     |       Instance       |     Arc      |   Cell   | Delay | Arrival | Required | 
     |                      |              |          |       |  Time   |   Time   | 
     |----------------------+--------------+----------+-------+---------+----------| 
     | p_reg_Y_temp_reg_23_ | CK ^         |          |       |   0.074 |    0.010 | 
     | p_reg_Y_temp_reg_23_ | CK ^ -> QN ^ | DFF_X1   | 0.075 |   0.149 |    0.085 | 
     | U9977                | A1 ^ -> ZN ^ | OR2_X1   | 0.022 |   0.171 |    0.107 | 
     | U10136               | A2 ^ -> ZN v | NAND2_X1 | 0.012 |   0.183 |    0.119 | 
     | p_reg_Y_temp_reg_23_ | D v          | DFF_X1   | 0.000 |   0.183 |    0.119 | 
     +-----------------------------------------------------------------------------+ 
Path 8: MET Hold Check with Pin p_reg_Y_temp_reg_2_/CK 
Endpoint:   p_reg_Y_temp_reg_2_/D  (v) checked with  leading edge of 'CLK'
Beginpoint: p_reg_Y_temp_reg_2_/QN (^) triggered by  leading edge of 'CLK'
Path Groups: {CLK}
Analysis View: default
Other End Arrival Time          0.059
+ Hold                          0.011
+ Phase Shift                   0.000
- CPPR Adjustment               0.000
+ Uncertainty                   0.050
= Required Time                 0.120
  Arrival Time                  0.184
  Slack Time                    0.064
     Clock Rise Edge                 0.000
     + Clock Network Latency (Prop)  0.075
     = Beginpoint Arrival Time       0.075
     +----------------------------------------------------------------------------+ 
     |      Instance       |     Arc      |   Cell   | Delay | Arrival | Required | 
     |                     |              |          |       |  Time   |   Time   | 
     |---------------------+--------------+----------+-------+---------+----------| 
     | p_reg_Y_temp_reg_2_ | CK ^         |          |       |   0.075 |    0.010 | 
     | p_reg_Y_temp_reg_2_ | CK ^ -> QN ^ | DFF_X1   | 0.075 |   0.150 |    0.085 | 
     | U9954               | A1 ^ -> ZN ^ | OR2_X1   | 0.022 |   0.172 |    0.108 | 
     | U10073              | A2 ^ -> ZN v | NAND2_X1 | 0.012 |   0.184 |    0.120 | 
     | p_reg_Y_temp_reg_2_ | D v          | DFF_X1   | 0.000 |   0.184 |    0.120 | 
     +----------------------------------------------------------------------------+ 
Path 9: MET Hold Check with Pin p_reg_Y_temp_reg_35_/CK 
Endpoint:   p_reg_Y_temp_reg_35_/D  (v) checked with  leading edge of 'CLK'
Beginpoint: p_reg_Y_temp_reg_35_/QN (^) triggered by  leading edge of 'CLK'
Path Groups: {CLK}
Analysis View: default
Other End Arrival Time          0.045
+ Hold                          0.009
+ Phase Shift                   0.000
- CPPR Adjustment               0.000
+ Uncertainty                   0.050
= Required Time                 0.104
  Arrival Time                  0.168
  Slack Time                    0.064
     Clock Rise Edge                 0.000
     + Clock Network Latency (Prop)  0.061
     = Beginpoint Arrival Time       0.061
     +-----------------------------------------------------------------------------+ 
     |       Instance       |     Arc      |   Cell   | Delay | Arrival | Required | 
     |                      |              |          |       |  Time   |   Time   | 
     |----------------------+--------------+----------+-------+---------+----------| 
     | p_reg_Y_temp_reg_35_ | CK ^         |          |       |   0.061 |   -0.003 | 
     | p_reg_Y_temp_reg_35_ | CK ^ -> QN ^ | DFF_X1   | 0.072 |   0.134 |    0.069 | 
     | U10143               | A1 ^ -> ZN ^ | OR2_X1   | 0.022 |   0.156 |    0.092 | 
     | U5218                | A ^ -> ZN v  | OAI21_X1 | 0.012 |   0.168 |    0.104 | 
     | p_reg_Y_temp_reg_35_ | D v          | DFF_X1   | 0.000 |   0.168 |    0.104 | 
     +-----------------------------------------------------------------------------+ 
Path 10: MET Hold Check with Pin B_reg_Y_temp_reg_24_/CK 
Endpoint:   B_reg_Y_temp_reg_24_/D  (v) checked with  leading edge of 'CLK'
Beginpoint: B_reg_Y_temp_reg_24_/QN (^) triggered by  leading edge of 'CLK'
Path Groups: {CLK}
Analysis View: default
Other End Arrival Time          0.059
+ Hold                          0.011
+ Phase Shift                   0.000
- CPPR Adjustment               0.000
+ Uncertainty                   0.050
= Required Time                 0.120
  Arrival Time                  0.184
  Slack Time                    0.064
     Clock Rise Edge                 0.000
     + Clock Network Latency (Prop)  0.075
     = Beginpoint Arrival Time       0.075
     +-----------------------------------------------------------------------------+ 
     |       Instance       |     Arc      |   Cell   | Delay | Arrival | Required | 
     |                      |              |          |       |  Time   |   Time   | 
     |----------------------+--------------+----------+-------+---------+----------| 
     | B_reg_Y_temp_reg_24_ | CK ^         |          |       |   0.075 |    0.010 | 
     | B_reg_Y_temp_reg_24_ | CK ^ -> QN ^ | DFF_X1   | 0.075 |   0.150 |    0.086 | 
     | U9937                | A1 ^ -> ZN ^ | OR2_X1   | 0.022 |   0.172 |    0.108 | 
     | U10039               | A2 ^ -> ZN v | NAND2_X1 | 0.012 |   0.184 |    0.120 | 
     | B_reg_Y_temp_reg_24_ | D v          | DFF_X1   | 0.000 |   0.184 |    0.120 | 
     +-----------------------------------------------------------------------------+ 

