 
****************************************
Report : area
Design : boothmul_registered
Version: W-2024.09-SP2
Date   : Mon Sep 21 19:22:32 2026
****************************************

Library(s) Used:

    NangateOpenCellLibrary (File: /home/repository/do/libnandgate/NangateOpenCellLibrary_typical_ecsm.db)

Number of ports:                          131
Number of nets:                          5593
Number of cells:                         5250
Number of combinational cells:           5116
Number of sequential cells:               128
Number of macros/black boxes:               0
Number of buf/inv:                        851
Number of references:                      43

Combinational area:               6708.519991
Buf/Inv area:                      506.730002
Noncombinational area:             598.765982
Macro/Black Box area:                0.000000
Net Interconnect area:      undefined  (Wire load has zero net area)

Total cell area:                  7307.285973
Total area:                 undefined
1
