 
****************************************
Report : area
Design : boothmul_registered
Version: W-2024.09-SP2
Date   : Mon Sep 21 19:28:56 2026
****************************************

Library(s) Used:

    NangateOpenCellLibrary (File: /home/repository/do/libnandgate/NangateOpenCellLibrary_typical_ecsm.db)

Number of ports:                          131
Number of nets:                          5222
Number of cells:                         4859
Number of combinational cells:           4726
Number of sequential cells:               128
Number of macros/black boxes:               0
Number of buf/inv:                        676
Number of references:                      41

Combinational area:               6410.067993
Buf/Inv area:                      373.464002
Noncombinational area:             594.775981
Macro/Black Box area:                0.000000
Net Interconnect area:      undefined  (Wire load has zero net area)

Total cell area:                  7004.843974
Total area:                 undefined
1
