 
****************************************
Report : qor
Design : boothmul_registered
Version: W-2024.09-SP2
Date   : Mon Sep 21 19:22:32 2026
****************************************


  Timing Path Group 'CLK'
  -----------------------------------
  Levels of Logic:              40.00
  Critical Path Length:          1.92
  Critical Path Slack:          -0.30
  Critical Path Clk Period:      1.70
  Total Negative Slack:         -7.93
  No. of Violating Paths:       33.00
  Worst Hold Violation:          0.00
  Total Hold Violation:          0.00
  No. of Hold Violations:        0.00
  -----------------------------------


  Cell Count
  -----------------------------------
  Hierarchical Cell Count:          0
  Hierarchical Port Count:          0
  Leaf Cell Count:               5244
  Buf/Inv Cell Count:             851
  Buf Cell Count:                 134
  Inv Cell Count:                 717
  CT Buf/Inv Cell Count:            0
  Combinational Cell Count:      5116
  Sequential Cell Count:          128
  Macro Count:                      0
  -----------------------------------


  Area
  -----------------------------------
  Combinational Area:     6708.519991
  Noncombinational Area:   598.765982
  Buf/Inv Area:            506.730002
  Total Buffer Area:           119.97
  Total Inverter Area:         386.76
  Macro/Black Box Area:      0.000000
  Net Area:                  0.000000
  -----------------------------------
  Cell Area:              7307.285973
  Design Area:            7307.285973


  Design Rules
  -----------------------------------
  Total Number of Nets:          5593
  Nets With Violations:             0
  Max Trans Violations:             0
  Max Cap Violations:               0
  -----------------------------------


  Hostname: microsys.openstack.polito

  Compile CPU Statistics
  -----------------------------------------
  Resource Sharing:                    0.43
  Logic Optimization:                  6.77
  Mapping Optimization:               40.92
  -----------------------------------------
  Overall Compile Time:               76.88
  Overall Compile Wall Clock Time:    79.57

  --------------------------------------------------------------------

  Design  WNS: 0.30  TNS: 7.93  Number of Violating Paths: 33


  Design (Hold)  WNS: 0.00  TNS: 0.00  Number of Violating Paths: 0

  --------------------------------------------------------------------


1
