 
****************************************
Report : qor
Design : boothmul_registered
Version: W-2024.09-SP2
Date   : Mon Sep 21 19:14:43 2026
****************************************


  Timing Path Group 'CLK'
  -----------------------------------
  Levels of Logic:              30.00
  Critical Path Length:          1.75
  Critical Path Slack:          -0.63
  Critical Path Clk Period:      1.20
  Total Negative Slack:        -27.56
  No. of Violating Paths:       55.00
  Worst Hold Violation:          0.00
  Total Hold Violation:          0.00
  No. of Hold Violations:        0.00
  -----------------------------------


  Cell Count
  -----------------------------------
  Hierarchical Cell Count:          0
  Hierarchical Port Count:          0
  Leaf Cell Count:               5556
  Buf/Inv Cell Count:            1241
  Buf Cell Count:                 186
  Inv Cell Count:                1055
  CT Buf/Inv Cell Count:            0
  Combinational Cell Count:      5428
  Sequential Cell Count:          128
  Macro Count:                      0
  -----------------------------------


  Area
  -----------------------------------
  Combinational Area:     6960.155981
  Noncombinational Area:   613.129986
  Buf/Inv Area:            734.160003
  Total Buffer Area:           168.64
  Total Inverter Area:         565.52
  Macro/Black Box Area:      0.000000
  Net Area:                  0.000000
  -----------------------------------
  Cell Area:              7573.285967
  Design Area:            7573.285967


  Design Rules
  -----------------------------------
  Total Number of Nets:          5889
  Nets With Violations:             0
  Max Trans Violations:             0
  Max Cap Violations:               0
  -----------------------------------


  Hostname: microsys.openstack.polito

  Compile CPU Statistics
  -----------------------------------------
  Resource Sharing:                    0.40
  Logic Optimization:                 13.32
  Mapping Optimization:               39.99
  -----------------------------------------
  Overall Compile Time:               83.04
  Overall Compile Wall Clock Time:    85.75

  --------------------------------------------------------------------

  Design  WNS: 0.63  TNS: 27.56  Number of Violating Paths: 55


  Design (Hold)  WNS: 0.00  TNS: 0.00  Number of Violating Paths: 0

  --------------------------------------------------------------------


1
