 
****************************************
Report : qor
Design : boothmul_registered
Version: W-2024.09-SP2
Date   : Mon Sep 21 19:24:03 2026
****************************************


  Timing Path Group 'CLK'
  -----------------------------------
  Levels of Logic:              35.00
  Critical Path Length:          1.81
  Critical Path Slack:          -0.09
  Critical Path Clk Period:      1.80
  Total Negative Slack:         -1.87
  No. of Violating Paths:       30.00
  Worst Hold Violation:          0.00
  Total Hold Violation:          0.00
  No. of Hold Violations:        0.00
  -----------------------------------


  Cell Count
  -----------------------------------
  Hierarchical Cell Count:          0
  Hierarchical Port Count:          0
  Leaf Cell Count:               5374
  Buf/Inv Cell Count:             869
  Buf Cell Count:                 150
  Inv Cell Count:                 719
  CT Buf/Inv Cell Count:            0
  Combinational Cell Count:      5246
  Sequential Cell Count:          128
  Macro Count:                      0
  -----------------------------------


  Area
  -----------------------------------
  Combinational Area:     6816.781988
  Noncombinational Area:   599.297982
  Buf/Inv Area:            528.808002
  Total Buffer Area:           140.71
  Total Inverter Area:         388.09
  Macro/Black Box Area:      0.000000
  Net Area:                  0.000000
  -----------------------------------
  Cell Area:              7416.079970
  Design Area:            7416.079970


  Design Rules
  -----------------------------------
  Total Number of Nets:          5716
  Nets With Violations:             0
  Max Trans Violations:             0
  Max Cap Violations:               0
  -----------------------------------


  Hostname: microsys.openstack.polito

  Compile CPU Statistics
  -----------------------------------------
  Resource Sharing:                    0.40
  Logic Optimization:                  7.37
  Mapping Optimization:               34.71
  -----------------------------------------
  Overall Compile Time:               72.61
  Overall Compile Wall Clock Time:    75.24

  --------------------------------------------------------------------

  Design  WNS: 0.09  TNS: 1.87  Number of Violating Paths: 30


  Design (Hold)  WNS: 0.00  TNS: 0.00  Number of Violating Paths: 0

  --------------------------------------------------------------------


1
