 
****************************************
Report : reference
Design : boothmul_registered
Version: W-2024.09-SP2
Date   : Mon Sep 21 19:25:24 2026
****************************************

Attributes:
    b - black box (unknown)
   bo - allows boundary optimization
    d - dont_touch
   mo - map_only
    h - hierarchical
    n - noncombinational
    r - removable
    s - synthetic operator
    u - contains unmapped logic

Reference          Library       Unit Area   Count    Total Area   Attributes
-----------------------------------------------------------------------------
AND2_X1            NangateOpenCellLibrary
                                  1.064000     380    404.320004  
AND2_X2            NangateOpenCellLibrary
                                  1.330000       7      9.310000  
AND3_X1            NangateOpenCellLibrary
                                  1.330000      52     69.160002  
AND3_X2            NangateOpenCellLibrary
                                  1.596000       2      3.192000  
AND4_X1            NangateOpenCellLibrary
                                  1.596000      47     75.011998  
AOI21_X1           NangateOpenCellLibrary
                                  1.064000      77     81.928001  
AOI22_X1           NangateOpenCellLibrary
                                  1.330000       6      7.980000  
AOI211_X1          NangateOpenCellLibrary
                                  1.330000       3      3.990000  
BUF_X1             NangateOpenCellLibrary
                                  0.798000      47     37.505999  
BUF_X2             NangateOpenCellLibrary
                                  1.064000      13     13.832000  
BUF_X4             NangateOpenCellLibrary
                                  1.862000       2      3.724000  
CLKBUF_X1          NangateOpenCellLibrary
                                  0.798000      21     16.758000  
CLKBUF_X2          NangateOpenCellLibrary
                                  1.064000       5      5.320000  
DFFS_X1            NangateOpenCellLibrary
                                  5.320000       5     26.600001  n
DFF_X1             NangateOpenCellLibrary
                                  4.522000     103    465.765983  n
DFF_X2             NangateOpenCellLibrary
                                  5.054000      19     96.025998  n
FA_X1              NangateOpenCellLibrary
                                  4.256000     401   1706.656017  r
INV_X1             NangateOpenCellLibrary
                                  0.532000     614    326.648003  
INV_X2             NangateOpenCellLibrary
                                  0.798000      13     10.374000  
MUX2_X1            NangateOpenCellLibrary
                                  1.862000     599   1115.337993  
NAND2_X1           NangateOpenCellLibrary
                                  0.798000    1178    940.043974  
NAND2_X2           NangateOpenCellLibrary
                                  1.330000       1      1.330000  
NAND2_X4           NangateOpenCellLibrary
                                  2.394000       2      4.788000  
NAND3_X1           NangateOpenCellLibrary
                                  1.064000      28     29.792000  
NAND3_X2           NangateOpenCellLibrary
                                  1.862000       1      1.862000  
NAND4_X1           NangateOpenCellLibrary
                                  1.330000      43     57.190002  
NOR2_X1            NangateOpenCellLibrary
                                  0.798000     217    173.165995  
NOR3_X1            NangateOpenCellLibrary
                                  1.064000       5      5.320000  
NOR4_X1            NangateOpenCellLibrary
                                  1.330000       6      7.980000  
OAI21_X1           NangateOpenCellLibrary
                                  1.064000     115    122.360001  
OAI22_X1           NangateOpenCellLibrary
                                  1.330000      10     13.300000  
OAI211_X1          NangateOpenCellLibrary
                                  1.330000     124    164.920005  
OR2_X1             NangateOpenCellLibrary
                                  1.064000     584    621.376006  
OR2_X2             NangateOpenCellLibrary
                                  1.330000       7      9.310000  
OR2_X4             NangateOpenCellLibrary
                                  2.394000       2      4.788000  
OR3_X1             NangateOpenCellLibrary
                                  1.330000      19     25.270001  
OR3_X2             NangateOpenCellLibrary
                                  1.596000       1      1.596000  
OR4_X1             NangateOpenCellLibrary
                                  1.596000       1      1.596000  
SDFF_X1            NangateOpenCellLibrary
                                  6.118000       1      6.118000  n
XNOR2_X1           NangateOpenCellLibrary
                                  1.596000     320    510.719986  
XOR2_X1            NangateOpenCellLibrary
                                  1.596000      30     47.879999  
-----------------------------------------------------------------------------
Total 41 references                                  7230.145970
1
