 
****************************************
Report : reference
Design : boothmul_registered
Version: W-2024.09-SP2
Date   : Mon Sep 21 19:16:16 2026
****************************************

Attributes:
    b - black box (unknown)
   bo - allows boundary optimization
    d - dont_touch
   mo - map_only
    h - hierarchical
    n - noncombinational
    r - removable
    s - synthetic operator
    u - contains unmapped logic

Reference          Library       Unit Area   Count    Total Area   Attributes
-----------------------------------------------------------------------------
AND2_X1            NangateOpenCellLibrary
                                  1.064000     381    405.384004  
AND2_X2            NangateOpenCellLibrary
                                  1.330000      16     21.280001  
AND2_X4            NangateOpenCellLibrary
                                  2.394000       1      2.394000  
AND3_X1            NangateOpenCellLibrary
                                  1.330000      40     53.200002  
AND3_X2            NangateOpenCellLibrary
                                  1.596000       2      3.192000  
AND4_X1            NangateOpenCellLibrary
                                  1.596000      10     15.960000  
AOI21_X1           NangateOpenCellLibrary
                                  1.064000      59     62.776001  
AOI22_X1           NangateOpenCellLibrary
                                  1.330000       7      9.310000  
BUF_X1             NangateOpenCellLibrary
                                  0.798000      62     49.475999  
BUF_X2             NangateOpenCellLibrary
                                  1.064000      36     38.304000  
BUF_X4             NangateOpenCellLibrary
                                  1.862000       6     11.172000  
CLKBUF_X1          NangateOpenCellLibrary
                                  0.798000      24     19.151999  
CLKBUF_X2          NangateOpenCellLibrary
                                  1.064000       1      1.064000  
DFFS_X1            NangateOpenCellLibrary
                                  5.320000      15     79.800003  n
DFFS_X2            NangateOpenCellLibrary
                                  5.586000       9     50.274000  n
DFF_X1             NangateOpenCellLibrary
                                  4.522000      91    411.501985  n
DFF_X2             NangateOpenCellLibrary
                                  5.054000      12     60.647999  n
FA_X1              NangateOpenCellLibrary
                                  4.256000     370   1574.720016  r
INV_X1             NangateOpenCellLibrary
                                  0.532000     848    451.136004  
INV_X2             NangateOpenCellLibrary
                                  0.798000      23     18.353999  
MUX2_X1            NangateOpenCellLibrary
                                  1.862000     860   1601.319990  
NAND2_X1           NangateOpenCellLibrary
                                  0.798000     972    775.655979  
NAND2_X2           NangateOpenCellLibrary
                                  1.330000       4      5.320000  
NAND3_X1           NangateOpenCellLibrary
                                  1.064000      27     28.728000  
NAND3_X2           NangateOpenCellLibrary
                                  1.862000       1      1.862000  
NAND4_X1           NangateOpenCellLibrary
                                  1.330000      18     23.940001  
NAND4_X2           NangateOpenCellLibrary
                                  2.394000       1      2.394000  
NOR2_X1            NangateOpenCellLibrary
                                  0.798000     247    197.105995  
NOR3_X1            NangateOpenCellLibrary
                                  1.064000       3      3.192000  
NOR4_X1            NangateOpenCellLibrary
                                  1.330000       1      1.330000  
OAI21_X1           NangateOpenCellLibrary
                                  1.064000     155    164.920002  
OAI21_X2           NangateOpenCellLibrary
                                  1.862000       5      9.310000  
OAI22_X1           NangateOpenCellLibrary
                                  1.330000      13     17.290001  
OAI211_X1          NangateOpenCellLibrary
                                  1.330000      55     73.150002  
OR2_X1             NangateOpenCellLibrary
                                  1.064000     536    570.304006  
OR2_X2             NangateOpenCellLibrary
                                  1.330000      14     18.620001  
OR3_X1             NangateOpenCellLibrary
                                  1.330000       8     10.640000  
OR3_X2             NangateOpenCellLibrary
                                  1.596000       6      9.576000  
SDFF_X1            NangateOpenCellLibrary
                                  6.118000       1      6.118000  n
XNOR2_X1           NangateOpenCellLibrary
                                  1.596000     302    481.991987  
XNOR2_X2           NangateOpenCellLibrary
                                  2.660000       2      5.320000  
XOR2_X1            NangateOpenCellLibrary
                                  1.596000      42     67.031998  
-----------------------------------------------------------------------------
Total 42 references                                  7414.217972
1
