Information: Propagating switching activity (low effort zero delay simulation). (PWR-6)
 
****************************************
Report : power
        -analysis_effort low
Design : boothmul_registered
Version: W-2024.09-SP2
Date   : Wed Sep 30 22:04:34 2026
****************************************


Library(s) Used:

    NangateOpenCellLibrary (File: /home/repository/do/libnandgate/NangateOpenCellLibrary_typical_ecsm.db)


Operating Conditions: typical   Library: NangateOpenCellLibrary
Wire Load Model Mode: top

Design        Wire Load Model            Library
------------------------------------------------
boothmul_registered    5K_hvratio_1_4    NangateOpenCellLibrary


Global Operating Voltage = 1.1  
Power-specific unit information :
    Voltage Units = 1V
    Capacitance Units = 1.000000ff
    Time Units = 1ns
    Dynamic Power Units = 1uW    (derived from V,C,T units)
    Leakage Power Units = 1nW


Attributes
----------
i - Including register clock pin internal power


  Cell Internal Power  = 11.800047 mW   (54%)
  Net Switching Power  = 10.228014 mW   (46%)
                         ---------
Total Dynamic Power    = 22.028061 mW  (100%)

Cell Leakage Power     = 201.8940 uW


                 Internal         Switching           Leakage            Total
Power Group      Power            Power               Power              Power   (   %    )  Attrs
--------------------------------------------------------------------------------------------------
io_pad           0.000000          0.000000          0.000000          0.000000  (   0.00%)
memory           0.000000          0.000000          0.000000          0.000000  (   0.00%)
black_box        0.000000          0.000000          0.000000          0.000000  (   0.00%)
clock_network  631.691528          0.000000          0.000000        631.691528  (   2.84%)  i
register       570.030762        415.997864        1.138534e+04        997.412720
                                                                                 (   4.49%)
sequential       0.000000          0.000000          0.000000          0.000000  (   0.00%)
combinational  1.059832e+04        9.812009e+03        1.905086e+05        2.060085e+04
                                                                                 (  92.67%)
--------------------------------------------------------------------------------------------------
Total          1.180004e+04 uW     1.022801e+04 uW     2.018940e+05 nW     2.222996e+04 uW
1
