Information: Propagating switching activity (low effort zero delay simulation). (PWR-6)
 
****************************************
Report : power
        -analysis_effort low
Design : boothmul_registered
Version: W-2024.09-SP2
Date   : Tue Sep 15 19:19:10 2026
****************************************


Library(s) Used:

    NangateOpenCellLibrary (File: /home/repository/do/libnandgate/NangateOpenCellLibrary_typical_ecsm.db)


Operating Conditions: typical   Library: NangateOpenCellLibrary
Wire Load Model Mode: top

Design        Wire Load Model            Library
------------------------------------------------
boothmul_registered    5K_hvratio_1_4    NangateOpenCellLibrary


Global Operating Voltage = 1.1  
Power-specific unit information :
    Voltage Units = 1V
    Capacitance Units = 1.000000ff
    Time Units = 1ns
    Dynamic Power Units = 1uW    (derived from V,C,T units)
    Leakage Power Units = 1nW


Attributes
----------
i - Including register clock pin internal power


  Cell Internal Power  = 2.561603 mW   (51%)
  Net Switching Power  = 2.469321 mW   (49%)
                         ---------
Total Dynamic Power    = 5.030924 mW  (100%)

Cell Leakage Power     = 124.6658 uW


                 Internal         Switching           Leakage            Total
Power Group      Power            Power               Power              Power   (   %    )  Attrs
--------------------------------------------------------------------------------------------------
io_pad           0.000000          0.000000          0.000000          0.000000  (   0.00%)
memory           0.000000          0.000000          0.000000          0.000000  (   0.00%)
black_box        0.000000          0.000000          0.000000          0.000000  (   0.00%)
clock_network  115.094666          0.000000          0.000000        115.094666  (   2.23%)  i
register       122.472473         74.502975        1.002120e+04        206.996735
                                                                                 (   4.01%)
sequential       0.000000          0.000000          0.000000          0.000000  (   0.00%)
combinational  2.324038e+03        2.394823e+03        1.146446e+05        4.833497e+03
                                                                                 (  93.75%)
--------------------------------------------------------------------------------------------------
Total          2.561605e+03 uW     2.469325e+03 uW     1.246658e+05 nW     5.155588e+03 uW
1
