###############################################################
#  Generated by:      Cadence Innovus 23.35-s106_1
#  OS:                Linux x86_64(Host ID microsys.openstack.polito)
#  Generated on:      Sat Oct 10 20:51:22 2026
#  Design:            boothmul_registered
#  Command:           report_timing -early -max_paths 10 > reports/10_hold_paths.rpt
###############################################################
Path 1: MET Hold Check with Pin p_reg_Y_temp_reg_49_/CK 
Endpoint:   p_reg_Y_temp_reg_49_/D  (v) checked with  leading edge of 'CLK'
Beginpoint: p_reg_Y_temp_reg_49_/QN (^) triggered by  leading edge of 'CLK'
Path Groups: {CLK}
Analysis View: default
Other End Arrival Time          0.049
+ Hold                          0.011
+ Phase Shift                   0.000
- CPPR Adjustment               0.000
+ Uncertainty                   0.050
= Required Time                 0.110
  Arrival Time                  0.178
  Slack Time                    0.069
     Clock Rise Edge                 0.000
     + Clock Network Latency (Prop)  0.070
     = Beginpoint Arrival Time       0.070
     +-----------------------------------------------------------------------------+ 
     |       Instance       |     Arc      |   Cell   | Delay | Arrival | Required | 
     |                      |              |          |       |  Time   |   Time   | 
     |----------------------+--------------+----------+-------+---------+----------| 
     | p_reg_Y_temp_reg_49_ | CK ^         |          |       |   0.070 |    0.001 | 
     | p_reg_Y_temp_reg_49_ | CK ^ -> QN ^ | DFF_X1   | 0.074 |   0.144 |    0.075 | 
     | U3147                | A1 ^ -> ZN ^ | OR2_X1   | 0.023 |   0.167 |    0.098 | 
     | U3021                | A2 ^ -> ZN v | NAND2_X1 | 0.012 |   0.178 |    0.110 | 
     | p_reg_Y_temp_reg_49_ | D v          | DFF_X1   | 0.000 |   0.178 |    0.110 | 
     +-----------------------------------------------------------------------------+ 
Path 2: MET Hold Check with Pin p_reg_Y_temp_reg_15_/CK 
Endpoint:   p_reg_Y_temp_reg_15_/D  (v) checked with  leading edge of 'CLK'
Beginpoint: p_reg_Y_temp_reg_15_/QN (^) triggered by  leading edge of 'CLK'
Path Groups: {CLK}
Analysis View: default
Other End Arrival Time          0.048
+ Hold                          0.010
+ Phase Shift                   0.000
- CPPR Adjustment               0.000
+ Uncertainty                   0.050
= Required Time                 0.108
  Arrival Time                  0.177
  Slack Time                    0.069
     Clock Rise Edge                 0.000
     + Clock Network Latency (Prop)  0.069
     = Beginpoint Arrival Time       0.069
     +-----------------------------------------------------------------------------+ 
     |       Instance       |     Arc      |   Cell   | Delay | Arrival | Required | 
     |                      |              |          |       |  Time   |   Time   | 
     |----------------------+--------------+----------+-------+---------+----------| 
     | p_reg_Y_temp_reg_15_ | CK ^         |          |       |   0.069 |   -0.000 | 
     | p_reg_Y_temp_reg_15_ | CK ^ -> QN ^ | DFF_X1   | 0.074 |   0.142 |    0.074 | 
     | U3118                | A1 ^ -> ZN ^ | OR2_X1   | 0.022 |   0.165 |    0.096 | 
     | U3249                | A ^ -> ZN v  | OAI21_X1 | 0.012 |   0.177 |    0.108 | 
     | p_reg_Y_temp_reg_15_ | D v          | DFF_X1   | 0.000 |   0.177 |    0.108 | 
     +-----------------------------------------------------------------------------+ 
Path 3: MET Hold Check with Pin p_reg_Y_temp_reg_57_/CK 
Endpoint:   p_reg_Y_temp_reg_57_/D  (v) checked with  leading edge of 'CLK'
Beginpoint: p_reg_Y_temp_reg_57_/QN (^) triggered by  leading edge of 'CLK'
Path Groups: {CLK}
Analysis View: default
Other End Arrival Time          0.048
+ Hold                          0.011
+ Phase Shift                   0.000
- CPPR Adjustment               0.000
+ Uncertainty                   0.050
= Required Time                 0.109
  Arrival Time                  0.178
  Slack Time                    0.069
     Clock Rise Edge                 0.000
     + Clock Network Latency (Prop)  0.069
     = Beginpoint Arrival Time       0.069
     +-----------------------------------------------------------------------------+ 
     |       Instance       |     Arc      |   Cell   | Delay | Arrival | Required | 
     |                      |              |          |       |  Time   |   Time   | 
     |----------------------+--------------+----------+-------+---------+----------| 
     | p_reg_Y_temp_reg_57_ | CK ^         |          |       |   0.069 |    0.000 | 
     | p_reg_Y_temp_reg_57_ | CK ^ -> QN ^ | DFF_X1   | 0.074 |   0.143 |    0.075 | 
     | U3136                | A1 ^ -> ZN ^ | OR2_X1   | 0.022 |   0.166 |    0.097 | 
     | U3008                | A2 ^ -> ZN v | NAND2_X1 | 0.012 |   0.178 |    0.109 | 
     | p_reg_Y_temp_reg_57_ | D v          | DFF_X1   | 0.000 |   0.178 |    0.109 | 
     +-----------------------------------------------------------------------------+ 
Path 4: MET Hold Check with Pin p_reg_Y_temp_reg_46_/CK 
Endpoint:   p_reg_Y_temp_reg_46_/D  (v) checked with  leading edge of 'CLK'
Beginpoint: p_reg_Y_temp_reg_46_/QN (^) triggered by  leading edge of 'CLK'
Path Groups: {CLK}
Analysis View: default
Other End Arrival Time          0.049
+ Hold                          0.011
+ Phase Shift                   0.000
- CPPR Adjustment               0.000
+ Uncertainty                   0.050
= Required Time                 0.110
  Arrival Time                  0.179
  Slack Time                    0.069
     Clock Rise Edge                 0.000
     + Clock Network Latency (Prop)  0.070
     = Beginpoint Arrival Time       0.070
     +-----------------------------------------------------------------------------+ 
     |       Instance       |     Arc      |   Cell   | Delay | Arrival | Required | 
     |                      |              |          |       |  Time   |   Time   | 
     |----------------------+--------------+----------+-------+---------+----------| 
     | p_reg_Y_temp_reg_46_ | CK ^         |          |       |   0.070 |    0.001 | 
     | p_reg_Y_temp_reg_46_ | CK ^ -> QN ^ | DFF_X1   | 0.075 |   0.145 |    0.076 | 
     | U3148                | A1 ^ -> ZN ^ | OR2_X1   | 0.022 |   0.167 |    0.098 | 
     | U3017                | A2 ^ -> ZN v | NAND2_X1 | 0.012 |   0.179 |    0.110 | 
     | p_reg_Y_temp_reg_46_ | D v          | DFF_X1   | 0.000 |   0.179 |    0.110 | 
     +-----------------------------------------------------------------------------+ 
Path 5: MET Hold Check with Pin p_reg_Y_temp_reg_17_/CK 
Endpoint:   p_reg_Y_temp_reg_17_/D  (v) checked with  leading edge of 'CLK'
Beginpoint: p_reg_Y_temp_reg_17_/QN (^) triggered by  leading edge of 'CLK'
Path Groups: {CLK}
Analysis View: default
Other End Arrival Time          0.047
+ Hold                          0.010
+ Phase Shift                   0.000
- CPPR Adjustment               0.000
+ Uncertainty                   0.050
= Required Time                 0.107
  Arrival Time                  0.176
  Slack Time                    0.069
     Clock Rise Edge                 0.000
     + Clock Network Latency (Prop)  0.068
     = Beginpoint Arrival Time       0.068
     +-----------------------------------------------------------------------------+ 
     |       Instance       |     Arc      |   Cell   | Delay | Arrival | Required | 
     |                      |              |          |       |  Time   |   Time   | 
     |----------------------+--------------+----------+-------+---------+----------| 
     | p_reg_Y_temp_reg_17_ | CK ^         |          |       |   0.068 |   -0.001 | 
     | p_reg_Y_temp_reg_17_ | CK ^ -> QN ^ | DFF_X1   | 0.074 |   0.141 |    0.072 | 
     | U3120                | A1 ^ -> ZN ^ | OR2_X1   | 0.022 |   0.164 |    0.095 | 
     | U3251                | A ^ -> ZN v  | OAI21_X1 | 0.012 |   0.176 |    0.107 | 
     | p_reg_Y_temp_reg_17_ | D v          | DFF_X1   | 0.000 |   0.176 |    0.107 | 
     +-----------------------------------------------------------------------------+ 
Path 6: MET Hold Check with Pin p_reg_Y_temp_reg_58_/CK 
Endpoint:   p_reg_Y_temp_reg_58_/D  (v) checked with  leading edge of 'CLK'
Beginpoint: p_reg_Y_temp_reg_58_/QN (^) triggered by  leading edge of 'CLK'
Path Groups: {CLK}
Analysis View: default
Other End Arrival Time          0.048
+ Hold                          0.011
+ Phase Shift                   0.000
- CPPR Adjustment               0.000
+ Uncertainty                   0.050
= Required Time                 0.109
  Arrival Time                  0.178
  Slack Time                    0.069
     Clock Rise Edge                 0.000
     + Clock Network Latency (Prop)  0.069
     = Beginpoint Arrival Time       0.069
     +-----------------------------------------------------------------------------+ 
     |       Instance       |     Arc      |   Cell   | Delay | Arrival | Required | 
     |                      |              |          |       |  Time   |   Time   | 
     |----------------------+--------------+----------+-------+---------+----------| 
     | p_reg_Y_temp_reg_58_ | CK ^         |          |       |   0.069 |   -0.000 | 
     | p_reg_Y_temp_reg_58_ | CK ^ -> QN ^ | DFF_X1   | 0.075 |   0.144 |    0.075 | 
     | U3138                | A1 ^ -> ZN ^ | OR2_X1   | 0.022 |   0.166 |    0.097 | 
     | U3009                | A2 ^ -> ZN v | NAND2_X1 | 0.012 |   0.178 |    0.109 | 
     | p_reg_Y_temp_reg_58_ | D v          | DFF_X1   | 0.000 |   0.178 |    0.109 | 
     +-----------------------------------------------------------------------------+ 
Path 7: MET Hold Check with Pin p_reg_Y_temp_reg_59_/CK 
Endpoint:   p_reg_Y_temp_reg_59_/D  (v) checked with  leading edge of 'CLK'
Beginpoint: p_reg_Y_temp_reg_59_/QN (^) triggered by  leading edge of 'CLK'
Path Groups: {CLK}
Analysis View: default
Other End Arrival Time          0.048
+ Hold                          0.011
+ Phase Shift                   0.000
- CPPR Adjustment               0.000
+ Uncertainty                   0.050
= Required Time                 0.109
  Arrival Time                  0.178
  Slack Time                    0.069
     Clock Rise Edge                 0.000
     + Clock Network Latency (Prop)  0.069
     = Beginpoint Arrival Time       0.069
     +-----------------------------------------------------------------------------+ 
     |       Instance       |     Arc      |   Cell   | Delay | Arrival | Required | 
     |                      |              |          |       |  Time   |   Time   | 
     |----------------------+--------------+----------+-------+---------+----------| 
     | p_reg_Y_temp_reg_59_ | CK ^         |          |       |   0.069 |   -0.000 | 
     | p_reg_Y_temp_reg_59_ | CK ^ -> QN ^ | DFF_X1   | 0.075 |   0.144 |    0.075 | 
     | U3137                | A1 ^ -> ZN ^ | OR2_X1   | 0.022 |   0.166 |    0.097 | 
     | U3007                | A2 ^ -> ZN v | NAND2_X1 | 0.012 |   0.178 |    0.109 | 
     | p_reg_Y_temp_reg_59_ | D v          | DFF_X1   | 0.000 |   0.178 |    0.109 | 
     +-----------------------------------------------------------------------------+ 
Path 8: MET Hold Check with Pin p_reg_Y_temp_reg_45_/CK 
Endpoint:   p_reg_Y_temp_reg_45_/D  (v) checked with  leading edge of 'CLK'
Beginpoint: p_reg_Y_temp_reg_45_/QN (^) triggered by  leading edge of 'CLK'
Path Groups: {CLK}
Analysis View: default
Other End Arrival Time          0.049
+ Hold                          0.011
+ Phase Shift                   0.000
- CPPR Adjustment               0.000
+ Uncertainty                   0.050
= Required Time                 0.110
  Arrival Time                  0.179
  Slack Time                    0.069
     Clock Rise Edge                 0.000
     + Clock Network Latency (Prop)  0.070
     = Beginpoint Arrival Time       0.070
     +-----------------------------------------------------------------------------+ 
     |       Instance       |     Arc      |   Cell   | Delay | Arrival | Required | 
     |                      |              |          |       |  Time   |   Time   | 
     |----------------------+--------------+----------+-------+---------+----------| 
     | p_reg_Y_temp_reg_45_ | CK ^         |          |       |   0.070 |    0.001 | 
     | p_reg_Y_temp_reg_45_ | CK ^ -> QN ^ | DFF_X1   | 0.075 |   0.145 |    0.076 | 
     | U3146                | A1 ^ -> ZN ^ | OR2_X1   | 0.023 |   0.167 |    0.098 | 
     | U3019                | A2 ^ -> ZN v | NAND2_X1 | 0.012 |   0.179 |    0.110 | 
     | p_reg_Y_temp_reg_45_ | D v          | DFF_X1   | 0.000 |   0.179 |    0.110 | 
     +-----------------------------------------------------------------------------+ 
Path 9: MET Hold Check with Pin p_reg_Y_temp_reg_50_/CK 
Endpoint:   p_reg_Y_temp_reg_50_/D  (v) checked with  leading edge of 'CLK'
Beginpoint: p_reg_Y_temp_reg_50_/QN (^) triggered by  leading edge of 'CLK'
Path Groups: {CLK}
Analysis View: default
Other End Arrival Time          0.049
+ Hold                          0.011
+ Phase Shift                   0.000
- CPPR Adjustment               0.000
+ Uncertainty                   0.050
= Required Time                 0.110
  Arrival Time                  0.179
  Slack Time                    0.069
     Clock Rise Edge                 0.000
     + Clock Network Latency (Prop)  0.070
     = Beginpoint Arrival Time       0.070
     +-----------------------------------------------------------------------------+ 
     |       Instance       |     Arc      |   Cell   | Delay | Arrival | Required | 
     |                      |              |          |       |  Time   |   Time   | 
     |----------------------+--------------+----------+-------+---------+----------| 
     | p_reg_Y_temp_reg_50_ | CK ^         |          |       |   0.070 |    0.000 | 
     | p_reg_Y_temp_reg_50_ | CK ^ -> QN ^ | DFF_X1   | 0.075 |   0.144 |    0.075 | 
     | U3145                | A1 ^ -> ZN ^ | OR2_X1   | 0.022 |   0.167 |    0.098 | 
     | U3014                | A2 ^ -> ZN v | NAND2_X1 | 0.012 |   0.179 |    0.110 | 
     | p_reg_Y_temp_reg_50_ | D v          | DFF_X1   | 0.000 |   0.179 |    0.110 | 
     +-----------------------------------------------------------------------------+ 
Path 10: MET Hold Check with Pin p_reg_Y_temp_reg_56_/CK 
Endpoint:   p_reg_Y_temp_reg_56_/D  (v) checked with  leading edge of 'CLK'
Beginpoint: p_reg_Y_temp_reg_56_/QN (^) triggered by  leading edge of 'CLK'
Path Groups: {CLK}
Analysis View: default
Other End Arrival Time          0.048
+ Hold                          0.011
+ Phase Shift                   0.000
- CPPR Adjustment               0.000
+ Uncertainty                   0.050
= Required Time                 0.109
  Arrival Time                  0.178
  Slack Time                    0.069
     Clock Rise Edge                 0.000
     + Clock Network Latency (Prop)  0.069
     = Beginpoint Arrival Time       0.069
     +-----------------------------------------------------------------------------+ 
     |       Instance       |     Arc      |   Cell   | Delay | Arrival | Required | 
     |                      |              |          |       |  Time   |   Time   | 
     |----------------------+--------------+----------+-------+---------+----------| 
     | p_reg_Y_temp_reg_56_ | CK ^         |          |       |   0.069 |   -0.000 | 
     | p_reg_Y_temp_reg_56_ | CK ^ -> QN ^ | DFF_X1   | 0.075 |   0.144 |    0.075 | 
     | U3139                | A1 ^ -> ZN ^ | OR2_X1   | 0.023 |   0.166 |    0.097 | 
     | U3010                | A2 ^ -> ZN v | NAND2_X1 | 0.012 |   0.178 |    0.109 | 
     | p_reg_Y_temp_reg_56_ | D v          | DFF_X1   | 0.000 |   0.178 |    0.109 | 
     +-----------------------------------------------------------------------------+ 

