###############################################################
#  Generated by:      Cadence Innovus 23.35-s106_1
#  OS:                Linux x86_64(Host ID microsys.openstack.polito)
#  Generated on:      Sat Oct 10 20:51:21 2026
#  Design:            boothmul_registered
#  Command:           report_timing -max_paths 10 > reports/10_setup_paths.rpt
###############################################################
Path 1: MET Setup Check with Pin p_reg_Y_temp_reg_41_/CK 
Endpoint:   p_reg_Y_temp_reg_41_/D (^) checked with  leading edge of 'CLK'
Beginpoint: A_reg_Y_temp_reg_25_/Q (^) triggered by  leading edge of 'CLK'
Path Groups: {CLK}
Analysis View: default
Other End Arrival Time          0.070
- Setup                         0.026
+ Phase Shift                   1.637
+ CPPR Adjustment               0.000
- Uncertainty                   0.050
= Required Time                 1.631
- Arrival Time                  1.538
= Slack Time                    0.093
     Clock Rise Edge                 0.000
     + Clock Network Latency (Prop)  0.048
     = Beginpoint Arrival Time       0.048
     +------------------------------------------------------------------------------+ 
     |       Instance       |     Arc      |   Cell    | Delay | Arrival | Required | 
     |                      |              |           |       |  Time   |   Time   | 
     |----------------------+--------------+-----------+-------+---------+----------| 
     | A_reg_Y_temp_reg_25_ | CK ^         |           |       |   0.048 |    0.141 | 
     | A_reg_Y_temp_reg_25_ | CK ^ -> Q ^  | DFF_X1    | 0.205 |   0.253 |    0.346 | 
     | U689                 | B ^ -> ZN v  | XNOR2_X1  | 0.026 |   0.279 |    0.372 | 
     | FE_OFC1_n441         | A v -> Z v   | CLKBUF_X2 | 0.130 |   0.409 |    0.502 | 
     | U690                 | A2 v -> ZN ^ | NAND2_X2  | 0.133 |   0.541 |    0.634 | 
     | U948                 | A1 ^ -> ZN v | OAI22_X1  | 0.047 |   0.589 |    0.682 | 
     | U1106                | A v -> CO v  | FA_X1     | 0.086 |   0.675 |    0.768 | 
     | U1245                | B v -> CO v  | FA_X1     | 0.084 |   0.759 |    0.852 | 
     | U1304                | A v -> CO v  | FA_X1     | 0.084 |   0.843 |    0.936 | 
     | U1362                | A v -> CO v  | FA_X1     | 0.079 |   0.922 |    1.015 | 
     | U1364                | CI v -> S ^  | FA_X1     | 0.120 |   1.042 |    1.135 | 
     | U1400                | CI ^ -> S v  | FA_X1     | 0.101 |   1.143 |    1.236 | 
     | U651                 | A1 v -> ZN ^ | NOR2_X1   | 0.058 |   1.200 |    1.293 | 
     | U1401                | A1 ^ -> ZN v | NOR2_X1   | 0.016 |   1.216 |    1.309 | 
     | U2132                | B2 v -> ZN ^ | AOI21_X1  | 0.032 |   1.248 |    1.341 | 
     | U2133                | A ^ -> ZN v  | OAI21_X1  | 0.022 |   1.270 |    1.363 | 
     | U2134                | A v -> ZN ^  | AOI21_X1  | 0.045 |   1.315 |    1.408 | 
     | FE_OFC17_n2868       | A ^ -> Z ^   | BUF_X2    | 0.082 |   1.397 |    1.490 | 
     | U2790                | B1 ^ -> ZN v | OAI21_X1  | 0.033 |   1.430 |    1.523 | 
     | U2791                | B v -> ZN ^  | XNOR2_X1  | 0.068 |   1.498 |    1.591 | 
     | U2793                | A1 ^ -> ZN v | NAND2_X1  | 0.023 |   1.520 |    1.613 | 
     | U3025                | A1 v -> ZN ^ | NAND2_X1  | 0.018 |   1.538 |    1.631 | 
     | p_reg_Y_temp_reg_41_ | D ^          | DFF_X1    | 0.000 |   1.538 |    1.631 | 
     +------------------------------------------------------------------------------+ 
Path 2: MET Setup Check with Pin p_reg_Y_temp_reg_42_/CK 
Endpoint:   p_reg_Y_temp_reg_42_/D (^) checked with  leading edge of 'CLK'
Beginpoint: A_reg_Y_temp_reg_25_/Q (^) triggered by  leading edge of 'CLK'
Path Groups: {CLK}
Analysis View: default
Other End Arrival Time          0.070
- Setup                         0.026
+ Phase Shift                   1.637
+ CPPR Adjustment               0.000
- Uncertainty                   0.050
= Required Time                 1.631
- Arrival Time                  1.534
= Slack Time                    0.097
     Clock Rise Edge                 0.000
     + Clock Network Latency (Prop)  0.048
     = Beginpoint Arrival Time       0.048
     +------------------------------------------------------------------------------+ 
     |       Instance       |     Arc      |   Cell    | Delay | Arrival | Required | 
     |                      |              |           |       |  Time   |   Time   | 
     |----------------------+--------------+-----------+-------+---------+----------| 
     | A_reg_Y_temp_reg_25_ | CK ^         |           |       |   0.048 |    0.145 | 
     | A_reg_Y_temp_reg_25_ | CK ^ -> Q ^  | DFF_X1    | 0.205 |   0.253 |    0.350 | 
     | U689                 | B ^ -> ZN v  | XNOR2_X1  | 0.026 |   0.279 |    0.376 | 
     | FE_OFC1_n441         | A v -> Z v   | CLKBUF_X2 | 0.130 |   0.409 |    0.506 | 
     | U690                 | A2 v -> ZN ^ | NAND2_X2  | 0.133 |   0.541 |    0.639 | 
     | U948                 | A1 ^ -> ZN v | OAI22_X1  | 0.047 |   0.589 |    0.686 | 
     | U1106                | A v -> CO v  | FA_X1     | 0.086 |   0.675 |    0.772 | 
     | U1245                | B v -> CO v  | FA_X1     | 0.084 |   0.759 |    0.856 | 
     | U1304                | A v -> CO v  | FA_X1     | 0.084 |   0.843 |    0.940 | 
     | U1362                | A v -> CO v  | FA_X1     | 0.079 |   0.922 |    1.019 | 
     | U1364                | CI v -> S ^  | FA_X1     | 0.120 |   1.042 |    1.139 | 
     | U1400                | CI ^ -> S v  | FA_X1     | 0.101 |   1.143 |    1.240 | 
     | U651                 | A1 v -> ZN ^ | NOR2_X1   | 0.058 |   1.200 |    1.298 | 
     | U1401                | A1 ^ -> ZN v | NOR2_X1   | 0.016 |   1.216 |    1.313 | 
     | U2132                | B2 v -> ZN ^ | AOI21_X1  | 0.032 |   1.248 |    1.345 | 
     | U2133                | A ^ -> ZN v  | OAI21_X1  | 0.022 |   1.270 |    1.367 | 
     | U2134                | A v -> ZN ^  | AOI21_X1  | 0.045 |   1.315 |    1.412 | 
     | FE_OFC17_n2868       | A ^ -> Z ^   | BUF_X2    | 0.082 |   1.397 |    1.494 | 
     | U2785                | B1 ^ -> ZN v | OAI21_X1  | 0.033 |   1.430 |    1.527 | 
     | U2786                | B v -> ZN ^  | XNOR2_X1  | 0.064 |   1.493 |    1.590 | 
     | U2788                | A1 ^ -> ZN v | NAND2_X1  | 0.023 |   1.516 |    1.613 | 
     | U3024                | A1 v -> ZN ^ | NAND2_X1  | 0.018 |   1.534 |    1.631 | 
     | p_reg_Y_temp_reg_42_ | D ^          | DFF_X1    | 0.000 |   1.534 |    1.631 | 
     +------------------------------------------------------------------------------+ 
Path 3: MET Setup Check with Pin p_reg_Y_temp_reg_43_/CK 
Endpoint:   p_reg_Y_temp_reg_43_/D (^) checked with  leading edge of 'CLK'
Beginpoint: A_reg_Y_temp_reg_25_/Q (^) triggered by  leading edge of 'CLK'
Path Groups: {CLK}
Analysis View: default
Other End Arrival Time          0.070
- Setup                         0.026
+ Phase Shift                   1.637
+ CPPR Adjustment               0.000
- Uncertainty                   0.050
= Required Time                 1.631
- Arrival Time                  1.533
= Slack Time                    0.098
     Clock Rise Edge                 0.000
     + Clock Network Latency (Prop)  0.048
     = Beginpoint Arrival Time       0.048
     +------------------------------------------------------------------------------+ 
     |       Instance       |     Arc      |   Cell    | Delay | Arrival | Required | 
     |                      |              |           |       |  Time   |   Time   | 
     |----------------------+--------------+-----------+-------+---------+----------| 
     | A_reg_Y_temp_reg_25_ | CK ^         |           |       |   0.048 |    0.146 | 
     | A_reg_Y_temp_reg_25_ | CK ^ -> Q ^  | DFF_X1    | 0.205 |   0.253 |    0.351 | 
     | U689                 | B ^ -> ZN v  | XNOR2_X1  | 0.026 |   0.279 |    0.377 | 
     | FE_OFC1_n441         | A v -> Z v   | CLKBUF_X2 | 0.130 |   0.409 |    0.507 | 
     | U690                 | A2 v -> ZN ^ | NAND2_X2  | 0.133 |   0.541 |    0.639 | 
     | U948                 | A1 ^ -> ZN v | OAI22_X1  | 0.047 |   0.589 |    0.687 | 
     | U1106                | A v -> CO v  | FA_X1     | 0.086 |   0.675 |    0.773 | 
     | U1245                | B v -> CO v  | FA_X1     | 0.084 |   0.759 |    0.857 | 
     | U1304                | A v -> CO v  | FA_X1     | 0.084 |   0.843 |    0.940 | 
     | U1362                | A v -> CO v  | FA_X1     | 0.079 |   0.922 |    1.020 | 
     | U1364                | CI v -> S ^  | FA_X1     | 0.120 |   1.042 |    1.139 | 
     | U1400                | CI ^ -> S v  | FA_X1     | 0.101 |   1.143 |    1.241 | 
     | U651                 | A1 v -> ZN ^ | NOR2_X1   | 0.058 |   1.200 |    1.298 | 
     | U1401                | A1 ^ -> ZN v | NOR2_X1   | 0.016 |   1.216 |    1.314 | 
     | U2132                | B2 v -> ZN ^ | AOI21_X1  | 0.032 |   1.248 |    1.346 | 
     | U2133                | A ^ -> ZN v  | OAI21_X1  | 0.022 |   1.270 |    1.368 | 
     | U2134                | A v -> ZN ^  | AOI21_X1  | 0.045 |   1.315 |    1.413 | 
     | FE_OFC17_n2868       | A ^ -> Z ^   | BUF_X2    | 0.082 |   1.397 |    1.495 | 
     | U2749                | B1 ^ -> ZN v | OAI21_X1  | 0.033 |   1.429 |    1.527 | 
     | U2750                | B v -> ZN ^  | XNOR2_X1  | 0.063 |   1.492 |    1.590 | 
     | U2752                | A1 ^ -> ZN v | NAND2_X1  | 0.023 |   1.515 |    1.613 | 
     | U3023                | A1 v -> ZN ^ | NAND2_X1  | 0.018 |   1.533 |    1.631 | 
     | p_reg_Y_temp_reg_43_ | D ^          | DFF_X1    | 0.000 |   1.533 |    1.631 | 
     +------------------------------------------------------------------------------+ 
Path 4: MET Setup Check with Pin p_reg_Y_temp_reg_45_/CK 
Endpoint:   p_reg_Y_temp_reg_45_/D (^) checked with  leading edge of 'CLK'
Beginpoint: A_reg_Y_temp_reg_25_/Q (^) triggered by  leading edge of 'CLK'
Path Groups: {CLK}
Analysis View: default
Other End Arrival Time          0.070
- Setup                         0.026
+ Phase Shift                   1.637
+ CPPR Adjustment               0.000
- Uncertainty                   0.050
= Required Time                 1.631
- Arrival Time                  1.525
= Slack Time                    0.106
     Clock Rise Edge                 0.000
     + Clock Network Latency (Prop)  0.048
     = Beginpoint Arrival Time       0.048
     +------------------------------------------------------------------------------+ 
     |       Instance       |     Arc      |   Cell    | Delay | Arrival | Required | 
     |                      |              |           |       |  Time   |   Time   | 
     |----------------------+--------------+-----------+-------+---------+----------| 
     | A_reg_Y_temp_reg_25_ | CK ^         |           |       |   0.048 |    0.153 | 
     | A_reg_Y_temp_reg_25_ | CK ^ -> Q ^  | DFF_X1    | 0.205 |   0.253 |    0.359 | 
     | U689                 | B ^ -> ZN v  | XNOR2_X1  | 0.026 |   0.279 |    0.384 | 
     | FE_OFC1_n441         | A v -> Z v   | CLKBUF_X2 | 0.130 |   0.409 |    0.514 | 
     | U690                 | A2 v -> ZN ^ | NAND2_X2  | 0.133 |   0.541 |    0.647 | 
     | U948                 | A1 ^ -> ZN v | OAI22_X1  | 0.047 |   0.589 |    0.694 | 
     | U1106                | A v -> CO v  | FA_X1     | 0.086 |   0.675 |    0.781 | 
     | U1245                | B v -> CO v  | FA_X1     | 0.084 |   0.759 |    0.864 | 
     | U1304                | A v -> CO v  | FA_X1     | 0.084 |   0.843 |    0.948 | 
     | U1362                | A v -> CO v  | FA_X1     | 0.079 |   0.922 |    1.028 | 
     | U1364                | CI v -> S ^  | FA_X1     | 0.120 |   1.042 |    1.147 | 
     | U1400                | CI ^ -> S v  | FA_X1     | 0.101 |   1.143 |    1.249 | 
     | U651                 | A1 v -> ZN ^ | NOR2_X1   | 0.058 |   1.200 |    1.306 | 
     | U1401                | A1 ^ -> ZN v | NOR2_X1   | 0.016 |   1.216 |    1.322 | 
     | U2132                | B2 v -> ZN ^ | AOI21_X1  | 0.032 |   1.248 |    1.354 | 
     | U2133                | A ^ -> ZN v  | OAI21_X1  | 0.022 |   1.270 |    1.376 | 
     | U2134                | A v -> ZN ^  | AOI21_X1  | 0.045 |   1.315 |    1.421 | 
     | FE_OFC17_n2868       | A ^ -> Z ^   | BUF_X2    | 0.082 |   1.397 |    1.503 | 
     | U2723                | B1 ^ -> ZN v | OAI21_X1  | 0.032 |   1.429 |    1.534 | 
     | U2724                | B v -> ZN ^  | XNOR2_X1  | 0.058 |   1.486 |    1.592 | 
     | U2725                | A1 ^ -> ZN v | NAND2_X1  | 0.021 |   1.508 |    1.614 | 
     | U3019                | A1 v -> ZN ^ | NAND2_X1  | 0.017 |   1.525 |    1.631 | 
     | p_reg_Y_temp_reg_45_ | D ^          | DFF_X1    | 0.000 |   1.525 |    1.631 | 
     +------------------------------------------------------------------------------+ 
Path 5: MET Setup Check with Pin p_reg_Y_temp_reg_47_/CK 
Endpoint:   p_reg_Y_temp_reg_47_/D (^) checked with  leading edge of 'CLK'
Beginpoint: A_reg_Y_temp_reg_25_/Q (^) triggered by  leading edge of 'CLK'
Path Groups: {CLK}
Analysis View: default
Other End Arrival Time          0.070
- Setup                         0.026
+ Phase Shift                   1.637
+ CPPR Adjustment               0.000
- Uncertainty                   0.050
= Required Time                 1.631
- Arrival Time                  1.521
= Slack Time                    0.110
     Clock Rise Edge                 0.000
     + Clock Network Latency (Prop)  0.048
     = Beginpoint Arrival Time       0.048
     +------------------------------------------------------------------------------+ 
     |       Instance       |     Arc      |   Cell    | Delay | Arrival | Required | 
     |                      |              |           |       |  Time   |   Time   | 
     |----------------------+--------------+-----------+-------+---------+----------| 
     | A_reg_Y_temp_reg_25_ | CK ^         |           |       |   0.048 |    0.157 | 
     | A_reg_Y_temp_reg_25_ | CK ^ -> Q ^  | DFF_X1    | 0.205 |   0.253 |    0.363 | 
     | U689                 | B ^ -> ZN v  | XNOR2_X1  | 0.026 |   0.279 |    0.388 | 
     | FE_OFC1_n441         | A v -> Z v   | CLKBUF_X2 | 0.130 |   0.409 |    0.518 | 
     | U690                 | A2 v -> ZN ^ | NAND2_X2  | 0.133 |   0.541 |    0.651 | 
     | U948                 | A1 ^ -> ZN v | OAI22_X1  | 0.047 |   0.589 |    0.698 | 
     | U1106                | A v -> CO v  | FA_X1     | 0.086 |   0.675 |    0.785 | 
     | U1245                | B v -> CO v  | FA_X1     | 0.084 |   0.759 |    0.868 | 
     | U1304                | A v -> CO v  | FA_X1     | 0.084 |   0.843 |    0.952 | 
     | U1362                | A v -> CO v  | FA_X1     | 0.079 |   0.922 |    1.031 | 
     | U1364                | CI v -> S ^  | FA_X1     | 0.120 |   1.042 |    1.151 | 
     | U1400                | CI ^ -> S v  | FA_X1     | 0.101 |   1.143 |    1.253 | 
     | U651                 | A1 v -> ZN ^ | NOR2_X1   | 0.058 |   1.200 |    1.310 | 
     | U1401                | A1 ^ -> ZN v | NOR2_X1   | 0.016 |   1.216 |    1.326 | 
     | U2132                | B2 v -> ZN ^ | AOI21_X1  | 0.032 |   1.248 |    1.358 | 
     | U2133                | A ^ -> ZN v  | OAI21_X1  | 0.022 |   1.270 |    1.379 | 
     | U2134                | A v -> ZN ^  | AOI21_X1  | 0.045 |   1.315 |    1.425 | 
     | FE_OFC17_n2868       | A ^ -> Z ^   | BUF_X2    | 0.082 |   1.397 |    1.506 | 
     | U2731                | B1 ^ -> ZN v | OAI21_X1  | 0.031 |   1.428 |    1.538 | 
     | U2732                | B v -> ZN ^  | XNOR2_X1  | 0.055 |   1.484 |    1.593 | 
     | U2733                | A1 ^ -> ZN v | NAND2_X1  | 0.020 |   1.503 |    1.613 | 
     | U3020                | A1 v -> ZN ^ | NAND2_X1  | 0.018 |   1.521 |    1.631 | 
     | p_reg_Y_temp_reg_47_ | D ^          | DFF_X1    | 0.000 |   1.521 |    1.631 | 
     +------------------------------------------------------------------------------+ 
Path 6: MET Setup Check with Pin p_reg_Y_temp_reg_46_/CK 
Endpoint:   p_reg_Y_temp_reg_46_/D (^) checked with  leading edge of 'CLK'
Beginpoint: A_reg_Y_temp_reg_25_/Q (^) triggered by  leading edge of 'CLK'
Path Groups: {CLK}
Analysis View: default
Other End Arrival Time          0.070
- Setup                         0.026
+ Phase Shift                   1.637
+ CPPR Adjustment               0.000
- Uncertainty                   0.050
= Required Time                 1.631
- Arrival Time                  1.520
= Slack Time                    0.111
     Clock Rise Edge                 0.000
     + Clock Network Latency (Prop)  0.048
     = Beginpoint Arrival Time       0.048
     +------------------------------------------------------------------------------+ 
     |       Instance       |     Arc      |   Cell    | Delay | Arrival | Required | 
     |                      |              |           |       |  Time   |   Time   | 
     |----------------------+--------------+-----------+-------+---------+----------| 
     | A_reg_Y_temp_reg_25_ | CK ^         |           |       |   0.048 |    0.158 | 
     | A_reg_Y_temp_reg_25_ | CK ^ -> Q ^  | DFF_X1    | 0.205 |   0.253 |    0.364 | 
     | U689                 | B ^ -> ZN v  | XNOR2_X1  | 0.026 |   0.279 |    0.389 | 
     | FE_OFC1_n441         | A v -> Z v   | CLKBUF_X2 | 0.130 |   0.409 |    0.519 | 
     | U690                 | A2 v -> ZN ^ | NAND2_X2  | 0.133 |   0.541 |    0.652 | 
     | U948                 | A1 ^ -> ZN v | OAI22_X1  | 0.047 |   0.589 |    0.699 | 
     | U1106                | A v -> CO v  | FA_X1     | 0.086 |   0.675 |    0.785 | 
     | U1245                | B v -> CO v  | FA_X1     | 0.084 |   0.759 |    0.869 | 
     | U1304                | A v -> CO v  | FA_X1     | 0.084 |   0.843 |    0.953 | 
     | U1362                | A v -> CO v  | FA_X1     | 0.079 |   0.922 |    1.032 | 
     | U1364                | CI v -> S ^  | FA_X1     | 0.120 |   1.042 |    1.152 | 
     | U1400                | CI ^ -> S v  | FA_X1     | 0.101 |   1.143 |    1.253 | 
     | U651                 | A1 v -> ZN ^ | NOR2_X1   | 0.058 |   1.200 |    1.311 | 
     | U1401                | A1 ^ -> ZN v | NOR2_X1   | 0.016 |   1.216 |    1.327 | 
     | U2132                | B2 v -> ZN ^ | AOI21_X1  | 0.032 |   1.248 |    1.359 | 
     | U2133                | A ^ -> ZN v  | OAI21_X1  | 0.022 |   1.270 |    1.380 | 
     | U2134                | A v -> ZN ^  | AOI21_X1  | 0.045 |   1.315 |    1.426 | 
     | FE_OFC17_n2868       | A ^ -> Z ^   | BUF_X2    | 0.082 |   1.397 |    1.507 | 
     | U2710                | B1 ^ -> ZN v | OAI21_X1  | 0.032 |   1.429 |    1.539 | 
     | U2711                | B v -> ZN ^  | XNOR2_X1  | 0.055 |   1.483 |    1.594 | 
     | U2712                | A1 ^ -> ZN v | NAND2_X1  | 0.020 |   1.503 |    1.614 | 
     | U3017                | A1 v -> ZN ^ | NAND2_X1  | 0.017 |   1.520 |    1.631 | 
     | p_reg_Y_temp_reg_46_ | D ^          | DFF_X1    | 0.000 |   1.520 |    1.631 | 
     +------------------------------------------------------------------------------+ 
Path 7: MET Setup Check with Pin p_reg_Y_temp_reg_48_/CK 
Endpoint:   p_reg_Y_temp_reg_48_/D (^) checked with  leading edge of 'CLK'
Beginpoint: A_reg_Y_temp_reg_25_/Q (^) triggered by  leading edge of 'CLK'
Path Groups: {CLK}
Analysis View: default
Other End Arrival Time          0.070
- Setup                         0.026
+ Phase Shift                   1.637
+ CPPR Adjustment               0.000
- Uncertainty                   0.050
= Required Time                 1.631
- Arrival Time                  1.517
= Slack Time                    0.113
     Clock Rise Edge                 0.000
     + Clock Network Latency (Prop)  0.048
     = Beginpoint Arrival Time       0.048
     +------------------------------------------------------------------------------+ 
     |       Instance       |     Arc      |   Cell    | Delay | Arrival | Required | 
     |                      |              |           |       |  Time   |   Time   | 
     |----------------------+--------------+-----------+-------+---------+----------| 
     | A_reg_Y_temp_reg_25_ | CK ^         |           |       |   0.048 |    0.161 | 
     | A_reg_Y_temp_reg_25_ | CK ^ -> Q ^  | DFF_X1    | 0.205 |   0.253 |    0.366 | 
     | U689                 | B ^ -> ZN v  | XNOR2_X1  | 0.026 |   0.279 |    0.392 | 
     | FE_OFC1_n441         | A v -> Z v   | CLKBUF_X2 | 0.130 |   0.409 |    0.522 | 
     | U690                 | A2 v -> ZN ^ | NAND2_X2  | 0.133 |   0.541 |    0.655 | 
     | U948                 | A1 ^ -> ZN v | OAI22_X1  | 0.047 |   0.589 |    0.702 | 
     | U1106                | A v -> CO v  | FA_X1     | 0.086 |   0.675 |    0.788 | 
     | U1245                | B v -> CO v  | FA_X1     | 0.084 |   0.759 |    0.872 | 
     | U1304                | A v -> CO v  | FA_X1     | 0.084 |   0.843 |    0.956 | 
     | U1362                | A v -> CO v  | FA_X1     | 0.079 |   0.922 |    1.035 | 
     | U1364                | CI v -> S ^  | FA_X1     | 0.120 |   1.042 |    1.155 | 
     | U1400                | CI ^ -> S v  | FA_X1     | 0.101 |   1.143 |    1.256 | 
     | U651                 | A1 v -> ZN ^ | NOR2_X1   | 0.058 |   1.200 |    1.314 | 
     | U1401                | A1 ^ -> ZN v | NOR2_X1   | 0.016 |   1.216 |    1.330 | 
     | U2132                | B2 v -> ZN ^ | AOI21_X1  | 0.032 |   1.248 |    1.362 | 
     | U2133                | A ^ -> ZN v  | OAI21_X1  | 0.022 |   1.270 |    1.383 | 
     | U2134                | A v -> ZN ^  | AOI21_X1  | 0.045 |   1.315 |    1.429 | 
     | FE_OFC17_n2868       | A ^ -> Z ^   | BUF_X2    | 0.082 |   1.397 |    1.510 | 
     | U2717                | B1 ^ -> ZN v | OAI21_X1  | 0.031 |   1.428 |    1.542 | 
     | U2718                | B v -> ZN ^  | XNOR2_X1  | 0.054 |   1.482 |    1.595 | 
     | U2719                | A1 ^ -> ZN v | NAND2_X1  | 0.018 |   1.500 |    1.614 | 
     | U3018                | A1 v -> ZN ^ | NAND2_X1  | 0.017 |   1.517 |    1.631 | 
     | p_reg_Y_temp_reg_48_ | D ^          | DFF_X1    | 0.000 |   1.517 |    1.631 | 
     +------------------------------------------------------------------------------+ 
Path 8: MET Setup Check with Pin p_reg_Y_temp_reg_44_/CK 
Endpoint:   p_reg_Y_temp_reg_44_/D (^) checked with  leading edge of 'CLK'
Beginpoint: A_reg_Y_temp_reg_25_/Q (^) triggered by  leading edge of 'CLK'
Path Groups: {CLK}
Analysis View: default
Other End Arrival Time          0.070
- Setup                         0.026
+ Phase Shift                   1.637
+ CPPR Adjustment               0.000
- Uncertainty                   0.050
= Required Time                 1.631
- Arrival Time                  1.516
= Slack Time                    0.114
     Clock Rise Edge                 0.000
     + Clock Network Latency (Prop)  0.048
     = Beginpoint Arrival Time       0.048
     +------------------------------------------------------------------------------+ 
     |       Instance       |     Arc      |   Cell    | Delay | Arrival | Required | 
     |                      |              |           |       |  Time   |   Time   | 
     |----------------------+--------------+-----------+-------+---------+----------| 
     | A_reg_Y_temp_reg_25_ | CK ^         |           |       |   0.048 |    0.162 | 
     | A_reg_Y_temp_reg_25_ | CK ^ -> Q ^  | DFF_X1    | 0.205 |   0.253 |    0.367 | 
     | U689                 | B ^ -> ZN v  | XNOR2_X1  | 0.026 |   0.279 |    0.393 | 
     | FE_OFC1_n441         | A v -> Z v   | CLKBUF_X2 | 0.130 |   0.409 |    0.523 | 
     | U690                 | A2 v -> ZN ^ | NAND2_X2  | 0.133 |   0.541 |    0.656 | 
     | U948                 | A1 ^ -> ZN v | OAI22_X1  | 0.047 |   0.589 |    0.703 | 
     | U1106                | A v -> CO v  | FA_X1     | 0.086 |   0.675 |    0.789 | 
     | U1245                | B v -> CO v  | FA_X1     | 0.084 |   0.759 |    0.873 | 
     | U1304                | A v -> CO v  | FA_X1     | 0.084 |   0.843 |    0.957 | 
     | U1362                | A v -> CO v  | FA_X1     | 0.079 |   0.922 |    1.036 | 
     | U1364                | CI v -> S ^  | FA_X1     | 0.120 |   1.042 |    1.156 | 
     | U1400                | CI ^ -> S v  | FA_X1     | 0.101 |   1.143 |    1.257 | 
     | U651                 | A1 v -> ZN ^ | NOR2_X1   | 0.058 |   1.200 |    1.315 | 
     | U1401                | A1 ^ -> ZN v | NOR2_X1   | 0.016 |   1.216 |    1.330 | 
     | U2132                | B2 v -> ZN ^ | AOI21_X1  | 0.032 |   1.248 |    1.363 | 
     | U2133                | A ^ -> ZN v  | OAI21_X1  | 0.022 |   1.270 |    1.384 | 
     | U2134                | A v -> ZN ^  | AOI21_X1  | 0.045 |   1.315 |    1.429 | 
     | FE_OFC17_n2868       | A ^ -> Z ^   | BUF_X2    | 0.082 |   1.397 |    1.511 | 
     | U2701                | B1 ^ -> ZN v | OAI21_X1  | 0.031 |   1.428 |    1.542 | 
     | U2702                | B v -> ZN ^  | XNOR2_X1  | 0.052 |   1.479 |    1.593 | 
     | U2703                | A1 ^ -> ZN v | NAND2_X1  | 0.020 |   1.499 |    1.613 | 
     | U3016                | A1 v -> ZN ^ | NAND2_X1  | 0.018 |   1.516 |    1.631 | 
     | p_reg_Y_temp_reg_44_ | D ^          | DFF_X1    | 0.000 |   1.516 |    1.631 | 
     +------------------------------------------------------------------------------+ 
Path 9: MET Setup Check with Pin p_reg_Y_temp_reg_49_/CK 
Endpoint:   p_reg_Y_temp_reg_49_/D (^) checked with  leading edge of 'CLK'
Beginpoint: A_reg_Y_temp_reg_25_/Q (^) triggered by  leading edge of 'CLK'
Path Groups: {CLK}
Analysis View: default
Other End Arrival Time          0.070
- Setup                         0.026
+ Phase Shift                   1.637
+ CPPR Adjustment               0.000
- Uncertainty                   0.050
= Required Time                 1.631
- Arrival Time                  1.514
= Slack Time                    0.116
     Clock Rise Edge                 0.000
     + Clock Network Latency (Prop)  0.048
     = Beginpoint Arrival Time       0.048
     +------------------------------------------------------------------------------+ 
     |       Instance       |     Arc      |   Cell    | Delay | Arrival | Required | 
     |                      |              |           |       |  Time   |   Time   | 
     |----------------------+--------------+-----------+-------+---------+----------| 
     | A_reg_Y_temp_reg_25_ | CK ^         |           |       |   0.048 |    0.164 | 
     | A_reg_Y_temp_reg_25_ | CK ^ -> Q ^  | DFF_X1    | 0.205 |   0.253 |    0.369 | 
     | U689                 | B ^ -> ZN v  | XNOR2_X1  | 0.026 |   0.279 |    0.395 | 
     | FE_OFC1_n441         | A v -> Z v   | CLKBUF_X2 | 0.130 |   0.409 |    0.525 | 
     | U690                 | A2 v -> ZN ^ | NAND2_X2  | 0.133 |   0.541 |    0.658 | 
     | U948                 | A1 ^ -> ZN v | OAI22_X1  | 0.047 |   0.589 |    0.705 | 
     | U1106                | A v -> CO v  | FA_X1     | 0.086 |   0.675 |    0.791 | 
     | U1245                | B v -> CO v  | FA_X1     | 0.084 |   0.759 |    0.875 | 
     | U1304                | A v -> CO v  | FA_X1     | 0.084 |   0.843 |    0.959 | 
     | U1362                | A v -> CO v  | FA_X1     | 0.079 |   0.922 |    1.038 | 
     | U1364                | CI v -> S ^  | FA_X1     | 0.120 |   1.042 |    1.158 | 
     | U1400                | CI ^ -> S v  | FA_X1     | 0.101 |   1.143 |    1.259 | 
     | U651                 | A1 v -> ZN ^ | NOR2_X1   | 0.058 |   1.200 |    1.317 | 
     | U1401                | A1 ^ -> ZN v | NOR2_X1   | 0.016 |   1.216 |    1.333 | 
     | U2132                | B2 v -> ZN ^ | AOI21_X1  | 0.032 |   1.248 |    1.365 | 
     | U2133                | A ^ -> ZN v  | OAI21_X1  | 0.022 |   1.270 |    1.386 | 
     | U2134                | A v -> ZN ^  | AOI21_X1  | 0.045 |   1.315 |    1.432 | 
     | FE_OFC17_n2868       | A ^ -> Z ^   | BUF_X2    | 0.082 |   1.397 |    1.513 | 
     | U2737                | B1 ^ -> ZN v | OAI21_X1  | 0.031 |   1.428 |    1.545 | 
     | U2738                | B v -> ZN ^  | XNOR2_X1  | 0.048 |   1.476 |    1.592 | 
     | U2739                | A1 ^ -> ZN v | NAND2_X1  | 0.021 |   1.497 |    1.613 | 
     | U3021                | A1 v -> ZN ^ | NAND2_X1  | 0.018 |   1.514 |    1.631 | 
     | p_reg_Y_temp_reg_49_ | D ^          | DFF_X1    | 0.000 |   1.514 |    1.631 | 
     +------------------------------------------------------------------------------+ 
Path 10: MET Setup Check with Pin p_reg_Y_temp_reg_50_/CK 
Endpoint:   p_reg_Y_temp_reg_50_/D (^) checked with  leading edge of 'CLK'
Beginpoint: A_reg_Y_temp_reg_25_/Q (^) triggered by  leading edge of 'CLK'
Path Groups: {CLK}
Analysis View: default
Other End Arrival Time          0.070
- Setup                         0.026
+ Phase Shift                   1.637
+ CPPR Adjustment               0.000
- Uncertainty                   0.050
= Required Time                 1.631
- Arrival Time                  1.514
= Slack Time                    0.117
     Clock Rise Edge                 0.000
     + Clock Network Latency (Prop)  0.048
     = Beginpoint Arrival Time       0.048
     +------------------------------------------------------------------------------+ 
     |       Instance       |     Arc      |   Cell    | Delay | Arrival | Required | 
     |                      |              |           |       |  Time   |   Time   | 
     |----------------------+--------------+-----------+-------+---------+----------| 
     | A_reg_Y_temp_reg_25_ | CK ^         |           |       |   0.048 |    0.165 | 
     | A_reg_Y_temp_reg_25_ | CK ^ -> Q ^  | DFF_X1    | 0.205 |   0.253 |    0.370 | 
     | U689                 | B ^ -> ZN v  | XNOR2_X1  | 0.026 |   0.279 |    0.396 | 
     | FE_OFC1_n441         | A v -> Z v   | CLKBUF_X2 | 0.130 |   0.409 |    0.526 | 
     | U690                 | A2 v -> ZN ^ | NAND2_X2  | 0.133 |   0.541 |    0.658 | 
     | U948                 | A1 ^ -> ZN v | OAI22_X1  | 0.047 |   0.589 |    0.706 | 
     | U1106                | A v -> CO v  | FA_X1     | 0.086 |   0.675 |    0.792 | 
     | U1245                | B v -> CO v  | FA_X1     | 0.084 |   0.759 |    0.876 | 
     | U1304                | A v -> CO v  | FA_X1     | 0.084 |   0.843 |    0.959 | 
     | U1362                | A v -> CO v  | FA_X1     | 0.079 |   0.922 |    1.039 | 
     | U1364                | CI v -> S ^  | FA_X1     | 0.120 |   1.042 |    1.158 | 
     | U1400                | CI ^ -> S v  | FA_X1     | 0.101 |   1.143 |    1.260 | 
     | U651                 | A1 v -> ZN ^ | NOR2_X1   | 0.058 |   1.200 |    1.317 | 
     | U1401                | A1 ^ -> ZN v | NOR2_X1   | 0.016 |   1.216 |    1.333 | 
     | U2132                | B2 v -> ZN ^ | AOI21_X1  | 0.032 |   1.248 |    1.365 | 
     | U2133                | A ^ -> ZN v  | OAI21_X1  | 0.022 |   1.270 |    1.387 | 
     | U2134                | A v -> ZN ^  | AOI21_X1  | 0.045 |   1.315 |    1.432 | 
     | FE_OFC17_n2868       | A ^ -> Z ^   | BUF_X2    | 0.082 |   1.397 |    1.514 | 
     | U2688                | B1 ^ -> ZN v | OAI21_X1  | 0.031 |   1.428 |    1.545 | 
     | U2689                | B v -> ZN ^  | XNOR2_X1  | 0.048 |   1.476 |    1.592 | 
     | U2690                | A1 ^ -> ZN v | NAND2_X1  | 0.020 |   1.496 |    1.613 | 
     | U3014                | A1 v -> ZN ^ | NAND2_X1  | 0.018 |   1.514 |    1.631 | 
     | p_reg_Y_temp_reg_50_ | D ^          | DFF_X1    | 0.000 |   1.514 |    1.631 | 
     +------------------------------------------------------------------------------+ 

