###############################################################
#  Generated by:      Cadence Innovus 23.35-s106_1
#  OS:                Linux x86_64(Host ID microsys.openstack.polito)
#  Generated on:      Sat Oct 10 22:10:26 2026
#  Design:            boothmul_registered
#  Command:           report_ccopt_clock_trees -file reports/05_clock_trees.rpt
###############################################################

Clock DAG stats:
================

-------------------------------------------------------
Cell type                 Count    Area     Capacitance
-------------------------------------------------------
Buffers                     3      3.990       4.263
Inverters                   0      0.000       0.000
Integrated Clock Gates      0      0.000       0.000
Discrete Clock Gates        0      0.000       0.000
Clock Logic                 0      0.000       0.000
All                         3      3.990       4.263
-------------------------------------------------------

Clock DAG miscellaneous counts:
===============================

------------------------------
Type                     Count
------------------------------
Roots                      1
Preserved Ports            0
Multiple Clock Inputs      0
------------------------------


Clock DAG sink counts:
======================

-------------------------
Sink type           Count
-------------------------
Regular              128
Enable Latch           0
Load Capacitance       0
Antenna Diode          0
Node Sink              0
Total                128
-------------------------


Clock DAG wire lengths:
=======================

--------------------
Type     Wire Length
--------------------
Top          0.000
Trunk      110.410
Leaf       517.520
Total      627.930
--------------------


Clock DAG hp wire lengths:
==========================

-----------------------
Type     hp Wire Length
-----------------------
Top           0.000
Trunk         0.000
Leaf        314.300
Total       314.300
-----------------------


Clock DAG capacitances:
=======================

-------------------------------------
Type     Gate       Wire      Total
-------------------------------------
Top        0.000     0.000      0.000
Trunk      4.263    11.316     15.580
Leaf     121.293    52.840    174.133
Total    125.557    64.157    189.713
-------------------------------------


Clock DAG sink capacitances:
============================

-------------------------------------------------
Total      Average    Std. Dev.    Min      Max
-------------------------------------------------
121.293     0.948       0.006      0.930    0.965
-------------------------------------------------


Clock DAG net violations:
=========================

None


Clock DAG primary half-corner transition distribution:
======================================================

--------------------------------------------------------------------------------------------------------------------------------------------------------------
Net Type    Target    Count    Average    Std. Dev.    Min      Max      Distribution                                                              Over Target
--------------------------------------------------------------------------------------------------------------------------------------------------------------
Trunk       0.050       1       0.002       0.000      0.002    0.002    {1 <= 0.030ns, 0 <= 0.040ns, 0 <= 0.045ns, 0 <= 0.048ns, 0 <= 0.050ns}         -
Leaf        0.050       3       0.048       0.001      0.048    0.049    {0 <= 0.030ns, 0 <= 0.040ns, 0 <= 0.045ns, 0 <= 0.048ns, 3 <= 0.050ns}         -
--------------------------------------------------------------------------------------------------------------------------------------------------------------


Clock DAG library cell distribution:
====================================

------------------------------------------
Name         Type      Inst     Inst Area 
                       Count    (um^2)
------------------------------------------
CLKBUF_X3    buffer      3        3.990
------------------------------------------



Please note that the following tables reflect only the defined clock trees, so the flop counts might not include all flops in your design.

Clock Tree Summary:
===================

------------------------------------------------------------------------------------------------------------------------
Clock Tree  Clock  Bufs  Invs  Other  Max       Max     Max     Max          Standard   Wire    Gate     Clock Tree Root
Name        Gates              Clock  Non-leaf  Leaf    Length  Source-sink  cell area  cap     cap      
                               Cells  Fanout    Fanout  (um)    Resistance   (um^2)     (fF)    (fF)     
                                                                (Ohms)                                   
------------------------------------------------------------------------------------------------------------------------
CLK           0     3     0      0       3        46    143.92    4253.7       3.990    64.157  125.557  CLK
------------------------------------------------------------------------------------------------------------------------

Clock Sink Summary:
===================

-------------------------------------------------------------------------------------------------------------------------------------------
Clock Tree  Explicit      Implicit      Explicit     Implicit     Explicit   Implicit   Posedge  Negedge  Memory  Enable  Non enable  Other
Name        exclude pins  exclude pins  ignore pins  ignore pins  stop pins  stop pins  Flops    Flops    Clock   Latch   Latch       Sinks
                                                                                                          Pins    Sinks   Sinks       
-------------------------------------------------------------------------------------------------------------------------------------------
CLK              0             0             0            0           0          0        128       0       0       0         0         0
-------------------------------------------------------------------------------------------------------------------------------------------

Summary across all clock trees:
===============================

---------------------------------------------------------------------------------------------------------------
Clock  Bufs  Invs  Other  Max       Average   Max     Average  Max      Max          Standard   Wire    Gate
Gates              Clock  Non-leaf  Non-leaf  Leaf    Leaf     Length   Source-sink  cell area  cap     cap
                   Cells  Fanout    Fanout    Fanout  Fanout   (um)     Resistance   (um^2)     (fF)    (fF)
                                                                        (Ohms)                          
---------------------------------------------------------------------------------------------------------------
  0     3     0      0       3         3        46    42.6667  143.920    425.370      3.990    64.157  125.557
---------------------------------------------------------------------------------------------------------------

Clock Sink Summary across all clock trees:
==========================================

-------------------------------------------------------------------------------------------------------------------------------
Explicit      Implicit      Explicit     Implicit     Explicit   Implicit   Posedge  Negedge  Memory  Enable  Non enable  Other
exclude pins  exclude pins  ignore pins  ignore pins  stop pins  stop pins  Flops    Flops    Clock   Latch   Latch       Sinks
                                                                                              Pins    Sinks   Sinks       
-------------------------------------------------------------------------------------------------------------------------------
     0             0             0            0           0          0        128       0       0       0         0         0
-------------------------------------------------------------------------------------------------------------------------------

Physical metrics across all clock trees:
========================================

-----------------------------------------------------------------------
Metric                               Minimum  Average  Maximum  Std.dev
-----------------------------------------------------------------------
Source-sink routed net length (um)    68.270   93.427  143.920  30.156
Source-sink manhattan distance (um)   64.945   79.576   96.885  13.707
Source-sink resistance (Ohm)         179.989  273.925  425.370  91.515
-----------------------------------------------------------------------

Transition distribution for half-corner std-typ:both.late:
==========================================================

--------------------------------------------------------------------------------------------------------------------------------------------------------------
Net Type    Target    Count    Average    Std. Dev.    Min      Max      Distribution                                                              Over Target
--------------------------------------------------------------------------------------------------------------------------------------------------------------
Trunk       0.050       1       0.002       0.000      0.002    0.002    {1 <= 0.030ns, 0 <= 0.040ns, 0 <= 0.045ns, 0 <= 0.048ns, 0 <= 0.050ns}         -
Leaf        0.050       3       0.048       0.001      0.048    0.049    {0 <= 0.030ns, 0 <= 0.040ns, 0 <= 0.045ns, 0 <= 0.048ns, 3 <= 0.050ns}         -
--------------------------------------------------------------------------------------------------------------------------------------------------------------

Count of violations across all clock trees:
===========================================

---------------------------------------------------------------------------------------
Clock Tree  # Max capacitance  # Max resistance  # Max length  # Max fanout  # Slew
Name        violations         violations        violations    violations    violations
---------------------------------------------------------------------------------------
CLK                 0                 0               0             0            0
---------------------------------------------------------------------------------------
Total               0                 0               0             0            0
---------------------------------------------------------------------------------------

Note the above table per clock tree is based on CCOpt clock tree view. The violations are counted across half corners.

Found a total of 0 clock tree pins with max capacitance violations.
Found a total of 0 clock tree nets with max resistance violations.
Found a total of 0 clock tree nets with max length violations.
Found a total of 0 clock tree nets with max fanout violations.
Found a total of 0 clock tree pins with a slew violation.

Report for clock tree: CLK:
===========================

Clock Tree Gating Structure (Logical):

# Full cycle clock gates   : 0
Minimum clock gating depth : 0
Maximum clock gating depth : 0
Clock gate area (um^2)     : 0.000

Clock Tree Buffering Structure (Logical):

# Buffers             : 3
# Inverters           : 0
  Total               : 3
Minimum depth         : 1
Maximum depth         : 1
Buffering area (um^2) : 3.990

Clock Tree Level Structure (Logical):

-----------------------------------------------------------------
Level  Full   Posedge  Negedge  Memory  Enable  Non enable  Other
       Cycle  Flops    Flops    Clock   Latch   Latch       Sinks
                                Pins    Sinks   Sinks       
-----------------------------------------------------------------
root     0      128       0       0       0         0         0
-----------------------------------------------------------------
Total    0      128       0       0       0         0         0
-----------------------------------------------------------------

Target and measured clock slews (in ns):

-----------------------------------------------------------------------------------------------------------------------------
Timing Corner       Worst Rising  Worst Falling  Worst Rising  Worst Falling  Leaf Slew    Leaf Slew  Trunk Slew   Trunk Slew
                    Leaf Slew     Leaf Slew      Trunk Slew    Trunk Slew     Target Type  Target     Target Type  Target
-----------------------------------------------------------------------------------------------------------------------------
std-typ:both.early     0.048          0.047         0.002          0.002      ignored          -      ignored          -
std-typ:both.late      0.049          0.047         0.002          0.002      explicit      0.050     explicit      0.050
-----------------------------------------------------------------------------------------------------------------------------

* - indicates that target was not met.

auto extracted - target was extracted from SDC.
auto computed - target was computed when balancing trees.

