 
****************************************
Report : timing
        -path full
        -delay max
        -max_paths 1
Design : boothmul_registered
Version: W-2024.09-SP2
Date   : Tue Sep 15 19:18:29 2026
****************************************

Operating Conditions: typical   Library: NangateOpenCellLibrary
Wire Load Model Mode: top

  Startpoint: B_reg_Y_temp_reg_13_
              (rising edge-triggered flip-flop clocked by CLK)
  Endpoint: p_reg_Y_temp_reg_61_
            (rising edge-triggered flip-flop clocked by CLK)
  Path Group: CLK
  Path Type: max

  Des/Clust/Port     Wire Load Model       Library
  ------------------------------------------------
  boothmul_registered
                     5K_hvratio_1_4        NangateOpenCellLibrary

  Point                                    Incr       Path
  -----------------------------------------------------------
  clock CLK (rise edge)                0.000000   0.000000
  clock network delay (ideal)          0.050000   0.050000
  B_reg_Y_temp_reg_13_/CK (DFF_X2)     0.000000   0.050000 r
  B_reg_Y_temp_reg_13_/Q (DFF_X2)      0.146913   0.196913 r
  U4365/ZN (NOR2_X1)                   0.054268   0.251181 f
  U4367/ZN (NOR2_X1)                   0.059339   0.310520 r
  U4368/ZN (NOR2_X1)                   0.035426   0.345946 f
  U4029/ZN (NOR2_X2)                   0.081727   0.427673 r
  U4369/Z (BUF_X4)                     0.100343   0.528016 r
  U4370/ZN (AOI22_X1)                  0.069690   0.597705 f
  U4372/ZN (XNOR2_X1)                  0.071940   0.669645 f
  U4373/ZN (XNOR2_X1)                  0.073623   0.743268 f
  U4111/ZN (OAI21_X1)                  0.083291   0.826558 r
  U4383/ZN (XNOR2_X1)                  0.072115   0.898673 r
  U4406/ZN (XNOR2_X1)                  0.072637   0.971310 r
  U4424/ZN (NAND2_X1)                  0.033811   1.005121 f
  U4210/ZN (AND3_X1)                   0.045309   1.050430 f
  U4050/ZN (AOI21_X1)                  0.078457   1.128887 r
  U4510/Z (XOR2_X1)                    0.080347   1.209234 r
  U4530/ZN (XNOR2_X1)                  0.071383   1.280616 r
  U4531/ZN (XNOR2_X1)                  0.052885   1.333501 f
  U4624/ZN (AOI21_X1)                  0.075798   1.409299 r
  U4656/ZN (XNOR2_X1)                  0.073541   1.482840 r
  U4657/ZN (XNOR2_X1)                  0.076547   1.559387 r
  U4916/ZN (XNOR2_X1)                  0.073068   1.632455 r
  U4917/ZN (XNOR2_X1)                  0.066214   1.698670 r
  U4918/ZN (XNOR2_X1)                  0.072183   1.770852 r
  U4922/ZN (NOR2_X1)                   0.035522   1.806374 f
  U5655/ZN (INV_X1)                    0.031585   1.837959 r
  U5656/ZN (AND2_X2)                   0.053284   1.891244 r
  U5660/ZN (AOI22_X1)                  0.043263   1.934507 f
  U7546/CO (FA_X1)                     0.090267   2.024774 f
  U5661/ZN (AND2_X1)                   0.047584   2.072358 f
  U7161/ZN (AOI21_X1)                  0.043473   2.115831 r
  U7164/ZN (OAI22_X1)                  0.040919   2.156750 f
  U4173/ZN (NAND2_X1)                  0.035101   2.191851 r
  U4174/ZN (NAND4_X1)                  0.040110   2.231960 f
  U4165/ZN (AND3_X1)                   0.048639   2.280599 f
  U7203/ZN (NAND2_X1)                  0.032454   2.313054 r
  U7237/ZN (NAND2_X1)                  0.032781   2.345835 f
  U7238/ZN (NOR2_X1)                   0.045447   2.391283 r
  U7325/ZN (AOI221_X1)                 0.038401   2.429683 f
  U7336/ZN (AOI21_X1)                  0.050647   2.480330 r
  U7353/ZN (OAI221_X1)                 0.052470   2.532800 f
  U4045/ZN (NOR4_X1)                   0.121523   2.654323 r
  U4177/ZN (OAI21_X1)                  0.047301   2.701624 f
  U7389/ZN (INV_X1)                    0.040034   2.741658 r
  U4180/ZN (NAND2_X1)                  0.030090   2.771749 f
  U4179/ZN (NAND2_X1)                  0.028756   2.800504 r
  U3661/ZN (NOR2_X1)                   0.032341   2.832845 f
  U3667/ZN (AOI222_X1)                 0.118599   2.951444 r
  p_reg_Y_temp_reg_61_/D (DFFS_X1)     0.012243   2.963687 r
  data arrival time                               2.963687

  clock CLK (rise edge)                3.000000   3.000000
  clock network delay (ideal)          0.050000   3.050000
  clock uncertainty                    -0.050000  3.000000
  p_reg_Y_temp_reg_61_/CK (DFFS_X1)    0.000000   3.000000 r
  library setup time                   -0.035022  2.964978
  data required time                              2.964978
  -----------------------------------------------------------
  data required time                              2.964978
  data arrival time                               -2.963687
  -----------------------------------------------------------
  slack (MET)                                     0.001291


1
