 
****************************************
Report : area
Design : boothmul_registered
Version: W-2024.09-SP2
Date   : Mon Sep 21 17:02:15 2026
****************************************

Library(s) Used:

    NangateOpenCellLibrary (File: /home/repository/do/libnandgate/NangateOpenCellLibrary_typical_ecsm.db)

Number of ports:                          131
Number of nets:                          5373
Number of cells:                         5008
Number of combinational cells:           4876
Number of sequential cells:               128
Number of macros/black boxes:               0
Number of buf/inv:                        707
Number of references:                      40

Combinational area:               6556.101990
Buf/Inv area:                      407.512001
Noncombinational area:             593.977982
Macro/Black Box area:                0.000000
Net Interconnect area:      undefined  (Wire load has zero net area)

Total cell area:                  7150.079971
Total area:                 undefined
1
