 
****************************************
Report : area
Design : boothmul_registered
Version: W-2024.09-SP2
Date   : Tue Sep 22 21:09:06 2026
****************************************

Library(s) Used:

    NangateOpenCellLibrary (File: /home/repository/do/libnandgate/NangateOpenCellLibrary_typical_ecsm.db)

Number of ports:                          131
Number of nets:                          6375
Number of cells:                         6214
Number of combinational cells:           6038
Number of sequential cells:               128
Number of macros/black boxes:               0
Number of buf/inv:                       1139
Number of references:                      48

Combinational area:               7409.695968
Buf/Inv area:                      690.270003
Noncombinational area:             630.153994
Macro/Black Box area:                0.000000
Net Interconnect area:      undefined  (Wire load has zero net area)

Total cell area:                  8039.849962
Total area:                 undefined
1
