 
****************************************
Report : qor
Design : boothmul_registered
Version: W-2024.09-SP2
Date   : Tue Sep 22 21:07:02 2026
****************************************


  Timing Path Group 'CLK'
  -----------------------------------
  Levels of Logic:              30.00
  Critical Path Length:          1.67
  Critical Path Slack:          -1.05
  Critical Path Clk Period:      0.70
  Total Negative Slack:        -56.81
  No. of Violating Paths:       62.00
  Worst Hold Violation:          0.00
  Total Hold Violation:          0.00
  No. of Hold Violations:        0.00
  -----------------------------------


  Cell Count
  -----------------------------------
  Hierarchical Cell Count:          0
  Hierarchical Port Count:          0
  Leaf Cell Count:               6171
  Buf/Inv Cell Count:            1155
  Buf Cell Count:                 217
  Inv Cell Count:                 938
  CT Buf/Inv Cell Count:            0
  Combinational Cell Count:      6043
  Sequential Cell Count:          128
  Macro Count:                      0
  -----------------------------------


  Area
  -----------------------------------
  Combinational Area:     7388.415968
  Noncombinational Area:   599.563982
  Buf/Inv Area:            698.250002
  Total Buffer Area:           194.98
  Total Inverter Area:         503.27
  Macro/Black Box Area:      0.000000
  Net Area:                  0.000000
  -----------------------------------
  Cell Area:              7987.979950
  Design Area:            7987.979950


  Design Rules
  -----------------------------------
  Total Number of Nets:          6339
  Nets With Violations:             0
  Max Trans Violations:             0
  Max Cap Violations:               0
  -----------------------------------


  Hostname: microsys.openstack.polito

  Compile CPU Statistics
  -----------------------------------------
  Resource Sharing:                    0.40
  Logic Optimization:                 36.53
  Mapping Optimization:               40.10
  -----------------------------------------
  Overall Compile Time:              106.00
  Overall Compile Wall Clock Time:   109.12

  --------------------------------------------------------------------

  Design  WNS: 1.05  TNS: 56.81  Number of Violating Paths: 62


  Design (Hold)  WNS: 0.00  TNS: 0.00  Number of Violating Paths: 0

  --------------------------------------------------------------------


1
