 
****************************************
Report : qor
Design : boothmul_registered
Version: W-2024.09-SP2
Date   : Mon Sep 21 17:37:53 2026
****************************************


  Timing Path Group 'CLK'
  -----------------------------------
  Levels of Logic:              29.00
  Critical Path Length:          1.77
  Critical Path Slack:          -0.44
  Critical Path Clk Period:      1.40
  Total Negative Slack:        -17.36
  No. of Violating Paths:       52.00
  Worst Hold Violation:          0.00
  Total Hold Violation:          0.00
  No. of Hold Violations:        0.00
  -----------------------------------


  Cell Count
  -----------------------------------
  Hierarchical Cell Count:          0
  Hierarchical Port Count:          0
  Leaf Cell Count:               5375
  Buf/Inv Cell Count:             866
  Buf Cell Count:                 153
  Inv Cell Count:                 713
  CT Buf/Inv Cell Count:            0
  Combinational Cell Count:      5247
  Sequential Cell Count:          128
  Macro Count:                      0
  -----------------------------------


  Area
  -----------------------------------
  Combinational Area:     6771.827984
  Noncombinational Area:   587.859981
  Buf/Inv Area:            529.074002
  Total Buffer Area:           142.84
  Total Inverter Area:         386.23
  Macro/Black Box Area:      0.000000
  Net Area:                  0.000000
  -----------------------------------
  Cell Area:              7359.687965
  Design Area:            7359.687965


  Design Rules
  -----------------------------------
  Total Number of Nets:          5712
  Nets With Violations:             0
  Max Trans Violations:             0
  Max Cap Violations:               0
  -----------------------------------


  Hostname: microsys.openstack.polito

  Compile CPU Statistics
  -----------------------------------------
  Resource Sharing:                    0.44
  Logic Optimization:                  9.77
  Mapping Optimization:               32.02
  -----------------------------------------
  Overall Compile Time:               70.99
  Overall Compile Wall Clock Time:    73.50

  --------------------------------------------------------------------

  Design  WNS: 0.44  TNS: 17.36  Number of Violating Paths: 52


  Design (Hold)  WNS: 0.00  TNS: 0.00  Number of Violating Paths: 0

  --------------------------------------------------------------------


1
