 
****************************************
Report : reference
Design : boothmul_registered
Version: W-2024.09-SP2
Date   : Mon Sep 21 17:09:17 2026
****************************************

Attributes:
    b - black box (unknown)
   bo - allows boundary optimization
    d - dont_touch
   mo - map_only
    h - hierarchical
    n - noncombinational
    r - removable
    s - synthetic operator
    u - contains unmapped logic

Reference          Library       Unit Area   Count    Total Area   Attributes
-----------------------------------------------------------------------------
AND2_X1            NangateOpenCellLibrary
                                  1.064000      20     21.280000  
AND3_X1            NangateOpenCellLibrary
                                  1.330000       1      1.330000  
AND3_X2            NangateOpenCellLibrary
                                  1.596000       1      1.596000  
AOI21_X1           NangateOpenCellLibrary
                                  1.064000      87     92.568001  
AOI22_X1           NangateOpenCellLibrary
                                  1.330000     524    696.920022  
AOI211_X1          NangateOpenCellLibrary
                                  1.330000       4      5.320000  
AOI211_X4          NangateOpenCellLibrary
                                  2.926000       1      2.926000  
AOI221_X1          NangateOpenCellLibrary
                                  1.596000     420    670.319982  
AOI222_X1          NangateOpenCellLibrary
                                  2.128000      17     36.176000  
AOI222_X2          NangateOpenCellLibrary
                                  3.724000       1      3.724000  
BUF_X1             NangateOpenCellLibrary
                                  0.798000       4      3.192000  
BUF_X2             NangateOpenCellLibrary
                                  1.064000       2      2.128000  
CLKBUF_X1          NangateOpenCellLibrary
                                  0.798000      32     25.535999  
CLKBUF_X2          NangateOpenCellLibrary
                                  1.064000       2      2.128000  
DFF_X1             NangateOpenCellLibrary
                                  4.522000     117    529.073981  n
DFF_X2             NangateOpenCellLibrary
                                  5.054000      11     55.593999  n
FA_X1              NangateOpenCellLibrary
                                  4.256000     449   1910.944019  r
INV_X1             NangateOpenCellLibrary
                                  0.532000     408    217.056002  
INV_X2             NangateOpenCellLibrary
                                  0.798000      16     12.768000  
INV_X4             NangateOpenCellLibrary
                                  1.330000       1      1.330000  
INV_X8             NangateOpenCellLibrary
                                  2.394000       1      2.394000  
NAND2_X1           NangateOpenCellLibrary
                                  0.798000     115     91.769997  
NAND2_X2           NangateOpenCellLibrary
                                  1.330000       2      2.660000  
NAND3_X1           NangateOpenCellLibrary
                                  1.064000      14     14.896000  
NOR2_X1            NangateOpenCellLibrary
                                  0.798000      97     77.405998  
NOR2_X2            NangateOpenCellLibrary
                                  1.330000       2      2.660000  
NOR2_X4            NangateOpenCellLibrary
                                  2.394000       2      4.788000  
NOR3_X1            NangateOpenCellLibrary
                                  1.064000      12     12.768000  
NOR4_X1            NangateOpenCellLibrary
                                  1.330000       1      1.330000  
OAI21_X1           NangateOpenCellLibrary
                                  1.064000      85     90.440001  
OAI22_X1           NangateOpenCellLibrary
                                  1.330000      67     89.110003  
OAI211_X1          NangateOpenCellLibrary
                                  1.330000      11     14.630000  
OAI221_X1          NangateOpenCellLibrary
                                  1.596000     120    191.519995  
OR2_X1             NangateOpenCellLibrary
                                  1.064000      17     18.088000  
OR2_X2             NangateOpenCellLibrary
                                  1.330000       2      2.660000  
OR3_X1             NangateOpenCellLibrary
                                  1.330000       6      7.980000  
OR4_X1             NangateOpenCellLibrary
                                  1.596000       1      1.596000  
XNOR2_X1           NangateOpenCellLibrary
                                  1.596000      36     57.455998  
XOR2_X1            NangateOpenCellLibrary
                                  1.596000      34     54.263999  
-----------------------------------------------------------------------------
Total 39 references                                  5030.325998
1
