 
****************************************
Report : reference
Design : boothmul_registered
Version: W-2024.09-SP2
Date   : Tue Sep 22 21:04:57 2026
****************************************

Attributes:
    b - black box (unknown)
   bo - allows boundary optimization
    d - dont_touch
   mo - map_only
    h - hierarchical
    n - noncombinational
    r - removable
    s - synthetic operator
    u - contains unmapped logic

Reference          Library       Unit Area   Count    Total Area   Attributes
-----------------------------------------------------------------------------
AND2_X1            NangateOpenCellLibrary
                                  1.064000     506    538.384005  
AND2_X2            NangateOpenCellLibrary
                                  1.330000      14     18.620001  
AND2_X4            NangateOpenCellLibrary
                                  2.394000       1      2.394000  
AND3_X1            NangateOpenCellLibrary
                                  1.330000      30     39.900001  
AND3_X2            NangateOpenCellLibrary
                                  1.596000       2      3.192000  
AND4_X1            NangateOpenCellLibrary
                                  1.596000       8     12.768000  
AND4_X2            NangateOpenCellLibrary
                                  1.862000       1      1.862000  
AOI21_X1           NangateOpenCellLibrary
                                  1.064000     114    121.296001  
AOI21_X2           NangateOpenCellLibrary
                                  1.862000       2      3.724000  
AOI21_X4           NangateOpenCellLibrary
                                  3.458000       1      3.458000  
AOI22_X1           NangateOpenCellLibrary
                                  1.330000       9     11.970000  
AOI211_X1          NangateOpenCellLibrary
                                  1.330000       4      5.320000  
BUF_X1             NangateOpenCellLibrary
                                  0.798000      83     66.233998  
BUF_X2             NangateOpenCellLibrary
                                  1.064000      42     44.688000  
BUF_X4             NangateOpenCellLibrary
                                  1.862000       5      9.310000  
CLKBUF_X1          NangateOpenCellLibrary
                                  0.798000      35     27.929999  
CLKBUF_X2          NangateOpenCellLibrary
                                  1.064000      16     17.024000  
DFFS_X1            NangateOpenCellLibrary
                                  5.320000      42    223.440007  n
DFFS_X2            NangateOpenCellLibrary
                                  5.586000       3     16.758000  n
DFF_X1             NangateOpenCellLibrary
                                  4.522000      63    284.885990  n
DFF_X2             NangateOpenCellLibrary
                                  5.054000      19     96.025998  n
FA_X1              NangateOpenCellLibrary
                                  4.256000     246   1046.976010  r
INV_X1             NangateOpenCellLibrary
                                  0.532000     904    480.928005  
INV_X2             NangateOpenCellLibrary
                                  0.798000      19     15.162000  
INV_X4             NangateOpenCellLibrary
                                  1.330000       1      1.330000  
INV_X8             NangateOpenCellLibrary
                                  2.394000       1      2.394000  
MUX2_X1            NangateOpenCellLibrary
                                  1.862000     888   1653.455990  
NAND2_X1           NangateOpenCellLibrary
                                  0.798000    1359   1084.481970  
NAND2_X2           NangateOpenCellLibrary
                                  1.330000       6      7.980000  
NAND3_X1           NangateOpenCellLibrary
                                  1.064000      40     42.560000  
NAND4_X1           NangateOpenCellLibrary
                                  1.330000      24     31.920001  
NOR2_X1            NangateOpenCellLibrary
                                  0.798000     162    129.275996  
NOR2_X2            NangateOpenCellLibrary
                                  1.330000       1      1.330000  
NOR3_X1            NangateOpenCellLibrary
                                  1.064000       7      7.448000  
NOR3_X2            NangateOpenCellLibrary
                                  1.862000       1      1.862000  
NOR4_X1            NangateOpenCellLibrary
                                  1.330000       1      1.330000  
NOR4_X2            NangateOpenCellLibrary
                                  2.394000       1      2.394000  
OAI21_X1           NangateOpenCellLibrary
                                  1.064000     195    207.480002  
OAI21_X2           NangateOpenCellLibrary
                                  1.862000       2      3.724000  
OAI22_X1           NangateOpenCellLibrary
                                  1.330000      32     42.560001  
OAI211_X1          NangateOpenCellLibrary
                                  1.330000      39     51.870002  
OR2_X1             NangateOpenCellLibrary
                                  1.064000     496    527.744005  
OR2_X2             NangateOpenCellLibrary
                                  1.330000      33     43.890001  
OR2_X4             NangateOpenCellLibrary
                                  2.394000       2      4.788000  
OR3_X1             NangateOpenCellLibrary
                                  1.330000      26     34.580001  
OR3_X2             NangateOpenCellLibrary
                                  1.596000       5      7.980000  
OR4_X1             NangateOpenCellLibrary
                                  1.596000       2      3.192000  
OR4_X2             NangateOpenCellLibrary
                                  1.862000       1      1.862000  
SDFFRS_X2          NangateOpenCellLibrary
                                  8.246000       1      8.246000  n
XNOR2_X1           NangateOpenCellLibrary
                                  1.596000     466    743.735980  
XNOR2_X2           NangateOpenCellLibrary
                                  2.660000       2      5.320000  
XOR2_X1            NangateOpenCellLibrary
                                  1.596000     107    170.771995  
XOR2_X2            NangateOpenCellLibrary
                                  2.394000       1      2.394000  
-----------------------------------------------------------------------------
Total 53 references                                  7920.149962
1
