 
****************************************
Report : reference
Design : boothmul_registered
Version: W-2024.09-SP2
Date   : Mon Sep 21 17:33:02 2026
****************************************

Attributes:
    b - black box (unknown)
   bo - allows boundary optimization
    d - dont_touch
   mo - map_only
    h - hierarchical
    n - noncombinational
    r - removable
    s - synthetic operator
    u - contains unmapped logic

Reference          Library       Unit Area   Count    Total Area   Attributes
-----------------------------------------------------------------------------
AND2_X1            NangateOpenCellLibrary
                                  1.064000     495    526.680005  
AND2_X2            NangateOpenCellLibrary
                                  1.330000       9     11.970000  
AND3_X1            NangateOpenCellLibrary
                                  1.330000      34     45.220001  
AND3_X2            NangateOpenCellLibrary
                                  1.596000       4      6.384000  
AND4_X1            NangateOpenCellLibrary
                                  1.596000       5      7.980000  
AND4_X2            NangateOpenCellLibrary
                                  1.862000       3      5.586000  
AOI21_X1           NangateOpenCellLibrary
                                  1.064000      76     80.864001  
AOI22_X1           NangateOpenCellLibrary
                                  1.330000       7      9.310000  
AOI211_X1          NangateOpenCellLibrary
                                  1.330000       9     11.970000  
BUF_X1             NangateOpenCellLibrary
                                  0.798000      79     63.041998  
BUF_X2             NangateOpenCellLibrary
                                  1.064000      32     34.048000  
BUF_X4             NangateOpenCellLibrary
                                  1.862000       3      5.586000  
CLKBUF_X1          NangateOpenCellLibrary
                                  0.798000      32     25.535999  
CLKBUF_X2          NangateOpenCellLibrary
                                  1.064000       2      2.128000  
DFFS_X1            NangateOpenCellLibrary
                                  5.320000       2     10.640000  n
DFFS_X2            NangateOpenCellLibrary
                                  5.586000       2     11.172000  n
DFF_X1             NangateOpenCellLibrary
                                  4.522000     107    483.853982  n
DFF_X2             NangateOpenCellLibrary
                                  5.054000      16     80.863998  n
FA_X1              NangateOpenCellLibrary
                                  4.256000     282   1200.192012  r
INV_X1             NangateOpenCellLibrary
                                  0.532000     775    412.300004  
INV_X2             NangateOpenCellLibrary
                                  0.798000      15     11.970000  
MUX2_X1            NangateOpenCellLibrary
                                  1.862000     906   1686.971990  
NAND2_X1           NangateOpenCellLibrary
                                  0.798000    1265   1009.469972  
NAND2_X2           NangateOpenCellLibrary
                                  1.330000       6      7.980000  
NAND2_X4           NangateOpenCellLibrary
                                  2.394000       1      2.394000  
NAND3_X1           NangateOpenCellLibrary
                                  1.064000      53     56.392001  
NAND4_X1           NangateOpenCellLibrary
                                  1.330000      29     38.570001  
NOR2_X1            NangateOpenCellLibrary
                                  0.798000     103     82.193998  
NOR2_X2            NangateOpenCellLibrary
                                  1.330000       3      3.990000  
NOR3_X1            NangateOpenCellLibrary
                                  1.064000       4      4.256000  
OAI21_X1           NangateOpenCellLibrary
                                  1.064000     178    189.392002  
OAI22_X1           NangateOpenCellLibrary
                                  1.330000      17     22.610001  
OAI211_X1          NangateOpenCellLibrary
                                  1.330000      23     30.590001  
OR2_X1             NangateOpenCellLibrary
                                  1.064000     506    538.384005  
OR2_X2             NangateOpenCellLibrary
                                  1.330000      20     26.600001  
OR2_X4             NangateOpenCellLibrary
                                  2.394000       2      4.788000  
OR3_X1             NangateOpenCellLibrary
                                  1.330000      23     30.590001  
OR3_X2             NangateOpenCellLibrary
                                  1.596000       2      3.192000  
OR3_X4             NangateOpenCellLibrary
                                  2.926000       2      5.852000  
OR4_X1             NangateOpenCellLibrary
                                  1.596000       1      1.596000  
OR4_X2             NangateOpenCellLibrary
                                  1.862000       1      1.862000  
SDFF_X1            NangateOpenCellLibrary
                                  6.118000       1      6.118000  n
XNOR2_X1           NangateOpenCellLibrary
                                  1.596000     382    609.671983  
XOR2_X1            NangateOpenCellLibrary
                                  1.596000      74    118.103997  
-----------------------------------------------------------------------------
Total 44 references                                  7528.863956
1
