 
****************************************
Report : reference
Design : boothmul_registered
Version: W-2024.09-SP2
Date   : Tue Sep 22 21:01:00 2026
****************************************

Attributes:
    b - black box (unknown)
   bo - allows boundary optimization
    d - dont_touch
   mo - map_only
    h - hierarchical
    n - noncombinational
    r - removable
    s - synthetic operator
    u - contains unmapped logic

Reference          Library       Unit Area   Count    Total Area   Attributes
-----------------------------------------------------------------------------
AND2_X1            NangateOpenCellLibrary
                                  1.064000     506    538.384005  
AND2_X2            NangateOpenCellLibrary
                                  1.330000      14     18.620001  
AND2_X4            NangateOpenCellLibrary
                                  2.394000       1      2.394000  
AND3_X1            NangateOpenCellLibrary
                                  1.330000      31     41.230001  
AND3_X2            NangateOpenCellLibrary
                                  1.596000       3      4.788000  
AND4_X1            NangateOpenCellLibrary
                                  1.596000       5      7.980000  
AND4_X2            NangateOpenCellLibrary
                                  1.862000       2      3.724000  
AOI21_X1           NangateOpenCellLibrary
                                  1.064000     107    113.848001  
AOI22_X1           NangateOpenCellLibrary
                                  1.330000      10     13.300000  
BUF_X1             NangateOpenCellLibrary
                                  0.798000      93     74.213998  
BUF_X2             NangateOpenCellLibrary
                                  1.064000      43     45.752000  
BUF_X4             NangateOpenCellLibrary
                                  1.862000       4      7.448000  
CLKBUF_X1          NangateOpenCellLibrary
                                  0.798000      42     33.515999  
CLKBUF_X2          NangateOpenCellLibrary
                                  1.064000       6      6.384000  
DFFS_X1            NangateOpenCellLibrary
                                  5.320000      42    223.440007  n
DFFS_X2            NangateOpenCellLibrary
                                  5.586000      10     55.860000  n
DFF_X1             NangateOpenCellLibrary
                                  4.522000      62    280.363990  n
DFF_X2             NangateOpenCellLibrary
                                  5.054000      12     60.647999  n
FA_X1              NangateOpenCellLibrary
                                  4.256000     241   1025.696010  r
INV_X1             NangateOpenCellLibrary
                                  0.532000     897    477.204005  
INV_X2             NangateOpenCellLibrary
                                  0.798000      23     18.353999  
MUX2_X1            NangateOpenCellLibrary
                                  1.862000     891   1659.041990  
NAND2_X1           NangateOpenCellLibrary
                                  0.798000    1354   1080.491970  
NAND2_X2           NangateOpenCellLibrary
                                  1.330000       8     10.640000  
NAND3_X1           NangateOpenCellLibrary
                                  1.064000      39     41.496000  
NAND4_X1           NangateOpenCellLibrary
                                  1.330000      44     58.520002  
NOR2_X1            NangateOpenCellLibrary
                                  0.798000     156    124.487997  
NOR2_X2            NangateOpenCellLibrary
                                  1.330000       2      2.660000  
NOR3_X1            NangateOpenCellLibrary
                                  1.064000       7      7.448000  
NOR3_X2            NangateOpenCellLibrary
                                  1.862000       1      1.862000  
NOR4_X1            NangateOpenCellLibrary
                                  1.330000       1      1.330000  
OAI21_X1           NangateOpenCellLibrary
                                  1.064000     222    236.208002  
OAI21_X2           NangateOpenCellLibrary
                                  1.862000       3      5.586000  
OAI22_X1           NangateOpenCellLibrary
                                  1.330000      37     49.210002  
OAI211_X1          NangateOpenCellLibrary
                                  1.330000      33     43.890001  
OR2_X1             NangateOpenCellLibrary
                                  1.064000     460    489.440005  
OR2_X2             NangateOpenCellLibrary
                                  1.330000      44     58.520002  
OR3_X1             NangateOpenCellLibrary
                                  1.330000      19     25.270001  
OR3_X2             NangateOpenCellLibrary
                                  1.596000       7     11.172000  
OR3_X4             NangateOpenCellLibrary
                                  2.926000       1      2.926000  
OR4_X1             NangateOpenCellLibrary
                                  1.596000       1      1.596000  
OR4_X2             NangateOpenCellLibrary
                                  1.862000       1      1.862000  
SDFF_X1            NangateOpenCellLibrary
                                  6.118000       1      6.118000  n
SDFF_X2            NangateOpenCellLibrary
                                  6.384000       1      6.384000  n
XNOR2_X1           NangateOpenCellLibrary
                                  1.596000     451    719.795980  
XNOR2_X2           NangateOpenCellLibrary
                                  2.660000       5     13.300000  
XOR2_X1            NangateOpenCellLibrary
                                  1.596000     120    191.519995  
-----------------------------------------------------------------------------
Total 47 references                                  7903.923963
1
