 
****************************************
Report : area
Design : boothmul_registered
Version: W-2024.09-SP2
Date   : Mon Sep 21 12:11:58 2026
****************************************

Library(s) Used:

    NangateOpenCellLibrary (File: /home/repository/do/libnandgate/NangateOpenCellLibrary_typical_ecsm.db)

Number of ports:                          131
Number of nets:                          2941
Number of cells:                         2549
Number of combinational cells:           2417
Number of sequential cells:               128
Number of macros/black boxes:               0
Number of buf/inv:                        294
Number of references:                      33

Combinational area:               3986.542006
Buf/Inv area:                      169.176000
Noncombinational area:             592.115980
Macro/Black Box area:                0.000000
Net Interconnect area:      undefined  (Wire load has zero net area)

Total cell area:                  4578.657986
Total area:                 undefined
1
