 
****************************************
Report : area
Design : boothmul_registered
Version: W-2024.09-SP2
Date   : Mon Sep 21 17:48:15 2026
****************************************

Library(s) Used:

    NangateOpenCellLibrary (File: /home/repository/do/libnandgate/NangateOpenCellLibrary_typical_ecsm.db)

Number of ports:                          131
Number of nets:                          3818
Number of cells:                         3385
Number of combinational cells:           3254
Number of sequential cells:               128
Number of macros/black boxes:               0
Number of buf/inv:                        564
Number of references:                      36

Combinational area:               4577.061993
Buf/Inv area:                      395.275999
Noncombinational area:             583.869980
Macro/Black Box area:                0.000000
Net Interconnect area:      undefined  (Wire load has zero net area)

Total cell area:                  5160.931973
Total area:                 undefined
1
