 
****************************************
Report : qor
Design : boothmul_registered
Version: W-2024.09-SP2
Date   : Mon Sep 21 12:12:28 2026
****************************************


  Timing Path Group 'CLK'
  -----------------------------------
  Levels of Logic:              73.00
  Critical Path Length:          4.92
  Critical Path Slack:           0.00
  Critical Path Clk Period:      5.00
  Total Negative Slack:          0.00
  No. of Violating Paths:        0.00
  Worst Hold Violation:          0.00
  Total Hold Violation:          0.00
  No. of Hold Violations:        0.00
  -----------------------------------


  Cell Count
  -----------------------------------
  Hierarchical Cell Count:          0
  Hierarchical Port Count:          0
  Leaf Cell Count:               2456
  Buf/Inv Cell Count:             276
  Buf Cell Count:                  40
  Inv Cell Count:                 236
  CT Buf/Inv Cell Count:            0
  Combinational Cell Count:      2328
  Sequential Cell Count:          128
  Macro Count:                      0
  -----------------------------------


  Area
  -----------------------------------
  Combinational Area:     3919.244006
  Noncombinational Area:   595.041982
  Buf/Inv Area:            161.728001
  Total Buffer Area:            34.58
  Total Inverter Area:         127.15
  Macro/Black Box Area:      0.000000
  Net Area:                  0.000000
  -----------------------------------
  Cell Area:              4514.285988
  Design Area:            4514.285988


  Design Rules
  -----------------------------------
  Total Number of Nets:          2880
  Nets With Violations:             2
  Max Trans Violations:             2
  Max Cap Violations:               2
  -----------------------------------


  Hostname: microsys.openstack.polito

  Compile CPU Statistics
  -----------------------------------------
  Resource Sharing:                    0.90
  Logic Optimization:                  4.42
  Mapping Optimization:               14.76
  -----------------------------------------
  Overall Compile Time:               27.82
  Overall Compile Wall Clock Time:    28.41

  --------------------------------------------------------------------

  Design  WNS: 0.00  TNS: 0.00  Number of Violating Paths: 0


  Design (Hold)  WNS: 0.00  TNS: 0.00  Number of Violating Paths: 0

  --------------------------------------------------------------------


1
