 
****************************************
Report : qor
Design : boothmul_registered
Version: W-2024.09-SP2
Date   : Mon Sep 21 17:45:33 2026
****************************************


  Timing Path Group 'CLK'
  -----------------------------------
  Levels of Logic:              21.00
  Critical Path Length:          1.57
  Critical Path Slack:          -0.34
  Critical Path Clk Period:      1.30
  Total Negative Slack:        -12.51
  No. of Violating Paths:       46.00
  Worst Hold Violation:          0.00
  Total Hold Violation:          0.00
  No. of Hold Violations:        0.00
  -----------------------------------


  Cell Count
  -----------------------------------
  Hierarchical Cell Count:          0
  Hierarchical Port Count:          0
  Leaf Cell Count:               3144
  Buf/Inv Cell Count:             523
  Buf Cell Count:                 166
  Inv Cell Count:                 357
  CT Buf/Inv Cell Count:            0
  Combinational Cell Count:      3016
  Sequential Cell Count:          128
  Macro Count:                      0
  -----------------------------------


  Area
  -----------------------------------
  Combinational Area:     4725.490007
  Noncombinational Area:   595.041981
  Buf/Inv Area:            351.917999
  Total Buffer Area:           152.15
  Total Inverter Area:         199.77
  Macro/Black Box Area:      0.000000
  Net Area:                  0.000000
  -----------------------------------
  Cell Area:              5320.531988
  Design Area:            5320.531988


  Design Rules
  -----------------------------------
  Total Number of Nets:          3743
  Nets With Violations:             0
  Max Trans Violations:             0
  Max Cap Violations:               0
  -----------------------------------


  Hostname: microsys.openstack.polito

  Compile CPU Statistics
  -----------------------------------------
  Resource Sharing:                    0.85
  Logic Optimization:                  5.92
  Mapping Optimization:               26.99
  -----------------------------------------
  Overall Compile Time:               40.14
  Overall Compile Wall Clock Time:    40.81

  --------------------------------------------------------------------

  Design  WNS: 0.34  TNS: 12.51  Number of Violating Paths: 46


  Design (Hold)  WNS: 0.00  TNS: 0.00  Number of Violating Paths: 0

  --------------------------------------------------------------------


1
