 
****************************************
Report : reference
Design : boothmul_registered
Version: W-2024.09-SP2
Date   : Mon Sep 21 17:46:18 2026
****************************************

Attributes:
    b - black box (unknown)
   bo - allows boundary optimization
    d - dont_touch
   mo - map_only
    h - hierarchical
    n - noncombinational
    r - removable
    s - synthetic operator
    u - contains unmapped logic

Reference          Library       Unit Area   Count    Total Area   Attributes
-----------------------------------------------------------------------------
AND2_X1            NangateOpenCellLibrary
                                  1.064000      32     34.048000  
AND2_X2            NangateOpenCellLibrary
                                  1.330000       1      1.330000  
AOI21_X1           NangateOpenCellLibrary
                                  1.064000      77     81.928001  
BUF_X1             NangateOpenCellLibrary
                                  0.798000      49     39.101999  
BUF_X2             NangateOpenCellLibrary
                                  1.064000      39     41.496000  
BUF_X4             NangateOpenCellLibrary
                                  1.862000       9     16.758000  
CLKBUF_X1          NangateOpenCellLibrary
                                  0.798000      39     31.121999  
CLKBUF_X2          NangateOpenCellLibrary
                                  1.064000       3      3.192000  
DFFS_X1            NangateOpenCellLibrary
                                  5.320000       2     10.640000  n
DFF_X1             NangateOpenCellLibrary
                                  4.522000     100    452.199984  n
DFF_X2             NangateOpenCellLibrary
                                  5.054000      25    126.349998  n
FA_X1              NangateOpenCellLibrary
                                  4.256000     415   1766.240017  r
HA_X1              NangateOpenCellLibrary
                                  2.660000       5     13.300000  r
INV_X1             NangateOpenCellLibrary
                                  0.532000     303    161.196002  
INV_X2             NangateOpenCellLibrary
                                  0.798000      37     29.525999  
INV_X4             NangateOpenCellLibrary
                                  1.330000       3      3.990000  
NAND2_X1           NangateOpenCellLibrary
                                  0.798000     322    256.955993  
NAND2_X2           NangateOpenCellLibrary
                                  1.330000       1      1.330000  
NAND3_X1           NangateOpenCellLibrary
                                  1.064000      22     23.408000  
NOR2_X1            NangateOpenCellLibrary
                                  0.798000      74     59.051998  
NOR2_X2            NangateOpenCellLibrary
                                  1.330000       2      2.660000  
OAI21_X1           NangateOpenCellLibrary
                                  1.064000     185    196.840002  
OAI22_X1           NangateOpenCellLibrary
                                  1.330000     506    672.980022  
OR2_X1             NangateOpenCellLibrary
                                  1.064000     195    207.480002  
OR2_X2             NangateOpenCellLibrary
                                  1.330000       5      6.650000  
OR2_X4             NangateOpenCellLibrary
                                  2.394000       1      2.394000  
SDFF_X1            NangateOpenCellLibrary
                                  6.118000       1      6.118000  n
XNOR2_X1           NangateOpenCellLibrary
                                  1.596000     622    992.711973  
XOR2_X1            NangateOpenCellLibrary
                                  1.596000      60     95.759997  
-----------------------------------------------------------------------------
Total 29 references                                  5336.757988
1
