 
****************************************
Report : timing
        -path full
        -delay max
        -max_paths 1
Design : boothmul_registered
Version: W-2024.09-SP2
Date   : Mon Sep 21 12:12:28 2026
****************************************

Operating Conditions: typical   Library: NangateOpenCellLibrary
Wire Load Model Mode: top

  Startpoint: A_reg_Y_temp_reg_2_
              (rising edge-triggered flip-flop clocked by CLK)
  Endpoint: p_reg_Y_temp_reg_62_
            (rising edge-triggered flip-flop clocked by CLK)
  Path Group: CLK
  Path Type: max

  Des/Clust/Port     Wire Load Model       Library
  ------------------------------------------------
  boothmul_registered
                     5K_hvratio_1_4        NangateOpenCellLibrary

  Point                                    Incr       Path
  -----------------------------------------------------------
  clock CLK (rise edge)                    0.00       0.00
  clock network delay (ideal)              0.05       0.05
  A_reg_Y_temp_reg_2_/CK (DFF_X1)          0.00       0.05 r
  A_reg_Y_temp_reg_2_/Q (DFF_X1)           0.10       0.15 f
  U558/ZN (XNOR2_X1)                       0.09       0.24 r
  U559/ZN (INV_X1)                         0.03       0.27 f
  U297/ZN (NOR2_X1)                        0.09       0.36 r
  U313/ZN (INV_X1)                         0.04       0.40 f
  U1128/ZN (OR2_X1)                        0.06       0.46 f
  U1130/ZN (NAND2_X1)                      0.03       0.49 r
  U1131/ZN (XNOR2_X1)                      0.05       0.54 f
  U1139/ZN (NOR2_X1)                       0.07       0.60 r
  U1203/ZN (OAI21_X1)                      0.04       0.64 f
  mul_intadd_40_U27/CO (FA_X1)             0.09       0.74 f
  mul_intadd_40_U26/CO (FA_X1)             0.09       0.83 f
  mul_intadd_40_U25/CO (FA_X1)             0.09       0.93 f
  mul_intadd_40_U24/CO (FA_X1)             0.09       1.02 f
  mul_intadd_40_U23/CO (FA_X1)             0.09       1.12 f
  mul_intadd_40_U22/CO (FA_X1)             0.09       1.21 f
  mul_intadd_40_U21/CO (FA_X1)             0.09       1.30 f
  mul_intadd_40_U20/CO (FA_X1)             0.09       1.40 f
  mul_intadd_40_U19/CO (FA_X1)             0.09       1.49 f
  mul_intadd_40_U18/CO (FA_X1)             0.09       1.59 f
  mul_intadd_40_U17/CO (FA_X1)             0.09       1.68 f
  mul_intadd_40_U16/CO (FA_X1)             0.09       1.78 f
  mul_intadd_40_U15/CO (FA_X1)             0.09       1.87 f
  mul_intadd_40_U14/CO (FA_X1)             0.09       1.96 f
  mul_intadd_40_U13/CO (FA_X1)             0.09       2.06 f
  mul_intadd_40_U12/CO (FA_X1)             0.09       2.15 f
  mul_intadd_40_U11/CO (FA_X1)             0.09       2.25 f
  mul_intadd_40_U10/CO (FA_X1)             0.09       2.34 f
  mul_intadd_40_U9/CO (FA_X1)              0.09       2.44 f
  mul_intadd_40_U8/CO (FA_X1)              0.09       2.53 f
  mul_intadd_40_U7/CO (FA_X1)              0.09       2.63 f
  mul_intadd_40_U6/CO (FA_X1)              0.09       2.72 f
  mul_intadd_40_U5/CO (FA_X1)              0.09       2.81 f
  mul_intadd_40_U4/CO (FA_X1)              0.09       2.91 f
  mul_intadd_40_U3/CO (FA_X1)              0.09       3.00 f
  mul_intadd_40_U2/S (FA_X1)               0.13       3.13 f
  U621/CO (FA_X1)                          0.12       3.25 f
  U472/ZN (NAND2_X1)                       0.04       3.29 r
  U473/ZN (NAND3_X1)                       0.04       3.33 f
  mul_intadd_38_U29/CO (FA_X1)             0.09       3.42 f
  mul_intadd_38_U28/CO (FA_X1)             0.09       3.52 f
  mul_intadd_38_U27/CO (FA_X1)             0.09       3.61 f
  mul_intadd_38_U26/CO (FA_X1)             0.10       3.71 f
  U757/ZN (NAND2_X1)                       0.04       3.75 r
  U759/ZN (NAND3_X1)                       0.05       3.80 f
  U470/ZN (NAND3_X1)                       0.04       3.84 r
  U469/ZN (NAND2_X1)                       0.04       3.87 f
  U471/ZN (NAND2_X1)                       0.03       3.90 r
  U761/ZN (NAND2_X1)                       0.03       3.94 f
  U762/ZN (NAND2_X1)                       0.03       3.97 r
  U763/ZN (NAND2_X1)                       0.03       4.00 f
  U770/ZN (NAND2_X1)                       0.04       4.04 r
  U464/ZN (OAI211_X1)                      0.05       4.09 f
  U774/ZN (NAND2_X1)                       0.03       4.12 r
  U278/ZN (AND2_X1)                        0.05       4.17 r
  U775/ZN (OAI21_X1)                       0.04       4.21 f
  U776/ZN (NAND2_X1)                       0.04       4.25 r
  U463/ZN (OAI211_X1)                      0.05       4.30 f
  U780/ZN (NAND2_X1)                       0.04       4.34 r
  U315/ZN (AND3_X2)                        0.06       4.40 r
  U782/ZN (OAI21_X1)                       0.04       4.43 f
  U784/ZN (NAND2_X1)                       0.03       4.47 r
  U314/ZN (AND2_X1)                        0.05       4.51 r
  U786/ZN (OAI21_X1)                       0.04       4.55 f
  U788/ZN (NAND2_X1)                       0.04       4.59 r
  U468/ZN (OAI211_X1)                      0.05       4.64 f
  U809/ZN (NAND2_X1)                       0.03       4.67 r
  U810/ZN (NAND2_X1)                       0.03       4.71 f
  U816/ZN (NAND2_X1)                       0.03       4.74 r
  U817/ZN (NAND2_X1)                       0.04       4.77 f
  U466/ZN (OR2_X1)                         0.06       4.84 f
  U467/ZN (NAND2_X1)                       0.03       4.87 r
  U821/ZN (XNOR2_X1)                       0.06       4.93 r
  U2059/ZN (OAI21_X1)                      0.03       4.96 f
  p_reg_Y_temp_reg_62_/D (DFFS_X1)         0.01       4.97 f
  data arrival time                                   4.97

  clock CLK (rise edge)                    5.00       5.00
  clock network delay (ideal)              0.05       5.05
  clock uncertainty                       -0.05       5.00
  p_reg_Y_temp_reg_62_/CK (DFFS_X1)        0.00       5.00 r
  library setup time                      -0.03       4.97
  data required time                                  4.97
  -----------------------------------------------------------
  data required time                                  4.97
  data arrival time                                  -4.97
  -----------------------------------------------------------
  slack (MET)                                         0.00


1
