 
****************************************
Report : area
Design : boothmul_registered
Version: W-2024.09-SP2
Date   : Tue Sep 15 19:17:41 2026
****************************************

Library(s) Used:

    NangateOpenCellLibrary (File: /home/repository/do/libnandgate/NangateOpenCellLibrary_typical_ecsm.db)

Number of ports:                          131
Number of nets:                          7984
Number of cells:                         7835
Number of combinational cells:           7706
Number of sequential cells:               128
Number of macros/black boxes:               0
Number of buf/inv:                       1480
Number of references:                      50

Combinational area:               9216.633948
Buf/Inv area:                      852.530004
Noncombinational area:             598.233982
Macro/Black Box area:                0.000000
Net Interconnect area:      undefined  (Wire load has zero net area)

Total cell area:                  9814.867930
Total area:                 undefined
1
