 
****************************************
Report : area
Design : boothmul_registered
Version: W-2024.09-SP2
Date   : Tue Sep 15 19:17:53 2026
****************************************

Library(s) Used:

    NangateOpenCellLibrary (File: /home/repository/do/libnandgate/NangateOpenCellLibrary_typical_ecsm.db)

Number of ports:                          131
Number of nets:                          5165
Number of cells:                         4931
Number of combinational cells:           4802
Number of sequential cells:               128
Number of macros/black boxes:               0
Number of buf/inv:                        684
Number of references:                      45

Combinational area:               6216.685974
Buf/Inv area:                      394.212002
Noncombinational area:             594.243981
Macro/Black Box area:                0.000000
Net Interconnect area:      undefined  (Wire load has zero net area)

Total cell area:                  6810.929956
Total area:                 undefined
1
