###############################################################
#  Generated by:      Cadence Innovus 23.35-s106_1
#  OS:                Linux x86_64(Host ID microsys.openstack.polito)
#  Generated on:      Sat Oct 10 22:39:35 2026
#  Design:            boothmul_registered
#  Command:           checkDesign -netlist -physicalLibrary -timingLibrary -noHtml -outfile reports/00_checkDesign.rpt
###############################################################


==============================
Design Stats
==============================
Design Name: boothmul_registered  
    ------------------------------
    Cells used in the design
    ------------------------------
    XOR2_X2  
    XOR2_X1  
    XNOR2_X1  
    OR3_X1  
    OR2_X1  
    OAI33_X1  
    OAI22_X1  
    OAI222_X1  
    OAI221_X1  
    OAI21_X2  
    OAI21_X1  
    OAI211_X1  
    NOR3_X1  
    NOR2_X4  
    NOR2_X1  
    NAND4_X1  
    NAND3_X1  
    NAND2_X1  
    MUX2_X1  
    INV_X8  
    INV_X4  
    INV_X2  
    INV_X1  
    FA_X1  
    DFF_X1  
    CLKBUF_X1  
    BUF_X1  
    AOI22_X2  
    AOI22_X1  
    AOI222_X1  
    AOI221_X1  
    AOI21_X2  
    AOI21_X1  
    AOI211_X1  
    AND3_X1  
    AND2_X1  
    Number of cells used in the design  36  
    ------------------------------
    Non-uniquified instances used in the design
    ------------------------------
    Number of Non-uniquified instances in the design  0  

==============================
Physical Library(LEF) Integrity Check
==============================
Cells with missing LEF: 0  
Cells with missing PG PIN: 0  
Cells with missing dimension: 0  
Cells dimensions not multiple integer of site: 0  
Block cells not covered by obstruction: 0  
Block cells with fixed mask has pins not colorred: 0  
Cells pin with missing direction: 0  
Cells pin with missing geometry: 0  
Cells PG Pins with missing geometry: 0  

==============================
Timing information check
==============================
Cells with missing Timing data: 0  

==============================
Top Level Netlist Check
==============================
Floating Ports: 0  
Ports Connect to multiple Pads: 0  
    ------------------------------
    Port connected to core instances
    ------------------------------
    Port name  # of connections  
    P[0]  1  
    P[1]  1  
    P[2]  2  
    P[3]  1  
    P[4]  1  
    P[5]  1  
    P[6]  1  
    P[7]  1  
    P[8]  1  
    P[9]  1  
    P[10]  1  
    P[11]  1  
    P[12]  1  
    P[13]  1  
    P[14]  1  
    P[15]  1  
    P[16]  2  
    P[17]  1  
    P[18]  1  
    P[19]  1  
    P[20]  1  
    P[21]  1  
    P[22]  1  
    P[23]  1  
    P[24]  1  
    P[25]  1  
    P[26]  1  
    P[27]  1  
    P[28]  1  
    P[29]  1  
    P[30]  1  
    P[31]  1  
    P[32]  2  
    P[33]  2  
    P[34]  2  
    P[35]  2  
    P[36]  2  
    P[37]  1  
    P[38]  1  
    P[39]  1  
    P[40]  1  
    P[41]  1  
    P[42]  1  
    P[43]  1  
    P[44]  2  
    P[45]  1  
    P[46]  1  
    P[47]  1  
    P[48]  1  
    P[49]  1  
    P[50]  1  
    P[51]  1  
    P[52]  1  
    P[53]  1  
    P[54]  1  
    P[55]  1  
    P[56]  1  
    P[57]  1  
    P[58]  1  
    P[59]  1  
    P[60]  2  
    P[61]  2  
    P[62]  2  
    P[63]  2  
    B[0]  1  
    B[1]  1  
    B[2]  1  
    B[3]  1  
    B[4]  1  
    B[5]  1  
    B[6]  1  
    B[7]  1  
    B[8]  1  
    B[9]  1  
    B[10]  1  
    B[11]  1  
    B[12]  1  
    B[13]  1  
    B[14]  1  
    B[15]  1  
    B[16]  1  
    B[17]  1  
    B[18]  1  
    B[19]  1  
    B[20]  1  
    B[21]  1  
    B[22]  1  
    B[23]  1  
    B[24]  1  
    B[25]  1  
    B[26]  1  
    B[27]  1  
    B[28]  1  
    B[29]  1  
    B[30]  1  
    B[31]  1  
    A[0]  1  
    A[1]  1  
    A[2]  1  
    A[3]  1  
    A[4]  1  
    A[5]  1  
    A[6]  1  
    A[7]  1  
    A[8]  1  
    A[9]  1  
    A[10]  1  
    A[11]  1  
    A[12]  1  
    A[13]  1  
    A[14]  1  
    A[15]  1  
    A[16]  1  
    A[17]  1  
    A[18]  1  
    A[19]  1  
    A[20]  1  
    A[21]  1  
    A[22]  1  
    A[23]  1  
    A[24]  1  
    A[25]  1  
    A[26]  1  
    A[27]  1  
    A[28]  1  
    A[29]  1  
    A[30]  1  
    A[31]  1  
    RST  2  
    LD  2  
    CLK  128  
    Ports connected to core instances  131  

==============================
Instance Pin Check
==============================
    Output pins connected to Power Ground net  0  
    ------------------------------
    Instances with multiple input pins tied together
    ------------------------------
    Inst  Net  Term  Term...  
    U3798  n3842  B2  C2  
    U3798  n3843  A2  C1  
    U3798  n3847  A1  B1  
    U3801  n3846  B2  C2  
    U3801  n3847  A2  C1  
    U3801  n3848  A1  B1  
    U3817  n3856  B2  C2  
    U3817  n3857  A2  C1  
    U3817  n3858  A1  B1  
    U3868  n3894  B2  C2  
    U3868  n3895  A2  C1  
    U3868  n3896  A1  B1  
    U3869  n3897  B2  C2  
    U3869  n3898  A2  C1  
    U3869  n3899  A1  B1  
    U3960  n3929  A2  C1  
    U3960  n3930  A1  B1  
    U3960  n4631  B2  C2  
    U3994  n3961  B2  C2  
    U3994  n3962  A2  C1  
    U3994  n3963  A1  B1  
    U4109  n4047  A2  C1  
    U4109  n4048  A1  B1  
    U4109  n4060  B2  C2  
    U4164  n4086  B2  C2  
    U4164  n4087  A2  C1  
    U4164  n4088  A1  B1  
    U4227  n4135  A2  C1  
    U4227  n4136  A1  B1  
    U4227  n4195  B2  C2  
    U4262  n4155  A2  C1  
    U4262  n4156  A1  B1  
    U4262  n4182  B2  C2  
    U4312  n4193  B2  C2  
    U4312  n4194  A2  C1  
    U4312  n4195  A1  B1  
    U4319  n4202  A2  C1  
    U4319  n4203  A1  B1  
    U4319  n5542  B2  C2  
    U4373  n4242  B2  C2  
    U4373  n4243  A2  C1  
    U4373  n4244  A1  B1  
    U4383  n6344  A2  C1  
    U4383  n6349  B2  C2  
    U4383  n6355  A1  B1  
    U4426  n4678  B1  C1  
    U4478  n4287  B2  C2  
    U4478  n4344  A1  B1  
    U4478  n6175  A2  C1  
    U4535  n4325  A2  C1  
    U4535  n4326  A1  B1  
    U4535  n5572  B2  C2  
    U4559  n4336  B2  C2  
    U4559  n4337  A2  C1  
    U4559  n4338  A1  B1  
    U4562  n4341  B2  C2  
    U4562  n4342  A2  C1  
    U4562  n6068  A1  B1  
    U4600  n4362  A2  C1  
    U4600  n4363  A1  B1  
    U4600  n5575  B2  C2  
    U4630  n4381  A2  C1  
    U4630  n4398  B2  C2  
    U4630  n6101  A1  B1  
    U4649  n4392  B2  C2  
    U4649  n4393  A2  C1  
    U4649  n4394  A1  B1  
    U4686  n4424  B2  C2  
    U4686  n4425  A2  C1  
    U4686  n4426  A1  B1  
    U4732  n4534  A1  B1  
    U4732  n4558  B2  C2  
    U4732  n6055  A2  C1  
    U4757  n4468  B2  C2  
    U4757  n4469  A2  C1  
    U4757  n4470  A1  B1  
    U4762  n4475  A2  C1  
    U4762  n4476  A1  B1  
    U4762  n4489  B2  C2  
    U4770  n4483  B2  C2  
    U4770  n4484  A2  C1  
    U4770  n4500  A1  B1  
    U4773  n4554  A1  B1  
    U4773  n4555  A2  C1  
    U4773  n6044  B2  C2  
    U4780  n4495  A2  C1  
    U4780  n4496  A1  B1  
    U4780  n4501  B2  C2  
    U4785  n4499  B2  C2  
    U4785  n4500  A1  B1  
    U4785  n4510  A2  C1  
    U4929  n4648  B2  C2  
    U4929  n4649  A2  C1  
    U4929  n4650  A1  B1  
    U4940  n4666  B1  C1  
    U4960  n4685  B1  C1  
    U5010  n4713  A2  C1  
    U5010  n4714  A1  B1  
    U5010  n5962  B2  C2  
    U5019  n4719  B2  C2  
    U5019  n4720  A2  C1  
    U5019  n5584  A1  B1  
    U5076  intadd_1652_SUM_0_  A1  B1  
    U5076  n6042  B2  C2  
    U5076  n6057  A2  C1  
    U5129  n4795  A2  C1  
    U5129  n4796  A1  B1  
    U5129  n5958  B2  C2  
    U5181  n4849  B2  C2  
    U5181  n4850  A2  C1  
    U5181  n4851  A1  B1  
    U5208  n4868  B2  C2  
    U5208  n4869  A2  C1  
    U5208  n4870  A1  B1  
    U5287  n4919  A2  C1  
    U5287  n4920  A1  B1  
    U5287  n5855  B2  C2  
    U5361  n4966  A2  C1  
    U5361  n4967  A1  B1  
    U5361  n5883  B2  C2  
    U5371  n4972  A2  C1  
    U5371  n4973  A1  B1  
    U5371  n5614  B2  C2  
    U5401  n4998  A2  C1  
    U5401  n4999  A1  B1  
    U5401  n5941  B2  C2  
    U5429  n5027  A1  B1  
    U5429  n5111  A2  C1  
    U5429  n5113  B2  C2  
    U5446  intadd_1648_CI  B2  C2  
    U5446  n5040  A2  C1  
    U5446  n5041  A1  B1  
    U5459  n5053  A2  C1  
    U5459  n5054  A1  B1  
    U5459  n5616  B2  C2  
    U5517  n5108  B2  C2  
    U5637  n5199  A2  C1  
    U5637  n5200  A1  B1  
    U5637  n5248  B2  C2  
    U5657  n5216  B2  C2  
    U5657  n5217  A2  C1  
    U5657  n5241  A1  B1  
    U5678  n5232  B2  C2  
    U5678  n5306  A1  B1  
    U5678  n5310  A2  C1  
    U5686  n5238  B2  C2  
    U5686  n5239  A2  C1  
    U5686  n5787  A1  B1  
    U5688  n5240  B2  C2  
    U5688  n5241  A2  C1  
    U5688  n5242  A1  B1  
    U5699  n5256  A2  C1  
    U5699  n5257  A1  B1  
    U5699  n5628  B2  C2  
    U5729  n5284  B2  C2  
    U5729  n5285  A1  B1  
    U5729  n5337  A2  C1  
    U5757  n5310  B2  C2  
    U5757  n5311  A2  C1  
    U5757  n5312  A1  B1  
    U5774  n5336  B2  C2  
    U5774  n5337  A2  C1  
    U5774  n5338  A1  B1  
    U5812  n5364  A2  C1  
    U5812  n5365  A1  B1  
    U5812  n5399  B2  C2  
    U5849  n5398  B2  C2  
    U5849  n5399  A2  C1  
    U5849  n5400  A1  B1  
    U5871  n5430  A2  C1  
    U5871  n5431  A1  B1  
    U5871  n5471  B2  C2  
    U5902  n5454  B2  C2  
    U5902  n5455  A2  C1  
    U5902  n5456  A1  B1  
    U5906  n5461  B2  C2  
    U5906  n5462  A2  C1  
    U5906  n5463  A1  B1  
    U5912  n5470  B2  C2  
    U5912  n5471  A2  C1  
    U5912  n5472  A1  B1  
    U5933  intadd_1665_n1  A1  B1  
    U5933  n5491  B2  C2  
    U5933  n5492  A2  C1  
    U5990  n5542  B2  C2  
    U5990  n5543  A2  C1  
    U5990  n5544  A1  B1  
    U6012  n6205  A1  B1  
    U6012  n6212  A2  C1  
    U6012  n6218  B2  C2  
    U6030  n5568  B2  C2  
    U6030  n6155  A2  C1  
    U6030  n6234  A1  B1  
    U6033  n5571  A2  C1  
    U6033  n5572  A1  B1  
    U6033  n6222  B2  C2  
    U6036  n5575  A2  C1  
    U6036  n5576  A1  B1  
    U6036  n6121  B2  C2  
    U6043  n5970  A2  C1  
    U6043  n5974  A1  B1  
    U6043  n5981  B2  C2  
    U6046  n5584  B2  C2  
    U6046  n5585  A2  C1  
    U6046  n5586  A1  B1  
    U6050  n5590  B2  C2  
    U6050  n5927  A2  C1  
    U6050  n5937  A1  B1  
    U6056  intadd_1663_SUM_1_  B2  C2  
    U6056  n5598  A1  B1  
    U6056  n5922  A2  C1  
    U6067  n5611  A2  C1  
    U6067  n5893  A1  B1  
    U6067  n5946  B2  C2  
    U6074  n5618  B2  C2  
    U6074  n5619  A1  B1  
    U6074  n5852  A2  C1  
    U6078  n5623  B2  C2  
    U6078  n5789  A1  B1  
    U6078  n5796  A2  C1  
    U6081  n5626  B2  C2  
    U6081  n5627  A2  C1  
    U6081  n5628  A1  B1  
    U6086  n5632  A2  C1  
    U6086  n5633  A1  B1  
    U6086  n6000  B2  C2  
    U6102  n5652  B2  C2  
    U6102  n5662  A1  B1  
    U6102  n5685  A2  C1  
    U6108  n5658  A2  C1  
    U6108  n5659  A1  B1  
    U6108  n5667  B2  C2  
    U6114  n5667  B2  C2  
    U6114  n5668  A2  C1  
    U6114  n5669  A1  B1  
    U6160  n5710  B2  C2  
    U6160  n5711  A2  C1  
    U6160  n5712  A1  B1  
    U6175  n5726  A2  C1  
    U6175  n5727  A1  B1  
    U6175  n5734  B2  C2  
    U6181  n5734  B2  C2  
    U6181  n5735  A2  C1  
    U6181  n5736  A1  B1  
    U6221  n5789  B2  C2  
    U6221  n5790  A2  C1  
    U6221  n5791  A1  B1  
    U6230  n5801  B2  C2  
    U6230  n5802  A2  C1  
    U6230  n5803  A1  B1  
    U6239  n5816  B2  C2  
    U6239  n5817  A2  C1  
    U6239  n5846  A1  B1  
    U6246  n5825  B2  C2  
    U6246  n5826  A2  C1  
    U6246  n5827  A1  B1  
    U6261  n5852  B2  C2  
    U6261  n5853  A2  C1  
    U6261  n5854  A1  B1  
    U6303  n5920  B2  C2  
    U6303  n5921  A2  C1  
    U6303  n5922  A1  B1  
    U6311  n5933  A2  C1  
    U6311  n5934  A1  B1  
    U6311  n5948  B2  C2  
    U6314  n5937  B2  C2  
    U6314  n5938  A2  C1  
    U6314  n5939  A1  B1  
    U6319  n5945  B2  C2  
    U6319  n5946  A2  C1  
    U6319  n5947  A1  B1  
    U6322  n5950  B2  C2  
    U6322  n5951  A2  C1  
    U6322  n5952  A1  B1  
    U6329  n5963  B2  C2  
    U6329  n5964  A2  C1  
    U6329  n6001  A1  B1  
    U6336  n5974  B2  C2  
    U6336  n5975  A2  C1  
    U6336  n5976  A1  B1  
    U6339  n5979  B2  C2  
    U6339  n5980  A2  C1  
    U6339  n5981  A1  B1  
    U6358  n6010  B2  C2  
    U6358  n6011  A2  C1  
    U6358  n6049  A1  B1  
    U6364  n6017  A2  C1  
    U6364  n6018  A1  B1  
    U6364  n6048  B2  C2  
    U6382  intadd_1653_SUM_0_  A1  B1  
    U6382  n6042  B2  C2  
    U6382  n6043  A2  C1  
    U6384  n6048  B2  C2  
    U6384  n6049  A2  C1  
    U6384  n6050  A1  B1  
    U6389  n6057  B2  C2  
    U6389  n6058  A2  C1  
    U6389  n6918  A1  B1  
    U6420  n6105  A2  C1  
    U6420  n6106  A1  B1  
    U6420  n6892  B2  C2  
    U6423  n6109  B2  C2  
    U6423  n6110  A2  C1  
    U6423  n6111  A1  B1  
    U6450  n6149  B2  C2  
    U6450  n6150  A2  C1  
    U6450  n6199  A1  B1  
    U6463  n6166  A2  C1  
    U6463  n6167  A1  B1  
    U6463  n6198  B2  C2  
    U6491  n6205  B2  C2  
    U6491  n6206  A2  C1  
    U6491  n6207  A1  B1  
    U6498  n6216  B2  C2  
    U6498  n6217  A2  C1  
    U6498  n6218  A1  B1  
    U6520  n6245  A2  C1  
    U6520  n6246  A1  B1  
    U6520  n6280  B2  C2  
    U6534  n6264  B2  C2  
    U6534  n6265  A2  C1  
    U6534  n6308  A1  B1  
    U6562  n6307  B2  C2  
    U6562  n6308  A2  C1  
    U6562  n6309  A1  B1  
    U6565  n6315  B2  C2  
    U6565  n6316  A1  B1  
    U6565  n6357  A2  C1  
    U6584  n6343  B2  C2  
    U6584  n6344  A2  C1  
    U6584  n6345  A1  B1  
    U6586  n6348  B2  C2  
    U6586  n6349  A2  C1  
    U6586  n6350  A1  B1  
    U6682  n6478  A2  C1  
    U6682  n6479  A1  B1  
    U6682  n6480  B2  C2  
    U6683  n6480  B2  C2  
    U6683  n6481  A2  C1  
    U6683  n6482  A1  B1  
    U6695  n6501  B1  C2  
    U6720  n6525  A2  C1  
    U6720  n6526  A1  B1  
    U6720  n6533  B2  C2  
    U6726  n6533  B2  C2  
    U6726  n6534  A2  C1  
    U6726  n6535  A1  B1  
    U6733  n6542  B2  C2  
    U6733  n6543  A2  C1  
    U6733  n6544  A1  B1  
    U6764  n6572  A1  B1  
    U6764  n6581  A2  C1  
    U6764  n6608  B2  C2  
    U6767  n6575  B2  C2  
    U6767  n6576  A2  C1  
    U6767  n6577  A1  B1  
    U6789  n6606  B2  C2  
    U6789  n6607  A2  C1  
    U6789  n6608  A1  B1  
    U6795  n6615  A2  C1  
    U6795  n6616  A1  B1  
    U6795  n6625  B2  C2  
    U6797  n6618  B2  C2  
    U6797  n6619  A2  C1  
    U6797  n6620  A1  B1  
    U6873  n6707  B2  C2  
    U6873  n6708  A2  C1  
    U6873  n6709  A1  B1  
    U6887  n6724  A2  C1  
    U6887  n6725  A1  B1  
    U6887  n6749  B2  C2  
    U6891  n6729  B2  C2  
    U6891  n6730  A2  C1  
    U6891  n6731  A1  B1  
    U6896  n6735  B2  C2  
    U6896  n6736  A2  C1  
    U6896  n6737  A1  B1  
    U6909  n6747  B2  C2  
    U6909  n6748  A2  C1  
    U6909  n6749  A1  B1  
    U6925  n6767  B2  C2  
    U6925  n6768  A2  C1  
    U6925  n6769  A1  B1  
    U6948  n6794  B2  C2  
    U6948  n6795  A2  C1  
    U6948  n6796  A1  B1  
    U6965  n6816  B2  C2  
    U6965  n6817  A2  C1  
    U6965  n6818  A1  B1  
    U6973  n6828  B2  C2  
    U6973  n6829  A2  C1  
    U6973  n6836  A1  B1  
    U6986  n6845  B2  C2  
    U7014  n6881  B2  C2  
    U7014  n6882  A2  C1  
    U7014  n6883  A1  B1  
    U7026  n6899  B2  C2  
    U7026  n6900  A2  C1  
    U7026  n6901  A1  B1  
    U7027  n6902  B2  C2  
    U7027  n6903  A2  C1  
    U7027  n6904  A1  B1  
    
    Instances with input pins tied together  402  
    TieHi/Lo term nets not connected to instance's PG terms  0  
    Floating Instance terminals  0  
    Floating IO terms  0  
    Tie Hi/Lo output terms floating  0  
    Output term shorted to Power Ground net  0  
    Pin without shape  0  

==============================
Primitive Net DRC Check
==============================
Nets with tri-state driver: 0  
Nets with parallel drivers: 0  
Nets with multiple drivers: 0  
Nets with no driver (No FanIn): 0  
    ------------------------------
    No FanOut Net
    ------------------------------
    A_i[6]  
    A_i[7]  
    A_i[10]  
    A_i[22]  
    A_i[23]  
    Output Floating nets (No FanOut)  5  
    ------------------------------
    High FanOut Net
    ------------------------------
    n3501  
    n3498  
    n3494  
    CLK  
    High Fanout nets (>50)  4  

==============================
Sub Module Port Definition Check
==============================
Tie Hi/Lo instances connected to output: 0  
Verilog nets with multiple drivers: 0  

==============================
Dont Use Cells Used in Design
==============================
Dont use cells in design: 0  
