###############################################################
#  Generated by:      Cadence Innovus 23.35-s106_1
#  OS:                Linux x86_64(Host ID microsys.openstack.polito)
#  Generated on:      Sat Oct 10 22:42:07 2026
#  Design:            boothmul_registered
#  Command:           report_ccopt_skew_groups -file reports/05_skew_groups.rpt
###############################################################

Skew Group Structure:
=====================

-----------------------------------------------------------------------------
Skew Group                Sources    Constrained Sinks    Unconstrained Sinks
-----------------------------------------------------------------------------
CLK/coherent-synthesis       1              128                    0
-----------------------------------------------------------------------------

Skew Group Summary:
===================

---------------------------------------------------------------------------------------------------------------------------------------------------------------------------
Timing Corner         Skew Group                ID Target    Min ID    Max ID    Avg ID    Std.Dev. ID    Skew Target Type    Skew Target    Skew     Skew window occupancy
---------------------------------------------------------------------------------------------------------------------------------------------------------------------------
std-typ:both.early    CLK/coherent-synthesis        -        0.064     0.075     0.071        0.002       ignored                  -         0.010              -
std-typ:both.late     CLK/coherent-synthesis     0.050       0.065     0.075     0.071        0.002       explicit             0.050         0.010    100% {0.065, 0.075}
---------------------------------------------------------------------------------------------------------------------------------------------------------------------------

* - indicates that target was not met.

Skew Group Min/Max path pins:
=============================

------------------------------------------------------------------------------------
Timing Corner         Skew Group                Min ID    PathID    Max ID    PathID
------------------------------------------------------------------------------------
std-typ:both.early    CLK/coherent-synthesis    0.064       1       0.075       2
-    min p_reg_Y_temp_reg_44_/CK
-    max B_reg_Y_temp_reg_7_/CK
std-typ:both.late     CLK/coherent-synthesis    0.065       3       0.075       4
-    min p_reg_Y_temp_reg_44_/CK
-    max B_reg_Y_temp_reg_7_/CK
------------------------------------------------------------------------------------

Timing for timing corner std-typ:both.early, min clock_path:
============================================================

PathID    : 1
Path type : skew group CLK/coherent-synthesis (path 1 of 1)
Start     : CLK
End       : p_reg_Y_temp_reg_44_/CK
Delay     : 0.064

-----------------------------------------------------------------------------------------------
Name  Lib cell   Event  Incr   Arrival  Slew   Cap     Location        Distance  Fanout  Status
                        (ns)   (ns)     (ns)   (fF)                    (um)              
-- Clockpath trace ----------------------------------------------------------------------------
CLK
-     -          rise   -       0.000   0.002  16.017  (58.985,0.000)  -            3    
CTS_ccl_a_buf_00003/A
-     CLKBUF_X3  rise   0.000   0.000   0.002  -       (78.530,6.965)   26.510   -       
CTS_ccl_a_buf_00003/Z
-     CLKBUF_X3  rise   0.063   0.064   0.045  54.703  (78.895,6.620)    0.710     43    
p_reg_Y_temp_reg_44_/CK
-     DFF_X1     rise   0.001   0.064   0.045  -       (79.270,5.910)    1.085   -       
-----------------------------------------------------------------------------------------------

Timing for timing corner std-typ:both.early, max clock_path:
============================================================

PathID    : 2
Path type : skew group CLK/coherent-synthesis (path 1 of 1)
Start     : CLK
End       : B_reg_Y_temp_reg_7_/CK
Delay     : 0.075

------------------------------------------------------------------------------------------------
Name  Lib cell   Event  Incr   Arrival  Slew   Cap     Location         Distance  Fanout  Status
                        (ns)   (ns)     (ns)   (fF)                     (um)              
-- Clockpath trace -----------------------------------------------------------------------------
CLK
-     -          rise   -       0.000   0.002  16.017  (58.985,0.000)   -            3    
CTS_ccl_a_buf_00002/A
-     CLKBUF_X3  rise   0.001   0.001   0.002  -       (50.670,59.115)   67.430   -       
CTS_ccl_a_buf_00002/Z
-     CLKBUF_X3  rise   0.066   0.067   0.048  58.261  (50.305,59.460)    0.710     45    
B_reg_Y_temp_reg_7_/CK
-     DFF_X1     rise   0.008   0.075   0.048  -       (31.580,98.310)   57.575   -       
------------------------------------------------------------------------------------------------

Timing for timing corner std-typ:both.late, min clock_path:
===========================================================

PathID    : 3
Path type : skew group CLK/coherent-synthesis (path 1 of 1)
Start     : CLK
End       : p_reg_Y_temp_reg_44_/CK
Delay     : 0.065

-----------------------------------------------------------------------------------------------
Name  Lib cell   Event  Incr   Arrival  Slew   Cap     Location        Distance  Fanout  Status
                        (ns)   (ns)     (ns)   (fF)                    (um)              
-- Clockpath trace ----------------------------------------------------------------------------
CLK
-     -          rise   -       0.000   0.002  16.017  (58.985,0.000)  -            3    
CTS_ccl_a_buf_00003/A
-     CLKBUF_X3  rise   0.000   0.000   0.002  -       (78.530,6.965)   26.510   -       
CTS_ccl_a_buf_00003/Z
-     CLKBUF_X3  rise   0.063   0.064   0.045  54.703  (78.895,6.620)    0.710     43    
p_reg_Y_temp_reg_44_/CK
-     DFF_X1     rise   0.001   0.065   0.045  -       (79.270,5.910)    1.085   -       
-----------------------------------------------------------------------------------------------

Timing for timing corner std-typ:both.late, max clock_path:
===========================================================

PathID    : 4
Path type : skew group CLK/coherent-synthesis (path 1 of 1)
Start     : CLK
End       : B_reg_Y_temp_reg_7_/CK
Delay     : 0.075

------------------------------------------------------------------------------------------------
Name  Lib cell   Event  Incr   Arrival  Slew   Cap     Location         Distance  Fanout  Status
                        (ns)   (ns)     (ns)   (fF)                     (um)              
-- Clockpath trace -----------------------------------------------------------------------------
CLK
-     -          rise   -       0.000   0.002  16.017  (58.985,0.000)   -            3    
CTS_ccl_a_buf_00002/A
-     CLKBUF_X3  rise   0.001   0.001   0.002  -       (50.670,59.115)   67.430   -       
CTS_ccl_a_buf_00002/Z
-     CLKBUF_X3  rise   0.066   0.067   0.048  58.261  (50.305,59.460)    0.710     45    
B_reg_Y_temp_reg_7_/CK
-     DFF_X1     rise   0.008   0.075   0.048  -       (31.580,98.310)   57.575   -       
------------------------------------------------------------------------------------------------

