###############################################################
#  Generated by:      Cadence Innovus 23.35-s106_1
#  OS:                Linux x86_64(Host ID microsys.openstack.polito)
#  Generated on:      Sat Oct 10 21:15:20 2026
#  Design:            boothmul_registered
#  Command:           report_ccopt_skew_groups -file reports/05_skew_groups.rpt
###############################################################

Skew Group Structure:
=====================

-----------------------------------------------------------------------------
Skew Group                Sources    Constrained Sinks    Unconstrained Sinks
-----------------------------------------------------------------------------
CLK/coherent-synthesis       1              128                    0
-----------------------------------------------------------------------------

Skew Group Summary:
===================

---------------------------------------------------------------------------------------------------------------------------------------------------------------------------
Timing Corner         Skew Group                ID Target    Min ID    Max ID    Avg ID    Std.Dev. ID    Skew Target Type    Skew Target    Skew     Skew window occupancy
---------------------------------------------------------------------------------------------------------------------------------------------------------------------------
std-typ:both.early    CLK/coherent-synthesis        -        0.059     0.071     0.067        0.003       ignored                  -         0.012              -
std-typ:both.late     CLK/coherent-synthesis     0.050       0.059     0.071     0.067        0.003       explicit             0.050         0.012    100% {0.059, 0.071}
---------------------------------------------------------------------------------------------------------------------------------------------------------------------------

* - indicates that target was not met.

Skew Group Min/Max path pins:
=============================

------------------------------------------------------------------------------------
Timing Corner         Skew Group                Min ID    PathID    Max ID    PathID
------------------------------------------------------------------------------------
std-typ:both.early    CLK/coherent-synthesis    0.059       1       0.071       2
-    min A_reg_Y_temp_reg_3_/CK
-    max p_reg_Y_temp_reg_20_/CK
std-typ:both.late     CLK/coherent-synthesis    0.059       3       0.071       4
-    min A_reg_Y_temp_reg_3_/CK
-    max p_reg_Y_temp_reg_24_/CK
------------------------------------------------------------------------------------

Timing for timing corner std-typ:both.early, min clock_path:
============================================================

PathID    : 1
Path type : skew group CLK/coherent-synthesis (path 1 of 1)
Start     : CLK
End       : A_reg_Y_temp_reg_3_/CK
Delay     : 0.059

------------------------------------------------------------------------------------------------
Name  Lib cell   Event  Incr   Arrival  Slew   Cap     Location         Distance  Fanout  Status
                        (ns)   (ns)     (ns)   (fF)                     (um)              
-- Clockpath trace -----------------------------------------------------------------------------
CLK
-     -          rise   -       0.000   0.002  22.086  (69.625,0.000)   -            4    
CTS_ccl_a_buf_00001/A
-     CLKBUF_X2  rise   0.002   0.002   0.002  -       (34.900,73.115)  107.840   -       
CTS_ccl_a_buf_00001/Z
-     CLKBUF_X2  rise   0.056   0.058   0.037  30.455  (34.535,73.490)    0.740     21    
A_reg_Y_temp_reg_3_/CK
-     DFF_X1     rise   0.001   0.059   0.037  -       (34.240,81.510)    8.315   -       
------------------------------------------------------------------------------------------------

Timing for timing corner std-typ:both.early, max clock_path:
============================================================

PathID    : 2
Path type : skew group CLK/coherent-synthesis (path 1 of 1)
Start     : CLK
End       : p_reg_Y_temp_reg_20_/CK
Delay     : 0.071

-------------------------------------------------------------------------------------------------
Name  Lib cell   Event  Incr   Arrival  Slew   Cap     Location          Distance  Fanout  Status
                        (ns)   (ns)     (ns)   (fF)                      (um)              
-- Clockpath trace ------------------------------------------------------------------------------
CLK
-     -          rise   -       0.000   0.002  22.086  (69.625,0.000)    -            4    
CTS_ccl_a_buf_00004/A
-     CLKBUF_X3  rise   0.002   0.002   0.002  -       (88.980,73.115)    92.470   -       
CTS_ccl_a_buf_00004/Z
-     CLKBUF_X3  rise   0.063   0.064   0.043  52.222  (89.345,73.460)     0.710     38    
p_reg_Y_temp_reg_20_/CK
-     DFF_X1     rise   0.006   0.071   0.043  -       (118.030,85.370)   40.595   -       
-------------------------------------------------------------------------------------------------

Timing for timing corner std-typ:both.late, min clock_path:
===========================================================

PathID    : 3
Path type : skew group CLK/coherent-synthesis (path 1 of 1)
Start     : CLK
End       : A_reg_Y_temp_reg_3_/CK
Delay     : 0.059

------------------------------------------------------------------------------------------------
Name  Lib cell   Event  Incr   Arrival  Slew   Cap     Location         Distance  Fanout  Status
                        (ns)   (ns)     (ns)   (fF)                     (um)              
-- Clockpath trace -----------------------------------------------------------------------------
CLK
-     -          rise   -       0.000   0.002  22.086  (69.625,0.000)   -            4    
CTS_ccl_a_buf_00001/A
-     CLKBUF_X2  rise   0.002   0.002   0.002  -       (34.900,73.115)  107.840   -       
CTS_ccl_a_buf_00001/Z
-     CLKBUF_X2  rise   0.056   0.058   0.037  30.455  (34.535,73.490)    0.740     21    
A_reg_Y_temp_reg_3_/CK
-     DFF_X1     rise   0.001   0.059   0.037  -       (34.240,81.510)    8.315   -       
------------------------------------------------------------------------------------------------

Timing for timing corner std-typ:both.late, max clock_path:
===========================================================

PathID    : 4
Path type : skew group CLK/coherent-synthesis (path 1 of 1)
Start     : CLK
End       : p_reg_Y_temp_reg_24_/CK
Delay     : 0.071

-------------------------------------------------------------------------------------------------
Name  Lib cell   Event  Incr   Arrival  Slew   Cap     Location          Distance  Fanout  Status
                        (ns)   (ns)     (ns)   (fF)                      (um)              
-- Clockpath trace ------------------------------------------------------------------------------
CLK
-     -          rise   -       0.000   0.002  22.086  (69.625,0.000)    -            4    
CTS_ccl_a_buf_00004/A
-     CLKBUF_X3  rise   0.002   0.002   0.002  -       (88.980,73.115)    92.470   -       
CTS_ccl_a_buf_00004/Z
-     CLKBUF_X3  rise   0.063   0.064   0.043  52.222  (89.345,73.460)     0.710     38    
p_reg_Y_temp_reg_24_/CK
-     DFF_X1     rise   0.006   0.071   0.043  -       (118.220,79.770)   35.185   -       
-------------------------------------------------------------------------------------------------

