###############################################################
#  Generated by:      Cadence Innovus 23.35-s106_1
#  OS:                Linux x86_64(Host ID microsys.openstack.polito)
#  Generated on:      Sat Oct 10 21:19:29 2026
#  Design:            boothmul_registered
#  Command:           report_timing -early -max_paths 10 > reports/10_hold_paths.rpt
###############################################################
Path 1: MET Hold Check with Pin p_reg_Y_temp_reg_48_/CK 
Endpoint:   p_reg_Y_temp_reg_48_/D  (v) checked with  leading edge of 'CLK'
Beginpoint: p_reg_Y_temp_reg_48_/QN (^) triggered by  leading edge of 'CLK'
Path Groups: {CLK}
Analysis View: default
Other End Arrival Time          0.053
+ Hold                          0.011
+ Phase Shift                   0.000
- CPPR Adjustment               0.000
+ Uncertainty                   0.050
= Required Time                 0.114
  Arrival Time                  0.180
  Slack Time                    0.066
     Clock Rise Edge                 0.000
     + Clock Network Latency (Prop)  0.072
     = Beginpoint Arrival Time       0.072
     +-----------------------------------------------------------------------------+ 
     |       Instance       |     Arc      |   Cell   | Delay | Arrival | Required | 
     |                      |              |          |       |  Time   |   Time   | 
     |----------------------+--------------+----------+-------+---------+----------| 
     | p_reg_Y_temp_reg_48_ | CK ^         |          |       |   0.072 |    0.006 | 
     | p_reg_Y_temp_reg_48_ | CK ^ -> QN ^ | DFF_X1   | 0.075 |   0.147 |    0.080 | 
     | U6904                | A1 ^ -> ZN ^ | OR2_X1   | 0.022 |   0.169 |    0.102 | 
     | U6765                | A2 ^ -> ZN v | NAND2_X1 | 0.012 |   0.180 |    0.114 | 
     | p_reg_Y_temp_reg_48_ | D v          | DFF_X1   | 0.000 |   0.180 |    0.114 | 
     +-----------------------------------------------------------------------------+ 
Path 2: MET Hold Check with Pin p_reg_Y_temp_reg_30_/CK 
Endpoint:   p_reg_Y_temp_reg_30_/D  (v) checked with  leading edge of 'CLK'
Beginpoint: p_reg_Y_temp_reg_30_/QN (^) triggered by  leading edge of 'CLK'
Path Groups: {CLK}
Analysis View: default
Other End Arrival Time          0.047
+ Hold                          0.011
+ Phase Shift                   0.000
- CPPR Adjustment               0.000
+ Uncertainty                   0.050
= Required Time                 0.108
  Arrival Time                  0.174
  Slack Time                    0.066
     Clock Rise Edge                 0.000
     + Clock Network Latency (Prop)  0.066
     = Beginpoint Arrival Time       0.066
     +-----------------------------------------------------------------------------+ 
     |       Instance       |     Arc      |   Cell   | Delay | Arrival | Required | 
     |                      |              |          |       |  Time   |   Time   | 
     |----------------------+--------------+----------+-------+---------+----------| 
     | p_reg_Y_temp_reg_30_ | CK ^         |          |       |   0.066 |    0.000 | 
     | p_reg_Y_temp_reg_30_ | CK ^ -> QN ^ | DFF_X1   | 0.074 |   0.140 |    0.074 | 
     | U6879                | A1 ^ -> ZN ^ | OR2_X1   | 0.022 |   0.162 |    0.096 | 
     | U7026                | A ^ -> ZN v  | OAI21_X1 | 0.012 |   0.174 |    0.108 | 
     | p_reg_Y_temp_reg_30_ | D v          | DFF_X1   | 0.000 |   0.174 |    0.108 | 
     +-----------------------------------------------------------------------------+ 
Path 3: MET Hold Check with Pin p_reg_Y_temp_reg_2_/CK 
Endpoint:   p_reg_Y_temp_reg_2_/D  (v) checked with  leading edge of 'CLK'
Beginpoint: p_reg_Y_temp_reg_2_/QN (^) triggered by  leading edge of 'CLK'
Path Groups: {CLK}
Analysis View: default
Other End Arrival Time          0.051
+ Hold                          0.011
+ Phase Shift                   0.000
- CPPR Adjustment               0.000
+ Uncertainty                   0.050
= Required Time                 0.112
  Arrival Time                  0.178
  Slack Time                    0.066
     Clock Rise Edge                 0.000
     + Clock Network Latency (Prop)  0.070
     = Beginpoint Arrival Time       0.070
     +----------------------------------------------------------------------------+ 
     |      Instance       |     Arc      |   Cell   | Delay | Arrival | Required | 
     |                     |              |          |       |  Time   |   Time   | 
     |---------------------+--------------+----------+-------+---------+----------| 
     | p_reg_Y_temp_reg_2_ | CK ^         |          |       |   0.070 |    0.004 | 
     | p_reg_Y_temp_reg_2_ | CK ^ -> QN ^ | DFF_X1   | 0.074 |   0.144 |    0.078 | 
     | U6852               | A1 ^ -> ZN ^ | OR2_X1   | 0.022 |   0.166 |    0.100 | 
     | U6998               | A ^ -> ZN v  | OAI21_X1 | 0.012 |   0.178 |    0.112 | 
     | p_reg_Y_temp_reg_2_ | D v          | DFF_X1   | 0.000 |   0.178 |    0.112 | 
     +----------------------------------------------------------------------------+ 
Path 4: MET Hold Check with Pin p_reg_Y_temp_reg_47_/CK 
Endpoint:   p_reg_Y_temp_reg_47_/D  (v) checked with  leading edge of 'CLK'
Beginpoint: p_reg_Y_temp_reg_47_/QN (^) triggered by  leading edge of 'CLK'
Path Groups: {CLK}
Analysis View: default
Other End Arrival Time          0.054
+ Hold                          0.011
+ Phase Shift                   0.000
- CPPR Adjustment               0.000
+ Uncertainty                   0.050
= Required Time                 0.114
  Arrival Time                  0.181
  Slack Time                    0.066
     Clock Rise Edge                 0.000
     + Clock Network Latency (Prop)  0.072
     = Beginpoint Arrival Time       0.072
     +-----------------------------------------------------------------------------+ 
     |       Instance       |     Arc      |   Cell   | Delay | Arrival | Required | 
     |                      |              |          |       |  Time   |   Time   | 
     |----------------------+--------------+----------+-------+---------+----------| 
     | p_reg_Y_temp_reg_47_ | CK ^         |          |       |   0.072 |    0.006 | 
     | p_reg_Y_temp_reg_47_ | CK ^ -> QN ^ | DFF_X1   | 0.075 |   0.147 |    0.081 | 
     | U6910                | A1 ^ -> ZN ^ | OR2_X1   | 0.022 |   0.169 |    0.103 | 
     | U6775                | A2 ^ -> ZN v | NAND2_X1 | 0.012 |   0.181 |    0.114 | 
     | p_reg_Y_temp_reg_47_ | D v          | DFF_X1   | 0.000 |   0.181 |    0.114 | 
     +-----------------------------------------------------------------------------+ 
Path 5: MET Hold Check with Pin p_reg_Y_temp_reg_45_/CK 
Endpoint:   p_reg_Y_temp_reg_45_/D  (v) checked with  leading edge of 'CLK'
Beginpoint: p_reg_Y_temp_reg_45_/QN (^) triggered by  leading edge of 'CLK'
Path Groups: {CLK}
Analysis View: default
Other End Arrival Time          0.053
+ Hold                          0.011
+ Phase Shift                   0.000
- CPPR Adjustment               0.000
+ Uncertainty                   0.050
= Required Time                 0.114
  Arrival Time                  0.181
  Slack Time                    0.066
     Clock Rise Edge                 0.000
     + Clock Network Latency (Prop)  0.072
     = Beginpoint Arrival Time       0.072
     +-----------------------------------------------------------------------------+ 
     |       Instance       |     Arc      |   Cell   | Delay | Arrival | Required | 
     |                      |              |          |       |  Time   |   Time   | 
     |----------------------+--------------+----------+-------+---------+----------| 
     | p_reg_Y_temp_reg_45_ | CK ^         |          |       |   0.072 |    0.006 | 
     | p_reg_Y_temp_reg_45_ | CK ^ -> QN ^ | DFF_X1   | 0.074 |   0.147 |    0.080 | 
     | U6899                | A1 ^ -> ZN ^ | OR2_X1   | 0.022 |   0.169 |    0.102 | 
     | U1853                | A2 ^ -> ZN v | NAND2_X1 | 0.012 |   0.181 |    0.114 | 
     | p_reg_Y_temp_reg_45_ | D v          | DFF_X1   | 0.000 |   0.181 |    0.114 | 
     +-----------------------------------------------------------------------------+ 
Path 6: MET Hold Check with Pin p_reg_Y_temp_reg_23_/CK 
Endpoint:   p_reg_Y_temp_reg_23_/D  (v) checked with  leading edge of 'CLK'
Beginpoint: p_reg_Y_temp_reg_23_/QN (^) triggered by  leading edge of 'CLK'
Path Groups: {CLK}
Analysis View: default
Other End Arrival Time          0.048
+ Hold                          0.011
+ Phase Shift                   0.000
- CPPR Adjustment               0.000
+ Uncertainty                   0.050
= Required Time                 0.109
  Arrival Time                  0.175
  Slack Time                    0.066
     Clock Rise Edge                 0.000
     + Clock Network Latency (Prop)  0.067
     = Beginpoint Arrival Time       0.067
     +-----------------------------------------------------------------------------+ 
     |       Instance       |     Arc      |   Cell   | Delay | Arrival | Required | 
     |                      |              |          |       |  Time   |   Time   | 
     |----------------------+--------------+----------+-------+---------+----------| 
     | p_reg_Y_temp_reg_23_ | CK ^         |          |       |   0.067 |    0.000 | 
     | p_reg_Y_temp_reg_23_ | CK ^ -> QN ^ | DFF_X1   | 0.074 |   0.141 |    0.075 | 
     | U6873                | A1 ^ -> ZN ^ | OR2_X1   | 0.022 |   0.163 |    0.097 | 
     | U7019                | A ^ -> ZN v  | OAI21_X1 | 0.012 |   0.175 |    0.109 | 
     | p_reg_Y_temp_reg_23_ | D v          | DFF_X1   | 0.000 |   0.175 |    0.109 | 
     +-----------------------------------------------------------------------------+ 
Path 7: MET Hold Check with Pin p_reg_Y_temp_reg_60_/CK 
Endpoint:   p_reg_Y_temp_reg_60_/D  (v) checked with  leading edge of 'CLK'
Beginpoint: p_reg_Y_temp_reg_60_/QN (^) triggered by  leading edge of 'CLK'
Path Groups: {CLK}
Analysis View: default
Other End Arrival Time          0.054
+ Hold                          0.011
+ Phase Shift                   0.000
- CPPR Adjustment               0.000
+ Uncertainty                   0.050
= Required Time                 0.115
  Arrival Time                  0.181
  Slack Time                    0.066
     Clock Rise Edge                 0.000
     + Clock Network Latency (Prop)  0.073
     = Beginpoint Arrival Time       0.073
     +-----------------------------------------------------------------------------+ 
     |       Instance       |     Arc      |   Cell   | Delay | Arrival | Required | 
     |                      |              |          |       |  Time   |   Time   | 
     |----------------------+--------------+----------+-------+---------+----------| 
     | p_reg_Y_temp_reg_60_ | CK ^         |          |       |   0.073 |    0.006 | 
     | p_reg_Y_temp_reg_60_ | CK ^ -> QN ^ | DFF_X1   | 0.075 |   0.147 |    0.081 | 
     | U6889                | A1 ^ -> ZN ^ | OR2_X1   | 0.022 |   0.169 |    0.103 | 
     | U1536                | A2 ^ -> ZN v | NAND2_X1 | 0.012 |   0.181 |    0.115 | 
     | p_reg_Y_temp_reg_60_ | D v          | DFF_X1   | 0.000 |   0.181 |    0.115 | 
     +-----------------------------------------------------------------------------+ 
Path 8: MET Hold Check with Pin p_reg_Y_temp_reg_59_/CK 
Endpoint:   p_reg_Y_temp_reg_59_/D  (v) checked with  leading edge of 'CLK'
Beginpoint: p_reg_Y_temp_reg_59_/QN (^) triggered by  leading edge of 'CLK'
Path Groups: {CLK}
Analysis View: default
Other End Arrival Time          0.054
+ Hold                          0.011
+ Phase Shift                   0.000
- CPPR Adjustment               0.000
+ Uncertainty                   0.050
= Required Time                 0.115
  Arrival Time                  0.181
  Slack Time                    0.066
     Clock Rise Edge                 0.000
     + Clock Network Latency (Prop)  0.073
     = Beginpoint Arrival Time       0.073
     +-----------------------------------------------------------------------------+ 
     |       Instance       |     Arc      |   Cell   | Delay | Arrival | Required | 
     |                      |              |          |       |  Time   |   Time   | 
     |----------------------+--------------+----------+-------+---------+----------| 
     | p_reg_Y_temp_reg_59_ | CK ^         |          |       |   0.073 |    0.006 | 
     | p_reg_Y_temp_reg_59_ | CK ^ -> QN ^ | DFF_X1   | 0.075 |   0.147 |    0.081 | 
     | U6894                | A1 ^ -> ZN ^ | OR2_X1   | 0.022 |   0.169 |    0.103 | 
     | U6773                | A2 ^ -> ZN v | NAND2_X1 | 0.012 |   0.181 |    0.115 | 
     | p_reg_Y_temp_reg_59_ | D v          | DFF_X1   | 0.000 |   0.181 |    0.115 | 
     +-----------------------------------------------------------------------------+ 
Path 9: MET Hold Check with Pin p_reg_Y_temp_reg_46_/CK 
Endpoint:   p_reg_Y_temp_reg_46_/D  (v) checked with  leading edge of 'CLK'
Beginpoint: p_reg_Y_temp_reg_46_/QN (^) triggered by  leading edge of 'CLK'
Path Groups: {CLK}
Analysis View: default
Other End Arrival Time          0.053
+ Hold                          0.011
+ Phase Shift                   0.000
- CPPR Adjustment               0.000
+ Uncertainty                   0.050
= Required Time                 0.114
  Arrival Time                  0.181
  Slack Time                    0.066
     Clock Rise Edge                 0.000
     + Clock Network Latency (Prop)  0.072
     = Beginpoint Arrival Time       0.072
     +-----------------------------------------------------------------------------+ 
     |       Instance       |     Arc      |   Cell   | Delay | Arrival | Required | 
     |                      |              |          |       |  Time   |   Time   | 
     |----------------------+--------------+----------+-------+---------+----------| 
     | p_reg_Y_temp_reg_46_ | CK ^         |          |       |   0.072 |    0.006 | 
     | p_reg_Y_temp_reg_46_ | CK ^ -> QN ^ | DFF_X1   | 0.075 |   0.147 |    0.080 | 
     | U6908                | A1 ^ -> ZN ^ | OR2_X1   | 0.022 |   0.169 |    0.103 | 
     | U6767                | A2 ^ -> ZN v | NAND2_X1 | 0.012 |   0.181 |    0.114 | 
     | p_reg_Y_temp_reg_46_ | D v          | DFF_X1   | 0.000 |   0.181 |    0.114 | 
     +-----------------------------------------------------------------------------+ 
Path 10: MET Hold Check with Pin B_reg_Y_temp_reg_16_/CK 
Endpoint:   B_reg_Y_temp_reg_16_/D  (v) checked with  leading edge of 'CLK'
Beginpoint: B_reg_Y_temp_reg_16_/QN (^) triggered by  leading edge of 'CLK'
Path Groups: {CLK}
Analysis View: default
Other End Arrival Time          0.053
+ Hold                          0.011
+ Phase Shift                   0.000
- CPPR Adjustment               0.000
+ Uncertainty                   0.050
= Required Time                 0.114
  Arrival Time                  0.181
  Slack Time                    0.066
     Clock Rise Edge                 0.000
     + Clock Network Latency (Prop)  0.072
     = Beginpoint Arrival Time       0.072
     +-----------------------------------------------------------------------------+ 
     |       Instance       |     Arc      |   Cell   | Delay | Arrival | Required | 
     |                      |              |          |       |  Time   |   Time   | 
     |----------------------+--------------+----------+-------+---------+----------| 
     | B_reg_Y_temp_reg_16_ | CK ^         |          |       |   0.072 |    0.006 | 
     | B_reg_Y_temp_reg_16_ | CK ^ -> QN ^ | DFF_X1   | 0.074 |   0.146 |    0.080 | 
     | U6830                | A1 ^ -> ZN ^ | OR2_X1   | 0.022 |   0.169 |    0.102 | 
     | U6985                | A ^ -> ZN v  | OAI21_X1 | 0.012 |   0.181 |    0.114 | 
     | B_reg_Y_temp_reg_16_ | D v          | DFF_X1   | 0.000 |   0.181 |    0.114 | 
     +-----------------------------------------------------------------------------+ 

