###############################################################
#  Generated by:      Cadence Innovus 23.35-s106_1
#  OS:                Linux x86_64(Host ID microsys.openstack.polito)
#  Generated on:      Sat Oct 10 21:19:28 2026
#  Design:            boothmul_registered
#  Command:           report_timing -max_paths 10 > reports/10_setup_paths.rpt
###############################################################
Path 1: MET Setup Check with Pin p_reg_Y_temp_reg_55_/CK 
Endpoint:   p_reg_Y_temp_reg_55_/D (^) checked with  leading edge of 'CLK'
Beginpoint: B_reg_Y_temp_reg_28_/Q (v) triggered by  leading edge of 'CLK'
Path Groups: {CLK}
Analysis View: default
Other End Arrival Time          0.072
- Setup                         0.030
+ Phase Shift                   2.030
+ CPPR Adjustment               0.000
- Uncertainty                   0.050
= Required Time                 2.022
- Arrival Time                  1.835
= Slack Time                    0.187
     Clock Rise Edge                 0.000
     + Clock Network Latency (Prop)  0.049
     = Beginpoint Arrival Time       0.049
     +------------------------------------------------------------------------------+ 
     |       Instance       |     Arc      |   Cell    | Delay | Arrival | Required | 
     |                      |              |           |       |  Time   |   Time   | 
     |----------------------+--------------+-----------+-------+---------+----------| 
     | B_reg_Y_temp_reg_28_ | CK ^         |           |       |   0.049 |    0.236 | 
     | B_reg_Y_temp_reg_28_ | CK ^ -> Q v  | DFF_X1    | 0.096 |   0.145 |    0.332 | 
     | U2733                | A2 v -> ZN v | AND2_X1   | 0.030 |   0.175 |    0.362 | 
     | U2736                | B2 v -> ZN ^ | OAI21_X1  | 0.102 |   0.277 |    0.464 | 
     | FE_OFC1_n997         | A ^ -> Z ^   | CLKBUF_X1 | 0.157 |   0.435 |    0.622 | 
     | U2737                | A ^ -> ZN v  | INV_X1    | 0.011 |   0.446 |    0.633 | 
     | U2021                | A2 v -> ZN v | AND2_X1   | 0.034 |   0.479 |    0.666 | 
     | U1541                | A1 v -> ZN v | OR2_X1    | 0.051 |   0.530 |    0.717 | 
     | U1514                | A2 v -> ZN v | OR2_X1    | 0.050 |   0.580 |    0.767 | 
     | U2790                | A1 v -> ZN ^ | NOR2_X1   | 0.035 |   0.616 |    0.802 | 
     | U2791                | A2 ^ -> ZN v | NAND2_X1  | 0.029 |   0.645 |    0.832 | 
     | U2013                | A1 v -> ZN v | OR2_X1    | 0.049 |   0.694 |    0.881 | 
     | U4564                | A v -> Z v   | XOR2_X1   | 0.049 |   0.743 |    0.929 | 
     | U4565                | A v -> Z v   | MUX2_X1   | 0.066 |   0.809 |    0.995 | 
     | U4623                | B v -> S ^   | FA_X1     | 0.127 |   0.936 |    1.123 | 
     | U4645                | CI ^ -> S v  | FA_X1     | 0.094 |   1.030 |    1.217 | 
     | U4621                | CI v -> CO v | FA_X1     | 0.073 |   1.103 |    1.290 | 
     | U4703                | CI v -> CO v | FA_X1     | 0.072 |   1.175 |    1.362 | 
     | U4705                | CI v -> S ^  | FA_X1     | 0.116 |   1.291 |    1.478 | 
     | U4758                | CI ^ -> S v  | FA_X1     | 0.095 |   1.387 |    1.573 | 
     | U2382                | A1 v -> ZN ^ | NOR2_X1   | 0.053 |   1.439 |    1.626 | 
     | U4759                | A1 ^ -> ZN v | NOR2_X1   | 0.017 |   1.456 |    1.643 | 
     | U5773                | B2 v -> ZN ^ | AOI21_X1  | 0.034 |   1.490 |    1.677 | 
     | U5774                | A ^ -> ZN v  | OAI21_X1  | 0.022 |   1.512 |    1.698 | 
     | U1994                | A v -> ZN ^  | AOI21_X1  | 0.067 |   1.579 |    1.766 | 
     | FE_OFC4_n5198        | A ^ -> Z ^   | CLKBUF_X1 | 0.143 |   1.721 |    1.908 | 
     | U6488                | B1 ^ -> ZN v | OAI21_X1  | 0.033 |   1.755 |    1.942 | 
     | U6489                | B v -> ZN v  | XNOR2_X1  | 0.048 |   1.803 |    1.990 | 
     | U7039                | B2 v -> ZN ^ | OAI21_X1  | 0.033 |   1.835 |    2.022 | 
     | p_reg_Y_temp_reg_55_ | D ^          | DFF_X1    | 0.000 |   1.835 |    2.022 | 
     +------------------------------------------------------------------------------+ 
Path 2: MET Setup Check with Pin p_reg_Y_temp_reg_48_/CK 
Endpoint:   p_reg_Y_temp_reg_48_/D (^) checked with  leading edge of 'CLK'
Beginpoint: B_reg_Y_temp_reg_28_/Q (v) triggered by  leading edge of 'CLK'
Path Groups: {CLK}
Analysis View: default
Other End Arrival Time          0.072
- Setup                         0.026
+ Phase Shift                   2.030
+ CPPR Adjustment               0.000
- Uncertainty                   0.050
= Required Time                 2.026
- Arrival Time                  1.836
= Slack Time                    0.189
     Clock Rise Edge                 0.000
     + Clock Network Latency (Prop)  0.049
     = Beginpoint Arrival Time       0.049
     +------------------------------------------------------------------------------+ 
     |       Instance       |     Arc      |   Cell    | Delay | Arrival | Required | 
     |                      |              |           |       |  Time   |   Time   | 
     |----------------------+--------------+-----------+-------+---------+----------| 
     | B_reg_Y_temp_reg_28_ | CK ^         |           |       |   0.049 |    0.238 | 
     | B_reg_Y_temp_reg_28_ | CK ^ -> Q v  | DFF_X1    | 0.096 |   0.145 |    0.334 | 
     | U2733                | A2 v -> ZN v | AND2_X1   | 0.030 |   0.175 |    0.364 | 
     | U2736                | B2 v -> ZN ^ | OAI21_X1  | 0.102 |   0.277 |    0.466 | 
     | FE_OFC1_n997         | A ^ -> Z ^   | CLKBUF_X1 | 0.157 |   0.435 |    0.624 | 
     | U2737                | A ^ -> ZN v  | INV_X1    | 0.011 |   0.446 |    0.635 | 
     | U2021                | A2 v -> ZN v | AND2_X1   | 0.034 |   0.479 |    0.669 | 
     | U1541                | A1 v -> ZN v | OR2_X1    | 0.051 |   0.530 |    0.719 | 
     | U1514                | A2 v -> ZN v | OR2_X1    | 0.050 |   0.580 |    0.769 | 
     | U2790                | A1 v -> ZN ^ | NOR2_X1   | 0.035 |   0.616 |    0.805 | 
     | U2791                | A2 ^ -> ZN v | NAND2_X1  | 0.029 |   0.645 |    0.834 | 
     | U2013                | A1 v -> ZN v | OR2_X1    | 0.049 |   0.694 |    0.883 | 
     | U4564                | A v -> Z v   | XOR2_X1   | 0.049 |   0.743 |    0.932 | 
     | U4565                | A v -> Z v   | MUX2_X1   | 0.066 |   0.809 |    0.998 | 
     | U4623                | B v -> S ^   | FA_X1     | 0.127 |   0.936 |    1.125 | 
     | U4645                | CI ^ -> S v  | FA_X1     | 0.094 |   1.030 |    1.219 | 
     | U4621                | CI v -> CO v | FA_X1     | 0.073 |   1.103 |    1.292 | 
     | U4703                | CI v -> CO v | FA_X1     | 0.072 |   1.175 |    1.365 | 
     | U4705                | CI v -> S ^  | FA_X1     | 0.116 |   1.291 |    1.480 | 
     | U4758                | CI ^ -> S v  | FA_X1     | 0.095 |   1.387 |    1.576 | 
     | U2382                | A1 v -> ZN ^ | NOR2_X1   | 0.053 |   1.439 |    1.629 | 
     | U4759                | A1 ^ -> ZN v | NOR2_X1   | 0.017 |   1.456 |    1.645 | 
     | U5773                | B2 v -> ZN ^ | AOI21_X1  | 0.034 |   1.490 |    1.679 | 
     | U5774                | A ^ -> ZN v  | OAI21_X1  | 0.022 |   1.512 |    1.701 | 
     | U1994                | A v -> ZN ^  | AOI21_X1  | 0.067 |   1.579 |    1.768 | 
     | FE_OFC4_n5198        | A ^ -> Z ^   | CLKBUF_X1 | 0.143 |   1.721 |    1.911 | 
     | U5879                | B1 ^ -> ZN v | OAI21_X1  | 0.030 |   1.751 |    1.940 | 
     | U5880                | B v -> ZN ^  | XNOR2_X1  | 0.051 |   1.803 |    1.992 | 
     | U5881                | A1 ^ -> ZN v | NAND2_X1  | 0.018 |   1.820 |    2.009 | 
     | U6765                | A1 v -> ZN ^ | NAND2_X1  | 0.016 |   1.836 |    2.026 | 
     | p_reg_Y_temp_reg_48_ | D ^          | DFF_X1    | 0.000 |   1.836 |    2.026 | 
     +------------------------------------------------------------------------------+ 
Path 3: MET Setup Check with Pin p_reg_Y_temp_reg_47_/CK 
Endpoint:   p_reg_Y_temp_reg_47_/D (^) checked with  leading edge of 'CLK'
Beginpoint: B_reg_Y_temp_reg_28_/Q (v) triggered by  leading edge of 'CLK'
Path Groups: {CLK}
Analysis View: default
Other End Arrival Time          0.072
- Setup                         0.026
+ Phase Shift                   2.030
+ CPPR Adjustment               0.000
- Uncertainty                   0.050
= Required Time                 2.026
- Arrival Time                  1.837
= Slack Time                    0.189
     Clock Rise Edge                 0.000
     + Clock Network Latency (Prop)  0.049
     = Beginpoint Arrival Time       0.049
     +------------------------------------------------------------------------------+ 
     |       Instance       |     Arc      |   Cell    | Delay | Arrival | Required | 
     |                      |              |           |       |  Time   |   Time   | 
     |----------------------+--------------+-----------+-------+---------+----------| 
     | B_reg_Y_temp_reg_28_ | CK ^         |           |       |   0.049 |    0.238 | 
     | B_reg_Y_temp_reg_28_ | CK ^ -> Q v  | DFF_X1    | 0.096 |   0.145 |    0.334 | 
     | U2733                | A2 v -> ZN v | AND2_X1   | 0.030 |   0.175 |    0.364 | 
     | U2736                | B2 v -> ZN ^ | OAI21_X1  | 0.102 |   0.277 |    0.466 | 
     | FE_OFC1_n997         | A ^ -> Z ^   | CLKBUF_X1 | 0.157 |   0.435 |    0.624 | 
     | U2737                | A ^ -> ZN v  | INV_X1    | 0.011 |   0.446 |    0.635 | 
     | U2021                | A2 v -> ZN v | AND2_X1   | 0.034 |   0.479 |    0.669 | 
     | U1541                | A1 v -> ZN v | OR2_X1    | 0.051 |   0.530 |    0.719 | 
     | U1514                | A2 v -> ZN v | OR2_X1    | 0.050 |   0.580 |    0.769 | 
     | U2790                | A1 v -> ZN ^ | NOR2_X1   | 0.035 |   0.616 |    0.805 | 
     | U2791                | A2 ^ -> ZN v | NAND2_X1  | 0.029 |   0.645 |    0.834 | 
     | U2013                | A1 v -> ZN v | OR2_X1    | 0.049 |   0.694 |    0.883 | 
     | U4564                | A v -> Z v   | XOR2_X1   | 0.049 |   0.743 |    0.932 | 
     | U4565                | A v -> Z v   | MUX2_X1   | 0.066 |   0.809 |    0.998 | 
     | U4623                | B v -> S ^   | FA_X1     | 0.127 |   0.936 |    1.125 | 
     | U4645                | CI ^ -> S v  | FA_X1     | 0.094 |   1.030 |    1.219 | 
     | U4621                | CI v -> CO v | FA_X1     | 0.073 |   1.103 |    1.293 | 
     | U4703                | CI v -> CO v | FA_X1     | 0.072 |   1.175 |    1.365 | 
     | U4705                | CI v -> S ^  | FA_X1     | 0.116 |   1.291 |    1.480 | 
     | U4758                | CI ^ -> S v  | FA_X1     | 0.095 |   1.387 |    1.576 | 
     | U2382                | A1 v -> ZN ^ | NOR2_X1   | 0.053 |   1.439 |    1.629 | 
     | U4759                | A1 ^ -> ZN v | NOR2_X1   | 0.017 |   1.456 |    1.645 | 
     | U5773                | B2 v -> ZN ^ | AOI21_X1  | 0.034 |   1.490 |    1.679 | 
     | U5774                | A ^ -> ZN v  | OAI21_X1  | 0.022 |   1.512 |    1.701 | 
     | U1994                | A v -> ZN ^  | AOI21_X1  | 0.067 |   1.579 |    1.768 | 
     | FE_OFC4_n5198        | A ^ -> Z ^   | CLKBUF_X1 | 0.143 |   1.721 |    1.911 | 
     | U6513                | B1 ^ -> ZN v | OAI21_X1  | 0.030 |   1.751 |    1.940 | 
     | U6514                | B v -> ZN ^  | XNOR2_X1  | 0.051 |   1.802 |    1.991 | 
     | U6515                | A1 ^ -> ZN v | NAND2_X1  | 0.018 |   1.820 |    2.010 | 
     | U6775                | A1 v -> ZN ^ | NAND2_X1  | 0.016 |   1.837 |    2.026 | 
     | p_reg_Y_temp_reg_47_ | D ^          | DFF_X1    | 0.000 |   1.837 |    2.026 | 
     +------------------------------------------------------------------------------+ 
Path 4: MET Setup Check with Pin p_reg_Y_temp_reg_45_/CK 
Endpoint:   p_reg_Y_temp_reg_45_/D (^) checked with  leading edge of 'CLK'
Beginpoint: B_reg_Y_temp_reg_28_/Q (v) triggered by  leading edge of 'CLK'
Path Groups: {CLK}
Analysis View: default
Other End Arrival Time          0.072
- Setup                         0.026
+ Phase Shift                   2.030
+ CPPR Adjustment               0.000
- Uncertainty                   0.050
= Required Time                 2.026
- Arrival Time                  1.836
= Slack Time                    0.189
     Clock Rise Edge                 0.000
     + Clock Network Latency (Prop)  0.049
     = Beginpoint Arrival Time       0.049
     +------------------------------------------------------------------------------+ 
     |       Instance       |     Arc      |   Cell    | Delay | Arrival | Required | 
     |                      |              |           |       |  Time   |   Time   | 
     |----------------------+--------------+-----------+-------+---------+----------| 
     | B_reg_Y_temp_reg_28_ | CK ^         |           |       |   0.049 |    0.238 | 
     | B_reg_Y_temp_reg_28_ | CK ^ -> Q v  | DFF_X1    | 0.096 |   0.145 |    0.334 | 
     | U2733                | A2 v -> ZN v | AND2_X1   | 0.030 |   0.175 |    0.364 | 
     | U2736                | B2 v -> ZN ^ | OAI21_X1  | 0.102 |   0.277 |    0.467 | 
     | FE_OFC1_n997         | A ^ -> Z ^   | CLKBUF_X1 | 0.157 |   0.435 |    0.624 | 
     | U2737                | A ^ -> ZN v  | INV_X1    | 0.011 |   0.446 |    0.635 | 
     | U2021                | A2 v -> ZN v | AND2_X1   | 0.034 |   0.479 |    0.669 | 
     | U1541                | A1 v -> ZN v | OR2_X1    | 0.051 |   0.530 |    0.719 | 
     | U1514                | A2 v -> ZN v | OR2_X1    | 0.050 |   0.580 |    0.770 | 
     | U2790                | A1 v -> ZN ^ | NOR2_X1   | 0.035 |   0.616 |    0.805 | 
     | U2791                | A2 ^ -> ZN v | NAND2_X1  | 0.029 |   0.645 |    0.834 | 
     | U2013                | A1 v -> ZN v | OR2_X1    | 0.049 |   0.694 |    0.883 | 
     | U4564                | A v -> Z v   | XOR2_X1   | 0.049 |   0.743 |    0.932 | 
     | U4565                | A v -> Z v   | MUX2_X1   | 0.066 |   0.809 |    0.998 | 
     | U4623                | B v -> S ^   | FA_X1     | 0.127 |   0.936 |    1.125 | 
     | U4645                | CI ^ -> S v  | FA_X1     | 0.094 |   1.030 |    1.220 | 
     | U4621                | CI v -> CO v | FA_X1     | 0.073 |   1.103 |    1.293 | 
     | U4703                | CI v -> CO v | FA_X1     | 0.072 |   1.175 |    1.365 | 
     | U4705                | CI v -> S ^  | FA_X1     | 0.116 |   1.291 |    1.480 | 
     | U4758                | CI ^ -> S v  | FA_X1     | 0.095 |   1.387 |    1.576 | 
     | U2382                | A1 v -> ZN ^ | NOR2_X1   | 0.053 |   1.439 |    1.629 | 
     | U4759                | A1 ^ -> ZN v | NOR2_X1   | 0.017 |   1.456 |    1.645 | 
     | U5773                | B2 v -> ZN ^ | AOI21_X1  | 0.034 |   1.490 |    1.679 | 
     | U5774                | A ^ -> ZN v  | OAI21_X1  | 0.022 |   1.512 |    1.701 | 
     | U1994                | A v -> ZN ^  | AOI21_X1  | 0.067 |   1.579 |    1.768 | 
     | FE_OFC4_n5198        | A ^ -> Z ^   | CLKBUF_X1 | 0.143 |   1.721 |    1.911 | 
     | U6571                | B1 ^ -> ZN v | OAI21_X1  | 0.028 |   1.749 |    1.938 | 
     | U1855                | B v -> ZN ^  | XNOR2_X1  | 0.050 |   1.799 |    1.988 | 
     | U1854                | A1 ^ -> ZN v | NAND2_X1  | 0.020 |   1.819 |    2.009 | 
     | U1853                | A1 v -> ZN ^ | NAND2_X1  | 0.017 |   1.836 |    2.026 | 
     | p_reg_Y_temp_reg_45_ | D ^          | DFF_X1    | 0.000 |   1.836 |    2.026 | 
     +------------------------------------------------------------------------------+ 
Path 5: MET Setup Check with Pin p_reg_Y_temp_reg_57_/CK 
Endpoint:   p_reg_Y_temp_reg_57_/D (^) checked with  leading edge of 'CLK'
Beginpoint: B_reg_Y_temp_reg_28_/Q (v) triggered by  leading edge of 'CLK'
Path Groups: {CLK}
Analysis View: default
Other End Arrival Time          0.072
- Setup                         0.030
+ Phase Shift                   2.030
+ CPPR Adjustment               0.000
- Uncertainty                   0.050
= Required Time                 2.022
- Arrival Time                  1.833
= Slack Time                    0.190
     Clock Rise Edge                 0.000
     + Clock Network Latency (Prop)  0.049
     = Beginpoint Arrival Time       0.049
     +------------------------------------------------------------------------------+ 
     |       Instance       |     Arc      |   Cell    | Delay | Arrival | Required | 
     |                      |              |           |       |  Time   |   Time   | 
     |----------------------+--------------+-----------+-------+---------+----------| 
     | B_reg_Y_temp_reg_28_ | CK ^         |           |       |   0.049 |    0.239 | 
     | B_reg_Y_temp_reg_28_ | CK ^ -> Q v  | DFF_X1    | 0.096 |   0.145 |    0.335 | 
     | U2733                | A2 v -> ZN v | AND2_X1   | 0.030 |   0.175 |    0.364 | 
     | U2736                | B2 v -> ZN ^ | OAI21_X1  | 0.102 |   0.277 |    0.467 | 
     | FE_OFC1_n997         | A ^ -> Z ^   | CLKBUF_X1 | 0.157 |   0.435 |    0.624 | 
     | U2737                | A ^ -> ZN v  | INV_X1    | 0.011 |   0.446 |    0.635 | 
     | U2021                | A2 v -> ZN v | AND2_X1   | 0.034 |   0.479 |    0.669 | 
     | U1541                | A1 v -> ZN v | OR2_X1    | 0.051 |   0.530 |    0.720 | 
     | U1514                | A2 v -> ZN v | OR2_X1    | 0.050 |   0.580 |    0.770 | 
     | U2790                | A1 v -> ZN ^ | NOR2_X1   | 0.035 |   0.616 |    0.805 | 
     | U2791                | A2 ^ -> ZN v | NAND2_X1  | 0.029 |   0.645 |    0.835 | 
     | U2013                | A1 v -> ZN v | OR2_X1    | 0.049 |   0.694 |    0.884 | 
     | U4564                | A v -> Z v   | XOR2_X1   | 0.049 |   0.743 |    0.932 | 
     | U4565                | A v -> Z v   | MUX2_X1   | 0.066 |   0.809 |    0.998 | 
     | U4623                | B v -> S ^   | FA_X1     | 0.127 |   0.936 |    1.126 | 
     | U4645                | CI ^ -> S v  | FA_X1     | 0.094 |   1.030 |    1.220 | 
     | U4621                | CI v -> CO v | FA_X1     | 0.073 |   1.103 |    1.293 | 
     | U4703                | CI v -> CO v | FA_X1     | 0.072 |   1.175 |    1.365 | 
     | U4705                | CI v -> S ^  | FA_X1     | 0.116 |   1.291 |    1.481 | 
     | U4758                | CI ^ -> S v  | FA_X1     | 0.095 |   1.387 |    1.576 | 
     | U2382                | A1 v -> ZN ^ | NOR2_X1   | 0.053 |   1.439 |    1.629 | 
     | U4759                | A1 ^ -> ZN v | NOR2_X1   | 0.017 |   1.456 |    1.646 | 
     | U5773                | B2 v -> ZN ^ | AOI21_X1  | 0.034 |   1.490 |    1.679 | 
     | U5774                | A ^ -> ZN v  | OAI21_X1  | 0.022 |   1.512 |    1.701 | 
     | U1994                | A v -> ZN ^  | AOI21_X1  | 0.067 |   1.579 |    1.768 | 
     | FE_OFC4_n5198        | A ^ -> Z ^   | CLKBUF_X1 | 0.143 |   1.721 |    1.911 | 
     | U6480                | B1 ^ -> ZN v | OAI21_X1  | 0.032 |   1.753 |    1.943 | 
     | U6481                | B v -> ZN v  | XNOR2_X1  | 0.047 |   1.800 |    1.990 | 
     | U7040                | B2 v -> ZN ^ | OAI21_X1  | 0.032 |   1.833 |    2.022 | 
     | p_reg_Y_temp_reg_57_ | D ^          | DFF_X1    | 0.000 |   1.833 |    2.022 | 
     +------------------------------------------------------------------------------+ 
Path 6: MET Setup Check with Pin p_reg_Y_temp_reg_46_/CK 
Endpoint:   p_reg_Y_temp_reg_46_/D (^) checked with  leading edge of 'CLK'
Beginpoint: B_reg_Y_temp_reg_28_/Q (v) triggered by  leading edge of 'CLK'
Path Groups: {CLK}
Analysis View: default
Other End Arrival Time          0.072
- Setup                         0.026
+ Phase Shift                   2.030
+ CPPR Adjustment               0.000
- Uncertainty                   0.050
= Required Time                 2.026
- Arrival Time                  1.836
= Slack Time                    0.190
     Clock Rise Edge                 0.000
     + Clock Network Latency (Prop)  0.049
     = Beginpoint Arrival Time       0.049
     +------------------------------------------------------------------------------+ 
     |       Instance       |     Arc      |   Cell    | Delay | Arrival | Required | 
     |                      |              |           |       |  Time   |   Time   | 
     |----------------------+--------------+-----------+-------+---------+----------| 
     | B_reg_Y_temp_reg_28_ | CK ^         |           |       |   0.049 |    0.239 | 
     | B_reg_Y_temp_reg_28_ | CK ^ -> Q v  | DFF_X1    | 0.096 |   0.145 |    0.335 | 
     | U2733                | A2 v -> ZN v | AND2_X1   | 0.030 |   0.175 |    0.365 | 
     | U2736                | B2 v -> ZN ^ | OAI21_X1  | 0.102 |   0.277 |    0.467 | 
     | FE_OFC1_n997         | A ^ -> Z ^   | CLKBUF_X1 | 0.157 |   0.435 |    0.625 | 
     | U2737                | A ^ -> ZN v  | INV_X1    | 0.011 |   0.446 |    0.636 | 
     | U2021                | A2 v -> ZN v | AND2_X1   | 0.034 |   0.479 |    0.670 | 
     | U1541                | A1 v -> ZN v | OR2_X1    | 0.051 |   0.530 |    0.720 | 
     | U1514                | A2 v -> ZN v | OR2_X1    | 0.050 |   0.580 |    0.770 | 
     | U2790                | A1 v -> ZN ^ | NOR2_X1   | 0.035 |   0.616 |    0.806 | 
     | U2791                | A2 ^ -> ZN v | NAND2_X1  | 0.029 |   0.645 |    0.835 | 
     | U2013                | A1 v -> ZN v | OR2_X1    | 0.049 |   0.694 |    0.884 | 
     | U4564                | A v -> Z v   | XOR2_X1   | 0.049 |   0.743 |    0.933 | 
     | U4565                | A v -> Z v   | MUX2_X1   | 0.066 |   0.809 |    0.999 | 
     | U4623                | B v -> S ^   | FA_X1     | 0.127 |   0.936 |    1.126 | 
     | U4645                | CI ^ -> S v  | FA_X1     | 0.094 |   1.030 |    1.220 | 
     | U4621                | CI v -> CO v | FA_X1     | 0.073 |   1.103 |    1.294 | 
     | U4703                | CI v -> CO v | FA_X1     | 0.072 |   1.175 |    1.366 | 
     | U4705                | CI v -> S ^  | FA_X1     | 0.116 |   1.291 |    1.481 | 
     | U4758                | CI ^ -> S v  | FA_X1     | 0.095 |   1.387 |    1.577 | 
     | U2382                | A1 v -> ZN ^ | NOR2_X1   | 0.053 |   1.439 |    1.630 | 
     | U4759                | A1 ^ -> ZN v | NOR2_X1   | 0.017 |   1.456 |    1.646 | 
     | U5773                | B2 v -> ZN ^ | AOI21_X1  | 0.034 |   1.490 |    1.680 | 
     | U5774                | A ^ -> ZN v  | OAI21_X1  | 0.022 |   1.512 |    1.702 | 
     | U1994                | A v -> ZN ^  | AOI21_X1  | 0.067 |   1.579 |    1.769 | 
     | FE_OFC4_n5198        | A ^ -> Z ^   | CLKBUF_X1 | 0.143 |   1.721 |    1.912 | 
     | U6013                | B1 ^ -> ZN v | OAI21_X1  | 0.029 |   1.751 |    1.941 | 
     | U6014                | B v -> ZN ^  | XNOR2_X1  | 0.050 |   1.801 |    1.991 | 
     | U6015                | A1 ^ -> ZN v | NAND2_X1  | 0.018 |   1.819 |    2.009 | 
     | U6767                | A1 v -> ZN ^ | NAND2_X1  | 0.016 |   1.836 |    2.026 | 
     | p_reg_Y_temp_reg_46_ | D ^          | DFF_X1    | 0.000 |   1.836 |    2.026 | 
     +------------------------------------------------------------------------------+ 
Path 7: MET Setup Check with Pin p_reg_Y_temp_reg_54_/CK 
Endpoint:   p_reg_Y_temp_reg_54_/D (v) checked with  leading edge of 'CLK'
Beginpoint: B_reg_Y_temp_reg_28_/Q (v) triggered by  leading edge of 'CLK'
Path Groups: {CLK}
Analysis View: default
Other End Arrival Time          0.072
- Setup                         0.025
+ Phase Shift                   2.030
+ CPPR Adjustment               0.000
- Uncertainty                   0.050
= Required Time                 2.027
- Arrival Time                  1.837
= Slack Time                    0.191
     Clock Rise Edge                 0.000
     + Clock Network Latency (Prop)  0.049
     = Beginpoint Arrival Time       0.049
     +------------------------------------------------------------------------------+ 
     |       Instance       |     Arc      |   Cell    | Delay | Arrival | Required | 
     |                      |              |           |       |  Time   |   Time   | 
     |----------------------+--------------+-----------+-------+---------+----------| 
     | B_reg_Y_temp_reg_28_ | CK ^         |           |       |   0.049 |    0.240 | 
     | B_reg_Y_temp_reg_28_ | CK ^ -> Q v  | DFF_X1    | 0.096 |   0.145 |    0.335 | 
     | U2733                | A2 v -> ZN v | AND2_X1   | 0.030 |   0.175 |    0.365 | 
     | U2736                | B2 v -> ZN ^ | OAI21_X1  | 0.102 |   0.277 |    0.468 | 
     | FE_OFC1_n997         | A ^ -> Z ^   | CLKBUF_X1 | 0.157 |   0.435 |    0.625 | 
     | U2737                | A ^ -> ZN v  | INV_X1    | 0.011 |   0.446 |    0.636 | 
     | U2021                | A2 v -> ZN v | AND2_X1   | 0.034 |   0.479 |    0.670 | 
     | U1541                | A1 v -> ZN v | OR2_X1    | 0.051 |   0.530 |    0.721 | 
     | U1514                | A2 v -> ZN v | OR2_X1    | 0.050 |   0.580 |    0.771 | 
     | U2790                | A1 v -> ZN ^ | NOR2_X1   | 0.035 |   0.616 |    0.806 | 
     | U2791                | A2 ^ -> ZN v | NAND2_X1  | 0.029 |   0.645 |    0.835 | 
     | U2013                | A1 v -> ZN v | OR2_X1    | 0.049 |   0.694 |    0.884 | 
     | U4564                | A v -> Z v   | XOR2_X1   | 0.049 |   0.743 |    0.933 | 
     | U4565                | A v -> Z v   | MUX2_X1   | 0.066 |   0.809 |    0.999 | 
     | U4623                | B v -> S ^   | FA_X1     | 0.127 |   0.936 |    1.127 | 
     | U4645                | CI ^ -> S v  | FA_X1     | 0.094 |   1.030 |    1.221 | 
     | U4621                | CI v -> CO v | FA_X1     | 0.073 |   1.103 |    1.294 | 
     | U4703                | CI v -> CO v | FA_X1     | 0.072 |   1.175 |    1.366 | 
     | U4705                | CI v -> S ^  | FA_X1     | 0.116 |   1.291 |    1.482 | 
     | U4758                | CI ^ -> S v  | FA_X1     | 0.095 |   1.387 |    1.577 | 
     | U2382                | A1 v -> ZN ^ | NOR2_X1   | 0.053 |   1.439 |    1.630 | 
     | U4759                | A1 ^ -> ZN v | NOR2_X1   | 0.017 |   1.456 |    1.647 | 
     | U5773                | B2 v -> ZN ^ | AOI21_X1  | 0.034 |   1.490 |    1.680 | 
     | U5774                | A ^ -> ZN v  | OAI21_X1  | 0.022 |   1.512 |    1.702 | 
     | U1994                | A v -> ZN ^  | AOI21_X1  | 0.067 |   1.579 |    1.769 | 
     | FE_OFC4_n5198        | A ^ -> Z ^   | CLKBUF_X1 | 0.143 |   1.721 |    1.912 | 
     | U6563                | B1 ^ -> ZN v | OAI21_X1  | 0.035 |   1.757 |    1.947 | 
     | U6564                | B v -> ZN v  | XNOR2_X1  | 0.049 |   1.806 |    1.996 | 
     | U6565                | A1 v -> ZN ^ | NAND2_X1  | 0.017 |   1.823 |    2.014 | 
     | U6780                | A1 ^ -> ZN v | NAND2_X1  | 0.014 |   1.837 |    2.027 | 
     | p_reg_Y_temp_reg_54_ | D v          | DFF_X1    | 0.000 |   1.837 |    2.027 | 
     +------------------------------------------------------------------------------+ 
Path 8: MET Setup Check with Pin p_reg_Y_temp_reg_61_/CK 
Endpoint:   p_reg_Y_temp_reg_61_/D (v) checked with  leading edge of 'CLK'
Beginpoint: B_reg_Y_temp_reg_28_/Q (v) triggered by  leading edge of 'CLK'
Path Groups: {CLK}
Analysis View: default
Other End Arrival Time          0.072
- Setup                         0.025
+ Phase Shift                   2.030
+ CPPR Adjustment               0.000
- Uncertainty                   0.050
= Required Time                 2.027
- Arrival Time                  1.837
= Slack Time                    0.191
     Clock Rise Edge                 0.000
     + Clock Network Latency (Prop)  0.049
     = Beginpoint Arrival Time       0.049
     +------------------------------------------------------------------------------+ 
     |       Instance       |     Arc      |   Cell    | Delay | Arrival | Required | 
     |                      |              |           |       |  Time   |   Time   | 
     |----------------------+--------------+-----------+-------+---------+----------| 
     | B_reg_Y_temp_reg_28_ | CK ^         |           |       |   0.049 |    0.240 | 
     | B_reg_Y_temp_reg_28_ | CK ^ -> Q v  | DFF_X1    | 0.096 |   0.145 |    0.336 | 
     | U2733                | A2 v -> ZN v | AND2_X1   | 0.030 |   0.175 |    0.365 | 
     | U2736                | B2 v -> ZN ^ | OAI21_X1  | 0.102 |   0.277 |    0.468 | 
     | FE_OFC1_n997         | A ^ -> Z ^   | CLKBUF_X1 | 0.157 |   0.435 |    0.625 | 
     | U2737                | A ^ -> ZN v  | INV_X1    | 0.011 |   0.446 |    0.636 | 
     | U2021                | A2 v -> ZN v | AND2_X1   | 0.034 |   0.479 |    0.670 | 
     | U1541                | A1 v -> ZN v | OR2_X1    | 0.051 |   0.530 |    0.721 | 
     | U1514                | A2 v -> ZN v | OR2_X1    | 0.050 |   0.580 |    0.771 | 
     | U2790                | A1 v -> ZN ^ | NOR2_X1   | 0.035 |   0.616 |    0.806 | 
     | U2791                | A2 ^ -> ZN v | NAND2_X1  | 0.029 |   0.645 |    0.836 | 
     | U2013                | A1 v -> ZN v | OR2_X1    | 0.049 |   0.694 |    0.884 | 
     | U4564                | A v -> Z v   | XOR2_X1   | 0.049 |   0.743 |    0.933 | 
     | U4565                | A v -> Z v   | MUX2_X1   | 0.066 |   0.809 |    0.999 | 
     | U4623                | B v -> S ^   | FA_X1     | 0.127 |   0.936 |    1.127 | 
     | U4645                | CI ^ -> S v  | FA_X1     | 0.094 |   1.030 |    1.221 | 
     | U4621                | CI v -> CO v | FA_X1     | 0.073 |   1.103 |    1.294 | 
     | U4703                | CI v -> CO v | FA_X1     | 0.072 |   1.175 |    1.366 | 
     | U4705                | CI v -> S ^  | FA_X1     | 0.116 |   1.291 |    1.482 | 
     | U4758                | CI ^ -> S v  | FA_X1     | 0.095 |   1.387 |    1.577 | 
     | U2382                | A1 v -> ZN ^ | NOR2_X1   | 0.053 |   1.439 |    1.630 | 
     | U4759                | A1 ^ -> ZN v | NOR2_X1   | 0.017 |   1.456 |    1.647 | 
     | U5773                | B2 v -> ZN ^ | AOI21_X1  | 0.034 |   1.490 |    1.680 | 
     | U5774                | A ^ -> ZN v  | OAI21_X1  | 0.022 |   1.512 |    1.702 | 
     | U1994                | A v -> ZN ^  | AOI21_X1  | 0.067 |   1.579 |    1.769 | 
     | FE_OFC4_n5198        | A ^ -> Z ^   | CLKBUF_X1 | 0.143 |   1.721 |    1.912 | 
     | U6400                | B1 ^ -> ZN v | OAI21_X1  | 0.032 |   1.754 |    1.944 | 
     | U6401                | B v -> ZN v  | XNOR2_X1  | 0.048 |   1.802 |    1.993 | 
     | U6403                | A1 v -> ZN ^ | NAND2_X1  | 0.020 |   1.822 |    2.013 | 
     | U6768                | A1 ^ -> ZN v | NAND2_X1  | 0.014 |   1.837 |    2.027 | 
     | p_reg_Y_temp_reg_61_ | D v          | DFF_X1    | 0.000 |   1.837 |    2.027 | 
     +------------------------------------------------------------------------------+ 
Path 9: MET Setup Check with Pin p_reg_Y_temp_reg_62_/CK 
Endpoint:   p_reg_Y_temp_reg_62_/D (v) checked with  leading edge of 'CLK'
Beginpoint: B_reg_Y_temp_reg_28_/Q (v) triggered by  leading edge of 'CLK'
Path Groups: {CLK}
Analysis View: default
Other End Arrival Time          0.073
- Setup                         0.025
+ Phase Shift                   2.030
+ CPPR Adjustment               0.000
- Uncertainty                   0.050
= Required Time                 2.027
- Arrival Time                  1.837
= Slack Time                    0.191
     Clock Rise Edge                 0.000
     + Clock Network Latency (Prop)  0.049
     = Beginpoint Arrival Time       0.049
     +------------------------------------------------------------------------------+ 
     |       Instance       |     Arc      |   Cell    | Delay | Arrival | Required | 
     |                      |              |           |       |  Time   |   Time   | 
     |----------------------+--------------+-----------+-------+---------+----------| 
     | B_reg_Y_temp_reg_28_ | CK ^         |           |       |   0.049 |    0.240 | 
     | B_reg_Y_temp_reg_28_ | CK ^ -> Q v  | DFF_X1    | 0.096 |   0.145 |    0.336 | 
     | U2733                | A2 v -> ZN v | AND2_X1   | 0.030 |   0.175 |    0.366 | 
     | U2736                | B2 v -> ZN ^ | OAI21_X1  | 0.102 |   0.277 |    0.468 | 
     | FE_OFC1_n997         | A ^ -> Z ^   | CLKBUF_X1 | 0.157 |   0.435 |    0.626 | 
     | U2737                | A ^ -> ZN v  | INV_X1    | 0.011 |   0.446 |    0.636 | 
     | U2021                | A2 v -> ZN v | AND2_X1   | 0.034 |   0.479 |    0.670 | 
     | U1541                | A1 v -> ZN v | OR2_X1    | 0.051 |   0.530 |    0.721 | 
     | U1514                | A2 v -> ZN v | OR2_X1    | 0.050 |   0.580 |    0.771 | 
     | U2790                | A1 v -> ZN ^ | NOR2_X1   | 0.035 |   0.616 |    0.806 | 
     | U2791                | A2 ^ -> ZN v | NAND2_X1  | 0.029 |   0.645 |    0.836 | 
     | U2013                | A1 v -> ZN v | OR2_X1    | 0.049 |   0.694 |    0.885 | 
     | U4564                | A v -> Z v   | XOR2_X1   | 0.049 |   0.743 |    0.933 | 
     | U4565                | A v -> Z v   | MUX2_X1   | 0.066 |   0.809 |    0.999 | 
     | U4623                | B v -> S ^   | FA_X1     | 0.127 |   0.936 |    1.127 | 
     | U4645                | CI ^ -> S v  | FA_X1     | 0.094 |   1.030 |    1.221 | 
     | U4621                | CI v -> CO v | FA_X1     | 0.073 |   1.103 |    1.294 | 
     | U4703                | CI v -> CO v | FA_X1     | 0.072 |   1.175 |    1.366 | 
     | U4705                | CI v -> S ^  | FA_X1     | 0.116 |   1.291 |    1.482 | 
     | U4758                | CI ^ -> S v  | FA_X1     | 0.095 |   1.387 |    1.577 | 
     | U2382                | A1 v -> ZN ^ | NOR2_X1   | 0.053 |   1.439 |    1.630 | 
     | U4759                | A1 ^ -> ZN v | NOR2_X1   | 0.017 |   1.456 |    1.647 | 
     | U5773                | B2 v -> ZN ^ | AOI21_X1  | 0.034 |   1.490 |    1.680 | 
     | U5774                | A ^ -> ZN v  | OAI21_X1  | 0.022 |   1.512 |    1.702 | 
     | U1994                | A v -> ZN ^  | AOI21_X1  | 0.067 |   1.579 |    1.769 | 
     | FE_OFC4_n5198        | A ^ -> Z ^   | CLKBUF_X1 | 0.143 |   1.721 |    1.912 | 
     | U6422                | B1 ^ -> ZN v | OAI21_X1  | 0.032 |   1.754 |    1.945 | 
     | U6423                | B v -> ZN v  | XNOR2_X1  | 0.048 |   1.802 |    1.993 | 
     | U6425                | A1 v -> ZN ^ | NAND2_X1  | 0.020 |   1.822 |    2.013 | 
     | U6769                | A1 ^ -> ZN v | NAND2_X1  | 0.015 |   1.837 |    2.027 | 
     | p_reg_Y_temp_reg_62_ | D v          | DFF_X1    | 0.000 |   1.837 |    2.027 | 
     +------------------------------------------------------------------------------+ 
Path 10: MET Setup Check with Pin p_reg_Y_temp_reg_60_/CK 
Endpoint:   p_reg_Y_temp_reg_60_/D (v) checked with  leading edge of 'CLK'
Beginpoint: B_reg_Y_temp_reg_28_/Q (v) triggered by  leading edge of 'CLK'
Path Groups: {CLK}
Analysis View: default
Other End Arrival Time          0.073
- Setup                         0.025
+ Phase Shift                   2.030
+ CPPR Adjustment               0.000
- Uncertainty                   0.050
= Required Time                 2.028
- Arrival Time                  1.836
= Slack Time                    0.191
     Clock Rise Edge                 0.000
     + Clock Network Latency (Prop)  0.049
     = Beginpoint Arrival Time       0.049
     +------------------------------------------------------------------------------+ 
     |       Instance       |     Arc      |   Cell    | Delay | Arrival | Required | 
     |                      |              |           |       |  Time   |   Time   | 
     |----------------------+--------------+-----------+-------+---------+----------| 
     | B_reg_Y_temp_reg_28_ | CK ^         |           |       |   0.049 |    0.240 | 
     | B_reg_Y_temp_reg_28_ | CK ^ -> Q v  | DFF_X1    | 0.096 |   0.145 |    0.336 | 
     | U2733                | A2 v -> ZN v | AND2_X1   | 0.030 |   0.175 |    0.366 | 
     | U2736                | B2 v -> ZN ^ | OAI21_X1  | 0.102 |   0.277 |    0.469 | 
     | FE_OFC1_n997         | A ^ -> Z ^   | CLKBUF_X1 | 0.157 |   0.435 |    0.626 | 
     | U2737                | A ^ -> ZN v  | INV_X1    | 0.011 |   0.446 |    0.637 | 
     | U2021                | A2 v -> ZN v | AND2_X1   | 0.034 |   0.479 |    0.671 | 
     | U1541                | A1 v -> ZN v | OR2_X1    | 0.051 |   0.530 |    0.721 | 
     | U1514                | A2 v -> ZN v | OR2_X1    | 0.050 |   0.580 |    0.772 | 
     | U2790                | A1 v -> ZN ^ | NOR2_X1   | 0.035 |   0.616 |    0.807 | 
     | U2791                | A2 ^ -> ZN v | NAND2_X1  | 0.029 |   0.645 |    0.836 | 
     | U2013                | A1 v -> ZN v | OR2_X1    | 0.049 |   0.694 |    0.885 | 
     | U4564                | A v -> Z v   | XOR2_X1   | 0.049 |   0.743 |    0.934 | 
     | U4565                | A v -> Z v   | MUX2_X1   | 0.066 |   0.809 |    1.000 | 
     | U4623                | B v -> S ^   | FA_X1     | 0.127 |   0.936 |    1.127 | 
     | U4645                | CI ^ -> S v  | FA_X1     | 0.094 |   1.030 |    1.222 | 
     | U4621                | CI v -> CO v | FA_X1     | 0.073 |   1.103 |    1.295 | 
     | U4703                | CI v -> CO v | FA_X1     | 0.072 |   1.175 |    1.367 | 
     | U4705                | CI v -> S ^  | FA_X1     | 0.116 |   1.291 |    1.483 | 
     | U4758                | CI ^ -> S v  | FA_X1     | 0.095 |   1.387 |    1.578 | 
     | U2382                | A1 v -> ZN ^ | NOR2_X1   | 0.053 |   1.439 |    1.631 | 
     | U4759                | A1 ^ -> ZN v | NOR2_X1   | 0.017 |   1.456 |    1.647 | 
     | U5773                | B2 v -> ZN ^ | AOI21_X1  | 0.034 |   1.490 |    1.681 | 
     | U5774                | A ^ -> ZN v  | OAI21_X1  | 0.022 |   1.512 |    1.703 | 
     | U1994                | A v -> ZN ^  | AOI21_X1  | 0.067 |   1.579 |    1.770 | 
     | FE_OFC4_n5198        | A ^ -> Z ^   | CLKBUF_X1 | 0.143 |   1.721 |    1.913 | 
     | U6500                | B1 ^ -> ZN v | OAI21_X1  | 0.033 |   1.754 |    1.946 | 
     | U1539                | B v -> ZN v  | XNOR2_X1  | 0.048 |   1.802 |    1.994 | 
     | U1537                | A1 v -> ZN ^ | NAND2_X1  | 0.020 |   1.822 |    2.014 | 
     | U1536                | A1 ^ -> ZN v | NAND2_X1  | 0.014 |   1.836 |    2.028 | 
     | p_reg_Y_temp_reg_60_ | D v          | DFF_X1    | 0.000 |   1.836 |    2.028 | 
     +------------------------------------------------------------------------------+ 

