###############################################################
#  Generated by:      Cadence Innovus 23.35-s106_1
#  OS:                Linux x86_64(Host ID microsys.openstack.polito)
#  Generated on:      Sat Oct 10 20:30:53 2026
#  Design:            boothmul_registered
#  Command:           report_ccopt_skew_groups -file reports/05_skew_groups.rpt
###############################################################

Skew Group Structure:
=====================

-----------------------------------------------------------------------------
Skew Group                Sources    Constrained Sinks    Unconstrained Sinks
-----------------------------------------------------------------------------
CLK/coherent-synthesis       1              128                    0
-----------------------------------------------------------------------------

Skew Group Summary:
===================

---------------------------------------------------------------------------------------------------------------------------------------------------------------------------
Timing Corner         Skew Group                ID Target    Min ID    Max ID    Avg ID    Std.Dev. ID    Skew Target Type    Skew Target    Skew     Skew window occupancy
---------------------------------------------------------------------------------------------------------------------------------------------------------------------------
std-typ:both.early    CLK/coherent-synthesis        -        0.060     0.072     0.068        0.004       ignored                  -         0.012              -
std-typ:both.late     CLK/coherent-synthesis     0.050       0.060     0.073     0.068        0.004       explicit             0.050         0.012    100% {0.060, 0.073}
---------------------------------------------------------------------------------------------------------------------------------------------------------------------------

* - indicates that target was not met.

Skew Group Min/Max path pins:
=============================

------------------------------------------------------------------------------------
Timing Corner         Skew Group                Min ID    PathID    Max ID    PathID
------------------------------------------------------------------------------------
std-typ:both.early    CLK/coherent-synthesis    0.060       1       0.072       2
-    min B_reg_Y_temp_reg_13_/CK
-    max B_reg_Y_temp_reg_24_/CK
std-typ:both.late     CLK/coherent-synthesis    0.060       3       0.073       4
-    min B_reg_Y_temp_reg_13_/CK
-    max B_reg_Y_temp_reg_24_/CK
------------------------------------------------------------------------------------

Timing for timing corner std-typ:both.early, min clock_path:
============================================================

PathID    : 1
Path type : skew group CLK/coherent-synthesis (path 1 of 1)
Start     : CLK
End       : B_reg_Y_temp_reg_13_/CK
Delay     : 0.060

-------------------------------------------------------------------------------------------------
Name  Lib cell   Event  Incr   Arrival  Slew   Cap     Location          Distance  Fanout  Status
                        (ns)   (ns)     (ns)   (fF)                      (um)              
-- Clockpath trace ------------------------------------------------------------------------------
CLK
-     -          rise   -       0.000   0.002  18.410  (68.225,0.000)    -            4    
CTS_ccl_a_buf_00002/A
-     CLKBUF_X2  rise   0.002   0.002   0.002  -       (54.090,92.715)   106.850   -       
CTS_ccl_a_buf_00002/Z
-     CLKBUF_X2  rise   0.057   0.059   0.038  31.439  (53.725,93.090)     0.740     24    
B_reg_Y_temp_reg_13_/CK
-     DFF_X1     rise   0.001   0.060   0.038  -       (53.240,106.710)   14.105   -       
-------------------------------------------------------------------------------------------------

Timing for timing corner std-typ:both.early, max clock_path:
============================================================

PathID    : 2
Path type : skew group CLK/coherent-synthesis (path 1 of 1)
Start     : CLK
End       : B_reg_Y_temp_reg_24_/CK
Delay     : 0.072

-------------------------------------------------------------------------------------------------
Name  Lib cell   Event  Incr   Arrival  Slew   Cap     Location          Distance  Fanout  Status
                        (ns)   (ns)     (ns)   (fF)                      (um)              
-- Clockpath trace ------------------------------------------------------------------------------
CLK
-     -          rise   -       0.000   0.002  18.410  (68.225,0.000)    -            4    
CTS_ccl_a_buf_00003/A
-     CLKBUF_X3  rise   0.001   0.001   0.002  -       (65.800,64.715)    67.140   -       
CTS_ccl_a_buf_00003/Z
-     CLKBUF_X3  rise   0.060   0.062   0.045  53.892  (66.165,65.060)     0.710     38    
B_reg_Y_temp_reg_24_/CK
-     DFF_X1     rise   0.011   0.072   0.046  -       (92.570,115.110)   76.455   -       
-------------------------------------------------------------------------------------------------

Timing for timing corner std-typ:both.late, min clock_path:
===========================================================

PathID    : 3
Path type : skew group CLK/coherent-synthesis (path 1 of 1)
Start     : CLK
End       : B_reg_Y_temp_reg_13_/CK
Delay     : 0.060

-------------------------------------------------------------------------------------------------
Name  Lib cell   Event  Incr   Arrival  Slew   Cap     Location          Distance  Fanout  Status
                        (ns)   (ns)     (ns)   (fF)                      (um)              
-- Clockpath trace ------------------------------------------------------------------------------
CLK
-     -          rise   -       0.000   0.002  18.410  (68.225,0.000)    -            4    
CTS_ccl_a_buf_00002/A
-     CLKBUF_X2  rise   0.002   0.002   0.002  -       (54.090,92.715)   106.850   -       
CTS_ccl_a_buf_00002/Z
-     CLKBUF_X2  rise   0.057   0.059   0.038  31.439  (53.725,93.090)     0.740     24    
B_reg_Y_temp_reg_13_/CK
-     DFF_X1     rise   0.001   0.060   0.038  -       (53.240,106.710)   14.105   -       
-------------------------------------------------------------------------------------------------

Timing for timing corner std-typ:both.late, max clock_path:
===========================================================

PathID    : 4
Path type : skew group CLK/coherent-synthesis (path 1 of 1)
Start     : CLK
End       : B_reg_Y_temp_reg_24_/CK
Delay     : 0.073

-------------------------------------------------------------------------------------------------
Name  Lib cell   Event  Incr   Arrival  Slew   Cap     Location          Distance  Fanout  Status
                        (ns)   (ns)     (ns)   (fF)                      (um)              
-- Clockpath trace ------------------------------------------------------------------------------
CLK
-     -          rise   -       0.000   0.002  18.410  (68.225,0.000)    -            4    
CTS_ccl_a_buf_00003/A
-     CLKBUF_X3  rise   0.001   0.001   0.002  -       (65.800,64.715)    67.140   -       
CTS_ccl_a_buf_00003/Z
-     CLKBUF_X3  rise   0.060   0.062   0.046  53.892  (66.165,65.060)     0.710     38    
B_reg_Y_temp_reg_24_/CK
-     DFF_X1     rise   0.011   0.073   0.046  -       (92.570,115.110)   76.455   -       
-------------------------------------------------------------------------------------------------

