###############################################################
#  Generated by:      Cadence Innovus 23.35-s106_1
#  OS:                Linux x86_64(Host ID microsys.openstack.polito)
#  Generated on:      Sat Oct 10 22:46:53 2026
#  Design:            boothmul_registered
#  Command:           report_timing -max_paths 10 > reports/04_preCTS_setup_paths.rpt
###############################################################
Path 1: MET Setup Check with Pin p_reg_Y_temp_reg_61_/CK 
Endpoint:   p_reg_Y_temp_reg_61_/D (v) checked with  leading edge of 'CLK'
Beginpoint: A_reg_Y_temp_reg_3_/Q  (^) triggered by  leading edge of 'CLK'
Path Groups: {CLK}
Analysis View: default
Other End Arrival Time          0.050
- Setup                         0.026
+ Phase Shift                   4.716
- Uncertainty                   0.050
= Required Time                 4.690
- Arrival Time                  3.550
= Slack Time                    1.140
     Clock Rise Edge                 0.000
     + Clock Network Latency (Ideal) 0.050
     = Beginpoint Arrival Time       0.050
     +------------------------------------------------------------------------------+ 
     |       Instance       |     Arc      |   Cell    | Delay | Arrival | Required | 
     |                      |              |           |       |  Time   |   Time   | 
     |----------------------+--------------+-----------+-------+---------+----------| 
     | A_reg_Y_temp_reg_3_  | CK ^         |           |       |   0.050 |    1.190 | 
     | A_reg_Y_temp_reg_3_  | CK ^ -> Q ^  | DFF_X1    | 0.170 |   0.220 |    1.360 | 
     | FE_OFC84_A_i_3       | A ^ -> Z ^   | CLKBUF_X1 | 0.164 |   0.384 |    1.524 | 
     | U2506                | A ^ -> ZN v  | INV_X1    | 0.081 |   0.464 |    1.604 | 
     | U2525                | A2 v -> ZN ^ | NAND2_X1  | 0.034 |   0.498 |    1.638 | 
     | U2526                | A ^ -> ZN v  | OAI221_X1 | 0.042 |   0.541 |    1.681 | 
     | U2529                | A v -> Z v   | XOR2_X1   | 0.065 |   0.606 |    1.746 | 
     | U2553                | B v -> S ^   | FA_X1     | 0.129 |   0.735 |    1.875 | 
     | U2536                | A ^ -> ZN v  | INV_X1    | 0.012 |   0.746 |    1.886 | 
     | U2537                | A2 v -> ZN ^ | NOR2_X1   | 0.056 |   0.803 |    1.943 | 
     | U2715                | A ^ -> ZN v  | AOI221_X1 | 0.024 |   0.827 |    1.967 | 
     | U2717                | C1 v -> ZN ^ | AOI222_X1 | 0.100 |   0.928 |    2.067 | 
     | U2718                | B1 ^ -> ZN v | AOI222_X1 | 0.040 |   0.968 |    2.107 | 
     | U2502                | C1 v -> ZN ^ | AOI222_X4 | 0.141 |   1.109 |    2.249 | 
     | U2721                | B1 ^ -> ZN v | AOI21_X1  | 0.019 |   1.128 |    2.268 | 
     | U2722                | C1 v -> ZN ^ | AOI222_X1 | 0.100 |   1.229 |    2.368 | 
     | U2725                | B2 ^ -> ZN v | AOI221_X1 | 0.034 |   1.263 |    2.403 | 
     | U2726                | A v -> ZN ^  | AOI21_X1  | 0.118 |   1.381 |    2.521 | 
     | U2727                | B1 ^ -> ZN v | AOI21_X1  | 0.029 |   1.411 |    2.550 | 
     | U2728                | C1 v -> ZN ^ | AOI222_X1 | 0.106 |   1.517 |    2.657 | 
     | U2730                | B1 ^ -> ZN v | AOI222_X1 | 0.035 |   1.552 |    2.692 | 
     | U2734                | B1 v -> ZN ^ | AOI21_X1  | 0.124 |   1.676 |    2.816 | 
     | U2735                | A ^ -> ZN v  | INV_X1    | 0.030 |   1.706 |    2.846 | 
     | U2739                | A v -> ZN ^  | AOI21_X1  | 0.047 |   1.753 |    2.893 | 
     | U2740                | A2 ^ -> ZN v | NOR2_X1   | 0.016 |   1.769 |    2.909 | 
     | U2741                | B1 v -> ZN ^ | AOI222_X1 | 0.076 |   1.845 |    2.984 | 
     | U2742                | A ^ -> ZN v  | OAI21_X1  | 0.027 |   1.871 |    3.011 | 
     | U2743                | B v -> ZN ^  | OAI211_X1 | 0.030 |   1.902 |    3.041 | 
     | U2797                | B1 ^ -> ZN v | AOI221_X1 | 0.029 |   1.931 |    3.071 | 
     | U2798                | A v -> ZN ^  | AOI21_X1  | 0.043 |   1.974 |    3.113 | 
     | U2801                | B1 ^ -> ZN v | AOI21_X1  | 0.036 |   2.010 |    3.149 | 
     | U2802                | A v -> ZN ^  | INV_X1    | 0.036 |   2.045 |    3.185 | 
     | U2804                | B2 ^ -> ZN v | OAI21_X1  | 0.024 |   2.070 |    3.209 | 
     | U2805                | C2 v -> ZN ^ | AOI222_X1 | 0.108 |   2.178 |    3.318 | 
     | U2806                | B1 ^ -> ZN v | AOI222_X1 | 0.037 |   2.215 |    3.354 | 
     | U2809                | B1 v -> ZN ^ | AOI21_X1  | 0.085 |   2.300 |    3.439 | 
     | U2810                | B2 ^ -> ZN v | AOI221_X1 | 0.041 |   2.340 |    3.480 | 
     | U2811                | C1 v -> ZN ^ | AOI222_X1 | 0.091 |   2.431 |    3.571 | 
     | U2815                | C1 ^ -> ZN v | OAI211_X1 | 0.030 |   2.462 |    3.602 | 
     | U2816                | A v -> ZN ^  | OAI21_X1  | 0.035 |   2.497 |    3.637 | 
     | U2824                | A1 ^ -> ZN ^ | OR4_X1    | 0.048 |   2.545 |    3.685 | 
     | U2920                | B1 ^ -> ZN v | AOI221_X1 | 0.027 |   2.572 |    3.712 | 
     | U2921                | A v -> ZN ^  | AOI21_X1  | 0.059 |   2.631 |    3.771 | 
     | U2924                | B1 ^ -> ZN v | AOI21_X1  | 0.052 |   2.683 |    3.823 | 
     | U3806                | B1 v -> ZN ^ | AOI22_X1  | 0.051 |   2.734 |    3.874 | 
     | U3809                | A1 ^ -> ZN v | AOI22_X1  | 0.023 |   2.757 |    3.897 | 
     | U3810                | B1 v -> ZN ^ | AOI222_X1 | 0.078 |   2.835 |    3.974 | 
     | U3813                | B1 ^ -> ZN v | AOI21_X1  | 0.051 |   2.886 |    4.025 | 
     | U4463                | B1 v -> ZN ^ | AOI22_X1  | 0.050 |   2.936 |    4.076 | 
     | U4464                | A1 ^ -> ZN v | NAND2_X1  | 0.017 |   2.953 |    4.092 | 
     | U4465                | A v -> ZN ^  | OAI21_X1  | 0.024 |   2.977 |    4.117 | 
     | U4467                | C1 ^ -> ZN v | AOI222_X1 | 0.030 |   3.007 |    4.147 | 
     | U4468                | B2 v -> ZN ^ | OAI21_X1  | 0.065 |   3.073 |    4.212 | 
     | U4540                | B2 ^ -> ZN v | OAI21_X1  | 0.030 |   3.103 |    4.242 | 
     | U4541                | C2 v -> ZN ^ | AOI222_X1 | 0.097 |   3.200 |    4.339 | 
     | U4542                | A ^ -> ZN v  | OAI21_X1  | 0.027 |   3.226 |    4.366 | 
     | U4543                | B v -> ZN ^  | OAI211_X1 | 0.031 |   3.257 |    4.397 | 
     | U4594                | A4 ^ -> ZN v | NOR4_X1   | 0.022 |   3.279 |    4.418 | 
     | U4639                | B1 v -> ZN ^ | OAI21_X1  | 0.029 |   3.308 |    4.447 | 
     | U4640                | A1 ^ -> ZN v | NAND2_X1  | 0.020 |   3.327 |    4.467 | 
     | U4643                | B2 v -> ZN ^ | OAI21_X1  | 0.032 |   3.360 |    4.499 | 
     | U4644                | A ^ -> ZN v  | OAI21_X1  | 0.021 |   3.380 |    4.520 | 
     | U4645                | A v -> ZN ^  | OAI21_X1  | 0.021 |   3.401 |    4.541 | 
     | U4646                | B2 ^ -> ZN v | OAI21_X1  | 0.024 |   3.425 |    4.565 | 
     | U2094                | A1 v -> ZN v | AND2_X1   | 0.039 |   3.464 |    4.604 | 
     | U2101                | B1 v -> ZN ^ | AOI222_X1 | 0.078 |   3.543 |    4.682 | 
     | U2102                | A ^ -> ZN v  | INV_X1    | 0.008 |   3.550 |    4.690 | 
     | p_reg_Y_temp_reg_61_ | D v          | DFF_X1    | 0.000 |   3.550 |    4.690 | 
     +------------------------------------------------------------------------------+ 
Path 2: MET Setup Check with Pin p_reg_Y_temp_reg_63_/CK 
Endpoint:   p_reg_Y_temp_reg_63_/D (v) checked with  leading edge of 'CLK'
Beginpoint: A_reg_Y_temp_reg_3_/Q  (^) triggered by  leading edge of 'CLK'
Path Groups: {CLK}
Analysis View: default
Other End Arrival Time          0.050
- Setup                         0.026
+ Phase Shift                   4.716
- Uncertainty                   0.050
= Required Time                 4.690
- Arrival Time                  3.549
= Slack Time                    1.141
     Clock Rise Edge                 0.000
     + Clock Network Latency (Ideal) 0.050
     = Beginpoint Arrival Time       0.050
     +------------------------------------------------------------------------------+ 
     |       Instance       |     Arc      |   Cell    | Delay | Arrival | Required | 
     |                      |              |           |       |  Time   |   Time   | 
     |----------------------+--------------+-----------+-------+---------+----------| 
     | A_reg_Y_temp_reg_3_  | CK ^         |           |       |   0.050 |    1.191 | 
     | A_reg_Y_temp_reg_3_  | CK ^ -> Q ^  | DFF_X1    | 0.170 |   0.220 |    1.361 | 
     | FE_OFC84_A_i_3       | A ^ -> Z ^   | CLKBUF_X1 | 0.164 |   0.384 |    1.525 | 
     | U2506                | A ^ -> ZN v  | INV_X1    | 0.081 |   0.464 |    1.605 | 
     | U2525                | A2 v -> ZN ^ | NAND2_X1  | 0.034 |   0.498 |    1.640 | 
     | U2526                | A ^ -> ZN v  | OAI221_X1 | 0.042 |   0.541 |    1.682 | 
     | U2529                | A v -> Z v   | XOR2_X1   | 0.065 |   0.606 |    1.747 | 
     | U2553                | B v -> S ^   | FA_X1     | 0.129 |   0.735 |    1.876 | 
     | U2536                | A ^ -> ZN v  | INV_X1    | 0.012 |   0.746 |    1.888 | 
     | U2537                | A2 v -> ZN ^ | NOR2_X1   | 0.056 |   0.803 |    1.944 | 
     | U2715                | A ^ -> ZN v  | AOI221_X1 | 0.024 |   0.827 |    1.969 | 
     | U2717                | C1 v -> ZN ^ | AOI222_X1 | 0.100 |   0.928 |    2.069 | 
     | U2718                | B1 ^ -> ZN v | AOI222_X1 | 0.040 |   0.968 |    2.109 | 
     | U2502                | C1 v -> ZN ^ | AOI222_X4 | 0.141 |   1.109 |    2.250 | 
     | U2721                | B1 ^ -> ZN v | AOI21_X1  | 0.019 |   1.128 |    2.269 | 
     | U2722                | C1 v -> ZN ^ | AOI222_X1 | 0.100 |   1.229 |    2.370 | 
     | U2725                | B2 ^ -> ZN v | AOI221_X1 | 0.034 |   1.263 |    2.404 | 
     | U2726                | A v -> ZN ^  | AOI21_X1  | 0.118 |   1.381 |    2.522 | 
     | U2727                | B1 ^ -> ZN v | AOI21_X1  | 0.029 |   1.411 |    2.552 | 
     | U2728                | C1 v -> ZN ^ | AOI222_X1 | 0.106 |   1.517 |    2.658 | 
     | U2730                | B1 ^ -> ZN v | AOI222_X1 | 0.035 |   1.552 |    2.693 | 
     | U2734                | B1 v -> ZN ^ | AOI21_X1  | 0.124 |   1.676 |    2.817 | 
     | U2735                | A ^ -> ZN v  | INV_X1    | 0.030 |   1.706 |    2.847 | 
     | U2739                | A v -> ZN ^  | AOI21_X1  | 0.047 |   1.753 |    2.894 | 
     | U2740                | A2 ^ -> ZN v | NOR2_X1   | 0.016 |   1.769 |    2.910 | 
     | U2741                | B1 v -> ZN ^ | AOI222_X1 | 0.076 |   1.845 |    2.986 | 
     | U2742                | A ^ -> ZN v  | OAI21_X1  | 0.027 |   1.871 |    3.013 | 
     | U2743                | B v -> ZN ^  | OAI211_X1 | 0.030 |   1.902 |    3.043 | 
     | U2797                | B1 ^ -> ZN v | AOI221_X1 | 0.029 |   1.931 |    3.072 | 
     | U2798                | A v -> ZN ^  | AOI21_X1  | 0.043 |   1.974 |    3.115 | 
     | U2801                | B1 ^ -> ZN v | AOI21_X1  | 0.036 |   2.010 |    3.151 | 
     | U2802                | A v -> ZN ^  | INV_X1    | 0.036 |   2.045 |    3.187 | 
     | U2804                | B2 ^ -> ZN v | OAI21_X1  | 0.024 |   2.070 |    3.211 | 
     | U2805                | C2 v -> ZN ^ | AOI222_X1 | 0.108 |   2.178 |    3.319 | 
     | U2806                | B1 ^ -> ZN v | AOI222_X1 | 0.037 |   2.215 |    3.356 | 
     | U2809                | B1 v -> ZN ^ | AOI21_X1  | 0.085 |   2.300 |    3.441 | 
     | U2810                | B2 ^ -> ZN v | AOI221_X1 | 0.041 |   2.340 |    3.482 | 
     | U2811                | C1 v -> ZN ^ | AOI222_X1 | 0.091 |   2.431 |    3.573 | 
     | U2815                | C1 ^ -> ZN v | OAI211_X1 | 0.030 |   2.462 |    3.603 | 
     | U2816                | A v -> ZN ^  | OAI21_X1  | 0.035 |   2.497 |    3.638 | 
     | U2824                | A1 ^ -> ZN ^ | OR4_X1    | 0.048 |   2.545 |    3.686 | 
     | U2920                | B1 ^ -> ZN v | AOI221_X1 | 0.027 |   2.572 |    3.713 | 
     | U2921                | A v -> ZN ^  | AOI21_X1  | 0.059 |   2.631 |    3.772 | 
     | U2924                | B1 ^ -> ZN v | AOI21_X1  | 0.052 |   2.683 |    3.824 | 
     | U3806                | B1 v -> ZN ^ | AOI22_X1  | 0.051 |   2.734 |    3.875 | 
     | U3809                | A1 ^ -> ZN v | AOI22_X1  | 0.023 |   2.757 |    3.898 | 
     | U3810                | B1 v -> ZN ^ | AOI222_X1 | 0.078 |   2.835 |    3.976 | 
     | U3813                | B1 ^ -> ZN v | AOI21_X1  | 0.051 |   2.886 |    4.027 | 
     | U4463                | B1 v -> ZN ^ | AOI22_X1  | 0.050 |   2.936 |    4.077 | 
     | U4464                | A1 ^ -> ZN v | NAND2_X1  | 0.017 |   2.953 |    4.094 | 
     | U4465                | A v -> ZN ^  | OAI21_X1  | 0.024 |   2.977 |    4.118 | 
     | U4467                | C1 ^ -> ZN v | AOI222_X1 | 0.030 |   3.007 |    4.149 | 
     | U4468                | B2 v -> ZN ^ | OAI21_X1  | 0.065 |   3.073 |    4.214 | 
     | U4540                | B2 ^ -> ZN v | OAI21_X1  | 0.030 |   3.103 |    4.244 | 
     | U4541                | C2 v -> ZN ^ | AOI222_X1 | 0.097 |   3.200 |    4.341 | 
     | U4542                | A ^ -> ZN v  | OAI21_X1  | 0.027 |   3.226 |    4.368 | 
     | U4543                | B v -> ZN ^  | OAI211_X1 | 0.031 |   3.257 |    4.398 | 
     | U4594                | A4 ^ -> ZN v | NOR4_X1   | 0.022 |   3.279 |    4.420 | 
     | U4639                | B1 v -> ZN ^ | OAI21_X1  | 0.029 |   3.308 |    4.449 | 
     | U4640                | A1 ^ -> ZN v | NAND2_X1  | 0.020 |   3.327 |    4.468 | 
     | U4643                | B2 v -> ZN ^ | OAI21_X1  | 0.032 |   3.360 |    4.501 | 
     | U4644                | A ^ -> ZN v  | OAI21_X1  | 0.021 |   3.380 |    4.522 | 
     | U4645                | A v -> ZN ^  | OAI21_X1  | 0.021 |   3.401 |    4.542 | 
     | U4646                | B2 ^ -> ZN v | OAI21_X1  | 0.024 |   3.425 |    4.566 | 
     | U2094                | A1 v -> ZN v | AND2_X1   | 0.039 |   3.464 |    4.606 | 
     | U2096                | B1 v -> ZN ^ | AOI222_X1 | 0.076 |   3.541 |    4.682 | 
     | U2097                | A ^ -> ZN v  | INV_X1    | 0.008 |   3.549 |    4.690 | 
     | p_reg_Y_temp_reg_63_ | D v          | DFF_X1    | 0.000 |   3.549 |    4.690 | 
     +------------------------------------------------------------------------------+ 
Path 3: MET Setup Check with Pin p_reg_Y_temp_reg_62_/CK 
Endpoint:   p_reg_Y_temp_reg_62_/D (v) checked with  leading edge of 'CLK'
Beginpoint: A_reg_Y_temp_reg_3_/Q  (^) triggered by  leading edge of 'CLK'
Path Groups: {CLK}
Analysis View: default
Other End Arrival Time          0.050
- Setup                         0.026
+ Phase Shift                   4.716
- Uncertainty                   0.050
= Required Time                 4.690
- Arrival Time                  3.549
= Slack Time                    1.141
     Clock Rise Edge                 0.000
     + Clock Network Latency (Ideal) 0.050
     = Beginpoint Arrival Time       0.050
     +------------------------------------------------------------------------------+ 
     |       Instance       |     Arc      |   Cell    | Delay | Arrival | Required | 
     |                      |              |           |       |  Time   |   Time   | 
     |----------------------+--------------+-----------+-------+---------+----------| 
     | A_reg_Y_temp_reg_3_  | CK ^         |           |       |   0.050 |    1.191 | 
     | A_reg_Y_temp_reg_3_  | CK ^ -> Q ^  | DFF_X1    | 0.170 |   0.220 |    1.361 | 
     | FE_OFC84_A_i_3       | A ^ -> Z ^   | CLKBUF_X1 | 0.164 |   0.384 |    1.525 | 
     | U2506                | A ^ -> ZN v  | INV_X1    | 0.081 |   0.464 |    1.606 | 
     | U2525                | A2 v -> ZN ^ | NAND2_X1  | 0.034 |   0.498 |    1.640 | 
     | U2526                | A ^ -> ZN v  | OAI221_X1 | 0.042 |   0.541 |    1.682 | 
     | U2529                | A v -> Z v   | XOR2_X1   | 0.065 |   0.606 |    1.747 | 
     | U2553                | B v -> S ^   | FA_X1     | 0.129 |   0.735 |    1.876 | 
     | U2536                | A ^ -> ZN v  | INV_X1    | 0.012 |   0.746 |    1.888 | 
     | U2537                | A2 v -> ZN ^ | NOR2_X1   | 0.056 |   0.803 |    1.944 | 
     | U2715                | A ^ -> ZN v  | AOI221_X1 | 0.024 |   0.827 |    1.969 | 
     | U2717                | C1 v -> ZN ^ | AOI222_X1 | 0.100 |   0.928 |    2.069 | 
     | U2718                | B1 ^ -> ZN v | AOI222_X1 | 0.040 |   0.968 |    2.109 | 
     | U2502                | C1 v -> ZN ^ | AOI222_X4 | 0.141 |   1.109 |    2.250 | 
     | U2721                | B1 ^ -> ZN v | AOI21_X1  | 0.019 |   1.128 |    2.270 | 
     | U2722                | C1 v -> ZN ^ | AOI222_X1 | 0.100 |   1.229 |    2.370 | 
     | U2725                | B2 ^ -> ZN v | AOI221_X1 | 0.034 |   1.263 |    2.404 | 
     | U2726                | A v -> ZN ^  | AOI21_X1  | 0.118 |   1.381 |    2.523 | 
     | U2727                | B1 ^ -> ZN v | AOI21_X1  | 0.029 |   1.411 |    2.552 | 
     | U2728                | C1 v -> ZN ^ | AOI222_X1 | 0.106 |   1.517 |    2.658 | 
     | U2730                | B1 ^ -> ZN v | AOI222_X1 | 0.035 |   1.552 |    2.693 | 
     | U2734                | B1 v -> ZN ^ | AOI21_X1  | 0.124 |   1.676 |    2.817 | 
     | U2735                | A ^ -> ZN v  | INV_X1    | 0.030 |   1.706 |    2.847 | 
     | U2739                | A v -> ZN ^  | AOI21_X1  | 0.047 |   1.753 |    2.894 | 
     | U2740                | A2 ^ -> ZN v | NOR2_X1   | 0.016 |   1.769 |    2.910 | 
     | U2741                | B1 v -> ZN ^ | AOI222_X1 | 0.076 |   1.845 |    2.986 | 
     | U2742                | A ^ -> ZN v  | OAI21_X1  | 0.027 |   1.871 |    3.013 | 
     | U2743                | B v -> ZN ^  | OAI211_X1 | 0.030 |   1.902 |    3.043 | 
     | U2797                | B1 ^ -> ZN v | AOI221_X1 | 0.029 |   1.931 |    3.072 | 
     | U2798                | A v -> ZN ^  | AOI21_X1  | 0.043 |   1.974 |    3.115 | 
     | U2801                | B1 ^ -> ZN v | AOI21_X1  | 0.036 |   2.010 |    3.151 | 
     | U2802                | A v -> ZN ^  | INV_X1    | 0.036 |   2.045 |    3.187 | 
     | U2804                | B2 ^ -> ZN v | OAI21_X1  | 0.024 |   2.070 |    3.211 | 
     | U2805                | C2 v -> ZN ^ | AOI222_X1 | 0.108 |   2.178 |    3.319 | 
     | U2806                | B1 ^ -> ZN v | AOI222_X1 | 0.037 |   2.215 |    3.356 | 
     | U2809                | B1 v -> ZN ^ | AOI21_X1  | 0.085 |   2.300 |    3.441 | 
     | U2810                | B2 ^ -> ZN v | AOI221_X1 | 0.041 |   2.340 |    3.482 | 
     | U2811                | C1 v -> ZN ^ | AOI222_X1 | 0.091 |   2.431 |    3.573 | 
     | U2815                | C1 ^ -> ZN v | OAI211_X1 | 0.030 |   2.462 |    3.603 | 
     | U2816                | A v -> ZN ^  | OAI21_X1  | 0.035 |   2.497 |    3.638 | 
     | U2824                | A1 ^ -> ZN ^ | OR4_X1    | 0.048 |   2.545 |    3.687 | 
     | U2920                | B1 ^ -> ZN v | AOI221_X1 | 0.027 |   2.572 |    3.713 | 
     | U2921                | A v -> ZN ^  | AOI21_X1  | 0.059 |   2.631 |    3.773 | 
     | U2924                | B1 ^ -> ZN v | AOI21_X1  | 0.052 |   2.683 |    3.824 | 
     | U3806                | B1 v -> ZN ^ | AOI22_X1  | 0.051 |   2.734 |    3.875 | 
     | U3809                | A1 ^ -> ZN v | AOI22_X1  | 0.023 |   2.757 |    3.898 | 
     | U3810                | B1 v -> ZN ^ | AOI222_X1 | 0.078 |   2.835 |    3.976 | 
     | U3813                | B1 ^ -> ZN v | AOI21_X1  | 0.051 |   2.886 |    4.027 | 
     | U4463                | B1 v -> ZN ^ | AOI22_X1  | 0.050 |   2.936 |    4.077 | 
     | U4464                | A1 ^ -> ZN v | NAND2_X1  | 0.017 |   2.953 |    4.094 | 
     | U4465                | A v -> ZN ^  | OAI21_X1  | 0.024 |   2.977 |    4.118 | 
     | U4467                | C1 ^ -> ZN v | AOI222_X1 | 0.030 |   3.007 |    4.149 | 
     | U4468                | B2 v -> ZN ^ | OAI21_X1  | 0.065 |   3.073 |    4.214 | 
     | U4540                | B2 ^ -> ZN v | OAI21_X1  | 0.030 |   3.103 |    4.244 | 
     | U4541                | C2 v -> ZN ^ | AOI222_X1 | 0.097 |   3.200 |    4.341 | 
     | U4542                | A ^ -> ZN v  | OAI21_X1  | 0.027 |   3.226 |    4.368 | 
     | U4543                | B v -> ZN ^  | OAI211_X1 | 0.031 |   3.257 |    4.398 | 
     | U4594                | A4 ^ -> ZN v | NOR4_X1   | 0.022 |   3.279 |    4.420 | 
     | U4639                | B1 v -> ZN ^ | OAI21_X1  | 0.029 |   3.308 |    4.449 | 
     | U4640                | A1 ^ -> ZN v | NAND2_X1  | 0.020 |   3.327 |    4.469 | 
     | U4643                | B2 v -> ZN ^ | OAI21_X1  | 0.032 |   3.360 |    4.501 | 
     | U4644                | A ^ -> ZN v  | OAI21_X1  | 0.021 |   3.380 |    4.522 | 
     | U4645                | A v -> ZN ^  | OAI21_X1  | 0.021 |   3.401 |    4.542 | 
     | U4646                | B2 ^ -> ZN v | OAI21_X1  | 0.024 |   3.425 |    4.566 | 
     | U2094                | A1 v -> ZN v | AND2_X1   | 0.039 |   3.464 |    4.606 | 
     | U2099                | B1 v -> ZN ^ | AOI222_X1 | 0.077 |   3.541 |    4.683 | 
     | U2100                | A ^ -> ZN v  | INV_X1    | 0.008 |   3.549 |    4.690 | 
     | p_reg_Y_temp_reg_62_ | D v          | DFF_X1    | 0.000 |   3.549 |    4.690 | 
     +------------------------------------------------------------------------------+ 
Path 4: MET Setup Check with Pin p_reg_Y_temp_reg_60_/CK 
Endpoint:   p_reg_Y_temp_reg_60_/D (^) checked with  leading edge of 'CLK'
Beginpoint: A_reg_Y_temp_reg_3_/Q  (^) triggered by  leading edge of 'CLK'
Path Groups: {CLK}
Analysis View: default
Other End Arrival Time          0.050
- Setup                         0.028
+ Phase Shift                   4.716
- Uncertainty                   0.050
= Required Time                 4.688
- Arrival Time                  3.519
= Slack Time                    1.168
     Clock Rise Edge                 0.000
     + Clock Network Latency (Ideal) 0.050
     = Beginpoint Arrival Time       0.050
     +------------------------------------------------------------------------------+ 
     |       Instance       |     Arc      |   Cell    | Delay | Arrival | Required | 
     |                      |              |           |       |  Time   |   Time   | 
     |----------------------+--------------+-----------+-------+---------+----------| 
     | A_reg_Y_temp_reg_3_  | CK ^         |           |       |   0.050 |    1.218 | 
     | A_reg_Y_temp_reg_3_  | CK ^ -> Q ^  | DFF_X1    | 0.170 |   0.220 |    1.388 | 
     | FE_OFC84_A_i_3       | A ^ -> Z ^   | CLKBUF_X1 | 0.164 |   0.384 |    1.552 | 
     | U2506                | A ^ -> ZN v  | INV_X1    | 0.081 |   0.464 |    1.632 | 
     | U2525                | A2 v -> ZN ^ | NAND2_X1  | 0.034 |   0.498 |    1.667 | 
     | U2526                | A ^ -> ZN v  | OAI221_X1 | 0.042 |   0.541 |    1.709 | 
     | U2529                | A v -> Z v   | XOR2_X1   | 0.065 |   0.606 |    1.774 | 
     | U2553                | B v -> S ^   | FA_X1     | 0.129 |   0.735 |    1.903 | 
     | U2536                | A ^ -> ZN v  | INV_X1    | 0.012 |   0.746 |    1.915 | 
     | U2537                | A2 v -> ZN ^ | NOR2_X1   | 0.056 |   0.803 |    1.971 | 
     | U2715                | A ^ -> ZN v  | AOI221_X1 | 0.024 |   0.827 |    1.995 | 
     | U2717                | C1 v -> ZN ^ | AOI222_X1 | 0.100 |   0.928 |    2.096 | 
     | U2718                | B1 ^ -> ZN v | AOI222_X1 | 0.040 |   0.968 |    2.136 | 
     | U2502                | C1 v -> ZN ^ | AOI222_X4 | 0.141 |   1.109 |    2.277 | 
     | U2721                | B1 ^ -> ZN v | AOI21_X1  | 0.019 |   1.128 |    2.296 | 
     | U2722                | C1 v -> ZN ^ | AOI222_X1 | 0.100 |   1.229 |    2.397 | 
     | U2725                | B2 ^ -> ZN v | AOI221_X1 | 0.034 |   1.263 |    2.431 | 
     | U2726                | A v -> ZN ^  | AOI21_X1  | 0.118 |   1.381 |    2.549 | 
     | U2727                | B1 ^ -> ZN v | AOI21_X1  | 0.029 |   1.411 |    2.579 | 
     | U2728                | C1 v -> ZN ^ | AOI222_X1 | 0.106 |   1.517 |    2.685 | 
     | U2730                | B1 ^ -> ZN v | AOI222_X1 | 0.035 |   1.552 |    2.720 | 
     | U2734                | B1 v -> ZN ^ | AOI21_X1  | 0.124 |   1.676 |    2.844 | 
     | U2735                | A ^ -> ZN v  | INV_X1    | 0.030 |   1.706 |    2.874 | 
     | U2739                | A v -> ZN ^  | AOI21_X1  | 0.047 |   1.753 |    2.921 | 
     | U2740                | A2 ^ -> ZN v | NOR2_X1   | 0.016 |   1.769 |    2.937 | 
     | U2741                | B1 v -> ZN ^ | AOI222_X1 | 0.076 |   1.845 |    3.013 | 
     | U2742                | A ^ -> ZN v  | OAI21_X1  | 0.027 |   1.871 |    3.039 | 
     | U2743                | B v -> ZN ^  | OAI211_X1 | 0.030 |   1.902 |    3.070 | 
     | U2797                | B1 ^ -> ZN v | AOI221_X1 | 0.029 |   1.931 |    3.099 | 
     | U2798                | A v -> ZN ^  | AOI21_X1  | 0.043 |   1.974 |    3.142 | 
     | U2801                | B1 ^ -> ZN v | AOI21_X1  | 0.036 |   2.010 |    3.178 | 
     | U2802                | A v -> ZN ^  | INV_X1    | 0.036 |   2.045 |    3.213 | 
     | U2804                | B2 ^ -> ZN v | OAI21_X1  | 0.024 |   2.070 |    3.238 | 
     | U2805                | C2 v -> ZN ^ | AOI222_X1 | 0.108 |   2.178 |    3.346 | 
     | U2806                | B1 ^ -> ZN v | AOI222_X1 | 0.037 |   2.215 |    3.383 | 
     | U2809                | B1 v -> ZN ^ | AOI21_X1  | 0.085 |   2.300 |    3.468 | 
     | U2810                | B2 ^ -> ZN v | AOI221_X1 | 0.041 |   2.340 |    3.508 | 
     | U2811                | C1 v -> ZN ^ | AOI222_X1 | 0.091 |   2.431 |    3.600 | 
     | U2815                | C1 ^ -> ZN v | OAI211_X1 | 0.030 |   2.462 |    3.630 | 
     | U2816                | A v -> ZN ^  | OAI21_X1  | 0.035 |   2.497 |    3.665 | 
     | U2824                | A1 ^ -> ZN ^ | OR4_X1    | 0.048 |   2.545 |    3.713 | 
     | U2920                | B1 ^ -> ZN v | AOI221_X1 | 0.027 |   2.572 |    3.740 | 
     | U2921                | A v -> ZN ^  | AOI21_X1  | 0.059 |   2.631 |    3.799 | 
     | U2924                | B1 ^ -> ZN v | AOI21_X1  | 0.052 |   2.683 |    3.851 | 
     | U3806                | B1 v -> ZN ^ | AOI22_X1  | 0.051 |   2.734 |    3.902 | 
     | U3809                | A1 ^ -> ZN v | AOI22_X1  | 0.023 |   2.757 |    3.925 | 
     | U3810                | B1 v -> ZN ^ | AOI222_X1 | 0.078 |   2.835 |    4.003 | 
     | U3813                | B1 ^ -> ZN v | AOI21_X1  | 0.051 |   2.886 |    4.054 | 
     | U4463                | B1 v -> ZN ^ | AOI22_X1  | 0.050 |   2.936 |    4.104 | 
     | U4464                | A1 ^ -> ZN v | NAND2_X1  | 0.017 |   2.953 |    4.121 | 
     | U4465                | A v -> ZN ^  | OAI21_X1  | 0.024 |   2.977 |    4.145 | 
     | U4467                | C1 ^ -> ZN v | AOI222_X1 | 0.030 |   3.007 |    4.175 | 
     | U4468                | B2 v -> ZN ^ | OAI21_X1  | 0.065 |   3.073 |    4.241 | 
     | U4540                | B2 ^ -> ZN v | OAI21_X1  | 0.030 |   3.103 |    4.271 | 
     | U4541                | C2 v -> ZN ^ | AOI222_X1 | 0.097 |   3.200 |    4.368 | 
     | U4542                | A ^ -> ZN v  | OAI21_X1  | 0.027 |   3.226 |    4.394 | 
     | U4543                | B v -> ZN ^  | OAI211_X1 | 0.031 |   3.257 |    4.425 | 
     | U4594                | A4 ^ -> ZN v | NOR4_X1   | 0.022 |   3.279 |    4.447 | 
     | U4639                | B1 v -> ZN ^ | OAI21_X1  | 0.029 |   3.308 |    4.476 | 
     | U4640                | A1 ^ -> ZN v | NAND2_X1  | 0.020 |   3.327 |    4.495 | 
     | U4643                | B2 v -> ZN ^ | OAI21_X1  | 0.032 |   3.360 |    4.528 | 
     | U4644                | A ^ -> ZN v  | OAI21_X1  | 0.021 |   3.380 |    4.549 | 
     | U4645                | A v -> ZN ^  | OAI21_X1  | 0.021 |   3.401 |    4.569 | 
     | U4646                | B2 ^ -> ZN v | OAI21_X1  | 0.024 |   3.425 |    4.593 | 
     | U2093                | A2 v -> ZN ^ | NOR2_X1   | 0.055 |   3.480 |    4.648 | 
     | U2103                | A ^ -> ZN v  | INV_X1    | 0.010 |   3.490 |    4.658 | 
     | U2105                | B2 v -> ZN ^ | OAI21_X1  | 0.030 |   3.519 |    4.687 | 
     | p_reg_Y_temp_reg_60_ | D ^          | DFF_X1    | 0.000 |   3.519 |    4.688 | 
     +------------------------------------------------------------------------------+ 
Path 5: MET Setup Check with Pin p_reg_Y_temp_reg_59_/CK 
Endpoint:   p_reg_Y_temp_reg_59_/D (^) checked with  leading edge of 'CLK'
Beginpoint: A_reg_Y_temp_reg_3_/Q  (^) triggered by  leading edge of 'CLK'
Path Groups: {CLK}
Analysis View: default
Other End Arrival Time          0.050
- Setup                         0.032
+ Phase Shift                   4.716
- Uncertainty                   0.050
= Required Time                 4.684
- Arrival Time                  3.514
= Slack Time                    1.171
     Clock Rise Edge                 0.000
     + Clock Network Latency (Ideal) 0.050
     = Beginpoint Arrival Time       0.050
     +------------------------------------------------------------------------------+ 
     |       Instance       |     Arc      |   Cell    | Delay | Arrival | Required | 
     |                      |              |           |       |  Time   |   Time   | 
     |----------------------+--------------+-----------+-------+---------+----------| 
     | A_reg_Y_temp_reg_3_  | CK ^         |           |       |   0.050 |    1.221 | 
     | A_reg_Y_temp_reg_3_  | CK ^ -> Q ^  | DFF_X1    | 0.170 |   0.220 |    1.391 | 
     | FE_OFC84_A_i_3       | A ^ -> Z ^   | CLKBUF_X1 | 0.164 |   0.384 |    1.554 | 
     | U2506                | A ^ -> ZN v  | INV_X1    | 0.081 |   0.464 |    1.635 | 
     | U2525                | A2 v -> ZN ^ | NAND2_X1  | 0.034 |   0.498 |    1.669 | 
     | U2526                | A ^ -> ZN v  | OAI221_X1 | 0.042 |   0.541 |    1.711 | 
     | U2529                | A v -> Z v   | XOR2_X1   | 0.065 |   0.606 |    1.777 | 
     | U2553                | B v -> S ^   | FA_X1     | 0.129 |   0.735 |    1.905 | 
     | U2536                | A ^ -> ZN v  | INV_X1    | 0.012 |   0.746 |    1.917 | 
     | U2537                | A2 v -> ZN ^ | NOR2_X1   | 0.056 |   0.803 |    1.973 | 
     | U2715                | A ^ -> ZN v  | AOI221_X1 | 0.024 |   0.827 |    1.998 | 
     | U2717                | C1 v -> ZN ^ | AOI222_X1 | 0.100 |   0.928 |    2.098 | 
     | U2718                | B1 ^ -> ZN v | AOI222_X1 | 0.040 |   0.968 |    2.138 | 
     | U2502                | C1 v -> ZN ^ | AOI222_X4 | 0.141 |   1.109 |    2.279 | 
     | U2721                | B1 ^ -> ZN v | AOI21_X1  | 0.019 |   1.128 |    2.299 | 
     | U2722                | C1 v -> ZN ^ | AOI222_X1 | 0.100 |   1.229 |    2.399 | 
     | U2725                | B2 ^ -> ZN v | AOI221_X1 | 0.034 |   1.263 |    2.433 | 
     | U2726                | A v -> ZN ^  | AOI21_X1  | 0.118 |   1.381 |    2.552 | 
     | U2727                | B1 ^ -> ZN v | AOI21_X1  | 0.029 |   1.411 |    2.581 | 
     | U2728                | C1 v -> ZN ^ | AOI222_X1 | 0.106 |   1.517 |    2.687 | 
     | U2730                | B1 ^ -> ZN v | AOI222_X1 | 0.035 |   1.552 |    2.722 | 
     | U2734                | B1 v -> ZN ^ | AOI21_X1  | 0.124 |   1.676 |    2.846 | 
     | U2735                | A ^ -> ZN v  | INV_X1    | 0.030 |   1.706 |    2.877 | 
     | U2739                | A v -> ZN ^  | AOI21_X1  | 0.047 |   1.753 |    2.924 | 
     | U2740                | A2 ^ -> ZN v | NOR2_X1   | 0.016 |   1.769 |    2.939 | 
     | U2741                | B1 v -> ZN ^ | AOI222_X1 | 0.076 |   1.845 |    3.015 | 
     | U2742                | A ^ -> ZN v  | OAI21_X1  | 0.027 |   1.871 |    3.042 | 
     | U2743                | B v -> ZN ^  | OAI211_X1 | 0.030 |   1.902 |    3.072 | 
     | U2797                | B1 ^ -> ZN v | AOI221_X1 | 0.029 |   1.931 |    3.102 | 
     | U2798                | A v -> ZN ^  | AOI21_X1  | 0.043 |   1.974 |    3.144 | 
     | U2801                | B1 ^ -> ZN v | AOI21_X1  | 0.036 |   2.010 |    3.180 | 
     | U2802                | A v -> ZN ^  | INV_X1    | 0.036 |   2.045 |    3.216 | 
     | U2804                | B2 ^ -> ZN v | OAI21_X1  | 0.024 |   2.070 |    3.240 | 
     | U2805                | C2 v -> ZN ^ | AOI222_X1 | 0.108 |   2.178 |    3.348 | 
     | U2806                | B1 ^ -> ZN v | AOI222_X1 | 0.037 |   2.215 |    3.385 | 
     | U2809                | B1 v -> ZN ^ | AOI21_X1  | 0.085 |   2.300 |    3.470 | 
     | U2810                | B2 ^ -> ZN v | AOI221_X1 | 0.041 |   2.340 |    3.511 | 
     | U2811                | C1 v -> ZN ^ | AOI222_X1 | 0.091 |   2.431 |    3.602 | 
     | U2815                | C1 ^ -> ZN v | OAI211_X1 | 0.030 |   2.462 |    3.633 | 
     | U2816                | A v -> ZN ^  | OAI21_X1  | 0.035 |   2.497 |    3.668 | 
     | U2824                | A1 ^ -> ZN ^ | OR4_X1    | 0.048 |   2.545 |    3.716 | 
     | U2920                | B1 ^ -> ZN v | AOI221_X1 | 0.027 |   2.572 |    3.742 | 
     | U2921                | A v -> ZN ^  | AOI21_X1  | 0.059 |   2.631 |    3.802 | 
     | U2924                | B1 ^ -> ZN v | AOI21_X1  | 0.052 |   2.683 |    3.854 | 
     | U3806                | B1 v -> ZN ^ | AOI22_X1  | 0.051 |   2.734 |    3.904 | 
     | U3809                | A1 ^ -> ZN v | AOI22_X1  | 0.023 |   2.757 |    3.928 | 
     | U3810                | B1 v -> ZN ^ | AOI222_X1 | 0.078 |   2.835 |    4.005 | 
     | U3813                | B1 ^ -> ZN v | AOI21_X1  | 0.051 |   2.886 |    4.056 | 
     | U4463                | B1 v -> ZN ^ | AOI22_X1  | 0.050 |   2.936 |    4.106 | 
     | U4464                | A1 ^ -> ZN v | NAND2_X1  | 0.017 |   2.953 |    4.123 | 
     | U4465                | A v -> ZN ^  | OAI21_X1  | 0.024 |   2.977 |    4.147 | 
     | U4467                | C1 ^ -> ZN v | AOI222_X1 | 0.030 |   3.007 |    4.178 | 
     | U4468                | B2 v -> ZN ^ | OAI21_X1  | 0.065 |   3.073 |    4.243 | 
     | U4540                | B2 ^ -> ZN v | OAI21_X1  | 0.030 |   3.103 |    4.273 | 
     | U4541                | C2 v -> ZN ^ | AOI222_X1 | 0.097 |   3.200 |    4.370 | 
     | U4542                | A ^ -> ZN v  | OAI21_X1  | 0.027 |   3.226 |    4.397 | 
     | U4543                | B v -> ZN ^  | OAI211_X1 | 0.031 |   3.257 |    4.428 | 
     | U4594                | A4 ^ -> ZN v | NOR4_X1   | 0.022 |   3.279 |    4.449 | 
     | U4599                | A1 v -> ZN ^ | NOR2_X1   | 0.040 |   3.319 |    4.490 | 
     | U4602                | A1 ^ -> ZN v | NAND3_X1  | 0.030 |   3.349 |    4.519 | 
     | U4614                | A v -> ZN ^  | INV_X1    | 0.021 |   3.369 |    4.540 | 
     | U4618                | A2 ^ -> ZN v | NAND2_X1  | 0.023 |   3.392 |    4.563 | 
     | U4631                | A2 v -> ZN ^ | NOR2_X1   | 0.030 |   3.423 |    4.593 | 
     | U4632                | A ^ -> ZN v  | AOI211_X1 | 0.017 |   3.440 |    4.610 | 
     | U4638                | A v -> ZN v  | XNOR2_X1  | 0.041 |   3.480 |    4.651 | 
     | U2109                | A2 v -> ZN ^ | OAI22_X1  | 0.033 |   3.513 |    4.684 | 
     | p_reg_Y_temp_reg_59_ | D ^          | DFF_X1    | 0.000 |   3.514 |    4.684 | 
     +------------------------------------------------------------------------------+ 
Path 6: MET Setup Check with Pin p_reg_Y_temp_reg_58_/CK 
Endpoint:   p_reg_Y_temp_reg_58_/D (^) checked with  leading edge of 'CLK'
Beginpoint: A_reg_Y_temp_reg_3_/Q  (^) triggered by  leading edge of 'CLK'
Path Groups: {CLK}
Analysis View: default
Other End Arrival Time          0.050
- Setup                         0.032
+ Phase Shift                   4.716
- Uncertainty                   0.050
= Required Time                 4.684
- Arrival Time                  3.467
= Slack Time                    1.218
     Clock Rise Edge                 0.000
     + Clock Network Latency (Ideal) 0.050
     = Beginpoint Arrival Time       0.050
     +------------------------------------------------------------------------------+ 
     |       Instance       |     Arc      |   Cell    | Delay | Arrival | Required | 
     |                      |              |           |       |  Time   |   Time   | 
     |----------------------+--------------+-----------+-------+---------+----------| 
     | A_reg_Y_temp_reg_3_  | CK ^         |           |       |   0.050 |    1.267 | 
     | A_reg_Y_temp_reg_3_  | CK ^ -> Q ^  | DFF_X1    | 0.170 |   0.220 |    1.438 | 
     | FE_OFC84_A_i_3       | A ^ -> Z ^   | CLKBUF_X1 | 0.164 |   0.384 |    1.601 | 
     | U2506                | A ^ -> ZN v  | INV_X1    | 0.081 |   0.464 |    1.682 | 
     | U2525                | A2 v -> ZN ^ | NAND2_X1  | 0.034 |   0.498 |    1.716 | 
     | U2526                | A ^ -> ZN v  | OAI221_X1 | 0.042 |   0.541 |    1.758 | 
     | U2529                | A v -> Z v   | XOR2_X1   | 0.065 |   0.606 |    1.824 | 
     | U2553                | B v -> S ^   | FA_X1     | 0.129 |   0.735 |    1.952 | 
     | U2536                | A ^ -> ZN v  | INV_X1    | 0.012 |   0.746 |    1.964 | 
     | U2537                | A2 v -> ZN ^ | NOR2_X1   | 0.056 |   0.803 |    2.020 | 
     | U2715                | A ^ -> ZN v  | AOI221_X1 | 0.024 |   0.827 |    2.045 | 
     | U2717                | C1 v -> ZN ^ | AOI222_X1 | 0.100 |   0.928 |    2.145 | 
     | U2718                | B1 ^ -> ZN v | AOI222_X1 | 0.040 |   0.968 |    2.185 | 
     | U2502                | C1 v -> ZN ^ | AOI222_X4 | 0.141 |   1.109 |    2.326 | 
     | U2721                | B1 ^ -> ZN v | AOI21_X1  | 0.019 |   1.128 |    2.346 | 
     | U2722                | C1 v -> ZN ^ | AOI222_X1 | 0.100 |   1.229 |    2.446 | 
     | U2725                | B2 ^ -> ZN v | AOI221_X1 | 0.034 |   1.263 |    2.480 | 
     | U2726                | A v -> ZN ^  | AOI21_X1  | 0.118 |   1.381 |    2.599 | 
     | U2727                | B1 ^ -> ZN v | AOI21_X1  | 0.029 |   1.411 |    2.628 | 
     | U2728                | C1 v -> ZN ^ | AOI222_X1 | 0.106 |   1.517 |    2.734 | 
     | U2730                | B1 ^ -> ZN v | AOI222_X1 | 0.035 |   1.552 |    2.769 | 
     | U2734                | B1 v -> ZN ^ | AOI21_X1  | 0.124 |   1.676 |    2.893 | 
     | U2735                | A ^ -> ZN v  | INV_X1    | 0.030 |   1.706 |    2.923 | 
     | U2739                | A v -> ZN ^  | AOI21_X1  | 0.047 |   1.753 |    2.971 | 
     | U2740                | A2 ^ -> ZN v | NOR2_X1   | 0.016 |   1.769 |    2.986 | 
     | U2741                | B1 v -> ZN ^ | AOI222_X1 | 0.076 |   1.845 |    3.062 | 
     | U2742                | A ^ -> ZN v  | OAI21_X1  | 0.027 |   1.871 |    3.089 | 
     | U2743                | B v -> ZN ^  | OAI211_X1 | 0.030 |   1.902 |    3.119 | 
     | U2797                | B1 ^ -> ZN v | AOI221_X1 | 0.029 |   1.931 |    3.148 | 
     | U2798                | A v -> ZN ^  | AOI21_X1  | 0.043 |   1.974 |    3.191 | 
     | U2801                | B1 ^ -> ZN v | AOI21_X1  | 0.036 |   2.010 |    3.227 | 
     | U2802                | A v -> ZN ^  | INV_X1    | 0.036 |   2.045 |    3.263 | 
     | U2804                | B2 ^ -> ZN v | OAI21_X1  | 0.024 |   2.070 |    3.287 | 
     | U2805                | C2 v -> ZN ^ | AOI222_X1 | 0.108 |   2.178 |    3.395 | 
     | U2806                | B1 ^ -> ZN v | AOI222_X1 | 0.037 |   2.215 |    3.432 | 
     | U2809                | B1 v -> ZN ^ | AOI21_X1  | 0.085 |   2.300 |    3.517 | 
     | U2810                | B2 ^ -> ZN v | AOI221_X1 | 0.041 |   2.340 |    3.558 | 
     | U2811                | C1 v -> ZN ^ | AOI222_X1 | 0.091 |   2.431 |    3.649 | 
     | U2815                | C1 ^ -> ZN v | OAI211_X1 | 0.030 |   2.462 |    3.679 | 
     | U2816                | A v -> ZN ^  | OAI21_X1  | 0.035 |   2.497 |    3.715 | 
     | U2824                | A1 ^ -> ZN ^ | OR4_X1    | 0.048 |   2.545 |    3.763 | 
     | U2920                | B1 ^ -> ZN v | AOI221_X1 | 0.027 |   2.572 |    3.789 | 
     | U2921                | A v -> ZN ^  | AOI21_X1  | 0.059 |   2.631 |    3.849 | 
     | U2924                | B1 ^ -> ZN v | AOI21_X1  | 0.052 |   2.683 |    3.901 | 
     | U3806                | B1 v -> ZN ^ | AOI22_X1  | 0.051 |   2.734 |    3.951 | 
     | U3809                | A1 ^ -> ZN v | AOI22_X1  | 0.023 |   2.757 |    3.975 | 
     | U3810                | B1 v -> ZN ^ | AOI222_X1 | 0.078 |   2.835 |    4.052 | 
     | U3813                | B1 ^ -> ZN v | AOI21_X1  | 0.051 |   2.886 |    4.103 | 
     | U4463                | B1 v -> ZN ^ | AOI22_X1  | 0.050 |   2.936 |    4.153 | 
     | U4464                | A1 ^ -> ZN v | NAND2_X1  | 0.017 |   2.953 |    4.170 | 
     | U4465                | A v -> ZN ^  | OAI21_X1  | 0.024 |   2.977 |    4.194 | 
     | U4467                | C1 ^ -> ZN v | AOI222_X1 | 0.030 |   3.007 |    4.225 | 
     | U4468                | B2 v -> ZN ^ | OAI21_X1  | 0.065 |   3.073 |    4.290 | 
     | U4540                | B2 ^ -> ZN v | OAI21_X1  | 0.030 |   3.103 |    4.320 | 
     | U4541                | C2 v -> ZN ^ | AOI222_X1 | 0.097 |   3.200 |    4.417 | 
     | U4542                | A ^ -> ZN v  | OAI21_X1  | 0.027 |   3.226 |    4.444 | 
     | U4543                | B v -> ZN ^  | OAI211_X1 | 0.031 |   3.257 |    4.475 | 
     | U4594                | A4 ^ -> ZN v | NOR4_X1   | 0.022 |   3.279 |    4.496 | 
     | U4599                | A1 v -> ZN ^ | NOR2_X1   | 0.040 |   3.319 |    4.537 | 
     | U4602                | A1 ^ -> ZN v | NAND3_X1  | 0.030 |   3.349 |    4.566 | 
     | U4614                | A v -> ZN ^  | INV_X1    | 0.021 |   3.369 |    4.587 | 
     | U4618                | A2 ^ -> ZN v | NAND2_X1  | 0.023 |   3.392 |    4.610 | 
     | U4629                | B v -> ZN v  | XNOR2_X1  | 0.042 |   3.434 |    4.652 | 
     | U2112                | A2 v -> ZN ^ | OAI22_X1  | 0.032 |   3.466 |    4.684 | 
     | p_reg_Y_temp_reg_58_ | D ^          | DFF_X1    | 0.000 |   3.467 |    4.684 | 
     +------------------------------------------------------------------------------+ 
Path 7: MET Setup Check with Pin p_reg_Y_temp_reg_55_/CK 
Endpoint:   p_reg_Y_temp_reg_55_/D (v) checked with  leading edge of 'CLK'
Beginpoint: A_reg_Y_temp_reg_3_/Q  (^) triggered by  leading edge of 'CLK'
Path Groups: {CLK}
Analysis View: default
Other End Arrival Time          0.050
- Setup                         0.031
+ Phase Shift                   4.716
- Uncertainty                   0.050
= Required Time                 4.685
- Arrival Time                  3.453
= Slack Time                    1.232
     Clock Rise Edge                 0.000
     + Clock Network Latency (Ideal) 0.050
     = Beginpoint Arrival Time       0.050
     +------------------------------------------------------------------------------+ 
     |       Instance       |     Arc      |   Cell    | Delay | Arrival | Required | 
     |                      |              |           |       |  Time   |   Time   | 
     |----------------------+--------------+-----------+-------+---------+----------| 
     | A_reg_Y_temp_reg_3_  | CK ^         |           |       |   0.050 |    1.282 | 
     | A_reg_Y_temp_reg_3_  | CK ^ -> Q ^  | DFF_X1    | 0.170 |   0.220 |    1.452 | 
     | FE_OFC84_A_i_3       | A ^ -> Z ^   | CLKBUF_X1 | 0.164 |   0.384 |    1.616 | 
     | U2506                | A ^ -> ZN v  | INV_X1    | 0.081 |   0.464 |    1.696 | 
     | U2525                | A2 v -> ZN ^ | NAND2_X1  | 0.034 |   0.498 |    1.731 | 
     | U2526                | A ^ -> ZN v  | OAI221_X1 | 0.042 |   0.541 |    1.773 | 
     | U2529                | A v -> Z v   | XOR2_X1   | 0.065 |   0.606 |    1.838 | 
     | U2553                | B v -> S ^   | FA_X1     | 0.129 |   0.735 |    1.967 | 
     | U2536                | A ^ -> ZN v  | INV_X1    | 0.012 |   0.746 |    1.979 | 
     | U2537                | A2 v -> ZN ^ | NOR2_X1   | 0.056 |   0.803 |    2.035 | 
     | U2715                | A ^ -> ZN v  | AOI221_X1 | 0.024 |   0.827 |    2.059 | 
     | U2717                | C1 v -> ZN ^ | AOI222_X1 | 0.100 |   0.928 |    2.160 | 
     | U2718                | B1 ^ -> ZN v | AOI222_X1 | 0.040 |   0.968 |    2.200 | 
     | U2502                | C1 v -> ZN ^ | AOI222_X4 | 0.141 |   1.109 |    2.341 | 
     | U2721                | B1 ^ -> ZN v | AOI21_X1  | 0.019 |   1.128 |    2.360 | 
     | U2722                | C1 v -> ZN ^ | AOI222_X1 | 0.100 |   1.229 |    2.461 | 
     | U2725                | B2 ^ -> ZN v | AOI221_X1 | 0.034 |   1.263 |    2.495 | 
     | U2726                | A v -> ZN ^  | AOI21_X1  | 0.118 |   1.381 |    2.613 | 
     | U2727                | B1 ^ -> ZN v | AOI21_X1  | 0.029 |   1.411 |    2.643 | 
     | U2728                | C1 v -> ZN ^ | AOI222_X1 | 0.106 |   1.517 |    2.749 | 
     | U2730                | B1 ^ -> ZN v | AOI222_X1 | 0.035 |   1.552 |    2.784 | 
     | U2734                | B1 v -> ZN ^ | AOI21_X1  | 0.124 |   1.676 |    2.908 | 
     | U2735                | A ^ -> ZN v  | INV_X1    | 0.030 |   1.706 |    2.938 | 
     | U2739                | A v -> ZN ^  | AOI21_X1  | 0.047 |   1.753 |    2.985 | 
     | U2740                | A2 ^ -> ZN v | NOR2_X1   | 0.016 |   1.769 |    3.001 | 
     | U2741                | B1 v -> ZN ^ | AOI222_X1 | 0.076 |   1.845 |    3.077 | 
     | U2742                | A ^ -> ZN v  | OAI21_X1  | 0.027 |   1.871 |    3.103 | 
     | U2743                | B v -> ZN ^  | OAI211_X1 | 0.030 |   1.902 |    3.134 | 
     | U2797                | B1 ^ -> ZN v | AOI221_X1 | 0.029 |   1.931 |    3.163 | 
     | U2798                | A v -> ZN ^  | AOI21_X1  | 0.043 |   1.974 |    3.206 | 
     | U2801                | B1 ^ -> ZN v | AOI21_X1  | 0.036 |   2.010 |    3.242 | 
     | U2802                | A v -> ZN ^  | INV_X1    | 0.036 |   2.045 |    3.277 | 
     | U2804                | B2 ^ -> ZN v | OAI21_X1  | 0.024 |   2.070 |    3.302 | 
     | U2805                | C2 v -> ZN ^ | AOI222_X1 | 0.108 |   2.178 |    3.410 | 
     | U2806                | B1 ^ -> ZN v | AOI222_X1 | 0.037 |   2.215 |    3.447 | 
     | U2809                | B1 v -> ZN ^ | AOI21_X1  | 0.085 |   2.300 |    3.532 | 
     | U2810                | B2 ^ -> ZN v | AOI221_X1 | 0.041 |   2.340 |    3.572 | 
     | U2811                | C1 v -> ZN ^ | AOI222_X1 | 0.091 |   2.431 |    3.664 | 
     | U2815                | C1 ^ -> ZN v | OAI211_X1 | 0.030 |   2.462 |    3.694 | 
     | U2816                | A v -> ZN ^  | OAI21_X1  | 0.035 |   2.497 |    3.729 | 
     | U2824                | A1 ^ -> ZN ^ | OR4_X1    | 0.048 |   2.545 |    3.777 | 
     | U2920                | B1 ^ -> ZN v | AOI221_X1 | 0.027 |   2.572 |    3.804 | 
     | U2921                | A v -> ZN ^  | AOI21_X1  | 0.059 |   2.631 |    3.863 | 
     | U2924                | B1 ^ -> ZN v | AOI21_X1  | 0.052 |   2.683 |    3.915 | 
     | U3806                | B1 v -> ZN ^ | AOI22_X1  | 0.051 |   2.734 |    3.966 | 
     | U3809                | A1 ^ -> ZN v | AOI22_X1  | 0.023 |   2.757 |    3.989 | 
     | U3810                | B1 v -> ZN ^ | AOI222_X1 | 0.078 |   2.835 |    4.067 | 
     | U3813                | B1 ^ -> ZN v | AOI21_X1  | 0.051 |   2.886 |    4.118 | 
     | U4463                | B1 v -> ZN ^ | AOI22_X1  | 0.050 |   2.936 |    4.168 | 
     | U4464                | A1 ^ -> ZN v | NAND2_X1  | 0.017 |   2.953 |    4.185 | 
     | U4465                | A v -> ZN ^  | OAI21_X1  | 0.024 |   2.977 |    4.209 | 
     | U4467                | C1 ^ -> ZN v | AOI222_X1 | 0.030 |   3.007 |    4.239 | 
     | U4468                | B2 v -> ZN ^ | OAI21_X1  | 0.065 |   3.073 |    4.305 | 
     | U4540                | B2 ^ -> ZN v | OAI21_X1  | 0.030 |   3.103 |    4.335 | 
     | U4541                | C2 v -> ZN ^ | AOI222_X1 | 0.097 |   3.200 |    4.432 | 
     | U4542                | A ^ -> ZN v  | OAI21_X1  | 0.027 |   3.226 |    4.458 | 
     | U4543                | B v -> ZN ^  | OAI211_X1 | 0.031 |   3.257 |    4.489 | 
     | U4544                | A1 ^ -> ZN v | NAND2_X1  | 0.025 |   3.282 |    4.515 | 
     | U4565                | A1 v -> ZN ^ | NOR2_X1   | 0.034 |   3.316 |    4.548 | 
     | U4567                | A1 ^ -> ZN v | NAND2_X1  | 0.027 |   3.343 |    4.575 | 
     | U4577                | A2 v -> ZN ^ | NOR2_X1   | 0.035 |   3.378 |    4.610 | 
     | U4582                | A ^ -> Z ^   | XOR2_X1   | 0.053 |   3.430 |    4.663 | 
     | U2122                | A2 ^ -> ZN v | OAI22_X1  | 0.023 |   3.453 |    4.685 | 
     | p_reg_Y_temp_reg_55_ | D v          | DFF_X1    | 0.000 |   3.453 |    4.685 | 
     +------------------------------------------------------------------------------+ 
Path 8: MET Setup Check with Pin p_reg_Y_temp_reg_57_/CK 
Endpoint:   p_reg_Y_temp_reg_57_/D (v) checked with  leading edge of 'CLK'
Beginpoint: A_reg_Y_temp_reg_3_/Q  (^) triggered by  leading edge of 'CLK'
Path Groups: {CLK}
Analysis View: default
Other End Arrival Time          0.050
- Setup                         0.031
+ Phase Shift                   4.716
- Uncertainty                   0.050
= Required Time                 4.685
- Arrival Time                  3.438
= Slack Time                    1.247
     Clock Rise Edge                 0.000
     + Clock Network Latency (Ideal) 0.050
     = Beginpoint Arrival Time       0.050
     +------------------------------------------------------------------------------+ 
     |       Instance       |     Arc      |   Cell    | Delay | Arrival | Required | 
     |                      |              |           |       |  Time   |   Time   | 
     |----------------------+--------------+-----------+-------+---------+----------| 
     | A_reg_Y_temp_reg_3_  | CK ^         |           |       |   0.050 |    1.297 | 
     | A_reg_Y_temp_reg_3_  | CK ^ -> Q ^  | DFF_X1    | 0.170 |   0.220 |    1.467 | 
     | FE_OFC84_A_i_3       | A ^ -> Z ^   | CLKBUF_X1 | 0.164 |   0.384 |    1.631 | 
     | U2506                | A ^ -> ZN v  | INV_X1    | 0.081 |   0.464 |    1.711 | 
     | U2525                | A2 v -> ZN ^ | NAND2_X1  | 0.034 |   0.498 |    1.745 | 
     | U2526                | A ^ -> ZN v  | OAI221_X1 | 0.042 |   0.541 |    1.788 | 
     | U2529                | A v -> Z v   | XOR2_X1   | 0.065 |   0.606 |    1.853 | 
     | U2553                | B v -> S ^   | FA_X1     | 0.129 |   0.735 |    1.982 | 
     | U2536                | A ^ -> ZN v  | INV_X1    | 0.012 |   0.746 |    1.993 | 
     | U2537                | A2 v -> ZN ^ | NOR2_X1   | 0.056 |   0.803 |    2.050 | 
     | U2715                | A ^ -> ZN v  | AOI221_X1 | 0.024 |   0.827 |    2.074 | 
     | U2717                | C1 v -> ZN ^ | AOI222_X1 | 0.100 |   0.928 |    2.174 | 
     | U2718                | B1 ^ -> ZN v | AOI222_X1 | 0.040 |   0.968 |    2.215 | 
     | U2502                | C1 v -> ZN ^ | AOI222_X4 | 0.141 |   1.109 |    2.356 | 
     | U2721                | B1 ^ -> ZN v | AOI21_X1  | 0.019 |   1.128 |    2.375 | 
     | U2722                | C1 v -> ZN ^ | AOI222_X1 | 0.100 |   1.229 |    2.475 | 
     | U2725                | B2 ^ -> ZN v | AOI221_X1 | 0.034 |   1.263 |    2.510 | 
     | U2726                | A v -> ZN ^  | AOI21_X1  | 0.118 |   1.381 |    2.628 | 
     | U2727                | B1 ^ -> ZN v | AOI21_X1  | 0.029 |   1.411 |    2.657 | 
     | U2728                | C1 v -> ZN ^ | AOI222_X1 | 0.106 |   1.517 |    2.764 | 
     | U2730                | B1 ^ -> ZN v | AOI222_X1 | 0.035 |   1.552 |    2.799 | 
     | U2734                | B1 v -> ZN ^ | AOI21_X1  | 0.124 |   1.676 |    2.923 | 
     | U2735                | A ^ -> ZN v  | INV_X1    | 0.030 |   1.706 |    2.953 | 
     | U2739                | A v -> ZN ^  | AOI21_X1  | 0.047 |   1.753 |    3.000 | 
     | U2740                | A2 ^ -> ZN v | NOR2_X1   | 0.016 |   1.769 |    3.016 | 
     | U2741                | B1 v -> ZN ^ | AOI222_X1 | 0.076 |   1.845 |    3.091 | 
     | U2742                | A ^ -> ZN v  | OAI21_X1  | 0.027 |   1.871 |    3.118 | 
     | U2743                | B v -> ZN ^  | OAI211_X1 | 0.030 |   1.902 |    3.148 | 
     | U2797                | B1 ^ -> ZN v | AOI221_X1 | 0.029 |   1.931 |    3.178 | 
     | U2798                | A v -> ZN ^  | AOI21_X1  | 0.043 |   1.974 |    3.221 | 
     | U2801                | B1 ^ -> ZN v | AOI21_X1  | 0.036 |   2.010 |    3.257 | 
     | U2802                | A v -> ZN ^  | INV_X1    | 0.036 |   2.045 |    3.292 | 
     | U2804                | B2 ^ -> ZN v | OAI21_X1  | 0.024 |   2.070 |    3.317 | 
     | U2805                | C2 v -> ZN ^ | AOI222_X1 | 0.108 |   2.178 |    3.425 | 
     | U2806                | B1 ^ -> ZN v | AOI222_X1 | 0.037 |   2.215 |    3.462 | 
     | U2809                | B1 v -> ZN ^ | AOI21_X1  | 0.085 |   2.300 |    3.547 | 
     | U2810                | B2 ^ -> ZN v | AOI221_X1 | 0.041 |   2.340 |    3.587 | 
     | U2811                | C1 v -> ZN ^ | AOI222_X1 | 0.091 |   2.431 |    3.678 | 
     | U2815                | C1 ^ -> ZN v | OAI211_X1 | 0.030 |   2.462 |    3.709 | 
     | U2816                | A v -> ZN ^  | OAI21_X1  | 0.035 |   2.497 |    3.744 | 
     | U2824                | A1 ^ -> ZN ^ | OR4_X1    | 0.048 |   2.545 |    3.792 | 
     | U2920                | B1 ^ -> ZN v | AOI221_X1 | 0.027 |   2.572 |    3.819 | 
     | U2921                | A v -> ZN ^  | AOI21_X1  | 0.059 |   2.631 |    3.878 | 
     | U2924                | B1 ^ -> ZN v | AOI21_X1  | 0.052 |   2.683 |    3.930 | 
     | U3806                | B1 v -> ZN ^ | AOI22_X1  | 0.051 |   2.734 |    3.981 | 
     | U3809                | A1 ^ -> ZN v | AOI22_X1  | 0.023 |   2.757 |    4.004 | 
     | U3810                | B1 v -> ZN ^ | AOI222_X1 | 0.078 |   2.835 |    4.082 | 
     | U3813                | B1 ^ -> ZN v | AOI21_X1  | 0.051 |   2.886 |    4.132 | 
     | U4463                | B1 v -> ZN ^ | AOI22_X1  | 0.050 |   2.936 |    4.183 | 
     | U4464                | A1 ^ -> ZN v | NAND2_X1  | 0.017 |   2.953 |    4.199 | 
     | U4465                | A v -> ZN ^  | OAI21_X1  | 0.024 |   2.977 |    4.224 | 
     | U4467                | C1 ^ -> ZN v | AOI222_X1 | 0.030 |   3.007 |    4.254 | 
     | U4468                | B2 v -> ZN ^ | OAI21_X1  | 0.065 |   3.073 |    4.320 | 
     | U4540                | B2 ^ -> ZN v | OAI21_X1  | 0.030 |   3.103 |    4.349 | 
     | U4541                | C2 v -> ZN ^ | AOI222_X1 | 0.097 |   3.200 |    4.446 | 
     | U4542                | A ^ -> ZN v  | OAI21_X1  | 0.027 |   3.226 |    4.473 | 
     | U4543                | B v -> ZN ^  | OAI211_X1 | 0.031 |   3.257 |    4.504 | 
     | U4594                | A4 ^ -> ZN v | NOR4_X1   | 0.022 |   3.279 |    4.525 | 
     | U4599                | A1 v -> ZN ^ | NOR2_X1   | 0.040 |   3.319 |    4.566 | 
     | U4602                | A1 ^ -> ZN v | NAND3_X1  | 0.030 |   3.349 |    4.596 | 
     | U4614                | A v -> ZN ^  | INV_X1    | 0.021 |   3.369 |    4.616 | 
     | U4618                | A2 ^ -> ZN v | NAND2_X1  | 0.023 |   3.392 |    4.639 | 
     | U4619                | A v -> ZN ^  | OAI21_X1  | 0.024 |   3.416 |    4.663 | 
     | U2115                | A2 ^ -> ZN v | OAI22_X1  | 0.022 |   3.438 |    4.685 | 
     | p_reg_Y_temp_reg_57_ | D v          | DFF_X1    | 0.000 |   3.438 |    4.685 | 
     +------------------------------------------------------------------------------+ 
Path 9: MET Setup Check with Pin p_reg_Y_temp_reg_54_/CK 
Endpoint:   p_reg_Y_temp_reg_54_/D (^) checked with  leading edge of 'CLK'
Beginpoint: A_reg_Y_temp_reg_3_/Q  (^) triggered by  leading edge of 'CLK'
Path Groups: {CLK}
Analysis View: default
Other End Arrival Time          0.050
- Setup                         0.032
+ Phase Shift                   4.716
- Uncertainty                   0.050
= Required Time                 4.684
- Arrival Time                  3.418
= Slack Time                    1.266
     Clock Rise Edge                 0.000
     + Clock Network Latency (Ideal) 0.050
     = Beginpoint Arrival Time       0.050
     +------------------------------------------------------------------------------+ 
     |       Instance       |     Arc      |   Cell    | Delay | Arrival | Required | 
     |                      |              |           |       |  Time   |   Time   | 
     |----------------------+--------------+-----------+-------+---------+----------| 
     | A_reg_Y_temp_reg_3_  | CK ^         |           |       |   0.050 |    1.316 | 
     | A_reg_Y_temp_reg_3_  | CK ^ -> Q ^  | DFF_X1    | 0.170 |   0.220 |    1.486 | 
     | FE_OFC84_A_i_3       | A ^ -> Z ^   | CLKBUF_X1 | 0.164 |   0.384 |    1.650 | 
     | U2506                | A ^ -> ZN v  | INV_X1    | 0.081 |   0.464 |    1.731 | 
     | U2525                | A2 v -> ZN ^ | NAND2_X1  | 0.034 |   0.498 |    1.765 | 
     | U2526                | A ^ -> ZN v  | OAI221_X1 | 0.042 |   0.541 |    1.807 | 
     | U2529                | A v -> Z v   | XOR2_X1   | 0.065 |   0.606 |    1.872 | 
     | U2553                | B v -> S ^   | FA_X1     | 0.129 |   0.735 |    2.001 | 
     | U2536                | A ^ -> ZN v  | INV_X1    | 0.012 |   0.746 |    2.013 | 
     | U2537                | A2 v -> ZN ^ | NOR2_X1   | 0.056 |   0.803 |    2.069 | 
     | U2715                | A ^ -> ZN v  | AOI221_X1 | 0.024 |   0.827 |    2.094 | 
     | U2717                | C1 v -> ZN ^ | AOI222_X1 | 0.100 |   0.928 |    2.194 | 
     | U2718                | B1 ^ -> ZN v | AOI222_X1 | 0.040 |   0.968 |    2.234 | 
     | U2502                | C1 v -> ZN ^ | AOI222_X4 | 0.141 |   1.109 |    2.375 | 
     | U2721                | B1 ^ -> ZN v | AOI21_X1  | 0.019 |   1.128 |    2.395 | 
     | U2722                | C1 v -> ZN ^ | AOI222_X1 | 0.100 |   1.229 |    2.495 | 
     | U2725                | B2 ^ -> ZN v | AOI221_X1 | 0.034 |   1.263 |    2.529 | 
     | U2726                | A v -> ZN ^  | AOI21_X1  | 0.118 |   1.381 |    2.648 | 
     | U2727                | B1 ^ -> ZN v | AOI21_X1  | 0.029 |   1.411 |    2.677 | 
     | U2728                | C1 v -> ZN ^ | AOI222_X1 | 0.106 |   1.517 |    2.783 | 
     | U2730                | B1 ^ -> ZN v | AOI222_X1 | 0.035 |   1.552 |    2.818 | 
     | U2734                | B1 v -> ZN ^ | AOI21_X1  | 0.124 |   1.676 |    2.942 | 
     | U2735                | A ^ -> ZN v  | INV_X1    | 0.030 |   1.706 |    2.972 | 
     | U2739                | A v -> ZN ^  | AOI21_X1  | 0.047 |   1.753 |    3.019 | 
     | U2740                | A2 ^ -> ZN v | NOR2_X1   | 0.016 |   1.769 |    3.035 | 
     | U2741                | B1 v -> ZN ^ | AOI222_X1 | 0.076 |   1.845 |    3.111 | 
     | U2742                | A ^ -> ZN v  | OAI21_X1  | 0.027 |   1.871 |    3.138 | 
     | U2743                | B v -> ZN ^  | OAI211_X1 | 0.030 |   1.902 |    3.168 | 
     | U2797                | B1 ^ -> ZN v | AOI221_X1 | 0.029 |   1.931 |    3.197 | 
     | U2798                | A v -> ZN ^  | AOI21_X1  | 0.043 |   1.974 |    3.240 | 
     | U2801                | B1 ^ -> ZN v | AOI21_X1  | 0.036 |   2.010 |    3.276 | 
     | U2802                | A v -> ZN ^  | INV_X1    | 0.036 |   2.045 |    3.312 | 
     | U2804                | B2 ^ -> ZN v | OAI21_X1  | 0.024 |   2.070 |    3.336 | 
     | U2805                | C2 v -> ZN ^ | AOI222_X1 | 0.108 |   2.178 |    3.444 | 
     | U2806                | B1 ^ -> ZN v | AOI222_X1 | 0.037 |   2.215 |    3.481 | 
     | U2809                | B1 v -> ZN ^ | AOI21_X1  | 0.085 |   2.300 |    3.566 | 
     | U2810                | B2 ^ -> ZN v | AOI221_X1 | 0.041 |   2.340 |    3.607 | 
     | U2811                | C1 v -> ZN ^ | AOI222_X1 | 0.091 |   2.431 |    3.698 | 
     | U2815                | C1 ^ -> ZN v | OAI211_X1 | 0.030 |   2.462 |    3.728 | 
     | U2816                | A v -> ZN ^  | OAI21_X1  | 0.035 |   2.497 |    3.763 | 
     | U2824                | A1 ^ -> ZN ^ | OR4_X1    | 0.048 |   2.545 |    3.812 | 
     | U2920                | B1 ^ -> ZN v | AOI221_X1 | 0.027 |   2.572 |    3.838 | 
     | U2921                | A v -> ZN ^  | AOI21_X1  | 0.059 |   2.631 |    3.898 | 
     | U2924                | B1 ^ -> ZN v | AOI21_X1  | 0.052 |   2.683 |    3.949 | 
     | U3806                | B1 v -> ZN ^ | AOI22_X1  | 0.051 |   2.734 |    4.000 | 
     | U3809                | A1 ^ -> ZN v | AOI22_X1  | 0.023 |   2.757 |    4.023 | 
     | U3810                | B1 v -> ZN ^ | AOI222_X1 | 0.078 |   2.835 |    4.101 | 
     | U3813                | B1 ^ -> ZN v | AOI21_X1  | 0.051 |   2.886 |    4.152 | 
     | U4463                | B1 v -> ZN ^ | AOI22_X1  | 0.050 |   2.936 |    4.202 | 
     | U4464                | A1 ^ -> ZN v | NAND2_X1  | 0.017 |   2.953 |    4.219 | 
     | U4465                | A v -> ZN ^  | OAI21_X1  | 0.024 |   2.977 |    4.243 | 
     | U4467                | C1 ^ -> ZN v | AOI222_X1 | 0.030 |   3.007 |    4.274 | 
     | U4468                | B2 v -> ZN ^ | OAI21_X1  | 0.065 |   3.073 |    4.339 | 
     | U4540                | B2 ^ -> ZN v | OAI21_X1  | 0.030 |   3.103 |    4.369 | 
     | U4541                | C2 v -> ZN ^ | AOI222_X1 | 0.097 |   3.200 |    4.466 | 
     | U4542                | A ^ -> ZN v  | OAI21_X1  | 0.027 |   3.226 |    4.493 | 
     | U4543                | B v -> ZN ^  | OAI211_X1 | 0.031 |   3.257 |    4.523 | 
     | U4544                | A1 ^ -> ZN v | NAND2_X1  | 0.025 |   3.282 |    4.549 | 
     | U4565                | A1 v -> ZN ^ | NOR2_X1   | 0.034 |   3.316 |    4.583 | 
     | U4567                | A1 ^ -> ZN v | NAND2_X1  | 0.027 |   3.343 |    4.609 | 
     | U4576                | B v -> ZN v  | XNOR2_X1  | 0.044 |   3.387 |    4.653 | 
     | U2125                | A2 v -> ZN ^ | OAI22_X1  | 0.031 |   3.418 |    4.684 | 
     | p_reg_Y_temp_reg_54_ | D ^          | DFF_X1    | 0.000 |   3.418 |    4.684 | 
     +------------------------------------------------------------------------------+ 
Path 10: MET Setup Check with Pin p_reg_Y_temp_reg_56_/CK 
Endpoint:   p_reg_Y_temp_reg_56_/D (v) checked with  leading edge of 'CLK'
Beginpoint: A_reg_Y_temp_reg_3_/Q  (^) triggered by  leading edge of 'CLK'
Path Groups: {CLK}
Analysis View: default
Other End Arrival Time          0.050
- Setup                         0.031
+ Phase Shift                   4.716
- Uncertainty                   0.050
= Required Time                 4.685
- Arrival Time                  3.404
= Slack Time                    1.282
     Clock Rise Edge                 0.000
     + Clock Network Latency (Ideal) 0.050
     = Beginpoint Arrival Time       0.050
     +------------------------------------------------------------------------------+ 
     |       Instance       |     Arc      |   Cell    | Delay | Arrival | Required | 
     |                      |              |           |       |  Time   |   Time   | 
     |----------------------+--------------+-----------+-------+---------+----------| 
     | A_reg_Y_temp_reg_3_  | CK ^         |           |       |   0.050 |    1.332 | 
     | A_reg_Y_temp_reg_3_  | CK ^ -> Q ^  | DFF_X1    | 0.170 |   0.220 |    1.502 | 
     | FE_OFC84_A_i_3       | A ^ -> Z ^   | CLKBUF_X1 | 0.164 |   0.384 |    1.666 | 
     | U2506                | A ^ -> ZN v  | INV_X1    | 0.081 |   0.464 |    1.746 | 
     | U2525                | A2 v -> ZN ^ | NAND2_X1  | 0.034 |   0.498 |    1.780 | 
     | U2526                | A ^ -> ZN v  | OAI221_X1 | 0.042 |   0.541 |    1.823 | 
     | U2529                | A v -> Z v   | XOR2_X1   | 0.065 |   0.606 |    1.888 | 
     | U2553                | B v -> S ^   | FA_X1     | 0.129 |   0.735 |    2.017 | 
     | U2536                | A ^ -> ZN v  | INV_X1    | 0.012 |   0.746 |    2.028 | 
     | U2537                | A2 v -> ZN ^ | NOR2_X1   | 0.056 |   0.803 |    2.085 | 
     | U2715                | A ^ -> ZN v  | AOI221_X1 | 0.024 |   0.827 |    2.109 | 
     | U2717                | C1 v -> ZN ^ | AOI222_X1 | 0.100 |   0.928 |    2.209 | 
     | U2718                | B1 ^ -> ZN v | AOI222_X1 | 0.040 |   0.968 |    2.249 | 
     | U2502                | C1 v -> ZN ^ | AOI222_X4 | 0.141 |   1.109 |    2.391 | 
     | U2721                | B1 ^ -> ZN v | AOI21_X1  | 0.019 |   1.128 |    2.410 | 
     | U2722                | C1 v -> ZN ^ | AOI222_X1 | 0.100 |   1.229 |    2.510 | 
     | U2725                | B2 ^ -> ZN v | AOI221_X1 | 0.034 |   1.263 |    2.545 | 
     | U2726                | A v -> ZN ^  | AOI21_X1  | 0.118 |   1.381 |    2.663 | 
     | U2727                | B1 ^ -> ZN v | AOI21_X1  | 0.029 |   1.411 |    2.692 | 
     | U2728                | C1 v -> ZN ^ | AOI222_X1 | 0.106 |   1.517 |    2.799 | 
     | U2730                | B1 ^ -> ZN v | AOI222_X1 | 0.035 |   1.552 |    2.834 | 
     | U2734                | B1 v -> ZN ^ | AOI21_X1  | 0.124 |   1.676 |    2.958 | 
     | U2735                | A ^ -> ZN v  | INV_X1    | 0.030 |   1.706 |    2.988 | 
     | U2739                | A v -> ZN ^  | AOI21_X1  | 0.047 |   1.753 |    3.035 | 
     | U2740                | A2 ^ -> ZN v | NOR2_X1   | 0.016 |   1.769 |    3.051 | 
     | U2741                | B1 v -> ZN ^ | AOI222_X1 | 0.076 |   1.845 |    3.126 | 
     | U2742                | A ^ -> ZN v  | OAI21_X1  | 0.027 |   1.871 |    3.153 | 
     | U2743                | B v -> ZN ^  | OAI211_X1 | 0.030 |   1.902 |    3.183 | 
     | U2797                | B1 ^ -> ZN v | AOI221_X1 | 0.029 |   1.931 |    3.213 | 
     | U2798                | A v -> ZN ^  | AOI21_X1  | 0.043 |   1.974 |    3.255 | 
     | U2801                | B1 ^ -> ZN v | AOI21_X1  | 0.036 |   2.010 |    3.291 | 
     | U2802                | A v -> ZN ^  | INV_X1    | 0.036 |   2.045 |    3.327 | 
     | U2804                | B2 ^ -> ZN v | OAI21_X1  | 0.024 |   2.070 |    3.351 | 
     | U2805                | C2 v -> ZN ^ | AOI222_X1 | 0.108 |   2.178 |    3.460 | 
     | U2806                | B1 ^ -> ZN v | AOI222_X1 | 0.037 |   2.215 |    3.496 | 
     | U2809                | B1 v -> ZN ^ | AOI21_X1  | 0.085 |   2.300 |    3.581 | 
     | U2810                | B2 ^ -> ZN v | AOI221_X1 | 0.041 |   2.340 |    3.622 | 
     | U2811                | C1 v -> ZN ^ | AOI222_X1 | 0.091 |   2.431 |    3.713 | 
     | U2815                | C1 ^ -> ZN v | OAI211_X1 | 0.030 |   2.462 |    3.744 | 
     | U2816                | A v -> ZN ^  | OAI21_X1  | 0.035 |   2.497 |    3.779 | 
     | U2824                | A1 ^ -> ZN ^ | OR4_X1    | 0.048 |   2.545 |    3.827 | 
     | U2920                | B1 ^ -> ZN v | AOI221_X1 | 0.027 |   2.572 |    3.854 | 
     | U2921                | A v -> ZN ^  | AOI21_X1  | 0.059 |   2.631 |    3.913 | 
     | U2924                | B1 ^ -> ZN v | AOI21_X1  | 0.052 |   2.683 |    3.965 | 
     | U3806                | B1 v -> ZN ^ | AOI22_X1  | 0.051 |   2.734 |    4.016 | 
     | U3809                | A1 ^ -> ZN v | AOI22_X1  | 0.023 |   2.757 |    4.039 | 
     | U3810                | B1 v -> ZN ^ | AOI222_X1 | 0.078 |   2.835 |    4.116 | 
     | U3813                | B1 ^ -> ZN v | AOI21_X1  | 0.051 |   2.886 |    4.167 | 
     | U4463                | B1 v -> ZN ^ | AOI22_X1  | 0.050 |   2.936 |    4.218 | 
     | U4464                | A1 ^ -> ZN v | NAND2_X1  | 0.017 |   2.953 |    4.234 | 
     | U4465                | A v -> ZN ^  | OAI21_X1  | 0.024 |   2.977 |    4.259 | 
     | U4467                | C1 ^ -> ZN v | AOI222_X1 | 0.030 |   3.007 |    4.289 | 
     | U4468                | B2 v -> ZN ^ | OAI21_X1  | 0.065 |   3.073 |    4.354 | 
     | U4540                | B2 ^ -> ZN v | OAI21_X1  | 0.030 |   3.103 |    4.384 | 
     | U4541                | C2 v -> ZN ^ | AOI222_X1 | 0.097 |   3.200 |    4.481 | 
     | U4542                | A ^ -> ZN v  | OAI21_X1  | 0.027 |   3.226 |    4.508 | 
     | U4543                | B v -> ZN ^  | OAI211_X1 | 0.031 |   3.257 |    4.539 | 
     | U4594                | A4 ^ -> ZN v | NOR4_X1   | 0.022 |   3.279 |    4.560 | 
     | U4599                | A1 v -> ZN ^ | NOR2_X1   | 0.040 |   3.319 |    4.601 | 
     | U4602                | A1 ^ -> ZN v | NAND3_X1  | 0.030 |   3.349 |    4.630 | 
     | U4603                | A v -> ZN ^  | OAI221_X1 | 0.028 |   3.377 |    4.659 | 
     | U2118                | A2 ^ -> ZN v | OAI22_X1  | 0.027 |   3.404 |    4.685 | 
     | p_reg_Y_temp_reg_56_ | D v          | DFF_X1    | 0.000 |   3.404 |    4.685 | 
     +------------------------------------------------------------------------------+ 

