
Power Net Detected:
        Voltage	    Name
             0V	    gnd
           1.1V	    vdd
Using Power View: default.
AAE_INFO: opIsDesignInPostRouteState() is 1
#################################################################################
# Design Stage: PostRoute
# Design Name: boothmul_registered
# Design Mode: 45nm
# Analysis Mode: MMMC OCV 
# Parasitics Mode: SPEF/RCDB 
# Signoff Settings: SI Off 
#################################################################################
Start delay calculation (fullDC) (4 T). (MEM=3460.67)
Total number of fetched objects 3418
AAE_INFO: Total number of nets for which stage creation was skipped for all views 0
End delay calculation. (MEM=3511.36 CPU=0:00:01.5 REAL=0:00:00.0)
End delay calculation (fullDC). (MEM=3511.36 CPU=0:00:01.7 REAL=0:00:00.0)
Load RC corner of view default

Begin Power Analysis

             0V	    gnd
           1.1V	    vdd

Begin Processing Timing Library for Power Calculation

Ended Processing Timing Library for Power Calculation: (cpu=0:00:00, real=0:00:00, mem(process/total/peak)=3475.02MB/7991.76MB/3475.02MB)



Begin Processing Power Net/Grid for Power Calculation

Ended Processing Power Net/Grid for Power Calculation: (cpu=0:00:00, real=0:00:00, mem(process/total/peak)=3475.02MB/7991.76MB/3475.02MB)

Begin Processing Timing Window Data for Power Calculation

CLK(212.044MHz) CK: assigning clock CLK to net CLK
Ended Processing Timing Window Data for Power Calculation: (cpu=0:00:00, real=0:00:00, mem(process/total/peak)=3479.02MB/8255.78MB/3479.02MB)

Begin Processing User Attributes

Ended Processing User Attributes: (cpu=0:00:00, real=0:00:00, mem(process/total/peak)=3479.02MB/8255.78MB/3479.02MB)

Begin Processing Signal Activity


Starting Levelizing
2026-Oct-10 22:51:16 (2026-Oct-10 20:51:16 GMT)
2026-Oct-10 22:51:16 (2026-Oct-10 20:51:16 GMT): 10%
2026-Oct-10 22:51:16 (2026-Oct-10 20:51:16 GMT): 20%
2026-Oct-10 22:51:16 (2026-Oct-10 20:51:16 GMT): 30%
2026-Oct-10 22:51:16 (2026-Oct-10 20:51:16 GMT): 40%
2026-Oct-10 22:51:16 (2026-Oct-10 20:51:16 GMT): 50%
2026-Oct-10 22:51:16 (2026-Oct-10 20:51:16 GMT): 60%
2026-Oct-10 22:51:16 (2026-Oct-10 20:51:16 GMT): 70%
2026-Oct-10 22:51:16 (2026-Oct-10 20:51:16 GMT): 80%
2026-Oct-10 22:51:16 (2026-Oct-10 20:51:16 GMT): 90%

Finished Levelizing
2026-Oct-10 22:51:16 (2026-Oct-10 20:51:16 GMT)

Starting Activity Propagation
2026-Oct-10 22:51:16 (2026-Oct-10 20:51:16 GMT)
** INFO:  (VOLTUS_POWR-1356): No default input activity has been set. Defaulting to 0.2.
Use 'set_default_switching_activity -input_activity' command to change the default activity value.

2026-Oct-10 22:51:16 (2026-Oct-10 20:51:16 GMT): 10%
2026-Oct-10 22:51:16 (2026-Oct-10 20:51:16 GMT): 20%
2026-Oct-10 22:51:16 (2026-Oct-10 20:51:16 GMT): 30%

Finished Activity Propagation
2026-Oct-10 22:51:16 (2026-Oct-10 20:51:16 GMT)
Ended Processing Signal Activity: (cpu=0:00:00, real=0:00:00, mem(process/total/peak)=3479.27MB/8255.78MB/3479.27MB)

Begin Power Computation

      ----------------------------------------------------------
      # of cell(s) missing both power/leakage table: 0
      # of cell(s) missing power table: 0
      # of cell(s) missing leakage table: 0
      ----------------------------------------------------------



Starting Calculating power
2026-Oct-10 22:51:16 (2026-Oct-10 20:51:16 GMT)
2026-Oct-10 22:51:16 (2026-Oct-10 20:51:16 GMT): 10%
2026-Oct-10 22:51:16 (2026-Oct-10 20:51:16 GMT): 20%
2026-Oct-10 22:51:16 (2026-Oct-10 20:51:16 GMT): 30%
2026-Oct-10 22:51:16 (2026-Oct-10 20:51:16 GMT): 40%
2026-Oct-10 22:51:16 (2026-Oct-10 20:51:16 GMT): 50%
2026-Oct-10 22:51:16 (2026-Oct-10 20:51:16 GMT): 60%
2026-Oct-10 22:51:16 (2026-Oct-10 20:51:16 GMT): 70%
2026-Oct-10 22:51:16 (2026-Oct-10 20:51:16 GMT): 80%
2026-Oct-10 22:51:16 (2026-Oct-10 20:51:16 GMT): 90%

Finished Calculating power
2026-Oct-10 22:51:16 (2026-Oct-10 20:51:16 GMT)
      # of MSMV cell(s) missing power_level: 0
Ended Power Computation: (cpu=0:00:00, real=0:00:00, mem(process/total/peak)=3491.38MB/8295.79MB/3491.38MB)

Begin Processing User Attributes

Begin Processing set_power
Ended Processing set_power: (cpu=0:00:00, real=0:00:00,
mem(process/total/peak)=3491.62MB/8295.79MB/3491.62MB)
Ended Processing User Attributes: (cpu=0:00:00, real=0:00:00, mem(process/total/peak)=3491.62MB/8295.79MB/3491.62MB)

Ended Power Analysis: (cpu=0:00:00, real=0:00:00, mem(process/total/peak)=3491.62MB/8295.79MB/3491.62MB)

Begin Boundary Leakage Calculation
Ended Boundary Leakage Calculation: (cpu=0:00:00, real=0:00:00,
mem(process/total/peak)=3491.62MB/8295.79MB/3491.62MB)
Begin Static Power Report Generation
*----------------------------------------------------------------------------------------
*	Innovus 23.35-s106_1 (64bit) 07/16/2025 17:52 (Linux 3.10.0-693.el7.x86_64)
*	
*
* 	Date & Time:	2026-Oct-10 22:51:16 (2026-Oct-10 20:51:16 GMT)
*
*----------------------------------------------------------------------------------------
*
*	Design: boothmul_registered
*
*	Liberty Libraries used:
*	        default: /eda/dk/nangate45/liberty/NangateOpenCellLibrary_typical_ecsm_nowlm.lib
*
*	Parasitic Files used:
*
*       Power View : default
*
*       User-Defined Activity : N.A.
*
*       Activity File: N.A.
*
*       Hierarchical Global Activity: N.A.
*
*       Global Activity: N.A.
*
*       Sequential Element Activity: 0.200000
*
*       Primary Input Activity: 0.200000
*
*       Default icg ratio: N.A.
*
*       Global Comb ClockGate Ratio: N.A.
*
*	Power Units = 1mW
*
*	Time Units = 1e-09 secs
*
*       report_power
*
-----------------------------------------------------------------------------------------
*



Total Power
-----------------------------------------------------------------------------------------
Total Internal Power:        1.25503388 	   47.9127%
Total Switching Power:       1.25380490 	   47.8658%
Total Leakage Power:         0.11057883 	    4.2215%
Total Power:                 2.61941760
-----------------------------------------------------------------------------------------


Group                           Internal   Switching     Leakage       Total  Percentage 
                                Power      Power         Power         Power  (%)        
-----------------------------------------------------------------------------------------
Sequential                         0.169     0.06597     0.01006       0.245       9.355
Macro                                  0           0           0           0           0
IO                                     0           0           0           0           0
Combinational                      1.079       1.145      0.1004       2.325       88.76
Clock (Combinational)           0.006807     0.04249   9.167e-05     0.04939       1.885
Clock (Sequential)                     0           0           0           0           0
-----------------------------------------------------------------------------------------
Total                              1.255       1.254      0.1106       2.619         100
-----------------------------------------------------------------------------------------


Rail                  Voltage   Internal   Switching     Leakage       Total  Percentage 
                                Power      Power         Power         Power  (%)        
-----------------------------------------------------------------------------------------
vdd                       1.1      1.255       1.254      0.1106       2.619         100


Clock                           Internal   Switching     Leakage       Total  Percentage 
                                Power      Power         Power         Power  (%)        
-----------------------------------------------------------------------------------------
CLK                             0.006807     0.04249   9.167e-05     0.04939       1.885
-----------------------------------------------------------------------------------------
Total                           0.006807     0.04249   9.167e-05     0.04939       1.885
-----------------------------------------------------------------------------------------
Clock: CLK
Clock Period: 0.004716 usec 
Clock Toggle Rate:   424.0882 Mhz 
Clock Static Probability:  0.5000
  
 
 
-----------------------------------------------------------------------------------------
*	Power Distribution Summary: 
*              Highest Average Power:       CTS_ccl_a_buf_00001 (CLKBUF_X3):          0.01779
*              Highest Leakage Power:                     U2502 (AOI222_X4):        0.0001508
*                Total Cap:      2.14528e-11 F
*                Total instances in design:  2773
*                Total instances in design with no power:     0
*                Total instances in design with no activty:     0

*                Total Fillers and Decap:     0
-----------------------------------------------------------------------------------------
 
** INFO:  (VOLTUS_POWR-3465): There are 0 decaps and 0 fillers in the design

Ended Static Power Report Generation: (cpu=0:00:00, real=0:00:00,
mem(process/total/peak)=3492.62MB/8295.79MB/3492.62MB)

