###############################################################
#  Generated by:      Cadence Innovus 23.35-s106_1
#  OS:                Linux x86_64(Host ID microsys.openstack.polito)
#  Generated on:      Sat Oct 10 22:51:13 2026
#  Design:            boothmul_registered
#  Command:           report_timing -max_paths 10 > reports/10_setup_paths.rpt
###############################################################
Path 1: MET Setup Check with Pin p_reg_Y_temp_reg_63_/CK 
Endpoint:   p_reg_Y_temp_reg_63_/D (v) checked with  leading edge of 'CLK'
Beginpoint: A_reg_Y_temp_reg_3_/Q  (^) triggered by  leading edge of 'CLK'
Path Groups: {CLK}
Analysis View: default
Other End Arrival Time          0.063
- Setup                         0.027
+ Phase Shift                   4.716
+ CPPR Adjustment               0.000
- Uncertainty                   0.050
= Required Time                 4.702
- Arrival Time                  3.568
= Slack Time                    1.134
     Clock Rise Edge                 0.000
     + Clock Network Latency (Prop)  0.054
     = Beginpoint Arrival Time       0.054
     +------------------------------------------------------------------------------+ 
     |       Instance       |     Arc      |   Cell    | Delay | Arrival | Required | 
     |                      |              |           |       |  Time   |   Time   | 
     |----------------------+--------------+-----------+-------+---------+----------| 
     | A_reg_Y_temp_reg_3_  | CK ^         |           |       |   0.054 |    1.188 | 
     | A_reg_Y_temp_reg_3_  | CK ^ -> Q ^  | DFF_X1    | 0.179 |   0.233 |    1.367 | 
     | FE_OFC84_A_i_3       | A ^ -> Z ^   | CLKBUF_X1 | 0.158 |   0.391 |    1.526 | 
     | U2506                | A ^ -> ZN v  | INV_X1    | 0.083 |   0.475 |    1.609 | 
     | U2525                | A2 v -> ZN ^ | NAND2_X1  | 0.039 |   0.513 |    1.648 | 
     | U2526                | A ^ -> ZN v  | OAI221_X1 | 0.043 |   0.556 |    1.691 | 
     | U2529                | A v -> Z v   | XOR2_X1   | 0.065 |   0.621 |    1.755 | 
     | U2553                | B v -> S ^   | FA_X1     | 0.128 |   0.749 |    1.883 | 
     | U2536                | A ^ -> ZN v  | INV_X1    | 0.011 |   0.760 |    1.895 | 
     | U2537                | A2 v -> ZN ^ | NOR2_X1   | 0.057 |   0.817 |    1.951 | 
     | U2715                | A ^ -> ZN v  | AOI221_X1 | 0.025 |   0.842 |    1.976 | 
     | U2717                | C1 v -> ZN ^ | AOI222_X1 | 0.102 |   0.944 |    2.078 | 
     | U2718                | B1 ^ -> ZN v | AOI222_X1 | 0.040 |   0.984 |    2.118 | 
     | U2502                | C1 v -> ZN ^ | AOI222_X4 | 0.142 |   1.125 |    2.259 | 
     | U2721                | B1 ^ -> ZN v | AOI21_X1  | 0.019 |   1.144 |    2.278 | 
     | U2722                | C1 v -> ZN ^ | AOI222_X1 | 0.103 |   1.247 |    2.381 | 
     | U2725                | B2 ^ -> ZN v | AOI221_X1 | 0.034 |   1.281 |    2.416 | 
     | U2726                | A v -> ZN ^  | AOI21_X1  | 0.122 |   1.403 |    2.538 | 
     | U2727                | B1 ^ -> ZN v | AOI21_X1  | 0.028 |   1.432 |    2.566 | 
     | U2728                | C1 v -> ZN ^ | AOI222_X1 | 0.108 |   1.539 |    2.674 | 
     | U2730                | B1 ^ -> ZN v | AOI222_X1 | 0.035 |   1.574 |    2.709 | 
     | U2734                | B1 v -> ZN ^ | AOI21_X1  | 0.117 |   1.691 |    2.825 | 
     | U2735                | A ^ -> ZN v  | INV_X1    | 0.031 |   1.723 |    2.857 | 
     | U2739                | A v -> ZN ^  | AOI21_X1  | 0.047 |   1.769 |    2.904 | 
     | U2740                | A2 ^ -> ZN v | NOR2_X1   | 0.016 |   1.785 |    2.919 | 
     | U2741                | B1 v -> ZN ^ | AOI222_X1 | 0.076 |   1.861 |    2.996 | 
     | U2742                | A ^ -> ZN v  | OAI21_X1  | 0.027 |   1.888 |    3.023 | 
     | U2743                | B v -> ZN ^  | OAI211_X1 | 0.030 |   1.919 |    3.053 | 
     | U2797                | B1 ^ -> ZN v | AOI221_X1 | 0.029 |   1.948 |    3.082 | 
     | U2798                | A v -> ZN ^  | AOI21_X1  | 0.044 |   1.992 |    3.126 | 
     | U2801                | B1 ^ -> ZN v | AOI21_X1  | 0.036 |   2.028 |    3.162 | 
     | U2802                | A v -> ZN ^  | INV_X1    | 0.038 |   2.066 |    3.200 | 
     | U2804                | B2 ^ -> ZN v | OAI21_X1  | 0.025 |   2.090 |    3.225 | 
     | U2805                | C2 v -> ZN ^ | AOI222_X1 | 0.110 |   2.200 |    3.335 | 
     | U2806                | B1 ^ -> ZN v | AOI222_X1 | 0.036 |   2.236 |    3.371 | 
     | U2809                | B1 v -> ZN ^ | AOI21_X1  | 0.093 |   2.329 |    3.463 | 
     | U2810                | B2 ^ -> ZN v | AOI221_X1 | 0.041 |   2.370 |    3.505 | 
     | U2811                | C1 v -> ZN ^ | AOI222_X1 | 0.091 |   2.462 |    3.596 | 
     | U2815                | C1 ^ -> ZN v | OAI211_X1 | 0.028 |   2.489 |    3.624 | 
     | U2816                | A v -> ZN ^  | OAI21_X1  | 0.035 |   2.525 |    3.659 | 
     | U2824                | A1 ^ -> ZN ^ | OR4_X1    | 0.046 |   2.570 |    3.705 | 
     | U2920                | B1 ^ -> ZN v | AOI221_X1 | 0.026 |   2.596 |    3.730 | 
     | U2921                | A v -> ZN ^  | AOI21_X1  | 0.062 |   2.658 |    3.793 | 
     | U2924                | B1 ^ -> ZN v | AOI21_X1  | 0.051 |   2.709 |    3.844 | 
     | U3806                | B1 v -> ZN ^ | AOI22_X1  | 0.050 |   2.759 |    3.893 | 
     | U3809                | A1 ^ -> ZN v | AOI22_X1  | 0.022 |   2.782 |    3.916 | 
     | U3810                | B1 v -> ZN ^ | AOI222_X1 | 0.078 |   2.860 |    3.994 | 
     | U3813                | B1 ^ -> ZN v | AOI21_X1  | 0.049 |   2.909 |    4.043 | 
     | U4463                | B1 v -> ZN ^ | AOI22_X1  | 0.050 |   2.959 |    4.093 | 
     | U4464                | A1 ^ -> ZN v | NAND2_X1  | 0.017 |   2.975 |    4.110 | 
     | U4465                | A v -> ZN ^  | OAI21_X1  | 0.025 |   3.000 |    4.134 | 
     | U4467                | C1 ^ -> ZN v | AOI222_X1 | 0.031 |   3.031 |    4.165 | 
     | U4468                | B2 v -> ZN ^ | OAI21_X1  | 0.066 |   3.097 |    4.231 | 
     | U4540                | B2 ^ -> ZN v | OAI21_X1  | 0.030 |   3.127 |    4.261 | 
     | U4541                | C2 v -> ZN ^ | AOI222_X1 | 0.095 |   3.222 |    4.357 | 
     | U4542                | A ^ -> ZN v  | OAI21_X1  | 0.026 |   3.248 |    4.383 | 
     | U4543                | B v -> ZN ^  | OAI211_X1 | 0.030 |   3.278 |    4.412 | 
     | U4594                | A4 ^ -> ZN v | NOR4_X1   | 0.021 |   3.299 |    4.434 | 
     | U4639                | B1 v -> ZN ^ | OAI21_X1  | 0.028 |   3.327 |    4.462 | 
     | U4640                | A1 ^ -> ZN v | NAND2_X1  | 0.019 |   3.346 |    4.480 | 
     | U4643                | B2 v -> ZN ^ | OAI21_X1  | 0.032 |   3.378 |    4.512 | 
     | U4644                | A ^ -> ZN v  | OAI21_X1  | 0.021 |   3.399 |    4.533 | 
     | U4645                | A v -> ZN ^  | OAI21_X1  | 0.020 |   3.419 |    4.553 | 
     | U4646                | B2 ^ -> ZN v | OAI21_X1  | 0.024 |   3.443 |    4.577 | 
     | U2094                | A1 v -> ZN v | AND2_X1   | 0.039 |   3.482 |    4.616 | 
     | U2096                | B1 v -> ZN ^ | AOI222_X1 | 0.078 |   3.560 |    4.695 | 
     | U2097                | A ^ -> ZN v  | INV_X1    | 0.008 |   3.568 |    4.702 | 
     | p_reg_Y_temp_reg_63_ | D v          | DFF_X1    | 0.000 |   3.568 |    4.702 | 
     +------------------------------------------------------------------------------+ 
Path 2: MET Setup Check with Pin p_reg_Y_temp_reg_62_/CK 
Endpoint:   p_reg_Y_temp_reg_62_/D (v) checked with  leading edge of 'CLK'
Beginpoint: A_reg_Y_temp_reg_3_/Q  (^) triggered by  leading edge of 'CLK'
Path Groups: {CLK}
Analysis View: default
Other End Arrival Time          0.064
- Setup                         0.027
+ Phase Shift                   4.716
+ CPPR Adjustment               0.000
- Uncertainty                   0.050
= Required Time                 4.703
- Arrival Time                  3.569
= Slack Time                    1.135
     Clock Rise Edge                 0.000
     + Clock Network Latency (Prop)  0.054
     = Beginpoint Arrival Time       0.054
     +------------------------------------------------------------------------------+ 
     |       Instance       |     Arc      |   Cell    | Delay | Arrival | Required | 
     |                      |              |           |       |  Time   |   Time   | 
     |----------------------+--------------+-----------+-------+---------+----------| 
     | A_reg_Y_temp_reg_3_  | CK ^         |           |       |   0.054 |    1.188 | 
     | A_reg_Y_temp_reg_3_  | CK ^ -> Q ^  | DFF_X1    | 0.179 |   0.233 |    1.367 | 
     | FE_OFC84_A_i_3       | A ^ -> Z ^   | CLKBUF_X1 | 0.158 |   0.391 |    1.526 | 
     | U2506                | A ^ -> ZN v  | INV_X1    | 0.083 |   0.475 |    1.609 | 
     | U2525                | A2 v -> ZN ^ | NAND2_X1  | 0.039 |   0.513 |    1.648 | 
     | U2526                | A ^ -> ZN v  | OAI221_X1 | 0.043 |   0.556 |    1.691 | 
     | U2529                | A v -> Z v   | XOR2_X1   | 0.065 |   0.621 |    1.756 | 
     | U2553                | B v -> S ^   | FA_X1     | 0.128 |   0.749 |    1.884 | 
     | U2536                | A ^ -> ZN v  | INV_X1    | 0.011 |   0.760 |    1.895 | 
     | U2537                | A2 v -> ZN ^ | NOR2_X1   | 0.057 |   0.817 |    1.952 | 
     | U2715                | A ^ -> ZN v  | AOI221_X1 | 0.025 |   0.842 |    1.976 | 
     | U2717                | C1 v -> ZN ^ | AOI222_X1 | 0.102 |   0.944 |    2.078 | 
     | U2718                | B1 ^ -> ZN v | AOI222_X1 | 0.040 |   0.984 |    2.118 | 
     | U2502                | C1 v -> ZN ^ | AOI222_X4 | 0.142 |   1.125 |    2.260 | 
     | U2721                | B1 ^ -> ZN v | AOI21_X1  | 0.019 |   1.144 |    2.278 | 
     | U2722                | C1 v -> ZN ^ | AOI222_X1 | 0.103 |   1.247 |    2.382 | 
     | U2725                | B2 ^ -> ZN v | AOI221_X1 | 0.034 |   1.281 |    2.416 | 
     | U2726                | A v -> ZN ^  | AOI21_X1  | 0.122 |   1.403 |    2.538 | 
     | U2727                | B1 ^ -> ZN v | AOI21_X1  | 0.028 |   1.432 |    2.566 | 
     | U2728                | C1 v -> ZN ^ | AOI222_X1 | 0.108 |   1.539 |    2.674 | 
     | U2730                | B1 ^ -> ZN v | AOI222_X1 | 0.035 |   1.574 |    2.709 | 
     | U2734                | B1 v -> ZN ^ | AOI21_X1  | 0.117 |   1.691 |    2.826 | 
     | U2735                | A ^ -> ZN v  | INV_X1    | 0.031 |   1.723 |    2.857 | 
     | U2739                | A v -> ZN ^  | AOI21_X1  | 0.047 |   1.769 |    2.904 | 
     | U2740                | A2 ^ -> ZN v | NOR2_X1   | 0.016 |   1.785 |    2.920 | 
     | U2741                | B1 v -> ZN ^ | AOI222_X1 | 0.076 |   1.861 |    2.996 | 
     | U2742                | A ^ -> ZN v  | OAI21_X1  | 0.027 |   1.888 |    3.023 | 
     | U2743                | B v -> ZN ^  | OAI211_X1 | 0.030 |   1.919 |    3.053 | 
     | U2797                | B1 ^ -> ZN v | AOI221_X1 | 0.029 |   1.948 |    3.083 | 
     | U2798                | A v -> ZN ^  | AOI21_X1  | 0.044 |   1.992 |    3.126 | 
     | U2801                | B1 ^ -> ZN v | AOI21_X1  | 0.036 |   2.028 |    3.162 | 
     | U2802                | A v -> ZN ^  | INV_X1    | 0.038 |   2.066 |    3.201 | 
     | U2804                | B2 ^ -> ZN v | OAI21_X1  | 0.025 |   2.090 |    3.225 | 
     | U2805                | C2 v -> ZN ^ | AOI222_X1 | 0.110 |   2.200 |    3.335 | 
     | U2806                | B1 ^ -> ZN v | AOI222_X1 | 0.036 |   2.236 |    3.371 | 
     | U2809                | B1 v -> ZN ^ | AOI21_X1  | 0.093 |   2.329 |    3.464 | 
     | U2810                | B2 ^ -> ZN v | AOI221_X1 | 0.041 |   2.370 |    3.505 | 
     | U2811                | C1 v -> ZN ^ | AOI222_X1 | 0.091 |   2.462 |    3.596 | 
     | U2815                | C1 ^ -> ZN v | OAI211_X1 | 0.028 |   2.489 |    3.624 | 
     | U2816                | A v -> ZN ^  | OAI21_X1  | 0.035 |   2.525 |    3.659 | 
     | U2824                | A1 ^ -> ZN ^ | OR4_X1    | 0.046 |   2.570 |    3.705 | 
     | U2920                | B1 ^ -> ZN v | AOI221_X1 | 0.026 |   2.596 |    3.731 | 
     | U2921                | A v -> ZN ^  | AOI21_X1  | 0.062 |   2.658 |    3.793 | 
     | U2924                | B1 ^ -> ZN v | AOI21_X1  | 0.051 |   2.709 |    3.844 | 
     | U3806                | B1 v -> ZN ^ | AOI22_X1  | 0.050 |   2.759 |    3.894 | 
     | U3809                | A1 ^ -> ZN v | AOI22_X1  | 0.022 |   2.782 |    3.916 | 
     | U3810                | B1 v -> ZN ^ | AOI222_X1 | 0.078 |   2.860 |    3.995 | 
     | U3813                | B1 ^ -> ZN v | AOI21_X1  | 0.049 |   2.909 |    4.043 | 
     | U4463                | B1 v -> ZN ^ | AOI22_X1  | 0.050 |   2.959 |    4.093 | 
     | U4464                | A1 ^ -> ZN v | NAND2_X1  | 0.017 |   2.975 |    4.110 | 
     | U4465                | A v -> ZN ^  | OAI21_X1  | 0.025 |   3.000 |    4.135 | 
     | U4467                | C1 ^ -> ZN v | AOI222_X1 | 0.031 |   3.031 |    4.165 | 
     | U4468                | B2 v -> ZN ^ | OAI21_X1  | 0.066 |   3.097 |    4.231 | 
     | U4540                | B2 ^ -> ZN v | OAI21_X1  | 0.030 |   3.127 |    4.262 | 
     | U4541                | C2 v -> ZN ^ | AOI222_X1 | 0.095 |   3.222 |    4.357 | 
     | U4542                | A ^ -> ZN v  | OAI21_X1  | 0.026 |   3.248 |    4.383 | 
     | U4543                | B v -> ZN ^  | OAI211_X1 | 0.030 |   3.278 |    4.413 | 
     | U4594                | A4 ^ -> ZN v | NOR4_X1   | 0.021 |   3.299 |    4.434 | 
     | U4639                | B1 v -> ZN ^ | OAI21_X1  | 0.028 |   3.327 |    4.462 | 
     | U4640                | A1 ^ -> ZN v | NAND2_X1  | 0.019 |   3.346 |    4.481 | 
     | U4643                | B2 v -> ZN ^ | OAI21_X1  | 0.032 |   3.378 |    4.512 | 
     | U4644                | A ^ -> ZN v  | OAI21_X1  | 0.021 |   3.399 |    4.533 | 
     | U4645                | A v -> ZN ^  | OAI21_X1  | 0.020 |   3.419 |    4.554 | 
     | U4646                | B2 ^ -> ZN v | OAI21_X1  | 0.024 |   3.443 |    4.577 | 
     | U2094                | A1 v -> ZN v | AND2_X1   | 0.039 |   3.482 |    4.616 | 
     | U2099                | B1 v -> ZN ^ | AOI222_X1 | 0.079 |   3.560 |    4.695 | 
     | U2100                | A ^ -> ZN v  | INV_X1    | 0.008 |   3.569 |    4.703 | 
     | p_reg_Y_temp_reg_62_ | D v          | DFF_X1    | 0.000 |   3.569 |    4.703 | 
     +------------------------------------------------------------------------------+ 
Path 3: MET Setup Check with Pin p_reg_Y_temp_reg_61_/CK 
Endpoint:   p_reg_Y_temp_reg_61_/D (v) checked with  leading edge of 'CLK'
Beginpoint: A_reg_Y_temp_reg_3_/Q  (^) triggered by  leading edge of 'CLK'
Path Groups: {CLK}
Analysis View: default
Other End Arrival Time          0.064
- Setup                         0.027
+ Phase Shift                   4.716
+ CPPR Adjustment               0.000
- Uncertainty                   0.050
= Required Time                 4.704
- Arrival Time                  3.569
= Slack Time                    1.135
     Clock Rise Edge                 0.000
     + Clock Network Latency (Prop)  0.054
     = Beginpoint Arrival Time       0.054
     +------------------------------------------------------------------------------+ 
     |       Instance       |     Arc      |   Cell    | Delay | Arrival | Required | 
     |                      |              |           |       |  Time   |   Time   | 
     |----------------------+--------------+-----------+-------+---------+----------| 
     | A_reg_Y_temp_reg_3_  | CK ^         |           |       |   0.054 |    1.189 | 
     | A_reg_Y_temp_reg_3_  | CK ^ -> Q ^  | DFF_X1    | 0.179 |   0.233 |    1.368 | 
     | FE_OFC84_A_i_3       | A ^ -> Z ^   | CLKBUF_X1 | 0.158 |   0.391 |    1.526 | 
     | U2506                | A ^ -> ZN v  | INV_X1    | 0.083 |   0.475 |    1.610 | 
     | U2525                | A2 v -> ZN ^ | NAND2_X1  | 0.039 |   0.513 |    1.648 | 
     | U2526                | A ^ -> ZN v  | OAI221_X1 | 0.043 |   0.556 |    1.691 | 
     | U2529                | A v -> Z v   | XOR2_X1   | 0.065 |   0.621 |    1.756 | 
     | U2553                | B v -> S ^   | FA_X1     | 0.128 |   0.749 |    1.884 | 
     | U2536                | A ^ -> ZN v  | INV_X1    | 0.011 |   0.760 |    1.895 | 
     | U2537                | A2 v -> ZN ^ | NOR2_X1   | 0.057 |   0.817 |    1.952 | 
     | U2715                | A ^ -> ZN v  | AOI221_X1 | 0.025 |   0.842 |    1.977 | 
     | U2717                | C1 v -> ZN ^ | AOI222_X1 | 0.102 |   0.944 |    2.079 | 
     | U2718                | B1 ^ -> ZN v | AOI222_X1 | 0.040 |   0.984 |    2.119 | 
     | U2502                | C1 v -> ZN ^ | AOI222_X4 | 0.142 |   1.125 |    2.260 | 
     | U2721                | B1 ^ -> ZN v | AOI21_X1  | 0.019 |   1.144 |    2.279 | 
     | U2722                | C1 v -> ZN ^ | AOI222_X1 | 0.103 |   1.247 |    2.382 | 
     | U2725                | B2 ^ -> ZN v | AOI221_X1 | 0.034 |   1.281 |    2.416 | 
     | U2726                | A v -> ZN ^  | AOI21_X1  | 0.122 |   1.403 |    2.538 | 
     | U2727                | B1 ^ -> ZN v | AOI21_X1  | 0.028 |   1.432 |    2.567 | 
     | U2728                | C1 v -> ZN ^ | AOI222_X1 | 0.108 |   1.539 |    2.674 | 
     | U2730                | B1 ^ -> ZN v | AOI222_X1 | 0.035 |   1.574 |    2.709 | 
     | U2734                | B1 v -> ZN ^ | AOI21_X1  | 0.117 |   1.691 |    2.826 | 
     | U2735                | A ^ -> ZN v  | INV_X1    | 0.031 |   1.723 |    2.858 | 
     | U2739                | A v -> ZN ^  | AOI21_X1  | 0.047 |   1.769 |    2.904 | 
     | U2740                | A2 ^ -> ZN v | NOR2_X1   | 0.016 |   1.785 |    2.920 | 
     | U2741                | B1 v -> ZN ^ | AOI222_X1 | 0.076 |   1.861 |    2.996 | 
     | U2742                | A ^ -> ZN v  | OAI21_X1  | 0.027 |   1.888 |    3.023 | 
     | U2743                | B v -> ZN ^  | OAI211_X1 | 0.030 |   1.919 |    3.054 | 
     | U2797                | B1 ^ -> ZN v | AOI221_X1 | 0.029 |   1.948 |    3.083 | 
     | U2798                | A v -> ZN ^  | AOI21_X1  | 0.044 |   1.992 |    3.127 | 
     | U2801                | B1 ^ -> ZN v | AOI21_X1  | 0.036 |   2.028 |    3.163 | 
     | U2802                | A v -> ZN ^  | INV_X1    | 0.038 |   2.066 |    3.201 | 
     | U2804                | B2 ^ -> ZN v | OAI21_X1  | 0.025 |   2.090 |    3.225 | 
     | U2805                | C2 v -> ZN ^ | AOI222_X1 | 0.110 |   2.200 |    3.335 | 
     | U2806                | B1 ^ -> ZN v | AOI222_X1 | 0.036 |   2.236 |    3.371 | 
     | U2809                | B1 v -> ZN ^ | AOI21_X1  | 0.093 |   2.329 |    3.464 | 
     | U2810                | B2 ^ -> ZN v | AOI221_X1 | 0.041 |   2.370 |    3.505 | 
     | U2811                | C1 v -> ZN ^ | AOI222_X1 | 0.091 |   2.462 |    3.597 | 
     | U2815                | C1 ^ -> ZN v | OAI211_X1 | 0.028 |   2.489 |    3.624 | 
     | U2816                | A v -> ZN ^  | OAI21_X1  | 0.035 |   2.525 |    3.660 | 
     | U2824                | A1 ^ -> ZN ^ | OR4_X1    | 0.046 |   2.570 |    3.705 | 
     | U2920                | B1 ^ -> ZN v | AOI221_X1 | 0.026 |   2.596 |    3.731 | 
     | U2921                | A v -> ZN ^  | AOI21_X1  | 0.062 |   2.658 |    3.793 | 
     | U2924                | B1 ^ -> ZN v | AOI21_X1  | 0.051 |   2.709 |    3.844 | 
     | U3806                | B1 v -> ZN ^ | AOI22_X1  | 0.050 |   2.759 |    3.894 | 
     | U3809                | A1 ^ -> ZN v | AOI22_X1  | 0.022 |   2.782 |    3.917 | 
     | U3810                | B1 v -> ZN ^ | AOI222_X1 | 0.078 |   2.860 |    3.995 | 
     | U3813                | B1 ^ -> ZN v | AOI21_X1  | 0.049 |   2.909 |    4.044 | 
     | U4463                | B1 v -> ZN ^ | AOI22_X1  | 0.050 |   2.959 |    4.094 | 
     | U4464                | A1 ^ -> ZN v | NAND2_X1  | 0.017 |   2.975 |    4.110 | 
     | U4465                | A v -> ZN ^  | OAI21_X1  | 0.025 |   3.000 |    4.135 | 
     | U4467                | C1 ^ -> ZN v | AOI222_X1 | 0.031 |   3.031 |    4.166 | 
     | U4468                | B2 v -> ZN ^ | OAI21_X1  | 0.066 |   3.097 |    4.232 | 
     | U4540                | B2 ^ -> ZN v | OAI21_X1  | 0.030 |   3.127 |    4.262 | 
     | U4541                | C2 v -> ZN ^ | AOI222_X1 | 0.095 |   3.222 |    4.357 | 
     | U4542                | A ^ -> ZN v  | OAI21_X1  | 0.026 |   3.248 |    4.383 | 
     | U4543                | B v -> ZN ^  | OAI211_X1 | 0.030 |   3.278 |    4.413 | 
     | U4594                | A4 ^ -> ZN v | NOR4_X1   | 0.021 |   3.299 |    4.434 | 
     | U4639                | B1 v -> ZN ^ | OAI21_X1  | 0.028 |   3.327 |    4.462 | 
     | U4640                | A1 ^ -> ZN v | NAND2_X1  | 0.019 |   3.346 |    4.481 | 
     | U4643                | B2 v -> ZN ^ | OAI21_X1  | 0.032 |   3.378 |    4.513 | 
     | U4644                | A ^ -> ZN v  | OAI21_X1  | 0.021 |   3.399 |    4.534 | 
     | U4645                | A v -> ZN ^  | OAI21_X1  | 0.020 |   3.419 |    4.554 | 
     | U4646                | B2 ^ -> ZN v | OAI21_X1  | 0.024 |   3.443 |    4.578 | 
     | U2094                | A1 v -> ZN v | AND2_X1   | 0.039 |   3.482 |    4.617 | 
     | U2101                | B1 v -> ZN ^ | AOI222_X1 | 0.079 |   3.561 |    4.696 | 
     | U2102                | A ^ -> ZN v  | INV_X1    | 0.008 |   3.569 |    4.704 | 
     | p_reg_Y_temp_reg_61_ | D v          | DFF_X1    | 0.000 |   3.569 |    4.704 | 
     +------------------------------------------------------------------------------+ 
Path 4: MET Setup Check with Pin p_reg_Y_temp_reg_59_/CK 
Endpoint:   p_reg_Y_temp_reg_59_/D (^) checked with  leading edge of 'CLK'
Beginpoint: A_reg_Y_temp_reg_3_/Q  (^) triggered by  leading edge of 'CLK'
Path Groups: {CLK}
Analysis View: default
Other End Arrival Time          0.065
- Setup                         0.032
+ Phase Shift                   4.716
+ CPPR Adjustment               0.000
- Uncertainty                   0.050
= Required Time                 4.699
- Arrival Time                  3.534
= Slack Time                    1.166
     Clock Rise Edge                 0.000
     + Clock Network Latency (Prop)  0.054
     = Beginpoint Arrival Time       0.054
     +------------------------------------------------------------------------------+ 
     |       Instance       |     Arc      |   Cell    | Delay | Arrival | Required | 
     |                      |              |           |       |  Time   |   Time   | 
     |----------------------+--------------+-----------+-------+---------+----------| 
     | A_reg_Y_temp_reg_3_  | CK ^         |           |       |   0.054 |    1.219 | 
     | A_reg_Y_temp_reg_3_  | CK ^ -> Q ^  | DFF_X1    | 0.179 |   0.233 |    1.398 | 
     | FE_OFC84_A_i_3       | A ^ -> Z ^   | CLKBUF_X1 | 0.158 |   0.391 |    1.557 | 
     | U2506                | A ^ -> ZN v  | INV_X1    | 0.083 |   0.475 |    1.640 | 
     | U2525                | A2 v -> ZN ^ | NAND2_X1  | 0.039 |   0.513 |    1.679 | 
     | U2526                | A ^ -> ZN v  | OAI221_X1 | 0.043 |   0.556 |    1.722 | 
     | U2529                | A v -> Z v   | XOR2_X1   | 0.065 |   0.621 |    1.787 | 
     | U2553                | B v -> S ^   | FA_X1     | 0.128 |   0.749 |    1.915 | 
     | U2536                | A ^ -> ZN v  | INV_X1    | 0.011 |   0.760 |    1.926 | 
     | U2537                | A2 v -> ZN ^ | NOR2_X1   | 0.057 |   0.817 |    1.983 | 
     | U2715                | A ^ -> ZN v  | AOI221_X1 | 0.025 |   0.842 |    2.007 | 
     | U2717                | C1 v -> ZN ^ | AOI222_X1 | 0.102 |   0.944 |    2.109 | 
     | U2718                | B1 ^ -> ZN v | AOI222_X1 | 0.040 |   0.984 |    2.149 | 
     | U2502                | C1 v -> ZN ^ | AOI222_X4 | 0.142 |   1.125 |    2.291 | 
     | U2721                | B1 ^ -> ZN v | AOI21_X1  | 0.019 |   1.144 |    2.309 | 
     | U2722                | C1 v -> ZN ^ | AOI222_X1 | 0.103 |   1.247 |    2.413 | 
     | U2725                | B2 ^ -> ZN v | AOI221_X1 | 0.034 |   1.281 |    2.447 | 
     | U2726                | A v -> ZN ^  | AOI21_X1  | 0.122 |   1.403 |    2.569 | 
     | U2727                | B1 ^ -> ZN v | AOI21_X1  | 0.028 |   1.432 |    2.597 | 
     | U2728                | C1 v -> ZN ^ | AOI222_X1 | 0.108 |   1.539 |    2.705 | 
     | U2730                | B1 ^ -> ZN v | AOI222_X1 | 0.035 |   1.574 |    2.740 | 
     | U2734                | B1 v -> ZN ^ | AOI21_X1  | 0.117 |   1.691 |    2.857 | 
     | U2735                | A ^ -> ZN v  | INV_X1    | 0.031 |   1.723 |    2.888 | 
     | U2739                | A v -> ZN ^  | AOI21_X1  | 0.047 |   1.769 |    2.935 | 
     | U2740                | A2 ^ -> ZN v | NOR2_X1   | 0.016 |   1.785 |    2.951 | 
     | U2741                | B1 v -> ZN ^ | AOI222_X1 | 0.076 |   1.861 |    3.027 | 
     | U2742                | A ^ -> ZN v  | OAI21_X1  | 0.027 |   1.888 |    3.054 | 
     | U2743                | B v -> ZN ^  | OAI211_X1 | 0.030 |   1.919 |    3.084 | 
     | U2797                | B1 ^ -> ZN v | AOI221_X1 | 0.029 |   1.948 |    3.114 | 
     | U2798                | A v -> ZN ^  | AOI21_X1  | 0.044 |   1.992 |    3.157 | 
     | U2801                | B1 ^ -> ZN v | AOI21_X1  | 0.036 |   2.028 |    3.193 | 
     | U2802                | A v -> ZN ^  | INV_X1    | 0.038 |   2.066 |    3.232 | 
     | U2804                | B2 ^ -> ZN v | OAI21_X1  | 0.025 |   2.090 |    3.256 | 
     | U2805                | C2 v -> ZN ^ | AOI222_X1 | 0.110 |   2.200 |    3.366 | 
     | U2806                | B1 ^ -> ZN v | AOI222_X1 | 0.036 |   2.236 |    3.402 | 
     | U2809                | B1 v -> ZN ^ | AOI21_X1  | 0.093 |   2.329 |    3.495 | 
     | U2810                | B2 ^ -> ZN v | AOI221_X1 | 0.041 |   2.370 |    3.536 | 
     | U2811                | C1 v -> ZN ^ | AOI222_X1 | 0.091 |   2.462 |    3.627 | 
     | U2815                | C1 ^ -> ZN v | OAI211_X1 | 0.028 |   2.489 |    3.655 | 
     | U2816                | A v -> ZN ^  | OAI21_X1  | 0.035 |   2.525 |    3.690 | 
     | U2824                | A1 ^ -> ZN ^ | OR4_X1    | 0.046 |   2.570 |    3.736 | 
     | U2920                | B1 ^ -> ZN v | AOI221_X1 | 0.026 |   2.596 |    3.762 | 
     | U2921                | A v -> ZN ^  | AOI21_X1  | 0.062 |   2.658 |    3.824 | 
     | U2924                | B1 ^ -> ZN v | AOI21_X1  | 0.051 |   2.709 |    3.875 | 
     | U3806                | B1 v -> ZN ^ | AOI22_X1  | 0.050 |   2.759 |    3.925 | 
     | U3809                | A1 ^ -> ZN v | AOI22_X1  | 0.022 |   2.782 |    3.947 | 
     | U3810                | B1 v -> ZN ^ | AOI222_X1 | 0.078 |   2.860 |    4.026 | 
     | U3813                | B1 ^ -> ZN v | AOI21_X1  | 0.049 |   2.909 |    4.074 | 
     | U4463                | B1 v -> ZN ^ | AOI22_X1  | 0.050 |   2.959 |    4.124 | 
     | U4464                | A1 ^ -> ZN v | NAND2_X1  | 0.017 |   2.975 |    4.141 | 
     | U4465                | A v -> ZN ^  | OAI21_X1  | 0.025 |   3.000 |    4.166 | 
     | U4467                | C1 ^ -> ZN v | AOI222_X1 | 0.031 |   3.031 |    4.196 | 
     | U4468                | B2 v -> ZN ^ | OAI21_X1  | 0.066 |   3.097 |    4.262 | 
     | U4540                | B2 ^ -> ZN v | OAI21_X1  | 0.030 |   3.127 |    4.293 | 
     | U4541                | C2 v -> ZN ^ | AOI222_X1 | 0.095 |   3.222 |    4.388 | 
     | U4542                | A ^ -> ZN v  | OAI21_X1  | 0.026 |   3.248 |    4.414 | 
     | U4543                | B v -> ZN ^  | OAI211_X1 | 0.030 |   3.278 |    4.444 | 
     | U4594                | A4 ^ -> ZN v | NOR4_X1   | 0.021 |   3.299 |    4.465 | 
     | U4599                | A1 v -> ZN ^ | NOR2_X1   | 0.041 |   3.341 |    4.506 | 
     | U4602                | A1 ^ -> ZN v | NAND3_X1  | 0.030 |   3.370 |    4.536 | 
     | U4614                | A v -> ZN ^  | INV_X1    | 0.021 |   3.392 |    4.557 | 
     | U4618                | A2 ^ -> ZN v | NAND2_X1  | 0.023 |   3.415 |    4.580 | 
     | U4631                | A2 v -> ZN ^ | NOR2_X1   | 0.029 |   3.444 |    4.609 | 
     | U4632                | A ^ -> ZN v  | AOI211_X1 | 0.016 |   3.460 |    4.626 | 
     | U4638                | A v -> ZN v  | XNOR2_X1  | 0.040 |   3.500 |    4.666 | 
     | U2109                | A2 v -> ZN ^ | OAI22_X1  | 0.033 |   3.534 |    4.699 | 
     | p_reg_Y_temp_reg_59_ | D ^          | DFF_X1    | 0.000 |   3.534 |    4.699 | 
     +------------------------------------------------------------------------------+ 
Path 5: MET Setup Check with Pin p_reg_Y_temp_reg_60_/CK 
Endpoint:   p_reg_Y_temp_reg_60_/D (v) checked with  leading edge of 'CLK'
Beginpoint: A_reg_Y_temp_reg_3_/Q  (^) triggered by  leading edge of 'CLK'
Path Groups: {CLK}
Analysis View: default
Other End Arrival Time          0.065
- Setup                         0.029
+ Phase Shift                   4.716
+ CPPR Adjustment               0.000
- Uncertainty                   0.050
= Required Time                 4.702
- Arrival Time                  3.536
= Slack Time                    1.166
     Clock Rise Edge                 0.000
     + Clock Network Latency (Prop)  0.054
     = Beginpoint Arrival Time       0.054
     +------------------------------------------------------------------------------+ 
     |       Instance       |     Arc      |   Cell    | Delay | Arrival | Required | 
     |                      |              |           |       |  Time   |   Time   | 
     |----------------------+--------------+-----------+-------+---------+----------| 
     | A_reg_Y_temp_reg_3_  | CK ^         |           |       |   0.054 |    1.220 | 
     | A_reg_Y_temp_reg_3_  | CK ^ -> Q ^  | DFF_X1    | 0.179 |   0.233 |    1.399 | 
     | FE_OFC84_A_i_3       | A ^ -> Z ^   | CLKBUF_X1 | 0.158 |   0.391 |    1.557 | 
     | U2506                | A ^ -> ZN v  | INV_X1    | 0.083 |   0.475 |    1.640 | 
     | U2525                | A2 v -> ZN ^ | NAND2_X1  | 0.039 |   0.513 |    1.679 | 
     | U2526                | A ^ -> ZN v  | OAI221_X1 | 0.043 |   0.556 |    1.722 | 
     | U2529                | A v -> Z v   | XOR2_X1   | 0.065 |   0.621 |    1.787 | 
     | U2553                | B v -> S ^   | FA_X1     | 0.128 |   0.749 |    1.915 | 
     | U2536                | A ^ -> ZN v  | INV_X1    | 0.011 |   0.760 |    1.926 | 
     | U2537                | A2 v -> ZN ^ | NOR2_X1   | 0.057 |   0.817 |    1.983 | 
     | U2715                | A ^ -> ZN v  | AOI221_X1 | 0.025 |   0.842 |    2.008 | 
     | U2717                | C1 v -> ZN ^ | AOI222_X1 | 0.102 |   0.944 |    2.110 | 
     | U2718                | B1 ^ -> ZN v | AOI222_X1 | 0.040 |   0.984 |    2.149 | 
     | U2502                | C1 v -> ZN ^ | AOI222_X4 | 0.142 |   1.125 |    2.291 | 
     | U2721                | B1 ^ -> ZN v | AOI21_X1  | 0.019 |   1.144 |    2.309 | 
     | U2722                | C1 v -> ZN ^ | AOI222_X1 | 0.103 |   1.247 |    2.413 | 
     | U2725                | B2 ^ -> ZN v | AOI221_X1 | 0.034 |   1.281 |    2.447 | 
     | U2726                | A v -> ZN ^  | AOI21_X1  | 0.122 |   1.403 |    2.569 | 
     | U2727                | B1 ^ -> ZN v | AOI21_X1  | 0.028 |   1.432 |    2.597 | 
     | U2728                | C1 v -> ZN ^ | AOI222_X1 | 0.108 |   1.539 |    2.705 | 
     | U2730                | B1 ^ -> ZN v | AOI222_X1 | 0.035 |   1.574 |    2.740 | 
     | U2734                | B1 v -> ZN ^ | AOI21_X1  | 0.117 |   1.691 |    2.857 | 
     | U2735                | A ^ -> ZN v  | INV_X1    | 0.031 |   1.723 |    2.888 | 
     | U2739                | A v -> ZN ^  | AOI21_X1  | 0.047 |   1.769 |    2.935 | 
     | U2740                | A2 ^ -> ZN v | NOR2_X1   | 0.016 |   1.785 |    2.951 | 
     | U2741                | B1 v -> ZN ^ | AOI222_X1 | 0.076 |   1.861 |    3.027 | 
     | U2742                | A ^ -> ZN v  | OAI21_X1  | 0.027 |   1.888 |    3.054 | 
     | U2743                | B v -> ZN ^  | OAI211_X1 | 0.030 |   1.919 |    3.084 | 
     | U2797                | B1 ^ -> ZN v | AOI221_X1 | 0.029 |   1.948 |    3.114 | 
     | U2798                | A v -> ZN ^  | AOI21_X1  | 0.044 |   1.992 |    3.157 | 
     | U2801                | B1 ^ -> ZN v | AOI21_X1  | 0.036 |   2.028 |    3.194 | 
     | U2802                | A v -> ZN ^  | INV_X1    | 0.038 |   2.066 |    3.232 | 
     | U2804                | B2 ^ -> ZN v | OAI21_X1  | 0.025 |   2.090 |    3.256 | 
     | U2805                | C2 v -> ZN ^ | AOI222_X1 | 0.110 |   2.200 |    3.366 | 
     | U2806                | B1 ^ -> ZN v | AOI222_X1 | 0.036 |   2.236 |    3.402 | 
     | U2809                | B1 v -> ZN ^ | AOI21_X1  | 0.093 |   2.329 |    3.495 | 
     | U2810                | B2 ^ -> ZN v | AOI221_X1 | 0.041 |   2.370 |    3.536 | 
     | U2811                | C1 v -> ZN ^ | AOI222_X1 | 0.091 |   2.462 |    3.628 | 
     | U2815                | C1 ^ -> ZN v | OAI211_X1 | 0.028 |   2.489 |    3.655 | 
     | U2816                | A v -> ZN ^  | OAI21_X1  | 0.035 |   2.525 |    3.690 | 
     | U2824                | A1 ^ -> ZN ^ | OR4_X1    | 0.046 |   2.570 |    3.736 | 
     | U2920                | B1 ^ -> ZN v | AOI221_X1 | 0.026 |   2.596 |    3.762 | 
     | U2921                | A v -> ZN ^  | AOI21_X1  | 0.062 |   2.658 |    3.824 | 
     | U2924                | B1 ^ -> ZN v | AOI21_X1  | 0.051 |   2.709 |    3.875 | 
     | U3806                | B1 v -> ZN ^ | AOI22_X1  | 0.050 |   2.759 |    3.925 | 
     | U3809                | A1 ^ -> ZN v | AOI22_X1  | 0.022 |   2.782 |    3.947 | 
     | U3810                | B1 v -> ZN ^ | AOI222_X1 | 0.078 |   2.860 |    4.026 | 
     | U3813                | B1 ^ -> ZN v | AOI21_X1  | 0.049 |   2.909 |    4.074 | 
     | U4463                | B1 v -> ZN ^ | AOI22_X1  | 0.050 |   2.959 |    4.124 | 
     | U4464                | A1 ^ -> ZN v | NAND2_X1  | 0.017 |   2.975 |    4.141 | 
     | U4465                | A v -> ZN ^  | OAI21_X1  | 0.025 |   3.000 |    4.166 | 
     | U4467                | C1 ^ -> ZN v | AOI222_X1 | 0.031 |   3.031 |    4.196 | 
     | U4468                | B2 v -> ZN ^ | OAI21_X1  | 0.066 |   3.097 |    4.263 | 
     | U4540                | B2 ^ -> ZN v | OAI21_X1  | 0.030 |   3.127 |    4.293 | 
     | U4541                | C2 v -> ZN ^ | AOI222_X1 | 0.095 |   3.222 |    4.388 | 
     | U4542                | A ^ -> ZN v  | OAI21_X1  | 0.026 |   3.248 |    4.414 | 
     | U4543                | B v -> ZN ^  | OAI211_X1 | 0.030 |   3.278 |    4.444 | 
     | U4594                | A4 ^ -> ZN v | NOR4_X1   | 0.021 |   3.299 |    4.465 | 
     | U4639                | B1 v -> ZN ^ | OAI21_X1  | 0.028 |   3.327 |    4.493 | 
     | U4640                | A1 ^ -> ZN v | NAND2_X1  | 0.019 |   3.346 |    4.512 | 
     | U4643                | B2 v -> ZN ^ | OAI21_X1  | 0.032 |   3.378 |    4.544 | 
     | U4644                | A ^ -> ZN v  | OAI21_X1  | 0.021 |   3.399 |    4.564 | 
     | U4645                | A v -> ZN ^  | OAI21_X1  | 0.020 |   3.419 |    4.585 | 
     | U4646                | B2 ^ -> ZN v | OAI21_X1  | 0.024 |   3.443 |    4.609 | 
     | U2094                | A1 v -> ZN v | AND2_X1   | 0.039 |   3.482 |    4.648 | 
     | U2104                | A1 v -> ZN ^ | AOI22_X1  | 0.033 |   3.515 |    4.681 | 
     | U2105                | A ^ -> ZN v  | OAI21_X1  | 0.021 |   3.536 |    4.702 | 
     | p_reg_Y_temp_reg_60_ | D v          | DFF_X1    | 0.000 |   3.536 |    4.702 | 
     +------------------------------------------------------------------------------+ 
Path 6: MET Setup Check with Pin p_reg_Y_temp_reg_58_/CK 
Endpoint:   p_reg_Y_temp_reg_58_/D (^) checked with  leading edge of 'CLK'
Beginpoint: A_reg_Y_temp_reg_3_/Q  (^) triggered by  leading edge of 'CLK'
Path Groups: {CLK}
Analysis View: default
Other End Arrival Time          0.065
- Setup                         0.032
+ Phase Shift                   4.716
+ CPPR Adjustment               0.000
- Uncertainty                   0.050
= Required Time                 4.699
- Arrival Time                  3.488
= Slack Time                    1.211
     Clock Rise Edge                 0.000
     + Clock Network Latency (Prop)  0.054
     = Beginpoint Arrival Time       0.054
     +------------------------------------------------------------------------------+ 
     |       Instance       |     Arc      |   Cell    | Delay | Arrival | Required | 
     |                      |              |           |       |  Time   |   Time   | 
     |----------------------+--------------+-----------+-------+---------+----------| 
     | A_reg_Y_temp_reg_3_  | CK ^         |           |       |   0.054 |    1.265 | 
     | A_reg_Y_temp_reg_3_  | CK ^ -> Q ^  | DFF_X1    | 0.179 |   0.233 |    1.444 | 
     | FE_OFC84_A_i_3       | A ^ -> Z ^   | CLKBUF_X1 | 0.158 |   0.391 |    1.602 | 
     | U2506                | A ^ -> ZN v  | INV_X1    | 0.083 |   0.475 |    1.686 | 
     | U2525                | A2 v -> ZN ^ | NAND2_X1  | 0.039 |   0.513 |    1.725 | 
     | U2526                | A ^ -> ZN v  | OAI221_X1 | 0.043 |   0.556 |    1.767 | 
     | U2529                | A v -> Z v   | XOR2_X1   | 0.065 |   0.621 |    1.832 | 
     | U2553                | B v -> S ^   | FA_X1     | 0.128 |   0.749 |    1.960 | 
     | U2536                | A ^ -> ZN v  | INV_X1    | 0.011 |   0.760 |    1.972 | 
     | U2537                | A2 v -> ZN ^ | NOR2_X1   | 0.057 |   0.817 |    2.028 | 
     | U2715                | A ^ -> ZN v  | AOI221_X1 | 0.025 |   0.842 |    2.053 | 
     | U2717                | C1 v -> ZN ^ | AOI222_X1 | 0.102 |   0.944 |    2.155 | 
     | U2718                | B1 ^ -> ZN v | AOI222_X1 | 0.040 |   0.984 |    2.195 | 
     | U2502                | C1 v -> ZN ^ | AOI222_X4 | 0.142 |   1.125 |    2.336 | 
     | U2721                | B1 ^ -> ZN v | AOI21_X1  | 0.019 |   1.144 |    2.355 | 
     | U2722                | C1 v -> ZN ^ | AOI222_X1 | 0.103 |   1.247 |    2.458 | 
     | U2725                | B2 ^ -> ZN v | AOI221_X1 | 0.034 |   1.281 |    2.493 | 
     | U2726                | A v -> ZN ^  | AOI21_X1  | 0.122 |   1.403 |    2.614 | 
     | U2727                | B1 ^ -> ZN v | AOI21_X1  | 0.028 |   1.432 |    2.643 | 
     | U2728                | C1 v -> ZN ^ | AOI222_X1 | 0.108 |   1.539 |    2.751 | 
     | U2730                | B1 ^ -> ZN v | AOI222_X1 | 0.035 |   1.574 |    2.785 | 
     | U2734                | B1 v -> ZN ^ | AOI21_X1  | 0.117 |   1.691 |    2.902 | 
     | U2735                | A ^ -> ZN v  | INV_X1    | 0.031 |   1.723 |    2.934 | 
     | U2739                | A v -> ZN ^  | AOI21_X1  | 0.047 |   1.769 |    2.981 | 
     | U2740                | A2 ^ -> ZN v | NOR2_X1   | 0.016 |   1.785 |    2.996 | 
     | U2741                | B1 v -> ZN ^ | AOI222_X1 | 0.076 |   1.861 |    3.072 | 
     | U2742                | A ^ -> ZN v  | OAI21_X1  | 0.027 |   1.888 |    3.100 | 
     | U2743                | B v -> ZN ^  | OAI211_X1 | 0.030 |   1.919 |    3.130 | 
     | U2797                | B1 ^ -> ZN v | AOI221_X1 | 0.029 |   1.948 |    3.159 | 
     | U2798                | A v -> ZN ^  | AOI21_X1  | 0.044 |   1.992 |    3.203 | 
     | U2801                | B1 ^ -> ZN v | AOI21_X1  | 0.036 |   2.028 |    3.239 | 
     | U2802                | A v -> ZN ^  | INV_X1    | 0.038 |   2.066 |    3.277 | 
     | U2804                | B2 ^ -> ZN v | OAI21_X1  | 0.025 |   2.090 |    3.302 | 
     | U2805                | C2 v -> ZN ^ | AOI222_X1 | 0.110 |   2.200 |    3.412 | 
     | U2806                | B1 ^ -> ZN v | AOI222_X1 | 0.036 |   2.236 |    3.447 | 
     | U2809                | B1 v -> ZN ^ | AOI21_X1  | 0.093 |   2.329 |    3.540 | 
     | U2810                | B2 ^ -> ZN v | AOI221_X1 | 0.041 |   2.370 |    3.582 | 
     | U2811                | C1 v -> ZN ^ | AOI222_X1 | 0.091 |   2.462 |    3.673 | 
     | U2815                | C1 ^ -> ZN v | OAI211_X1 | 0.028 |   2.489 |    3.701 | 
     | U2816                | A v -> ZN ^  | OAI21_X1  | 0.035 |   2.525 |    3.736 | 
     | U2824                | A1 ^ -> ZN ^ | OR4_X1    | 0.046 |   2.570 |    3.782 | 
     | U2920                | B1 ^ -> ZN v | AOI221_X1 | 0.026 |   2.596 |    3.807 | 
     | U2921                | A v -> ZN ^  | AOI21_X1  | 0.062 |   2.658 |    3.870 | 
     | U2924                | B1 ^ -> ZN v | AOI21_X1  | 0.051 |   2.709 |    3.921 | 
     | U3806                | B1 v -> ZN ^ | AOI22_X1  | 0.050 |   2.759 |    3.970 | 
     | U3809                | A1 ^ -> ZN v | AOI22_X1  | 0.022 |   2.782 |    3.993 | 
     | U3810                | B1 v -> ZN ^ | AOI222_X1 | 0.078 |   2.860 |    4.071 | 
     | U3813                | B1 ^ -> ZN v | AOI21_X1  | 0.049 |   2.909 |    4.120 | 
     | U4463                | B1 v -> ZN ^ | AOI22_X1  | 0.050 |   2.959 |    4.170 | 
     | U4464                | A1 ^ -> ZN v | NAND2_X1  | 0.017 |   2.975 |    4.187 | 
     | U4465                | A v -> ZN ^  | OAI21_X1  | 0.025 |   3.000 |    4.211 | 
     | U4467                | C1 ^ -> ZN v | AOI222_X1 | 0.031 |   3.031 |    4.242 | 
     | U4468                | B2 v -> ZN ^ | OAI21_X1  | 0.066 |   3.097 |    4.308 | 
     | U4540                | B2 ^ -> ZN v | OAI21_X1  | 0.030 |   3.127 |    4.338 | 
     | U4541                | C2 v -> ZN ^ | AOI222_X1 | 0.095 |   3.222 |    4.434 | 
     | U4542                | A ^ -> ZN v  | OAI21_X1  | 0.026 |   3.248 |    4.460 | 
     | U4543                | B v -> ZN ^  | OAI211_X1 | 0.030 |   3.278 |    4.489 | 
     | U4594                | A4 ^ -> ZN v | NOR4_X1   | 0.021 |   3.299 |    4.511 | 
     | U4599                | A1 v -> ZN ^ | NOR2_X1   | 0.041 |   3.341 |    4.552 | 
     | U4602                | A1 ^ -> ZN v | NAND3_X1  | 0.030 |   3.370 |    4.582 | 
     | U4614                | A v -> ZN ^  | INV_X1    | 0.021 |   3.392 |    4.603 | 
     | U4618                | A2 ^ -> ZN v | NAND2_X1  | 0.023 |   3.415 |    4.626 | 
     | U4629                | B v -> ZN v  | XNOR2_X1  | 0.041 |   3.456 |    4.667 | 
     | U2112                | A2 v -> ZN ^ | OAI22_X1  | 0.032 |   3.488 |    4.699 | 
     | p_reg_Y_temp_reg_58_ | D ^          | DFF_X1    | 0.000 |   3.488 |    4.699 | 
     +------------------------------------------------------------------------------+ 
Path 7: MET Setup Check with Pin p_reg_Y_temp_reg_55_/CK 
Endpoint:   p_reg_Y_temp_reg_55_/D (v) checked with  leading edge of 'CLK'
Beginpoint: A_reg_Y_temp_reg_3_/Q  (^) triggered by  leading edge of 'CLK'
Path Groups: {CLK}
Analysis View: default
Other End Arrival Time          0.066
- Setup                         0.031
+ Phase Shift                   4.716
+ CPPR Adjustment               0.000
- Uncertainty                   0.050
= Required Time                 4.700
- Arrival Time                  3.472
= Slack Time                    1.228
     Clock Rise Edge                 0.000
     + Clock Network Latency (Prop)  0.054
     = Beginpoint Arrival Time       0.054
     +------------------------------------------------------------------------------+ 
     |       Instance       |     Arc      |   Cell    | Delay | Arrival | Required | 
     |                      |              |           |       |  Time   |   Time   | 
     |----------------------+--------------+-----------+-------+---------+----------| 
     | A_reg_Y_temp_reg_3_  | CK ^         |           |       |   0.054 |    1.282 | 
     | A_reg_Y_temp_reg_3_  | CK ^ -> Q ^  | DFF_X1    | 0.179 |   0.233 |    1.461 | 
     | FE_OFC84_A_i_3       | A ^ -> Z ^   | CLKBUF_X1 | 0.158 |   0.391 |    1.620 | 
     | U2506                | A ^ -> ZN v  | INV_X1    | 0.083 |   0.475 |    1.703 | 
     | U2525                | A2 v -> ZN ^ | NAND2_X1  | 0.039 |   0.513 |    1.742 | 
     | U2526                | A ^ -> ZN v  | OAI221_X1 | 0.043 |   0.556 |    1.785 | 
     | U2529                | A v -> Z v   | XOR2_X1   | 0.065 |   0.621 |    1.850 | 
     | U2553                | B v -> S ^   | FA_X1     | 0.128 |   0.749 |    1.978 | 
     | U2536                | A ^ -> ZN v  | INV_X1    | 0.011 |   0.760 |    1.989 | 
     | U2537                | A2 v -> ZN ^ | NOR2_X1   | 0.057 |   0.817 |    2.046 | 
     | U2715                | A ^ -> ZN v  | AOI221_X1 | 0.025 |   0.842 |    2.070 | 
     | U2717                | C1 v -> ZN ^ | AOI222_X1 | 0.102 |   0.944 |    2.172 | 
     | U2718                | B1 ^ -> ZN v | AOI222_X1 | 0.040 |   0.984 |    2.212 | 
     | U2502                | C1 v -> ZN ^ | AOI222_X4 | 0.142 |   1.125 |    2.354 | 
     | U2721                | B1 ^ -> ZN v | AOI21_X1  | 0.019 |   1.144 |    2.372 | 
     | U2722                | C1 v -> ZN ^ | AOI222_X1 | 0.103 |   1.247 |    2.475 | 
     | U2725                | B2 ^ -> ZN v | AOI221_X1 | 0.034 |   1.281 |    2.510 | 
     | U2726                | A v -> ZN ^  | AOI21_X1  | 0.122 |   1.403 |    2.632 | 
     | U2727                | B1 ^ -> ZN v | AOI21_X1  | 0.028 |   1.432 |    2.660 | 
     | U2728                | C1 v -> ZN ^ | AOI222_X1 | 0.108 |   1.539 |    2.768 | 
     | U2730                | B1 ^ -> ZN v | AOI222_X1 | 0.035 |   1.574 |    2.803 | 
     | U2734                | B1 v -> ZN ^ | AOI21_X1  | 0.117 |   1.691 |    2.920 | 
     | U2735                | A ^ -> ZN v  | INV_X1    | 0.031 |   1.723 |    2.951 | 
     | U2739                | A v -> ZN ^  | AOI21_X1  | 0.047 |   1.769 |    2.998 | 
     | U2740                | A2 ^ -> ZN v | NOR2_X1   | 0.016 |   1.785 |    3.013 | 
     | U2741                | B1 v -> ZN ^ | AOI222_X1 | 0.076 |   1.861 |    3.090 | 
     | U2742                | A ^ -> ZN v  | OAI21_X1  | 0.027 |   1.888 |    3.117 | 
     | U2743                | B v -> ZN ^  | OAI211_X1 | 0.030 |   1.919 |    3.147 | 
     | U2797                | B1 ^ -> ZN v | AOI221_X1 | 0.029 |   1.948 |    3.177 | 
     | U2798                | A v -> ZN ^  | AOI21_X1  | 0.044 |   1.992 |    3.220 | 
     | U2801                | B1 ^ -> ZN v | AOI21_X1  | 0.036 |   2.028 |    3.256 | 
     | U2802                | A v -> ZN ^  | INV_X1    | 0.038 |   2.066 |    3.294 | 
     | U2804                | B2 ^ -> ZN v | OAI21_X1  | 0.025 |   2.090 |    3.319 | 
     | U2805                | C2 v -> ZN ^ | AOI222_X1 | 0.110 |   2.200 |    3.429 | 
     | U2806                | B1 ^ -> ZN v | AOI222_X1 | 0.036 |   2.236 |    3.465 | 
     | U2809                | B1 v -> ZN ^ | AOI21_X1  | 0.093 |   2.329 |    3.557 | 
     | U2810                | B2 ^ -> ZN v | AOI221_X1 | 0.041 |   2.370 |    3.599 | 
     | U2811                | C1 v -> ZN ^ | AOI222_X1 | 0.091 |   2.462 |    3.690 | 
     | U2815                | C1 ^ -> ZN v | OAI211_X1 | 0.028 |   2.489 |    3.718 | 
     | U2816                | A v -> ZN ^  | OAI21_X1  | 0.035 |   2.525 |    3.753 | 
     | U2824                | A1 ^ -> ZN ^ | OR4_X1    | 0.046 |   2.570 |    3.799 | 
     | U2920                | B1 ^ -> ZN v | AOI221_X1 | 0.026 |   2.596 |    3.824 | 
     | U2921                | A v -> ZN ^  | AOI21_X1  | 0.062 |   2.658 |    3.887 | 
     | U2924                | B1 ^ -> ZN v | AOI21_X1  | 0.051 |   2.709 |    3.938 | 
     | U3806                | B1 v -> ZN ^ | AOI22_X1  | 0.050 |   2.759 |    3.988 | 
     | U3809                | A1 ^ -> ZN v | AOI22_X1  | 0.022 |   2.782 |    4.010 | 
     | U3810                | B1 v -> ZN ^ | AOI222_X1 | 0.078 |   2.860 |    4.088 | 
     | U3813                | B1 ^ -> ZN v | AOI21_X1  | 0.049 |   2.909 |    4.137 | 
     | U4463                | B1 v -> ZN ^ | AOI22_X1  | 0.050 |   2.959 |    4.187 | 
     | U4464                | A1 ^ -> ZN v | NAND2_X1  | 0.017 |   2.975 |    4.204 | 
     | U4465                | A v -> ZN ^  | OAI21_X1  | 0.025 |   3.000 |    4.228 | 
     | U4467                | C1 ^ -> ZN v | AOI222_X1 | 0.031 |   3.031 |    4.259 | 
     | U4468                | B2 v -> ZN ^ | OAI21_X1  | 0.066 |   3.097 |    4.325 | 
     | U4540                | B2 ^ -> ZN v | OAI21_X1  | 0.030 |   3.127 |    4.356 | 
     | U4541                | C2 v -> ZN ^ | AOI222_X1 | 0.095 |   3.222 |    4.451 | 
     | U4542                | A ^ -> ZN v  | OAI21_X1  | 0.026 |   3.248 |    4.477 | 
     | U4543                | B v -> ZN ^  | OAI211_X1 | 0.030 |   3.278 |    4.507 | 
     | U4544                | A1 ^ -> ZN v | NAND2_X1  | 0.025 |   3.303 |    4.532 | 
     | U4565                | A1 v -> ZN ^ | NOR2_X1   | 0.034 |   3.337 |    4.566 | 
     | U4567                | A1 ^ -> ZN v | NAND2_X1  | 0.026 |   3.364 |    4.592 | 
     | U4577                | A2 v -> ZN ^ | NOR2_X1   | 0.034 |   3.398 |    4.627 | 
     | U4582                | A ^ -> Z ^   | XOR2_X1   | 0.051 |   3.449 |    4.678 | 
     | U2122                | A2 ^ -> ZN v | OAI22_X1  | 0.023 |   3.472 |    4.700 | 
     | p_reg_Y_temp_reg_55_ | D v          | DFF_X1    | 0.000 |   3.472 |    4.700 | 
     +------------------------------------------------------------------------------+ 
Path 8: MET Setup Check with Pin p_reg_Y_temp_reg_57_/CK 
Endpoint:   p_reg_Y_temp_reg_57_/D (v) checked with  leading edge of 'CLK'
Beginpoint: A_reg_Y_temp_reg_3_/Q  (^) triggered by  leading edge of 'CLK'
Path Groups: {CLK}
Analysis View: default
Other End Arrival Time          0.065
- Setup                         0.032
+ Phase Shift                   4.716
+ CPPR Adjustment               0.000
- Uncertainty                   0.050
= Required Time                 4.700
- Arrival Time                  3.459
= Slack Time                    1.241
     Clock Rise Edge                 0.000
     + Clock Network Latency (Prop)  0.054
     = Beginpoint Arrival Time       0.054
     +------------------------------------------------------------------------------+ 
     |       Instance       |     Arc      |   Cell    | Delay | Arrival | Required | 
     |                      |              |           |       |  Time   |   Time   | 
     |----------------------+--------------+-----------+-------+---------+----------| 
     | A_reg_Y_temp_reg_3_  | CK ^         |           |       |   0.054 |    1.295 | 
     | A_reg_Y_temp_reg_3_  | CK ^ -> Q ^  | DFF_X1    | 0.179 |   0.233 |    1.474 | 
     | FE_OFC84_A_i_3       | A ^ -> Z ^   | CLKBUF_X1 | 0.158 |   0.391 |    1.632 | 
     | U2506                | A ^ -> ZN v  | INV_X1    | 0.083 |   0.475 |    1.716 | 
     | U2525                | A2 v -> ZN ^ | NAND2_X1  | 0.039 |   0.513 |    1.755 | 
     | U2526                | A ^ -> ZN v  | OAI221_X1 | 0.043 |   0.556 |    1.797 | 
     | U2529                | A v -> Z v   | XOR2_X1   | 0.065 |   0.621 |    1.862 | 
     | U2553                | B v -> S ^   | FA_X1     | 0.128 |   0.749 |    1.990 | 
     | U2536                | A ^ -> ZN v  | INV_X1    | 0.011 |   0.760 |    2.002 | 
     | U2537                | A2 v -> ZN ^ | NOR2_X1   | 0.057 |   0.817 |    2.058 | 
     | U2715                | A ^ -> ZN v  | AOI221_X1 | 0.025 |   0.842 |    2.083 | 
     | U2717                | C1 v -> ZN ^ | AOI222_X1 | 0.102 |   0.944 |    2.185 | 
     | U2718                | B1 ^ -> ZN v | AOI222_X1 | 0.040 |   0.984 |    2.225 | 
     | U2502                | C1 v -> ZN ^ | AOI222_X4 | 0.142 |   1.125 |    2.366 | 
     | U2721                | B1 ^ -> ZN v | AOI21_X1  | 0.019 |   1.144 |    2.385 | 
     | U2722                | C1 v -> ZN ^ | AOI222_X1 | 0.103 |   1.247 |    2.488 | 
     | U2725                | B2 ^ -> ZN v | AOI221_X1 | 0.034 |   1.281 |    2.523 | 
     | U2726                | A v -> ZN ^  | AOI21_X1  | 0.122 |   1.403 |    2.644 | 
     | U2727                | B1 ^ -> ZN v | AOI21_X1  | 0.028 |   1.432 |    2.673 | 
     | U2728                | C1 v -> ZN ^ | AOI222_X1 | 0.108 |   1.539 |    2.781 | 
     | U2730                | B1 ^ -> ZN v | AOI222_X1 | 0.035 |   1.574 |    2.815 | 
     | U2734                | B1 v -> ZN ^ | AOI21_X1  | 0.117 |   1.691 |    2.932 | 
     | U2735                | A ^ -> ZN v  | INV_X1    | 0.031 |   1.723 |    2.964 | 
     | U2739                | A v -> ZN ^  | AOI21_X1  | 0.047 |   1.769 |    3.011 | 
     | U2740                | A2 ^ -> ZN v | NOR2_X1   | 0.016 |   1.785 |    3.026 | 
     | U2741                | B1 v -> ZN ^ | AOI222_X1 | 0.076 |   1.861 |    3.102 | 
     | U2742                | A ^ -> ZN v  | OAI21_X1  | 0.027 |   1.888 |    3.130 | 
     | U2743                | B v -> ZN ^  | OAI211_X1 | 0.030 |   1.919 |    3.160 | 
     | U2797                | B1 ^ -> ZN v | AOI221_X1 | 0.029 |   1.948 |    3.189 | 
     | U2798                | A v -> ZN ^  | AOI21_X1  | 0.044 |   1.992 |    3.233 | 
     | U2801                | B1 ^ -> ZN v | AOI21_X1  | 0.036 |   2.028 |    3.269 | 
     | U2802                | A v -> ZN ^  | INV_X1    | 0.038 |   2.066 |    3.307 | 
     | U2804                | B2 ^ -> ZN v | OAI21_X1  | 0.025 |   2.090 |    3.332 | 
     | U2805                | C2 v -> ZN ^ | AOI222_X1 | 0.110 |   2.200 |    3.442 | 
     | U2806                | B1 ^ -> ZN v | AOI222_X1 | 0.036 |   2.236 |    3.477 | 
     | U2809                | B1 v -> ZN ^ | AOI21_X1  | 0.093 |   2.329 |    3.570 | 
     | U2810                | B2 ^ -> ZN v | AOI221_X1 | 0.041 |   2.370 |    3.612 | 
     | U2811                | C1 v -> ZN ^ | AOI222_X1 | 0.091 |   2.462 |    3.703 | 
     | U2815                | C1 ^ -> ZN v | OAI211_X1 | 0.028 |   2.489 |    3.731 | 
     | U2816                | A v -> ZN ^  | OAI21_X1  | 0.035 |   2.525 |    3.766 | 
     | U2824                | A1 ^ -> ZN ^ | OR4_X1    | 0.046 |   2.570 |    3.812 | 
     | U2920                | B1 ^ -> ZN v | AOI221_X1 | 0.026 |   2.596 |    3.837 | 
     | U2921                | A v -> ZN ^  | AOI21_X1  | 0.062 |   2.658 |    3.900 | 
     | U2924                | B1 ^ -> ZN v | AOI21_X1  | 0.051 |   2.709 |    3.951 | 
     | U3806                | B1 v -> ZN ^ | AOI22_X1  | 0.050 |   2.759 |    4.000 | 
     | U3809                | A1 ^ -> ZN v | AOI22_X1  | 0.022 |   2.782 |    4.023 | 
     | U3810                | B1 v -> ZN ^ | AOI222_X1 | 0.078 |   2.860 |    4.101 | 
     | U3813                | B1 ^ -> ZN v | AOI21_X1  | 0.049 |   2.909 |    4.150 | 
     | U4463                | B1 v -> ZN ^ | AOI22_X1  | 0.050 |   2.959 |    4.200 | 
     | U4464                | A1 ^ -> ZN v | NAND2_X1  | 0.017 |   2.975 |    4.217 | 
     | U4465                | A v -> ZN ^  | OAI21_X1  | 0.025 |   3.000 |    4.241 | 
     | U4467                | C1 ^ -> ZN v | AOI222_X1 | 0.031 |   3.031 |    4.272 | 
     | U4468                | B2 v -> ZN ^ | OAI21_X1  | 0.066 |   3.097 |    4.338 | 
     | U4540                | B2 ^ -> ZN v | OAI21_X1  | 0.030 |   3.127 |    4.368 | 
     | U4541                | C2 v -> ZN ^ | AOI222_X1 | 0.095 |   3.222 |    4.464 | 
     | U4542                | A ^ -> ZN v  | OAI21_X1  | 0.026 |   3.248 |    4.490 | 
     | U4543                | B v -> ZN ^  | OAI211_X1 | 0.030 |   3.278 |    4.519 | 
     | U4594                | A4 ^ -> ZN v | NOR4_X1   | 0.021 |   3.299 |    4.541 | 
     | U4599                | A1 v -> ZN ^ | NOR2_X1   | 0.041 |   3.341 |    4.582 | 
     | U4602                | A1 ^ -> ZN v | NAND3_X1  | 0.030 |   3.370 |    4.612 | 
     | U4614                | A v -> ZN ^  | INV_X1    | 0.021 |   3.392 |    4.633 | 
     | U4618                | A2 ^ -> ZN v | NAND2_X1  | 0.023 |   3.415 |    4.656 | 
     | U4619                | A v -> ZN ^  | OAI21_X1  | 0.022 |   3.437 |    4.678 | 
     | U2115                | A2 ^ -> ZN v | OAI22_X1  | 0.022 |   3.459 |    4.700 | 
     | p_reg_Y_temp_reg_57_ | D v          | DFF_X1    | 0.000 |   3.459 |    4.700 | 
     +------------------------------------------------------------------------------+ 
Path 9: MET Setup Check with Pin p_reg_Y_temp_reg_54_/CK 
Endpoint:   p_reg_Y_temp_reg_54_/D (^) checked with  leading edge of 'CLK'
Beginpoint: A_reg_Y_temp_reg_3_/Q  (^) triggered by  leading edge of 'CLK'
Path Groups: {CLK}
Analysis View: default
Other End Arrival Time          0.066
- Setup                         0.032
+ Phase Shift                   4.716
+ CPPR Adjustment               0.000
- Uncertainty                   0.050
= Required Time                 4.700
- Arrival Time                  3.437
= Slack Time                    1.263
     Clock Rise Edge                 0.000
     + Clock Network Latency (Prop)  0.054
     = Beginpoint Arrival Time       0.054
     +------------------------------------------------------------------------------+ 
     |       Instance       |     Arc      |   Cell    | Delay | Arrival | Required | 
     |                      |              |           |       |  Time   |   Time   | 
     |----------------------+--------------+-----------+-------+---------+----------| 
     | A_reg_Y_temp_reg_3_  | CK ^         |           |       |   0.054 |    1.317 | 
     | A_reg_Y_temp_reg_3_  | CK ^ -> Q ^  | DFF_X1    | 0.179 |   0.233 |    1.496 | 
     | FE_OFC84_A_i_3       | A ^ -> Z ^   | CLKBUF_X1 | 0.158 |   0.391 |    1.654 | 
     | U2506                | A ^ -> ZN v  | INV_X1    | 0.083 |   0.475 |    1.737 | 
     | U2525                | A2 v -> ZN ^ | NAND2_X1  | 0.039 |   0.513 |    1.776 | 
     | U2526                | A ^ -> ZN v  | OAI221_X1 | 0.043 |   0.556 |    1.819 | 
     | U2529                | A v -> Z v   | XOR2_X1   | 0.065 |   0.621 |    1.884 | 
     | U2553                | B v -> S ^   | FA_X1     | 0.128 |   0.749 |    2.012 | 
     | U2536                | A ^ -> ZN v  | INV_X1    | 0.011 |   0.760 |    2.023 | 
     | U2537                | A2 v -> ZN ^ | NOR2_X1   | 0.057 |   0.817 |    2.080 | 
     | U2715                | A ^ -> ZN v  | AOI221_X1 | 0.025 |   0.842 |    2.105 | 
     | U2717                | C1 v -> ZN ^ | AOI222_X1 | 0.102 |   0.944 |    2.207 | 
     | U2718                | B1 ^ -> ZN v | AOI222_X1 | 0.040 |   0.984 |    2.246 | 
     | U2502                | C1 v -> ZN ^ | AOI222_X4 | 0.142 |   1.125 |    2.388 | 
     | U2721                | B1 ^ -> ZN v | AOI21_X1  | 0.019 |   1.144 |    2.407 | 
     | U2722                | C1 v -> ZN ^ | AOI222_X1 | 0.103 |   1.247 |    2.510 | 
     | U2725                | B2 ^ -> ZN v | AOI221_X1 | 0.034 |   1.281 |    2.544 | 
     | U2726                | A v -> ZN ^  | AOI21_X1  | 0.122 |   1.403 |    2.666 | 
     | U2727                | B1 ^ -> ZN v | AOI21_X1  | 0.028 |   1.432 |    2.694 | 
     | U2728                | C1 v -> ZN ^ | AOI222_X1 | 0.108 |   1.539 |    2.802 | 
     | U2730                | B1 ^ -> ZN v | AOI222_X1 | 0.035 |   1.574 |    2.837 | 
     | U2734                | B1 v -> ZN ^ | AOI21_X1  | 0.117 |   1.691 |    2.954 | 
     | U2735                | A ^ -> ZN v  | INV_X1    | 0.031 |   1.723 |    2.985 | 
     | U2739                | A v -> ZN ^  | AOI21_X1  | 0.047 |   1.769 |    3.032 | 
     | U2740                | A2 ^ -> ZN v | NOR2_X1   | 0.016 |   1.785 |    3.048 | 
     | U2741                | B1 v -> ZN ^ | AOI222_X1 | 0.076 |   1.861 |    3.124 | 
     | U2742                | A ^ -> ZN v  | OAI21_X1  | 0.027 |   1.888 |    3.151 | 
     | U2743                | B v -> ZN ^  | OAI211_X1 | 0.030 |   1.919 |    3.182 | 
     | U2797                | B1 ^ -> ZN v | AOI221_X1 | 0.029 |   1.948 |    3.211 | 
     | U2798                | A v -> ZN ^  | AOI21_X1  | 0.044 |   1.992 |    3.254 | 
     | U2801                | B1 ^ -> ZN v | AOI21_X1  | 0.036 |   2.028 |    3.291 | 
     | U2802                | A v -> ZN ^  | INV_X1    | 0.038 |   2.066 |    3.329 | 
     | U2804                | B2 ^ -> ZN v | OAI21_X1  | 0.025 |   2.090 |    3.353 | 
     | U2805                | C2 v -> ZN ^ | AOI222_X1 | 0.110 |   2.200 |    3.463 | 
     | U2806                | B1 ^ -> ZN v | AOI222_X1 | 0.036 |   2.236 |    3.499 | 
     | U2809                | B1 v -> ZN ^ | AOI21_X1  | 0.093 |   2.329 |    3.592 | 
     | U2810                | B2 ^ -> ZN v | AOI221_X1 | 0.041 |   2.370 |    3.633 | 
     | U2811                | C1 v -> ZN ^ | AOI222_X1 | 0.091 |   2.462 |    3.725 | 
     | U2815                | C1 ^ -> ZN v | OAI211_X1 | 0.028 |   2.489 |    3.752 | 
     | U2816                | A v -> ZN ^  | OAI21_X1  | 0.035 |   2.525 |    3.787 | 
     | U2824                | A1 ^ -> ZN ^ | OR4_X1    | 0.046 |   2.570 |    3.833 | 
     | U2920                | B1 ^ -> ZN v | AOI221_X1 | 0.026 |   2.596 |    3.859 | 
     | U2921                | A v -> ZN ^  | AOI21_X1  | 0.062 |   2.658 |    3.921 | 
     | U2924                | B1 ^ -> ZN v | AOI21_X1  | 0.051 |   2.709 |    3.972 | 
     | U3806                | B1 v -> ZN ^ | AOI22_X1  | 0.050 |   2.759 |    4.022 | 
     | U3809                | A1 ^ -> ZN v | AOI22_X1  | 0.022 |   2.782 |    4.044 | 
     | U3810                | B1 v -> ZN ^ | AOI222_X1 | 0.078 |   2.860 |    4.123 | 
     | U3813                | B1 ^ -> ZN v | AOI21_X1  | 0.049 |   2.909 |    4.172 | 
     | U4463                | B1 v -> ZN ^ | AOI22_X1  | 0.050 |   2.959 |    4.222 | 
     | U4464                | A1 ^ -> ZN v | NAND2_X1  | 0.017 |   2.975 |    4.238 | 
     | U4465                | A v -> ZN ^  | OAI21_X1  | 0.025 |   3.000 |    4.263 | 
     | U4467                | C1 ^ -> ZN v | AOI222_X1 | 0.031 |   3.031 |    4.293 | 
     | U4468                | B2 v -> ZN ^ | OAI21_X1  | 0.066 |   3.097 |    4.360 | 
     | U4540                | B2 ^ -> ZN v | OAI21_X1  | 0.030 |   3.127 |    4.390 | 
     | U4541                | C2 v -> ZN ^ | AOI222_X1 | 0.095 |   3.222 |    4.485 | 
     | U4542                | A ^ -> ZN v  | OAI21_X1  | 0.026 |   3.248 |    4.511 | 
     | U4543                | B v -> ZN ^  | OAI211_X1 | 0.030 |   3.278 |    4.541 | 
     | U4544                | A1 ^ -> ZN v | NAND2_X1  | 0.025 |   3.303 |    4.566 | 
     | U4565                | A1 v -> ZN ^ | NOR2_X1   | 0.034 |   3.337 |    4.600 | 
     | U4567                | A1 ^ -> ZN v | NAND2_X1  | 0.026 |   3.364 |    4.626 | 
     | U4576                | B v -> ZN v  | XNOR2_X1  | 0.043 |   3.406 |    4.669 | 
     | U2125                | A2 v -> ZN ^ | OAI22_X1  | 0.031 |   3.437 |    4.700 | 
     | p_reg_Y_temp_reg_54_ | D ^          | DFF_X1    | 0.000 |   3.437 |    4.700 | 
     +------------------------------------------------------------------------------+ 
Path 10: MET Setup Check with Pin p_reg_Y_temp_reg_56_/CK 
Endpoint:   p_reg_Y_temp_reg_56_/D (v) checked with  leading edge of 'CLK'
Beginpoint: A_reg_Y_temp_reg_3_/Q  (^) triggered by  leading edge of 'CLK'
Path Groups: {CLK}
Analysis View: default
Other End Arrival Time          0.065
- Setup                         0.031
+ Phase Shift                   4.716
+ CPPR Adjustment               0.000
- Uncertainty                   0.050
= Required Time                 4.700
- Arrival Time                  3.425
= Slack Time                    1.275
     Clock Rise Edge                 0.000
     + Clock Network Latency (Prop)  0.054
     = Beginpoint Arrival Time       0.054
     +------------------------------------------------------------------------------+ 
     |       Instance       |     Arc      |   Cell    | Delay | Arrival | Required | 
     |                      |              |           |       |  Time   |   Time   | 
     |----------------------+--------------+-----------+-------+---------+----------| 
     | A_reg_Y_temp_reg_3_  | CK ^         |           |       |   0.054 |    1.329 | 
     | A_reg_Y_temp_reg_3_  | CK ^ -> Q ^  | DFF_X1    | 0.179 |   0.233 |    1.508 | 
     | FE_OFC84_A_i_3       | A ^ -> Z ^   | CLKBUF_X1 | 0.158 |   0.391 |    1.667 | 
     | U2506                | A ^ -> ZN v  | INV_X1    | 0.083 |   0.475 |    1.750 | 
     | U2525                | A2 v -> ZN ^ | NAND2_X1  | 0.039 |   0.513 |    1.789 | 
     | U2526                | A ^ -> ZN v  | OAI221_X1 | 0.043 |   0.556 |    1.832 | 
     | U2529                | A v -> Z v   | XOR2_X1   | 0.065 |   0.621 |    1.897 | 
     | U2553                | B v -> S ^   | FA_X1     | 0.128 |   0.749 |    2.025 | 
     | U2536                | A ^ -> ZN v  | INV_X1    | 0.011 |   0.760 |    2.036 | 
     | U2537                | A2 v -> ZN ^ | NOR2_X1   | 0.057 |   0.817 |    2.093 | 
     | U2715                | A ^ -> ZN v  | AOI221_X1 | 0.025 |   0.842 |    2.117 | 
     | U2717                | C1 v -> ZN ^ | AOI222_X1 | 0.102 |   0.944 |    2.219 | 
     | U2718                | B1 ^ -> ZN v | AOI222_X1 | 0.040 |   0.984 |    2.259 | 
     | U2502                | C1 v -> ZN ^ | AOI222_X4 | 0.142 |   1.125 |    2.401 | 
     | U2721                | B1 ^ -> ZN v | AOI21_X1  | 0.019 |   1.144 |    2.419 | 
     | U2722                | C1 v -> ZN ^ | AOI222_X1 | 0.103 |   1.247 |    2.522 | 
     | U2725                | B2 ^ -> ZN v | AOI221_X1 | 0.034 |   1.281 |    2.557 | 
     | U2726                | A v -> ZN ^  | AOI21_X1  | 0.122 |   1.403 |    2.679 | 
     | U2727                | B1 ^ -> ZN v | AOI21_X1  | 0.028 |   1.432 |    2.707 | 
     | U2728                | C1 v -> ZN ^ | AOI222_X1 | 0.108 |   1.539 |    2.815 | 
     | U2730                | B1 ^ -> ZN v | AOI222_X1 | 0.035 |   1.574 |    2.850 | 
     | U2734                | B1 v -> ZN ^ | AOI21_X1  | 0.117 |   1.691 |    2.967 | 
     | U2735                | A ^ -> ZN v  | INV_X1    | 0.031 |   1.723 |    2.998 | 
     | U2739                | A v -> ZN ^  | AOI21_X1  | 0.047 |   1.769 |    3.045 | 
     | U2740                | A2 ^ -> ZN v | NOR2_X1   | 0.016 |   1.785 |    3.060 | 
     | U2741                | B1 v -> ZN ^ | AOI222_X1 | 0.076 |   1.861 |    3.137 | 
     | U2742                | A ^ -> ZN v  | OAI21_X1  | 0.027 |   1.888 |    3.164 | 
     | U2743                | B v -> ZN ^  | OAI211_X1 | 0.030 |   1.919 |    3.194 | 
     | U2797                | B1 ^ -> ZN v | AOI221_X1 | 0.029 |   1.948 |    3.224 | 
     | U2798                | A v -> ZN ^  | AOI21_X1  | 0.044 |   1.992 |    3.267 | 
     | U2801                | B1 ^ -> ZN v | AOI21_X1  | 0.036 |   2.028 |    3.303 | 
     | U2802                | A v -> ZN ^  | INV_X1    | 0.038 |   2.066 |    3.341 | 
     | U2804                | B2 ^ -> ZN v | OAI21_X1  | 0.025 |   2.090 |    3.366 | 
     | U2805                | C2 v -> ZN ^ | AOI222_X1 | 0.110 |   2.200 |    3.476 | 
     | U2806                | B1 ^ -> ZN v | AOI222_X1 | 0.036 |   2.236 |    3.512 | 
     | U2809                | B1 v -> ZN ^ | AOI21_X1  | 0.093 |   2.329 |    3.604 | 
     | U2810                | B2 ^ -> ZN v | AOI221_X1 | 0.041 |   2.370 |    3.646 | 
     | U2811                | C1 v -> ZN ^ | AOI222_X1 | 0.091 |   2.462 |    3.737 | 
     | U2815                | C1 ^ -> ZN v | OAI211_X1 | 0.028 |   2.489 |    3.765 | 
     | U2816                | A v -> ZN ^  | OAI21_X1  | 0.035 |   2.525 |    3.800 | 
     | U2824                | A1 ^ -> ZN ^ | OR4_X1    | 0.046 |   2.570 |    3.846 | 
     | U2920                | B1 ^ -> ZN v | AOI221_X1 | 0.026 |   2.596 |    3.871 | 
     | U2921                | A v -> ZN ^  | AOI21_X1  | 0.062 |   2.658 |    3.934 | 
     | U2924                | B1 ^ -> ZN v | AOI21_X1  | 0.051 |   2.709 |    3.985 | 
     | U3806                | B1 v -> ZN ^ | AOI22_X1  | 0.050 |   2.759 |    4.035 | 
     | U3809                | A1 ^ -> ZN v | AOI22_X1  | 0.022 |   2.782 |    4.057 | 
     | U3810                | B1 v -> ZN ^ | AOI222_X1 | 0.078 |   2.860 |    4.135 | 
     | U3813                | B1 ^ -> ZN v | AOI21_X1  | 0.049 |   2.909 |    4.184 | 
     | U4463                | B1 v -> ZN ^ | AOI22_X1  | 0.050 |   2.959 |    4.234 | 
     | U4464                | A1 ^ -> ZN v | NAND2_X1  | 0.017 |   2.975 |    4.251 | 
     | U4465                | A v -> ZN ^  | OAI21_X1  | 0.025 |   3.000 |    4.275 | 
     | U4467                | C1 ^ -> ZN v | AOI222_X1 | 0.031 |   3.031 |    4.306 | 
     | U4468                | B2 v -> ZN ^ | OAI21_X1  | 0.066 |   3.097 |    4.372 | 
     | U4540                | B2 ^ -> ZN v | OAI21_X1  | 0.030 |   3.127 |    4.403 | 
     | U4541                | C2 v -> ZN ^ | AOI222_X1 | 0.095 |   3.222 |    4.498 | 
     | U4542                | A ^ -> ZN v  | OAI21_X1  | 0.026 |   3.248 |    4.524 | 
     | U4543                | B v -> ZN ^  | OAI211_X1 | 0.030 |   3.278 |    4.554 | 
     | U4594                | A4 ^ -> ZN v | NOR4_X1   | 0.021 |   3.299 |    4.575 | 
     | U4599                | A1 v -> ZN ^ | NOR2_X1   | 0.041 |   3.341 |    4.616 | 
     | U4602                | A1 ^ -> ZN v | NAND3_X1  | 0.030 |   3.370 |    4.646 | 
     | U4603                | A v -> ZN ^  | OAI221_X1 | 0.027 |   3.398 |    4.673 | 
     | U2118                | A2 ^ -> ZN v | OAI22_X1  | 0.027 |   3.425 |    4.700 | 
     | p_reg_Y_temp_reg_56_ | D v          | DFF_X1    | 0.000 |   3.425 |    4.700 | 
     +------------------------------------------------------------------------------+ 

