###############################################################
#  Generated by:      Cadence Innovus 23.35-s106_1
#  OS:                Linux x86_64(Host ID microsys.openstack.polito)
#  Generated on:      Sat Oct 10 20:32:32 2026
#  Design:            boothmul_registered
#  Command:           report_ccopt_clock_trees -file reports/05_clock_trees.rpt
###############################################################

Clock DAG stats:
================

-------------------------------------------------------
Cell type                 Count    Area     Capacitance
-------------------------------------------------------
Buffers                     4      4.788       5.654
Inverters                   0      0.000       0.000
Integrated Clock Gates      0      0.000       0.000
Discrete Clock Gates        0      0.000       0.000
Clock Logic                 0      0.000       0.000
All                         4      4.788       5.654
-------------------------------------------------------

Clock DAG miscellaneous counts:
===============================

------------------------------
Type                     Count
------------------------------
Roots                      1
Preserved Ports            0
Multiple Clock Inputs      0
------------------------------


Clock DAG sink counts:
======================

-------------------------
Sink type           Count
-------------------------
Regular              128
Enable Latch           0
Load Capacitance       0
Antenna Diode          0
Node Sink              0
Total                128
-------------------------


Clock DAG wire lengths:
=======================

--------------------
Type     Wire Length
--------------------
Top          0.000
Trunk      167.450
Leaf       446.410
Total      613.860
--------------------


Clock DAG hp wire lengths:
==========================

-----------------------
Type     hp Wire Length
-----------------------
Top           0.000
Trunk         0.000
Leaf        305.430
Total       305.430
-----------------------


Clock DAG capacitances:
=======================

-------------------------------------
Type     Gate       Wire      Total
-------------------------------------
Top        0.000     0.000      0.000
Trunk      5.654    16.673     22.328
Leaf     122.157    47.313    169.471
Total    127.811    63.987    191.798
-------------------------------------


Clock DAG sink capacitances:
============================

-------------------------------------------------
Total      Average    Std. Dev.    Min      Max
-------------------------------------------------
122.157     0.954       0.008      0.930    0.965
-------------------------------------------------


Clock DAG net violations:
=========================

None


Clock DAG primary half-corner transition distribution:
======================================================

--------------------------------------------------------------------------------------------------------------------------------------------------------------
Net Type    Target    Count    Average    Std. Dev.    Min      Max      Distribution                                                              Over Target
--------------------------------------------------------------------------------------------------------------------------------------------------------------
Trunk       0.050       1       0.003       0.000      0.003    0.003    {1 <= 0.030ns, 0 <= 0.040ns, 0 <= 0.045ns, 0 <= 0.048ns, 0 <= 0.050ns}         -
Leaf        0.050       4       0.041       0.005      0.035    0.046    {0 <= 0.030ns, 2 <= 0.040ns, 1 <= 0.045ns, 1 <= 0.048ns, 0 <= 0.050ns}         -
--------------------------------------------------------------------------------------------------------------------------------------------------------------


Clock DAG library cell distribution:
====================================

------------------------------------------
Name         Type      Inst     Inst Area 
                       Count    (um^2)
------------------------------------------
CLKBUF_X3    buffer      2        2.660
CLKBUF_X2    buffer      2        2.128
------------------------------------------



Please note that the following tables reflect only the defined clock trees, so the flop counts might not include all flops in your design.

Clock Tree Summary:
===================

------------------------------------------------------------------------------------------------------------------------
Clock Tree  Clock  Bufs  Invs  Other  Max       Max     Max     Max          Standard   Wire    Gate     Clock Tree Root
Name        Gates              Clock  Non-leaf  Leaf    Length  Source-sink  cell area  cap     cap      
                               Cells  Fanout    Fanout  (um)    Resistance   (um^2)     (fF)    (fF)     
                                                                (Ohms)                                   
------------------------------------------------------------------------------------------------------------------------
CLK           0     4     0      0       4        41    127.89    3074.6       4.788    63.987  127.811  CLK
------------------------------------------------------------------------------------------------------------------------

Clock Sink Summary:
===================

-------------------------------------------------------------------------------------------------------------------------------------------
Clock Tree  Explicit      Implicit      Explicit     Implicit     Explicit   Implicit   Posedge  Negedge  Memory  Enable  Non enable  Other
Name        exclude pins  exclude pins  ignore pins  ignore pins  stop pins  stop pins  Flops    Flops    Clock   Latch   Latch       Sinks
                                                                                                          Pins    Sinks   Sinks       
-------------------------------------------------------------------------------------------------------------------------------------------
CLK              0             0             0            0           0          0        128       0       0       0         0         0
-------------------------------------------------------------------------------------------------------------------------------------------

Summary across all clock trees:
===============================

---------------------------------------------------------------------------------------------------------------
Clock  Bufs  Invs  Other  Max       Average   Max     Average  Max      Max          Standard   Wire    Gate
Gates              Clock  Non-leaf  Non-leaf  Leaf    Leaf     Length   Source-sink  cell area  cap     cap
                   Cells  Fanout    Fanout    Fanout  Fanout   (um)     Resistance   (um^2)     (fF)    (fF)
                                                                        (Ohms)                          
---------------------------------------------------------------------------------------------------------------
  0     4     0      0       4         4        41      32     127.890    307.460      4.788    63.987  127.811
---------------------------------------------------------------------------------------------------------------

Clock Sink Summary across all clock trees:
==========================================

-------------------------------------------------------------------------------------------------------------------------------
Explicit      Implicit      Explicit     Implicit     Explicit   Implicit   Posedge  Negedge  Memory  Enable  Non enable  Other
exclude pins  exclude pins  ignore pins  ignore pins  stop pins  stop pins  Flops    Flops    Clock   Latch   Latch       Sinks
                                                                                              Pins    Sinks   Sinks       
-------------------------------------------------------------------------------------------------------------------------------
     0             0             0            0           0          0        128       0       0       0         0         0
-------------------------------------------------------------------------------------------------------------------------------

Physical metrics across all clock trees:
========================================

-----------------------------------------------------------------------
Metric                               Minimum  Average  Maximum  Std.dev
-----------------------------------------------------------------------
Source-sink routed net length (um)    58.330   90.922  127.890  26.978
Source-sink manhattan distance (um)   52.085   80.543  128.030  29.190
Source-sink resistance (Ohm)         205.541  254.351  307.460  36.304
-----------------------------------------------------------------------

Transition distribution for half-corner std-typ:both.late:
==========================================================

--------------------------------------------------------------------------------------------------------------------------------------------------------------
Net Type    Target    Count    Average    Std. Dev.    Min      Max      Distribution                                                              Over Target
--------------------------------------------------------------------------------------------------------------------------------------------------------------
Trunk       0.050       1       0.003       0.000      0.003    0.003    {1 <= 0.030ns, 0 <= 0.040ns, 0 <= 0.045ns, 0 <= 0.048ns, 0 <= 0.050ns}         -
Leaf        0.050       4       0.041       0.005      0.035    0.046    {0 <= 0.030ns, 2 <= 0.040ns, 1 <= 0.045ns, 1 <= 0.048ns, 0 <= 0.050ns}         -
--------------------------------------------------------------------------------------------------------------------------------------------------------------

Count of violations across all clock trees:
===========================================

---------------------------------------------------------------------------------------
Clock Tree  # Max capacitance  # Max resistance  # Max length  # Max fanout  # Slew
Name        violations         violations        violations    violations    violations
---------------------------------------------------------------------------------------
CLK                 0                 0               0             0            0
---------------------------------------------------------------------------------------
Total               0                 0               0             0            0
---------------------------------------------------------------------------------------

Note the above table per clock tree is based on CCOpt clock tree view. The violations are counted across half corners.

Found a total of 0 clock tree pins with max capacitance violations.
Found a total of 0 clock tree nets with max resistance violations.
Found a total of 0 clock tree nets with max length violations.
Found a total of 0 clock tree nets with max fanout violations.
Found a total of 0 clock tree pins with a slew violation.

Report for clock tree: CLK:
===========================

Clock Tree Gating Structure (Logical):

# Full cycle clock gates   : 0
Minimum clock gating depth : 0
Maximum clock gating depth : 0
Clock gate area (um^2)     : 0.000

Clock Tree Buffering Structure (Logical):

# Buffers             : 4
# Inverters           : 0
  Total               : 4
Minimum depth         : 1
Maximum depth         : 1
Buffering area (um^2) : 4.788

Clock Tree Level Structure (Logical):

-----------------------------------------------------------------
Level  Full   Posedge  Negedge  Memory  Enable  Non enable  Other
       Cycle  Flops    Flops    Clock   Latch   Latch       Sinks
                                Pins    Sinks   Sinks       
-----------------------------------------------------------------
root     0      128       0       0       0         0         0
-----------------------------------------------------------------
Total    0      128       0       0       0         0         0
-----------------------------------------------------------------

Target and measured clock slews (in ns):

-----------------------------------------------------------------------------------------------------------------------------
Timing Corner       Worst Rising  Worst Falling  Worst Rising  Worst Falling  Leaf Slew    Leaf Slew  Trunk Slew   Trunk Slew
                    Leaf Slew     Leaf Slew      Trunk Slew    Trunk Slew     Target Type  Target     Target Type  Target
-----------------------------------------------------------------------------------------------------------------------------
std-typ:both.early     0.046          0.045         0.003          0.003      ignored          -      ignored          -
std-typ:both.late      0.046          0.045         0.003          0.003      explicit      0.050     explicit      0.050
-----------------------------------------------------------------------------------------------------------------------------

* - indicates that target was not met.

auto extracted - target was extracted from SDC.
auto computed - target was computed when balancing trees.

