 
****************************************
Report : area
Design : boothmul_registered
Version: W-2024.09-SP2
Date   : Mon Sep 21 18:33:03 2026
****************************************

Library(s) Used:

    NangateOpenCellLibrary (File: /home/repository/do/libnandgate/NangateOpenCellLibrary_typical_ecsm.db)

Number of ports:                          131
Number of nets:                          5852
Number of cells:                         5630
Number of combinational cells:           5495
Number of sequential cells:               128
Number of macros/black boxes:               0
Number of buf/inv:                        861
Number of references:                      47

Combinational area:               6915.467955
Buf/Inv area:                      507.794002
Noncombinational area:             592.913982
Macro/Black Box area:                0.000000
Net Interconnect area:      undefined  (Wire load has zero net area)

Total cell area:                  7508.381937
Total area:                 undefined
1
