 
****************************************
Report : area
Design : boothmul_registered
Version: W-2024.09-SP2
Date   : Mon Sep 21 18:23:16 2026
****************************************

Library(s) Used:

    NangateOpenCellLibrary (File: /home/repository/do/libnandgate/NangateOpenCellLibrary_typical_ecsm.db)

Number of ports:                          131
Number of nets:                          6788
Number of cells:                         6603
Number of combinational cells:           6447
Number of sequential cells:               128
Number of macros/black boxes:               0
Number of buf/inv:                       1365
Number of references:                      48

Combinational area:               7826.251958
Buf/Inv area:                      854.391998
Noncombinational area:             604.883988
Macro/Black Box area:                0.000000
Net Interconnect area:      undefined  (Wire load has zero net area)

Total cell area:                  8431.135947
Total area:                 undefined
1
