 
****************************************
Report : reference
Design : boothmul_registered
Version: W-2024.09-SP2
Date   : Mon Sep 21 18:23:16 2026
****************************************

Attributes:
    b - black box (unknown)
   bo - allows boundary optimization
    d - dont_touch
   mo - map_only
    h - hierarchical
    n - noncombinational
    r - removable
    s - synthetic operator
    u - contains unmapped logic

Reference          Library       Unit Area   Count    Total Area   Attributes
-----------------------------------------------------------------------------
AND2_X1            NangateOpenCellLibrary
                                  1.064000     443    471.352005  
AND2_X2            NangateOpenCellLibrary
                                  1.330000      29     38.570001  
AND2_X4            NangateOpenCellLibrary
                                  2.394000       2      4.788000  
AND3_X1            NangateOpenCellLibrary
                                  1.330000      26     34.580001  
AND3_X2            NangateOpenCellLibrary
                                  1.596000       4      6.384000  
AND4_X1            NangateOpenCellLibrary
                                  1.596000       4      6.384000  
AOI21_X1           NangateOpenCellLibrary
                                  1.064000      69     73.416001  
AOI22_X1           NangateOpenCellLibrary
                                  1.330000     117    155.610005  
AOI22_X2           NangateOpenCellLibrary
                                  2.394000       2      4.788000  
BUF_X1             NangateOpenCellLibrary
                                  0.798000     278    221.843994  
BUF_X2             NangateOpenCellLibrary
                                  1.064000      50     53.200001  
BUF_X4             NangateOpenCellLibrary
                                  1.862000       3      5.586000  
CLKBUF_X1          NangateOpenCellLibrary
                                  0.798000      63     50.273999  
CLKBUF_X2          NangateOpenCellLibrary
                                  1.064000       5      5.320000  
DFFS_X1            NangateOpenCellLibrary
                                  5.320000      26    138.320004  n
DFFS_X2            NangateOpenCellLibrary
                                  5.586000       1      5.586000  n
DFF_X1             NangateOpenCellLibrary
                                  4.522000      95    429.589984  n
DFF_X2             NangateOpenCellLibrary
                                  5.054000       5     25.270000  n
FA_X1              NangateOpenCellLibrary
                                  4.256000     303   1289.568013  r
INV_X1             NangateOpenCellLibrary
                                  0.532000     950    505.400005  
INV_X2             NangateOpenCellLibrary
                                  0.798000      16     12.768000  
MUX2_X1            NangateOpenCellLibrary
                                  1.862000      83    154.545999  
MUX2_X2            NangateOpenCellLibrary
                                  2.394000       1      2.394000  
NAND2_X1           NangateOpenCellLibrary
                                  0.798000    1072    855.455976  
NAND2_X2           NangateOpenCellLibrary
                                  1.330000       2      2.660000  
NAND3_X1           NangateOpenCellLibrary
                                  1.064000      48     51.072001  
NAND3_X2           NangateOpenCellLibrary
                                  1.862000       1      1.862000  
NAND4_X1           NangateOpenCellLibrary
                                  1.330000      14     18.620001  
NOR2_X1            NangateOpenCellLibrary
                                  0.798000     146    116.507997  
NOR2_X2            NangateOpenCellLibrary
                                  1.330000       3      3.990000  
NOR3_X1            NangateOpenCellLibrary
                                  1.064000       8      8.512000  
NOR4_X1            NangateOpenCellLibrary
                                  1.330000       4      5.320000  
OAI21_X1           NangateOpenCellLibrary
                                  1.064000     303    322.392003  
OAI21_X2           NangateOpenCellLibrary
                                  1.862000       5      9.310000  
OAI22_X1           NangateOpenCellLibrary
                                  1.330000      92    122.360004  
OAI211_X1          NangateOpenCellLibrary
                                  1.330000      30     39.900001  
OAI211_X2          NangateOpenCellLibrary
                                  2.394000       2      4.788000  
OR2_X1             NangateOpenCellLibrary
                                  1.064000     851    905.464009  
OR2_X2             NangateOpenCellLibrary
                                  1.330000      24     31.920001  
OR2_X4             NangateOpenCellLibrary
                                  2.394000       4      9.576000  
OR3_X1             NangateOpenCellLibrary
                                  1.330000      30     39.900001  
OR3_X2             NangateOpenCellLibrary
                                  1.596000       2      3.192000  
OR4_X1             NangateOpenCellLibrary
                                  1.596000       1      1.596000  
SDFF_X1            NangateOpenCellLibrary
                                  6.118000       1      6.118000  n
XNOR2_X1           NangateOpenCellLibrary
                                  1.596000    1266   2020.535944  
XNOR2_X2           NangateOpenCellLibrary
                                  2.660000       8     21.280001  
XOR2_X1            NangateOpenCellLibrary
                                  1.596000      82    130.871996  
XOR2_X2            NangateOpenCellLibrary
                                  2.394000       1      2.394000  
-----------------------------------------------------------------------------
Total 48 references                                  8431.135947
1
