 
****************************************
Report : reference
Design : boothmul_registered
Version: W-2024.09-SP2
Date   : Mon Sep 21 18:25:11 2026
****************************************

Attributes:
    b - black box (unknown)
   bo - allows boundary optimization
    d - dont_touch
   mo - map_only
    h - hierarchical
    n - noncombinational
    r - removable
    s - synthetic operator
    u - contains unmapped logic

Reference          Library       Unit Area   Count    Total Area   Attributes
-----------------------------------------------------------------------------
AND2_X1            NangateOpenCellLibrary
                                  1.064000     463    492.632005  
AND2_X2            NangateOpenCellLibrary
                                  1.330000      27     35.910001  
AND3_X1            NangateOpenCellLibrary
                                  1.330000      14     18.620001  
AND3_X2            NangateOpenCellLibrary
                                  1.596000       1      1.596000  
AND4_X1            NangateOpenCellLibrary
                                  1.596000       3      4.788000  
AOI21_X1           NangateOpenCellLibrary
                                  1.064000      65     69.160001  
AOI22_X1           NangateOpenCellLibrary
                                  1.330000     143    190.190006  
AOI211_X1          NangateOpenCellLibrary
                                  1.330000       1      1.330000  
BUF_X1             NangateOpenCellLibrary
                                  0.798000     169    134.861996  
BUF_X2             NangateOpenCellLibrary
                                  1.064000      43     45.752000  
BUF_X4             NangateOpenCellLibrary
                                  1.862000       1      1.862000  
CLKBUF_X1          NangateOpenCellLibrary
                                  0.798000      74     59.051998  
CLKBUF_X2          NangateOpenCellLibrary
                                  1.064000       4      4.256000  
DFFS_X1            NangateOpenCellLibrary
                                  5.320000      17     90.440003  n
DFFS_X2            NangateOpenCellLibrary
                                  5.586000       1      5.586000  n
DFF_X1             NangateOpenCellLibrary
                                  4.522000     100    452.199984  n
DFF_X2             NangateOpenCellLibrary
                                  5.054000       9     45.485999  n
FA_X1              NangateOpenCellLibrary
                                  4.256000     280   1191.680012  r
INV_X1             NangateOpenCellLibrary
                                  0.532000     918    488.376005  
INV_X2             NangateOpenCellLibrary
                                  0.798000      12      9.576000  
INV_X4             NangateOpenCellLibrary
                                  1.330000       1      1.330000  
INV_X8             NangateOpenCellLibrary
                                  2.394000       1      2.394000  
MUX2_X1            NangateOpenCellLibrary
                                  1.862000      73    135.925999  
MUX2_X2            NangateOpenCellLibrary
                                  2.394000       1      2.394000  
NAND2_X1           NangateOpenCellLibrary
                                  0.798000    1045    833.909977  
NAND2_X2           NangateOpenCellLibrary
                                  1.330000       1      1.330000  
NAND3_X1           NangateOpenCellLibrary
                                  1.064000      46     48.944000  
NAND4_X1           NangateOpenCellLibrary
                                  1.330000      17     22.610001  
NOR2_X1            NangateOpenCellLibrary
                                  0.798000     111     88.577998  
NOR2_X2            NangateOpenCellLibrary
                                  1.330000       1      1.330000  
NOR3_X1            NangateOpenCellLibrary
                                  1.064000       3      3.192000  
NOR4_X1            NangateOpenCellLibrary
                                  1.330000       2      2.660000  
OAI21_X1           NangateOpenCellLibrary
                                  1.064000     341    362.824004  
OAI21_X2           NangateOpenCellLibrary
                                  1.862000       5      9.310000  
OAI22_X1           NangateOpenCellLibrary
                                  1.330000      85    113.050004  
OAI211_X1          NangateOpenCellLibrary
                                  1.330000      26     34.580001  
OAI211_X2          NangateOpenCellLibrary
                                  2.394000       2      4.788000  
OR2_X1             NangateOpenCellLibrary
                                  1.064000     678    721.392007  
OR2_X2             NangateOpenCellLibrary
                                  1.330000      20     26.600001  
OR2_X4             NangateOpenCellLibrary
                                  2.394000       2      4.788000  
OR3_X1             NangateOpenCellLibrary
                                  1.330000      15     19.950001  
OR3_X2             NangateOpenCellLibrary
                                  1.596000       7     11.172000  
OR4_X1             NangateOpenCellLibrary
                                  1.596000       1      1.596000  
SDFF_X1            NangateOpenCellLibrary
                                  6.118000       1      6.118000  n
XNOR2_X1           NangateOpenCellLibrary
                                  1.596000    1254   2001.383945  
XNOR2_X2           NangateOpenCellLibrary
                                  2.660000      12     31.920001  
XOR2_X1            NangateOpenCellLibrary
                                  1.596000      99    158.003996  
XOR2_X2            NangateOpenCellLibrary
                                  2.394000       1      2.394000  
-----------------------------------------------------------------------------
Total 48 references                                  7997.821944
1
