 
****************************************
Report : timing
        -path full
        -delay max
        -max_paths 1
Design : boothmul_registered
Version: W-2024.09-SP2
Date   : Mon Sep 21 13:04:42 2026
****************************************

Operating Conditions: typical   Library: NangateOpenCellLibrary
Wire Load Model Mode: top

  Startpoint: B_reg_Y_temp_reg_1_
              (rising edge-triggered flip-flop clocked by CLK)
  Endpoint: p_reg_Y_temp_reg_61_
            (rising edge-triggered flip-flop clocked by CLK)
  Path Group: CLK
  Path Type: max

  Des/Clust/Port     Wire Load Model       Library
  ------------------------------------------------
  boothmul_registered
                     5K_hvratio_1_4        NangateOpenCellLibrary

  Point                                    Incr       Path
  -----------------------------------------------------------
  clock CLK (rise edge)                    0.00       0.00
  clock network delay (ideal)              0.05       0.05
  B_reg_Y_temp_reg_1_/CK (DFF_X1)          0.00       0.05 r
  B_reg_Y_temp_reg_1_/QN (DFF_X1)          0.18       0.23 r
  U3673/ZN (NOR2_X1)                       0.05       0.28 f
  U3674/ZN (NOR2_X1)                       0.10       0.38 r
  U3675/ZN (INV_X1)                        0.09       0.48 f
  U3676/ZN (AOI22_X1)                      0.08       0.56 r
  U3647/ZN (INV_X1)                        0.05       0.61 f
  U3648/ZN (INV_X1)                        0.11       0.72 r
  U3706/ZN (AOI22_X1)                      0.06       0.78 f
  U3707/ZN (INV_X1)                        0.12       0.89 r
  U3658/ZN (INV_X2)                        0.14       1.04 f
  U3712/ZN (XNOR2_X1)                      0.11       1.14 f
  U3713/ZN (XNOR2_X1)                      0.09       1.23 r
  U3714/ZN (XNOR2_X1)                      0.08       1.31 r
  U4885/ZN (AOI21_X1)                      0.04       1.35 f
  U4897/S (FA_X1)                          0.15       1.50 r
  U4896/ZN (INV_X1)                        0.03       1.53 f
  U4904/ZN (AND3_X1)                       0.05       1.58 f
  U4905/Z (XOR2_X1)                        0.07       1.65 f
  U4907/ZN (OAI22_X1)                      0.05       1.70 r
  U4908/ZN (INV_X1)                        0.03       1.72 f
  U4909/ZN (AOI22_X1)                      0.11       1.83 r
  U4910/ZN (INV_X1)                        0.05       1.88 f
  U4912/ZN (NOR2_X1)                       0.05       1.93 r
  U4914/ZN (NOR2_X1)                       0.03       1.96 f
  U4921/ZN (AOI21_X1)                      0.09       2.05 r
  U4922/ZN (INV_X1)                        0.05       2.10 f
  U4938/ZN (OAI21_X1)                      0.06       2.16 r
  U4939/ZN (OAI211_X1)                     0.04       2.20 f
  U4942/ZN (OAI221_X1)                     0.13       2.33 r
  U4943/ZN (INV_X1)                        0.05       2.38 f
  U4949/ZN (OAI21_X1)                      0.05       2.43 r
  U4950/ZN (AOI22_X1)                      0.04       2.47 f
  U4954/ZN (AOI21_X1)                      0.10       2.57 r
  U4956/ZN (AOI21_X1)                      0.04       2.62 f
  U4960/ZN (OAI22_X1)                      0.07       2.69 r
  U4962/ZN (OAI221_X1)                     0.08       2.76 f
  U4963/ZN (INV_X1)                        0.07       2.83 r
  U4964/ZN (OAI22_X1)                      0.05       2.88 f
  U4971/ZN (OAI211_X1)                     0.06       2.94 r
  U5518/ZN (AOI221_X1)                     0.04       2.98 f
  U5519/ZN (NOR2_X1)                       0.07       3.04 r
  U5530/ZN (INV_X1)                        0.03       3.07 f
  U5531/ZN (AOI211_X1)                     0.05       3.13 r
  U5532/ZN (AOI211_X1)                     0.04       3.16 f
  U5533/ZN (AOI211_X1)                     0.10       3.26 r
  U5601/ZN (NAND3_X1)                      0.05       3.31 f
  U5938/ZN (NOR3_X1)                       0.07       3.38 r
  U6693/ZN (NAND2_X1)                      0.04       3.42 f
  U6694/ZN (OAI221_X1)                     0.06       3.48 r
  U6695/ZN (NAND2_X1)                      0.05       3.53 f
  U6831/ZN (AOI22_X1)                      0.07       3.60 r
  U6833/ZN (AOI21_X1)                      0.05       3.65 f
  U6987/ZN (AOI221_X1)                     0.10       3.74 r
  U6988/ZN (AOI21_X1)                      0.04       3.79 f
  U7034/ZN (NOR2_X1)                       0.06       3.85 r
  U7053/ZN (INV_X1)                        0.03       3.88 f
  U7054/ZN (AOI22_X1)                      0.06       3.94 r
  U7056/ZN (AOI22_X1)                      0.04       3.98 f
  U7057/ZN (OAI21_X1)                      0.04       4.02 r
  U7058/ZN (OAI21_X1)                      0.04       4.06 f
  U3285/ZN (AND2_X1)                       0.05       4.11 f
  U3292/ZN (AOI222_X1)                     0.10       4.21 r
  U3293/ZN (INV_X1)                        0.02       4.23 f
  p_reg_Y_temp_reg_61_/D (DFF_X1)          0.01       4.24 f
  data arrival time                                   4.24

  clock CLK (rise edge)                    5.50       5.50
  clock network delay (ideal)              0.05       5.55
  clock uncertainty                       -0.05       5.50
  p_reg_Y_temp_reg_61_/CK (DFF_X1)         0.00       5.50 r
  library setup time                      -0.03       5.47
  data required time                                  5.47
  -----------------------------------------------------------
  data required time                                  5.47
  data arrival time                                  -4.24
  -----------------------------------------------------------
  slack (MET)                                         1.23


1
