 
****************************************
Report : timing
        -path full
        -delay max
        -max_paths 1
Design : boothmul_registered
Version: W-2024.09-SP2
Date   : Mon Sep 21 12:57:39 2026
****************************************

Operating Conditions: typical   Library: NangateOpenCellLibrary
Wire Load Model Mode: top

  Startpoint: B_reg_Y_temp_reg_12_
              (rising edge-triggered flip-flop clocked by CLK)
  Endpoint: p_reg_Y_temp_reg_63_
            (rising edge-triggered flip-flop clocked by CLK)
  Path Group: CLK
  Path Type: max

  Des/Clust/Port     Wire Load Model       Library
  ------------------------------------------------
  boothmul_registered
                     5K_hvratio_1_4        NangateOpenCellLibrary

  Point                                    Incr       Path
  -----------------------------------------------------------
  clock CLK (rise edge)                    0.00       0.00
  clock network delay (ideal)              0.05       0.05
  B_reg_Y_temp_reg_12_/CK (DFF_X1)         0.00       0.05 r
  B_reg_Y_temp_reg_12_/Q (DFF_X1)          0.12       0.17 r
  U5021/ZN (AOI21_X1)                      0.05       0.21 f
  U5244/ZN (INV_X1)                        0.05       0.26 r
  U5051/ZN (NAND2_X1)                      0.05       0.31 f
  U4880/ZN (NAND2_X1)                      0.04       0.35 r
  U4471/Z (BUF_X2)                         0.09       0.44 r
  U5444/ZN (OAI22_X1)                      0.07       0.51 f
  U5445/ZN (XNOR2_X1)                      0.07       0.58 f
  U4161/ZN (INV_X1)                        0.03       0.61 r
  U4724/ZN (XNOR2_X1)                      0.06       0.67 r
  U4736/ZN (XNOR2_X1)                      0.06       0.74 r
  U4686/ZN (XNOR2_X1)                      0.07       0.81 r
  U4728/ZN (XNOR2_X1)                      0.07       0.88 r
  U4624/ZN (XNOR2_X1)                      0.06       0.94 r
  U4515/ZN (XNOR2_X1)                      0.08       1.02 r
  U4557/Z (XOR2_X1)                        0.08       1.10 r
  U3642/ZN (AND3_X2)                       0.07       1.17 r
  U4907/ZN (XNOR2_X1)                      0.07       1.23 r
  U7135/ZN (NAND2_X1)                      0.04       1.27 f
  U7137/ZN (NAND2_X1)                      0.04       1.31 r
  U4684/ZN (NAND2_X1)                      0.03       1.34 f
  U4683/ZN (NAND2_X1)                      0.03       1.36 r
  U4889/ZN (OAI21_X1)                      0.03       1.40 f
  U4695/ZN (OR2_X1)                        0.06       1.46 f
  U4727/ZN (AOI21_X1)                      0.04       1.50 r
  U7264/ZN (OAI21_X1)                      0.04       1.53 f
  U4712/ZN (NAND2_X1)                      0.03       1.56 r
  U4711/ZN (NAND2_X1)                      0.03       1.60 f
  U4718/ZN (NAND4_X1)                      0.03       1.63 r
  U4905/ZN (NAND4_X1)                      0.04       1.67 f
  U4944/ZN (NAND4_X1)                      0.04       1.71 r
  U4826/ZN (NAND2_X1)                      0.04       1.74 f
  U4725/ZN (AND2_X1)                       0.04       1.78 f
  U3740/ZN (OAI21_X1)                      0.05       1.83 r
  U4781/ZN (NAND2_X1)                      0.04       1.87 f
  U4690/ZN (AND3_X2)                       0.05       1.92 f
  U4540/ZN (OAI211_X1)                     0.06       1.99 r
  U4737/ZN (NAND2_X1)                      0.04       2.03 f
  U4839/ZN (NAND2_X1)                      0.04       2.07 r
  U8314/ZN (AOI21_X1)                      0.03       2.11 f
  U8315/ZN (OR2_X1)                        0.06       2.16 f
  p_reg_Y_temp_reg_63_/D (DFF_X1)          0.01       2.17 f
  data arrival time                                   2.17

  clock CLK (rise edge)                    2.20       2.20
  clock network delay (ideal)              0.05       2.25
  clock uncertainty                       -0.05       2.20
  p_reg_Y_temp_reg_63_/CK (DFF_X1)         0.00       2.20 r
  library setup time                      -0.03       2.17
  data required time                                  2.17
  -----------------------------------------------------------
  data required time                                  2.17
  data arrival time                                  -2.17
  -----------------------------------------------------------
  slack (MET)                                         0.00


1
