 
****************************************
Report : area
Design : boothmul_registered
Version: W-2024.09-SP2
Date   : Mon Sep 21 18:21:12 2026
****************************************

Library(s) Used:

    NangateOpenCellLibrary (File: /home/repository/do/libnandgate/NangateOpenCellLibrary_typical_ecsm.db)

Number of ports:                          131
Number of nets:                          6281
Number of cells:                         6089
Number of combinational cells:           5955
Number of sequential cells:               128
Number of macros/black boxes:               0
Number of buf/inv:                        973
Number of references:                      49

Combinational area:               7236.263944
Buf/Inv area:                      577.220001
Noncombinational area:             592.647982
Macro/Black Box area:                0.000000
Net Interconnect area:      undefined  (Wire load has zero net area)

Total cell area:                  7828.911926
Total area:                 undefined
1
