 
****************************************
Report : area
Design : boothmul_registered
Version: W-2024.09-SP2
Date   : Mon Sep 21 18:08:39 2026
****************************************

Library(s) Used:

    NangateOpenCellLibrary (File: /home/repository/do/libnandgate/NangateOpenCellLibrary_typical_ecsm.db)

Number of ports:                          131
Number of nets:                          7617
Number of cells:                         7449
Number of combinational cells:           7293
Number of sequential cells:               128
Number of macros/black boxes:               0
Number of buf/inv:                       1492
Number of references:                      52

Combinational area:               8626.379959
Buf/Inv area:                      891.632001
Noncombinational area:             607.809988
Macro/Black Box area:                0.000000
Net Interconnect area:      undefined  (Wire load has zero net area)

Total cell area:                  9234.189947
Total area:                 undefined
1
