 
****************************************
Report : area
Design : boothmul_registered
Version: W-2024.09-SP2
Date   : Mon Sep 21 18:16:10 2026
****************************************

Library(s) Used:

    NangateOpenCellLibrary (File: /home/repository/do/libnandgate/NangateOpenCellLibrary_typical_ecsm.db)

Number of ports:                          131
Number of nets:                          6380
Number of cells:                         6194
Number of combinational cells:           6048
Number of sequential cells:               128
Number of macros/black boxes:               0
Number of buf/inv:                       1165
Number of references:                      44

Combinational area:               7375.381955
Buf/Inv area:                      686.546002
Noncombinational area:             601.957985
Macro/Black Box area:                0.000000
Net Interconnect area:      undefined  (Wire load has zero net area)

Total cell area:                  7977.339940
Total area:                 undefined
1
