 
****************************************
Report : reference
Design : boothmul_registered
Version: W-2024.09-SP2
Date   : Mon Sep 21 18:21:12 2026
****************************************

Attributes:
    b - black box (unknown)
   bo - allows boundary optimization
    d - dont_touch
   mo - map_only
    h - hierarchical
    n - noncombinational
    r - removable
    s - synthetic operator
    u - contains unmapped logic

Reference          Library       Unit Area   Count    Total Area   Attributes
-----------------------------------------------------------------------------
AND2_X1            NangateOpenCellLibrary
                                  1.064000     514    546.896005  
AND2_X2            NangateOpenCellLibrary
                                  1.330000      20     26.600001  
AND2_X4            NangateOpenCellLibrary
                                  2.394000       2      4.788000  
AND3_X1            NangateOpenCellLibrary
                                  1.330000      19     25.270001  
AND3_X2            NangateOpenCellLibrary
                                  1.596000       2      3.192000  
AND4_X1            NangateOpenCellLibrary
                                  1.596000       2      3.192000  
AOI21_X1           NangateOpenCellLibrary
                                  1.064000      53     56.392001  
AOI21_X2           NangateOpenCellLibrary
                                  1.862000       1      1.862000  
AOI22_X1           NangateOpenCellLibrary
                                  1.330000     115    152.950005  
AOI211_X1          NangateOpenCellLibrary
                                  1.330000       5      6.650000  
AOI222_X1          NangateOpenCellLibrary
                                  2.128000       9     19.152000  
BUF_X1             NangateOpenCellLibrary
                                  0.798000      73     58.253998  
BUF_X2             NangateOpenCellLibrary
                                  1.064000      23     24.472000  
BUF_X4             NangateOpenCellLibrary
                                  1.862000       3      5.586000  
BUF_X8             NangateOpenCellLibrary
                                  3.458000       1      3.458000  
CLKBUF_X1          NangateOpenCellLibrary
                                  0.798000      55     43.889999  
CLKBUF_X2          NangateOpenCellLibrary
                                  1.064000       2      2.128000  
DFFS_X1            NangateOpenCellLibrary
                                  5.320000       4     21.280001  n
DFF_X1             NangateOpenCellLibrary
                                  4.522000     108    488.375982  n
DFF_X2             NangateOpenCellLibrary
                                  5.054000      14     70.755999  n
FA_X1              NangateOpenCellLibrary
                                  4.256000     254   1081.024011  r
INV_X1             NangateOpenCellLibrary
                                  0.532000     796    423.472004  
INV_X2             NangateOpenCellLibrary
                                  0.798000      20     15.960000  
MUX2_X1            NangateOpenCellLibrary
                                  1.862000      79    147.097999  
MUX2_X2            NangateOpenCellLibrary
                                  2.394000       2      4.788000  
NAND2_X1           NangateOpenCellLibrary
                                  0.798000    1225    977.549973  
NAND2_X2           NangateOpenCellLibrary
                                  1.330000       2      2.660000  
NAND3_X1           NangateOpenCellLibrary
                                  1.064000      30     31.920000  
NAND4_X1           NangateOpenCellLibrary
                                  1.330000       2      2.660000  
NOR2_X1            NangateOpenCellLibrary
                                  0.798000     175    139.649996  
NOR3_X1            NangateOpenCellLibrary
                                  1.064000       9      9.576000  
NOR4_X1            NangateOpenCellLibrary
                                  1.330000       1      1.330000  
OAI21_X1           NangateOpenCellLibrary
                                  1.064000     349    371.336004  
OAI21_X2           NangateOpenCellLibrary
                                  1.862000       2      3.724000  
OAI22_X1           NangateOpenCellLibrary
                                  1.330000      35     46.550002  
OAI22_X2           NangateOpenCellLibrary
                                  2.394000       1      2.394000  
OAI211_X1          NangateOpenCellLibrary
                                  1.330000      18     23.940001  
OAI211_X2          NangateOpenCellLibrary
                                  2.394000       1      2.394000  
OAI221_X1          NangateOpenCellLibrary
                                  1.596000       5      7.980000  
OR2_X1             NangateOpenCellLibrary
                                  1.064000     583    620.312006  
OR2_X2             NangateOpenCellLibrary
                                  1.330000       8     10.640000  
OR2_X4             NangateOpenCellLibrary
                                  2.394000       1      2.394000  
OR3_X1             NangateOpenCellLibrary
                                  1.330000      22     29.260001  
OR3_X2             NangateOpenCellLibrary
                                  1.596000       3      4.788000  
OR4_X1             NangateOpenCellLibrary
                                  1.596000       1      1.596000  
SDFF_X1            NangateOpenCellLibrary
                                  6.118000       2     12.236000  n
XNOR2_X1           NangateOpenCellLibrary
                                  1.596000    1302   2077.991943  
XNOR2_X2           NangateOpenCellLibrary
                                  2.660000       1      2.660000  
XOR2_X1            NangateOpenCellLibrary
                                  1.596000     129    205.883994  
-----------------------------------------------------------------------------
Total 49 references                                  7828.911926
1
