 
****************************************
Report : timing
        -path full
        -delay max
        -max_paths 1
Design : boothmul_registered
Version: W-2024.09-SP2
Date   : Mon Sep 21 12:40:38 2026
****************************************

Operating Conditions: typical   Library: NangateOpenCellLibrary
Wire Load Model Mode: top

  Startpoint: B_reg_Y_temp_reg_5_
              (rising edge-triggered flip-flop clocked by CLK)
  Endpoint: p_reg_Y_temp_reg_62_
            (rising edge-triggered flip-flop clocked by CLK)
  Path Group: CLK
  Path Type: max

  Des/Clust/Port     Wire Load Model       Library
  ------------------------------------------------
  boothmul_registered
                     5K_hvratio_1_4        NangateOpenCellLibrary

  Point                                    Incr       Path
  -----------------------------------------------------------
  clock CLK (rise edge)                    0.00       0.00
  clock network delay (ideal)              0.05       0.05
  B_reg_Y_temp_reg_5_/CK (DFF_X1)          0.00       0.05 r
  B_reg_Y_temp_reg_5_/Q (DFF_X1)           0.10       0.15 f
  U4065/ZN (OR2_X2)                        0.07       0.21 f
  U4950/Z (MUX2_X2)                        0.08       0.29 f
  U5179/Z (BUF_X2)                         0.06       0.36 f
  U7965/ZN (OAI21_X1)                      0.08       0.44 r
  U7966/ZN (XNOR2_X1)                      0.07       0.51 r
  U7971/ZN (XNOR2_X1)                      0.06       0.57 r
  U7972/ZN (XNOR2_X1)                      0.07       0.64 r
  U7973/ZN (INV_X1)                        0.04       0.68 f
  U4160/ZN (OAI22_X1)                      0.09       0.77 r
  U8020/ZN (XNOR2_X1)                      0.08       0.84 r
  U4880/ZN (XNOR2_X1)                      0.07       0.91 r
  U4879/ZN (XNOR2_X1)                      0.07       0.98 r
  U8055/ZN (XNOR2_X1)                      0.07       1.05 r
  U8060/ZN (AND2_X1)                       0.06       1.11 r
  U4483/ZN (OAI21_X1)                      0.04       1.15 f
  U5431/CO (FA_X1)                         0.12       1.27 f
  U5286/ZN (OAI21_X1)                      0.04       1.31 r
  U5064/ZN (AND2_X1)                       0.05       1.36 r
  U5208/ZN (OR2_X2)                        0.05       1.40 r
  U5063/ZN (OAI21_X1)                      0.04       1.44 f
  U4985/ZN (AND2_X1)                       0.05       1.49 f
  U5074/ZN (NAND2_X1)                      0.03       1.52 r
  U4749/ZN (AND3_X1)                       0.05       1.58 r
  U8599/ZN (NAND2_X1)                      0.03       1.60 f
  U4246/ZN (AND3_X1)                       0.04       1.65 f
  U8703/ZN (OAI211_X1)                     0.04       1.69 r
  U8706/ZN (AND3_X1)                       0.05       1.74 r
  U8776/ZN (OAI21_X1)                      0.03       1.77 f
  U8844/ZN (NAND2_X1)                      0.03       1.81 r
  U8858/ZN (NAND3_X1)                      0.03       1.84 f
  U5280/ZN (NAND2_X1)                      0.04       1.88 r
  U4055/ZN (NAND2_X2)                      0.05       1.94 f
  U5255/ZN (NAND3_X1)                      0.04       1.98 r
  U5254/ZN (NAND3_X1)                      0.05       2.03 f
  U5244/ZN (AND2_X1)                       0.05       2.08 f
  U4043/ZN (OR3_X2)                        0.09       2.16 f
  p_reg_Y_temp_reg_62_/D (DFFS_X1)         0.01       2.17 f
  data arrival time                                   2.17

  clock CLK (rise edge)                    2.20       2.20
  clock network delay (ideal)              0.05       2.25
  clock uncertainty                       -0.05       2.20
  p_reg_Y_temp_reg_62_/CK (DFFS_X1)        0.00       2.20 r
  library setup time                      -0.03       2.17
  data required time                                  2.17
  -----------------------------------------------------------
  data required time                                  2.17
  data arrival time                                  -2.17
  -----------------------------------------------------------
  slack (MET)                                         0.00


1
