 
****************************************
Report : timing
        -path full
        -delay max
        -max_paths 1
Design : boothmul_registered
Version: W-2024.09-SP2
Date   : Mon Sep 21 18:17:54 2026
****************************************

Operating Conditions: typical   Library: NangateOpenCellLibrary
Wire Load Model Mode: top

  Startpoint: B_reg_Y_temp_reg_15_
              (rising edge-triggered flip-flop clocked by CLK)
  Endpoint: p_reg_Y_temp_reg_54_
            (rising edge-triggered flip-flop clocked by CLK)
  Path Group: CLK
  Path Type: max

  Des/Clust/Port     Wire Load Model       Library
  ------------------------------------------------
  boothmul_registered
                     5K_hvratio_1_4        NangateOpenCellLibrary

  Point                                    Incr       Path
  -----------------------------------------------------------
  clock CLK (rise edge)                    0.00       0.00
  clock network delay (ideal)              0.05       0.05
  B_reg_Y_temp_reg_15_/CK (DFF_X1)         0.00       0.05 r
  B_reg_Y_temp_reg_15_/Q (DFF_X1)          0.10       0.15 f
  U4052/ZN (OR2_X2)                        0.06       0.22 f
  U5267/ZN (INV_X1)                        0.04       0.25 r
  U4397/Z (MUX2_X2)                        0.07       0.32 r
  U4414/ZN (INV_X1)                        0.04       0.36 f
  U5320/ZN (INV_X1)                        0.05       0.41 r
  U6442/ZN (NAND2_X1)                      0.04       0.45 f
  U6444/ZN (NAND2_X1)                      0.03       0.49 r
  U6448/ZN (XNOR2_X1)                      0.06       0.55 r
  U6449/ZN (XNOR2_X1)                      0.07       0.62 r
  U6450/ZN (XNOR2_X1)                      0.08       0.70 r
  U6451/ZN (INV_X1)                        0.03       0.73 f
  U6453/CO (FA_X1)                         0.12       0.85 f
  U6473/ZN (XNOR2_X1)                      0.07       0.92 f
  U6474/ZN (XNOR2_X1)                      0.07       0.99 f
  U6504/CO (FA_X1)                         0.12       1.11 f
  U6505/ZN (INV_X1)                        0.04       1.15 r
  U6589/ZN (OAI21_X1)                      0.04       1.18 f
  U4898/ZN (AND2_X1)                       0.04       1.23 f
  U6624/ZN (NAND2_X1)                      0.03       1.26 r
  U4929/ZN (AND2_X1)                       0.04       1.30 r
  U5210/ZN (XNOR2_X1)                      0.06       1.37 r
  U6849/ZN (XNOR2_X1)                      0.07       1.44 r
  U6850/ZN (XNOR2_X1)                      0.08       1.52 r
  U6973/ZN (OAI21_X1)                      0.05       1.57 f
  U6974/CO (FA_X1)                         0.11       1.67 f
  U5025/ZN (NAND2_X1)                      0.04       1.71 r
  U5007/ZN (NAND2_X1)                      0.03       1.74 f
  U5024/ZN (OR2_X1)                        0.06       1.80 f
  U4323/ZN (NAND3_X1)                      0.03       1.83 r
  U4321/ZN (NAND3_X1)                      0.03       1.86 f
  U4322/ZN (NAND3_X1)                      0.04       1.91 r
  U5042/Z (BUF_X2)                         0.06       1.96 r
  U4456/ZN (NAND2_X1)                      0.04       2.00 f
  U4464/ZN (AND2_X1)                       0.05       2.05 f
  U5026/ZN (XNOR2_X1)                      0.06       2.11 f
  U5039/ZN (OAI21_X1)                      0.05       2.16 r
  p_reg_Y_temp_reg_54_/D (DFF_X1)          0.01       2.17 r
  data arrival time                                   2.17

  clock CLK (rise edge)                    1.80       1.80
  clock network delay (ideal)              0.05       1.85
  clock uncertainty                       -0.05       1.80
  p_reg_Y_temp_reg_54_/CK (DFF_X1)         0.00       1.80 r
  library setup time                      -0.03       1.77
  data required time                                  1.77
  -----------------------------------------------------------
  data required time                                  1.77
  data arrival time                                  -2.17
  -----------------------------------------------------------
  slack (VIOLATED)                                   -0.40


1
