 
****************************************
Report : area
Design : boothmul_registered
Version: W-2024.09-SP2
Date   : Mon Sep 21 17:42:11 2026
****************************************

Library(s) Used:

    NangateOpenCellLibrary (File: /home/repository/do/libnandgate/NangateOpenCellLibrary_typical_ecsm.db)

Number of ports:                          131
Number of nets:                          5378
Number of cells:                         5034
Number of combinational cells:           4900
Number of sequential cells:               128
Number of macros/black boxes:               0
Number of buf/inv:                        678
Number of references:                      44

Combinational area:               6570.199988
Buf/Inv area:                      385.700002
Noncombinational area:             595.839982
Macro/Black Box area:                0.000000
Net Interconnect area:      undefined  (Wire load has zero net area)

Total cell area:                  7166.039970
Total area:                 undefined
1
