 
****************************************
Report : qor
Design : boothmul_registered
Version: W-2024.09-SP2
Date   : Mon Sep 21 17:03:26 2026
****************************************


  Timing Path Group 'CLK'
  -----------------------------------
  Levels of Logic:              35.00
  Critical Path Length:          2.12
  Critical Path Slack:           0.00
  Critical Path Clk Period:      2.20
  Total Negative Slack:          0.00
  No. of Violating Paths:        0.00
  Worst Hold Violation:          0.00
  Total Hold Violation:          0.00
  No. of Hold Violations:        0.00
  -----------------------------------


  Cell Count
  -----------------------------------
  Hierarchical Cell Count:          0
  Hierarchical Port Count:          0
  Leaf Cell Count:               4854
  Buf/Inv Cell Count:             676
  Buf Cell Count:                  40
  Inv Cell Count:                 636
  CT Buf/Inv Cell Count:            0
  Combinational Cell Count:      4726
  Sequential Cell Count:          128
  Macro Count:                      0
  -----------------------------------


  Area
  -----------------------------------
  Combinational Area:     6410.067993
  Noncombinational Area:   594.775981
  Buf/Inv Area:            373.464002
  Total Buffer Area:            32.72
  Total Inverter Area:         340.75
  Macro/Black Box Area:      0.000000
  Net Area:                  0.000000
  -----------------------------------
  Cell Area:              7004.843974
  Design Area:            7004.843974


  Design Rules
  -----------------------------------
  Total Number of Nets:          5223
  Nets With Violations:             0
  Max Trans Violations:             0
  Max Cap Violations:               0
  -----------------------------------


  Hostname: microsys.openstack.polito

  Compile CPU Statistics
  -----------------------------------------
  Resource Sharing:                    0.40
  Logic Optimization:                  8.50
  Mapping Optimization:               16.10
  -----------------------------------------
  Overall Compile Time:               52.09
  Overall Compile Wall Clock Time:    54.46

  --------------------------------------------------------------------

  Design  WNS: 0.00  TNS: 0.00  Number of Violating Paths: 0


  Design (Hold)  WNS: 0.00  TNS: 0.00  Number of Violating Paths: 0

  --------------------------------------------------------------------


1
