 
****************************************
Report : qor
Design : boothmul_registered
Version: W-2024.09-SP2
Date   : Mon Sep 21 17:07:29 2026
****************************************


  Timing Path Group 'CLK'
  -----------------------------------
  Levels of Logic:              66.00
  Critical Path Length:          3.91
  Critical Path Slack:           0.01
  Critical Path Clk Period:      4.00
  Total Negative Slack:          0.00
  No. of Violating Paths:        0.00
  Worst Hold Violation:          0.00
  Total Hold Violation:          0.00
  No. of Hold Violations:        0.00
  -----------------------------------


  Cell Count
  -----------------------------------
  Hierarchical Cell Count:          0
  Hierarchical Port Count:          0
  Leaf Cell Count:               2786
  Buf/Inv Cell Count:             454
  Buf Cell Count:                  29
  Inv Cell Count:                 425
  CT Buf/Inv Cell Count:            0
  Combinational Cell Count:      2658
  Sequential Cell Count:          128
  Macro Count:                      0
  -----------------------------------


  Area
  -----------------------------------
  Combinational Area:     4477.312018
  Noncombinational Area:   591.583981
  Buf/Inv Area:            257.754001
  Total Buffer Area:            24.74
  Total Inverter Area:         233.02
  Macro/Black Box Area:      0.000000
  Net Area:                  0.000000
  -----------------------------------
  Cell Area:              5068.895998
  Design Area:            5068.895998


  Design Rules
  -----------------------------------
  Total Number of Nets:          3398
  Nets With Violations:             1
  Max Trans Violations:             0
  Max Cap Violations:               1
  -----------------------------------


  Hostname: microsys.openstack.polito

  Compile CPU Statistics
  -----------------------------------------
  Resource Sharing:                    0.41
  Logic Optimization:                  4.88
  Mapping Optimization:                4.28
  -----------------------------------------
  Overall Compile Time:               36.47
  Overall Compile Wall Clock Time:    38.68

  --------------------------------------------------------------------

  Design  WNS: 0.00  TNS: 0.00  Number of Violating Paths: 0


  Design (Hold)  WNS: 0.00  TNS: 0.00  Number of Violating Paths: 0

  --------------------------------------------------------------------


1
