 
****************************************
Report : reference
Design : boothmul_registered
Version: W-2024.09-SP2
Date   : Mon Sep 21 16:59:30 2026
****************************************

Attributes:
    b - black box (unknown)
   bo - allows boundary optimization
    d - dont_touch
   mo - map_only
    h - hierarchical
    n - noncombinational
    r - removable
    s - synthetic operator
    u - contains unmapped logic

Reference          Library       Unit Area   Count    Total Area   Attributes
-----------------------------------------------------------------------------
AND2_X1            NangateOpenCellLibrary
                                  1.064000     386    410.704004  
AND2_X2            NangateOpenCellLibrary
                                  1.330000      12     15.960001  
AND3_X1            NangateOpenCellLibrary
                                  1.330000      57     75.810002  
AND3_X2            NangateOpenCellLibrary
                                  1.596000       1      1.596000  
AND4_X1            NangateOpenCellLibrary
                                  1.596000      34     54.263999  
AND4_X2            NangateOpenCellLibrary
                                  1.862000       1      1.862000  
AOI21_X1           NangateOpenCellLibrary
                                  1.064000      67     71.288001  
AOI21_X2           NangateOpenCellLibrary
                                  1.862000       2      3.724000  
AOI22_X1           NangateOpenCellLibrary
                                  1.330000       4      5.320000  
AOI211_X1          NangateOpenCellLibrary
                                  1.330000      10     13.300000  
AOI211_X2          NangateOpenCellLibrary
                                  2.394000       1      2.394000  
BUF_X1             NangateOpenCellLibrary
                                  0.798000      50     39.899999  
BUF_X2             NangateOpenCellLibrary
                                  1.064000      33     35.112000  
BUF_X4             NangateOpenCellLibrary
                                  1.862000       5      9.310000  
CLKBUF_X1          NangateOpenCellLibrary
                                  0.798000      34     27.131999  
CLKBUF_X2          NangateOpenCellLibrary
                                  1.064000       3      3.192000  
DFFS_X1            NangateOpenCellLibrary
                                  5.320000       3     15.960001  n
DFFS_X2            NangateOpenCellLibrary
                                  5.586000       1      5.586000  n
DFF_X1             NangateOpenCellLibrary
                                  4.522000     107    483.853982  n
DFF_X2             NangateOpenCellLibrary
                                  5.054000      17     85.917998  n
FA_X1              NangateOpenCellLibrary
                                  4.256000     363   1544.928015  r
INV_X1             NangateOpenCellLibrary
                                  0.532000     825    438.900004  
INV_X2             NangateOpenCellLibrary
                                  0.798000      16     12.768000  
MUX2_X1            NangateOpenCellLibrary
                                  1.862000     714   1329.467992  
NAND2_X1           NangateOpenCellLibrary
                                  0.798000    1069    853.061977  
NAND2_X2           NangateOpenCellLibrary
                                  1.330000       5      6.650000  
NAND3_X1           NangateOpenCellLibrary
                                  1.064000      22     23.408000  
NAND4_X1           NangateOpenCellLibrary
                                  1.330000      28     37.240001  
NOR2_X1            NangateOpenCellLibrary
                                  0.798000     268    213.863994  
NOR2_X2            NangateOpenCellLibrary
                                  1.330000       3      3.990000  
NOR3_X1            NangateOpenCellLibrary
                                  1.064000       4      4.256000  
NOR4_X1            NangateOpenCellLibrary
                                  1.330000       5      6.650000  
OAI21_X1           NangateOpenCellLibrary
                                  1.064000     151    160.664002  
OAI21_X2           NangateOpenCellLibrary
                                  1.862000       1      1.862000  
OAI22_X1           NangateOpenCellLibrary
                                  1.330000      11     14.630000  
OAI211_X1          NangateOpenCellLibrary
                                  1.330000      78    103.740003  
OR2_X1             NangateOpenCellLibrary
                                  1.064000     602    640.528006  
OR2_X2             NangateOpenCellLibrary
                                  1.330000      17     22.610001  
OR2_X4             NangateOpenCellLibrary
                                  2.394000       4      9.576000  
OR3_X1             NangateOpenCellLibrary
                                  1.330000      11     14.630000  
OR3_X2             NangateOpenCellLibrary
                                  1.596000       2      3.192000  
OR4_X1             NangateOpenCellLibrary
                                  1.596000       3      4.788000  
XNOR2_X1           NangateOpenCellLibrary
                                  1.596000     323    515.507986  
XNOR2_X2           NangateOpenCellLibrary
                                  2.660000       1      2.660000  
XOR2_X1            NangateOpenCellLibrary
                                  1.596000      37     59.051998  
-----------------------------------------------------------------------------
Total 45 references                                  7390.809967
1
