 
****************************************
Report : reference
Design : boothmul_registered
Version: W-2024.09-SP2
Date   : Mon Sep 21 17:07:29 2026
****************************************

Attributes:
    b - black box (unknown)
   bo - allows boundary optimization
    d - dont_touch
   mo - map_only
    h - hierarchical
    n - noncombinational
    r - removable
    s - synthetic operator
    u - contains unmapped logic

Reference          Library       Unit Area   Count    Total Area   Attributes
-----------------------------------------------------------------------------
AND2_X1            NangateOpenCellLibrary
                                  1.064000      28     29.792000  
AND3_X1            NangateOpenCellLibrary
                                  1.330000       3      3.990000  
AND3_X2            NangateOpenCellLibrary
                                  1.596000       1      1.596000  
AOI21_X1           NangateOpenCellLibrary
                                  1.064000      84     89.376001  
AOI22_X1           NangateOpenCellLibrary
                                  1.330000     523    695.590022  
AOI211_X1          NangateOpenCellLibrary
                                  1.330000       4      5.320000  
AOI211_X4          NangateOpenCellLibrary
                                  2.926000       1      2.926000  
AOI221_X1          NangateOpenCellLibrary
                                  1.596000     418    667.127982  
AOI222_X1          NangateOpenCellLibrary
                                  2.128000      15     31.920000  
BUF_X1             NangateOpenCellLibrary
                                  0.798000       7      5.586000  
BUF_X2             NangateOpenCellLibrary
                                  1.064000       5      5.320000  
CLKBUF_X1          NangateOpenCellLibrary
                                  0.798000      16     12.768000  
CLKBUF_X2          NangateOpenCellLibrary
                                  1.064000       1      1.064000  
DFF_X1             NangateOpenCellLibrary
                                  4.522000     104    470.287983  n
DFF_X2             NangateOpenCellLibrary
                                  5.054000      24    121.295998  n
FA_X1              NangateOpenCellLibrary
                                  4.256000     444   1889.664019  r
INV_X1             NangateOpenCellLibrary
                                  0.532000     407    216.524002  
INV_X2             NangateOpenCellLibrary
                                  0.798000      16     12.768000  
INV_X4             NangateOpenCellLibrary
                                  1.330000       1      1.330000  
INV_X8             NangateOpenCellLibrary
                                  2.394000       1      2.394000  
NAND2_X1           NangateOpenCellLibrary
                                  0.798000     144    114.911997  
NAND2_X2           NangateOpenCellLibrary
                                  1.330000       2      2.660000  
NAND3_X1           NangateOpenCellLibrary
                                  1.064000      23     24.472000  
NOR2_X1            NangateOpenCellLibrary
                                  0.798000      97     77.405998  
NOR2_X2            NangateOpenCellLibrary
                                  1.330000       5      6.650000  
NOR2_X4            NangateOpenCellLibrary
                                  2.394000       2      4.788000  
NOR3_X1            NangateOpenCellLibrary
                                  1.064000      10     10.640000  
NOR3_X2            NangateOpenCellLibrary
                                  1.862000       1      1.862000  
NOR4_X1            NangateOpenCellLibrary
                                  1.330000       1      1.330000  
OAI21_X1           NangateOpenCellLibrary
                                  1.064000      80     85.120001  
OAI22_X1           NangateOpenCellLibrary
                                  1.330000      67     89.110003  
OAI211_X1          NangateOpenCellLibrary
                                  1.330000      10     13.300000  
OAI211_X2          NangateOpenCellLibrary
                                  2.394000       1      2.394000  
OAI211_X4          NangateOpenCellLibrary
                                  4.522000       1      4.522000  
OAI221_X1          NangateOpenCellLibrary
                                  1.596000     117    186.731995  
OR2_X1             NangateOpenCellLibrary
                                  1.064000      30     31.920000  
OR2_X2             NangateOpenCellLibrary
                                  1.330000       2      2.660000  
OR3_X1             NangateOpenCellLibrary
                                  1.330000       7      9.310000  
OR4_X1             NangateOpenCellLibrary
                                  1.596000       1      1.596000  
XNOR2_X1           NangateOpenCellLibrary
                                  1.596000      39     62.243998  
XOR2_X1            NangateOpenCellLibrary
                                  1.596000      43     68.627998  
-----------------------------------------------------------------------------
Total 41 references                                  5068.895998
1
