 
****************************************
Report : timing
        -path full
        -delay max
        -max_paths 1
Design : boothmul_registered
Version: W-2024.09-SP2
Date   : Mon Sep 21 17:39:24 2026
****************************************

Operating Conditions: typical   Library: NangateOpenCellLibrary
Wire Load Model Mode: top

  Startpoint: B_reg_Y_temp_reg_6_
              (rising edge-triggered flip-flop clocked by CLK)
  Endpoint: p_reg_Y_temp_reg_58_
            (rising edge-triggered flip-flop clocked by CLK)
  Path Group: CLK
  Path Type: max

  Des/Clust/Port     Wire Load Model       Library
  ------------------------------------------------
  boothmul_registered
                     5K_hvratio_1_4        NangateOpenCellLibrary

  Point                                    Incr       Path
  -----------------------------------------------------------
  clock CLK (rise edge)                    0.00       0.00
  clock network delay (ideal)              0.05       0.05
  B_reg_Y_temp_reg_6_/CK (DFF_X1)          0.00       0.05 r
  B_reg_Y_temp_reg_6_/Q (DFF_X1)           0.10       0.15 f
  U2953/ZN (OR2_X1)                        0.06       0.21 f
  U3121/ZN (INV_X1)                        0.03       0.24 r
  U3122/ZN (AND2_X2)                       0.05       0.29 r
  U3449/ZN (INV_X1)                        0.03       0.32 f
  U3629/Z (MUX2_X1)                        0.07       0.39 f
  U3630/ZN (OAI211_X1)                     0.04       0.43 r
  U3854/S (FA_X1)                          0.13       0.56 f
  U2689/S (FA_X1)                          0.14       0.70 r
  U3835/ZN (NOR2_X1)                       0.03       0.73 f
  U2930/ZN (OR2_X1)                        0.06       0.79 f
  U3839/ZN (NAND2_X1)                      0.03       0.82 r
  U3840/ZN (NAND2_X1)                      0.03       0.86 f
  U2990/ZN (XNOR2_X1)                      0.06       0.92 f
  U2989/ZN (OR2_X2)                        0.07       0.99 f
  U2912/ZN (OR2_X1)                        0.06       1.04 f
  U3007/ZN (NAND3_X1)                      0.03       1.07 r
  U2980/ZN (OR2_X1)                        0.04       1.11 r
  U3897/ZN (NAND2_X1)                      0.03       1.14 f
  U3900/ZN (XNOR2_X1)                      0.06       1.20 f
  U3901/ZN (OR2_X1)                        0.06       1.26 f
  U3921/ZN (AND2_X1)                       0.04       1.31 f
  U3928/ZN (NAND2_X1)                      0.03       1.34 r
  U4833/ZN (OAI21_X1)                      0.03       1.37 f
  U4834/ZN (INV_X1)                        0.03       1.39 r
  U2982/ZN (OAI211_X1)                     0.04       1.44 f
  U2965/ZN (OR2_X1)                        0.06       1.50 f
  U2981/ZN (NAND4_X1)                      0.04       1.53 r
  U2962/ZN (NAND4_X1)                      0.06       1.59 f
  U2916/ZN (NAND3_X1)                      0.06       1.65 r
  U2997/ZN (NAND2_X1)                      0.04       1.69 f
  U2749/ZN (NAND2_X1)                      0.04       1.73 r
  U2998/ZN (AND3_X2)                       0.06       1.79 r
  U6612/ZN (XNOR2_X1)                      0.06       1.85 r
  U7588/ZN (OAI21_X1)                      0.03       1.89 f
  p_reg_Y_temp_reg_58_/D (DFF_X1)          0.01       1.90 f
  data arrival time                                   1.90

  clock CLK (rise edge)                    1.60       1.60
  clock network delay (ideal)              0.05       1.65
  clock uncertainty                       -0.05       1.60
  p_reg_Y_temp_reg_58_/CK (DFF_X1)         0.00       1.60 r
  library setup time                      -0.03       1.57
  data required time                                  1.57
  -----------------------------------------------------------
  data required time                                  1.57
  data arrival time                                  -1.90
  -----------------------------------------------------------
  slack (VIOLATED)                                   -0.32


1
