###############################################################
#  Generated by:      Cadence Innovus 23.35-s106_1
#  OS:                Linux x86_64(Host ID microsys.openstack.polito)
#  Generated on:      Sat Oct 10 19:49:02 2026
#  Design:            boothmul_registered
#  Command:           report_ccopt_skew_groups -file reports/05_skew_groups.rpt
###############################################################

Skew Group Structure:
=====================

-----------------------------------------------------------------------------
Skew Group                Sources    Constrained Sinks    Unconstrained Sinks
-----------------------------------------------------------------------------
CLK/coherent-synthesis       1              128                    0
-----------------------------------------------------------------------------

Skew Group Summary:
===================

---------------------------------------------------------------------------------------------------------------------------------------------------------------------------
Timing Corner         Skew Group                ID Target    Min ID    Max ID    Avg ID    Std.Dev. ID    Skew Target Type    Skew Target    Skew     Skew window occupancy
---------------------------------------------------------------------------------------------------------------------------------------------------------------------------
std-typ:both.early    CLK/coherent-synthesis        -        0.060     0.073     0.068        0.004       ignored                  -         0.013              -
std-typ:both.late     CLK/coherent-synthesis     0.050       0.060     0.073     0.068        0.004       explicit             0.050         0.014    100% {0.060, 0.073}
---------------------------------------------------------------------------------------------------------------------------------------------------------------------------

* - indicates that target was not met.

Skew Group Min/Max path pins:
=============================

------------------------------------------------------------------------------------
Timing Corner         Skew Group                Min ID    PathID    Max ID    PathID
------------------------------------------------------------------------------------
std-typ:both.early    CLK/coherent-synthesis    0.060       1       0.073       2
-    min A_reg_Y_temp_reg_20_/CK
-    max p_reg_Y_temp_reg_23_/CK
std-typ:both.late     CLK/coherent-synthesis    0.060       3       0.073       4
-    min A_reg_Y_temp_reg_20_/CK
-    max p_reg_Y_temp_reg_23_/CK
------------------------------------------------------------------------------------

Timing for timing corner std-typ:both.early, min clock_path:
============================================================

PathID    : 1
Path type : skew group CLK/coherent-synthesis (path 1 of 1)
Start     : CLK
End       : A_reg_Y_temp_reg_20_/CK
Delay     : 0.060

------------------------------------------------------------------------------------------------
Name  Lib cell   Event  Incr   Arrival  Slew   Cap     Location         Distance  Fanout  Status
                        (ns)   (ns)     (ns)   (fF)                     (um)              
-- Clockpath trace -----------------------------------------------------------------------------
CLK
-     -          rise   -       0.000   0.002  21.556  (70.745,0.000)   -            4    
CTS_ccl_a_buf_00002/A
-     CLKBUF_X2  rise   0.002   0.002   0.002  -       (26.350,75.915)  120.310   -       
CTS_ccl_a_buf_00002/Z
-     CLKBUF_X2  rise   0.057   0.059   0.036  29.953  (25.985,76.290)    0.740     22    
A_reg_Y_temp_reg_20_/CK
-     DFF_X2     rise   0.001   0.060   0.036  -       (24.560,79.800)    4.935   -       
------------------------------------------------------------------------------------------------

Timing for timing corner std-typ:both.early, max clock_path:
============================================================

PathID    : 2
Path type : skew group CLK/coherent-synthesis (path 1 of 1)
Start     : CLK
End       : p_reg_Y_temp_reg_23_/CK
Delay     : 0.073

-------------------------------------------------------------------------------------------------
Name  Lib cell   Event  Incr   Arrival  Slew   Cap     Location          Distance  Fanout  Status
                        (ns)   (ns)     (ns)   (fF)                      (um)              
-- Clockpath trace ------------------------------------------------------------------------------
CLK
-     -          rise   -       0.000   0.002  21.556  (70.745,0.000)    -            4    
CTS_ccl_a_buf_00001/A
-     CLKBUF_X3  rise   0.001   0.001   0.002  -       (97.150,18.165)    44.570   -       
CTS_ccl_a_buf_00001/Z
-     CLKBUF_X3  rise   0.064   0.064   0.047  57.082  (97.515,17.820)     0.710     45    
p_reg_Y_temp_reg_23_/CK
-     DFF_X1     rise   0.009   0.073   0.047  -       (118.980,78.710)   82.355   -       
-------------------------------------------------------------------------------------------------

Timing for timing corner std-typ:both.late, min clock_path:
===========================================================

PathID    : 3
Path type : skew group CLK/coherent-synthesis (path 1 of 1)
Start     : CLK
End       : A_reg_Y_temp_reg_20_/CK
Delay     : 0.060

------------------------------------------------------------------------------------------------
Name  Lib cell   Event  Incr   Arrival  Slew   Cap     Location         Distance  Fanout  Status
                        (ns)   (ns)     (ns)   (fF)                     (um)              
-- Clockpath trace -----------------------------------------------------------------------------
CLK
-     -          rise   -       0.000   0.002  21.556  (70.745,0.000)   -            4    
CTS_ccl_a_buf_00002/A
-     CLKBUF_X2  rise   0.002   0.002   0.002  -       (26.350,75.915)  120.310   -       
CTS_ccl_a_buf_00002/Z
-     CLKBUF_X2  rise   0.057   0.059   0.036  29.953  (25.985,76.290)    0.740     22    
A_reg_Y_temp_reg_20_/CK
-     DFF_X2     rise   0.001   0.060   0.036  -       (24.560,79.800)    4.935   -       
------------------------------------------------------------------------------------------------

Timing for timing corner std-typ:both.late, max clock_path:
===========================================================

PathID    : 4
Path type : skew group CLK/coherent-synthesis (path 1 of 1)
Start     : CLK
End       : p_reg_Y_temp_reg_23_/CK
Delay     : 0.073

-------------------------------------------------------------------------------------------------
Name  Lib cell   Event  Incr   Arrival  Slew   Cap     Location          Distance  Fanout  Status
                        (ns)   (ns)     (ns)   (fF)                      (um)              
-- Clockpath trace ------------------------------------------------------------------------------
CLK
-     -          rise   -       0.000   0.002  21.556  (70.745,0.000)    -            4    
CTS_ccl_a_buf_00001/A
-     CLKBUF_X3  rise   0.001   0.001   0.002  -       (97.150,18.165)    44.570   -       
CTS_ccl_a_buf_00001/Z
-     CLKBUF_X3  rise   0.064   0.065   0.047  57.082  (97.515,17.820)     0.710     45    
p_reg_Y_temp_reg_23_/CK
-     DFF_X1     rise   0.009   0.073   0.047  -       (118.980,78.710)   82.355   -       
-------------------------------------------------------------------------------------------------

