Information: Propagating switching activity (low effort zero delay simulation). (PWR-6)
 
****************************************
Report : power
        -analysis_effort low
Design : boothmul_registered
Version: W-2024.09-SP2
Date   : Tue Sep 15 19:19:30 2026
****************************************


Library(s) Used:

    NangateOpenCellLibrary (File: /home/repository/do/libnandgate/NangateOpenCellLibrary_typical_ecsm.db)


Operating Conditions: typical   Library: NangateOpenCellLibrary
Wire Load Model Mode: top

Design        Wire Load Model            Library
------------------------------------------------
boothmul_registered    5K_hvratio_1_4    NangateOpenCellLibrary


Global Operating Voltage = 1.1  
Power-specific unit information :
    Voltage Units = 1V
    Capacitance Units = 1.000000ff
    Time Units = 1ns
    Dynamic Power Units = 1uW    (derived from V,C,T units)
    Leakage Power Units = 1nW


Attributes
----------
i - Including register clock pin internal power


  Cell Internal Power  = 2.818476 mW   (56%)
  Net Switching Power  = 2.191527 mW   (44%)
                         ---------
Total Dynamic Power    = 5.010003 mW  (100%)

Cell Leakage Power     = 152.1414 uW


                 Internal         Switching           Leakage            Total
Power Group      Power            Power               Power              Power   (   %    )  Attrs
--------------------------------------------------------------------------------------------------
io_pad           0.000000          0.000000          0.000000          0.000000  (   0.00%)
memory           0.000000          0.000000          0.000000          0.000000  (   0.00%)
black_box        0.000000          0.000000          0.000000          0.000000  (   0.00%)
clock_network  180.720963          0.000000          0.000000        180.720963  (   3.50%)  i
register       163.290359        146.702423        1.030403e+04        320.296906
                                                                                 (   6.20%)
sequential       0.000000          0.000000          0.000000          0.000000  (   0.00%)
combinational  2.474462e+03        2.044823e+03        1.418374e+05        4.661125e+03
                                                                                 (  90.29%)
--------------------------------------------------------------------------------------------------
Total          2.818473e+03 uW     2.191526e+03 uW     1.521414e+05 nW     5.162143e+03 uW
1
