###############################################################
#  Generated by:      Cadence Innovus 23.35-s106_1
#  OS:                Linux x86_64(Host ID microsys.openstack.polito)
#  Generated on:      Sat Oct 10 22:58:37 2026
#  Design:            boothmul_registered
#  Command:           report_timing -max_paths 10 > reports/10_setup_paths.rpt
###############################################################
Path 1: MET Setup Check with Pin p_reg_Y_temp_reg_63_/CK 
Endpoint:   p_reg_Y_temp_reg_63_/D (v) checked with  leading edge of 'CLK'
Beginpoint: B_reg_Y_temp_reg_1_/Q  (v) triggered by  leading edge of 'CLK'
Path Groups: {CLK}
Analysis View: default
Other End Arrival Time          0.074
- Setup                         0.026
+ Phase Shift                   4.719
+ CPPR Adjustment               0.000
- Uncertainty                   0.050
= Required Time                 4.717
- Arrival Time                  3.490
= Slack Time                    1.227
     Clock Rise Edge                 0.000
     + Clock Network Latency (Prop)  0.044
     = Beginpoint Arrival Time       0.044
     +------------------------------------------------------------------------------+ 
     |       Instance       |     Arc      |   Cell    | Delay | Arrival | Required | 
     |                      |              |           |       |  Time   |   Time   | 
     |----------------------+--------------+-----------+-------+---------+----------| 
     | B_reg_Y_temp_reg_1_  | CK ^         |           |       |   0.044 |    1.271 | 
     | B_reg_Y_temp_reg_1_  | CK ^ -> Q v  | DFF_X1    | 0.121 |   0.165 |    1.392 | 
     | U2502                | B2 v -> ZN ^ | AOI21_X1  | 0.084 |   0.249 |    1.476 | 
     | U2503                | A ^ -> ZN v  | OAI21_X1  | 0.027 |   0.276 |    1.503 | 
     | FE_OFC6_n2881        | A v -> Z v   | CLKBUF_X2 | 0.122 |   0.399 |    1.626 | 
     | U2520                | B2 v -> ZN ^ | OAI221_X1 | 0.096 |   0.494 |    1.721 | 
     | U2521                | B ^ -> Z v   | XOR2_X1   | 0.029 |   0.523 |    1.750 | 
     | U2542                | B v -> S ^   | FA_X1     | 0.129 |   0.652 |    1.879 | 
     | U2527                | A ^ -> ZN v  | INV_X1    | 0.012 |   0.663 |    1.890 | 
     | U2528                | A2 v -> ZN ^ | NOR2_X1   | 0.056 |   0.720 |    1.947 | 
     | U2708                | A ^ -> ZN v  | AOI221_X1 | 0.024 |   0.744 |    1.971 | 
     | U2710                | C1 v -> ZN ^ | AOI222_X1 | 0.104 |   0.848 |    2.075 | 
     | U2711                | B1 ^ -> ZN v | AOI222_X1 | 0.042 |   0.890 |    2.117 | 
     | U2491                | C1 v -> ZN ^ | AOI222_X4 | 0.142 |   1.032 |    2.259 | 
     | U2714                | B1 ^ -> ZN v | AOI21_X1  | 0.019 |   1.051 |    2.278 | 
     | U2715                | C1 v -> ZN ^ | AOI222_X1 | 0.102 |   1.153 |    2.380 | 
     | U2718                | B2 ^ -> ZN v | AOI221_X1 | 0.035 |   1.188 |    2.415 | 
     | U2719                | A v -> ZN ^  | AOI21_X1  | 0.112 |   1.300 |    2.527 | 
     | U2720                | B1 ^ -> ZN v | AOI21_X1  | 0.029 |   1.329 |    2.556 | 
     | U2721                | C1 v -> ZN ^ | AOI222_X1 | 0.108 |   1.436 |    2.663 | 
     | U2723                | B1 ^ -> ZN v | AOI222_X1 | 0.035 |   1.471 |    2.698 | 
     | U2727                | B1 v -> ZN ^ | AOI21_X1  | 0.116 |   1.587 |    2.814 | 
     | U2728                | A ^ -> ZN v  | INV_X1    | 0.030 |   1.617 |    2.844 | 
     | U2732                | A v -> ZN ^  | AOI21_X1  | 0.048 |   1.665 |    2.892 | 
     | U2733                | A2 ^ -> ZN v | NOR2_X1   | 0.016 |   1.681 |    2.908 | 
     | U2734                | B1 v -> ZN ^ | AOI222_X1 | 0.076 |   1.757 |    2.984 | 
     | U2735                | A ^ -> ZN v  | OAI21_X1  | 0.026 |   1.784 |    3.011 | 
     | U2736                | B v -> ZN ^  | OAI211_X1 | 0.031 |   1.814 |    3.041 | 
     | U2790                | B1 ^ -> ZN v | AOI221_X1 | 0.030 |   1.844 |    3.071 | 
     | U2791                | A v -> ZN ^  | AOI21_X1  | 0.042 |   1.886 |    3.113 | 
     | U2794                | B1 ^ -> ZN v | AOI21_X1  | 0.034 |   1.921 |    3.148 | 
     | U2795                | A v -> ZN ^  | INV_X1    | 0.037 |   1.957 |    3.184 | 
     | U2797                | B2 ^ -> ZN v | OAI21_X1  | 0.024 |   1.982 |    3.209 | 
     | U2798                | C2 v -> ZN ^ | AOI222_X1 | 0.110 |   2.092 |    3.319 | 
     | U2799                | B1 ^ -> ZN v | AOI222_X1 | 0.035 |   2.127 |    3.354 | 
     | U2802                | B1 v -> ZN ^ | AOI21_X1  | 0.094 |   2.222 |    3.449 | 
     | U2803                | B2 ^ -> ZN v | AOI221_X1 | 0.043 |   2.264 |    3.491 | 
     | U2804                | C1 v -> ZN ^ | AOI222_X1 | 0.091 |   2.355 |    3.582 | 
     | U2808                | C1 ^ -> ZN v | OAI211_X1 | 0.028 |   2.384 |    3.611 | 
     | U2809                | A v -> ZN ^  | OAI21_X1  | 0.034 |   2.418 |    3.645 | 
     | U2817                | A1 ^ -> ZN ^ | OR4_X1    | 0.064 |   2.482 |    3.709 | 
     | U3807                | B1 ^ -> ZN v | AOI221_X1 | 0.032 |   2.514 |    3.741 | 
     | U3808                | A v -> ZN ^  | AOI21_X1  | 0.062 |   2.576 |    3.803 | 
     | U3811                | B1 ^ -> ZN v | AOI21_X1  | 0.050 |   2.626 |    3.853 | 
     | U3815                | B1 v -> ZN ^ | AOI22_X1  | 0.050 |   2.676 |    3.903 | 
     | U3818                | A1 ^ -> ZN v | AOI22_X1  | 0.022 |   2.698 |    3.925 | 
     | U3819                | B1 v -> ZN ^ | AOI222_X1 | 0.079 |   2.778 |    4.005 | 
     | U3822                | B1 ^ -> ZN v | AOI21_X1  | 0.048 |   2.826 |    4.053 | 
     | U4467                | B1 v -> ZN ^ | AOI22_X1  | 0.050 |   2.876 |    4.103 | 
     | U4468                | A1 ^ -> ZN v | NAND2_X1  | 0.017 |   2.893 |    4.120 | 
     | U4469                | A v -> ZN ^  | OAI21_X1  | 0.025 |   2.918 |    4.145 | 
     | U4471                | C1 ^ -> ZN v | AOI222_X1 | 0.031 |   2.949 |    4.176 | 
     | U4472                | B2 v -> ZN ^ | OAI21_X1  | 0.065 |   3.014 |    4.241 | 
     | U4544                | B2 ^ -> ZN v | OAI21_X1  | 0.029 |   3.043 |    4.270 | 
     | U4545                | C2 v -> ZN ^ | AOI222_X1 | 0.096 |   3.139 |    4.366 | 
     | U4546                | A ^ -> ZN v  | OAI21_X1  | 0.026 |   3.165 |    4.392 | 
     | U4547                | B v -> ZN ^  | OAI211_X1 | 0.031 |   3.196 |    4.423 | 
     | U4598                | A4 ^ -> ZN v | NOR4_X1   | 0.022 |   3.218 |    4.445 | 
     | U4643                | B1 v -> ZN ^ | OAI21_X1  | 0.028 |   3.246 |    4.473 | 
     | U4644                | A1 ^ -> ZN v | NAND2_X1  | 0.019 |   3.265 |    4.492 | 
     | U4647                | B2 v -> ZN ^ | OAI21_X1  | 0.033 |   3.298 |    4.525 | 
     | U4648                | A ^ -> ZN v  | OAI21_X1  | 0.021 |   3.319 |    4.546 | 
     | U4649                | A v -> ZN ^  | OAI21_X1  | 0.020 |   3.339 |    4.566 | 
     | U4650                | B2 ^ -> ZN v | OAI21_X1  | 0.024 |   3.363 |    4.590 | 
     | U2094                | A1 v -> ZN v | AND2_X1   | 0.039 |   3.402 |    4.629 | 
     | U2096                | B1 v -> ZN ^ | AOI222_X1 | 0.080 |   3.482 |    4.709 | 
     | U2097                | A ^ -> ZN v  | INV_X1    | 0.008 |   3.490 |    4.717 | 
     | p_reg_Y_temp_reg_63_ | D v          | DFF_X1    | 0.000 |   3.490 |    4.717 | 
     +------------------------------------------------------------------------------+ 
Path 2: MET Setup Check with Pin p_reg_Y_temp_reg_61_/CK 
Endpoint:   p_reg_Y_temp_reg_61_/D (v) checked with  leading edge of 'CLK'
Beginpoint: B_reg_Y_temp_reg_1_/Q  (v) triggered by  leading edge of 'CLK'
Path Groups: {CLK}
Analysis View: default
Other End Arrival Time          0.074
- Setup                         0.026
+ Phase Shift                   4.719
+ CPPR Adjustment               0.000
- Uncertainty                   0.050
= Required Time                 4.718
- Arrival Time                  3.489
= Slack Time                    1.228
     Clock Rise Edge                 0.000
     + Clock Network Latency (Prop)  0.044
     = Beginpoint Arrival Time       0.044
     +------------------------------------------------------------------------------+ 
     |       Instance       |     Arc      |   Cell    | Delay | Arrival | Required | 
     |                      |              |           |       |  Time   |   Time   | 
     |----------------------+--------------+-----------+-------+---------+----------| 
     | B_reg_Y_temp_reg_1_  | CK ^         |           |       |   0.044 |    1.273 | 
     | B_reg_Y_temp_reg_1_  | CK ^ -> Q v  | DFF_X1    | 0.121 |   0.165 |    1.393 | 
     | U2502                | B2 v -> ZN ^ | AOI21_X1  | 0.084 |   0.249 |    1.477 | 
     | U2503                | A ^ -> ZN v  | OAI21_X1  | 0.027 |   0.276 |    1.504 | 
     | FE_OFC6_n2881        | A v -> Z v   | CLKBUF_X2 | 0.122 |   0.399 |    1.627 | 
     | U2520                | B2 v -> ZN ^ | OAI221_X1 | 0.096 |   0.494 |    1.722 | 
     | U2521                | B ^ -> Z v   | XOR2_X1   | 0.029 |   0.523 |    1.751 | 
     | U2542                | B v -> S ^   | FA_X1     | 0.129 |   0.652 |    1.880 | 
     | U2527                | A ^ -> ZN v  | INV_X1    | 0.012 |   0.663 |    1.891 | 
     | U2528                | A2 v -> ZN ^ | NOR2_X1   | 0.056 |   0.720 |    1.948 | 
     | U2708                | A ^ -> ZN v  | AOI221_X1 | 0.024 |   0.744 |    1.972 | 
     | U2710                | C1 v -> ZN ^ | AOI222_X1 | 0.104 |   0.848 |    2.076 | 
     | U2711                | B1 ^ -> ZN v | AOI222_X1 | 0.042 |   0.890 |    2.119 | 
     | U2491                | C1 v -> ZN ^ | AOI222_X4 | 0.142 |   1.032 |    2.261 | 
     | U2714                | B1 ^ -> ZN v | AOI21_X1  | 0.019 |   1.051 |    2.279 | 
     | U2715                | C1 v -> ZN ^ | AOI222_X1 | 0.102 |   1.153 |    2.381 | 
     | U2718                | B2 ^ -> ZN v | AOI221_X1 | 0.035 |   1.188 |    2.416 | 
     | U2719                | A v -> ZN ^  | AOI21_X1  | 0.112 |   1.300 |    2.528 | 
     | U2720                | B1 ^ -> ZN v | AOI21_X1  | 0.029 |   1.329 |    2.557 | 
     | U2721                | C1 v -> ZN ^ | AOI222_X1 | 0.108 |   1.436 |    2.664 | 
     | U2723                | B1 ^ -> ZN v | AOI222_X1 | 0.035 |   1.471 |    2.700 | 
     | U2727                | B1 v -> ZN ^ | AOI21_X1  | 0.116 |   1.587 |    2.815 | 
     | U2728                | A ^ -> ZN v  | INV_X1    | 0.030 |   1.617 |    2.845 | 
     | U2732                | A v -> ZN ^  | AOI21_X1  | 0.048 |   1.665 |    2.893 | 
     | U2733                | A2 ^ -> ZN v | NOR2_X1   | 0.016 |   1.681 |    2.910 | 
     | U2734                | B1 v -> ZN ^ | AOI222_X1 | 0.076 |   1.757 |    2.985 | 
     | U2735                | A ^ -> ZN v  | OAI21_X1  | 0.026 |   1.784 |    3.012 | 
     | U2736                | B v -> ZN ^  | OAI211_X1 | 0.031 |   1.814 |    3.042 | 
     | U2790                | B1 ^ -> ZN v | AOI221_X1 | 0.030 |   1.844 |    3.072 | 
     | U2791                | A v -> ZN ^  | AOI21_X1  | 0.042 |   1.886 |    3.115 | 
     | U2794                | B1 ^ -> ZN v | AOI21_X1  | 0.034 |   1.921 |    3.149 | 
     | U2795                | A v -> ZN ^  | INV_X1    | 0.037 |   1.957 |    3.185 | 
     | U2797                | B2 ^ -> ZN v | OAI21_X1  | 0.024 |   1.982 |    3.210 | 
     | U2798                | C2 v -> ZN ^ | AOI222_X1 | 0.110 |   2.092 |    3.320 | 
     | U2799                | B1 ^ -> ZN v | AOI222_X1 | 0.035 |   2.127 |    3.355 | 
     | U2802                | B1 v -> ZN ^ | AOI21_X1  | 0.094 |   2.222 |    3.450 | 
     | U2803                | B2 ^ -> ZN v | AOI221_X1 | 0.043 |   2.264 |    3.492 | 
     | U2804                | C1 v -> ZN ^ | AOI222_X1 | 0.091 |   2.355 |    3.583 | 
     | U2808                | C1 ^ -> ZN v | OAI211_X1 | 0.028 |   2.384 |    3.612 | 
     | U2809                | A v -> ZN ^  | OAI21_X1  | 0.034 |   2.418 |    3.646 | 
     | U2817                | A1 ^ -> ZN ^ | OR4_X1    | 0.064 |   2.482 |    3.710 | 
     | U3807                | B1 ^ -> ZN v | AOI221_X1 | 0.032 |   2.514 |    3.742 | 
     | U3808                | A v -> ZN ^  | AOI21_X1  | 0.062 |   2.576 |    3.804 | 
     | U3811                | B1 ^ -> ZN v | AOI21_X1  | 0.050 |   2.626 |    3.854 | 
     | U3815                | B1 v -> ZN ^ | AOI22_X1  | 0.050 |   2.676 |    3.904 | 
     | U3818                | A1 ^ -> ZN v | AOI22_X1  | 0.022 |   2.698 |    3.926 | 
     | U3819                | B1 v -> ZN ^ | AOI222_X1 | 0.079 |   2.778 |    4.006 | 
     | U3822                | B1 ^ -> ZN v | AOI21_X1  | 0.048 |   2.826 |    4.054 | 
     | U4467                | B1 v -> ZN ^ | AOI22_X1  | 0.050 |   2.876 |    4.104 | 
     | U4468                | A1 ^ -> ZN v | NAND2_X1  | 0.017 |   2.893 |    4.121 | 
     | U4469                | A v -> ZN ^  | OAI21_X1  | 0.025 |   2.918 |    4.146 | 
     | U4471                | C1 ^ -> ZN v | AOI222_X1 | 0.031 |   2.949 |    4.177 | 
     | U4472                | B2 v -> ZN ^ | OAI21_X1  | 0.065 |   3.014 |    4.242 | 
     | U4544                | B2 ^ -> ZN v | OAI21_X1  | 0.029 |   3.043 |    4.271 | 
     | U4545                | C2 v -> ZN ^ | AOI222_X1 | 0.096 |   3.139 |    4.367 | 
     | U4546                | A ^ -> ZN v  | OAI21_X1  | 0.026 |   3.165 |    4.393 | 
     | U4547                | B v -> ZN ^  | OAI211_X1 | 0.031 |   3.196 |    4.424 | 
     | U4598                | A4 ^ -> ZN v | NOR4_X1   | 0.022 |   3.218 |    4.446 | 
     | U4643                | B1 v -> ZN ^ | OAI21_X1  | 0.028 |   3.246 |    4.474 | 
     | U4644                | A1 ^ -> ZN v | NAND2_X1  | 0.019 |   3.265 |    4.493 | 
     | U4647                | B2 v -> ZN ^ | OAI21_X1  | 0.033 |   3.298 |    4.526 | 
     | U4648                | A ^ -> ZN v  | OAI21_X1  | 0.021 |   3.319 |    4.547 | 
     | U4649                | A v -> ZN ^  | OAI21_X1  | 0.020 |   3.339 |    4.567 | 
     | U4650                | B2 ^ -> ZN v | OAI21_X1  | 0.024 |   3.363 |    4.591 | 
     | U2094                | A1 v -> ZN v | AND2_X1   | 0.039 |   3.402 |    4.631 | 
     | U2101                | B1 v -> ZN ^ | AOI222_X1 | 0.079 |   3.482 |    4.710 | 
     | U2102                | A ^ -> ZN v  | INV_X1    | 0.008 |   3.489 |    4.718 | 
     | p_reg_Y_temp_reg_61_ | D v          | DFF_X1    | 0.000 |   3.489 |    4.718 | 
     +------------------------------------------------------------------------------+ 
Path 3: MET Setup Check with Pin p_reg_Y_temp_reg_62_/CK 
Endpoint:   p_reg_Y_temp_reg_62_/D (v) checked with  leading edge of 'CLK'
Beginpoint: B_reg_Y_temp_reg_1_/Q  (v) triggered by  leading edge of 'CLK'
Path Groups: {CLK}
Analysis View: default
Other End Arrival Time          0.074
- Setup                         0.026
+ Phase Shift                   4.719
+ CPPR Adjustment               0.000
- Uncertainty                   0.050
= Required Time                 4.718
- Arrival Time                  3.489
= Slack Time                    1.229
     Clock Rise Edge                 0.000
     + Clock Network Latency (Prop)  0.044
     = Beginpoint Arrival Time       0.044
     +------------------------------------------------------------------------------+ 
     |       Instance       |     Arc      |   Cell    | Delay | Arrival | Required | 
     |                      |              |           |       |  Time   |   Time   | 
     |----------------------+--------------+-----------+-------+---------+----------| 
     | B_reg_Y_temp_reg_1_  | CK ^         |           |       |   0.044 |    1.273 | 
     | B_reg_Y_temp_reg_1_  | CK ^ -> Q v  | DFF_X1    | 0.121 |   0.165 |    1.394 | 
     | U2502                | B2 v -> ZN ^ | AOI21_X1  | 0.084 |   0.249 |    1.478 | 
     | U2503                | A ^ -> ZN v  | OAI21_X1  | 0.027 |   0.276 |    1.505 | 
     | FE_OFC6_n2881        | A v -> Z v   | CLKBUF_X2 | 0.122 |   0.399 |    1.627 | 
     | U2520                | B2 v -> ZN ^ | OAI221_X1 | 0.096 |   0.494 |    1.723 | 
     | U2521                | B ^ -> Z v   | XOR2_X1   | 0.029 |   0.523 |    1.752 | 
     | U2542                | B v -> S ^   | FA_X1     | 0.129 |   0.652 |    1.881 | 
     | U2527                | A ^ -> ZN v  | INV_X1    | 0.012 |   0.663 |    1.892 | 
     | U2528                | A2 v -> ZN ^ | NOR2_X1   | 0.056 |   0.720 |    1.948 | 
     | U2708                | A ^ -> ZN v  | AOI221_X1 | 0.024 |   0.744 |    1.973 | 
     | U2710                | C1 v -> ZN ^ | AOI222_X1 | 0.104 |   0.848 |    2.077 | 
     | U2711                | B1 ^ -> ZN v | AOI222_X1 | 0.042 |   0.890 |    2.119 | 
     | U2491                | C1 v -> ZN ^ | AOI222_X4 | 0.142 |   1.032 |    2.261 | 
     | U2714                | B1 ^ -> ZN v | AOI21_X1  | 0.019 |   1.051 |    2.280 | 
     | U2715                | C1 v -> ZN ^ | AOI222_X1 | 0.102 |   1.153 |    2.382 | 
     | U2718                | B2 ^ -> ZN v | AOI221_X1 | 0.035 |   1.188 |    2.417 | 
     | U2719                | A v -> ZN ^  | AOI21_X1  | 0.112 |   1.300 |    2.528 | 
     | U2720                | B1 ^ -> ZN v | AOI21_X1  | 0.029 |   1.329 |    2.557 | 
     | U2721                | C1 v -> ZN ^ | AOI222_X1 | 0.108 |   1.436 |    2.665 | 
     | U2723                | B1 ^ -> ZN v | AOI222_X1 | 0.035 |   1.471 |    2.700 | 
     | U2727                | B1 v -> ZN ^ | AOI21_X1  | 0.116 |   1.587 |    2.816 | 
     | U2728                | A ^ -> ZN v  | INV_X1    | 0.030 |   1.617 |    2.846 | 
     | U2732                | A v -> ZN ^  | AOI21_X1  | 0.048 |   1.665 |    2.894 | 
     | U2733                | A2 ^ -> ZN v | NOR2_X1   | 0.016 |   1.681 |    2.910 | 
     | U2734                | B1 v -> ZN ^ | AOI222_X1 | 0.076 |   1.757 |    2.986 | 
     | U2735                | A ^ -> ZN v  | OAI21_X1  | 0.026 |   1.784 |    3.012 | 
     | U2736                | B v -> ZN ^  | OAI211_X1 | 0.031 |   1.814 |    3.043 | 
     | U2790                | B1 ^ -> ZN v | AOI221_X1 | 0.030 |   1.844 |    3.073 | 
     | U2791                | A v -> ZN ^  | AOI21_X1  | 0.042 |   1.886 |    3.115 | 
     | U2794                | B1 ^ -> ZN v | AOI21_X1  | 0.034 |   1.921 |    3.149 | 
     | U2795                | A v -> ZN ^  | INV_X1    | 0.037 |   1.957 |    3.186 | 
     | U2797                | B2 ^ -> ZN v | OAI21_X1  | 0.024 |   1.982 |    3.210 | 
     | U2798                | C2 v -> ZN ^ | AOI222_X1 | 0.110 |   2.092 |    3.320 | 
     | U2799                | B1 ^ -> ZN v | AOI222_X1 | 0.035 |   2.127 |    3.356 | 
     | U2802                | B1 v -> ZN ^ | AOI21_X1  | 0.094 |   2.222 |    3.450 | 
     | U2803                | B2 ^ -> ZN v | AOI221_X1 | 0.043 |   2.264 |    3.493 | 
     | U2804                | C1 v -> ZN ^ | AOI222_X1 | 0.091 |   2.355 |    3.584 | 
     | U2808                | C1 ^ -> ZN v | OAI211_X1 | 0.028 |   2.384 |    3.612 | 
     | U2809                | A v -> ZN ^  | OAI21_X1  | 0.034 |   2.418 |    3.647 | 
     | U2817                | A1 ^ -> ZN ^ | OR4_X1    | 0.064 |   2.482 |    3.710 | 
     | U3807                | B1 ^ -> ZN v | AOI221_X1 | 0.032 |   2.514 |    3.743 | 
     | U3808                | A v -> ZN ^  | AOI21_X1  | 0.062 |   2.576 |    3.805 | 
     | U3811                | B1 ^ -> ZN v | AOI21_X1  | 0.050 |   2.626 |    3.855 | 
     | U3815                | B1 v -> ZN ^ | AOI22_X1  | 0.050 |   2.676 |    3.905 | 
     | U3818                | A1 ^ -> ZN v | AOI22_X1  | 0.022 |   2.698 |    3.927 | 
     | U3819                | B1 v -> ZN ^ | AOI222_X1 | 0.079 |   2.778 |    4.006 | 
     | U3822                | B1 ^ -> ZN v | AOI21_X1  | 0.048 |   2.826 |    4.055 | 
     | U4467                | B1 v -> ZN ^ | AOI22_X1  | 0.050 |   2.876 |    4.105 | 
     | U4468                | A1 ^ -> ZN v | NAND2_X1  | 0.017 |   2.893 |    4.122 | 
     | U4469                | A v -> ZN ^  | OAI21_X1  | 0.025 |   2.918 |    4.147 | 
     | U4471                | C1 ^ -> ZN v | AOI222_X1 | 0.031 |   2.949 |    4.177 | 
     | U4472                | B2 v -> ZN ^ | OAI21_X1  | 0.065 |   3.014 |    4.243 | 
     | U4544                | B2 ^ -> ZN v | OAI21_X1  | 0.029 |   3.043 |    4.272 | 
     | U4545                | C2 v -> ZN ^ | AOI222_X1 | 0.096 |   3.139 |    4.368 | 
     | U4546                | A ^ -> ZN v  | OAI21_X1  | 0.026 |   3.165 |    4.394 | 
     | U4547                | B v -> ZN ^  | OAI211_X1 | 0.031 |   3.196 |    4.425 | 
     | U4598                | A4 ^ -> ZN v | NOR4_X1   | 0.022 |   3.218 |    4.447 | 
     | U4643                | B1 v -> ZN ^ | OAI21_X1  | 0.028 |   3.246 |    4.475 | 
     | U4644                | A1 ^ -> ZN v | NAND2_X1  | 0.019 |   3.265 |    4.494 | 
     | U4647                | B2 v -> ZN ^ | OAI21_X1  | 0.033 |   3.298 |    4.527 | 
     | U4648                | A ^ -> ZN v  | OAI21_X1  | 0.021 |   3.319 |    4.548 | 
     | U4649                | A v -> ZN ^  | OAI21_X1  | 0.020 |   3.339 |    4.568 | 
     | U4650                | B2 ^ -> ZN v | OAI21_X1  | 0.024 |   3.363 |    4.592 | 
     | U2094                | A1 v -> ZN v | AND2_X1   | 0.039 |   3.402 |    4.631 | 
     | U2099                | B1 v -> ZN ^ | AOI222_X1 | 0.078 |   3.481 |    4.709 | 
     | U2100                | A ^ -> ZN v  | INV_X1    | 0.008 |   3.489 |    4.718 | 
     | p_reg_Y_temp_reg_62_ | D v          | DFF_X1    | 0.000 |   3.489 |    4.718 | 
     +------------------------------------------------------------------------------+ 
Path 4: MET Setup Check with Pin p_reg_Y_temp_reg_60_/CK 
Endpoint:   p_reg_Y_temp_reg_60_/D (^) checked with  leading edge of 'CLK'
Beginpoint: B_reg_Y_temp_reg_1_/Q  (v) triggered by  leading edge of 'CLK'
Path Groups: {CLK}
Analysis View: default
Other End Arrival Time          0.075
- Setup                         0.028
+ Phase Shift                   4.719
+ CPPR Adjustment               0.000
- Uncertainty                   0.050
= Required Time                 4.716
- Arrival Time                  3.459
= Slack Time                    1.256
     Clock Rise Edge                 0.000
     + Clock Network Latency (Prop)  0.044
     = Beginpoint Arrival Time       0.044
     +------------------------------------------------------------------------------+ 
     |       Instance       |     Arc      |   Cell    | Delay | Arrival | Required | 
     |                      |              |           |       |  Time   |   Time   | 
     |----------------------+--------------+-----------+-------+---------+----------| 
     | B_reg_Y_temp_reg_1_  | CK ^         |           |       |   0.044 |    1.301 | 
     | B_reg_Y_temp_reg_1_  | CK ^ -> Q v  | DFF_X1    | 0.121 |   0.165 |    1.421 | 
     | U2502                | B2 v -> ZN ^ | AOI21_X1  | 0.084 |   0.249 |    1.505 | 
     | U2503                | A ^ -> ZN v  | OAI21_X1  | 0.027 |   0.276 |    1.533 | 
     | FE_OFC6_n2881        | A v -> Z v   | CLKBUF_X2 | 0.122 |   0.399 |    1.655 | 
     | U2520                | B2 v -> ZN ^ | OAI221_X1 | 0.096 |   0.494 |    1.751 | 
     | U2521                | B ^ -> Z v   | XOR2_X1   | 0.029 |   0.523 |    1.779 | 
     | U2542                | B v -> S ^   | FA_X1     | 0.129 |   0.652 |    1.908 | 
     | U2527                | A ^ -> ZN v  | INV_X1    | 0.012 |   0.663 |    1.920 | 
     | U2528                | A2 v -> ZN ^ | NOR2_X1   | 0.056 |   0.720 |    1.976 | 
     | U2708                | A ^ -> ZN v  | AOI221_X1 | 0.024 |   0.744 |    2.000 | 
     | U2710                | C1 v -> ZN ^ | AOI222_X1 | 0.104 |   0.848 |    2.105 | 
     | U2711                | B1 ^ -> ZN v | AOI222_X1 | 0.042 |   0.890 |    2.147 | 
     | U2491                | C1 v -> ZN ^ | AOI222_X4 | 0.142 |   1.032 |    2.289 | 
     | U2714                | B1 ^ -> ZN v | AOI21_X1  | 0.019 |   1.051 |    2.307 | 
     | U2715                | C1 v -> ZN ^ | AOI222_X1 | 0.102 |   1.153 |    2.409 | 
     | U2718                | B2 ^ -> ZN v | AOI221_X1 | 0.035 |   1.188 |    2.444 | 
     | U2719                | A v -> ZN ^  | AOI21_X1  | 0.112 |   1.300 |    2.556 | 
     | U2720                | B1 ^ -> ZN v | AOI21_X1  | 0.029 |   1.329 |    2.585 | 
     | U2721                | C1 v -> ZN ^ | AOI222_X1 | 0.108 |   1.436 |    2.692 | 
     | U2723                | B1 ^ -> ZN v | AOI222_X1 | 0.035 |   1.471 |    2.728 | 
     | U2727                | B1 v -> ZN ^ | AOI21_X1  | 0.116 |   1.587 |    2.844 | 
     | U2728                | A ^ -> ZN v  | INV_X1    | 0.030 |   1.617 |    2.874 | 
     | U2732                | A v -> ZN ^  | AOI21_X1  | 0.048 |   1.665 |    2.922 | 
     | U2733                | A2 ^ -> ZN v | NOR2_X1   | 0.016 |   1.681 |    2.938 | 
     | U2734                | B1 v -> ZN ^ | AOI222_X1 | 0.076 |   1.757 |    3.014 | 
     | U2735                | A ^ -> ZN v  | OAI21_X1  | 0.026 |   1.784 |    3.040 | 
     | U2736                | B v -> ZN ^  | OAI211_X1 | 0.031 |   1.814 |    3.071 | 
     | U2790                | B1 ^ -> ZN v | AOI221_X1 | 0.030 |   1.844 |    3.100 | 
     | U2791                | A v -> ZN ^  | AOI21_X1  | 0.042 |   1.886 |    3.143 | 
     | U2794                | B1 ^ -> ZN v | AOI21_X1  | 0.034 |   1.921 |    3.177 | 
     | U2795                | A v -> ZN ^  | INV_X1    | 0.037 |   1.957 |    3.214 | 
     | U2797                | B2 ^ -> ZN v | OAI21_X1  | 0.024 |   1.982 |    3.238 | 
     | U2798                | C2 v -> ZN ^ | AOI222_X1 | 0.110 |   2.092 |    3.348 | 
     | U2799                | B1 ^ -> ZN v | AOI222_X1 | 0.035 |   2.127 |    3.383 | 
     | U2802                | B1 v -> ZN ^ | AOI21_X1  | 0.094 |   2.222 |    3.478 | 
     | U2803                | B2 ^ -> ZN v | AOI221_X1 | 0.043 |   2.264 |    3.520 | 
     | U2804                | C1 v -> ZN ^ | AOI222_X1 | 0.091 |   2.355 |    3.612 | 
     | U2808                | C1 ^ -> ZN v | OAI211_X1 | 0.028 |   2.384 |    3.640 | 
     | U2809                | A v -> ZN ^  | OAI21_X1  | 0.034 |   2.418 |    3.674 | 
     | U2817                | A1 ^ -> ZN ^ | OR4_X1    | 0.064 |   2.482 |    3.738 | 
     | U3807                | B1 ^ -> ZN v | AOI221_X1 | 0.032 |   2.514 |    3.770 | 
     | U3808                | A v -> ZN ^  | AOI21_X1  | 0.062 |   2.576 |    3.833 | 
     | U3811                | B1 ^ -> ZN v | AOI21_X1  | 0.050 |   2.626 |    3.883 | 
     | U3815                | B1 v -> ZN ^ | AOI22_X1  | 0.050 |   2.676 |    3.933 | 
     | U3818                | A1 ^ -> ZN v | AOI22_X1  | 0.022 |   2.698 |    3.955 | 
     | U3819                | B1 v -> ZN ^ | AOI222_X1 | 0.079 |   2.778 |    4.034 | 
     | U3822                | B1 ^ -> ZN v | AOI21_X1  | 0.048 |   2.826 |    4.082 | 
     | U4467                | B1 v -> ZN ^ | AOI22_X1  | 0.050 |   2.876 |    4.132 | 
     | U4468                | A1 ^ -> ZN v | NAND2_X1  | 0.017 |   2.893 |    4.150 | 
     | U4469                | A v -> ZN ^  | OAI21_X1  | 0.025 |   2.918 |    4.174 | 
     | U4471                | C1 ^ -> ZN v | AOI222_X1 | 0.031 |   2.949 |    4.205 | 
     | U4472                | B2 v -> ZN ^ | OAI21_X1  | 0.065 |   3.014 |    4.270 | 
     | U4544                | B2 ^ -> ZN v | OAI21_X1  | 0.029 |   3.043 |    4.300 | 
     | U4545                | C2 v -> ZN ^ | AOI222_X1 | 0.096 |   3.139 |    4.395 | 
     | U4546                | A ^ -> ZN v  | OAI21_X1  | 0.026 |   3.165 |    4.421 | 
     | U4547                | B v -> ZN ^  | OAI211_X1 | 0.031 |   3.196 |    4.452 | 
     | U4598                | A4 ^ -> ZN v | NOR4_X1   | 0.022 |   3.218 |    4.474 | 
     | U4643                | B1 v -> ZN ^ | OAI21_X1  | 0.028 |   3.246 |    4.502 | 
     | U4644                | A1 ^ -> ZN v | NAND2_X1  | 0.019 |   3.265 |    4.521 | 
     | U4647                | B2 v -> ZN ^ | OAI21_X1  | 0.033 |   3.298 |    4.554 | 
     | U4648                | A ^ -> ZN v  | OAI21_X1  | 0.021 |   3.319 |    4.575 | 
     | U4649                | A v -> ZN ^  | OAI21_X1  | 0.020 |   3.339 |    4.595 | 
     | U4650                | B2 ^ -> ZN v | OAI21_X1  | 0.024 |   3.363 |    4.619 | 
     | U2093                | A2 v -> ZN ^ | NOR2_X1   | 0.056 |   3.419 |    4.675 | 
     | U2103                | A ^ -> ZN v  | INV_X1    | 0.010 |   3.429 |    4.685 | 
     | U2105                | B2 v -> ZN ^ | OAI21_X1  | 0.030 |   3.459 |    4.716 | 
     | p_reg_Y_temp_reg_60_ | D ^          | DFF_X1    | 0.000 |   3.459 |    4.716 | 
     +------------------------------------------------------------------------------+ 
Path 5: MET Setup Check with Pin p_reg_Y_temp_reg_59_/CK 
Endpoint:   p_reg_Y_temp_reg_59_/D (^) checked with  leading edge of 'CLK'
Beginpoint: B_reg_Y_temp_reg_1_/Q  (v) triggered by  leading edge of 'CLK'
Path Groups: {CLK}
Analysis View: default
Other End Arrival Time          0.074
- Setup                         0.035
+ Phase Shift                   4.719
+ CPPR Adjustment               0.000
- Uncertainty                   0.050
= Required Time                 4.709
- Arrival Time                  3.452
= Slack Time                    1.257
     Clock Rise Edge                 0.000
     + Clock Network Latency (Prop)  0.044
     = Beginpoint Arrival Time       0.044
     +------------------------------------------------------------------------------+ 
     |       Instance       |     Arc      |   Cell    | Delay | Arrival | Required | 
     |                      |              |           |       |  Time   |   Time   | 
     |----------------------+--------------+-----------+-------+---------+----------| 
     | B_reg_Y_temp_reg_1_  | CK ^         |           |       |   0.044 |    1.302 | 
     | B_reg_Y_temp_reg_1_  | CK ^ -> Q v  | DFF_X1    | 0.121 |   0.165 |    1.422 | 
     | U2502                | B2 v -> ZN ^ | AOI21_X1  | 0.084 |   0.249 |    1.506 | 
     | U2503                | A ^ -> ZN v  | OAI21_X1  | 0.027 |   0.276 |    1.533 | 
     | FE_OFC6_n2881        | A v -> Z v   | CLKBUF_X2 | 0.122 |   0.399 |    1.656 | 
     | U2520                | B2 v -> ZN ^ | OAI221_X1 | 0.096 |   0.494 |    1.751 | 
     | U2521                | B ^ -> Z v   | XOR2_X1   | 0.029 |   0.523 |    1.780 | 
     | U2542                | B v -> S ^   | FA_X1     | 0.129 |   0.652 |    1.909 | 
     | U2527                | A ^ -> ZN v  | INV_X1    | 0.012 |   0.663 |    1.920 | 
     | U2528                | A2 v -> ZN ^ | NOR2_X1   | 0.056 |   0.720 |    1.977 | 
     | U2708                | A ^ -> ZN v  | AOI221_X1 | 0.024 |   0.744 |    2.001 | 
     | U2710                | C1 v -> ZN ^ | AOI222_X1 | 0.104 |   0.848 |    2.105 | 
     | U2711                | B1 ^ -> ZN v | AOI222_X1 | 0.042 |   0.890 |    2.148 | 
     | U2491                | C1 v -> ZN ^ | AOI222_X4 | 0.142 |   1.032 |    2.290 | 
     | U2714                | B1 ^ -> ZN v | AOI21_X1  | 0.019 |   1.051 |    2.308 | 
     | U2715                | C1 v -> ZN ^ | AOI222_X1 | 0.102 |   1.153 |    2.410 | 
     | U2718                | B2 ^ -> ZN v | AOI221_X1 | 0.035 |   1.188 |    2.445 | 
     | U2719                | A v -> ZN ^  | AOI21_X1  | 0.112 |   1.300 |    2.557 | 
     | U2720                | B1 ^ -> ZN v | AOI21_X1  | 0.029 |   1.329 |    2.586 | 
     | U2721                | C1 v -> ZN ^ | AOI222_X1 | 0.108 |   1.436 |    2.693 | 
     | U2723                | B1 ^ -> ZN v | AOI222_X1 | 0.035 |   1.471 |    2.729 | 
     | U2727                | B1 v -> ZN ^ | AOI21_X1  | 0.116 |   1.587 |    2.844 | 
     | U2728                | A ^ -> ZN v  | INV_X1    | 0.030 |   1.617 |    2.874 | 
     | U2732                | A v -> ZN ^  | AOI21_X1  | 0.048 |   1.665 |    2.922 | 
     | U2733                | A2 ^ -> ZN v | NOR2_X1   | 0.016 |   1.681 |    2.939 | 
     | U2734                | B1 v -> ZN ^ | AOI222_X1 | 0.076 |   1.757 |    3.014 | 
     | U2735                | A ^ -> ZN v  | OAI21_X1  | 0.026 |   1.784 |    3.041 | 
     | U2736                | B v -> ZN ^  | OAI211_X1 | 0.031 |   1.814 |    3.071 | 
     | U2790                | B1 ^ -> ZN v | AOI221_X1 | 0.030 |   1.844 |    3.101 | 
     | U2791                | A v -> ZN ^  | AOI21_X1  | 0.042 |   1.886 |    3.144 | 
     | U2794                | B1 ^ -> ZN v | AOI21_X1  | 0.034 |   1.921 |    3.178 | 
     | U2795                | A v -> ZN ^  | INV_X1    | 0.037 |   1.957 |    3.214 | 
     | U2797                | B2 ^ -> ZN v | OAI21_X1  | 0.024 |   1.982 |    3.239 | 
     | U2798                | C2 v -> ZN ^ | AOI222_X1 | 0.110 |   2.092 |    3.349 | 
     | U2799                | B1 ^ -> ZN v | AOI222_X1 | 0.035 |   2.127 |    3.384 | 
     | U2802                | B1 v -> ZN ^ | AOI21_X1  | 0.094 |   2.222 |    3.479 | 
     | U2803                | B2 ^ -> ZN v | AOI221_X1 | 0.043 |   2.264 |    3.521 | 
     | U2804                | C1 v -> ZN ^ | AOI222_X1 | 0.091 |   2.355 |    3.612 | 
     | U2808                | C1 ^ -> ZN v | OAI211_X1 | 0.028 |   2.384 |    3.641 | 
     | U2809                | A v -> ZN ^  | OAI21_X1  | 0.034 |   2.418 |    3.675 | 
     | U2817                | A1 ^ -> ZN ^ | OR4_X1    | 0.064 |   2.482 |    3.739 | 
     | U3807                | B1 ^ -> ZN v | AOI221_X1 | 0.032 |   2.514 |    3.771 | 
     | U3808                | A v -> ZN ^  | AOI21_X1  | 0.062 |   2.576 |    3.833 | 
     | U3811                | B1 ^ -> ZN v | AOI21_X1  | 0.050 |   2.626 |    3.883 | 
     | U3815                | B1 v -> ZN ^ | AOI22_X1  | 0.050 |   2.676 |    3.933 | 
     | U3818                | A1 ^ -> ZN v | AOI22_X1  | 0.022 |   2.698 |    3.955 | 
     | U3819                | B1 v -> ZN ^ | AOI222_X1 | 0.079 |   2.778 |    4.035 | 
     | U3822                | B1 ^ -> ZN v | AOI21_X1  | 0.048 |   2.826 |    4.083 | 
     | U4467                | B1 v -> ZN ^ | AOI22_X1  | 0.050 |   2.876 |    4.133 | 
     | U4468                | A1 ^ -> ZN v | NAND2_X1  | 0.017 |   2.893 |    4.150 | 
     | U4469                | A v -> ZN ^  | OAI21_X1  | 0.025 |   2.918 |    4.175 | 
     | U4471                | C1 ^ -> ZN v | AOI222_X1 | 0.031 |   2.949 |    4.206 | 
     | U4472                | B2 v -> ZN ^ | OAI21_X1  | 0.065 |   3.014 |    4.271 | 
     | U4544                | B2 ^ -> ZN v | OAI21_X1  | 0.029 |   3.043 |    4.300 | 
     | U4545                | C2 v -> ZN ^ | AOI222_X1 | 0.096 |   3.139 |    4.396 | 
     | U4546                | A ^ -> ZN v  | OAI21_X1  | 0.026 |   3.165 |    4.422 | 
     | U4547                | B v -> ZN ^  | OAI211_X1 | 0.031 |   3.196 |    4.453 | 
     | U4598                | A4 ^ -> ZN v | NOR4_X1   | 0.022 |   3.218 |    4.475 | 
     | U4603                | A1 v -> ZN ^ | NOR2_X1   | 0.041 |   3.259 |    4.516 | 
     | U4606                | A1 ^ -> ZN v | NAND3_X1  | 0.030 |   3.289 |    4.546 | 
     | U4618                | A v -> ZN ^  | INV_X1    | 0.021 |   3.310 |    4.567 | 
     | U4622                | A2 ^ -> ZN v | NAND2_X1  | 0.023 |   3.333 |    4.590 | 
     | U4635                | A2 v -> ZN ^ | NOR2_X1   | 0.029 |   3.362 |    4.619 | 
     | U4636                | A ^ -> ZN v  | AOI211_X1 | 0.016 |   3.378 |    4.635 | 
     | U4642                | A v -> ZN v  | XNOR2_X1  | 0.040 |   3.419 |    4.676 | 
     | U2109                | A2 v -> ZN ^ | OAI22_X1  | 0.033 |   3.452 |    4.709 | 
     | p_reg_Y_temp_reg_59_ | D ^          | DFF_X1    | 0.000 |   3.452 |    4.709 | 
     +------------------------------------------------------------------------------+ 
Path 6: MET Setup Check with Pin p_reg_Y_temp_reg_58_/CK 
Endpoint:   p_reg_Y_temp_reg_58_/D (^) checked with  leading edge of 'CLK'
Beginpoint: B_reg_Y_temp_reg_1_/Q  (v) triggered by  leading edge of 'CLK'
Path Groups: {CLK}
Analysis View: default
Other End Arrival Time          0.074
- Setup                         0.035
+ Phase Shift                   4.719
+ CPPR Adjustment               0.000
- Uncertainty                   0.050
= Required Time                 4.709
- Arrival Time                  3.407
= Slack Time                    1.302
     Clock Rise Edge                 0.000
     + Clock Network Latency (Prop)  0.044
     = Beginpoint Arrival Time       0.044
     +------------------------------------------------------------------------------+ 
     |       Instance       |     Arc      |   Cell    | Delay | Arrival | Required | 
     |                      |              |           |       |  Time   |   Time   | 
     |----------------------+--------------+-----------+-------+---------+----------| 
     | B_reg_Y_temp_reg_1_  | CK ^         |           |       |   0.044 |    1.346 | 
     | B_reg_Y_temp_reg_1_  | CK ^ -> Q v  | DFF_X1    | 0.121 |   0.165 |    1.467 | 
     | U2502                | B2 v -> ZN ^ | AOI21_X1  | 0.084 |   0.249 |    1.551 | 
     | U2503                | A ^ -> ZN v  | OAI21_X1  | 0.027 |   0.276 |    1.578 | 
     | FE_OFC6_n2881        | A v -> Z v   | CLKBUF_X2 | 0.122 |   0.399 |    1.700 | 
     | U2520                | B2 v -> ZN ^ | OAI221_X1 | 0.096 |   0.494 |    1.796 | 
     | U2521                | B ^ -> Z v   | XOR2_X1   | 0.029 |   0.523 |    1.825 | 
     | U2542                | B v -> S ^   | FA_X1     | 0.129 |   0.652 |    1.954 | 
     | U2527                | A ^ -> ZN v  | INV_X1    | 0.012 |   0.663 |    1.965 | 
     | U2528                | A2 v -> ZN ^ | NOR2_X1   | 0.056 |   0.720 |    2.021 | 
     | U2708                | A ^ -> ZN v  | AOI221_X1 | 0.024 |   0.744 |    2.046 | 
     | U2710                | C1 v -> ZN ^ | AOI222_X1 | 0.104 |   0.848 |    2.150 | 
     | U2711                | B1 ^ -> ZN v | AOI222_X1 | 0.042 |   0.890 |    2.192 | 
     | U2491                | C1 v -> ZN ^ | AOI222_X4 | 0.142 |   1.032 |    2.334 | 
     | U2714                | B1 ^ -> ZN v | AOI21_X1  | 0.019 |   1.051 |    2.353 | 
     | U2715                | C1 v -> ZN ^ | AOI222_X1 | 0.102 |   1.153 |    2.455 | 
     | U2718                | B2 ^ -> ZN v | AOI221_X1 | 0.035 |   1.188 |    2.490 | 
     | U2719                | A v -> ZN ^  | AOI21_X1  | 0.112 |   1.300 |    2.601 | 
     | U2720                | B1 ^ -> ZN v | AOI21_X1  | 0.029 |   1.329 |    2.630 | 
     | U2721                | C1 v -> ZN ^ | AOI222_X1 | 0.108 |   1.436 |    2.738 | 
     | U2723                | B1 ^ -> ZN v | AOI222_X1 | 0.035 |   1.471 |    2.773 | 
     | U2727                | B1 v -> ZN ^ | AOI21_X1  | 0.116 |   1.587 |    2.889 | 
     | U2728                | A ^ -> ZN v  | INV_X1    | 0.030 |   1.617 |    2.919 | 
     | U2732                | A v -> ZN ^  | AOI21_X1  | 0.048 |   1.665 |    2.967 | 
     | U2733                | A2 ^ -> ZN v | NOR2_X1   | 0.016 |   1.681 |    2.983 | 
     | U2734                | B1 v -> ZN ^ | AOI222_X1 | 0.076 |   1.757 |    3.059 | 
     | U2735                | A ^ -> ZN v  | OAI21_X1  | 0.026 |   1.784 |    3.085 | 
     | U2736                | B v -> ZN ^  | OAI211_X1 | 0.031 |   1.814 |    3.116 | 
     | U2790                | B1 ^ -> ZN v | AOI221_X1 | 0.030 |   1.844 |    3.146 | 
     | U2791                | A v -> ZN ^  | AOI21_X1  | 0.042 |   1.886 |    3.188 | 
     | U2794                | B1 ^ -> ZN v | AOI21_X1  | 0.034 |   1.921 |    3.222 | 
     | U2795                | A v -> ZN ^  | INV_X1    | 0.037 |   1.957 |    3.259 | 
     | U2797                | B2 ^ -> ZN v | OAI21_X1  | 0.024 |   1.982 |    3.284 | 
     | U2798                | C2 v -> ZN ^ | AOI222_X1 | 0.110 |   2.092 |    3.394 | 
     | U2799                | B1 ^ -> ZN v | AOI222_X1 | 0.035 |   2.127 |    3.429 | 
     | U2802                | B1 v -> ZN ^ | AOI21_X1  | 0.094 |   2.222 |    3.523 | 
     | U2803                | B2 ^ -> ZN v | AOI221_X1 | 0.043 |   2.264 |    3.566 | 
     | U2804                | C1 v -> ZN ^ | AOI222_X1 | 0.091 |   2.355 |    3.657 | 
     | U2808                | C1 ^ -> ZN v | OAI211_X1 | 0.028 |   2.384 |    3.685 | 
     | U2809                | A v -> ZN ^  | OAI21_X1  | 0.034 |   2.418 |    3.720 | 
     | U2817                | A1 ^ -> ZN ^ | OR4_X1    | 0.064 |   2.482 |    3.783 | 
     | U3807                | B1 ^ -> ZN v | AOI221_X1 | 0.032 |   2.514 |    3.816 | 
     | U3808                | A v -> ZN ^  | AOI21_X1  | 0.062 |   2.576 |    3.878 | 
     | U3811                | B1 ^ -> ZN v | AOI21_X1  | 0.050 |   2.626 |    3.928 | 
     | U3815                | B1 v -> ZN ^ | AOI22_X1  | 0.050 |   2.676 |    3.978 | 
     | U3818                | A1 ^ -> ZN v | AOI22_X1  | 0.022 |   2.698 |    4.000 | 
     | U3819                | B1 v -> ZN ^ | AOI222_X1 | 0.079 |   2.778 |    4.079 | 
     | U3822                | B1 ^ -> ZN v | AOI21_X1  | 0.048 |   2.826 |    4.128 | 
     | U4467                | B1 v -> ZN ^ | AOI22_X1  | 0.050 |   2.876 |    4.178 | 
     | U4468                | A1 ^ -> ZN v | NAND2_X1  | 0.017 |   2.893 |    4.195 | 
     | U4469                | A v -> ZN ^  | OAI21_X1  | 0.025 |   2.918 |    4.220 | 
     | U4471                | C1 ^ -> ZN v | AOI222_X1 | 0.031 |   2.949 |    4.251 | 
     | U4472                | B2 v -> ZN ^ | OAI21_X1  | 0.065 |   3.014 |    4.316 | 
     | U4544                | B2 ^ -> ZN v | OAI21_X1  | 0.029 |   3.043 |    4.345 | 
     | U4545                | C2 v -> ZN ^ | AOI222_X1 | 0.096 |   3.139 |    4.441 | 
     | U4546                | A ^ -> ZN v  | OAI21_X1  | 0.026 |   3.165 |    4.467 | 
     | U4547                | B v -> ZN ^  | OAI211_X1 | 0.031 |   3.196 |    4.498 | 
     | U4598                | A4 ^ -> ZN v | NOR4_X1   | 0.022 |   3.218 |    4.520 | 
     | U4603                | A1 v -> ZN ^ | NOR2_X1   | 0.041 |   3.259 |    4.561 | 
     | U4606                | A1 ^ -> ZN v | NAND3_X1  | 0.030 |   3.289 |    4.590 | 
     | U4618                | A v -> ZN ^  | INV_X1    | 0.021 |   3.310 |    4.611 | 
     | U4622                | A2 ^ -> ZN v | NAND2_X1  | 0.023 |   3.333 |    4.634 | 
     | U4633                | B v -> ZN v  | XNOR2_X1  | 0.042 |   3.375 |    4.677 | 
     | U2112                | A2 v -> ZN ^ | OAI22_X1  | 0.032 |   3.407 |    4.709 | 
     | p_reg_Y_temp_reg_58_ | D ^          | DFF_X1    | 0.000 |   3.407 |    4.709 | 
     +------------------------------------------------------------------------------+ 
Path 7: MET Setup Check with Pin p_reg_Y_temp_reg_55_/CK 
Endpoint:   p_reg_Y_temp_reg_55_/D (v) checked with  leading edge of 'CLK'
Beginpoint: B_reg_Y_temp_reg_1_/Q  (v) triggered by  leading edge of 'CLK'
Path Groups: {CLK}
Analysis View: default
Other End Arrival Time          0.074
- Setup                         0.031
+ Phase Shift                   4.719
+ CPPR Adjustment               0.000
- Uncertainty                   0.050
= Required Time                 4.712
- Arrival Time                  3.392
= Slack Time                    1.320
     Clock Rise Edge                 0.000
     + Clock Network Latency (Prop)  0.044
     = Beginpoint Arrival Time       0.044
     +------------------------------------------------------------------------------+ 
     |       Instance       |     Arc      |   Cell    | Delay | Arrival | Required | 
     |                      |              |           |       |  Time   |   Time   | 
     |----------------------+--------------+-----------+-------+---------+----------| 
     | B_reg_Y_temp_reg_1_  | CK ^         |           |       |   0.044 |    1.364 | 
     | B_reg_Y_temp_reg_1_  | CK ^ -> Q v  | DFF_X1    | 0.121 |   0.165 |    1.485 | 
     | U2502                | B2 v -> ZN ^ | AOI21_X1  | 0.084 |   0.249 |    1.569 | 
     | U2503                | A ^ -> ZN v  | OAI21_X1  | 0.027 |   0.276 |    1.596 | 
     | FE_OFC6_n2881        | A v -> Z v   | CLKBUF_X2 | 0.122 |   0.399 |    1.718 | 
     | U2520                | B2 v -> ZN ^ | OAI221_X1 | 0.096 |   0.494 |    1.814 | 
     | U2521                | B ^ -> Z v   | XOR2_X1   | 0.029 |   0.523 |    1.843 | 
     | U2542                | B v -> S ^   | FA_X1     | 0.129 |   0.652 |    1.972 | 
     | U2527                | A ^ -> ZN v  | INV_X1    | 0.012 |   0.663 |    1.983 | 
     | U2528                | A2 v -> ZN ^ | NOR2_X1   | 0.056 |   0.720 |    2.040 | 
     | U2708                | A ^ -> ZN v  | AOI221_X1 | 0.024 |   0.744 |    2.064 | 
     | U2710                | C1 v -> ZN ^ | AOI222_X1 | 0.104 |   0.848 |    2.168 | 
     | U2711                | B1 ^ -> ZN v | AOI222_X1 | 0.042 |   0.890 |    2.210 | 
     | U2491                | C1 v -> ZN ^ | AOI222_X4 | 0.142 |   1.032 |    2.352 | 
     | U2714                | B1 ^ -> ZN v | AOI21_X1  | 0.019 |   1.051 |    2.371 | 
     | U2715                | C1 v -> ZN ^ | AOI222_X1 | 0.102 |   1.153 |    2.473 | 
     | U2718                | B2 ^ -> ZN v | AOI221_X1 | 0.035 |   1.188 |    2.508 | 
     | U2719                | A v -> ZN ^  | AOI21_X1  | 0.112 |   1.300 |    2.620 | 
     | U2720                | B1 ^ -> ZN v | AOI21_X1  | 0.029 |   1.329 |    2.648 | 
     | U2721                | C1 v -> ZN ^ | AOI222_X1 | 0.108 |   1.436 |    2.756 | 
     | U2723                | B1 ^ -> ZN v | AOI222_X1 | 0.035 |   1.471 |    2.791 | 
     | U2727                | B1 v -> ZN ^ | AOI21_X1  | 0.116 |   1.587 |    2.907 | 
     | U2728                | A ^ -> ZN v  | INV_X1    | 0.030 |   1.617 |    2.937 | 
     | U2732                | A v -> ZN ^  | AOI21_X1  | 0.048 |   1.665 |    2.985 | 
     | U2733                | A2 ^ -> ZN v | NOR2_X1   | 0.016 |   1.681 |    3.001 | 
     | U2734                | B1 v -> ZN ^ | AOI222_X1 | 0.076 |   1.757 |    3.077 | 
     | U2735                | A ^ -> ZN v  | OAI21_X1  | 0.026 |   1.784 |    3.103 | 
     | U2736                | B v -> ZN ^  | OAI211_X1 | 0.031 |   1.814 |    3.134 | 
     | U2790                | B1 ^ -> ZN v | AOI221_X1 | 0.030 |   1.844 |    3.164 | 
     | U2791                | A v -> ZN ^  | AOI21_X1  | 0.042 |   1.886 |    3.206 | 
     | U2794                | B1 ^ -> ZN v | AOI21_X1  | 0.034 |   1.921 |    3.241 | 
     | U2795                | A v -> ZN ^  | INV_X1    | 0.037 |   1.957 |    3.277 | 
     | U2797                | B2 ^ -> ZN v | OAI21_X1  | 0.024 |   1.982 |    3.302 | 
     | U2798                | C2 v -> ZN ^ | AOI222_X1 | 0.110 |   2.092 |    3.412 | 
     | U2799                | B1 ^ -> ZN v | AOI222_X1 | 0.035 |   2.127 |    3.447 | 
     | U2802                | B1 v -> ZN ^ | AOI21_X1  | 0.094 |   2.222 |    3.541 | 
     | U2803                | B2 ^ -> ZN v | AOI221_X1 | 0.043 |   2.264 |    3.584 | 
     | U2804                | C1 v -> ZN ^ | AOI222_X1 | 0.091 |   2.355 |    3.675 | 
     | U2808                | C1 ^ -> ZN v | OAI211_X1 | 0.028 |   2.384 |    3.703 | 
     | U2809                | A v -> ZN ^  | OAI21_X1  | 0.034 |   2.418 |    3.738 | 
     | U2817                | A1 ^ -> ZN ^ | OR4_X1    | 0.064 |   2.482 |    3.801 | 
     | U3807                | B1 ^ -> ZN v | AOI221_X1 | 0.032 |   2.514 |    3.834 | 
     | U3808                | A v -> ZN ^  | AOI21_X1  | 0.062 |   2.576 |    3.896 | 
     | U3811                | B1 ^ -> ZN v | AOI21_X1  | 0.050 |   2.626 |    3.946 | 
     | U3815                | B1 v -> ZN ^ | AOI22_X1  | 0.050 |   2.676 |    3.996 | 
     | U3818                | A1 ^ -> ZN v | AOI22_X1  | 0.022 |   2.698 |    4.018 | 
     | U3819                | B1 v -> ZN ^ | AOI222_X1 | 0.079 |   2.778 |    4.098 | 
     | U3822                | B1 ^ -> ZN v | AOI21_X1  | 0.048 |   2.826 |    4.146 | 
     | U4467                | B1 v -> ZN ^ | AOI22_X1  | 0.050 |   2.876 |    4.196 | 
     | U4468                | A1 ^ -> ZN v | NAND2_X1  | 0.017 |   2.893 |    4.213 | 
     | U4469                | A v -> ZN ^  | OAI21_X1  | 0.025 |   2.918 |    4.238 | 
     | U4471                | C1 ^ -> ZN v | AOI222_X1 | 0.031 |   2.949 |    4.269 | 
     | U4472                | B2 v -> ZN ^ | OAI21_X1  | 0.065 |   3.014 |    4.334 | 
     | U4544                | B2 ^ -> ZN v | OAI21_X1  | 0.029 |   3.043 |    4.363 | 
     | U4545                | C2 v -> ZN ^ | AOI222_X1 | 0.096 |   3.139 |    4.459 | 
     | U4546                | A ^ -> ZN v  | OAI21_X1  | 0.026 |   3.165 |    4.485 | 
     | U4547                | B v -> ZN ^  | OAI211_X1 | 0.031 |   3.196 |    4.516 | 
     | U4548                | A1 ^ -> ZN v | NAND2_X1  | 0.026 |   3.222 |    4.542 | 
     | U4569                | A1 v -> ZN ^ | NOR2_X1   | 0.035 |   3.257 |    4.576 | 
     | U4571                | A1 ^ -> ZN v | NAND2_X1  | 0.027 |   3.283 |    4.603 | 
     | U4581                | A2 v -> ZN ^ | NOR2_X1   | 0.034 |   3.317 |    4.637 | 
     | U4586                | A ^ -> Z ^   | XOR2_X1   | 0.052 |   3.369 |    4.689 | 
     | U2122                | A2 ^ -> ZN v | OAI22_X1  | 0.023 |   3.392 |    4.712 | 
     | p_reg_Y_temp_reg_55_ | D v          | DFF_X1    | 0.000 |   3.392 |    4.712 | 
     +------------------------------------------------------------------------------+ 
Path 8: MET Setup Check with Pin p_reg_Y_temp_reg_57_/CK 
Endpoint:   p_reg_Y_temp_reg_57_/D (v) checked with  leading edge of 'CLK'
Beginpoint: B_reg_Y_temp_reg_1_/Q  (v) triggered by  leading edge of 'CLK'
Path Groups: {CLK}
Analysis View: default
Other End Arrival Time          0.074
- Setup                         0.031
+ Phase Shift                   4.719
+ CPPR Adjustment               0.000
- Uncertainty                   0.050
= Required Time                 4.713
- Arrival Time                  3.378
= Slack Time                    1.334
     Clock Rise Edge                 0.000
     + Clock Network Latency (Prop)  0.044
     = Beginpoint Arrival Time       0.044
     +------------------------------------------------------------------------------+ 
     |       Instance       |     Arc      |   Cell    | Delay | Arrival | Required | 
     |                      |              |           |       |  Time   |   Time   | 
     |----------------------+--------------+-----------+-------+---------+----------| 
     | B_reg_Y_temp_reg_1_  | CK ^         |           |       |   0.044 |    1.379 | 
     | B_reg_Y_temp_reg_1_  | CK ^ -> Q v  | DFF_X1    | 0.121 |   0.165 |    1.499 | 
     | U2502                | B2 v -> ZN ^ | AOI21_X1  | 0.084 |   0.249 |    1.583 | 
     | U2503                | A ^ -> ZN v  | OAI21_X1  | 0.027 |   0.276 |    1.610 | 
     | FE_OFC6_n2881        | A v -> Z v   | CLKBUF_X2 | 0.122 |   0.399 |    1.733 | 
     | U2520                | B2 v -> ZN ^ | OAI221_X1 | 0.096 |   0.494 |    1.828 | 
     | U2521                | B ^ -> Z v   | XOR2_X1   | 0.029 |   0.523 |    1.857 | 
     | U2542                | B v -> S ^   | FA_X1     | 0.129 |   0.652 |    1.986 | 
     | U2527                | A ^ -> ZN v  | INV_X1    | 0.012 |   0.663 |    1.997 | 
     | U2528                | A2 v -> ZN ^ | NOR2_X1   | 0.056 |   0.720 |    2.054 | 
     | U2708                | A ^ -> ZN v  | AOI221_X1 | 0.024 |   0.744 |    2.078 | 
     | U2710                | C1 v -> ZN ^ | AOI222_X1 | 0.104 |   0.848 |    2.182 | 
     | U2711                | B1 ^ -> ZN v | AOI222_X1 | 0.042 |   0.890 |    2.225 | 
     | U2491                | C1 v -> ZN ^ | AOI222_X4 | 0.142 |   1.032 |    2.367 | 
     | U2714                | B1 ^ -> ZN v | AOI21_X1  | 0.019 |   1.051 |    2.385 | 
     | U2715                | C1 v -> ZN ^ | AOI222_X1 | 0.102 |   1.153 |    2.487 | 
     | U2718                | B2 ^ -> ZN v | AOI221_X1 | 0.035 |   1.188 |    2.522 | 
     | U2719                | A v -> ZN ^  | AOI21_X1  | 0.112 |   1.300 |    2.634 | 
     | U2720                | B1 ^ -> ZN v | AOI21_X1  | 0.029 |   1.329 |    2.663 | 
     | U2721                | C1 v -> ZN ^ | AOI222_X1 | 0.108 |   1.436 |    2.770 | 
     | U2723                | B1 ^ -> ZN v | AOI222_X1 | 0.035 |   1.471 |    2.806 | 
     | U2727                | B1 v -> ZN ^ | AOI21_X1  | 0.116 |   1.587 |    2.921 | 
     | U2728                | A ^ -> ZN v  | INV_X1    | 0.030 |   1.617 |    2.951 | 
     | U2732                | A v -> ZN ^  | AOI21_X1  | 0.048 |   1.665 |    2.999 | 
     | U2733                | A2 ^ -> ZN v | NOR2_X1   | 0.016 |   1.681 |    3.016 | 
     | U2734                | B1 v -> ZN ^ | AOI222_X1 | 0.076 |   1.757 |    3.091 | 
     | U2735                | A ^ -> ZN v  | OAI21_X1  | 0.026 |   1.784 |    3.118 | 
     | U2736                | B v -> ZN ^  | OAI211_X1 | 0.031 |   1.814 |    3.148 | 
     | U2790                | B1 ^ -> ZN v | AOI221_X1 | 0.030 |   1.844 |    3.178 | 
     | U2791                | A v -> ZN ^  | AOI21_X1  | 0.042 |   1.886 |    3.221 | 
     | U2794                | B1 ^ -> ZN v | AOI21_X1  | 0.034 |   1.921 |    3.255 | 
     | U2795                | A v -> ZN ^  | INV_X1    | 0.037 |   1.957 |    3.291 | 
     | U2797                | B2 ^ -> ZN v | OAI21_X1  | 0.024 |   1.982 |    3.316 | 
     | U2798                | C2 v -> ZN ^ | AOI222_X1 | 0.110 |   2.092 |    3.426 | 
     | U2799                | B1 ^ -> ZN v | AOI222_X1 | 0.035 |   2.127 |    3.461 | 
     | U2802                | B1 v -> ZN ^ | AOI21_X1  | 0.094 |   2.222 |    3.556 | 
     | U2803                | B2 ^ -> ZN v | AOI221_X1 | 0.043 |   2.264 |    3.598 | 
     | U2804                | C1 v -> ZN ^ | AOI222_X1 | 0.091 |   2.355 |    3.689 | 
     | U2808                | C1 ^ -> ZN v | OAI211_X1 | 0.028 |   2.384 |    3.718 | 
     | U2809                | A v -> ZN ^  | OAI21_X1  | 0.034 |   2.418 |    3.752 | 
     | U2817                | A1 ^ -> ZN ^ | OR4_X1    | 0.064 |   2.482 |    3.816 | 
     | U3807                | B1 ^ -> ZN v | AOI221_X1 | 0.032 |   2.514 |    3.848 | 
     | U3808                | A v -> ZN ^  | AOI21_X1  | 0.062 |   2.576 |    3.910 | 
     | U3811                | B1 ^ -> ZN v | AOI21_X1  | 0.050 |   2.626 |    3.960 | 
     | U3815                | B1 v -> ZN ^ | AOI22_X1  | 0.050 |   2.676 |    4.010 | 
     | U3818                | A1 ^ -> ZN v | AOI22_X1  | 0.022 |   2.698 |    4.032 | 
     | U3819                | B1 v -> ZN ^ | AOI222_X1 | 0.079 |   2.778 |    4.112 | 
     | U3822                | B1 ^ -> ZN v | AOI21_X1  | 0.048 |   2.826 |    4.160 | 
     | U4467                | B1 v -> ZN ^ | AOI22_X1  | 0.050 |   2.876 |    4.210 | 
     | U4468                | A1 ^ -> ZN v | NAND2_X1  | 0.017 |   2.893 |    4.227 | 
     | U4469                | A v -> ZN ^  | OAI21_X1  | 0.025 |   2.918 |    4.252 | 
     | U4471                | C1 ^ -> ZN v | AOI222_X1 | 0.031 |   2.949 |    4.283 | 
     | U4472                | B2 v -> ZN ^ | OAI21_X1  | 0.065 |   3.014 |    4.348 | 
     | U4544                | B2 ^ -> ZN v | OAI21_X1  | 0.029 |   3.043 |    4.377 | 
     | U4545                | C2 v -> ZN ^ | AOI222_X1 | 0.096 |   3.139 |    4.473 | 
     | U4546                | A ^ -> ZN v  | OAI21_X1  | 0.026 |   3.165 |    4.499 | 
     | U4547                | B v -> ZN ^  | OAI211_X1 | 0.031 |   3.196 |    4.530 | 
     | U4598                | A4 ^ -> ZN v | NOR4_X1   | 0.022 |   3.218 |    4.552 | 
     | U4603                | A1 v -> ZN ^ | NOR2_X1   | 0.041 |   3.259 |    4.593 | 
     | U4606                | A1 ^ -> ZN v | NAND3_X1  | 0.030 |   3.289 |    4.623 | 
     | U4618                | A v -> ZN ^  | INV_X1    | 0.021 |   3.310 |    4.644 | 
     | U4622                | A2 ^ -> ZN v | NAND2_X1  | 0.023 |   3.333 |    4.667 | 
     | U4623                | A v -> ZN ^  | OAI21_X1  | 0.024 |   3.356 |    4.690 | 
     | U2115                | A2 ^ -> ZN v | OAI22_X1  | 0.022 |   3.378 |    4.713 | 
     | p_reg_Y_temp_reg_57_ | D v          | DFF_X1    | 0.000 |   3.378 |    4.713 | 
     +------------------------------------------------------------------------------+ 
Path 9: MET Setup Check with Pin p_reg_Y_temp_reg_54_/CK 
Endpoint:   p_reg_Y_temp_reg_54_/D (^) checked with  leading edge of 'CLK'
Beginpoint: B_reg_Y_temp_reg_1_/Q  (v) triggered by  leading edge of 'CLK'
Path Groups: {CLK}
Analysis View: default
Other End Arrival Time          0.074
- Setup                         0.035
+ Phase Shift                   4.719
+ CPPR Adjustment               0.000
- Uncertainty                   0.050
= Required Time                 4.709
- Arrival Time                  3.357
= Slack Time                    1.352
     Clock Rise Edge                 0.000
     + Clock Network Latency (Prop)  0.044
     = Beginpoint Arrival Time       0.044
     +------------------------------------------------------------------------------+ 
     |       Instance       |     Arc      |   Cell    | Delay | Arrival | Required | 
     |                      |              |           |       |  Time   |   Time   | 
     |----------------------+--------------+-----------+-------+---------+----------| 
     | B_reg_Y_temp_reg_1_  | CK ^         |           |       |   0.044 |    1.396 | 
     | B_reg_Y_temp_reg_1_  | CK ^ -> Q v  | DFF_X1    | 0.121 |   0.165 |    1.517 | 
     | U2502                | B2 v -> ZN ^ | AOI21_X1  | 0.084 |   0.249 |    1.601 | 
     | U2503                | A ^ -> ZN v  | OAI21_X1  | 0.027 |   0.276 |    1.628 | 
     | FE_OFC6_n2881        | A v -> Z v   | CLKBUF_X2 | 0.122 |   0.399 |    1.750 | 
     | U2520                | B2 v -> ZN ^ | OAI221_X1 | 0.096 |   0.494 |    1.846 | 
     | U2521                | B ^ -> Z v   | XOR2_X1   | 0.029 |   0.523 |    1.875 | 
     | U2542                | B v -> S ^   | FA_X1     | 0.129 |   0.652 |    2.004 | 
     | U2527                | A ^ -> ZN v  | INV_X1    | 0.012 |   0.663 |    2.015 | 
     | U2528                | A2 v -> ZN ^ | NOR2_X1   | 0.056 |   0.720 |    2.071 | 
     | U2708                | A ^ -> ZN v  | AOI221_X1 | 0.024 |   0.744 |    2.096 | 
     | U2710                | C1 v -> ZN ^ | AOI222_X1 | 0.104 |   0.848 |    2.200 | 
     | U2711                | B1 ^ -> ZN v | AOI222_X1 | 0.042 |   0.890 |    2.242 | 
     | U2491                | C1 v -> ZN ^ | AOI222_X4 | 0.142 |   1.032 |    2.384 | 
     | U2714                | B1 ^ -> ZN v | AOI21_X1  | 0.019 |   1.051 |    2.403 | 
     | U2715                | C1 v -> ZN ^ | AOI222_X1 | 0.102 |   1.153 |    2.505 | 
     | U2718                | B2 ^ -> ZN v | AOI221_X1 | 0.035 |   1.188 |    2.540 | 
     | U2719                | A v -> ZN ^  | AOI21_X1  | 0.112 |   1.300 |    2.651 | 
     | U2720                | B1 ^ -> ZN v | AOI21_X1  | 0.029 |   1.329 |    2.680 | 
     | U2721                | C1 v -> ZN ^ | AOI222_X1 | 0.108 |   1.436 |    2.788 | 
     | U2723                | B1 ^ -> ZN v | AOI222_X1 | 0.035 |   1.471 |    2.823 | 
     | U2727                | B1 v -> ZN ^ | AOI21_X1  | 0.116 |   1.587 |    2.939 | 
     | U2728                | A ^ -> ZN v  | INV_X1    | 0.030 |   1.617 |    2.969 | 
     | U2732                | A v -> ZN ^  | AOI21_X1  | 0.048 |   1.665 |    3.017 | 
     | U2733                | A2 ^ -> ZN v | NOR2_X1   | 0.016 |   1.681 |    3.033 | 
     | U2734                | B1 v -> ZN ^ | AOI222_X1 | 0.076 |   1.757 |    3.109 | 
     | U2735                | A ^ -> ZN v  | OAI21_X1  | 0.026 |   1.784 |    3.135 | 
     | U2736                | B v -> ZN ^  | OAI211_X1 | 0.031 |   1.814 |    3.166 | 
     | U2790                | B1 ^ -> ZN v | AOI221_X1 | 0.030 |   1.844 |    3.196 | 
     | U2791                | A v -> ZN ^  | AOI21_X1  | 0.042 |   1.886 |    3.238 | 
     | U2794                | B1 ^ -> ZN v | AOI21_X1  | 0.034 |   1.921 |    3.272 | 
     | U2795                | A v -> ZN ^  | INV_X1    | 0.037 |   1.957 |    3.309 | 
     | U2797                | B2 ^ -> ZN v | OAI21_X1  | 0.024 |   1.982 |    3.334 | 
     | U2798                | C2 v -> ZN ^ | AOI222_X1 | 0.110 |   2.092 |    3.444 | 
     | U2799                | B1 ^ -> ZN v | AOI222_X1 | 0.035 |   2.127 |    3.479 | 
     | U2802                | B1 v -> ZN ^ | AOI21_X1  | 0.094 |   2.222 |    3.573 | 
     | U2803                | B2 ^ -> ZN v | AOI221_X1 | 0.043 |   2.264 |    3.616 | 
     | U2804                | C1 v -> ZN ^ | AOI222_X1 | 0.091 |   2.355 |    3.707 | 
     | U2808                | C1 ^ -> ZN v | OAI211_X1 | 0.028 |   2.384 |    3.735 | 
     | U2809                | A v -> ZN ^  | OAI21_X1  | 0.034 |   2.418 |    3.770 | 
     | U2817                | A1 ^ -> ZN ^ | OR4_X1    | 0.064 |   2.482 |    3.833 | 
     | U3807                | B1 ^ -> ZN v | AOI221_X1 | 0.032 |   2.514 |    3.866 | 
     | U3808                | A v -> ZN ^  | AOI21_X1  | 0.062 |   2.576 |    3.928 | 
     | U3811                | B1 ^ -> ZN v | AOI21_X1  | 0.050 |   2.626 |    3.978 | 
     | U3815                | B1 v -> ZN ^ | AOI22_X1  | 0.050 |   2.676 |    4.028 | 
     | U3818                | A1 ^ -> ZN v | AOI22_X1  | 0.022 |   2.698 |    4.050 | 
     | U3819                | B1 v -> ZN ^ | AOI222_X1 | 0.079 |   2.778 |    4.129 | 
     | U3822                | B1 ^ -> ZN v | AOI21_X1  | 0.048 |   2.826 |    4.178 | 
     | U4467                | B1 v -> ZN ^ | AOI22_X1  | 0.050 |   2.876 |    4.228 | 
     | U4468                | A1 ^ -> ZN v | NAND2_X1  | 0.017 |   2.893 |    4.245 | 
     | U4469                | A v -> ZN ^  | OAI21_X1  | 0.025 |   2.918 |    4.270 | 
     | U4471                | C1 ^ -> ZN v | AOI222_X1 | 0.031 |   2.949 |    4.301 | 
     | U4472                | B2 v -> ZN ^ | OAI21_X1  | 0.065 |   3.014 |    4.366 | 
     | U4544                | B2 ^ -> ZN v | OAI21_X1  | 0.029 |   3.043 |    4.395 | 
     | U4545                | C2 v -> ZN ^ | AOI222_X1 | 0.096 |   3.139 |    4.491 | 
     | U4546                | A ^ -> ZN v  | OAI21_X1  | 0.026 |   3.165 |    4.517 | 
     | U4547                | B v -> ZN ^  | OAI211_X1 | 0.031 |   3.196 |    4.548 | 
     | U4548                | A1 ^ -> ZN v | NAND2_X1  | 0.026 |   3.222 |    4.574 | 
     | U4569                | A1 v -> ZN ^ | NOR2_X1   | 0.035 |   3.257 |    4.608 | 
     | U4571                | A1 ^ -> ZN v | NAND2_X1  | 0.027 |   3.283 |    4.635 | 
     | U4580                | B v -> ZN v  | XNOR2_X1  | 0.042 |   3.326 |    4.677 | 
     | U2125                | A2 v -> ZN ^ | OAI22_X1  | 0.031 |   3.357 |    4.709 | 
     | p_reg_Y_temp_reg_54_ | D ^          | DFF_X1    | 0.000 |   3.357 |    4.709 | 
     +------------------------------------------------------------------------------+ 
Path 10: MET Setup Check with Pin p_reg_Y_temp_reg_56_/CK 
Endpoint:   p_reg_Y_temp_reg_56_/D (v) checked with  leading edge of 'CLK'
Beginpoint: B_reg_Y_temp_reg_1_/Q  (v) triggered by  leading edge of 'CLK'
Path Groups: {CLK}
Analysis View: default
Other End Arrival Time          0.075
- Setup                         0.031
+ Phase Shift                   4.719
+ CPPR Adjustment               0.000
- Uncertainty                   0.050
= Required Time                 4.713
- Arrival Time                  3.341
= Slack Time                    1.371
     Clock Rise Edge                 0.000
     + Clock Network Latency (Prop)  0.044
     = Beginpoint Arrival Time       0.044
     +------------------------------------------------------------------------------+ 
     |       Instance       |     Arc      |   Cell    | Delay | Arrival | Required | 
     |                      |              |           |       |  Time   |   Time   | 
     |----------------------+--------------+-----------+-------+---------+----------| 
     | B_reg_Y_temp_reg_1_  | CK ^         |           |       |   0.044 |    1.416 | 
     | B_reg_Y_temp_reg_1_  | CK ^ -> Q v  | DFF_X1    | 0.121 |   0.165 |    1.536 | 
     | U2502                | B2 v -> ZN ^ | AOI21_X1  | 0.084 |   0.249 |    1.620 | 
     | U2503                | A ^ -> ZN v  | OAI21_X1  | 0.027 |   0.276 |    1.648 | 
     | FE_OFC6_n2881        | A v -> Z v   | CLKBUF_X2 | 0.122 |   0.399 |    1.770 | 
     | U2520                | B2 v -> ZN ^ | OAI221_X1 | 0.096 |   0.494 |    1.866 | 
     | U2521                | B ^ -> Z v   | XOR2_X1   | 0.029 |   0.523 |    1.894 | 
     | U2542                | B v -> S ^   | FA_X1     | 0.129 |   0.652 |    2.023 | 
     | U2527                | A ^ -> ZN v  | INV_X1    | 0.012 |   0.663 |    2.035 | 
     | U2528                | A2 v -> ZN ^ | NOR2_X1   | 0.056 |   0.720 |    2.091 | 
     | U2708                | A ^ -> ZN v  | AOI221_X1 | 0.024 |   0.744 |    2.115 | 
     | U2710                | C1 v -> ZN ^ | AOI222_X1 | 0.104 |   0.848 |    2.220 | 
     | U2711                | B1 ^ -> ZN v | AOI222_X1 | 0.042 |   0.890 |    2.262 | 
     | U2491                | C1 v -> ZN ^ | AOI222_X4 | 0.142 |   1.032 |    2.404 | 
     | U2714                | B1 ^ -> ZN v | AOI21_X1  | 0.019 |   1.051 |    2.422 | 
     | U2715                | C1 v -> ZN ^ | AOI222_X1 | 0.102 |   1.153 |    2.524 | 
     | U2718                | B2 ^ -> ZN v | AOI221_X1 | 0.035 |   1.188 |    2.559 | 
     | U2719                | A v -> ZN ^  | AOI21_X1  | 0.112 |   1.300 |    2.671 | 
     | U2720                | B1 ^ -> ZN v | AOI21_X1  | 0.029 |   1.329 |    2.700 | 
     | U2721                | C1 v -> ZN ^ | AOI222_X1 | 0.108 |   1.436 |    2.807 | 
     | U2723                | B1 ^ -> ZN v | AOI222_X1 | 0.035 |   1.471 |    2.843 | 
     | U2727                | B1 v -> ZN ^ | AOI21_X1  | 0.116 |   1.587 |    2.959 | 
     | U2728                | A ^ -> ZN v  | INV_X1    | 0.030 |   1.617 |    2.989 | 
     | U2732                | A v -> ZN ^  | AOI21_X1  | 0.048 |   1.665 |    3.037 | 
     | U2733                | A2 ^ -> ZN v | NOR2_X1   | 0.016 |   1.681 |    3.053 | 
     | U2734                | B1 v -> ZN ^ | AOI222_X1 | 0.076 |   1.757 |    3.129 | 
     | U2735                | A ^ -> ZN v  | OAI21_X1  | 0.026 |   1.784 |    3.155 | 
     | U2736                | B v -> ZN ^  | OAI211_X1 | 0.031 |   1.814 |    3.186 | 
     | U2790                | B1 ^ -> ZN v | AOI221_X1 | 0.030 |   1.844 |    3.215 | 
     | U2791                | A v -> ZN ^  | AOI21_X1  | 0.042 |   1.886 |    3.258 | 
     | U2794                | B1 ^ -> ZN v | AOI21_X1  | 0.034 |   1.921 |    3.292 | 
     | U2795                | A v -> ZN ^  | INV_X1    | 0.037 |   1.957 |    3.329 | 
     | U2797                | B2 ^ -> ZN v | OAI21_X1  | 0.024 |   1.982 |    3.353 | 
     | U2798                | C2 v -> ZN ^ | AOI222_X1 | 0.110 |   2.092 |    3.463 | 
     | U2799                | B1 ^ -> ZN v | AOI222_X1 | 0.035 |   2.127 |    3.498 | 
     | U2802                | B1 v -> ZN ^ | AOI21_X1  | 0.094 |   2.222 |    3.593 | 
     | U2803                | B2 ^ -> ZN v | AOI221_X1 | 0.043 |   2.264 |    3.635 | 
     | U2804                | C1 v -> ZN ^ | AOI222_X1 | 0.091 |   2.355 |    3.727 | 
     | U2808                | C1 ^ -> ZN v | OAI211_X1 | 0.028 |   2.384 |    3.755 | 
     | U2809                | A v -> ZN ^  | OAI21_X1  | 0.034 |   2.418 |    3.789 | 
     | U2817                | A1 ^ -> ZN ^ | OR4_X1    | 0.064 |   2.482 |    3.853 | 
     | U3807                | B1 ^ -> ZN v | AOI221_X1 | 0.032 |   2.514 |    3.885 | 
     | U3808                | A v -> ZN ^  | AOI21_X1  | 0.062 |   2.576 |    3.948 | 
     | U3811                | B1 ^ -> ZN v | AOI21_X1  | 0.050 |   2.626 |    3.998 | 
     | U3815                | B1 v -> ZN ^ | AOI22_X1  | 0.050 |   2.676 |    4.048 | 
     | U3818                | A1 ^ -> ZN v | AOI22_X1  | 0.022 |   2.698 |    4.070 | 
     | U3819                | B1 v -> ZN ^ | AOI222_X1 | 0.079 |   2.778 |    4.149 | 
     | U3822                | B1 ^ -> ZN v | AOI21_X1  | 0.048 |   2.826 |    4.197 | 
     | U4467                | B1 v -> ZN ^ | AOI22_X1  | 0.050 |   2.876 |    4.247 | 
     | U4468                | A1 ^ -> ZN v | NAND2_X1  | 0.017 |   2.893 |    4.265 | 
     | U4469                | A v -> ZN ^  | OAI21_X1  | 0.025 |   2.918 |    4.289 | 
     | U4471                | C1 ^ -> ZN v | AOI222_X1 | 0.031 |   2.949 |    4.320 | 
     | U4472                | B2 v -> ZN ^ | OAI21_X1  | 0.065 |   3.014 |    4.385 | 
     | U4544                | B2 ^ -> ZN v | OAI21_X1  | 0.029 |   3.043 |    4.415 | 
     | U4545                | C2 v -> ZN ^ | AOI222_X1 | 0.096 |   3.139 |    4.510 | 
     | U4546                | A ^ -> ZN v  | OAI21_X1  | 0.026 |   3.165 |    4.536 | 
     | U4547                | B v -> ZN ^  | OAI211_X1 | 0.031 |   3.196 |    4.567 | 
     | U4598                | A4 ^ -> ZN v | NOR4_X1   | 0.022 |   3.218 |    4.589 | 
     | U4603                | A1 v -> ZN ^ | NOR2_X1   | 0.041 |   3.259 |    4.630 | 
     | U4606                | A1 ^ -> ZN v | NAND3_X1  | 0.030 |   3.289 |    4.660 | 
     | U4607                | A v -> ZN ^  | OAI221_X1 | 0.027 |   3.315 |    4.687 | 
     | U2118                | A2 ^ -> ZN v | OAI22_X1  | 0.026 |   3.341 |    4.713 | 
     | p_reg_Y_temp_reg_56_ | D v          | DFF_X1    | 0.000 |   3.341 |    4.713 | 
     +------------------------------------------------------------------------------+ 

