Information: Propagating switching activity (low effort zero delay simulation). (PWR-6)
Warning: The derived toggle rate value (1.818182) for the clock net 'CLK' conflicts with the annotated value (1.122334). Using the annotated value. (PWR-12)
 
****************************************
Report : power
        -analysis_effort low
Design : boothmul_registered
Version: W-2024.09-SP2
Date   : Wed Sep 30 22:02:26 2026
****************************************


Library(s) Used:

    NangateOpenCellLibrary (File: /home/repository/do/libnandgate/NangateOpenCellLibrary_typical_ecsm.db)


Operating Conditions: typical   Library: NangateOpenCellLibrary
Wire Load Model Mode: top

Design        Wire Load Model            Library
------------------------------------------------
boothmul_registered    5K_hvratio_1_4    NangateOpenCellLibrary


Global Operating Voltage = 1.1  
Power-specific unit information :
    Voltage Units = 1V
    Capacitance Units = 1.000000ff
    Time Units = 1ns
    Dynamic Power Units = 1uW    (derived from V,C,T units)
    Leakage Power Units = 1nW


Attributes
----------
i - Including register clock pin internal power


  Cell Internal Power  = 5.182895 mW   (54%)
  Net Switching Power  = 4.410135 mW   (46%)
                         ---------
Total Dynamic Power    = 9.593029 mW  (100%)

Cell Leakage Power     = 175.1380 uW


                 Internal         Switching           Leakage            Total
Power Group      Power            Power               Power              Power   (   %    )  Attrs
--------------------------------------------------------------------------------------------------
io_pad           0.000000          0.000000          0.000000          0.000000  (   0.00%)
memory           0.000000          0.000000          0.000000          0.000000  (   0.00%)
black_box        0.000000          0.000000          0.000000          0.000000  (   0.00%)
clock_network  359.384369          0.000000          0.000000        359.384369  (   3.68%)  i
register       287.207062        199.628342        1.082175e+04        497.657288
                                                                                 (   5.09%)
sequential       0.000000          0.000000          0.000000          0.000000  (   0.00%)
combinational  4.536305e+03        4.210515e+03        1.643162e+05        8.911136e+03
                                                                                 (  91.23%)
--------------------------------------------------------------------------------------------------
Total          5.182896e+03 uW     4.410144e+03 uW     1.751380e+05 nW     9.768178e+03 uW
1
