 
****************************************
Report : timing
        -path full
        -delay max
        -max_paths 1
Design : boothmul_registered
Version: W-2024.09-SP2
Date   : Wed Sep 30 22:02:35 2026
****************************************

Operating Conditions: typical   Library: NangateOpenCellLibrary
Wire Load Model Mode: top

  Startpoint: B_reg_Y_temp_reg_6_
              (rising edge-triggered flip-flop clocked by CLK)
  Endpoint: p_reg_Y_temp_reg_58_
            (rising edge-triggered flip-flop clocked by CLK)
  Path Group: CLK
  Path Type: max

  Des/Clust/Port     Wire Load Model       Library
  ------------------------------------------------
  boothmul_registered
                     5K_hvratio_1_4        NangateOpenCellLibrary

  Point                                    Incr       Path
  -----------------------------------------------------------
  clock CLK (rise edge)                0.000000   0.000000
  clock network delay (ideal)          0.050000   0.050000
  B_reg_Y_temp_reg_6_/CK (DFF_X1)      0.000000   0.050000 r
  B_reg_Y_temp_reg_6_/Q (DFF_X1)       0.096421   0.146421 f
  U2953/ZN (OR2_X1)                    0.062806   0.209228 f
  U3121/ZN (INV_X1)                    0.029634   0.238862 r
  U3122/ZN (AND2_X2)                   0.049013   0.287874 r
  U3449/ZN (INV_X1)                    0.030333   0.318207 f
  U3629/Z (MUX2_X1)                    0.069040   0.387247 f
  U3630/ZN (OAI211_X1)                 0.039372   0.426619 r
  U3854/S (FA_X1)                      0.128784   0.555403 f
  U2689/S (FA_X1)                      0.142117   0.697520 r
  U3835/ZN (NOR2_X1)                   0.027690   0.725210 f
  U2930/ZN (OR2_X1)                    0.062095   0.787305 f
  U3839/ZN (NAND2_X1)                  0.034736   0.822041 r
  U3840/ZN (NAND2_X1)                  0.033149   0.855191 f
  U2990/ZN (XNOR2_X1)                  0.062937   0.918128 f
  U2989/ZN (OR2_X2)                    0.067389   0.985517 f
  U2912/ZN (OR2_X1)                    0.057425   1.042943 f
  U3007/ZN (NAND3_X1)                  0.031107   1.074050 r
  U2980/ZN (OR2_X1)                    0.037066   1.111116 r
  U3897/ZN (NAND2_X1)                  0.030352   1.141468 f
  U3900/ZN (XNOR2_X1)                  0.056716   1.198184 f
  U3901/ZN (OR2_X1)                    0.063705   1.261889 f
  U3921/ZN (AND2_X1)                   0.043848   1.305737 f
  U3928/ZN (NAND2_X1)                  0.031962   1.337699 r
  U4833/ZN (OAI21_X1)                  0.029026   1.366725 f
  U4834/ZN (INV_X1)                    0.027547   1.394272 r
  U2982/ZN (OAI211_X1)                 0.044703   1.438975 f
  U2965/ZN (OR2_X1)                    0.058076   1.497051 f
  U2981/ZN (NAND4_X1)                  0.035058   1.532109 r
  U2962/ZN (NAND4_X1)                  0.057506   1.589615 f
  U2916/ZN (NAND3_X1)                  0.055780   1.645395 r
  U2997/ZN (NAND2_X1)                  0.041253   1.686648 f
  U2749/ZN (NAND2_X1)                  0.040799   1.727447 r
  U2998/ZN (AND3_X2)                   0.061777   1.789224 r
  U6612/ZN (XNOR2_X1)                  0.063353   1.852577 r
  U7588/ZN (OAI21_X1)                  0.032945   1.885522 f
  p_reg_Y_temp_reg_58_/D (DFF_X1)      0.010408   1.895930 f
  data arrival time                               1.895930

  clock CLK (rise edge)                1.600000   1.600000
  clock network delay (ideal)          0.050000   1.650000
  clock uncertainty                    -0.050000  1.600000
  p_reg_Y_temp_reg_58_/CK (DFF_X1)     0.000000   1.600000 r
  library setup time                   -0.025650  1.574350
  data required time                              1.574350
  -----------------------------------------------------------
  data required time                              1.574350
  data arrival time                               -1.895930
  -----------------------------------------------------------
  slack (VIOLATED)                                -0.321580


1
