
Power Net Detected:
        Voltage	    Name
             0V	    gnd
           1.1V	    vdd
Using Power View: default.
AAE_INFO: opIsDesignInPostRouteState() is 1
#################################################################################
# Design Stage: PostRoute
# Design Name: boothmul_registered
# Design Mode: 45nm
# Analysis Mode: MMMC OCV 
# Parasitics Mode: SPEF/RCDB 
# Signoff Settings: SI Off 
#################################################################################
Start delay calculation (fullDC) (4 T). (MEM=3458.04)
Total number of fetched objects 4279
AAE_INFO: Total number of nets for which stage creation was skipped for all views 0
End delay calculation. (MEM=3515.28 CPU=0:00:02.0 REAL=0:00:00.0)
End delay calculation (fullDC). (MEM=3515.28 CPU=0:00:02.2 REAL=0:00:01.0)
Load RC corner of view default

Begin Power Analysis

             0V	    gnd
           1.1V	    vdd

Begin Processing Timing Library for Power Calculation

Ended Processing Timing Library for Power Calculation: (cpu=0:00:00, real=0:00:00, mem(process/total/peak)=3473.15MB/8016.26MB/3473.15MB)



Begin Processing Power Net/Grid for Power Calculation

Ended Processing Power Net/Grid for Power Calculation: (cpu=0:00:00, real=0:00:00, mem(process/total/peak)=3473.15MB/8016.26MB/3473.15MB)

Begin Processing Timing Window Data for Power Calculation

CLK(334.135MHz) CK: assigning clock CLK to net CLK
Ended Processing Timing Window Data for Power Calculation: (cpu=0:00:00, real=0:00:00, mem(process/total/peak)=3477.15MB/8280.28MB/3477.15MB)

Begin Processing User Attributes

Ended Processing User Attributes: (cpu=0:00:00, real=0:00:00, mem(process/total/peak)=3477.15MB/8280.28MB/3477.15MB)

Begin Processing Signal Activity


Starting Levelizing
2026-Oct-10 22:23:00 (2026-Oct-10 20:23:00 GMT)
2026-Oct-10 22:23:00 (2026-Oct-10 20:23:00 GMT): 10%
2026-Oct-10 22:23:00 (2026-Oct-10 20:23:00 GMT): 20%
2026-Oct-10 22:23:00 (2026-Oct-10 20:23:00 GMT): 30%
2026-Oct-10 22:23:00 (2026-Oct-10 20:23:00 GMT): 40%
2026-Oct-10 22:23:00 (2026-Oct-10 20:23:00 GMT): 50%
2026-Oct-10 22:23:00 (2026-Oct-10 20:23:00 GMT): 60%
2026-Oct-10 22:23:00 (2026-Oct-10 20:23:00 GMT): 70%
2026-Oct-10 22:23:00 (2026-Oct-10 20:23:00 GMT): 80%
2026-Oct-10 22:23:00 (2026-Oct-10 20:23:00 GMT): 90%

Finished Levelizing
2026-Oct-10 22:23:00 (2026-Oct-10 20:23:00 GMT)

Starting Activity Propagation
2026-Oct-10 22:23:00 (2026-Oct-10 20:23:00 GMT)
** INFO:  (VOLTUS_POWR-1356): No default input activity has been set. Defaulting to 0.2.
Use 'set_default_switching_activity -input_activity' command to change the default activity value.

2026-Oct-10 22:23:00 (2026-Oct-10 20:23:00 GMT): 10%
2026-Oct-10 22:23:00 (2026-Oct-10 20:23:00 GMT): 20%
2026-Oct-10 22:23:00 (2026-Oct-10 20:23:00 GMT): 30%

Finished Activity Propagation
2026-Oct-10 22:23:00 (2026-Oct-10 20:23:00 GMT)
Ended Processing Signal Activity: (cpu=0:00:00, real=0:00:00, mem(process/total/peak)=3477.15MB/8280.28MB/3477.15MB)

Begin Power Computation

      ----------------------------------------------------------
      # of cell(s) missing both power/leakage table: 0
      # of cell(s) missing power table: 0
      # of cell(s) missing leakage table: 0
      ----------------------------------------------------------



Starting Calculating power
2026-Oct-10 22:23:00 (2026-Oct-10 20:23:00 GMT)
2026-Oct-10 22:23:00 (2026-Oct-10 20:23:00 GMT): 10%
2026-Oct-10 22:23:00 (2026-Oct-10 20:23:00 GMT): 20%
2026-Oct-10 22:23:00 (2026-Oct-10 20:23:00 GMT): 30%
2026-Oct-10 22:23:00 (2026-Oct-10 20:23:00 GMT): 40%
2026-Oct-10 22:23:00 (2026-Oct-10 20:23:00 GMT): 50%
2026-Oct-10 22:23:00 (2026-Oct-10 20:23:00 GMT): 60%
2026-Oct-10 22:23:00 (2026-Oct-10 20:23:00 GMT): 70%
2026-Oct-10 22:23:00 (2026-Oct-10 20:23:00 GMT): 80%
2026-Oct-10 22:23:00 (2026-Oct-10 20:23:00 GMT): 90%

Finished Calculating power
2026-Oct-10 22:23:00 (2026-Oct-10 20:23:00 GMT)
      # of MSMV cell(s) missing power_level: 0
Ended Power Computation: (cpu=0:00:00, real=0:00:00, mem(process/total/peak)=3489.93MB/8320.30MB/3489.93MB)

Begin Processing User Attributes

Begin Processing set_power
Ended Processing set_power: (cpu=0:00:00, real=0:00:00,
mem(process/total/peak)=3489.93MB/8320.30MB/3489.93MB)
Ended Processing User Attributes: (cpu=0:00:00, real=0:00:00, mem(process/total/peak)=3489.93MB/8320.30MB/3489.93MB)

Ended Power Analysis: (cpu=0:00:01, real=0:00:00, mem(process/total/peak)=3489.93MB/8320.30MB/3489.93MB)

Begin Boundary Leakage Calculation
Ended Boundary Leakage Calculation: (cpu=0:00:00, real=0:00:00,
mem(process/total/peak)=3489.93MB/8320.30MB/3489.93MB)
Begin Static Power Report Generation
*----------------------------------------------------------------------------------------
*	Innovus 23.35-s106_1 (64bit) 07/16/2025 17:52 (Linux 3.10.0-693.el7.x86_64)
*	
*
* 	Date & Time:	2026-Oct-10 22:23:00 (2026-Oct-10 20:23:00 GMT)
*
*----------------------------------------------------------------------------------------
*
*	Design: boothmul_registered
*
*	Liberty Libraries used:
*	        default: /eda/dk/nangate45/liberty/NangateOpenCellLibrary_typical_ecsm_nowlm.lib
*
*	Parasitic Files used:
*
*       Power View : default
*
*       User-Defined Activity : N.A.
*
*       Activity File: N.A.
*
*       Hierarchical Global Activity: N.A.
*
*       Global Activity: N.A.
*
*       Sequential Element Activity: 0.200000
*
*       Primary Input Activity: 0.200000
*
*       Default icg ratio: N.A.
*
*       Global Comb ClockGate Ratio: N.A.
*
*	Power Units = 1mW
*
*	Time Units = 1e-09 secs
*
*       report_power
*
-----------------------------------------------------------------------------------------
*



Total Power
-----------------------------------------------------------------------------------------
Total Internal Power:        3.22491540 	   47.5945%
Total Switching Power:       3.42067707 	   50.4836%
Total Leakage Power:         0.13022561 	    1.9219%
Total Power:                 6.77581808
-----------------------------------------------------------------------------------------


Group                           Internal   Switching     Leakage       Total  Percentage 
                                Power      Power         Power         Power  (%)        
-----------------------------------------------------------------------------------------
Sequential                        0.2687      0.1126     0.01017      0.3914       5.777
Macro                                  0           0           0           0           0
IO                                     0           0           0           0           0
Combinational                      2.946        3.24        0.12       6.306       93.06
Clock (Combinational)            0.01073     0.06787   9.167e-05     0.07869       1.161
Clock (Sequential)                     0           0           0           0           0
-----------------------------------------------------------------------------------------
Total                              3.225       3.421      0.1302       6.776         100
-----------------------------------------------------------------------------------------


Rail                  Voltage   Internal   Switching     Leakage       Total  Percentage 
                                Power      Power         Power         Power  (%)        
-----------------------------------------------------------------------------------------
vdd                       1.1      3.225       3.421      0.1302       6.776         100


Clock                           Internal   Switching     Leakage       Total  Percentage 
                                Power      Power         Power         Power  (%)        
-----------------------------------------------------------------------------------------
CLK                              0.01073     0.06787   9.167e-05     0.07869       1.161
-----------------------------------------------------------------------------------------
Total                            0.01073     0.06787   9.167e-05     0.07869       1.161
-----------------------------------------------------------------------------------------
Clock: CLK
Clock Period: 0.002993 usec 
Clock Toggle Rate:   668.2705 Mhz 
Clock Static Probability:  0.5000
  
 
 
-----------------------------------------------------------------------------------------
*	Power Distribution Summary: 
*              Highest Average Power:       CTS_ccl_a_buf_00001 (CLKBUF_X3):          0.02732
*              Highest Leakage Power:      A_reg_Y_temp_reg_23_ (DFF_X2):        0.0001139
*                Total Cap:      2.46866e-11 F
*                Total instances in design:  3967
*                Total instances in design with no power:     0
*                Total instances in design with no activty:     0

*                Total Fillers and Decap:     0
-----------------------------------------------------------------------------------------
 
** INFO:  (VOLTUS_POWR-3465): There are 0 decaps and 0 fillers in the design

Ended Static Power Report Generation: (cpu=0:00:00, real=0:00:00,
mem(process/total/peak)=3491.18MB/8320.30MB/3491.18MB)

