###############################################################
#  Generated by:      Cadence Innovus 23.35-s106_1
#  OS:                Linux x86_64(Host ID microsys.openstack.polito)
#  Generated on:      Sat Oct 10 20:54:16 2026
#  Design:            boothmul_registered
#  Command:           report_timing -early -max_paths 10 > reports/10_hold_paths.rpt
###############################################################
Path 1: MET Hold Check with Pin p_reg_Y_temp_reg_0_/CK 
Endpoint:   p_reg_Y_temp_reg_0_/D  (v) checked with  leading edge of 'CLK'
Beginpoint: p_reg_Y_temp_reg_0_/QN (^) triggered by  leading edge of 'CLK'
Path Groups: {CLK}
Analysis View: default
Other End Arrival Time          0.052
+ Hold                          0.011
+ Phase Shift                   0.000
- CPPR Adjustment               0.000
+ Uncertainty                   0.050
= Required Time                 0.113
  Arrival Time                  0.161
  Slack Time                    0.047
     Clock Rise Edge                 0.000
     + Clock Network Latency (Prop)  0.071
     = Beginpoint Arrival Time       0.071
     +----------------------------------------------------------------------------+ 
     |      Instance       |     Arc      |   Cell   | Delay | Arrival | Required | 
     |                     |              |          |       |  Time   |   Time   | 
     |---------------------+--------------+----------+-------+---------+----------| 
     | p_reg_Y_temp_reg_0_ | CK ^         |          |       |   0.071 |    0.023 | 
     | p_reg_Y_temp_reg_0_ | CK ^ -> QN ^ | DFF_X1   | 0.077 |   0.148 |    0.100 | 
     | U9560               | A2 ^ -> ZN v | OAI22_X1 | 0.013 |   0.161 |    0.113 | 
     | p_reg_Y_temp_reg_0_ | D v          | DFF_X1   | 0.000 |   0.161 |    0.113 | 
     +----------------------------------------------------------------------------+ 
Path 2: MET Hold Check with Pin A_reg_Y_temp_reg_8_/CK 
Endpoint:   A_reg_Y_temp_reg_8_/D  (v) checked with  leading edge of 'CLK'
Beginpoint: A_reg_Y_temp_reg_8_/QN (^) triggered by  leading edge of 'CLK'
Path Groups: {CLK}
Analysis View: default
Other End Arrival Time          0.043
+ Hold                          0.010
+ Phase Shift                   0.000
- CPPR Adjustment               0.000
+ Uncertainty                   0.050
= Required Time                 0.103
  Arrival Time                  0.153
  Slack Time                    0.050
     Clock Rise Edge                 0.000
     + Clock Network Latency (Prop)  0.061
     = Beginpoint Arrival Time       0.061
     +----------------------------------------------------------------------------+ 
     |      Instance       |     Arc      |   Cell   | Delay | Arrival | Required | 
     |                     |              |          |       |  Time   |   Time   | 
     |---------------------+--------------+----------+-------+---------+----------| 
     | A_reg_Y_temp_reg_8_ | CK ^         |          |       |   0.061 |    0.012 | 
     | A_reg_Y_temp_reg_8_ | CK ^ -> QN ^ | DFF_X1   | 0.078 |   0.139 |    0.090 | 
     | U9580               | A2 ^ -> ZN v | OAI22_X1 | 0.013 |   0.153 |    0.103 | 
     | A_reg_Y_temp_reg_8_ | D v          | DFF_X1   | 0.000 |   0.153 |    0.103 | 
     +----------------------------------------------------------------------------+ 
Path 3: MET Hold Check with Pin B_reg_Y_temp_reg_28_/CK 
Endpoint:   B_reg_Y_temp_reg_28_/D  (v) checked with  leading edge of 'CLK'
Beginpoint: B_reg_Y_temp_reg_28_/QN (^) triggered by  leading edge of 'CLK'
Path Groups: {CLK}
Analysis View: default
Other End Arrival Time          0.048
+ Hold                          0.010
+ Phase Shift                   0.000
- CPPR Adjustment               0.000
+ Uncertainty                   0.050
= Required Time                 0.108
  Arrival Time                  0.159
  Slack Time                    0.050
     Clock Rise Edge                 0.000
     + Clock Network Latency (Prop)  0.067
     = Beginpoint Arrival Time       0.067
     +-----------------------------------------------------------------------------+ 
     |       Instance       |     Arc      |   Cell   | Delay | Arrival | Required | 
     |                      |              |          |       |  Time   |   Time   | 
     |----------------------+--------------+----------+-------+---------+----------| 
     | B_reg_Y_temp_reg_28_ | CK ^         |          |       |   0.067 |    0.016 | 
     | B_reg_Y_temp_reg_28_ | CK ^ -> QN ^ | DFF_X1   | 0.079 |   0.145 |    0.095 | 
     | U9550                | A2 ^ -> ZN v | OAI22_X1 | 0.013 |   0.159 |    0.108 | 
     | B_reg_Y_temp_reg_28_ | D v          | DFF_X1   | 0.000 |   0.159 |    0.108 | 
     +-----------------------------------------------------------------------------+ 
Path 4: MET Hold Check with Pin p_reg_Y_temp_reg_1_/CK 
Endpoint:   p_reg_Y_temp_reg_1_/D  (v) checked with  leading edge of 'CLK'
Beginpoint: p_reg_Y_temp_reg_1_/QN (^) triggered by  leading edge of 'CLK'
Path Groups: {CLK}
Analysis View: default
Other End Arrival Time          0.052
+ Hold                          0.011
+ Phase Shift                   0.000
- CPPR Adjustment               0.000
+ Uncertainty                   0.050
= Required Time                 0.113
  Arrival Time                  0.164
  Slack Time                    0.051
     Clock Rise Edge                 0.000
     + Clock Network Latency (Prop)  0.071
     = Beginpoint Arrival Time       0.071
     +----------------------------------------------------------------------------+ 
     |      Instance       |     Arc      |   Cell   | Delay | Arrival | Required | 
     |                     |              |          |       |  Time   |   Time   | 
     |---------------------+--------------+----------+-------+---------+----------| 
     | p_reg_Y_temp_reg_1_ | CK ^         |          |       |   0.071 |    0.020 | 
     | p_reg_Y_temp_reg_1_ | CK ^ -> QN ^ | DFF_X1   | 0.077 |   0.148 |    0.097 | 
     | U3486               | B2 ^ -> ZN v | OAI22_X1 | 0.016 |   0.164 |    0.113 | 
     | p_reg_Y_temp_reg_1_ | D v          | DFF_X1   | 0.000 |   0.164 |    0.113 | 
     +----------------------------------------------------------------------------+ 
Path 5: MET Hold Check with Pin A_reg_Y_temp_reg_27_/CK 
Endpoint:   A_reg_Y_temp_reg_27_/D  (v) checked with  leading edge of 'CLK'
Beginpoint: A_reg_Y_temp_reg_27_/QN (^) triggered by  leading edge of 'CLK'
Path Groups: {CLK}
Analysis View: default
Other End Arrival Time          0.052
+ Hold                          0.011
+ Phase Shift                   0.000
- CPPR Adjustment               0.000
+ Uncertainty                   0.050
= Required Time                 0.113
  Arrival Time                  0.164
  Slack Time                    0.051
     Clock Rise Edge                 0.000
     + Clock Network Latency (Prop)  0.070
     = Beginpoint Arrival Time       0.070
     +-----------------------------------------------------------------------------+ 
     |       Instance       |     Arc      |   Cell   | Delay | Arrival | Required | 
     |                      |              |          |       |  Time   |   Time   | 
     |----------------------+--------------+----------+-------+---------+----------| 
     | A_reg_Y_temp_reg_27_ | CK ^         |          |       |   0.070 |    0.019 | 
     | A_reg_Y_temp_reg_27_ | CK ^ -> QN ^ | DFF_X1   | 0.080 |   0.150 |    0.099 | 
     | U9552                | A2 ^ -> ZN v | OAI22_X1 | 0.014 |   0.164 |    0.113 | 
     | A_reg_Y_temp_reg_27_ | D v          | DFF_X1   | 0.000 |   0.164 |    0.113 | 
     +-----------------------------------------------------------------------------+ 
Path 6: MET Hold Check with Pin B_reg_Y_temp_reg_31_/CK 
Endpoint:   B_reg_Y_temp_reg_31_/D  (v) checked with  leading edge of 'CLK'
Beginpoint: B_reg_Y_temp_reg_31_/QN (^) triggered by  leading edge of 'CLK'
Path Groups: {CLK}
Analysis View: default
Other End Arrival Time          0.048
+ Hold                          0.010
+ Phase Shift                   0.000
- CPPR Adjustment               0.000
+ Uncertainty                   0.050
= Required Time                 0.108
  Arrival Time                  0.160
  Slack Time                    0.053
     Clock Rise Edge                 0.000
     + Clock Network Latency (Prop)  0.066
     = Beginpoint Arrival Time       0.066
     +-----------------------------------------------------------------------------+ 
     |       Instance       |     Arc      |   Cell   | Delay | Arrival | Required | 
     |                      |              |          |       |  Time   |   Time   | 
     |----------------------+--------------+----------+-------+---------+----------| 
     | B_reg_Y_temp_reg_31_ | CK ^         |          |       |   0.066 |    0.013 | 
     | B_reg_Y_temp_reg_31_ | CK ^ -> QN ^ | DFF_X1   | 0.080 |   0.146 |    0.094 | 
     | U9636                | A2 ^ -> ZN v | OAI22_X1 | 0.014 |   0.160 |    0.108 | 
     | B_reg_Y_temp_reg_31_ | D v          | DFF_X1   | 0.000 |   0.160 |    0.108 | 
     +-----------------------------------------------------------------------------+ 
Path 7: MET Hold Check with Pin B_reg_Y_temp_reg_12_/CK 
Endpoint:   B_reg_Y_temp_reg_12_/D  (v) checked with  leading edge of 'CLK'
Beginpoint: B_reg_Y_temp_reg_12_/QN (^) triggered by  leading edge of 'CLK'
Path Groups: {CLK}
Analysis View: default
Other End Arrival Time          0.048
+ Hold                          0.011
+ Phase Shift                   0.000
- CPPR Adjustment               0.000
+ Uncertainty                   0.050
= Required Time                 0.109
  Arrival Time                  0.162
  Slack Time                    0.053
     Clock Rise Edge                 0.000
     + Clock Network Latency (Prop)  0.067
     = Beginpoint Arrival Time       0.067
     +-----------------------------------------------------------------------------+ 
     |       Instance       |     Arc      |   Cell   | Delay | Arrival | Required | 
     |                      |              |          |       |  Time   |   Time   | 
     |----------------------+--------------+----------+-------+---------+----------| 
     | B_reg_Y_temp_reg_12_ | CK ^         |          |       |   0.067 |    0.014 | 
     | B_reg_Y_temp_reg_12_ | CK ^ -> QN ^ | DFF_X1   | 0.082 |   0.148 |    0.096 | 
     | U9591                | A2 ^ -> ZN v | OAI22_X1 | 0.014 |   0.162 |    0.109 | 
     | B_reg_Y_temp_reg_12_ | D v          | DFF_X1   | 0.000 |   0.162 |    0.109 | 
     +-----------------------------------------------------------------------------+ 
Path 8: MET Hold Check with Pin B_reg_Y_temp_reg_10_/CK 
Endpoint:   B_reg_Y_temp_reg_10_/D  (v) checked with  leading edge of 'CLK'
Beginpoint: B_reg_Y_temp_reg_10_/QN (^) triggered by  leading edge of 'CLK'
Path Groups: {CLK}
Analysis View: default
Other End Arrival Time          0.048
+ Hold                          0.011
+ Phase Shift                   0.000
- CPPR Adjustment               0.000
+ Uncertainty                   0.050
= Required Time                 0.109
  Arrival Time                  0.162
  Slack Time                    0.053
     Clock Rise Edge                 0.000
     + Clock Network Latency (Prop)  0.067
     = Beginpoint Arrival Time       0.067
     +-----------------------------------------------------------------------------+ 
     |       Instance       |     Arc      |   Cell   | Delay | Arrival | Required | 
     |                      |              |          |       |  Time   |   Time   | 
     |----------------------+--------------+----------+-------+---------+----------| 
     | B_reg_Y_temp_reg_10_ | CK ^         |          |       |   0.067 |    0.014 | 
     | B_reg_Y_temp_reg_10_ | CK ^ -> QN ^ | DFF_X1   | 0.082 |   0.148 |    0.096 | 
     | U9533                | A2 ^ -> ZN v | OAI22_X1 | 0.014 |   0.162 |    0.109 | 
     | B_reg_Y_temp_reg_10_ | D v          | DFF_X1   | 0.000 |   0.162 |    0.109 | 
     +-----------------------------------------------------------------------------+ 
Path 9: MET Hold Check with Pin B_reg_Y_temp_reg_20_/CK 
Endpoint:   B_reg_Y_temp_reg_20_/D  (v) checked with  leading edge of 'CLK'
Beginpoint: B_reg_Y_temp_reg_20_/QN (^) triggered by  leading edge of 'CLK'
Path Groups: {CLK}
Analysis View: default
Other End Arrival Time          0.044
+ Hold                          0.011
+ Phase Shift                   0.000
- CPPR Adjustment               0.000
+ Uncertainty                   0.050
= Required Time                 0.105
  Arrival Time                  0.158
  Slack Time                    0.053
     Clock Rise Edge                 0.000
     + Clock Network Latency (Prop)  0.062
     = Beginpoint Arrival Time       0.062
     +-----------------------------------------------------------------------------+ 
     |       Instance       |     Arc      |   Cell   | Delay | Arrival | Required | 
     |                      |              |          |       |  Time   |   Time   | 
     |----------------------+--------------+----------+-------+---------+----------| 
     | B_reg_Y_temp_reg_20_ | CK ^         |          |       |   0.062 |    0.009 | 
     | B_reg_Y_temp_reg_20_ | CK ^ -> QN ^ | DFF_X1   | 0.082 |   0.144 |    0.091 | 
     | U9615                | A2 ^ -> ZN v | OAI22_X1 | 0.014 |   0.158 |    0.105 | 
     | B_reg_Y_temp_reg_20_ | D v          | DFF_X1   | 0.000 |   0.158 |    0.105 | 
     +-----------------------------------------------------------------------------+ 
Path 10: MET Hold Check with Pin B_reg_Y_temp_reg_18_/CK 
Endpoint:   B_reg_Y_temp_reg_18_/D  (v) checked with  leading edge of 'CLK'
Beginpoint: B_reg_Y_temp_reg_18_/QN (^) triggered by  leading edge of 'CLK'
Path Groups: {CLK}
Analysis View: default
Other End Arrival Time          0.047
+ Hold                          0.011
+ Phase Shift                   0.000
- CPPR Adjustment               0.000
+ Uncertainty                   0.050
= Required Time                 0.108
  Arrival Time                  0.161
  Slack Time                    0.053
     Clock Rise Edge                 0.000
     + Clock Network Latency (Prop)  0.065
     = Beginpoint Arrival Time       0.065
     +-----------------------------------------------------------------------------+ 
     |       Instance       |     Arc      |   Cell   | Delay | Arrival | Required | 
     |                      |              |          |       |  Time   |   Time   | 
     |----------------------+--------------+----------+-------+---------+----------| 
     | B_reg_Y_temp_reg_18_ | CK ^         |          |       |   0.065 |    0.012 | 
     | B_reg_Y_temp_reg_18_ | CK ^ -> QN ^ | DFF_X1   | 0.082 |   0.147 |    0.093 | 
     | U9608                | A2 ^ -> ZN v | OAI22_X1 | 0.014 |   0.161 |    0.108 | 
     | B_reg_Y_temp_reg_18_ | D v          | DFF_X1   | 0.000 |   0.161 |    0.108 | 
     +-----------------------------------------------------------------------------+ 

