###############################################################
#  Generated by:      Cadence Innovus 23.35-s106_1
#  OS:                Linux x86_64(Host ID microsys.openstack.polito)
#  Generated on:      Sat Oct 10 20:54:15 2026
#  Design:            boothmul_registered
#  Command:           report_timing -max_paths 10 > reports/10_setup_paths.rpt
###############################################################
Path 1: MET Setup Check with Pin p_reg_Y_temp_reg_60_/CK 
Endpoint:   p_reg_Y_temp_reg_60_/D (^) checked with  leading edge of 'CLK'
Beginpoint: B_reg_Y_temp_reg_5_/QN (v) triggered by  leading edge of 'CLK'
Path Groups: {CLK}
Analysis View: default
Other End Arrival Time          0.064
- Setup                         0.029
+ Phase Shift                   1.881
+ CPPR Adjustment               0.000
- Uncertainty                   0.050
= Required Time                 1.866
- Arrival Time                  1.765
= Slack Time                    0.102
     Clock Rise Edge                 0.000
     + Clock Network Latency (Prop)  0.051
     = Beginpoint Arrival Time       0.051
     +------------------------------------------------------------------------------+ 
     |       Instance       |     Arc      |   Cell    | Delay | Arrival | Required | 
     |                      |              |           |       |  Time   |   Time   | 
     |----------------------+--------------+-----------+-------+---------+----------| 
     | B_reg_Y_temp_reg_5_  | CK ^         |           |       |   0.051 |    0.153 | 
     | B_reg_Y_temp_reg_5_  | CK ^ -> QN v | DFF_X1    | 0.091 |   0.143 |    0.244 | 
     | FE_DBTC6_n9488       | A v -> ZN ^  | INV_X1    | 0.039 |   0.181 |    0.283 | 
     | U5125                | A1 ^ -> ZN ^ | OR2_X1    | 0.028 |   0.209 |    0.311 | 
     | U5126                | A ^ -> ZN v  | OAI21_X1  | 0.017 |   0.227 |    0.328 | 
     | U5127                | A2 v -> ZN ^ | NAND2_X1  | 0.020 |   0.246 |    0.348 | 
     | U4651                | A ^ -> ZN v  | OAI211_X1 | 0.057 |   0.303 |    0.405 | 
     | FE_OFC10_n8782       | A v -> Z v   | CLKBUF_X1 | 0.151 |   0.454 |    0.556 | 
     | FE_DBTC2_n8782       | A v -> ZN ^  | INV_X2    | 0.134 |   0.588 |    0.689 | 
     | U4704                | A ^ -> ZN ^  | XNOR2_X1  | 0.088 |   0.676 |    0.778 | 
     | U6351                | A ^ -> ZN v  | INV_X1    | 0.034 |   0.710 |    0.812 | 
     | U3691                | A v -> ZN ^  | XNOR2_X1  | 0.134 |   0.844 |    0.945 | 
     | U4304                | B ^ -> Z ^   | XOR2_X1   | 0.064 |   0.908 |    1.009 | 
     | U4305                | B ^ -> Z ^   | XOR2_X1   | 0.093 |   1.001 |    1.102 | 
     | U4981                | A ^ -> ZN ^  | XNOR2_X1  | 0.054 |   1.054 |    1.156 | 
     | U6579                | A ^ -> ZN ^  | XNOR2_X1  | 0.047 |   1.101 |    1.203 | 
     | U6580                | S ^ -> Z v   | MUX2_X1   | 0.064 |   1.165 |    1.267 | 
     | U4990                | A1 v -> ZN v | OR2_X1    | 0.043 |   1.208 |    1.310 | 
     | U3916                | A1 v -> ZN v | AND2_X1   | 0.034 |   1.242 |    1.344 | 
     | U6631                | B v -> ZN v  | XNOR2_X1  | 0.040 |   1.282 |    1.384 | 
     | U6648                | A v -> ZN v  | XNOR2_X1  | 0.040 |   1.322 |    1.424 | 
     | U4477                | A1 v -> ZN v | OR2_X1    | 0.055 |   1.377 |    1.478 | 
     | U6905                | A2 v -> ZN ^ | NAND2_X1  | 0.018 |   1.395 |    1.497 | 
     | U3858                | A1 ^ -> ZN ^ | AND2_X1   | 0.037 |   1.432 |    1.534 | 
     | U4063                | A2 ^ -> ZN v | NAND4_X1  | 0.039 |   1.471 |    1.573 | 
     | U8503                | A1 v -> ZN v | OR2_X1    | 0.062 |   1.533 |    1.635 | 
     | U8507                | A1 v -> ZN ^ | NAND4_X1  | 0.020 |   1.553 |    1.655 | 
     | U4877                | A1 ^ -> ZN ^ | AND2_X1   | 0.045 |   1.598 |    1.700 | 
     | U4932                | A1 ^ -> ZN v | NOR2_X1   | 0.017 |   1.615 |    1.717 | 
     | U9172                | A1 v -> ZN v | AND2_X1   | 0.032 |   1.647 |    1.749 | 
     | U3807                | A2 v -> ZN v | OR3_X1    | 0.081 |   1.728 |    1.829 | 
     | U4878                | C2 v -> ZN ^ | OAI211_X1 | 0.037 |   1.765 |    1.866 | 
     | p_reg_Y_temp_reg_60_ | D ^          | DFFS_X1   | 0.000 |   1.765 |    1.866 | 
     +------------------------------------------------------------------------------+ 
Path 2: MET Setup Check with Pin p_reg_Y_temp_reg_61_/CK 
Endpoint:   p_reg_Y_temp_reg_61_/D (^) checked with  leading edge of 'CLK'
Beginpoint: B_reg_Y_temp_reg_5_/QN (v) triggered by  leading edge of 'CLK'
Path Groups: {CLK}
Analysis View: default
Other End Arrival Time          0.064
- Setup                         0.030
+ Phase Shift                   1.881
+ CPPR Adjustment               0.000
- Uncertainty                   0.050
= Required Time                 1.865
- Arrival Time                  1.760
= Slack Time                    0.105
     Clock Rise Edge                 0.000
     + Clock Network Latency (Prop)  0.051
     = Beginpoint Arrival Time       0.051
     +------------------------------------------------------------------------------+ 
     |       Instance       |     Arc      |   Cell    | Delay | Arrival | Required | 
     |                      |              |           |       |  Time   |   Time   | 
     |----------------------+--------------+-----------+-------+---------+----------| 
     | B_reg_Y_temp_reg_5_  | CK ^         |           |       |   0.051 |    0.157 | 
     | B_reg_Y_temp_reg_5_  | CK ^ -> QN v | DFF_X1    | 0.091 |   0.143 |    0.248 | 
     | FE_DBTC6_n9488       | A v -> ZN ^  | INV_X1    | 0.039 |   0.181 |    0.287 | 
     | U5125                | A1 ^ -> ZN ^ | OR2_X1    | 0.028 |   0.209 |    0.315 | 
     | U5126                | A ^ -> ZN v  | OAI21_X1  | 0.017 |   0.227 |    0.332 | 
     | U5127                | A2 v -> ZN ^ | NAND2_X1  | 0.020 |   0.246 |    0.352 | 
     | U4651                | A ^ -> ZN v  | OAI211_X1 | 0.057 |   0.303 |    0.409 | 
     | FE_OFC10_n8782       | A v -> Z v   | CLKBUF_X1 | 0.151 |   0.454 |    0.560 | 
     | FE_DBTC2_n8782       | A v -> ZN ^  | INV_X2    | 0.134 |   0.588 |    0.693 | 
     | U4704                | A ^ -> ZN ^  | XNOR2_X1  | 0.088 |   0.676 |    0.781 | 
     | U6351                | A ^ -> ZN v  | INV_X1    | 0.034 |   0.710 |    0.816 | 
     | U3691                | A v -> ZN ^  | XNOR2_X1  | 0.134 |   0.844 |    0.949 | 
     | U4304                | B ^ -> Z ^   | XOR2_X1   | 0.064 |   0.908 |    1.013 | 
     | U4305                | B ^ -> Z ^   | XOR2_X1   | 0.093 |   1.001 |    1.106 | 
     | U4981                | A ^ -> ZN ^  | XNOR2_X1  | 0.054 |   1.054 |    1.160 | 
     | U6579                | A ^ -> ZN ^  | XNOR2_X1  | 0.047 |   1.101 |    1.207 | 
     | U6580                | S ^ -> Z v   | MUX2_X1   | 0.064 |   1.165 |    1.271 | 
     | U4990                | A1 v -> ZN v | OR2_X1    | 0.043 |   1.208 |    1.314 | 
     | U3916                | A1 v -> ZN v | AND2_X1   | 0.034 |   1.242 |    1.348 | 
     | U6631                | B v -> ZN v  | XNOR2_X1  | 0.040 |   1.282 |    1.388 | 
     | U6648                | A v -> ZN v  | XNOR2_X1  | 0.040 |   1.322 |    1.427 | 
     | U4477                | A1 v -> ZN v | OR2_X1    | 0.055 |   1.377 |    1.482 | 
     | U6905                | A2 v -> ZN ^ | NAND2_X1  | 0.018 |   1.395 |    1.500 | 
     | U3858                | A1 ^ -> ZN ^ | AND2_X1   | 0.037 |   1.432 |    1.538 | 
     | U4063                | A2 ^ -> ZN v | NAND4_X1  | 0.039 |   1.471 |    1.576 | 
     | U8503                | A1 v -> ZN v | OR2_X1    | 0.062 |   1.533 |    1.638 | 
     | U8507                | A1 v -> ZN ^ | NAND4_X1  | 0.020 |   1.553 |    1.659 | 
     | U4877                | A1 ^ -> ZN ^ | AND2_X1   | 0.045 |   1.598 |    1.704 | 
     | U4932                | A1 ^ -> ZN v | NOR2_X1   | 0.017 |   1.615 |    1.721 | 
     | U9172                | A1 v -> ZN v | AND2_X1   | 0.032 |   1.647 |    1.753 | 
     | U3807                | A2 v -> ZN v | OR3_X1    | 0.081 |   1.728 |    1.833 | 
     | U4921                | C1 v -> ZN ^ | OAI211_X1 | 0.032 |   1.760 |    1.865 | 
     | p_reg_Y_temp_reg_61_ | D ^          | DFF_X1    | 0.000 |   1.760 |    1.865 | 
     +------------------------------------------------------------------------------+ 
Path 3: MET Setup Check with Pin p_reg_Y_temp_reg_63_/CK 
Endpoint:   p_reg_Y_temp_reg_63_/D (^) checked with  leading edge of 'CLK'
Beginpoint: B_reg_Y_temp_reg_5_/QN (v) triggered by  leading edge of 'CLK'
Path Groups: {CLK}
Analysis View: default
Other End Arrival Time          0.064
- Setup                         0.026
+ Phase Shift                   1.881
+ CPPR Adjustment               0.000
- Uncertainty                   0.050
= Required Time                 1.869
- Arrival Time                  1.762
= Slack Time                    0.107
     Clock Rise Edge                 0.000
     + Clock Network Latency (Prop)  0.051
     = Beginpoint Arrival Time       0.051
     +------------------------------------------------------------------------------+ 
     |       Instance       |     Arc      |   Cell    | Delay | Arrival | Required | 
     |                      |              |           |       |  Time   |   Time   | 
     |----------------------+--------------+-----------+-------+---------+----------| 
     | B_reg_Y_temp_reg_5_  | CK ^         |           |       |   0.051 |    0.158 | 
     | B_reg_Y_temp_reg_5_  | CK ^ -> QN v | DFF_X1    | 0.091 |   0.143 |    0.250 | 
     | FE_DBTC6_n9488       | A v -> ZN ^  | INV_X1    | 0.039 |   0.181 |    0.289 | 
     | U5125                | A1 ^ -> ZN ^ | OR2_X1    | 0.028 |   0.209 |    0.317 | 
     | U5126                | A ^ -> ZN v  | OAI21_X1  | 0.017 |   0.227 |    0.334 | 
     | U5127                | A2 v -> ZN ^ | NAND2_X1  | 0.020 |   0.246 |    0.354 | 
     | U4651                | A ^ -> ZN v  | OAI211_X1 | 0.057 |   0.303 |    0.411 | 
     | FE_OFC10_n8782       | A v -> Z v   | CLKBUF_X1 | 0.151 |   0.454 |    0.561 | 
     | FE_DBTC2_n8782       | A v -> ZN ^  | INV_X2    | 0.134 |   0.588 |    0.695 | 
     | U4704                | A ^ -> ZN ^  | XNOR2_X1  | 0.088 |   0.676 |    0.783 | 
     | U6351                | A ^ -> ZN v  | INV_X1    | 0.034 |   0.710 |    0.818 | 
     | U3691                | A v -> ZN ^  | XNOR2_X1  | 0.134 |   0.844 |    0.951 | 
     | U4304                | B ^ -> Z ^   | XOR2_X1   | 0.064 |   0.908 |    1.015 | 
     | U4305                | B ^ -> Z ^   | XOR2_X1   | 0.093 |   1.001 |    1.108 | 
     | U4981                | A ^ -> ZN ^  | XNOR2_X1  | 0.054 |   1.054 |    1.162 | 
     | U6579                | A ^ -> ZN ^  | XNOR2_X1  | 0.047 |   1.101 |    1.208 | 
     | U6580                | S ^ -> Z v   | MUX2_X1   | 0.064 |   1.165 |    1.273 | 
     | U4990                | A1 v -> ZN v | OR2_X1    | 0.043 |   1.208 |    1.315 | 
     | U3916                | A1 v -> ZN v | AND2_X1   | 0.034 |   1.242 |    1.349 | 
     | U6631                | B v -> ZN v  | XNOR2_X1  | 0.040 |   1.282 |    1.389 | 
     | U6648                | A v -> ZN v  | XNOR2_X1  | 0.040 |   1.322 |    1.429 | 
     | U4477                | A1 v -> ZN v | OR2_X1    | 0.055 |   1.377 |    1.484 | 
     | U6905                | A2 v -> ZN ^ | NAND2_X1  | 0.018 |   1.395 |    1.502 | 
     | U3858                | A1 ^ -> ZN ^ | AND2_X1   | 0.037 |   1.432 |    1.540 | 
     | U4063                | A2 ^ -> ZN v | NAND4_X1  | 0.039 |   1.471 |    1.578 | 
     | U8503                | A1 v -> ZN v | OR2_X1    | 0.062 |   1.533 |    1.640 | 
     | U8507                | A1 v -> ZN ^ | NAND4_X1  | 0.020 |   1.553 |    1.660 | 
     | U4877                | A1 ^ -> ZN ^ | AND2_X1   | 0.045 |   1.598 |    1.706 | 
     | U4932                | A1 ^ -> ZN v | NOR2_X1   | 0.017 |   1.615 |    1.723 | 
     | U9172                | A1 v -> ZN v | AND2_X1   | 0.032 |   1.647 |    1.755 | 
     | U4908                | A4 v -> ZN ^ | NOR4_X1   | 0.077 |   1.725 |    1.832 | 
     | U3740                | A3 ^ -> ZN ^ | OR3_X1    | 0.037 |   1.761 |    1.869 | 
     | p_reg_Y_temp_reg_63_ | D ^          | DFFS_X1   | 0.000 |   1.762 |    1.869 | 
     +------------------------------------------------------------------------------+ 
Path 4: MET Setup Check with Pin p_reg_Y_temp_reg_62_/CK 
Endpoint:   p_reg_Y_temp_reg_62_/D (^) checked with  leading edge of 'CLK'
Beginpoint: B_reg_Y_temp_reg_5_/QN (v) triggered by  leading edge of 'CLK'
Path Groups: {CLK}
Analysis View: default
Other End Arrival Time          0.063
- Setup                         0.029
+ Phase Shift                   1.881
+ CPPR Adjustment               0.000
- Uncertainty                   0.050
= Required Time                 1.865
- Arrival Time                  1.757
= Slack Time                    0.108
     Clock Rise Edge                 0.000
     + Clock Network Latency (Prop)  0.051
     = Beginpoint Arrival Time       0.051
     +------------------------------------------------------------------------------+ 
     |       Instance       |     Arc      |   Cell    | Delay | Arrival | Required | 
     |                      |              |           |       |  Time   |   Time   | 
     |----------------------+--------------+-----------+-------+---------+----------| 
     | B_reg_Y_temp_reg_5_  | CK ^         |           |       |   0.051 |    0.159 | 
     | B_reg_Y_temp_reg_5_  | CK ^ -> QN v | DFF_X1    | 0.091 |   0.143 |    0.251 | 
     | FE_DBTC6_n9488       | A v -> ZN ^  | INV_X1    | 0.039 |   0.181 |    0.289 | 
     | U5125                | A1 ^ -> ZN ^ | OR2_X1    | 0.028 |   0.209 |    0.317 | 
     | U5126                | A ^ -> ZN v  | OAI21_X1  | 0.017 |   0.227 |    0.335 | 
     | U5127                | A2 v -> ZN ^ | NAND2_X1  | 0.020 |   0.246 |    0.354 | 
     | U4651                | A ^ -> ZN v  | OAI211_X1 | 0.057 |   0.303 |    0.411 | 
     | FE_OFC10_n8782       | A v -> Z v   | CLKBUF_X1 | 0.151 |   0.454 |    0.562 | 
     | FE_DBTC2_n8782       | A v -> ZN ^  | INV_X2    | 0.134 |   0.588 |    0.696 | 
     | U4704                | A ^ -> ZN ^  | XNOR2_X1  | 0.088 |   0.676 |    0.784 | 
     | U6351                | A ^ -> ZN v  | INV_X1    | 0.034 |   0.710 |    0.818 | 
     | U3691                | A v -> ZN ^  | XNOR2_X1  | 0.134 |   0.844 |    0.952 | 
     | U4304                | B ^ -> Z ^   | XOR2_X1   | 0.064 |   0.908 |    1.016 | 
     | U4305                | B ^ -> Z ^   | XOR2_X1   | 0.093 |   1.001 |    1.109 | 
     | U4981                | A ^ -> ZN ^  | XNOR2_X1  | 0.054 |   1.054 |    1.162 | 
     | U6579                | A ^ -> ZN ^  | XNOR2_X1  | 0.047 |   1.101 |    1.209 | 
     | U6580                | S ^ -> Z v   | MUX2_X1   | 0.064 |   1.165 |    1.273 | 
     | U4990                | A1 v -> ZN v | OR2_X1    | 0.043 |   1.208 |    1.316 | 
     | U3916                | A1 v -> ZN v | AND2_X1   | 0.034 |   1.242 |    1.350 | 
     | U6631                | B v -> ZN v  | XNOR2_X1  | 0.040 |   1.282 |    1.390 | 
     | U6648                | A v -> ZN v  | XNOR2_X1  | 0.040 |   1.322 |    1.430 | 
     | U4477                | A1 v -> ZN v | OR2_X1    | 0.055 |   1.377 |    1.485 | 
     | U6905                | A2 v -> ZN ^ | NAND2_X1  | 0.018 |   1.395 |    1.503 | 
     | U3858                | A1 ^ -> ZN ^ | AND2_X1   | 0.037 |   1.432 |    1.540 | 
     | U4063                | A2 ^ -> ZN v | NAND4_X1  | 0.039 |   1.471 |    1.579 | 
     | U8503                | A1 v -> ZN v | OR2_X1    | 0.062 |   1.533 |    1.641 | 
     | U8507                | A1 v -> ZN ^ | NAND4_X1  | 0.020 |   1.553 |    1.661 | 
     | U4877                | A1 ^ -> ZN ^ | AND2_X1   | 0.045 |   1.598 |    1.706 | 
     | U4932                | A1 ^ -> ZN v | NOR2_X1   | 0.017 |   1.615 |    1.723 | 
     | U9172                | A1 v -> ZN v | AND2_X1   | 0.032 |   1.647 |    1.755 | 
     | U4521                | A2 v -> ZN v | OR3_X1    | 0.075 |   1.722 |    1.830 | 
     | U4890                | C2 v -> ZN ^ | OAI211_X1 | 0.035 |   1.757 |    1.865 | 
     | p_reg_Y_temp_reg_62_ | D ^          | DFF_X1    | 0.000 |   1.757 |    1.865 | 
     +------------------------------------------------------------------------------+ 
Path 5: MET Setup Check with Pin p_reg_Y_temp_reg_59_/CK 
Endpoint:   p_reg_Y_temp_reg_59_/D (v) checked with  leading edge of 'CLK'
Beginpoint: B_reg_Y_temp_reg_5_/QN (v) triggered by  leading edge of 'CLK'
Path Groups: {CLK}
Analysis View: default
Other End Arrival Time          0.064
- Setup                         0.026
+ Phase Shift                   1.881
+ CPPR Adjustment               0.000
- Uncertainty                   0.050
= Required Time                 1.869
- Arrival Time                  1.757
= Slack Time                    0.111
     Clock Rise Edge                 0.000
     + Clock Network Latency (Prop)  0.051
     = Beginpoint Arrival Time       0.051
     +------------------------------------------------------------------------------+ 
     |       Instance       |     Arc      |   Cell    | Delay | Arrival | Required | 
     |                      |              |           |       |  Time   |   Time   | 
     |----------------------+--------------+-----------+-------+---------+----------| 
     | B_reg_Y_temp_reg_5_  | CK ^         |           |       |   0.051 |    0.162 | 
     | B_reg_Y_temp_reg_5_  | CK ^ -> QN v | DFF_X1    | 0.091 |   0.143 |    0.254 | 
     | FE_DBTC6_n9488       | A v -> ZN ^  | INV_X1    | 0.039 |   0.181 |    0.293 | 
     | U5125                | A1 ^ -> ZN ^ | OR2_X1    | 0.028 |   0.209 |    0.321 | 
     | U5126                | A ^ -> ZN v  | OAI21_X1  | 0.017 |   0.227 |    0.338 | 
     | U5127                | A2 v -> ZN ^ | NAND2_X1  | 0.020 |   0.246 |    0.358 | 
     | U4651                | A ^ -> ZN v  | OAI211_X1 | 0.057 |   0.303 |    0.415 | 
     | FE_OFC10_n8782       | A v -> Z v   | CLKBUF_X1 | 0.151 |   0.454 |    0.565 | 
     | FE_DBTC2_n8782       | A v -> ZN ^  | INV_X2    | 0.134 |   0.588 |    0.699 | 
     | U4704                | A ^ -> ZN ^  | XNOR2_X1  | 0.088 |   0.676 |    0.787 | 
     | U6351                | A ^ -> ZN v  | INV_X1    | 0.034 |   0.710 |    0.822 | 
     | U3691                | A v -> ZN ^  | XNOR2_X1  | 0.134 |   0.844 |    0.955 | 
     | U4304                | B ^ -> Z ^   | XOR2_X1   | 0.064 |   0.908 |    1.019 | 
     | U4305                | B ^ -> Z ^   | XOR2_X1   | 0.093 |   1.001 |    1.112 | 
     | U4981                | A ^ -> ZN ^  | XNOR2_X1  | 0.054 |   1.054 |    1.166 | 
     | U6579                | A ^ -> ZN ^  | XNOR2_X1  | 0.047 |   1.101 |    1.212 | 
     | U6580                | S ^ -> Z v   | MUX2_X1   | 0.064 |   1.165 |    1.277 | 
     | U4990                | A1 v -> ZN v | OR2_X1    | 0.043 |   1.208 |    1.319 | 
     | U3916                | A1 v -> ZN v | AND2_X1   | 0.034 |   1.242 |    1.353 | 
     | U6631                | B v -> ZN v  | XNOR2_X1  | 0.040 |   1.282 |    1.393 | 
     | U6648                | A v -> ZN v  | XNOR2_X1  | 0.040 |   1.322 |    1.433 | 
     | U4477                | A1 v -> ZN v | OR2_X1    | 0.055 |   1.377 |    1.488 | 
     | U6905                | A2 v -> ZN ^ | NAND2_X1  | 0.018 |   1.395 |    1.506 | 
     | U3858                | A1 ^ -> ZN ^ | AND2_X1   | 0.037 |   1.432 |    1.544 | 
     | U4063                | A2 ^ -> ZN v | NAND4_X1  | 0.039 |   1.471 |    1.582 | 
     | U8503                | A1 v -> ZN v | OR2_X1    | 0.062 |   1.533 |    1.644 | 
     | U8507                | A1 v -> ZN ^ | NAND4_X1  | 0.020 |   1.553 |    1.664 | 
     | U4877                | A1 ^ -> ZN ^ | AND2_X1   | 0.045 |   1.598 |    1.710 | 
     | U4932                | A1 ^ -> ZN v | NOR2_X1   | 0.017 |   1.615 |    1.727 | 
     | U3822                | A2 v -> ZN v | OR2_X1    | 0.062 |   1.678 |    1.789 | 
     | U9444                | A1 v -> ZN v | OR2_X1    | 0.047 |   1.724 |    1.836 | 
     | U4888                | A1 v -> ZN ^ | NAND4_X1  | 0.018 |   1.743 |    1.854 | 
     | U4887                | A1 ^ -> ZN v | NAND2_X1  | 0.015 |   1.757 |    1.869 | 
     | p_reg_Y_temp_reg_59_ | D v          | DFF_X1    | 0.000 |   1.757 |    1.869 | 
     +------------------------------------------------------------------------------+ 
Path 6: MET Setup Check with Pin p_reg_Y_temp_reg_56_/CK 
Endpoint:   p_reg_Y_temp_reg_56_/D (^) checked with  leading edge of 'CLK'
Beginpoint: B_reg_Y_temp_reg_5_/QN (v) triggered by  leading edge of 'CLK'
Path Groups: {CLK}
Analysis View: default
Other End Arrival Time          0.064
- Setup                         0.029
+ Phase Shift                   1.881
+ CPPR Adjustment               0.000
- Uncertainty                   0.050
= Required Time                 1.866
- Arrival Time                  1.749
= Slack Time                    0.118
     Clock Rise Edge                 0.000
     + Clock Network Latency (Prop)  0.051
     = Beginpoint Arrival Time       0.051
     +------------------------------------------------------------------------------+ 
     |       Instance       |     Arc      |   Cell    | Delay | Arrival | Required | 
     |                      |              |           |       |  Time   |   Time   | 
     |----------------------+--------------+-----------+-------+---------+----------| 
     | B_reg_Y_temp_reg_5_  | CK ^         |           |       |   0.051 |    0.169 | 
     | B_reg_Y_temp_reg_5_  | CK ^ -> QN v | DFF_X1    | 0.091 |   0.143 |    0.260 | 
     | FE_DBTC6_n9488       | A v -> ZN ^  | INV_X1    | 0.039 |   0.181 |    0.299 | 
     | U5125                | A1 ^ -> ZN ^ | OR2_X1    | 0.028 |   0.209 |    0.327 | 
     | U5126                | A ^ -> ZN v  | OAI21_X1  | 0.017 |   0.227 |    0.344 | 
     | U5127                | A2 v -> ZN ^ | NAND2_X1  | 0.020 |   0.246 |    0.364 | 
     | U4651                | A ^ -> ZN v  | OAI211_X1 | 0.057 |   0.303 |    0.421 | 
     | FE_OFC10_n8782       | A v -> Z v   | CLKBUF_X1 | 0.151 |   0.454 |    0.572 | 
     | FE_DBTC2_n8782       | A v -> ZN ^  | INV_X2    | 0.134 |   0.588 |    0.705 | 
     | U4704                | A ^ -> ZN ^  | XNOR2_X1  | 0.088 |   0.676 |    0.794 | 
     | U6351                | A ^ -> ZN v  | INV_X1    | 0.034 |   0.710 |    0.828 | 
     | U3691                | A v -> ZN ^  | XNOR2_X1  | 0.134 |   0.844 |    0.961 | 
     | U4304                | B ^ -> Z ^   | XOR2_X1   | 0.064 |   0.908 |    1.025 | 
     | U4305                | B ^ -> Z ^   | XOR2_X1   | 0.093 |   1.001 |    1.118 | 
     | U4981                | A ^ -> ZN ^  | XNOR2_X1  | 0.054 |   1.054 |    1.172 | 
     | U6579                | A ^ -> ZN ^  | XNOR2_X1  | 0.047 |   1.101 |    1.219 | 
     | U6580                | S ^ -> Z v   | MUX2_X1   | 0.064 |   1.165 |    1.283 | 
     | U4990                | A1 v -> ZN v | OR2_X1    | 0.043 |   1.208 |    1.326 | 
     | U3916                | A1 v -> ZN v | AND2_X1   | 0.034 |   1.242 |    1.360 | 
     | U6631                | B v -> ZN v  | XNOR2_X1  | 0.040 |   1.282 |    1.400 | 
     | U6648                | A v -> ZN v  | XNOR2_X1  | 0.040 |   1.322 |    1.440 | 
     | U4477                | A1 v -> ZN v | OR2_X1    | 0.055 |   1.377 |    1.494 | 
     | U6905                | A2 v -> ZN ^ | NAND2_X1  | 0.018 |   1.395 |    1.513 | 
     | U3858                | A1 ^ -> ZN ^ | AND2_X1   | 0.037 |   1.432 |    1.550 | 
     | U4063                | A2 ^ -> ZN v | NAND4_X1  | 0.039 |   1.471 |    1.589 | 
     | U8503                | A1 v -> ZN v | OR2_X1    | 0.062 |   1.533 |    1.651 | 
     | U8507                | A1 v -> ZN ^ | NAND4_X1  | 0.020 |   1.553 |    1.671 | 
     | U4877                | A1 ^ -> ZN ^ | AND2_X1   | 0.045 |   1.598 |    1.716 | 
     | U4932                | A1 ^ -> ZN v | NOR2_X1   | 0.017 |   1.615 |    1.733 | 
     | U3822                | A2 v -> ZN v | OR2_X1    | 0.062 |   1.678 |    1.795 | 
     | U9169                | A1 v -> ZN ^ | NAND2_X1  | 0.025 |   1.702 |    1.820 | 
     | U9541                | A1 ^ -> ZN v | NAND2_X1  | 0.015 |   1.717 |    1.834 | 
     | U9460                | B2 v -> ZN ^ | OAI21_X1  | 0.032 |   1.749 |    1.866 | 
     | p_reg_Y_temp_reg_56_ | D ^          | DFF_X1    | 0.000 |   1.749 |    1.866 | 
     +------------------------------------------------------------------------------+ 
Path 7: MET Setup Check with Pin p_reg_Y_temp_reg_57_/CK 
Endpoint:   p_reg_Y_temp_reg_57_/D (^) checked with  leading edge of 'CLK'
Beginpoint: B_reg_Y_temp_reg_5_/QN (v) triggered by  leading edge of 'CLK'
Path Groups: {CLK}
Analysis View: default
Other End Arrival Time          0.065
- Setup                         0.027
+ Phase Shift                   1.881
+ CPPR Adjustment               0.000
- Uncertainty                   0.050
= Required Time                 1.868
- Arrival Time                  1.750
= Slack Time                    0.118
     Clock Rise Edge                 0.000
     + Clock Network Latency (Prop)  0.051
     = Beginpoint Arrival Time       0.051
     +------------------------------------------------------------------------------+ 
     |       Instance       |     Arc      |   Cell    | Delay | Arrival | Required | 
     |                      |              |           |       |  Time   |   Time   | 
     |----------------------+--------------+-----------+-------+---------+----------| 
     | B_reg_Y_temp_reg_5_  | CK ^         |           |       |   0.051 |    0.169 | 
     | B_reg_Y_temp_reg_5_  | CK ^ -> QN v | DFF_X1    | 0.091 |   0.143 |    0.260 | 
     | FE_DBTC6_n9488       | A v -> ZN ^  | INV_X1    | 0.039 |   0.181 |    0.299 | 
     | U5125                | A1 ^ -> ZN ^ | OR2_X1    | 0.028 |   0.209 |    0.327 | 
     | U5126                | A ^ -> ZN v  | OAI21_X1  | 0.017 |   0.227 |    0.344 | 
     | U5127                | A2 v -> ZN ^ | NAND2_X1  | 0.020 |   0.246 |    0.364 | 
     | U4651                | A ^ -> ZN v  | OAI211_X1 | 0.057 |   0.303 |    0.421 | 
     | FE_OFC10_n8782       | A v -> Z v   | CLKBUF_X1 | 0.151 |   0.454 |    0.572 | 
     | FE_DBTC2_n8782       | A v -> ZN ^  | INV_X2    | 0.134 |   0.588 |    0.706 | 
     | U4704                | A ^ -> ZN ^  | XNOR2_X1  | 0.088 |   0.676 |    0.794 | 
     | U6351                | A ^ -> ZN v  | INV_X1    | 0.034 |   0.710 |    0.828 | 
     | U3691                | A v -> ZN ^  | XNOR2_X1  | 0.134 |   0.844 |    0.962 | 
     | U4304                | B ^ -> Z ^   | XOR2_X1   | 0.064 |   0.908 |    1.025 | 
     | U4305                | B ^ -> Z ^   | XOR2_X1   | 0.093 |   1.001 |    1.119 | 
     | U4981                | A ^ -> ZN ^  | XNOR2_X1  | 0.054 |   1.054 |    1.172 | 
     | U6579                | A ^ -> ZN ^  | XNOR2_X1  | 0.047 |   1.101 |    1.219 | 
     | U6580                | S ^ -> Z v   | MUX2_X1   | 0.064 |   1.165 |    1.283 | 
     | U4990                | A1 v -> ZN v | OR2_X1    | 0.043 |   1.208 |    1.326 | 
     | U3916                | A1 v -> ZN v | AND2_X1   | 0.034 |   1.242 |    1.360 | 
     | U6631                | B v -> ZN v  | XNOR2_X1  | 0.040 |   1.282 |    1.400 | 
     | U6648                | A v -> ZN v  | XNOR2_X1  | 0.040 |   1.322 |    1.440 | 
     | U4477                | A1 v -> ZN v | OR2_X1    | 0.055 |   1.377 |    1.495 | 
     | U6905                | A2 v -> ZN ^ | NAND2_X1  | 0.018 |   1.395 |    1.513 | 
     | U3858                | A1 ^ -> ZN ^ | AND2_X1   | 0.037 |   1.432 |    1.550 | 
     | U4063                | A2 ^ -> ZN v | NAND4_X1  | 0.039 |   1.471 |    1.589 | 
     | U8503                | A1 v -> ZN v | OR2_X1    | 0.062 |   1.533 |    1.651 | 
     | U8507                | A1 v -> ZN ^ | NAND4_X1  | 0.020 |   1.553 |    1.671 | 
     | U4877                | A1 ^ -> ZN ^ | AND2_X1   | 0.045 |   1.598 |    1.716 | 
     | U4932                | A1 ^ -> ZN v | NOR2_X1   | 0.017 |   1.615 |    1.733 | 
     | U3822                | A2 v -> ZN v | OR2_X1    | 0.062 |   1.678 |    1.795 | 
     | U9169                | A1 v -> ZN ^ | NAND2_X1  | 0.025 |   1.702 |    1.820 | 
     | U4907                | A1 ^ -> ZN v | NAND4_X1  | 0.026 |   1.728 |    1.846 | 
     | U4906                | A2 v -> ZN ^ | NAND3_X1  | 0.022 |   1.750 |    1.868 | 
     | p_reg_Y_temp_reg_57_ | D ^          | DFF_X1    | 0.000 |   1.750 |    1.868 | 
     +------------------------------------------------------------------------------+ 
Path 8: MET Setup Check with Pin p_reg_Y_temp_reg_48_/CK 
Endpoint:   p_reg_Y_temp_reg_48_/D (^) checked with  leading edge of 'CLK'
Beginpoint: B_reg_Y_temp_reg_5_/QN (v) triggered by  leading edge of 'CLK'
Path Groups: {CLK}
Analysis View: default
Other End Arrival Time          0.065
- Setup                         0.027
+ Phase Shift                   1.881
+ CPPR Adjustment               0.000
- Uncertainty                   0.050
= Required Time                 1.869
- Arrival Time                  1.741
= Slack Time                    0.128
     Clock Rise Edge                 0.000
     + Clock Network Latency (Prop)  0.051
     = Beginpoint Arrival Time       0.051
     +------------------------------------------------------------------------------+ 
     |       Instance       |     Arc      |   Cell    | Delay | Arrival | Required | 
     |                      |              |           |       |  Time   |   Time   | 
     |----------------------+--------------+-----------+-------+---------+----------| 
     | B_reg_Y_temp_reg_5_  | CK ^         |           |       |   0.051 |    0.179 | 
     | B_reg_Y_temp_reg_5_  | CK ^ -> QN v | DFF_X1    | 0.091 |   0.143 |    0.271 | 
     | FE_DBTC6_n9488       | A v -> ZN ^  | INV_X1    | 0.039 |   0.181 |    0.309 | 
     | U5125                | A1 ^ -> ZN ^ | OR2_X1    | 0.028 |   0.209 |    0.338 | 
     | U5126                | A ^ -> ZN v  | OAI21_X1  | 0.017 |   0.227 |    0.355 | 
     | U5127                | A2 v -> ZN ^ | NAND2_X1  | 0.020 |   0.246 |    0.374 | 
     | U4651                | A ^ -> ZN v  | OAI211_X1 | 0.057 |   0.303 |    0.432 | 
     | FE_OFC10_n8782       | A v -> Z v   | CLKBUF_X1 | 0.151 |   0.454 |    0.582 | 
     | FE_DBTC2_n8782       | A v -> ZN ^  | INV_X2    | 0.134 |   0.588 |    0.716 | 
     | U4704                | A ^ -> ZN ^  | XNOR2_X1  | 0.088 |   0.676 |    0.804 | 
     | U6351                | A ^ -> ZN v  | INV_X1    | 0.034 |   0.710 |    0.838 | 
     | U3691                | A v -> ZN ^  | XNOR2_X1  | 0.134 |   0.844 |    0.972 | 
     | U4304                | B ^ -> Z ^   | XOR2_X1   | 0.064 |   0.908 |    1.036 | 
     | U4305                | B ^ -> Z ^   | XOR2_X1   | 0.093 |   1.001 |    1.129 | 
     | U4981                | A ^ -> ZN ^  | XNOR2_X1  | 0.054 |   1.054 |    1.182 | 
     | U6579                | A ^ -> ZN ^  | XNOR2_X1  | 0.047 |   1.101 |    1.229 | 
     | U6580                | S ^ -> Z v   | MUX2_X1   | 0.064 |   1.165 |    1.294 | 
     | U4990                | A1 v -> ZN v | OR2_X1    | 0.043 |   1.208 |    1.336 | 
     | U3916                | A1 v -> ZN v | AND2_X1   | 0.034 |   1.242 |    1.370 | 
     | U6631                | B v -> ZN v  | XNOR2_X1  | 0.040 |   1.282 |    1.410 | 
     | U6648                | A v -> ZN v  | XNOR2_X1  | 0.040 |   1.322 |    1.450 | 
     | U4477                | A1 v -> ZN v | OR2_X1    | 0.055 |   1.377 |    1.505 | 
     | U6905                | A2 v -> ZN ^ | NAND2_X1  | 0.018 |   1.395 |    1.523 | 
     | U3858                | A1 ^ -> ZN ^ | AND2_X1   | 0.037 |   1.432 |    1.560 | 
     | U4063                | A2 ^ -> ZN v | NAND4_X1  | 0.039 |   1.471 |    1.599 | 
     | U8503                | A1 v -> ZN v | OR2_X1    | 0.062 |   1.533 |    1.661 | 
     | U8507                | A1 v -> ZN ^ | NAND4_X1  | 0.020 |   1.553 |    1.681 | 
     | U4877                | A1 ^ -> ZN ^ | AND2_X1   | 0.045 |   1.598 |    1.727 | 
     | U8511                | A1 ^ -> ZN v | NAND2_X1  | 0.019 |   1.618 |    1.746 | 
     | U3817                | A1 v -> ZN ^ | NAND2_X1  | 0.030 |   1.648 |    1.776 | 
     | U9418                | A ^ -> ZN v  | INV_X1    | 0.007 |   1.656 |    1.784 | 
     | U9667                | A1 v -> ZN v | OR3_X1    | 0.069 |   1.724 |    1.852 | 
     | U9669                | A1 v -> ZN ^ | NAND2_X1  | 0.016 |   1.741 |    1.869 | 
     | p_reg_Y_temp_reg_48_ | D ^          | DFF_X1    | 0.000 |   1.741 |    1.869 | 
     +------------------------------------------------------------------------------+ 
Path 9: MET Setup Check with Pin p_reg_Y_temp_reg_41_/CK 
Endpoint:   p_reg_Y_temp_reg_41_/D (^) checked with  leading edge of 'CLK'
Beginpoint: B_reg_Y_temp_reg_5_/QN (v) triggered by  leading edge of 'CLK'
Path Groups: {CLK}
Analysis View: default
Other End Arrival Time          0.065
- Setup                         0.025
+ Phase Shift                   1.881
+ CPPR Adjustment               0.000
- Uncertainty                   0.050
= Required Time                 1.870
- Arrival Time                  1.736
= Slack Time                    0.134
     Clock Rise Edge                 0.000
     + Clock Network Latency (Prop)  0.051
     = Beginpoint Arrival Time       0.051
     +------------------------------------------------------------------------------+ 
     |       Instance       |     Arc      |   Cell    | Delay | Arrival | Required | 
     |                      |              |           |       |  Time   |   Time   | 
     |----------------------+--------------+-----------+-------+---------+----------| 
     | B_reg_Y_temp_reg_5_  | CK ^         |           |       |   0.051 |    0.186 | 
     | B_reg_Y_temp_reg_5_  | CK ^ -> QN v | DFF_X1    | 0.091 |   0.143 |    0.277 | 
     | FE_DBTC6_n9488       | A v -> ZN ^  | INV_X1    | 0.039 |   0.181 |    0.316 | 
     | U5125                | A1 ^ -> ZN ^ | OR2_X1    | 0.028 |   0.209 |    0.344 | 
     | U5126                | A ^ -> ZN v  | OAI21_X1  | 0.017 |   0.227 |    0.361 | 
     | U5127                | A2 v -> ZN ^ | NAND2_X1  | 0.020 |   0.246 |    0.381 | 
     | U4651                | A ^ -> ZN v  | OAI211_X1 | 0.057 |   0.303 |    0.438 | 
     | FE_OFC10_n8782       | A v -> Z v   | CLKBUF_X1 | 0.151 |   0.454 |    0.589 | 
     | FE_DBTC2_n8782       | A v -> ZN ^  | INV_X2    | 0.134 |   0.588 |    0.722 | 
     | U4704                | A ^ -> ZN ^  | XNOR2_X1  | 0.088 |   0.676 |    0.810 | 
     | U6351                | A ^ -> ZN v  | INV_X1    | 0.034 |   0.710 |    0.845 | 
     | U3691                | A v -> ZN ^  | XNOR2_X1  | 0.134 |   0.844 |    0.978 | 
     | U6352                | A ^ -> ZN v  | INV_X1    | 0.032 |   0.876 |    1.010 | 
     | U9302                | CI v -> S ^  | FA_X1     | 0.122 |   0.997 |    1.132 | 
     | U9303                | A1 ^ -> ZN v | NAND2_X1  | 0.013 |   1.011 |    1.145 | 
     | U9304                | A1 v -> ZN ^ | NAND2_X1  | 0.013 |   1.024 |    1.159 | 
     | U9306                | A1 ^ -> ZN v | NAND2_X1  | 0.015 |   1.039 |    1.174 | 
     | intadd_1409_U2       | CI v -> S ^  | FA_X1     | 0.127 |   1.166 |    1.300 | 
     | U4572                | B ^ -> S v   | FA_X1     | 0.098 |   1.264 |    1.398 | 
     | U3665                | A1 v -> ZN v | OR2_X1    | 0.047 |   1.311 |    1.446 | 
     | U7979                | A2 v -> ZN ^ | NAND2_X1  | 0.022 |   1.333 |    1.468 | 
     | U5018                | A ^ -> ZN ^  | XNOR2_X1  | 0.046 |   1.379 |    1.514 | 
     | U8002                | A1 ^ -> ZN ^ | OR2_X1    | 0.031 |   1.410 |    1.544 | 
     | U8008                | A2 ^ -> ZN ^ | AND3_X1   | 0.047 |   1.456 |    1.591 | 
     | U8009                | A2 ^ -> ZN v | NAND2_X1  | 0.015 |   1.471 |    1.606 | 
     | U4686                | A1 v -> ZN ^ | NAND2_X1  | 0.038 |   1.509 |    1.644 | 
     | U4685                | A1 ^ -> ZN v | NAND4_X1  | 0.041 |   1.550 |    1.684 | 
     | U3901                | A2 v -> ZN v | AND2_X1   | 0.049 |   1.599 |    1.734 | 
     | U8861                | A2 v -> ZN v | OR2_X1    | 0.050 |   1.650 |    1.784 | 
     | U4200                | B2 v -> ZN ^ | AOI21_X1  | 0.052 |   1.702 |    1.836 | 
     | U9658                | A2 ^ -> ZN ^ | OR2_X1    | 0.034 |   1.736 |    1.870 | 
     | p_reg_Y_temp_reg_41_ | D ^          | DFFS_X1   | 0.000 |   1.736 |    1.870 | 
     +------------------------------------------------------------------------------+ 
Path 10: MET Setup Check with Pin p_reg_Y_temp_reg_52_/CK 
Endpoint:   p_reg_Y_temp_reg_52_/D (v) checked with  leading edge of 'CLK'
Beginpoint: B_reg_Y_temp_reg_5_/QN (v) triggered by  leading edge of 'CLK'
Path Groups: {CLK}
Analysis View: default
Other End Arrival Time          0.064
- Setup                         0.027
+ Phase Shift                   1.881
+ CPPR Adjustment               0.000
- Uncertainty                   0.050
= Required Time                 1.868
- Arrival Time                  1.730
= Slack Time                    0.138
     Clock Rise Edge                 0.000
     + Clock Network Latency (Prop)  0.051
     = Beginpoint Arrival Time       0.051
     +------------------------------------------------------------------------------+ 
     |       Instance       |     Arc      |   Cell    | Delay | Arrival | Required | 
     |                      |              |           |       |  Time   |   Time   | 
     |----------------------+--------------+-----------+-------+---------+----------| 
     | B_reg_Y_temp_reg_5_  | CK ^         |           |       |   0.051 |    0.190 | 
     | B_reg_Y_temp_reg_5_  | CK ^ -> QN v | DFF_X1    | 0.091 |   0.143 |    0.281 | 
     | FE_DBTC6_n9488       | A v -> ZN ^  | INV_X1    | 0.039 |   0.181 |    0.320 | 
     | U5125                | A1 ^ -> ZN ^ | OR2_X1    | 0.028 |   0.209 |    0.348 | 
     | U5126                | A ^ -> ZN v  | OAI21_X1  | 0.017 |   0.227 |    0.365 | 
     | U5127                | A2 v -> ZN ^ | NAND2_X1  | 0.020 |   0.246 |    0.385 | 
     | U4651                | A ^ -> ZN v  | OAI211_X1 | 0.057 |   0.303 |    0.442 | 
     | FE_OFC10_n8782       | A v -> Z v   | CLKBUF_X1 | 0.151 |   0.454 |    0.592 | 
     | FE_DBTC2_n8782       | A v -> ZN ^  | INV_X2    | 0.134 |   0.588 |    0.726 | 
     | U4704                | A ^ -> ZN ^  | XNOR2_X1  | 0.088 |   0.676 |    0.814 | 
     | U6351                | A ^ -> ZN v  | INV_X1    | 0.034 |   0.710 |    0.849 | 
     | U3691                | A v -> ZN ^  | XNOR2_X1  | 0.134 |   0.844 |    0.982 | 
     | U4304                | B ^ -> Z ^   | XOR2_X1   | 0.064 |   0.908 |    1.046 | 
     | U4305                | B ^ -> Z ^   | XOR2_X1   | 0.093 |   1.001 |    1.139 | 
     | U4981                | A ^ -> ZN ^  | XNOR2_X1  | 0.054 |   1.054 |    1.193 | 
     | U6579                | A ^ -> ZN ^  | XNOR2_X1  | 0.047 |   1.101 |    1.240 | 
     | U6580                | S ^ -> Z v   | MUX2_X1   | 0.064 |   1.165 |    1.304 | 
     | U4990                | A1 v -> ZN v | OR2_X1    | 0.043 |   1.208 |    1.347 | 
     | U3916                | A1 v -> ZN v | AND2_X1   | 0.034 |   1.242 |    1.380 | 
     | U6631                | B v -> ZN v  | XNOR2_X1  | 0.040 |   1.282 |    1.420 | 
     | U6648                | A v -> ZN v  | XNOR2_X1  | 0.040 |   1.322 |    1.460 | 
     | U4477                | A1 v -> ZN v | OR2_X1    | 0.055 |   1.377 |    1.515 | 
     | U6905                | A2 v -> ZN ^ | NAND2_X1  | 0.018 |   1.395 |    1.533 | 
     | U3858                | A1 ^ -> ZN ^ | AND2_X1   | 0.037 |   1.432 |    1.571 | 
     | U4063                | A2 ^ -> ZN v | NAND4_X1  | 0.039 |   1.471 |    1.609 | 
     | U8503                | A1 v -> ZN v | OR2_X1    | 0.062 |   1.533 |    1.671 | 
     | U8507                | A1 v -> ZN ^ | NAND4_X1  | 0.020 |   1.553 |    1.691 | 
     | U4877                | A1 ^ -> ZN ^ | AND2_X1   | 0.045 |   1.598 |    1.737 | 
     | U4693                | C1 ^ -> ZN v | OAI211_X1 | 0.039 |   1.637 |    1.776 | 
     | U4237                | A2 v -> ZN v | OR2_X1    | 0.057 |   1.694 |    1.833 | 
     | U3788                | A1 v -> ZN ^ | NAND4_X1  | 0.020 |   1.715 |    1.853 | 
     | U3787                | A1 ^ -> ZN v | NAND2_X1  | 0.015 |   1.730 |    1.868 | 
     | p_reg_Y_temp_reg_52_ | D v          | DFF_X1    | 0.000 |   1.730 |    1.868 | 
     +------------------------------------------------------------------------------+ 

