###############################################################
#  Generated by:      Cadence Innovus 23.35-s106_1
#  OS:                Linux x86_64(Host ID microsys.openstack.polito)
#  Generated on:      Sat Oct 10 22:21:11 2026
#  Design:            boothmul_registered
#  Command:           report_ccopt_skew_groups -file reports/05_skew_groups.rpt
###############################################################

Skew Group Structure:
=====================

-----------------------------------------------------------------------------
Skew Group                Sources    Constrained Sinks    Unconstrained Sinks
-----------------------------------------------------------------------------
CLK/coherent-synthesis       1              128                    0
-----------------------------------------------------------------------------

Skew Group Summary:
===================

---------------------------------------------------------------------------------------------------------------------------------------------------------------------------
Timing Corner         Skew Group                ID Target    Min ID    Max ID    Avg ID    Std.Dev. ID    Skew Target Type    Skew Target    Skew     Skew window occupancy
---------------------------------------------------------------------------------------------------------------------------------------------------------------------------
std-typ:both.early    CLK/coherent-synthesis        -        0.064     0.081     0.074        0.004       ignored                  -         0.017              -
std-typ:both.late     CLK/coherent-synthesis    *0.050       0.064     0.081     0.075        0.004       explicit             0.050         0.017    100% {0.064, 0.081}
---------------------------------------------------------------------------------------------------------------------------------------------------------------------------

* - indicates that target was not met.

Skew Group Min/Max path pins:
=============================

------------------------------------------------------------------------------------
Timing Corner         Skew Group                Min ID    PathID    Max ID    PathID
------------------------------------------------------------------------------------
std-typ:both.early    CLK/coherent-synthesis    0.064       1       0.081       2
-    min p_reg_Y_temp_reg_40_/CK
-    max B_reg_Y_temp_reg_14_/CK
std-typ:both.late     CLK/coherent-synthesis    0.064       3       0.081       4
-    min p_reg_Y_temp_reg_40_/CK
-    max B_reg_Y_temp_reg_14_/CK
------------------------------------------------------------------------------------

Timing for timing corner std-typ:both.early, min clock_path:
============================================================

PathID    : 1
Path type : skew group CLK/coherent-synthesis (path 1 of 1)
Start     : CLK
End       : p_reg_Y_temp_reg_40_/CK
Delay     : 0.064

-----------------------------------------------------------------------------------------------
Name  Lib cell   Event  Incr   Arrival  Slew   Cap     Location        Distance  Fanout  Status
                        (ns)   (ns)     (ns)   (fF)                    (um)              
-- Clockpath trace ----------------------------------------------------------------------------
CLK
-     -          rise   -       0.000   0.002  15.169  (61.785,0.000)  -            3    
CTS_ccl_a_buf_00001/A
-     CLKBUF_X3  rise   0.000   0.000   0.002  -       (61.310,8.715)    9.190   -       
CTS_ccl_a_buf_00001/Z
-     CLKBUF_X3  rise   0.063   0.063   0.046  55.147  (60.945,9.060)    0.710     38    
p_reg_Y_temp_reg_40_/CK
-     DFF_X1     rise   0.001   0.064   0.046  -       (50.010,8.710)   11.285   -       
-----------------------------------------------------------------------------------------------

Timing for timing corner std-typ:both.early, max clock_path:
============================================================

PathID    : 2
Path type : skew group CLK/coherent-synthesis (path 1 of 1)
Start     : CLK
End       : B_reg_Y_temp_reg_14_/CK
Delay     : 0.081

-------------------------------------------------------------------------------------------------
Name  Lib cell   Event  Incr   Arrival  Slew   Cap     Location          Distance  Fanout  Status
                        (ns)   (ns)     (ns)   (fF)                      (um)              
-- Clockpath trace ------------------------------------------------------------------------------
CLK
-     -          rise   -       0.000   0.002  15.169  (61.785,0.000)    -            3    
CTS_ccl_a_buf_00003/A
-     CLKBUF_X3  rise   0.001   0.001   0.002  -       (34.710,43.365)    70.440   -       
CTS_ccl_a_buf_00003/Z
-     CLKBUF_X3  rise   0.073   0.074   0.049  61.389  (34.345,43.020)     0.710     45    
B_reg_Y_temp_reg_14_/CK
-     DFF_X1     rise   0.007   0.081   0.049  -       (48.110,102.170)   72.915   -       
-------------------------------------------------------------------------------------------------

Timing for timing corner std-typ:both.late, min clock_path:
===========================================================

PathID    : 3
Path type : skew group CLK/coherent-synthesis (path 1 of 1)
Start     : CLK
End       : p_reg_Y_temp_reg_40_/CK
Delay     : 0.064

-----------------------------------------------------------------------------------------------
Name  Lib cell   Event  Incr   Arrival  Slew   Cap     Location        Distance  Fanout  Status
                        (ns)   (ns)     (ns)   (fF)                    (um)              
-- Clockpath trace ----------------------------------------------------------------------------
CLK
-     -          rise   -       0.000   0.002  15.169  (61.785,0.000)  -            3    
CTS_ccl_a_buf_00001/A
-     CLKBUF_X3  rise   0.000   0.000   0.002  -       (61.310,8.715)    9.190   -       
CTS_ccl_a_buf_00001/Z
-     CLKBUF_X3  rise   0.063   0.063   0.046  55.147  (60.945,9.060)    0.710     38    
p_reg_Y_temp_reg_40_/CK
-     DFF_X1     rise   0.001   0.064   0.046  -       (50.010,8.710)   11.285   -       
-----------------------------------------------------------------------------------------------

Timing for timing corner std-typ:both.late, max clock_path:
===========================================================

PathID    : 4
Path type : skew group CLK/coherent-synthesis (path 1 of 1)
Start     : CLK
End       : B_reg_Y_temp_reg_14_/CK
Delay     : 0.081

-------------------------------------------------------------------------------------------------
Name  Lib cell   Event  Incr   Arrival  Slew   Cap     Location          Distance  Fanout  Status
                        (ns)   (ns)     (ns)   (fF)                      (um)              
-- Clockpath trace ------------------------------------------------------------------------------
CLK
-     -          rise   -       0.000   0.002  15.169  (61.785,0.000)    -            3    
CTS_ccl_a_buf_00003/A
-     CLKBUF_X3  rise   0.001   0.001   0.002  -       (34.710,43.365)    70.440   -       
CTS_ccl_a_buf_00003/Z
-     CLKBUF_X3  rise   0.073   0.074   0.049  61.389  (34.345,43.020)     0.710     45    
B_reg_Y_temp_reg_14_/CK
-     DFF_X1     rise   0.007   0.081   0.050  -       (48.110,102.170)   72.915   -       
-------------------------------------------------------------------------------------------------

