 
****************************************
Report : reference
Design : boothmul_registered
Version: W-2024.09-SP2
Date   : Thu Aug 27 04:33:23 2026
****************************************

Attributes:
    b - black box (unknown)
   bo - allows boundary optimization
    d - dont_touch
   mo - map_only
    h - hierarchical
    n - noncombinational
    r - removable
    s - synthetic operator
    u - contains unmapped logic

Reference          Library       Unit Area   Count    Total Area   Attributes
-----------------------------------------------------------------------------
AND2_X1            NangateOpenCellLibrary
                                  1.064000     690    734.160007  
AND2_X2            NangateOpenCellLibrary
                                  1.330000      32     42.560001  
AND2_X4            NangateOpenCellLibrary
                                  2.394000       3      7.182000  
AND3_X1            NangateOpenCellLibrary
                                  1.330000      59     78.470003  
AND3_X2            NangateOpenCellLibrary
                                  1.596000       5      7.980000  
AND4_X1            NangateOpenCellLibrary
                                  1.596000      10     15.960000  
AND4_X2            NangateOpenCellLibrary
                                  1.862000       3      5.586000  
AOI21_X1           NangateOpenCellLibrary
                                  1.064000      50     53.200001  
AOI22_X1           NangateOpenCellLibrary
                                  1.330000      87    115.710004  
AOI211_X1          NangateOpenCellLibrary
                                  1.330000       2      2.660000  
BUF_X1             NangateOpenCellLibrary
                                  0.798000      71     56.657998  
BUF_X2             NangateOpenCellLibrary
                                  1.064000      33     35.112000  
BUF_X4             NangateOpenCellLibrary
                                  1.862000       5      9.310000  
CLKBUF_X1          NangateOpenCellLibrary
                                  0.798000      45     35.909999  
CLKBUF_X2          NangateOpenCellLibrary
                                  1.064000       4      4.256000  
DFFS_X1            NangateOpenCellLibrary
                                  5.320000       1      5.320000  n
DFFS_X2            NangateOpenCellLibrary
                                  5.586000       2     11.172000  n
DFF_X1             NangateOpenCellLibrary
                                  4.522000      94    425.067985  n
DFF_X2             NangateOpenCellLibrary
                                  5.054000      31    156.673997  n
FA_X1              NangateOpenCellLibrary
                                  4.256000     345   1468.320014  r
INV_X1             NangateOpenCellLibrary
                                  0.532000    1296    689.472007  
INV_X2             NangateOpenCellLibrary
                                  0.798000      24     19.151999  
INV_X4             NangateOpenCellLibrary
                                  1.330000       2      2.660000  
MUX2_X1            NangateOpenCellLibrary
                                  1.862000      99    184.337999  
MUX2_X2            NangateOpenCellLibrary
                                  2.394000       2      4.788000  
NAND2_X1           NangateOpenCellLibrary
                                  0.798000    1554   1240.091966  
NAND2_X2           NangateOpenCellLibrary
                                  1.330000       2      2.660000  
NAND2_X4           NangateOpenCellLibrary
                                  2.394000       1      2.394000  
NAND3_X1           NangateOpenCellLibrary
                                  1.064000      63     67.032001  
NAND4_X1           NangateOpenCellLibrary
                                  1.330000      48     63.840002  
NAND4_X2           NangateOpenCellLibrary
                                  2.394000       1      2.394000  
NOR2_X1            NangateOpenCellLibrary
                                  0.798000     113     90.173998  
NOR2_X2            NangateOpenCellLibrary
                                  1.330000       1      1.330000  
NOR3_X1            NangateOpenCellLibrary
                                  1.064000       5      5.320000  
NOR4_X1            NangateOpenCellLibrary
                                  1.330000       3      3.990000  
OAI21_X1           NangateOpenCellLibrary
                                  1.064000     419    445.816004  
OAI21_X2           NangateOpenCellLibrary
                                  1.862000      10     18.620000  
OAI22_X1           NangateOpenCellLibrary
                                  1.330000      36     47.880002  
OAI211_X1          NangateOpenCellLibrary
                                  1.330000      50     66.500002  
OAI222_X1          NangateOpenCellLibrary
                                  2.128000       1      2.128000  
OR2_X1             NangateOpenCellLibrary
                                  1.064000     854    908.656009  
OR2_X2             NangateOpenCellLibrary
                                  1.330000      23     30.590001  
OR2_X4             NangateOpenCellLibrary
                                  2.394000       1      2.394000  
OR3_X1             NangateOpenCellLibrary
                                  1.330000      29     38.570001  
OR3_X2             NangateOpenCellLibrary
                                  1.596000       6      9.576000  
OR4_X1             NangateOpenCellLibrary
                                  1.596000       3      4.788000  
OR4_X2             NangateOpenCellLibrary
                                  1.862000       3      5.586000  
XNOR2_X1           NangateOpenCellLibrary
                                  1.596000    1516   2419.535933  
XNOR2_X2           NangateOpenCellLibrary
                                  2.660000       8     21.280001  
XOR2_X1            NangateOpenCellLibrary
                                  1.596000      89    142.043996  
-----------------------------------------------------------------------------
Total 50 references                                  9814.867930
1
