 
****************************************
Report : reference
Design : boothmul_registered
Version: W-2024.09-SP2
Date   : Thu Aug 27 04:39:21 2026
****************************************

Attributes:
    b - black box (unknown)
   bo - allows boundary optimization
    d - dont_touch
   mo - map_only
    h - hierarchical
    n - noncombinational
    r - removable
    s - synthetic operator
    u - contains unmapped logic

Reference          Library       Unit Area   Count    Total Area   Attributes
-----------------------------------------------------------------------------
AND2_X1            NangateOpenCellLibrary
                                  1.064000      64     68.096001  
AND2_X2            NangateOpenCellLibrary
                                  1.330000       3      3.990000  
AND2_X4            NangateOpenCellLibrary
                                  2.394000       1      2.394000  
AND3_X1            NangateOpenCellLibrary
                                  1.330000       4      5.320000  
AND4_X1            NangateOpenCellLibrary
                                  1.596000       2      3.192000  
AOI21_X1           NangateOpenCellLibrary
                                  1.064000     254    270.256003  
AOI21_X4           NangateOpenCellLibrary
                                  3.458000       1      3.458000  
AOI22_X1           NangateOpenCellLibrary
                                  1.330000     693    921.690030  
AOI211_X1          NangateOpenCellLibrary
                                  1.330000       5      6.650000  
AOI211_X2          NangateOpenCellLibrary
                                  2.394000       1      2.394000  
AOI221_X1          NangateOpenCellLibrary
                                  1.596000      13     20.747999  
AOI222_X1          NangateOpenCellLibrary
                                  2.128000     134    285.152003  
BUF_X1             NangateOpenCellLibrary
                                  0.798000      19     15.162000  
BUF_X2             NangateOpenCellLibrary
                                  1.064000      11     11.704000  
CLKBUF_X1          NangateOpenCellLibrary
                                  0.798000      19     15.162000  
CLKBUF_X2          NangateOpenCellLibrary
                                  1.064000       4      4.256000  
DFFS_X1            NangateOpenCellLibrary
                                  5.320000       1      5.320000  n
DFF_X1             NangateOpenCellLibrary
                                  4.522000     111    501.941982  n
DFF_X2             NangateOpenCellLibrary
                                  5.054000      16     80.863998  n
FA_X1              NangateOpenCellLibrary
                                  4.256000     117    497.952005  r
INV_X1             NangateOpenCellLibrary
                                  0.532000     559    297.388003  
INV_X2             NangateOpenCellLibrary
                                  0.798000      20     15.960000  
INV_X8             NangateOpenCellLibrary
                                  2.394000       1      2.394000  
MUX2_X1            NangateOpenCellLibrary
                                  1.862000      30     55.860000  
NAND2_X1           NangateOpenCellLibrary
                                  0.798000     290    231.419994  
NAND3_X1           NangateOpenCellLibrary
                                  1.064000      13     13.832000  
NAND4_X1           NangateOpenCellLibrary
                                  1.330000       2      2.660000  
NOR2_X1            NangateOpenCellLibrary
                                  0.798000     280    223.439994  
NOR2_X2            NangateOpenCellLibrary
                                  1.330000       3      3.990000  
NOR2_X4            NangateOpenCellLibrary
                                  2.394000       2      4.788000  
NOR3_X1            NangateOpenCellLibrary
                                  1.064000       4      4.256000  
NOR4_X1            NangateOpenCellLibrary
                                  1.330000       1      1.330000  
OAI21_X1           NangateOpenCellLibrary
                                  1.064000     313    333.032003  
OAI21_X2           NangateOpenCellLibrary
                                  1.862000       1      1.862000  
OAI22_X1           NangateOpenCellLibrary
                                  1.330000     103    136.990004  
OAI22_X2           NangateOpenCellLibrary
                                  2.394000       2      4.788000  
OAI22_X4           NangateOpenCellLibrary
                                  4.522000       1      4.522000  
OAI211_X1          NangateOpenCellLibrary
                                  1.330000      14     18.620001  
OAI221_X1          NangateOpenCellLibrary
                                  1.596000      39     62.243998  
OAI222_X1          NangateOpenCellLibrary
                                  2.128000      18     38.304000  
OR2_X1             NangateOpenCellLibrary
                                  1.064000      69     73.416001  
OR3_X1             NangateOpenCellLibrary
                                  1.330000       2      2.660000  
XNOR2_X1           NangateOpenCellLibrary
                                  1.596000     648   1034.207972  
XNOR2_X2           NangateOpenCellLibrary
                                  2.660000       3      7.980000  
XOR2_X1            NangateOpenCellLibrary
                                  1.596000     790   1260.839965  
XOR2_X2            NangateOpenCellLibrary
                                  2.394000       2      4.788000  
-----------------------------------------------------------------------------
Total 46 references                                  6567.273956
1
