 
****************************************
Report : timing
        -path full
        -delay max
        -max_paths 1
Design : boothmul_registered
Version: W-2024.09-SP2
Date   : Thu Aug 27 04:43:32 2026
****************************************

Operating Conditions: typical   Library: NangateOpenCellLibrary
Wire Load Model Mode: top

  Startpoint: B_reg_Y_temp_reg_3_
              (rising edge-triggered flip-flop clocked by CLK)
  Endpoint: p_reg_Y_temp_reg_63_
            (rising edge-triggered flip-flop clocked by CLK)
  Path Group: CLK
  Path Type: max

  Des/Clust/Port     Wire Load Model       Library
  ------------------------------------------------
  boothmul_registered
                     5K_hvratio_1_4        NangateOpenCellLibrary

  Point                                    Incr       Path
  -----------------------------------------------------------
  clock CLK (rise edge)                    0.00       0.00
  clock network delay (ideal)              0.05       0.05
  B_reg_Y_temp_reg_3_/CK (DFF_X1)          0.00       0.05 r
  B_reg_Y_temp_reg_3_/Q (DFF_X1)           0.13       0.18 r
  U4713/ZN (NOR2_X1)                       0.05       0.23 f
  U4714/ZN (AOI21_X1)                      0.18       0.41 r
  U4636/Z (CLKBUF_X1)                      0.21       0.62 r
  U4745/ZN (NOR2_X1)                       0.11       0.73 f
  U4637/Z (CLKBUF_X1)                      0.19       0.92 f
  U4975/ZN (AOI22_X1)                      0.14       1.05 r
  U4976/Z (XOR2_X1)                        0.08       1.14 r
  U4977/ZN (XNOR2_X1)                      0.05       1.18 f
  U4978/Z (XOR2_X1)                        0.08       1.27 f
  U4979/ZN (INV_X1)                        0.05       1.32 r
  U5013/ZN (OAI22_X1)                      0.04       1.36 f
  U5014/ZN (AOI21_X1)                      0.06       1.42 r
  U5015/ZN (AOI21_X1)                      0.03       1.45 f
  U5055/CO (FA_X1)                         0.10       1.56 f
  U5298/ZN (AOI22_X1)                      0.06       1.61 r
  U5299/ZN (OAI21_X1)                      0.04       1.65 f
  U5300/ZN (OAI21_X1)                      0.05       1.70 r
  U5303/ZN (XNOR2_X1)                      0.07       1.77 r
  U5304/ZN (XNOR2_X1)                      0.07       1.84 r
  U5306/Z (XOR2_X1)                        0.09       1.93 r
  U5307/ZN (XNOR2_X1)                      0.07       2.00 r
  U5308/ZN (NAND2_X1)                      0.05       2.05 f
  U5317/ZN (XNOR2_X1)                      0.06       2.11 f
  U5319/ZN (XNOR2_X1)                      0.07       2.19 r
  U5418/ZN (XNOR2_X1)                      0.07       2.26 r
  U5420/Z (XOR2_X1)                        0.08       2.33 r
  U5424/ZN (OR2_X1)                        0.05       2.38 r
  U5425/ZN (OAI221_X1)                     0.05       2.43 f
  U5427/ZN (OAI21_X1)                      0.11       2.53 r
  U5997/ZN (NAND4_X1)                      0.06       2.60 f
  U6000/ZN (OAI221_X1)                     0.08       2.68 r
  U6011/ZN (NOR2_X1)                       0.03       2.71 f
  U6019/ZN (AOI221_X1)                     0.11       2.81 r
  U6021/ZN (AOI221_X1)                     0.07       2.89 f
  U7308/ZN (AOI211_X1)                     0.07       2.96 r
  U7321/ZN (AOI221_X1)                     0.06       3.01 f
  U7334/ZN (AOI211_X1)                     0.06       3.08 r
  U7335/ZN (AOI211_X1)                     0.04       3.11 f
  U7341/ZN (NOR2_X1)                       0.05       3.16 r
  U7343/ZN (AOI221_X1)                     0.05       3.22 f
  U7351/ZN (INV_X1)                        0.04       3.25 r
  U7353/ZN (OAI211_X1)                     0.04       3.29 f
  U7355/ZN (OAI211_X1)                     0.04       3.33 r
  U7357/ZN (AOI21_X1)                      0.05       3.38 f
  U7358/ZN (INV_X1)                        0.06       3.44 r
  U7370/ZN (NOR3_X1)                       0.04       3.48 f
  U8017/ZN (INV_X1)                        0.03       3.51 r
  U8018/ZN (NOR2_X1)                       0.02       3.54 f
  U8028/ZN (AOI221_X1)                     0.18       3.71 r
  U8029/ZN (INV_X1)                        0.05       3.77 f
  U8047/ZN (NOR4_X1)                       0.11       3.87 r
  U8048/ZN (OAI21_X1)                      0.05       3.92 f
  U8049/ZN (NOR4_X1)                       0.12       4.04 r
  U8373/ZN (OAI221_X1)                     0.06       4.10 f
  U8375/ZN (NAND2_X1)                      0.04       4.14 r
  U8376/ZN (INV_X1)                        0.03       4.17 f
  U8720/ZN (AOI221_X1)                     0.10       4.27 r
  U8721/ZN (AOI222_X1)                     0.06       4.33 f
  U4273/ZN (AND2_X1)                       0.06       4.38 f
  U4275/ZN (AOI222_X1)                     0.10       4.48 r
  U4276/ZN (INV_X1)                        0.02       4.51 f
  p_reg_Y_temp_reg_63_/D (DFF_X1)          0.01       4.52 f
  data arrival time                                   4.52

  clock CLK (rise edge)                    5.50       5.50
  clock network delay (ideal)              0.05       5.55
  clock uncertainty                       -0.05       5.50
  p_reg_Y_temp_reg_63_/CK (DFF_X1)         0.00       5.50 r
  library setup time                      -0.03       5.47
  data required time                                  5.47
  -----------------------------------------------------------
  data required time                                  5.47
  data arrival time                                  -4.52
  -----------------------------------------------------------
  slack (MET)                                         0.96


1
