 
****************************************
Report : timing
        -path full
        -delay max
        -max_paths 1
Design : boothmul_registered
Version: W-2024.09-SP2
Date   : Mon Sep 14 18:23:38 2026
****************************************

Operating Conditions: typical   Library: NangateOpenCellLibrary
Wire Load Model Mode: top

  Startpoint: B_reg_Y_temp_reg_25_
              (rising edge-triggered flip-flop clocked by CLK)
  Endpoint: p_reg_Y_temp_reg_62_
            (rising edge-triggered flip-flop clocked by CLK)
  Path Group: CLK
  Path Type: max

  Des/Clust/Port     Wire Load Model       Library
  ------------------------------------------------
  boothmul_registered
                     5K_hvratio_1_4        NangateOpenCellLibrary

  Point                                    Incr       Path
  -----------------------------------------------------------
  clock CLK (rise edge)                    0.00       0.00
  clock network delay (ideal)              0.05       0.05
  B_reg_Y_temp_reg_25_/CK (DFF_X1)         0.00       0.05 r
  B_reg_Y_temp_reg_25_/Q (DFF_X1)          0.10       0.15 f
  U5117/ZN (OR2_X1)                        0.06       0.21 f
  U6658/ZN (INV_X1)                        0.03       0.24 r
  U6659/ZN (NOR2_X1)                       0.03       0.26 f
  U5887/ZN (OR2_X1)                        0.06       0.32 f
  U6827/ZN (AND2_X2)                       0.05       0.37 f
  U4729/Z (BUF_X1)                         0.05       0.42 f
  U9833/ZN (NAND2_X1)                      0.03       0.45 r
  U9835/ZN (NAND2_X1)                      0.03       0.48 f
  U9836/S (FA_X1)                          0.14       0.63 r
  U9837/ZN (XNOR2_X1)                      0.07       0.70 r
  U5808/ZN (OAI21_X1)                      0.04       0.74 f
  U5522/ZN (AND2_X1)                       0.04       0.78 f
  U5805/ZN (XNOR2_X1)                      0.07       0.85 f
  U9905/Z (XOR2_X1)                        0.07       0.92 f
  U9906/ZN (XNOR2_X1)                      0.07       0.99 f
  U9907/ZN (XNOR2_X1)                      0.07       1.05 f
  U5719/ZN (NAND2_X1)                      0.04       1.09 r
  U5721/ZN (NAND3_X1)                      0.05       1.14 f
  U9990/S (FA_X1)                          0.16       1.31 r
  U9991/S (FA_X1)                          0.12       1.43 f
  U9992/ZN (NAND2_X1)                      0.04       1.47 r
  U9993/ZN (NAND2_X1)                      0.04       1.51 f
  U5738/ZN (OR2_X1)                        0.06       1.56 f
  U5782/ZN (NAND2_X1)                      0.03       1.59 r
  U10000/ZN (AND2_X1)                      0.04       1.63 r
  U10005/ZN (OAI21_X1)                     0.04       1.67 f
  U10025/ZN (OAI21_X1)                     0.06       1.73 r
  U5882/ZN (NAND4_X1)                      0.04       1.77 f
  U10047/ZN (OR2_X1)                       0.06       1.83 f
  U10066/ZN (AND4_X1)                      0.05       1.88 f
  U5247/ZN (OAI211_X1)                     0.06       1.94 r
  U5226/ZN (NAND4_X1)                      0.05       1.99 f
  U5142/ZN (NAND2_X1)                      0.04       2.03 r
  U5225/ZN (NAND3_X1)                      0.04       2.08 f
  U5141/ZN (AND2_X1)                       0.04       2.12 f
  U5846/ZN (OAI21_X1)                      0.04       2.16 r
  U5845/ZN (NAND2_X1)                      0.03       2.19 f
  p_reg_Y_temp_reg_62_/D (DFFS_X1)         0.01       2.20 f
  data arrival time                                   2.20

  clock CLK (rise edge)                    1.70       1.70
  clock network delay (ideal)              0.05       1.75
  clock uncertainty                       -0.05       1.70
  p_reg_Y_temp_reg_62_/CK (DFFS_X1)        0.00       1.70 r
  library setup time                      -0.02       1.68
  data required time                                  1.68
  -----------------------------------------------------------
  data required time                                  1.68
  data arrival time                                  -2.20
  -----------------------------------------------------------
  slack (VIOLATED)                                   -0.52


1
