 
****************************************
Report : area
Design : boothmul_registered
Version: W-2024.09-SP2
Date   : Mon Sep 21 17:56:27 2026
****************************************

Library(s) Used:

    NangateOpenCellLibrary (File: /home/repository/do/libnandgate/NangateOpenCellLibrary_typical_ecsm.db)

Number of ports:                          131
Number of nets:                          7328
Number of cells:                         7137
Number of combinational cells:           6985
Number of sequential cells:               128
Number of macros/black boxes:               0
Number of buf/inv:                       1450
Number of references:                      53

Combinational area:               8555.091952
Buf/Inv area:                      899.345998
Noncombinational area:             602.223987
Macro/Black Box area:                0.000000
Net Interconnect area:      undefined  (Wire load has zero net area)

Total cell area:                  9157.315939
Total area:                 undefined
1
