 
****************************************
Report : qor
Design : boothmul_registered
Version: W-2024.09-SP2
Date   : Thu Aug 27 03:28:50 2026
****************************************


  Timing Path Group 'CLK'
  -----------------------------------
  Levels of Logic:              20.00
  Critical Path Length:          1.70
  Critical Path Slack:           0.22
  Critical Path Clk Period:      2.00
  Total Negative Slack:          0.00
  No. of Violating Paths:        0.00
  Worst Hold Violation:          0.00
  Total Hold Violation:          0.00
  No. of Hold Violations:        0.00
  -----------------------------------


  Cell Count
  -----------------------------------
  Hierarchical Cell Count:          0
  Hierarchical Port Count:          0
  Leaf Cell Count:                403
  Buf/Inv Cell Count:              61
  Buf Cell Count:                   0
  Inv Cell Count:                  61
  CT Buf/Inv Cell Count:            0
  Combinational Cell Count:       371
  Sequential Cell Count:           32
  Macro Count:                      0
  -----------------------------------


  Area
  -----------------------------------
  Combinational Area:      432.516000
  Noncombinational Area:   144.703995
  Buf/Inv Area:             32.452000
  Total Buffer Area:             0.00
  Total Inverter Area:          32.45
  Macro/Black Box Area:      0.000000
  Net Area:                  0.000000
  -----------------------------------
  Cell Area:               577.219995
  Design Area:             577.219995


  Design Rules
  -----------------------------------
  Total Number of Nets:           444
  Nets With Violations:             0
  Max Trans Violations:             0
  Max Cap Violations:               0
  -----------------------------------


  Hostname: microsys.openstack.polito

  Compile CPU Statistics
  -----------------------------------------
  Resource Sharing:                    0.11
  Logic Optimization:                  0.11
  Mapping Optimization:                0.50
  -----------------------------------------
  Overall Compile Time:                4.97
  Overall Compile Wall Clock Time:     5.32

  --------------------------------------------------------------------

  Design  WNS: 0.00  TNS: 0.00  Number of Violating Paths: 0


  Design (Hold)  WNS: 0.00  TNS: 0.00  Number of Violating Paths: 0

  --------------------------------------------------------------------


1
