 
****************************************
Report : qor
Design : boothmul_registered
Version: W-2024.09-SP2
Date   : Mon Sep 21 12:30:26 2026
****************************************


  Timing Path Group 'CLK'
  -----------------------------------
  Levels of Logic:              63.00
  Critical Path Length:          4.63
  Critical Path Slack:           0.79
  Critical Path Clk Period:      5.50
  Total Negative Slack:          0.00
  No. of Violating Paths:        0.00
  Worst Hold Violation:          0.00
  Total Hold Violation:          0.00
  No. of Hold Violations:        0.00
  -----------------------------------


  Cell Count
  -----------------------------------
  Hierarchical Cell Count:          0
  Hierarchical Port Count:          0
  Leaf Cell Count:               4470
  Buf/Inv Cell Count:             585
  Buf Cell Count:                  18
  Inv Cell Count:                 567
  CT Buf/Inv Cell Count:            0
  Combinational Cell Count:      4342
  Sequential Cell Count:          128
  Macro Count:                      0
  -----------------------------------


  Area
  -----------------------------------
  Combinational Area:     5765.549982
  Noncombinational Area:   580.943979
  Buf/Inv Area:            320.264002
  Total Buffer Area:            14.36
  Total Inverter Area:         305.90
  Macro/Black Box Area:      0.000000
  Net Area:                  0.000000
  -----------------------------------
  Cell Area:              6346.493961
  Design Area:            6346.493961


  Design Rules
  -----------------------------------
  Total Number of Nets:          4747
  Nets With Violations:             2
  Max Trans Violations:             0
  Max Cap Violations:               2
  -----------------------------------


  Hostname: microsys.openstack.polito

  Compile CPU Statistics
  -----------------------------------------
  Resource Sharing:                    0.72
  Logic Optimization:                  1.31
  Mapping Optimization:                3.93
  -----------------------------------------
  Overall Compile Time:               43.39
  Overall Compile Wall Clock Time:    46.39

  --------------------------------------------------------------------

  Design  WNS: 0.00  TNS: 0.00  Number of Violating Paths: 0


  Design (Hold)  WNS: 0.00  TNS: 0.00  Number of Violating Paths: 0

  --------------------------------------------------------------------


1
