 
****************************************
Report : qor
Design : boothmul_registered
Version: W-2024.09-SP2
Date   : Mon Sep 14 18:28:53 2026
****************************************


  Timing Path Group 'CLK'
  -----------------------------------
  Levels of Logic:              39.00
  Critical Path Length:          2.42
  Critical Path Slack:           0.00
  Critical Path Clk Period:      2.50
  Total Negative Slack:          0.00
  No. of Violating Paths:        0.00
  Worst Hold Violation:          0.00
  Total Hold Violation:          0.00
  No. of Hold Violations:        0.00
  -----------------------------------


  Cell Count
  -----------------------------------
  Hierarchical Cell Count:          0
  Hierarchical Port Count:          0
  Leaf Cell Count:               4930
  Buf/Inv Cell Count:             684
  Buf Cell Count:                  68
  Inv Cell Count:                 616
  CT Buf/Inv Cell Count:            0
  Combinational Cell Count:      4802
  Sequential Cell Count:          128
  Macro Count:                      0
  -----------------------------------


  Area
  -----------------------------------
  Combinational Area:     6216.685974
  Noncombinational Area:   594.243981
  Buf/Inv Area:            394.212002
  Total Buffer Area:            61.45
  Total Inverter Area:         332.77
  Macro/Black Box Area:      0.000000
  Net Area:                  0.000000
  -----------------------------------
  Cell Area:              6810.929956
  Design Area:            6810.929956


  Design Rules
  -----------------------------------
  Total Number of Nets:          5170
  Nets With Violations:             3
  Max Trans Violations:             1
  Max Cap Violations:               3
  -----------------------------------


  Hostname: microsys.openstack.polito

  Compile CPU Statistics
  -----------------------------------------
  Resource Sharing:                    0.58
  Logic Optimization:                  6.20
  Mapping Optimization:               26.22
  -----------------------------------------
  Overall Compile Time:               70.07
  Overall Compile Wall Clock Time:    73.37

  --------------------------------------------------------------------

  Design  WNS: 0.00  TNS: 0.00  Number of Violating Paths: 0


  Design (Hold)  WNS: 0.00  TNS: 0.00  Number of Violating Paths: 0

  --------------------------------------------------------------------


1
