 
****************************************
Report : reference
Design : boothmul_registered
Version: W-2024.09-SP2
Date   : Mon Sep 14 18:25:32 2026
****************************************

Attributes:
    b - black box (unknown)
   bo - allows boundary optimization
    d - dont_touch
   mo - map_only
    h - hierarchical
    n - noncombinational
    r - removable
    s - synthetic operator
    u - contains unmapped logic

Reference          Library       Unit Area   Count    Total Area   Attributes
-----------------------------------------------------------------------------
AND2_X1            NangateOpenCellLibrary
                                  1.064000     466    495.824005  
AND2_X2            NangateOpenCellLibrary
                                  1.330000      21     27.930001  
AND2_X4            NangateOpenCellLibrary
                                  2.394000       1      2.394000  
AND3_X1            NangateOpenCellLibrary
                                  1.330000      16     21.280001  
AND4_X1            NangateOpenCellLibrary
                                  1.596000       1      1.596000  
AOI21_X1           NangateOpenCellLibrary
                                  1.064000     155    164.920002  
AOI22_X1           NangateOpenCellLibrary
                                  1.330000     260    345.800011  
AOI22_X2           NangateOpenCellLibrary
                                  2.394000       1      2.394000  
AOI221_X1          NangateOpenCellLibrary
                                  1.596000       2      3.192000  
AOI222_X1          NangateOpenCellLibrary
                                  2.128000      10     21.280000  
BUF_X1             NangateOpenCellLibrary
                                  0.798000     107     85.385998  
BUF_X2             NangateOpenCellLibrary
                                  1.064000      20     21.280000  
BUF_X4             NangateOpenCellLibrary
                                  1.862000       2      3.724000  
CLKBUF_X1          NangateOpenCellLibrary
                                  0.798000      52     41.495999  
CLKBUF_X2          NangateOpenCellLibrary
                                  1.064000       4      4.256000  
DFFS_X1            NangateOpenCellLibrary
                                  5.320000       8     42.560001  n
DFFS_X2            NangateOpenCellLibrary
                                  5.586000       1      5.586000  n
DFF_X1             NangateOpenCellLibrary
                                  4.522000     106    479.331983  n
DFF_X2             NangateOpenCellLibrary
                                  5.054000      13     65.701999  n
FA_X1              NangateOpenCellLibrary
                                  4.256000     265   1127.840011  r
INV_X1             NangateOpenCellLibrary
                                  0.532000     863    459.116005  
INV_X2             NangateOpenCellLibrary
                                  0.798000      25     19.949999  
INV_X4             NangateOpenCellLibrary
                                  1.330000       3      3.990000  
MUX2_X1            NangateOpenCellLibrary
                                  1.862000      73    135.925999  
MUX2_X2            NangateOpenCellLibrary
                                  2.394000       1      2.394000  
NAND2_X1           NangateOpenCellLibrary
                                  0.798000    1158    924.083975  
NAND2_X2           NangateOpenCellLibrary
                                  1.330000       7      9.310000  
NAND3_X1           NangateOpenCellLibrary
                                  1.064000      28     29.792000  
NAND4_X1           NangateOpenCellLibrary
                                  1.330000       7      9.310000  
NOR2_X1            NangateOpenCellLibrary
                                  0.798000     265    211.469994  
NOR2_X2            NangateOpenCellLibrary
                                  1.330000       3      3.990000  
NOR3_X1            NangateOpenCellLibrary
                                  1.064000       6      6.384000  
OAI21_X1           NangateOpenCellLibrary
                                  1.064000     245    260.680003  
OAI21_X2           NangateOpenCellLibrary
                                  1.862000       2      3.724000  
OAI22_X1           NangateOpenCellLibrary
                                  1.330000      35     46.550002  
OAI211_X1          NangateOpenCellLibrary
                                  1.330000      23     30.590001  
OAI221_X1          NangateOpenCellLibrary
                                  1.596000       2      3.192000  
OAI222_X1          NangateOpenCellLibrary
                                  2.128000       1      2.128000  
OR2_X1             NangateOpenCellLibrary
                                  1.064000     531    564.984006  
OR2_X2             NangateOpenCellLibrary
                                  1.330000      21     27.930001  
OR2_X4             NangateOpenCellLibrary
                                  2.394000       1      2.394000  
OR3_X1             NangateOpenCellLibrary
                                  1.330000      10     13.300000  
XNOR2_X1           NangateOpenCellLibrary
                                  1.596000    1299   2073.203943  
XNOR2_X2           NangateOpenCellLibrary
                                  2.660000       6     15.960001  
XOR2_X1            NangateOpenCellLibrary
                                  1.596000     199    317.603991  
-----------------------------------------------------------------------------
Total 45 references                                  8141.727930
1
