 
****************************************
Report : reference
Design : boothmul_registered
Version: W-2024.09-SP2
Date   : Mon Sep 21 12:27:54 2026
****************************************

Attributes:
    b - black box (unknown)
   bo - allows boundary optimization
    d - dont_touch
   mo - map_only
    h - hierarchical
    n - noncombinational
    r - removable
    s - synthetic operator
    u - contains unmapped logic

Reference          Library       Unit Area   Count    Total Area   Attributes
-----------------------------------------------------------------------------
AND2_X1            NangateOpenCellLibrary
                                  1.064000      48     51.072001  
AND3_X1            NangateOpenCellLibrary
                                  1.330000       7      9.310000  
AOI21_X1           NangateOpenCellLibrary
                                  1.064000     266    283.024003  
AOI21_X2           NangateOpenCellLibrary
                                  1.862000       2      3.724000  
AOI21_X4           NangateOpenCellLibrary
                                  3.458000       1      3.458000  
AOI22_X1           NangateOpenCellLibrary
                                  1.330000     554    736.820024  
AOI22_X2           NangateOpenCellLibrary
                                  2.394000       1      2.394000  
AOI211_X1          NangateOpenCellLibrary
                                  1.330000       9     11.970000  
AOI221_X1          NangateOpenCellLibrary
                                  1.596000      20     31.919999  
AOI222_X1          NangateOpenCellLibrary
                                  2.128000     140    297.920003  
BUF_X1             NangateOpenCellLibrary
                                  0.798000      15     11.970000  
BUF_X2             NangateOpenCellLibrary
                                  1.064000       1      1.064000  
CLKBUF_X1          NangateOpenCellLibrary
                                  0.798000       4      3.192000  
CLKBUF_X2          NangateOpenCellLibrary
                                  1.064000       1      1.064000  
DFF_X1             NangateOpenCellLibrary
                                  4.522000     125    565.249979  n
DFF_X2             NangateOpenCellLibrary
                                  5.054000       3     15.162000  n
FA_X1              NangateOpenCellLibrary
                                  4.256000     131    557.536005  r
INV_X1             NangateOpenCellLibrary
                                  0.532000     559    297.388003  
INV_X2             NangateOpenCellLibrary
                                  0.798000      15     11.970000  
INV_X4             NangateOpenCellLibrary
                                  1.330000       2      2.660000  
MUX2_X1            NangateOpenCellLibrary
                                  1.862000      17     31.654000  
NAND2_X1           NangateOpenCellLibrary
                                  0.798000     241    192.317995  
NAND2_X2           NangateOpenCellLibrary
                                  1.330000       2      2.660000  
NAND2_X4           NangateOpenCellLibrary
                                  2.394000       1      2.394000  
NAND3_X1           NangateOpenCellLibrary
                                  1.064000       9      9.576000  
NOR2_X1            NangateOpenCellLibrary
                                  0.798000     289    230.621994  
NOR2_X2            NangateOpenCellLibrary
                                  1.330000       3      3.990000  
NOR2_X4            NangateOpenCellLibrary
                                  2.394000       2      4.788000  
NOR3_X1            NangateOpenCellLibrary
                                  1.064000       8      8.512000  
NOR4_X1            NangateOpenCellLibrary
                                  1.330000       3      3.990000  
OAI21_X1           NangateOpenCellLibrary
                                  1.064000     326    346.864003  
OAI21_X2           NangateOpenCellLibrary
                                  1.862000       2      3.724000  
OAI22_X1           NangateOpenCellLibrary
                                  1.330000     259    344.470011  
OAI33_X1           NangateOpenCellLibrary
                                  1.862000       4      7.448000  
OAI211_X1          NangateOpenCellLibrary
                                  1.330000      12     15.960001  
OAI221_X1          NangateOpenCellLibrary
                                  1.596000      39     62.243998  
OAI222_X1          NangateOpenCellLibrary
                                  2.128000      12     25.536000  
OR2_X1             NangateOpenCellLibrary
                                  1.064000      21     22.344000  
XNOR2_X1           NangateOpenCellLibrary
                                  1.596000    1009   1610.363956  
XNOR2_X2           NangateOpenCellLibrary
                                  2.660000       2      5.320000  
XOR2_X1            NangateOpenCellLibrary
                                  1.596000     333    531.467985  
XOR2_X2            NangateOpenCellLibrary
                                  2.394000       1      2.394000  
-----------------------------------------------------------------------------
Total 42 references                                  6367.507961
1
