 
****************************************
Report : reference
Design : boothmul_registered
Version: W-2024.09-SP2
Date   : Thu Aug 27 04:44:19 2026
****************************************

Attributes:
    b - black box (unknown)
   bo - allows boundary optimization
    d - dont_touch
   mo - map_only
    h - hierarchical
    n - noncombinational
    r - removable
    s - synthetic operator
    u - contains unmapped logic

Reference          Library       Unit Area   Count    Total Area   Attributes
-----------------------------------------------------------------------------
AND2_X1            NangateOpenCellLibrary
                                  1.064000      36     38.304000  
AOI21_X1           NangateOpenCellLibrary
                                  1.064000     261    277.704003  
AOI21_X2           NangateOpenCellLibrary
                                  1.862000       3      5.586000  
AOI21_X4           NangateOpenCellLibrary
                                  3.458000       1      3.458000  
AOI22_X1           NangateOpenCellLibrary
                                  1.330000     700    931.000030  
AOI211_X1          NangateOpenCellLibrary
                                  1.330000       7      9.310000  
AOI221_X1          NangateOpenCellLibrary
                                  1.596000      19     30.323999  
AOI222_X1          NangateOpenCellLibrary
                                  2.128000     146    310.688003  
CLKBUF_X1          NangateOpenCellLibrary
                                  0.798000      45     35.909999  
DFF_X1             NangateOpenCellLibrary
                                  4.522000     128    578.815979  n
FA_X1              NangateOpenCellLibrary
                                  4.256000     111    472.416005  r
INV_X1             NangateOpenCellLibrary
                                  0.532000     541    287.812003  
INV_X2             NangateOpenCellLibrary
                                  0.798000       7      5.586000  
INV_X8             NangateOpenCellLibrary
                                  2.394000       1      2.394000  
MUX2_X1            NangateOpenCellLibrary
                                  1.862000      27     50.274000  
NAND2_X1           NangateOpenCellLibrary
                                  0.798000     239    190.721995  
NAND3_X1           NangateOpenCellLibrary
                                  1.064000      11     11.704000  
NAND4_X1           NangateOpenCellLibrary
                                  1.330000       1      1.330000  
NOR2_X1            NangateOpenCellLibrary
                                  0.798000     288    229.823994  
NOR2_X2            NangateOpenCellLibrary
                                  1.330000       3      3.990000  
NOR2_X4            NangateOpenCellLibrary
                                  2.394000       1      2.394000  
NOR3_X1            NangateOpenCellLibrary
                                  1.064000       6      6.384000  
NOR4_X1            NangateOpenCellLibrary
                                  1.330000       3      3.990000  
OAI21_X1           NangateOpenCellLibrary
                                  1.064000     326    346.864003  
OAI22_X1           NangateOpenCellLibrary
                                  1.330000     107    142.310005  
OAI22_X2           NangateOpenCellLibrary
                                  2.394000       2      4.788000  
OAI211_X1          NangateOpenCellLibrary
                                  1.330000      12     15.960001  
OAI221_X1          NangateOpenCellLibrary
                                  1.596000      40     63.839998  
OAI222_X1          NangateOpenCellLibrary
                                  2.128000      18     38.304000  
OR2_X1             NangateOpenCellLibrary
                                  1.064000      27     28.728000  
XNOR2_X1           NangateOpenCellLibrary
                                  1.596000     599    956.003974  
XOR2_X1            NangateOpenCellLibrary
                                  1.596000     832   1327.871964  
XOR2_X2            NangateOpenCellLibrary
                                  2.394000       3      7.182000  
-----------------------------------------------------------------------------
Total 33 references                                  6421.771955
1
