 
****************************************
Report : reference
Design : boothmul_registered
Version: W-2024.09-SP2
Date   : Mon Sep 21 18:02:32 2026
****************************************

Attributes:
    b - black box (unknown)
   bo - allows boundary optimization
    d - dont_touch
   mo - map_only
    h - hierarchical
    n - noncombinational
    r - removable
    s - synthetic operator
    u - contains unmapped logic

Reference          Library       Unit Area   Count    Total Area   Attributes
-----------------------------------------------------------------------------
AND2_X1            NangateOpenCellLibrary
                                  1.064000     479    509.656005  
AND2_X2            NangateOpenCellLibrary
                                  1.330000      23     30.590001  
AND2_X4            NangateOpenCellLibrary
                                  2.394000       1      2.394000  
AND3_X1            NangateOpenCellLibrary
                                  1.330000      24     31.920001  
AND3_X2            NangateOpenCellLibrary
                                  1.596000       1      1.596000  
AND4_X1            NangateOpenCellLibrary
                                  1.596000       1      1.596000  
AOI21_X1           NangateOpenCellLibrary
                                  1.064000     101    107.464001  
AOI21_X2           NangateOpenCellLibrary
                                  1.862000       1      1.862000  
AOI22_X1           NangateOpenCellLibrary
                                  1.330000     134    178.220006  
AOI211_X1          NangateOpenCellLibrary
                                  1.330000       3      3.990000  
AOI221_X1          NangateOpenCellLibrary
                                  1.596000       1      1.596000  
AOI222_X1          NangateOpenCellLibrary
                                  2.128000       9     19.152000  
BUF_X1             NangateOpenCellLibrary
                                  0.798000      55     43.889999  
BUF_X2             NangateOpenCellLibrary
                                  1.064000      15     15.960000  
BUF_X4             NangateOpenCellLibrary
                                  1.862000       4      7.448000  
CLKBUF_X1          NangateOpenCellLibrary
                                  0.798000      61     48.677999  
CLKBUF_X2          NangateOpenCellLibrary
                                  1.064000       6      6.384000  
DFFS_X1            NangateOpenCellLibrary
                                  5.320000       4     21.280001  n
DFFS_X2            NangateOpenCellLibrary
                                  5.586000       5     27.930000  n
DFF_X1             NangateOpenCellLibrary
                                  4.522000     108    488.375982  n
DFF_X2             NangateOpenCellLibrary
                                  5.054000       9     45.485999  n
FA_X1              NangateOpenCellLibrary
                                  4.256000     373   1587.488016  r
INV_X1             NangateOpenCellLibrary
                                  0.532000     892    474.544005  
INV_X2             NangateOpenCellLibrary
                                  0.798000      21     16.758000  
INV_X4             NangateOpenCellLibrary
                                  1.330000       2      2.660000  
INV_X8             NangateOpenCellLibrary
                                  2.394000       1      2.394000  
MUX2_X1            NangateOpenCellLibrary
                                  1.862000      57    106.133999  
NAND2_X1           NangateOpenCellLibrary
                                  0.798000    1287   1027.025972  
NAND2_X2           NangateOpenCellLibrary
                                  1.330000       2      2.660000  
NAND3_X1           NangateOpenCellLibrary
                                  1.064000      26     27.664000  
NAND4_X1           NangateOpenCellLibrary
                                  1.330000       3      3.990000  
NOR2_X1            NangateOpenCellLibrary
                                  0.798000     210    167.579995  
NOR2_X2            NangateOpenCellLibrary
                                  1.330000       2      2.660000  
NOR2_X4            NangateOpenCellLibrary
                                  2.394000       1      2.394000  
NOR3_X1            NangateOpenCellLibrary
                                  1.064000       5      5.320000  
NOR4_X1            NangateOpenCellLibrary
                                  1.330000       1      1.330000  
OAI21_X1           NangateOpenCellLibrary
                                  1.064000     239    254.296003  
OAI21_X2           NangateOpenCellLibrary
                                  1.862000       2      3.724000  
OAI22_X1           NangateOpenCellLibrary
                                  1.330000      21     27.930001  
OAI211_X1          NangateOpenCellLibrary
                                  1.330000      14     18.620001  
OAI222_X1          NangateOpenCellLibrary
                                  2.128000       1      2.128000  
OR2_X1             NangateOpenCellLibrary
                                  1.064000     750    798.000008  
OR2_X2             NangateOpenCellLibrary
                                  1.330000      21     27.930001  
OR2_X4             NangateOpenCellLibrary
                                  2.394000       1      2.394000  
OR3_X1             NangateOpenCellLibrary
                                  1.330000      14     18.620001  
OR3_X2             NangateOpenCellLibrary
                                  1.596000       2      3.192000  
OR4_X1             NangateOpenCellLibrary
                                  1.596000       2      3.192000  
SDFF_X1            NangateOpenCellLibrary
                                  6.118000       2     12.236000  n
XNOR2_X1           NangateOpenCellLibrary
                                  1.596000    1302   2077.991943  
XNOR2_X2           NangateOpenCellLibrary
                                  2.660000       7     18.620001  
XOR2_X1            NangateOpenCellLibrary
                                  1.596000     116    185.135995  
-----------------------------------------------------------------------------
Total 51 references                                  8480.079933
1
