 
****************************************
Report : timing
        -path full
        -delay max
        -max_paths 1
Design : boothmul_registered
Version: W-2024.09-SP2
Date   : Mon Sep 21 12:18:05 2026
****************************************

Operating Conditions: typical   Library: NangateOpenCellLibrary
Wire Load Model Mode: top

  Startpoint: B_reg_Y_temp_reg_27_
              (rising edge-triggered flip-flop clocked by CLK)
  Endpoint: p_reg_Y_temp_reg_60_
            (rising edge-triggered flip-flop clocked by CLK)
  Path Group: CLK
  Path Type: max

  Des/Clust/Port     Wire Load Model       Library
  ------------------------------------------------
  boothmul_registered
                     5K_hvratio_1_4        NangateOpenCellLibrary

  Point                                    Incr       Path
  -----------------------------------------------------------
  clock CLK (rise edge)                    0.00       0.00
  clock network delay (ideal)              0.05       0.05
  B_reg_Y_temp_reg_27_/CK (DFF_X1)         0.00       0.05 r
  B_reg_Y_temp_reg_27_/Q (DFF_X1)          0.11       0.16 r
  U6350/ZN (NAND2_X1)                      0.04       0.20 f
  U6804/ZN (AND2_X1)                       0.04       0.24 f
  U5518/ZN (NOR2_X1)                       0.06       0.30 r
  U5300/ZN (NOR2_X1)                       0.03       0.34 f
  U5161/ZN (AOI22_X1)                      0.08       0.42 r
  U7086/ZN (XNOR2_X1)                      0.07       0.49 r
  U7087/ZN (XNOR2_X1)                      0.07       0.55 r
  U7088/ZN (XNOR2_X1)                      0.07       0.63 r
  U7091/ZN (OAI21_X1)                      0.04       0.67 f
  U5570/ZN (AND2_X1)                       0.05       0.71 f
  U5703/ZN (XNOR2_X1)                      0.06       0.77 f
  U5853/ZN (XNOR2_X1)                      0.06       0.84 f
  U6032/ZN (OAI21_X1)                      0.04       0.88 r
  U6474/ZN (OR2_X1)                        0.04       0.91 r
  U6507/ZN (OAI21_X1)                      0.04       0.95 f
  intadd_151_U3/S (FA_X1)                  0.13       1.08 r
  U11206/ZN (INV_X1)                       0.03       1.11 f
  intadd_150_U3/S (FA_X1)                  0.15       1.26 r
  U10311/ZN (XNOR2_X1)                     0.06       1.32 r
  U10312/ZN (XNOR2_X1)                     0.07       1.38 r
  U10313/ZN (NAND2_X1)                     0.04       1.42 f
  U10315/ZN (AND2_X1)                      0.04       1.46 f
  U5904/ZN (OR2_X1)                        0.05       1.51 f
  U10322/ZN (NAND2_X1)                     0.03       1.54 r
  U10350/ZN (OAI211_X1)                    0.03       1.58 f
  U10351/ZN (INV_X1)                       0.03       1.61 r
  U10352/ZN (AND2_X1)                      0.04       1.65 r
  U5249/ZN (NAND4_X1)                      0.04       1.70 f
  U6499/ZN (AND3_X1)                       0.05       1.75 f
  U5292/ZN (OR2_X2)                        0.06       1.80 f
  U4994/ZN (AOI21_X1)                      0.05       1.86 r
  U11105/ZN (XNOR2_X1)                     0.06       1.92 r
  U6578/ZN (NAND2_X1)                      0.03       1.95 f
  U6576/ZN (NAND2_X1)                      0.03       1.98 r
  p_reg_Y_temp_reg_60_/D (DFFS_X2)         0.01       1.99 r
  data arrival time                                   1.99

  clock CLK (rise edge)                    1.50       1.50
  clock network delay (ideal)              0.05       1.55
  clock uncertainty                       -0.05       1.50
  p_reg_Y_temp_reg_60_/CK (DFFS_X2)        0.00       1.50 r
  library setup time                      -0.03       1.47
  data required time                                  1.47
  -----------------------------------------------------------
  data required time                                  1.47
  data arrival time                                  -1.99
  -----------------------------------------------------------
  slack (VIOLATED)                                   -0.51


1
