 
****************************************
Report : timing
        -path full
        -delay max
        -max_paths 1
Design : boothmul_registered
Version: W-2024.09-SP2
Date   : Mon Sep 21 12:28:45 2026
****************************************

Operating Conditions: typical   Library: NangateOpenCellLibrary
Wire Load Model Mode: top

  Startpoint: B_reg_Y_temp_reg_5_
              (rising edge-triggered flip-flop clocked by CLK)
  Endpoint: p_reg_Y_temp_reg_61_
            (rising edge-triggered flip-flop clocked by CLK)
  Path Group: CLK
  Path Type: max

  Des/Clust/Port     Wire Load Model       Library
  ------------------------------------------------
  boothmul_registered
                     5K_hvratio_1_4        NangateOpenCellLibrary

  Point                                    Incr       Path
  -----------------------------------------------------------
  clock CLK (rise edge)                    0.00       0.00
  clock network delay (ideal)              0.05       0.05
  B_reg_Y_temp_reg_5_/CK (DFF_X1)          0.00       0.05 r
  B_reg_Y_temp_reg_5_/Q (DFF_X1)           0.11       0.16 f
  U4642/ZN (AOI21_X2)                      0.17       0.34 r
  U4602/ZN (INV_X1)                        0.15       0.49 f
  U4820/ZN (AOI22_X1)                      0.14       0.63 r
  U4625/ZN (XNOR2_X1)                      0.05       0.68 f
  U4601/ZN (INV_X1)                        0.16       0.85 r
  U4624/ZN (INV_X2)                        0.14       0.99 f
  U4905/ZN (XNOR2_X1)                      0.10       1.09 f
  U4906/ZN (XNOR2_X1)                      0.11       1.20 r
  U4983/ZN (AOI22_X1)                      0.04       1.24 f
  U4984/ZN (NAND2_X1)                      0.04       1.28 r
  U4985/ZN (OAI21_X1)                      0.04       1.32 f
  U4987/ZN (XNOR2_X1)                      0.07       1.39 f
  U4988/ZN (XNOR2_X1)                      0.06       1.45 f
  U4989/ZN (XNOR2_X1)                      0.08       1.54 r
  U5008/ZN (INV_X1)                        0.04       1.57 f
  U5009/ZN (XNOR2_X1)                      0.07       1.64 f
  U5010/ZN (NOR2_X1)                       0.07       1.71 r
  U5033/Z (XOR2_X1)                        0.08       1.79 r
  U5034/ZN (XNOR2_X1)                      0.07       1.86 r
  U5035/ZN (XNOR2_X1)                      0.07       1.93 r
  U5108/Z (XOR2_X1)                        0.08       2.01 r
  U5109/ZN (XNOR2_X1)                      0.07       2.08 r
  U5110/ZN (XNOR2_X1)                      0.08       2.16 r
  U5117/ZN (XNOR2_X1)                      0.06       2.22 f
  U5126/ZN (NOR2_X1)                       0.08       2.30 r
  U5127/ZN (INV_X1)                        0.03       2.33 f
  U4653/ZN (OR2_X1)                        0.06       2.39 f
  U4655/ZN (AOI21_X1)                      0.05       2.44 r
  U5194/ZN (AOI21_X1)                      0.06       2.49 f
  U5510/ZN (AOI211_X1)                     0.07       2.56 r
  U5542/ZN (AOI221_X1)                     0.07       2.62 f
  U5548/ZN (AOI22_X1)                      0.07       2.70 r
  U5606/ZN (AOI211_X1)                     0.03       2.73 f
  U5672/ZN (AOI221_X1)                     0.12       2.85 r
  U4652/ZN (AND3_X1)                       0.07       2.92 r
  U6032/ZN (OAI211_X1)                     0.03       2.95 f
  U6033/ZN (NAND2_X1)                      0.04       2.99 r
  U6376/ZN (NOR3_X1)                       0.03       3.03 f
  U4614/ZN (NAND2_X1)                      0.03       3.06 r
  U4654/ZN (AOI22_X1)                      0.04       3.10 f
  U6482/ZN (AOI21_X1)                      0.05       3.14 r
  U6603/ZN (AOI211_X1)                     0.03       3.18 f
  U6605/ZN (NOR2_X1)                       0.04       3.22 r
  U6611/ZN (AOI21_X1)                      0.04       3.26 f
  U6612/ZN (INV_X1)                        0.06       3.33 r
  U6809/ZN (NAND3_X1)                      0.05       3.37 f
  U6811/ZN (OAI221_X1)                     0.11       3.48 r
  U7318/ZN (AOI21_X1)                      0.05       3.53 f
  U7319/ZN (NOR4_X1)                       0.12       3.65 r
  U7391/ZN (OAI221_X1)                     0.06       3.71 f
  U7393/ZN (NAND2_X1)                      0.06       3.77 r
  U7394/ZN (INV_X1)                        0.05       3.82 f
  U4656/ZN (AOI221_X2)                     0.16       3.98 r
  U8654/ZN (OAI221_X1)                     0.07       4.05 f
  U8655/ZN (OAI21_X1)                      0.08       4.13 r
  U8657/ZN (OAI211_X1)                     0.05       4.18 f
  U8658/ZN (OAI211_X1)                     0.04       4.22 r
  U8659/ZN (AOI21_X1)                      0.04       4.25 f
  U4202/ZN (AND2_X1)                       0.05       4.31 f
  U4208/ZN (AOI222_X1)                     0.10       4.40 r
  U4209/ZN (INV_X1)                        0.02       4.43 f
  p_reg_Y_temp_reg_61_/D (DFF_X1)          0.01       4.44 f
  data arrival time                                   4.44

  clock CLK (rise edge)                    4.50       4.50
  clock network delay (ideal)              0.05       4.55
  clock uncertainty                       -0.05       4.50
  p_reg_Y_temp_reg_61_/CK (DFF_X1)         0.00       4.50 r
  library setup time                      -0.03       4.47
  data required time                                  4.47
  -----------------------------------------------------------
  data required time                                  4.47
  data arrival time                                  -4.44
  -----------------------------------------------------------
  slack (MET)                                         0.04


1
