###############################################################
#  Generated by:      Cadence Innovus 23.35-s106_1
#  OS:                Linux x86_64(Host ID microsys.openstack.polito)
#  Generated on:      Sat Oct 10 23:04:45 2026
#  Design:            boothmul_registered
#  Command:           report_timing -max_paths 10 > reports/04_preCTS_setup_paths.rpt
###############################################################
Path 1: MET Setup Check with Pin p_reg_Y_temp_reg_61_/CK 
Endpoint:   p_reg_Y_temp_reg_61_/D (v) checked with  leading edge of 'CLK'
Beginpoint: B_reg_Y_temp_reg_1_/QN (v) triggered by  leading edge of 'CLK'
Path Groups: {CLK}
Analysis View: default
Other End Arrival Time          0.050
- Setup                         0.026
+ Phase Shift                   4.322
- Uncertainty                   0.050
= Required Time                 4.296
- Arrival Time                  3.288
= Slack Time                    1.008
     Clock Rise Edge                 0.000
     + Clock Network Latency (Ideal) 0.050
     = Beginpoint Arrival Time       0.050
     +------------------------------------------------------------------------------+ 
     |       Instance       |     Arc      |   Cell    | Delay | Arrival | Required | 
     |                      |              |           |       |  Time   |   Time   | 
     |----------------------+--------------+-----------+-------+---------+----------| 
     | B_reg_Y_temp_reg_1_  | CK ^         |           |       |   0.050 |    1.058 | 
     | B_reg_Y_temp_reg_1_  | CK ^ -> QN v | DFF_X1    | 0.133 |   0.183 |    1.191 | 
     | U3665                | A1 v -> ZN ^ | NOR2_X1   | 0.049 |   0.231 |    1.240 | 
     | U3666                | A2 ^ -> ZN v | NOR2_X1   | 0.033 |   0.265 |    1.273 | 
     | FE_OFC11_n4300       | A v -> Z v   | CLKBUF_X1 | 0.147 |   0.412 |    1.420 | 
     | FE_DBTC2_n4300       | A v -> ZN ^  | INV_X2    | 0.136 |   0.548 |    1.556 | 
     | U3668                | A2 ^ -> ZN v | AOI22_X1  | 0.030 |   0.578 |    1.586 | 
     | FE_OFC65_n4338       | A v -> Z v   | CLKBUF_X1 | 0.105 |   0.683 |    1.691 | 
     | U3640                | A v -> ZN ^  | INV_X1    | 0.088 |   0.770 |    1.779 | 
     | U3701                | B1 ^ -> ZN v | AOI22_X1  | 0.030 |   0.801 |    1.809 | 
     | FE_OFC77_n3791       | A v -> Z v   | CLKBUF_X2 | 0.143 |   0.944 |    1.952 | 
     | U3702                | A v -> ZN ^  | INV_X1    | 0.143 |   1.087 |    2.095 | 
     | U3796                | B1 ^ -> ZN v | AOI22_X1  | 0.037 |   1.123 |    2.132 | 
     | FE_OFC79_n4474       | A v -> Z v   | CLKBUF_X1 | 0.084 |   1.208 |    2.216 | 
     | U3801                | A v -> ZN v  | XNOR2_X1  | 0.058 |   1.266 |    2.274 | 
     | U3802                | B v -> ZN v  | XNOR2_X1  | 0.048 |   1.314 |    2.322 | 
     | U3804                | A v -> ZN v  | XNOR2_X1  | 0.041 |   1.355 |    2.364 | 
     | U3805                | B v -> ZN v  | XNOR2_X1  | 0.061 |   1.416 |    2.425 | 
     | U3912                | B1 v -> ZN ^ | AOI222_X1 | 0.105 |   1.522 |    2.530 | 
     | U3913                | A2 ^ -> ZN v | NOR2_X1   | 0.026 |   1.547 |    2.556 | 
     | U4911                | A2 v -> ZN ^ | NOR4_X1   | 0.070 |   1.617 |    2.625 | 
     | U4913                | A1 ^ -> ZN v | NOR2_X1   | 0.012 |   1.628 |    2.637 | 
     | U4920                | B1 v -> ZN ^ | AOI21_X1  | 0.061 |   1.690 |    2.698 | 
     | U4921                | A ^ -> ZN v  | INV_X1    | 0.028 |   1.718 |    2.726 | 
     | U4937                | B2 v -> ZN ^ | OAI21_X1  | 0.036 |   1.754 |    2.762 | 
     | U4938                | B ^ -> ZN v  | OAI211_X1 | 0.030 |   1.783 |    2.792 | 
     | U4941                | B2 v -> ZN ^ | OAI221_X1 | 0.115 |   1.899 |    2.907 | 
     | U4942                | A ^ -> ZN v  | INV_X1    | 0.027 |   1.926 |    2.934 | 
     | U4948                | B1 v -> ZN ^ | OAI21_X1  | 0.035 |   1.961 |    2.969 | 
     | U4949                | B2 ^ -> ZN v | AOI22_X1  | 0.024 |   1.985 |    2.993 | 
     | U4953                | B1 v -> ZN ^ | AOI21_X1  | 0.075 |   2.061 |    3.069 | 
     | U4955                | B1 ^ -> ZN v | AOI21_X1  | 0.022 |   2.083 |    3.091 | 
     | U4959                | B1 v -> ZN ^ | OAI22_X1  | 0.050 |   2.132 |    3.140 | 
     | U4961                | B1 ^ -> ZN v | OAI221_X1 | 0.058 |   2.190 |    3.198 | 
     | U4962                | A v -> ZN ^  | INV_X1    | 0.043 |   2.233 |    3.241 | 
     | U4963                | B1 ^ -> ZN v | OAI22_X1  | 0.023 |   2.256 |    3.264 | 
     | U4970                | C2 v -> ZN ^ | OAI211_X1 | 0.046 |   2.301 |    3.309 | 
     | U5517                | C1 ^ -> ZN v | AOI221_X1 | 0.023 |   2.324 |    3.332 | 
     | U5518                | A2 v -> ZN ^ | NOR2_X1   | 0.049 |   2.373 |    3.381 | 
     | U5529                | A ^ -> ZN v  | INV_X1    | 0.011 |   2.384 |    3.393 | 
     | U5530                | C1 v -> ZN ^ | AOI211_X1 | 0.039 |   2.423 |    3.431 | 
     | U5531                | A ^ -> ZN v  | AOI211_X1 | 0.021 |   2.445 |    3.453 | 
     | U5532                | B v -> ZN ^  | AOI211_X1 | 0.127 |   2.571 |    3.580 | 
     | U5600                | A1 ^ -> ZN v | NAND3_X1  | 0.055 |   2.627 |    3.635 | 
     | U5937                | A1 v -> ZN ^ | NOR3_X1   | 0.075 |   2.702 |    3.710 | 
     | U6692                | A1 ^ -> ZN v | NAND2_X1  | 0.019 |   2.721 |    3.729 | 
     | U6693                | C2 v -> ZN ^ | OAI221_X1 | 0.050 |   2.771 |    3.779 | 
     | U6694                | A2 ^ -> ZN v | NAND2_X1  | 0.030 |   2.801 |    3.810 | 
     | U6830                | B2 v -> ZN ^ | AOI22_X1  | 0.049 |   2.850 |    3.859 | 
     | U6832                | B1 ^ -> ZN v | AOI21_X1  | 0.033 |   2.883 |    3.891 | 
     | U6986                | B1 v -> ZN ^ | AOI221_X1 | 0.075 |   2.958 |    3.966 | 
     | U6987                | B1 ^ -> ZN v | AOI21_X1  | 0.031 |   2.989 |    3.997 | 
     | U7033                | A1 v -> ZN ^ | NOR2_X1   | 0.043 |   3.033 |    4.041 | 
     | U7052                | A ^ -> ZN v  | INV_X1    | 0.010 |   3.043 |    4.051 | 
     | U7053                | B2 v -> ZN ^ | AOI22_X1  | 0.045 |   3.087 |    4.096 | 
     | U7055                | B1 ^ -> ZN v | AOI22_X1  | 0.025 |   3.112 |    4.120 | 
     | U7056                | A v -> ZN ^  | OAI21_X1  | 0.023 |   3.135 |    4.143 | 
     | U7057                | A ^ -> ZN v  | OAI21_X1  | 0.026 |   3.160 |    4.169 | 
     | U3285                | A1 v -> ZN v | AND2_X1   | 0.041 |   3.202 |    4.210 | 
     | U3292                | B1 v -> ZN ^ | AOI222_X1 | 0.078 |   3.280 |    4.288 | 
     | U3293                | A ^ -> ZN v  | INV_X1    | 0.008 |   3.288 |    4.296 | 
     | p_reg_Y_temp_reg_61_ | D v          | DFF_X1    | 0.000 |   3.288 |    4.296 | 
     +------------------------------------------------------------------------------+ 
Path 2: MET Setup Check with Pin p_reg_Y_temp_reg_63_/CK 
Endpoint:   p_reg_Y_temp_reg_63_/D (v) checked with  leading edge of 'CLK'
Beginpoint: B_reg_Y_temp_reg_1_/QN (v) triggered by  leading edge of 'CLK'
Path Groups: {CLK}
Analysis View: default
Other End Arrival Time          0.050
- Setup                         0.026
+ Phase Shift                   4.322
- Uncertainty                   0.050
= Required Time                 4.296
- Arrival Time                  3.286
= Slack Time                    1.010
     Clock Rise Edge                 0.000
     + Clock Network Latency (Ideal) 0.050
     = Beginpoint Arrival Time       0.050
     +------------------------------------------------------------------------------+ 
     |       Instance       |     Arc      |   Cell    | Delay | Arrival | Required | 
     |                      |              |           |       |  Time   |   Time   | 
     |----------------------+--------------+-----------+-------+---------+----------| 
     | B_reg_Y_temp_reg_1_  | CK ^         |           |       |   0.050 |    1.060 | 
     | B_reg_Y_temp_reg_1_  | CK ^ -> QN v | DFF_X1    | 0.133 |   0.183 |    1.192 | 
     | U3665                | A1 v -> ZN ^ | NOR2_X1   | 0.049 |   0.231 |    1.241 | 
     | U3666                | A2 ^ -> ZN v | NOR2_X1   | 0.033 |   0.265 |    1.275 | 
     | FE_OFC11_n4300       | A v -> Z v   | CLKBUF_X1 | 0.147 |   0.412 |    1.422 | 
     | FE_DBTC2_n4300       | A v -> ZN ^  | INV_X2    | 0.136 |   0.548 |    1.558 | 
     | U3668                | A2 ^ -> ZN v | AOI22_X1  | 0.030 |   0.578 |    1.587 | 
     | FE_OFC65_n4338       | A v -> Z v   | CLKBUF_X1 | 0.105 |   0.683 |    1.692 | 
     | U3640                | A v -> ZN ^  | INV_X1    | 0.088 |   0.770 |    1.780 | 
     | U3701                | B1 ^ -> ZN v | AOI22_X1  | 0.030 |   0.801 |    1.810 | 
     | FE_OFC77_n3791       | A v -> Z v   | CLKBUF_X2 | 0.143 |   0.944 |    1.953 | 
     | U3702                | A v -> ZN ^  | INV_X1    | 0.143 |   1.087 |    2.096 | 
     | U3796                | B1 ^ -> ZN v | AOI22_X1  | 0.037 |   1.123 |    2.133 | 
     | FE_OFC79_n4474       | A v -> Z v   | CLKBUF_X1 | 0.084 |   1.208 |    2.217 | 
     | U3801                | A v -> ZN v  | XNOR2_X1  | 0.058 |   1.266 |    2.275 | 
     | U3802                | B v -> ZN v  | XNOR2_X1  | 0.048 |   1.314 |    2.324 | 
     | U3804                | A v -> ZN v  | XNOR2_X1  | 0.041 |   1.355 |    2.365 | 
     | U3805                | B v -> ZN v  | XNOR2_X1  | 0.061 |   1.416 |    2.426 | 
     | U3912                | B1 v -> ZN ^ | AOI222_X1 | 0.105 |   1.522 |    2.531 | 
     | U3913                | A2 ^ -> ZN v | NOR2_X1   | 0.026 |   1.547 |    2.557 | 
     | U4911                | A2 v -> ZN ^ | NOR4_X1   | 0.070 |   1.617 |    2.627 | 
     | U4913                | A1 ^ -> ZN v | NOR2_X1   | 0.012 |   1.628 |    2.638 | 
     | U4920                | B1 v -> ZN ^ | AOI21_X1  | 0.061 |   1.690 |    2.699 | 
     | U4921                | A ^ -> ZN v  | INV_X1    | 0.028 |   1.718 |    2.727 | 
     | U4937                | B2 v -> ZN ^ | OAI21_X1  | 0.036 |   1.754 |    2.763 | 
     | U4938                | B ^ -> ZN v  | OAI211_X1 | 0.030 |   1.783 |    2.793 | 
     | U4941                | B2 v -> ZN ^ | OAI221_X1 | 0.115 |   1.899 |    2.908 | 
     | U4942                | A ^ -> ZN v  | INV_X1    | 0.027 |   1.926 |    2.935 | 
     | U4948                | B1 v -> ZN ^ | OAI21_X1  | 0.035 |   1.961 |    2.971 | 
     | U4949                | B2 ^ -> ZN v | AOI22_X1  | 0.024 |   1.985 |    2.995 | 
     | U4953                | B1 v -> ZN ^ | AOI21_X1  | 0.075 |   2.061 |    3.070 | 
     | U4955                | B1 ^ -> ZN v | AOI21_X1  | 0.022 |   2.083 |    3.092 | 
     | U4959                | B1 v -> ZN ^ | OAI22_X1  | 0.050 |   2.132 |    3.142 | 
     | U4961                | B1 ^ -> ZN v | OAI221_X1 | 0.058 |   2.190 |    3.200 | 
     | U4962                | A v -> ZN ^  | INV_X1    | 0.043 |   2.233 |    3.242 | 
     | U4963                | B1 ^ -> ZN v | OAI22_X1  | 0.023 |   2.256 |    3.265 | 
     | U4970                | C2 v -> ZN ^ | OAI211_X1 | 0.046 |   2.301 |    3.311 | 
     | U5517                | C1 ^ -> ZN v | AOI221_X1 | 0.023 |   2.324 |    3.333 | 
     | U5518                | A2 v -> ZN ^ | NOR2_X1   | 0.049 |   2.373 |    3.383 | 
     | U5529                | A ^ -> ZN v  | INV_X1    | 0.011 |   2.384 |    3.394 | 
     | U5530                | C1 v -> ZN ^ | AOI211_X1 | 0.039 |   2.423 |    3.433 | 
     | U5531                | A ^ -> ZN v  | AOI211_X1 | 0.021 |   2.445 |    3.454 | 
     | U5532                | B v -> ZN ^  | AOI211_X1 | 0.127 |   2.571 |    3.581 | 
     | U5600                | A1 ^ -> ZN v | NAND3_X1  | 0.055 |   2.627 |    3.636 | 
     | U5937                | A1 v -> ZN ^ | NOR3_X1   | 0.075 |   2.702 |    3.711 | 
     | U6692                | A1 ^ -> ZN v | NAND2_X1  | 0.019 |   2.721 |    3.731 | 
     | U6693                | C2 v -> ZN ^ | OAI221_X1 | 0.050 |   2.771 |    3.781 | 
     | U6694                | A2 ^ -> ZN v | NAND2_X1  | 0.030 |   2.801 |    3.811 | 
     | U6830                | B2 v -> ZN ^ | AOI22_X1  | 0.049 |   2.850 |    3.860 | 
     | U6832                | B1 ^ -> ZN v | AOI21_X1  | 0.033 |   2.883 |    3.893 | 
     | U6986                | B1 v -> ZN ^ | AOI221_X1 | 0.075 |   2.958 |    3.968 | 
     | U6987                | B1 ^ -> ZN v | AOI21_X1  | 0.031 |   2.989 |    3.999 | 
     | U7033                | A1 v -> ZN ^ | NOR2_X1   | 0.043 |   3.033 |    4.042 | 
     | U7052                | A ^ -> ZN v  | INV_X1    | 0.010 |   3.043 |    4.052 | 
     | U7053                | B2 v -> ZN ^ | AOI22_X1  | 0.045 |   3.087 |    4.097 | 
     | U7055                | B1 ^ -> ZN v | AOI22_X1  | 0.025 |   3.112 |    4.122 | 
     | U7056                | A v -> ZN ^  | OAI21_X1  | 0.023 |   3.135 |    4.144 | 
     | U7057                | A ^ -> ZN v  | OAI21_X1  | 0.026 |   3.160 |    4.170 | 
     | U3285                | A1 v -> ZN v | AND2_X1   | 0.041 |   3.202 |    4.211 | 
     | U3287                | B1 v -> ZN ^ | AOI222_X1 | 0.076 |   3.278 |    4.288 | 
     | U3288                | A ^ -> ZN v  | INV_X1    | 0.008 |   3.286 |    4.296 | 
     | p_reg_Y_temp_reg_63_ | D v          | DFF_X1    | 0.000 |   3.286 |    4.296 | 
     +------------------------------------------------------------------------------+ 
Path 3: MET Setup Check with Pin p_reg_Y_temp_reg_62_/CK 
Endpoint:   p_reg_Y_temp_reg_62_/D (v) checked with  leading edge of 'CLK'
Beginpoint: B_reg_Y_temp_reg_1_/QN (v) triggered by  leading edge of 'CLK'
Path Groups: {CLK}
Analysis View: default
Other End Arrival Time          0.050
- Setup                         0.026
+ Phase Shift                   4.322
- Uncertainty                   0.050
= Required Time                 4.296
- Arrival Time                  3.286
= Slack Time                    1.010
     Clock Rise Edge                 0.000
     + Clock Network Latency (Ideal) 0.050
     = Beginpoint Arrival Time       0.050
     +------------------------------------------------------------------------------+ 
     |       Instance       |     Arc      |   Cell    | Delay | Arrival | Required | 
     |                      |              |           |       |  Time   |   Time   | 
     |----------------------+--------------+-----------+-------+---------+----------| 
     | B_reg_Y_temp_reg_1_  | CK ^         |           |       |   0.050 |    1.060 | 
     | B_reg_Y_temp_reg_1_  | CK ^ -> QN v | DFF_X1    | 0.133 |   0.183 |    1.192 | 
     | U3665                | A1 v -> ZN ^ | NOR2_X1   | 0.049 |   0.231 |    1.241 | 
     | U3666                | A2 ^ -> ZN v | NOR2_X1   | 0.033 |   0.265 |    1.275 | 
     | FE_OFC11_n4300       | A v -> Z v   | CLKBUF_X1 | 0.147 |   0.412 |    1.422 | 
     | FE_DBTC2_n4300       | A v -> ZN ^  | INV_X2    | 0.136 |   0.548 |    1.558 | 
     | U3668                | A2 ^ -> ZN v | AOI22_X1  | 0.030 |   0.578 |    1.587 | 
     | FE_OFC65_n4338       | A v -> Z v   | CLKBUF_X1 | 0.105 |   0.683 |    1.692 | 
     | U3640                | A v -> ZN ^  | INV_X1    | 0.088 |   0.770 |    1.780 | 
     | U3701                | B1 ^ -> ZN v | AOI22_X1  | 0.030 |   0.801 |    1.810 | 
     | FE_OFC77_n3791       | A v -> Z v   | CLKBUF_X2 | 0.143 |   0.944 |    1.953 | 
     | U3702                | A v -> ZN ^  | INV_X1    | 0.143 |   1.087 |    2.096 | 
     | U3796                | B1 ^ -> ZN v | AOI22_X1  | 0.037 |   1.123 |    2.133 | 
     | FE_OFC79_n4474       | A v -> Z v   | CLKBUF_X1 | 0.084 |   1.208 |    2.217 | 
     | U3801                | A v -> ZN v  | XNOR2_X1  | 0.058 |   1.266 |    2.275 | 
     | U3802                | B v -> ZN v  | XNOR2_X1  | 0.048 |   1.314 |    2.324 | 
     | U3804                | A v -> ZN v  | XNOR2_X1  | 0.041 |   1.355 |    2.365 | 
     | U3805                | B v -> ZN v  | XNOR2_X1  | 0.061 |   1.416 |    2.426 | 
     | U3912                | B1 v -> ZN ^ | AOI222_X1 | 0.105 |   1.522 |    2.531 | 
     | U3913                | A2 ^ -> ZN v | NOR2_X1   | 0.026 |   1.547 |    2.557 | 
     | U4911                | A2 v -> ZN ^ | NOR4_X1   | 0.070 |   1.617 |    2.627 | 
     | U4913                | A1 ^ -> ZN v | NOR2_X1   | 0.012 |   1.628 |    2.638 | 
     | U4920                | B1 v -> ZN ^ | AOI21_X1  | 0.061 |   1.690 |    2.699 | 
     | U4921                | A ^ -> ZN v  | INV_X1    | 0.028 |   1.718 |    2.727 | 
     | U4937                | B2 v -> ZN ^ | OAI21_X1  | 0.036 |   1.754 |    2.763 | 
     | U4938                | B ^ -> ZN v  | OAI211_X1 | 0.030 |   1.783 |    2.793 | 
     | U4941                | B2 v -> ZN ^ | OAI221_X1 | 0.115 |   1.899 |    2.908 | 
     | U4942                | A ^ -> ZN v  | INV_X1    | 0.027 |   1.926 |    2.935 | 
     | U4948                | B1 v -> ZN ^ | OAI21_X1  | 0.035 |   1.961 |    2.971 | 
     | U4949                | B2 ^ -> ZN v | AOI22_X1  | 0.024 |   1.985 |    2.995 | 
     | U4953                | B1 v -> ZN ^ | AOI21_X1  | 0.075 |   2.061 |    3.070 | 
     | U4955                | B1 ^ -> ZN v | AOI21_X1  | 0.022 |   2.083 |    3.092 | 
     | U4959                | B1 v -> ZN ^ | OAI22_X1  | 0.050 |   2.132 |    3.142 | 
     | U4961                | B1 ^ -> ZN v | OAI221_X1 | 0.058 |   2.190 |    3.200 | 
     | U4962                | A v -> ZN ^  | INV_X1    | 0.043 |   2.233 |    3.242 | 
     | U4963                | B1 ^ -> ZN v | OAI22_X1  | 0.023 |   2.256 |    3.265 | 
     | U4970                | C2 v -> ZN ^ | OAI211_X1 | 0.046 |   2.301 |    3.311 | 
     | U5517                | C1 ^ -> ZN v | AOI221_X1 | 0.023 |   2.324 |    3.333 | 
     | U5518                | A2 v -> ZN ^ | NOR2_X1   | 0.049 |   2.373 |    3.383 | 
     | U5529                | A ^ -> ZN v  | INV_X1    | 0.011 |   2.384 |    3.394 | 
     | U5530                | C1 v -> ZN ^ | AOI211_X1 | 0.039 |   2.423 |    3.433 | 
     | U5531                | A ^ -> ZN v  | AOI211_X1 | 0.021 |   2.445 |    3.454 | 
     | U5532                | B v -> ZN ^  | AOI211_X1 | 0.127 |   2.571 |    3.581 | 
     | U5600                | A1 ^ -> ZN v | NAND3_X1  | 0.055 |   2.627 |    3.636 | 
     | U5937                | A1 v -> ZN ^ | NOR3_X1   | 0.075 |   2.702 |    3.711 | 
     | U6692                | A1 ^ -> ZN v | NAND2_X1  | 0.019 |   2.721 |    3.731 | 
     | U6693                | C2 v -> ZN ^ | OAI221_X1 | 0.050 |   2.771 |    3.781 | 
     | U6694                | A2 ^ -> ZN v | NAND2_X1  | 0.030 |   2.801 |    3.811 | 
     | U6830                | B2 v -> ZN ^ | AOI22_X1  | 0.049 |   2.850 |    3.860 | 
     | U6832                | B1 ^ -> ZN v | AOI21_X1  | 0.033 |   2.883 |    3.893 | 
     | U6986                | B1 v -> ZN ^ | AOI221_X1 | 0.075 |   2.958 |    3.968 | 
     | U6987                | B1 ^ -> ZN v | AOI21_X1  | 0.031 |   2.989 |    3.999 | 
     | U7033                | A1 v -> ZN ^ | NOR2_X1   | 0.043 |   3.033 |    4.042 | 
     | U7052                | A ^ -> ZN v  | INV_X1    | 0.010 |   3.043 |    4.052 | 
     | U7053                | B2 v -> ZN ^ | AOI22_X1  | 0.045 |   3.087 |    4.097 | 
     | U7055                | B1 ^ -> ZN v | AOI22_X1  | 0.025 |   3.112 |    4.122 | 
     | U7056                | A v -> ZN ^  | OAI21_X1  | 0.023 |   3.135 |    4.144 | 
     | U7057                | A ^ -> ZN v  | OAI21_X1  | 0.026 |   3.160 |    4.170 | 
     | U3285                | A1 v -> ZN v | AND2_X1   | 0.041 |   3.202 |    4.211 | 
     | U3290                | B1 v -> ZN ^ | AOI222_X1 | 0.076 |   3.278 |    4.287 | 
     | U3291                | A ^ -> ZN v  | INV_X1    | 0.008 |   3.286 |    4.296 | 
     | p_reg_Y_temp_reg_62_ | D v          | DFF_X1    | 0.000 |   3.286 |    4.296 | 
     +------------------------------------------------------------------------------+ 
Path 4: MET Setup Check with Pin p_reg_Y_temp_reg_60_/CK 
Endpoint:   p_reg_Y_temp_reg_60_/D (^) checked with  leading edge of 'CLK'
Beginpoint: B_reg_Y_temp_reg_1_/QN (v) triggered by  leading edge of 'CLK'
Path Groups: {CLK}
Analysis View: default
Other End Arrival Time          0.050
- Setup                         0.028
+ Phase Shift                   4.322
- Uncertainty                   0.050
= Required Time                 4.293
- Arrival Time                  3.257
= Slack Time                    1.036
     Clock Rise Edge                 0.000
     + Clock Network Latency (Ideal) 0.050
     = Beginpoint Arrival Time       0.050
     +------------------------------------------------------------------------------+ 
     |       Instance       |     Arc      |   Cell    | Delay | Arrival | Required | 
     |                      |              |           |       |  Time   |   Time   | 
     |----------------------+--------------+-----------+-------+---------+----------| 
     | B_reg_Y_temp_reg_1_  | CK ^         |           |       |   0.050 |    1.086 | 
     | B_reg_Y_temp_reg_1_  | CK ^ -> QN v | DFF_X1    | 0.133 |   0.183 |    1.219 | 
     | U3665                | A1 v -> ZN ^ | NOR2_X1   | 0.049 |   0.231 |    1.267 | 
     | U3666                | A2 ^ -> ZN v | NOR2_X1   | 0.033 |   0.265 |    1.301 | 
     | FE_OFC11_n4300       | A v -> Z v   | CLKBUF_X1 | 0.147 |   0.412 |    1.448 | 
     | FE_DBTC2_n4300       | A v -> ZN ^  | INV_X2    | 0.136 |   0.548 |    1.584 | 
     | U3668                | A2 ^ -> ZN v | AOI22_X1  | 0.030 |   0.578 |    1.614 | 
     | FE_OFC65_n4338       | A v -> Z v   | CLKBUF_X1 | 0.105 |   0.683 |    1.719 | 
     | U3640                | A v -> ZN ^  | INV_X1    | 0.088 |   0.770 |    1.806 | 
     | U3701                | B1 ^ -> ZN v | AOI22_X1  | 0.030 |   0.801 |    1.837 | 
     | FE_OFC77_n3791       | A v -> Z v   | CLKBUF_X2 | 0.143 |   0.944 |    1.980 | 
     | U3702                | A v -> ZN ^  | INV_X1    | 0.143 |   1.087 |    2.123 | 
     | U3796                | B1 ^ -> ZN v | AOI22_X1  | 0.037 |   1.123 |    2.159 | 
     | FE_OFC79_n4474       | A v -> Z v   | CLKBUF_X1 | 0.084 |   1.208 |    2.244 | 
     | U3801                | A v -> ZN v  | XNOR2_X1  | 0.058 |   1.266 |    2.302 | 
     | U3802                | B v -> ZN v  | XNOR2_X1  | 0.048 |   1.314 |    2.350 | 
     | U3804                | A v -> ZN v  | XNOR2_X1  | 0.041 |   1.355 |    2.391 | 
     | U3805                | B v -> ZN v  | XNOR2_X1  | 0.061 |   1.416 |    2.452 | 
     | U3912                | B1 v -> ZN ^ | AOI222_X1 | 0.105 |   1.522 |    2.558 | 
     | U3913                | A2 ^ -> ZN v | NOR2_X1   | 0.026 |   1.547 |    2.583 | 
     | U4911                | A2 v -> ZN ^ | NOR4_X1   | 0.070 |   1.617 |    2.653 | 
     | U4913                | A1 ^ -> ZN v | NOR2_X1   | 0.012 |   1.628 |    2.664 | 
     | U4920                | B1 v -> ZN ^ | AOI21_X1  | 0.061 |   1.690 |    2.726 | 
     | U4921                | A ^ -> ZN v  | INV_X1    | 0.028 |   1.718 |    2.754 | 
     | U4937                | B2 v -> ZN ^ | OAI21_X1  | 0.036 |   1.754 |    2.790 | 
     | U4938                | B ^ -> ZN v  | OAI211_X1 | 0.030 |   1.783 |    2.819 | 
     | U4941                | B2 v -> ZN ^ | OAI221_X1 | 0.115 |   1.899 |    2.935 | 
     | U4942                | A ^ -> ZN v  | INV_X1    | 0.027 |   1.926 |    2.962 | 
     | U4948                | B1 v -> ZN ^ | OAI21_X1  | 0.035 |   1.961 |    2.997 | 
     | U4949                | B2 ^ -> ZN v | AOI22_X1  | 0.024 |   1.985 |    3.021 | 
     | U4953                | B1 v -> ZN ^ | AOI21_X1  | 0.075 |   2.061 |    3.097 | 
     | U4955                | B1 ^ -> ZN v | AOI21_X1  | 0.022 |   2.082 |    3.118 | 
     | U4959                | B1 v -> ZN ^ | OAI22_X1  | 0.050 |   2.132 |    3.168 | 
     | U4961                | B1 ^ -> ZN v | OAI221_X1 | 0.058 |   2.190 |    3.226 | 
     | U4962                | A v -> ZN ^  | INV_X1    | 0.043 |   2.233 |    3.269 | 
     | U4963                | B1 ^ -> ZN v | OAI22_X1  | 0.023 |   2.255 |    3.291 | 
     | U4970                | C2 v -> ZN ^ | OAI211_X1 | 0.046 |   2.301 |    3.337 | 
     | U5517                | C1 ^ -> ZN v | AOI221_X1 | 0.023 |   2.324 |    3.360 | 
     | U5518                | A2 v -> ZN ^ | NOR2_X1   | 0.049 |   2.373 |    3.409 | 
     | U5529                | A ^ -> ZN v  | INV_X1    | 0.011 |   2.384 |    3.420 | 
     | U5530                | C1 v -> ZN ^ | AOI211_X1 | 0.039 |   2.423 |    3.459 | 
     | U5531                | A ^ -> ZN v  | AOI211_X1 | 0.021 |   2.445 |    3.481 | 
     | U5532                | B v -> ZN ^  | AOI211_X1 | 0.127 |   2.571 |    3.607 | 
     | U5600                | A1 ^ -> ZN v | NAND3_X1  | 0.055 |   2.627 |    3.663 | 
     | U5937                | A1 v -> ZN ^ | NOR3_X1   | 0.075 |   2.702 |    3.738 | 
     | U6692                | A1 ^ -> ZN v | NAND2_X1  | 0.019 |   2.721 |    3.757 | 
     | U6693                | C2 v -> ZN ^ | OAI221_X1 | 0.050 |   2.771 |    3.807 | 
     | U6694                | A2 ^ -> ZN v | NAND2_X1  | 0.030 |   2.801 |    3.837 | 
     | U6830                | B2 v -> ZN ^ | AOI22_X1  | 0.049 |   2.850 |    3.886 | 
     | U6832                | B1 ^ -> ZN v | AOI21_X1  | 0.033 |   2.883 |    3.919 | 
     | U6986                | B1 v -> ZN ^ | AOI221_X1 | 0.075 |   2.958 |    3.994 | 
     | U6987                | B1 ^ -> ZN v | AOI21_X1  | 0.031 |   2.989 |    4.025 | 
     | U7033                | A1 v -> ZN ^ | NOR2_X1   | 0.043 |   3.033 |    4.069 | 
     | U7052                | A ^ -> ZN v  | INV_X1    | 0.010 |   3.043 |    4.079 | 
     | U7053                | B2 v -> ZN ^ | AOI22_X1  | 0.045 |   3.087 |    4.123 | 
     | U7055                | B1 ^ -> ZN v | AOI22_X1  | 0.025 |   3.112 |    4.148 | 
     | U7056                | A v -> ZN ^  | OAI21_X1  | 0.023 |   3.135 |    4.171 | 
     | U7057                | A ^ -> ZN v  | OAI21_X1  | 0.026 |   3.160 |    4.196 | 
     | U3284                | A2 v -> ZN ^ | NOR2_X1   | 0.056 |   3.217 |    4.253 | 
     | U3294                | A ^ -> ZN v  | INV_X1    | 0.010 |   3.227 |    4.263 | 
     | U3296                | B2 v -> ZN ^ | OAI21_X1  | 0.030 |   3.257 |    4.293 | 
     | p_reg_Y_temp_reg_60_ | D ^          | DFF_X1    | 0.000 |   3.257 |    4.293 | 
     +------------------------------------------------------------------------------+ 
Path 5: MET Setup Check with Pin p_reg_Y_temp_reg_59_/CK 
Endpoint:   p_reg_Y_temp_reg_59_/D (v) checked with  leading edge of 'CLK'
Beginpoint: B_reg_Y_temp_reg_1_/QN (v) triggered by  leading edge of 'CLK'
Path Groups: {CLK}
Analysis View: default
Other End Arrival Time          0.050
- Setup                         0.030
+ Phase Shift                   4.322
- Uncertainty                   0.050
= Required Time                 4.291
- Arrival Time                  3.193
= Slack Time                    1.098
     Clock Rise Edge                 0.000
     + Clock Network Latency (Ideal) 0.050
     = Beginpoint Arrival Time       0.050
     +------------------------------------------------------------------------------+ 
     |       Instance       |     Arc      |   Cell    | Delay | Arrival | Required | 
     |                      |              |           |       |  Time   |   Time   | 
     |----------------------+--------------+-----------+-------+---------+----------| 
     | B_reg_Y_temp_reg_1_  | CK ^         |           |       |   0.050 |    1.148 | 
     | B_reg_Y_temp_reg_1_  | CK ^ -> QN v | DFF_X1    | 0.133 |   0.183 |    1.281 | 
     | U3665                | A1 v -> ZN ^ | NOR2_X1   | 0.049 |   0.231 |    1.330 | 
     | U3666                | A2 ^ -> ZN v | NOR2_X1   | 0.033 |   0.265 |    1.363 | 
     | FE_OFC11_n4300       | A v -> Z v   | CLKBUF_X1 | 0.147 |   0.412 |    1.510 | 
     | FE_DBTC2_n4300       | A v -> ZN ^  | INV_X2    | 0.136 |   0.548 |    1.646 | 
     | U3668                | A2 ^ -> ZN v | AOI22_X1  | 0.030 |   0.578 |    1.676 | 
     | FE_OFC65_n4338       | A v -> Z v   | CLKBUF_X1 | 0.105 |   0.683 |    1.781 | 
     | U3640                | A v -> ZN ^  | INV_X1    | 0.088 |   0.770 |    1.869 | 
     | U3701                | B1 ^ -> ZN v | AOI22_X1  | 0.030 |   0.801 |    1.899 | 
     | FE_OFC77_n3791       | A v -> Z v   | CLKBUF_X2 | 0.143 |   0.944 |    2.042 | 
     | U3702                | A v -> ZN ^  | INV_X1    | 0.143 |   1.087 |    2.185 | 
     | U3796                | B1 ^ -> ZN v | AOI22_X1  | 0.037 |   1.123 |    2.222 | 
     | FE_OFC79_n4474       | A v -> Z v   | CLKBUF_X1 | 0.084 |   1.208 |    2.306 | 
     | U3801                | A v -> ZN v  | XNOR2_X1  | 0.058 |   1.266 |    2.364 | 
     | U3802                | B v -> ZN v  | XNOR2_X1  | 0.048 |   1.314 |    2.412 | 
     | U3804                | A v -> ZN v  | XNOR2_X1  | 0.041 |   1.355 |    2.454 | 
     | U3805                | B v -> ZN v  | XNOR2_X1  | 0.061 |   1.416 |    2.515 | 
     | U3912                | B1 v -> ZN ^ | AOI222_X1 | 0.105 |   1.522 |    2.620 | 
     | U3913                | A2 ^ -> ZN v | NOR2_X1   | 0.026 |   1.547 |    2.646 | 
     | U4911                | A2 v -> ZN ^ | NOR4_X1   | 0.070 |   1.617 |    2.715 | 
     | U4913                | A1 ^ -> ZN v | NOR2_X1   | 0.012 |   1.628 |    2.727 | 
     | U4920                | B1 v -> ZN ^ | AOI21_X1  | 0.061 |   1.690 |    2.788 | 
     | U4921                | A ^ -> ZN v  | INV_X1    | 0.028 |   1.718 |    2.816 | 
     | U4937                | B2 v -> ZN ^ | OAI21_X1  | 0.036 |   1.754 |    2.852 | 
     | U4938                | B ^ -> ZN v  | OAI211_X1 | 0.030 |   1.783 |    2.882 | 
     | U4941                | B2 v -> ZN ^ | OAI221_X1 | 0.115 |   1.899 |    2.997 | 
     | U4942                | A ^ -> ZN v  | INV_X1    | 0.027 |   1.926 |    3.024 | 
     | U4948                | B1 v -> ZN ^ | OAI21_X1  | 0.035 |   1.961 |    3.059 | 
     | U4949                | B2 ^ -> ZN v | AOI22_X1  | 0.024 |   1.985 |    3.084 | 
     | U4953                | B1 v -> ZN ^ | AOI21_X1  | 0.075 |   2.061 |    3.159 | 
     | U4955                | B1 ^ -> ZN v | AOI21_X1  | 0.022 |   2.082 |    3.181 | 
     | U4959                | B1 v -> ZN ^ | OAI22_X1  | 0.050 |   2.132 |    3.231 | 
     | U4961                | B1 ^ -> ZN v | OAI221_X1 | 0.058 |   2.190 |    3.288 | 
     | U4962                | A v -> ZN ^  | INV_X1    | 0.043 |   2.233 |    3.331 | 
     | U4963                | B1 ^ -> ZN v | OAI22_X1  | 0.023 |   2.255 |    3.354 | 
     | U4970                | C2 v -> ZN ^ | OAI211_X1 | 0.046 |   2.301 |    3.400 | 
     | U5517                | C1 ^ -> ZN v | AOI221_X1 | 0.023 |   2.324 |    3.422 | 
     | U5518                | A2 v -> ZN ^ | NOR2_X1   | 0.049 |   2.373 |    3.472 | 
     | U5529                | A ^ -> ZN v  | INV_X1    | 0.011 |   2.384 |    3.483 | 
     | U5530                | C1 v -> ZN ^ | AOI211_X1 | 0.039 |   2.423 |    3.522 | 
     | U5531                | A ^ -> ZN v  | AOI211_X1 | 0.021 |   2.445 |    3.543 | 
     | U5532                | B v -> ZN ^  | AOI211_X1 | 0.127 |   2.571 |    3.670 | 
     | U5600                | A1 ^ -> ZN v | NAND3_X1  | 0.055 |   2.627 |    3.725 | 
     | U5937                | A1 v -> ZN ^ | NOR3_X1   | 0.075 |   2.702 |    3.800 | 
     | U6692                | A1 ^ -> ZN v | NAND2_X1  | 0.019 |   2.721 |    3.819 | 
     | U6693                | C2 v -> ZN ^ | OAI221_X1 | 0.050 |   2.771 |    3.869 | 
     | U6694                | A2 ^ -> ZN v | NAND2_X1  | 0.030 |   2.801 |    3.900 | 
     | U6830                | B2 v -> ZN ^ | AOI22_X1  | 0.049 |   2.850 |    3.949 | 
     | U6832                | B1 ^ -> ZN v | AOI21_X1  | 0.033 |   2.883 |    3.982 | 
     | U6986                | B1 v -> ZN ^ | AOI221_X1 | 0.075 |   2.958 |    4.056 | 
     | U6987                | B1 ^ -> ZN v | AOI21_X1  | 0.031 |   2.989 |    4.088 | 
     | U7033                | A1 v -> ZN ^ | NOR2_X1   | 0.043 |   3.033 |    4.131 | 
     | U7043                | A1 ^ -> ZN v | NAND2_X1  | 0.024 |   3.056 |    4.155 | 
     | U7049                | A2 v -> ZN v | OR2_X1    | 0.051 |   3.108 |    4.206 | 
     | U7050                | A2 v -> ZN ^ | NAND2_X1  | 0.019 |   3.127 |    4.225 | 
     | U7051                | B ^ -> ZN ^  | XNOR2_X1  | 0.043 |   3.170 |    4.268 | 
     | U3300                | A2 ^ -> ZN v | OAI22_X1  | 0.023 |   3.193 |    4.291 | 
     | p_reg_Y_temp_reg_59_ | D v          | DFF_X1    | 0.000 |   3.193 |    4.291 | 
     +------------------------------------------------------------------------------+ 
Path 6: MET Setup Check with Pin p_reg_Y_temp_reg_57_/CK 
Endpoint:   p_reg_Y_temp_reg_57_/D (^) checked with  leading edge of 'CLK'
Beginpoint: B_reg_Y_temp_reg_1_/QN (v) triggered by  leading edge of 'CLK'
Path Groups: {CLK}
Analysis View: default
Other End Arrival Time          0.050
- Setup                         0.034
+ Phase Shift                   4.322
- Uncertainty                   0.050
= Required Time                 4.288
- Arrival Time                  3.142
= Slack Time                    1.145
     Clock Rise Edge                 0.000
     + Clock Network Latency (Ideal) 0.050
     = Beginpoint Arrival Time       0.050
     +------------------------------------------------------------------------------+ 
     |       Instance       |     Arc      |   Cell    | Delay | Arrival | Required | 
     |                      |              |           |       |  Time   |   Time   | 
     |----------------------+--------------+-----------+-------+---------+----------| 
     | B_reg_Y_temp_reg_1_  | CK ^         |           |       |   0.050 |    1.195 | 
     | B_reg_Y_temp_reg_1_  | CK ^ -> QN v | DFF_X1    | 0.133 |   0.183 |    1.328 | 
     | U3665                | A1 v -> ZN ^ | NOR2_X1   | 0.049 |   0.232 |    1.377 | 
     | U3666                | A2 ^ -> ZN v | NOR2_X1   | 0.033 |   0.265 |    1.410 | 
     | FE_OFC11_n4300       | A v -> Z v   | CLKBUF_X1 | 0.147 |   0.412 |    1.558 | 
     | FE_DBTC2_n4300       | A v -> ZN ^  | INV_X2    | 0.136 |   0.548 |    1.693 | 
     | U3668                | A2 ^ -> ZN v | AOI22_X1  | 0.030 |   0.578 |    1.723 | 
     | FE_OFC65_n4338       | A v -> Z v   | CLKBUF_X1 | 0.105 |   0.683 |    1.828 | 
     | U3640                | A v -> ZN ^  | INV_X1    | 0.088 |   0.770 |    1.916 | 
     | U3701                | B1 ^ -> ZN v | AOI22_X1  | 0.030 |   0.801 |    1.946 | 
     | FE_OFC77_n3791       | A v -> Z v   | CLKBUF_X2 | 0.143 |   0.944 |    2.089 | 
     | U3702                | A v -> ZN ^  | INV_X1    | 0.143 |   1.087 |    2.232 | 
     | U3796                | B1 ^ -> ZN v | AOI22_X1  | 0.037 |   1.123 |    2.269 | 
     | FE_OFC79_n4474       | A v -> Z v   | CLKBUF_X1 | 0.084 |   1.208 |    2.353 | 
     | U3801                | A v -> ZN v  | XNOR2_X1  | 0.058 |   1.266 |    2.411 | 
     | U3802                | B v -> ZN v  | XNOR2_X1  | 0.048 |   1.314 |    2.460 | 
     | U3804                | A v -> ZN v  | XNOR2_X1  | 0.041 |   1.355 |    2.501 | 
     | U3805                | B v -> ZN v  | XNOR2_X1  | 0.061 |   1.417 |    2.562 | 
     | U3912                | B1 v -> ZN ^ | AOI222_X1 | 0.105 |   1.522 |    2.667 | 
     | U3913                | A2 ^ -> ZN v | NOR2_X1   | 0.026 |   1.547 |    2.693 | 
     | U4911                | A2 v -> ZN ^ | NOR4_X1   | 0.070 |   1.617 |    2.762 | 
     | U4913                | A1 ^ -> ZN v | NOR2_X1   | 0.012 |   1.629 |    2.774 | 
     | U4920                | B1 v -> ZN ^ | AOI21_X1  | 0.061 |   1.690 |    2.835 | 
     | U4921                | A ^ -> ZN v  | INV_X1    | 0.028 |   1.718 |    2.863 | 
     | U4937                | B2 v -> ZN ^ | OAI21_X1  | 0.036 |   1.754 |    2.899 | 
     | U4938                | B ^ -> ZN v  | OAI211_X1 | 0.030 |   1.783 |    2.929 | 
     | U4941                | B2 v -> ZN ^ | OAI221_X1 | 0.115 |   1.899 |    3.044 | 
     | U4942                | A ^ -> ZN v  | INV_X1    | 0.027 |   1.926 |    3.071 | 
     | U4948                | B1 v -> ZN ^ | OAI21_X1  | 0.035 |   1.961 |    3.106 | 
     | U4949                | B2 ^ -> ZN v | AOI22_X1  | 0.024 |   1.985 |    3.131 | 
     | U4953                | B1 v -> ZN ^ | AOI21_X1  | 0.075 |   2.061 |    3.206 | 
     | U4955                | B1 ^ -> ZN v | AOI21_X1  | 0.022 |   2.083 |    3.228 | 
     | U4959                | B1 v -> ZN ^ | OAI22_X1  | 0.050 |   2.132 |    3.278 | 
     | U4961                | B1 ^ -> ZN v | OAI221_X1 | 0.058 |   2.190 |    3.335 | 
     | U4962                | A v -> ZN ^  | INV_X1    | 0.043 |   2.233 |    3.378 | 
     | U4963                | B1 ^ -> ZN v | OAI22_X1  | 0.023 |   2.256 |    3.401 | 
     | U4970                | C2 v -> ZN ^ | OAI211_X1 | 0.046 |   2.301 |    3.447 | 
     | U5517                | C1 ^ -> ZN v | AOI221_X1 | 0.023 |   2.324 |    3.469 | 
     | U5518                | A2 v -> ZN ^ | NOR2_X1   | 0.049 |   2.373 |    3.519 | 
     | U5529                | A ^ -> ZN v  | INV_X1    | 0.011 |   2.384 |    3.530 | 
     | U5530                | C1 v -> ZN ^ | AOI211_X1 | 0.039 |   2.423 |    3.569 | 
     | U5531                | A ^ -> ZN v  | AOI211_X1 | 0.021 |   2.445 |    3.590 | 
     | U5532                | B v -> ZN ^  | AOI211_X1 | 0.127 |   2.571 |    3.717 | 
     | U5600                | A1 ^ -> ZN v | NAND3_X1  | 0.055 |   2.627 |    3.772 | 
     | U5937                | A1 v -> ZN ^ | NOR3_X1   | 0.075 |   2.702 |    3.847 | 
     | U6692                | A1 ^ -> ZN v | NAND2_X1  | 0.019 |   2.721 |    3.866 | 
     | U6693                | C2 v -> ZN ^ | OAI221_X1 | 0.050 |   2.771 |    3.916 | 
     | U6694                | A2 ^ -> ZN v | NAND2_X1  | 0.030 |   2.801 |    3.947 | 
     | U6830                | B2 v -> ZN ^ | AOI22_X1  | 0.049 |   2.850 |    3.996 | 
     | U6832                | B1 ^ -> ZN v | AOI21_X1  | 0.033 |   2.883 |    4.029 | 
     | U6986                | B1 v -> ZN ^ | AOI221_X1 | 0.075 |   2.958 |    4.103 | 
     | U6987                | B1 ^ -> ZN v | AOI21_X1  | 0.031 |   2.989 |    4.135 | 
     | U7033                | A1 v -> ZN ^ | NOR2_X1   | 0.043 |   3.033 |    4.178 | 
     | U7034                | A ^ -> ZN v  | AOI21_X1  | 0.020 |   3.053 |    4.198 | 
     | U7035                | B v -> Z v   | XOR2_X1   | 0.059 |   3.112 |    4.257 | 
     | U3306                | A2 v -> ZN ^ | OAI22_X1  | 0.031 |   3.142 |    4.288 | 
     | p_reg_Y_temp_reg_57_ | D ^          | DFF_X1    | 0.000 |   3.142 |    4.288 | 
     +------------------------------------------------------------------------------+ 
Path 7: MET Setup Check with Pin p_reg_Y_temp_reg_58_/CK 
Endpoint:   p_reg_Y_temp_reg_58_/D (^) checked with  leading edge of 'CLK'
Beginpoint: B_reg_Y_temp_reg_1_/QN (v) triggered by  leading edge of 'CLK'
Path Groups: {CLK}
Analysis View: default
Other End Arrival Time          0.050
- Setup                         0.034
+ Phase Shift                   4.322
- Uncertainty                   0.050
= Required Time                 4.288
- Arrival Time                  3.130
= Slack Time                    1.157
     Clock Rise Edge                 0.000
     + Clock Network Latency (Ideal) 0.050
     = Beginpoint Arrival Time       0.050
     +------------------------------------------------------------------------------+ 
     |       Instance       |     Arc      |   Cell    | Delay | Arrival | Required | 
     |                      |              |           |       |  Time   |   Time   | 
     |----------------------+--------------+-----------+-------+---------+----------| 
     | B_reg_Y_temp_reg_1_  | CK ^         |           |       |   0.050 |    1.207 | 
     | B_reg_Y_temp_reg_1_  | CK ^ -> QN v | DFF_X1    | 0.133 |   0.183 |    1.340 | 
     | U3665                | A1 v -> ZN ^ | NOR2_X1   | 0.049 |   0.231 |    1.389 | 
     | U3666                | A2 ^ -> ZN v | NOR2_X1   | 0.033 |   0.265 |    1.422 | 
     | FE_OFC11_n4300       | A v -> Z v   | CLKBUF_X1 | 0.147 |   0.412 |    1.569 | 
     | FE_DBTC2_n4300       | A v -> ZN ^  | INV_X2    | 0.136 |   0.548 |    1.705 | 
     | U3668                | A2 ^ -> ZN v | AOI22_X1  | 0.030 |   0.578 |    1.735 | 
     | FE_OFC65_n4338       | A v -> Z v   | CLKBUF_X1 | 0.105 |   0.683 |    1.840 | 
     | U3640                | A v -> ZN ^  | INV_X1    | 0.088 |   0.770 |    1.928 | 
     | U3701                | B1 ^ -> ZN v | AOI22_X1  | 0.030 |   0.801 |    1.958 | 
     | FE_OFC77_n3791       | A v -> Z v   | CLKBUF_X2 | 0.143 |   0.944 |    2.101 | 
     | U3702                | A v -> ZN ^  | INV_X1    | 0.143 |   1.087 |    2.244 | 
     | U3796                | B1 ^ -> ZN v | AOI22_X1  | 0.037 |   1.123 |    2.281 | 
     | FE_OFC79_n4474       | A v -> Z v   | CLKBUF_X1 | 0.084 |   1.208 |    2.365 | 
     | U3801                | A v -> ZN v  | XNOR2_X1  | 0.058 |   1.266 |    2.423 | 
     | U3802                | B v -> ZN v  | XNOR2_X1  | 0.048 |   1.314 |    2.471 | 
     | U3804                | A v -> ZN v  | XNOR2_X1  | 0.041 |   1.355 |    2.513 | 
     | U3805                | B v -> ZN v  | XNOR2_X1  | 0.061 |   1.416 |    2.574 | 
     | U3912                | B1 v -> ZN ^ | AOI222_X1 | 0.105 |   1.522 |    2.679 | 
     | U3913                | A2 ^ -> ZN v | NOR2_X1   | 0.026 |   1.547 |    2.705 | 
     | U4911                | A2 v -> ZN ^ | NOR4_X1   | 0.070 |   1.617 |    2.774 | 
     | U4913                | A1 ^ -> ZN v | NOR2_X1   | 0.012 |   1.628 |    2.786 | 
     | U4920                | B1 v -> ZN ^ | AOI21_X1  | 0.061 |   1.690 |    2.847 | 
     | U4921                | A ^ -> ZN v  | INV_X1    | 0.028 |   1.718 |    2.875 | 
     | U4937                | B2 v -> ZN ^ | OAI21_X1  | 0.036 |   1.754 |    2.911 | 
     | U4938                | B ^ -> ZN v  | OAI211_X1 | 0.030 |   1.783 |    2.941 | 
     | U4941                | B2 v -> ZN ^ | OAI221_X1 | 0.115 |   1.899 |    3.056 | 
     | U4942                | A ^ -> ZN v  | INV_X1    | 0.027 |   1.926 |    3.083 | 
     | U4948                | B1 v -> ZN ^ | OAI21_X1  | 0.035 |   1.961 |    3.118 | 
     | U4949                | B2 ^ -> ZN v | AOI22_X1  | 0.024 |   1.985 |    3.143 | 
     | U4953                | B1 v -> ZN ^ | AOI21_X1  | 0.075 |   2.061 |    3.218 | 
     | U4955                | B1 ^ -> ZN v | AOI21_X1  | 0.022 |   2.082 |    3.240 | 
     | U4959                | B1 v -> ZN ^ | OAI22_X1  | 0.050 |   2.132 |    3.290 | 
     | U4961                | B1 ^ -> ZN v | OAI221_X1 | 0.058 |   2.190 |    3.347 | 
     | U4962                | A v -> ZN ^  | INV_X1    | 0.043 |   2.233 |    3.390 | 
     | U4963                | B1 ^ -> ZN v | OAI22_X1  | 0.023 |   2.255 |    3.413 | 
     | U4970                | C2 v -> ZN ^ | OAI211_X1 | 0.046 |   2.301 |    3.459 | 
     | U5517                | C1 ^ -> ZN v | AOI221_X1 | 0.023 |   2.324 |    3.481 | 
     | U5518                | A2 v -> ZN ^ | NOR2_X1   | 0.049 |   2.373 |    3.531 | 
     | U5529                | A ^ -> ZN v  | INV_X1    | 0.011 |   2.384 |    3.542 | 
     | U5530                | C1 v -> ZN ^ | AOI211_X1 | 0.039 |   2.423 |    3.581 | 
     | U5531                | A ^ -> ZN v  | AOI211_X1 | 0.021 |   2.445 |    3.602 | 
     | U5532                | B v -> ZN ^  | AOI211_X1 | 0.127 |   2.571 |    3.729 | 
     | U5600                | A1 ^ -> ZN v | NAND3_X1  | 0.055 |   2.627 |    3.784 | 
     | U5937                | A1 v -> ZN ^ | NOR3_X1   | 0.075 |   2.702 |    3.859 | 
     | U6692                | A1 ^ -> ZN v | NAND2_X1  | 0.019 |   2.721 |    3.878 | 
     | U6693                | C2 v -> ZN ^ | OAI221_X1 | 0.050 |   2.771 |    3.928 | 
     | U6694                | A2 ^ -> ZN v | NAND2_X1  | 0.030 |   2.801 |    3.959 | 
     | U6830                | B2 v -> ZN ^ | AOI22_X1  | 0.049 |   2.850 |    4.008 | 
     | U6832                | B1 ^ -> ZN v | AOI21_X1  | 0.033 |   2.883 |    4.041 | 
     | U6986                | B1 v -> ZN ^ | AOI221_X1 | 0.075 |   2.958 |    4.115 | 
     | U6987                | B1 ^ -> ZN v | AOI21_X1  | 0.031 |   2.989 |    4.147 | 
     | U7033                | A1 v -> ZN ^ | NOR2_X1   | 0.043 |   3.033 |    4.190 | 
     | U7043                | A1 ^ -> ZN v | NAND2_X1  | 0.024 |   3.056 |    4.214 | 
     | U7044                | B v -> ZN v  | XNOR2_X1  | 0.043 |   3.099 |    4.257 | 
     | U3303                | A2 v -> ZN ^ | OAI22_X1  | 0.031 |   3.130 |    4.288 | 
     | p_reg_Y_temp_reg_58_ | D ^          | DFF_X1    | 0.000 |   3.130 |    4.288 | 
     +------------------------------------------------------------------------------+ 
Path 8: MET Setup Check with Pin p_reg_Y_temp_reg_56_/CK 
Endpoint:   p_reg_Y_temp_reg_56_/D (^) checked with  leading edge of 'CLK'
Beginpoint: B_reg_Y_temp_reg_1_/QN (v) triggered by  leading edge of 'CLK'
Path Groups: {CLK}
Analysis View: default
Other End Arrival Time          0.050
- Setup                         0.034
+ Phase Shift                   4.322
- Uncertainty                   0.050
= Required Time                 4.288
- Arrival Time                  3.063
= Slack Time                    1.224
     Clock Rise Edge                 0.000
     + Clock Network Latency (Ideal) 0.050
     = Beginpoint Arrival Time       0.050
     +------------------------------------------------------------------------------+ 
     |       Instance       |     Arc      |   Cell    | Delay | Arrival | Required | 
     |                      |              |           |       |  Time   |   Time   | 
     |----------------------+--------------+-----------+-------+---------+----------| 
     | B_reg_Y_temp_reg_1_  | CK ^         |           |       |   0.050 |    1.274 | 
     | B_reg_Y_temp_reg_1_  | CK ^ -> QN v | DFF_X1    | 0.133 |   0.183 |    1.407 | 
     | U3665                | A1 v -> ZN ^ | NOR2_X1   | 0.049 |   0.231 |    1.456 | 
     | U3666                | A2 ^ -> ZN v | NOR2_X1   | 0.033 |   0.265 |    1.489 | 
     | FE_OFC11_n4300       | A v -> Z v   | CLKBUF_X1 | 0.147 |   0.412 |    1.636 | 
     | FE_DBTC2_n4300       | A v -> ZN ^  | INV_X2    | 0.136 |   0.548 |    1.772 | 
     | U3668                | A2 ^ -> ZN v | AOI22_X1  | 0.030 |   0.578 |    1.802 | 
     | FE_OFC65_n4338       | A v -> Z v   | CLKBUF_X1 | 0.105 |   0.683 |    1.907 | 
     | U3640                | A v -> ZN ^  | INV_X1    | 0.088 |   0.770 |    1.995 | 
     | U3701                | B1 ^ -> ZN v | AOI22_X1  | 0.030 |   0.801 |    2.025 | 
     | FE_OFC77_n3791       | A v -> Z v   | CLKBUF_X2 | 0.143 |   0.944 |    2.168 | 
     | U3702                | A v -> ZN ^  | INV_X1    | 0.143 |   1.087 |    2.311 | 
     | U3796                | B1 ^ -> ZN v | AOI22_X1  | 0.037 |   1.123 |    2.347 | 
     | FE_OFC79_n4474       | A v -> Z v   | CLKBUF_X1 | 0.084 |   1.208 |    2.432 | 
     | U3801                | A v -> ZN v  | XNOR2_X1  | 0.058 |   1.266 |    2.490 | 
     | U3802                | B v -> ZN v  | XNOR2_X1  | 0.048 |   1.314 |    2.538 | 
     | U3804                | A v -> ZN v  | XNOR2_X1  | 0.041 |   1.355 |    2.580 | 
     | U3805                | B v -> ZN v  | XNOR2_X1  | 0.061 |   1.416 |    2.641 | 
     | U3912                | B1 v -> ZN ^ | AOI222_X1 | 0.105 |   1.522 |    2.746 | 
     | U3913                | A2 ^ -> ZN v | NOR2_X1   | 0.026 |   1.547 |    2.771 | 
     | U4911                | A2 v -> ZN ^ | NOR4_X1   | 0.070 |   1.617 |    2.841 | 
     | U4913                | A1 ^ -> ZN v | NOR2_X1   | 0.012 |   1.628 |    2.853 | 
     | U4920                | B1 v -> ZN ^ | AOI21_X1  | 0.061 |   1.690 |    2.914 | 
     | U4921                | A ^ -> ZN v  | INV_X1    | 0.028 |   1.718 |    2.942 | 
     | U4937                | B2 v -> ZN ^ | OAI21_X1  | 0.036 |   1.754 |    2.978 | 
     | U4938                | B ^ -> ZN v  | OAI211_X1 | 0.030 |   1.783 |    3.007 | 
     | U4941                | B2 v -> ZN ^ | OAI221_X1 | 0.115 |   1.899 |    3.123 | 
     | U4942                | A ^ -> ZN v  | INV_X1    | 0.027 |   1.926 |    3.150 | 
     | U4948                | B1 v -> ZN ^ | OAI21_X1  | 0.035 |   1.961 |    3.185 | 
     | U4949                | B2 ^ -> ZN v | AOI22_X1  | 0.024 |   1.985 |    3.209 | 
     | U4953                | B1 v -> ZN ^ | AOI21_X1  | 0.075 |   2.061 |    3.285 | 
     | U4955                | B1 ^ -> ZN v | AOI21_X1  | 0.022 |   2.082 |    3.307 | 
     | U4959                | B1 v -> ZN ^ | OAI22_X1  | 0.050 |   2.132 |    3.356 | 
     | U4961                | B1 ^ -> ZN v | OAI221_X1 | 0.058 |   2.190 |    3.414 | 
     | U4962                | A v -> ZN ^  | INV_X1    | 0.043 |   2.233 |    3.457 | 
     | U4963                | B1 ^ -> ZN v | OAI22_X1  | 0.023 |   2.255 |    3.480 | 
     | U4970                | C2 v -> ZN ^ | OAI211_X1 | 0.046 |   2.301 |    3.525 | 
     | U5517                | C1 ^ -> ZN v | AOI221_X1 | 0.023 |   2.324 |    3.548 | 
     | U5518                | A2 v -> ZN ^ | NOR2_X1   | 0.049 |   2.373 |    3.597 | 
     | U5529                | A ^ -> ZN v  | INV_X1    | 0.011 |   2.384 |    3.608 | 
     | U5530                | C1 v -> ZN ^ | AOI211_X1 | 0.039 |   2.423 |    3.647 | 
     | U5531                | A ^ -> ZN v  | AOI211_X1 | 0.021 |   2.445 |    3.669 | 
     | U5532                | B v -> ZN ^  | AOI211_X1 | 0.127 |   2.571 |    3.795 | 
     | U5600                | A1 ^ -> ZN v | NAND3_X1  | 0.055 |   2.627 |    3.851 | 
     | U5937                | A1 v -> ZN ^ | NOR3_X1   | 0.075 |   2.702 |    3.926 | 
     | U6692                | A1 ^ -> ZN v | NAND2_X1  | 0.019 |   2.721 |    3.945 | 
     | U6693                | C2 v -> ZN ^ | OAI221_X1 | 0.050 |   2.771 |    3.995 | 
     | U6694                | A2 ^ -> ZN v | NAND2_X1  | 0.030 |   2.801 |    4.026 | 
     | U6830                | B2 v -> ZN ^ | AOI22_X1  | 0.049 |   2.850 |    4.074 | 
     | U6832                | B1 ^ -> ZN v | AOI21_X1  | 0.033 |   2.883 |    4.107 | 
     | U6986                | B1 v -> ZN ^ | AOI221_X1 | 0.075 |   2.958 |    4.182 | 
     | U6987                | B1 ^ -> ZN v | AOI21_X1  | 0.031 |   2.989 |    4.213 | 
     | U7015                | A v -> ZN v  | XNOR2_X1  | 0.043 |   3.032 |    4.256 | 
     | U3309                | A2 v -> ZN ^ | OAI22_X1  | 0.032 |   3.063 |    4.288 | 
     | p_reg_Y_temp_reg_56_ | D ^          | DFF_X1    | 0.000 |   3.063 |    4.288 | 
     +------------------------------------------------------------------------------+ 
Path 9: MET Setup Check with Pin p_reg_Y_temp_reg_55_/CK 
Endpoint:   p_reg_Y_temp_reg_55_/D (v) checked with  leading edge of 'CLK'
Beginpoint: B_reg_Y_temp_reg_1_/QN (v) triggered by  leading edge of 'CLK'
Path Groups: {CLK}
Analysis View: default
Other End Arrival Time          0.050
- Setup                         0.030
+ Phase Shift                   4.322
- Uncertainty                   0.050
= Required Time                 4.291
- Arrival Time                  3.059
= Slack Time                    1.232
     Clock Rise Edge                 0.000
     + Clock Network Latency (Ideal) 0.050
     = Beginpoint Arrival Time       0.050
     +------------------------------------------------------------------------------+ 
     |       Instance       |     Arc      |   Cell    | Delay | Arrival | Required | 
     |                      |              |           |       |  Time   |   Time   | 
     |----------------------+--------------+-----------+-------+---------+----------| 
     | B_reg_Y_temp_reg_1_  | CK ^         |           |       |   0.050 |    1.282 | 
     | B_reg_Y_temp_reg_1_  | CK ^ -> QN v | DFF_X1    | 0.133 |   0.183 |    1.415 | 
     | U3665                | A1 v -> ZN ^ | NOR2_X1   | 0.049 |   0.231 |    1.464 | 
     | U3666                | A2 ^ -> ZN v | NOR2_X1   | 0.033 |   0.265 |    1.497 | 
     | FE_OFC11_n4300       | A v -> Z v   | CLKBUF_X1 | 0.147 |   0.412 |    1.645 | 
     | FE_DBTC2_n4300       | A v -> ZN ^  | INV_X2    | 0.136 |   0.548 |    1.780 | 
     | U3668                | A2 ^ -> ZN v | AOI22_X1  | 0.030 |   0.578 |    1.810 | 
     | FE_OFC65_n4338       | A v -> Z v   | CLKBUF_X1 | 0.105 |   0.683 |    1.915 | 
     | U3640                | A v -> ZN ^  | INV_X1    | 0.088 |   0.770 |    2.003 | 
     | U3701                | B1 ^ -> ZN v | AOI22_X1  | 0.030 |   0.801 |    2.033 | 
     | FE_OFC77_n3791       | A v -> Z v   | CLKBUF_X2 | 0.143 |   0.944 |    2.176 | 
     | U3702                | A v -> ZN ^  | INV_X1    | 0.143 |   1.087 |    2.319 | 
     | U3796                | B1 ^ -> ZN v | AOI22_X1  | 0.037 |   1.123 |    2.356 | 
     | FE_OFC79_n4474       | A v -> Z v   | CLKBUF_X1 | 0.084 |   1.208 |    2.440 | 
     | U3801                | A v -> ZN v  | XNOR2_X1  | 0.058 |   1.266 |    2.498 | 
     | U3802                | B v -> ZN v  | XNOR2_X1  | 0.048 |   1.314 |    2.547 | 
     | U3804                | A v -> ZN v  | XNOR2_X1  | 0.041 |   1.355 |    2.588 | 
     | U3805                | B v -> ZN v  | XNOR2_X1  | 0.061 |   1.416 |    2.649 | 
     | U3912                | B1 v -> ZN ^ | AOI222_X1 | 0.105 |   1.522 |    2.754 | 
     | U3913                | A2 ^ -> ZN v | NOR2_X1   | 0.026 |   1.547 |    2.780 | 
     | U4911                | A2 v -> ZN ^ | NOR4_X1   | 0.070 |   1.617 |    2.849 | 
     | U4913                | A1 ^ -> ZN v | NOR2_X1   | 0.012 |   1.628 |    2.861 | 
     | U4920                | B1 v -> ZN ^ | AOI21_X1  | 0.061 |   1.690 |    2.922 | 
     | U4921                | A ^ -> ZN v  | INV_X1    | 0.028 |   1.718 |    2.950 | 
     | U4937                | B2 v -> ZN ^ | OAI21_X1  | 0.036 |   1.754 |    2.986 | 
     | U4938                | B ^ -> ZN v  | OAI211_X1 | 0.030 |   1.783 |    3.016 | 
     | U4941                | B2 v -> ZN ^ | OAI221_X1 | 0.115 |   1.899 |    3.131 | 
     | U4942                | A ^ -> ZN v  | INV_X1    | 0.027 |   1.926 |    3.158 | 
     | U4948                | B1 v -> ZN ^ | OAI21_X1  | 0.035 |   1.961 |    3.193 | 
     | U4949                | B2 ^ -> ZN v | AOI22_X1  | 0.024 |   1.985 |    3.218 | 
     | U4953                | B1 v -> ZN ^ | AOI21_X1  | 0.075 |   2.061 |    3.293 | 
     | U4955                | B1 ^ -> ZN v | AOI21_X1  | 0.022 |   2.083 |    3.315 | 
     | U4959                | B1 v -> ZN ^ | OAI22_X1  | 0.050 |   2.132 |    3.365 | 
     | U4961                | B1 ^ -> ZN v | OAI221_X1 | 0.058 |   2.190 |    3.422 | 
     | U4962                | A v -> ZN ^  | INV_X1    | 0.043 |   2.233 |    3.465 | 
     | U4963                | B1 ^ -> ZN v | OAI22_X1  | 0.023 |   2.256 |    3.488 | 
     | U4970                | C2 v -> ZN ^ | OAI211_X1 | 0.046 |   2.301 |    3.534 | 
     | U5517                | C1 ^ -> ZN v | AOI221_X1 | 0.023 |   2.324 |    3.556 | 
     | U5518                | A2 v -> ZN ^ | NOR2_X1   | 0.049 |   2.373 |    3.606 | 
     | U5529                | A ^ -> ZN v  | INV_X1    | 0.011 |   2.384 |    3.617 | 
     | U5530                | C1 v -> ZN ^ | AOI211_X1 | 0.039 |   2.423 |    3.656 | 
     | U5531                | A ^ -> ZN v  | AOI211_X1 | 0.021 |   2.445 |    3.677 | 
     | U5532                | B v -> ZN ^  | AOI211_X1 | 0.127 |   2.571 |    3.804 | 
     | U5600                | A1 ^ -> ZN v | NAND3_X1  | 0.055 |   2.627 |    3.859 | 
     | U5937                | A1 v -> ZN ^ | NOR3_X1   | 0.075 |   2.702 |    3.934 | 
     | U6692                | A1 ^ -> ZN v | NAND2_X1  | 0.019 |   2.721 |    3.953 | 
     | U6693                | C2 v -> ZN ^ | OAI221_X1 | 0.050 |   2.771 |    4.003 | 
     | U6694                | A2 ^ -> ZN v | NAND2_X1  | 0.030 |   2.801 |    4.034 | 
     | U6830                | B2 v -> ZN ^ | AOI22_X1  | 0.049 |   2.850 |    4.083 | 
     | U6832                | B1 ^ -> ZN v | AOI21_X1  | 0.033 |   2.883 |    4.116 | 
     | U6952                | A3 v -> ZN ^ | NOR3_X1   | 0.064 |   2.947 |    4.180 | 
     | U6953                | A2 ^ -> ZN v | NAND2_X1  | 0.024 |   2.971 |    4.203 | 
     | U6984                | A v -> ZN ^  | OAI21_X1  | 0.024 |   2.995 |    4.228 | 
     | U6985                | B ^ -> ZN ^  | XNOR2_X1  | 0.042 |   3.038 |    4.270 | 
     | U3312                | A2 ^ -> ZN v | OAI22_X1  | 0.021 |   3.059 |    4.291 | 
     | p_reg_Y_temp_reg_55_ | D v          | DFF_X1    | 0.000 |   3.059 |    4.291 | 
     +------------------------------------------------------------------------------+ 
Path 10: MET Setup Check with Pin p_reg_Y_temp_reg_54_/CK 
Endpoint:   p_reg_Y_temp_reg_54_/D (v) checked with  leading edge of 'CLK'
Beginpoint: B_reg_Y_temp_reg_1_/QN (v) triggered by  leading edge of 'CLK'
Path Groups: {CLK}
Analysis View: default
Other End Arrival Time          0.050
- Setup                         0.030
+ Phase Shift                   4.322
- Uncertainty                   0.050
= Required Time                 4.291
- Arrival Time                  3.015
= Slack Time                    1.276
     Clock Rise Edge                 0.000
     + Clock Network Latency (Ideal) 0.050
     = Beginpoint Arrival Time       0.050
     +------------------------------------------------------------------------------+ 
     |       Instance       |     Arc      |   Cell    | Delay | Arrival | Required | 
     |                      |              |           |       |  Time   |   Time   | 
     |----------------------+--------------+-----------+-------+---------+----------| 
     | B_reg_Y_temp_reg_1_  | CK ^         |           |       |   0.050 |    1.326 | 
     | B_reg_Y_temp_reg_1_  | CK ^ -> QN v | DFF_X1    | 0.133 |   0.183 |    1.459 | 
     | U3665                | A1 v -> ZN ^ | NOR2_X1   | 0.049 |   0.231 |    1.508 | 
     | U3666                | A2 ^ -> ZN v | NOR2_X1   | 0.033 |   0.265 |    1.541 | 
     | FE_OFC11_n4300       | A v -> Z v   | CLKBUF_X1 | 0.147 |   0.412 |    1.688 | 
     | FE_DBTC2_n4300       | A v -> ZN ^  | INV_X2    | 0.136 |   0.548 |    1.824 | 
     | U3668                | A2 ^ -> ZN v | AOI22_X1  | 0.030 |   0.578 |    1.854 | 
     | FE_OFC65_n4338       | A v -> Z v   | CLKBUF_X1 | 0.105 |   0.683 |    1.959 | 
     | U3640                | A v -> ZN ^  | INV_X1    | 0.088 |   0.770 |    2.047 | 
     | U3701                | B1 ^ -> ZN v | AOI22_X1  | 0.030 |   0.801 |    2.077 | 
     | FE_OFC77_n3791       | A v -> Z v   | CLKBUF_X2 | 0.143 |   0.944 |    2.220 | 
     | U3702                | A v -> ZN ^  | INV_X1    | 0.143 |   1.087 |    2.363 | 
     | U3796                | B1 ^ -> ZN v | AOI22_X1  | 0.037 |   1.123 |    2.400 | 
     | FE_OFC79_n4474       | A v -> Z v   | CLKBUF_X1 | 0.084 |   1.208 |    2.484 | 
     | U3801                | A v -> ZN v  | XNOR2_X1  | 0.058 |   1.266 |    2.542 | 
     | U3802                | B v -> ZN v  | XNOR2_X1  | 0.048 |   1.314 |    2.590 | 
     | U3804                | A v -> ZN v  | XNOR2_X1  | 0.041 |   1.355 |    2.632 | 
     | U3805                | B v -> ZN v  | XNOR2_X1  | 0.061 |   1.416 |    2.693 | 
     | U3912                | B1 v -> ZN ^ | AOI222_X1 | 0.105 |   1.522 |    2.798 | 
     | U3913                | A2 ^ -> ZN v | NOR2_X1   | 0.026 |   1.547 |    2.824 | 
     | U4911                | A2 v -> ZN ^ | NOR4_X1   | 0.070 |   1.617 |    2.893 | 
     | U4913                | A1 ^ -> ZN v | NOR2_X1   | 0.012 |   1.628 |    2.905 | 
     | U4920                | B1 v -> ZN ^ | AOI21_X1  | 0.061 |   1.690 |    2.966 | 
     | U4921                | A ^ -> ZN v  | INV_X1    | 0.028 |   1.718 |    2.994 | 
     | U4937                | B2 v -> ZN ^ | OAI21_X1  | 0.036 |   1.754 |    3.030 | 
     | U4938                | B ^ -> ZN v  | OAI211_X1 | 0.030 |   1.783 |    3.060 | 
     | U4941                | B2 v -> ZN ^ | OAI221_X1 | 0.115 |   1.899 |    3.175 | 
     | U4942                | A ^ -> ZN v  | INV_X1    | 0.027 |   1.926 |    3.202 | 
     | U4948                | B1 v -> ZN ^ | OAI21_X1  | 0.035 |   1.961 |    3.237 | 
     | U4949                | B2 ^ -> ZN v | AOI22_X1  | 0.024 |   1.985 |    3.262 | 
     | U4953                | B1 v -> ZN ^ | AOI21_X1  | 0.075 |   2.061 |    3.337 | 
     | U4955                | B1 ^ -> ZN v | AOI21_X1  | 0.022 |   2.082 |    3.359 | 
     | U4959                | B1 v -> ZN ^ | OAI22_X1  | 0.050 |   2.132 |    3.409 | 
     | U4961                | B1 ^ -> ZN v | OAI221_X1 | 0.058 |   2.190 |    3.466 | 
     | U4962                | A v -> ZN ^  | INV_X1    | 0.043 |   2.233 |    3.509 | 
     | U4963                | B1 ^ -> ZN v | OAI22_X1  | 0.023 |   2.255 |    3.532 | 
     | U4970                | C2 v -> ZN ^ | OAI211_X1 | 0.046 |   2.301 |    3.578 | 
     | U5517                | C1 ^ -> ZN v | AOI221_X1 | 0.023 |   2.324 |    3.600 | 
     | U5518                | A2 v -> ZN ^ | NOR2_X1   | 0.049 |   2.373 |    3.650 | 
     | U5529                | A ^ -> ZN v  | INV_X1    | 0.011 |   2.384 |    3.661 | 
     | U5530                | C1 v -> ZN ^ | AOI211_X1 | 0.039 |   2.423 |    3.700 | 
     | U5531                | A ^ -> ZN v  | AOI211_X1 | 0.021 |   2.445 |    3.721 | 
     | U5532                | B v -> ZN ^  | AOI211_X1 | 0.127 |   2.571 |    3.848 | 
     | U5600                | A1 ^ -> ZN v | NAND3_X1  | 0.055 |   2.627 |    3.903 | 
     | U5937                | A1 v -> ZN ^ | NOR3_X1   | 0.075 |   2.702 |    3.978 | 
     | U6692                | A1 ^ -> ZN v | NAND2_X1  | 0.019 |   2.721 |    3.997 | 
     | U6693                | C2 v -> ZN ^ | OAI221_X1 | 0.050 |   2.771 |    4.047 | 
     | U6694                | A2 ^ -> ZN v | NAND2_X1  | 0.030 |   2.801 |    4.078 | 
     | U6830                | B2 v -> ZN ^ | AOI22_X1  | 0.049 |   2.850 |    4.127 | 
     | U6832                | B1 ^ -> ZN v | AOI21_X1  | 0.033 |   2.883 |    4.160 | 
     | U6952                | A3 v -> ZN ^ | NOR3_X1   | 0.064 |   2.947 |    4.224 | 
     | U6953                | A2 ^ -> ZN v | NAND2_X1  | 0.024 |   2.971 |    4.247 | 
     | U6954                | A v -> ZN ^  | OAI21_X1  | 0.023 |   2.994 |    4.270 | 
     | U3315                | A2 ^ -> ZN v | OAI22_X1  | 0.021 |   3.015 |    4.291 | 
     | p_reg_Y_temp_reg_54_ | D v          | DFF_X1    | 0.000 |   3.015 |    4.291 | 
     +------------------------------------------------------------------------------+ 

