###############################################################
#  Generated by:      Cadence Innovus 23.35-s106_1
#  OS:                Linux x86_64(Host ID microsys.openstack.polito)
#  Generated on:      Sat Oct 10 23:09:17 2026
#  Design:            boothmul_registered
#  Command:           report_timing -early -max_paths 10 > reports/10_hold_paths.rpt
###############################################################
Path 1: MET Hold Check with Pin p_reg_Y_temp_reg_13_/CK 
Endpoint:   p_reg_Y_temp_reg_13_/D  (v) checked with  leading edge of 'CLK'
Beginpoint: p_reg_Y_temp_reg_13_/QN (^) triggered by  leading edge of 'CLK'
Path Groups: {CLK}
Analysis View: default
Other End Arrival Time          0.051
+ Hold                          0.011
+ Phase Shift                   0.000
- CPPR Adjustment               0.000
+ Uncertainty                   0.050
= Required Time                 0.112
  Arrival Time                  0.162
  Slack Time                    0.050
     Clock Rise Edge                 0.000
     + Clock Network Latency (Prop)  0.072
     = Beginpoint Arrival Time       0.072
     +-----------------------------------------------------------------------------+ 
     |       Instance       |     Arc      |   Cell   | Delay | Arrival | Required | 
     |                      |              |          |       |  Time   |   Time   | 
     |----------------------+--------------+----------+-------+---------+----------| 
     | p_reg_Y_temp_reg_13_ | CK ^         |          |       |   0.072 |    0.022 | 
     | p_reg_Y_temp_reg_13_ | CK ^ -> QN ^ | DFF_X1   | 0.077 |   0.149 |    0.099 | 
     | U3444                | B1 ^ -> ZN v | OAI21_X1 | 0.013 |   0.162 |    0.112 | 
     | p_reg_Y_temp_reg_13_ | D v          | DFF_X1   | 0.000 |   0.162 |    0.112 | 
     +-----------------------------------------------------------------------------+ 
Path 2: MET Hold Check with Pin p_reg_Y_temp_reg_15_/CK 
Endpoint:   p_reg_Y_temp_reg_15_/D  (v) checked with  leading edge of 'CLK'
Beginpoint: p_reg_Y_temp_reg_15_/QN (^) triggered by  leading edge of 'CLK'
Path Groups: {CLK}
Analysis View: default
Other End Arrival Time          0.051
+ Hold                          0.011
+ Phase Shift                   0.000
- CPPR Adjustment               0.000
+ Uncertainty                   0.050
= Required Time                 0.112
  Arrival Time                  0.162
  Slack Time                    0.050
     Clock Rise Edge                 0.000
     + Clock Network Latency (Prop)  0.072
     = Beginpoint Arrival Time       0.072
     +-----------------------------------------------------------------------------+ 
     |       Instance       |     Arc      |   Cell   | Delay | Arrival | Required | 
     |                      |              |          |       |  Time   |   Time   | 
     |----------------------+--------------+----------+-------+---------+----------| 
     | p_reg_Y_temp_reg_15_ | CK ^         |          |       |   0.072 |    0.022 | 
     | p_reg_Y_temp_reg_15_ | CK ^ -> QN ^ | DFF_X1   | 0.077 |   0.149 |    0.099 | 
     | U3438                | B1 ^ -> ZN v | OAI21_X1 | 0.013 |   0.162 |    0.112 | 
     | p_reg_Y_temp_reg_15_ | D v          | DFF_X1   | 0.000 |   0.162 |    0.112 | 
     +-----------------------------------------------------------------------------+ 
Path 3: MET Hold Check with Pin p_reg_Y_temp_reg_8_/CK 
Endpoint:   p_reg_Y_temp_reg_8_/D  (v) checked with  leading edge of 'CLK'
Beginpoint: p_reg_Y_temp_reg_8_/QN (^) triggered by  leading edge of 'CLK'
Path Groups: {CLK}
Analysis View: default
Other End Arrival Time          0.051
+ Hold                          0.011
+ Phase Shift                   0.000
- CPPR Adjustment               0.000
+ Uncertainty                   0.050
= Required Time                 0.112
  Arrival Time                  0.162
  Slack Time                    0.050
     Clock Rise Edge                 0.000
     + Clock Network Latency (Prop)  0.073
     = Beginpoint Arrival Time       0.073
     +----------------------------------------------------------------------------+ 
     |      Instance       |     Arc      |   Cell   | Delay | Arrival | Required | 
     |                     |              |          |       |  Time   |   Time   | 
     |---------------------+--------------+----------+-------+---------+----------| 
     | p_reg_Y_temp_reg_8_ | CK ^         |          |       |   0.073 |    0.023 | 
     | p_reg_Y_temp_reg_8_ | CK ^ -> QN ^ | DFF_X1   | 0.077 |   0.150 |    0.099 | 
     | U3461               | B1 ^ -> ZN v | OAI21_X1 | 0.013 |   0.162 |    0.112 | 
     | p_reg_Y_temp_reg_8_ | D v          | DFF_X1   | 0.000 |   0.162 |    0.112 | 
     +----------------------------------------------------------------------------+ 
Path 4: MET Hold Check with Pin p_reg_Y_temp_reg_4_/CK 
Endpoint:   p_reg_Y_temp_reg_4_/D  (v) checked with  leading edge of 'CLK'
Beginpoint: p_reg_Y_temp_reg_4_/QN (^) triggered by  leading edge of 'CLK'
Path Groups: {CLK}
Analysis View: default
Other End Arrival Time          0.051
+ Hold                          0.011
+ Phase Shift                   0.000
- CPPR Adjustment               0.000
+ Uncertainty                   0.050
= Required Time                 0.112
  Arrival Time                  0.162
  Slack Time                    0.050
     Clock Rise Edge                 0.000
     + Clock Network Latency (Prop)  0.073
     = Beginpoint Arrival Time       0.073
     +----------------------------------------------------------------------------+ 
     |      Instance       |     Arc      |   Cell   | Delay | Arrival | Required | 
     |                     |              |          |       |  Time   |   Time   | 
     |---------------------+--------------+----------+-------+---------+----------| 
     | p_reg_Y_temp_reg_4_ | CK ^         |          |       |   0.073 |    0.023 | 
     | p_reg_Y_temp_reg_4_ | CK ^ -> QN ^ | DFF_X1   | 0.077 |   0.150 |    0.099 | 
     | U3475               | B1 ^ -> ZN v | OAI21_X1 | 0.013 |   0.162 |    0.112 | 
     | p_reg_Y_temp_reg_4_ | D v          | DFF_X1   | 0.000 |   0.162 |    0.112 | 
     +----------------------------------------------------------------------------+ 
Path 5: MET Hold Check with Pin p_reg_Y_temp_reg_23_/CK 
Endpoint:   p_reg_Y_temp_reg_23_/D  (v) checked with  leading edge of 'CLK'
Beginpoint: p_reg_Y_temp_reg_23_/QN (^) triggered by  leading edge of 'CLK'
Path Groups: {CLK}
Analysis View: default
Other End Arrival Time          0.051
+ Hold                          0.011
+ Phase Shift                   0.000
- CPPR Adjustment               0.000
+ Uncertainty                   0.050
= Required Time                 0.111
  Arrival Time                  0.162
  Slack Time                    0.050
     Clock Rise Edge                 0.000
     + Clock Network Latency (Prop)  0.072
     = Beginpoint Arrival Time       0.072
     +-----------------------------------------------------------------------------+ 
     |       Instance       |     Arc      |   Cell   | Delay | Arrival | Required | 
     |                      |              |          |       |  Time   |   Time   | 
     |----------------------+--------------+----------+-------+---------+----------| 
     | p_reg_Y_temp_reg_23_ | CK ^         |          |       |   0.072 |    0.022 | 
     | p_reg_Y_temp_reg_23_ | CK ^ -> QN ^ | DFF_X1   | 0.077 |   0.149 |    0.098 | 
     | U3412                | B1 ^ -> ZN v | OAI21_X1 | 0.013 |   0.162 |    0.111 | 
     | p_reg_Y_temp_reg_23_ | D v          | DFF_X1   | 0.000 |   0.162 |    0.111 | 
     +-----------------------------------------------------------------------------+ 
Path 6: MET Hold Check with Pin p_reg_Y_temp_reg_11_/CK 
Endpoint:   p_reg_Y_temp_reg_11_/D  (v) checked with  leading edge of 'CLK'
Beginpoint: p_reg_Y_temp_reg_11_/QN (^) triggered by  leading edge of 'CLK'
Path Groups: {CLK}
Analysis View: default
Other End Arrival Time          0.051
+ Hold                          0.011
+ Phase Shift                   0.000
- CPPR Adjustment               0.000
+ Uncertainty                   0.050
= Required Time                 0.112
  Arrival Time                  0.162
  Slack Time                    0.050
     Clock Rise Edge                 0.000
     + Clock Network Latency (Prop)  0.072
     = Beginpoint Arrival Time       0.072
     +-----------------------------------------------------------------------------+ 
     |       Instance       |     Arc      |   Cell   | Delay | Arrival | Required | 
     |                      |              |          |       |  Time   |   Time   | 
     |----------------------+--------------+----------+-------+---------+----------| 
     | p_reg_Y_temp_reg_11_ | CK ^         |          |       |   0.072 |    0.022 | 
     | p_reg_Y_temp_reg_11_ | CK ^ -> QN ^ | DFF_X1   | 0.077 |   0.149 |    0.099 | 
     | U3451                | B1 ^ -> ZN v | OAI21_X1 | 0.013 |   0.162 |    0.112 | 
     | p_reg_Y_temp_reg_11_ | D v          | DFF_X1   | 0.000 |   0.162 |    0.112 | 
     +-----------------------------------------------------------------------------+ 
Path 7: MET Hold Check with Pin p_reg_Y_temp_reg_9_/CK 
Endpoint:   p_reg_Y_temp_reg_9_/D  (v) checked with  leading edge of 'CLK'
Beginpoint: p_reg_Y_temp_reg_9_/QN (^) triggered by  leading edge of 'CLK'
Path Groups: {CLK}
Analysis View: default
Other End Arrival Time          0.051
+ Hold                          0.011
+ Phase Shift                   0.000
- CPPR Adjustment               0.000
+ Uncertainty                   0.050
= Required Time                 0.112
  Arrival Time                  0.162
  Slack Time                    0.050
     Clock Rise Edge                 0.000
     + Clock Network Latency (Prop)  0.073
     = Beginpoint Arrival Time       0.073
     +----------------------------------------------------------------------------+ 
     |      Instance       |     Arc      |   Cell   | Delay | Arrival | Required | 
     |                     |              |          |       |  Time   |   Time   | 
     |---------------------+--------------+----------+-------+---------+----------| 
     | p_reg_Y_temp_reg_9_ | CK ^         |          |       |   0.073 |    0.022 | 
     | p_reg_Y_temp_reg_9_ | CK ^ -> QN ^ | DFF_X1   | 0.077 |   0.149 |    0.099 | 
     | U3457               | B1 ^ -> ZN v | OAI21_X1 | 0.013 |   0.162 |    0.112 | 
     | p_reg_Y_temp_reg_9_ | D v          | DFF_X1   | 0.000 |   0.162 |    0.112 | 
     +----------------------------------------------------------------------------+ 
Path 8: MET Hold Check with Pin p_reg_Y_temp_reg_25_/CK 
Endpoint:   p_reg_Y_temp_reg_25_/D  (v) checked with  leading edge of 'CLK'
Beginpoint: p_reg_Y_temp_reg_25_/QN (^) triggered by  leading edge of 'CLK'
Path Groups: {CLK}
Analysis View: default
Other End Arrival Time          0.051
+ Hold                          0.011
+ Phase Shift                   0.000
- CPPR Adjustment               0.000
+ Uncertainty                   0.050
= Required Time                 0.111
  Arrival Time                  0.162
  Slack Time                    0.050
     Clock Rise Edge                 0.000
     + Clock Network Latency (Prop)  0.072
     = Beginpoint Arrival Time       0.072
     +-----------------------------------------------------------------------------+ 
     |       Instance       |     Arc      |   Cell   | Delay | Arrival | Required | 
     |                      |              |          |       |  Time   |   Time   | 
     |----------------------+--------------+----------+-------+---------+----------| 
     | p_reg_Y_temp_reg_25_ | CK ^         |          |       |   0.072 |    0.022 | 
     | p_reg_Y_temp_reg_25_ | CK ^ -> QN ^ | DFF_X1   | 0.077 |   0.149 |    0.098 | 
     | U3405                | B1 ^ -> ZN v | OAI21_X1 | 0.013 |   0.162 |    0.111 | 
     | p_reg_Y_temp_reg_25_ | D v          | DFF_X1   | 0.000 |   0.162 |    0.111 | 
     +-----------------------------------------------------------------------------+ 
Path 9: MET Hold Check with Pin p_reg_Y_temp_reg_6_/CK 
Endpoint:   p_reg_Y_temp_reg_6_/D  (v) checked with  leading edge of 'CLK'
Beginpoint: p_reg_Y_temp_reg_6_/QN (^) triggered by  leading edge of 'CLK'
Path Groups: {CLK}
Analysis View: default
Other End Arrival Time          0.051
+ Hold                          0.011
+ Phase Shift                   0.000
- CPPR Adjustment               0.000
+ Uncertainty                   0.050
= Required Time                 0.112
  Arrival Time                  0.162
  Slack Time                    0.050
     Clock Rise Edge                 0.000
     + Clock Network Latency (Prop)  0.073
     = Beginpoint Arrival Time       0.073
     +----------------------------------------------------------------------------+ 
     |      Instance       |     Arc      |   Cell   | Delay | Arrival | Required | 
     |                     |              |          |       |  Time   |   Time   | 
     |---------------------+--------------+----------+-------+---------+----------| 
     | p_reg_Y_temp_reg_6_ | CK ^         |          |       |   0.073 |    0.022 | 
     | p_reg_Y_temp_reg_6_ | CK ^ -> QN ^ | DFF_X1   | 0.077 |   0.150 |    0.099 | 
     | U3468               | B1 ^ -> ZN v | OAI21_X1 | 0.013 |   0.162 |    0.112 | 
     | p_reg_Y_temp_reg_6_ | D v          | DFF_X1   | 0.000 |   0.162 |    0.112 | 
     +----------------------------------------------------------------------------+ 
Path 10: MET Hold Check with Pin p_reg_Y_temp_reg_10_/CK 
Endpoint:   p_reg_Y_temp_reg_10_/D  (v) checked with  leading edge of 'CLK'
Beginpoint: p_reg_Y_temp_reg_10_/QN (^) triggered by  leading edge of 'CLK'
Path Groups: {CLK}
Analysis View: default
Other End Arrival Time          0.051
+ Hold                          0.011
+ Phase Shift                   0.000
- CPPR Adjustment               0.000
+ Uncertainty                   0.050
= Required Time                 0.112
  Arrival Time                  0.162
  Slack Time                    0.050
     Clock Rise Edge                 0.000
     + Clock Network Latency (Prop)  0.073
     = Beginpoint Arrival Time       0.073
     +-----------------------------------------------------------------------------+ 
     |       Instance       |     Arc      |   Cell   | Delay | Arrival | Required | 
     |                      |              |          |       |  Time   |   Time   | 
     |----------------------+--------------+----------+-------+---------+----------| 
     | p_reg_Y_temp_reg_10_ | CK ^         |          |       |   0.073 |    0.022 | 
     | p_reg_Y_temp_reg_10_ | CK ^ -> QN ^ | DFF_X1   | 0.077 |   0.150 |    0.099 | 
     | U3454                | B1 ^ -> ZN v | OAI21_X1 | 0.013 |   0.162 |    0.112 | 
     | p_reg_Y_temp_reg_10_ | D v          | DFF_X1   | 0.000 |   0.162 |    0.112 | 
     +-----------------------------------------------------------------------------+ 

