###############################################################
#  Generated by:      Cadence Innovus 23.35-s106_1
#  OS:                Linux x86_64(Host ID microsys.openstack.polito)
#  Generated on:      Sat Oct 10 21:01:39 2026
#  Design:            boothmul_registered
#  Command:           report_timing -max_paths 10 > reports/04_preCTS_setup_paths.rpt
###############################################################
Path 1: MET Setup Check with Pin p_reg_Y_temp_reg_56_/CK 
Endpoint:   p_reg_Y_temp_reg_56_/D (^) checked with  leading edge of 'CLK'
Beginpoint: A_reg_Y_temp_reg_9_/Q  (^) triggered by  leading edge of 'CLK'
Path Groups: {CLK}
Analysis View: default
Other End Arrival Time          0.050
- Setup                         0.027
+ Phase Shift                   1.632
- Uncertainty                   0.050
= Required Time                 1.606
- Arrival Time                  1.523
= Slack Time                    0.082
     Clock Rise Edge                 0.000
     + Clock Network Latency (Ideal) 0.050
     = Beginpoint Arrival Time       0.050
     +------------------------------------------------------------------------------+ 
     |       Instance       |     Arc      |   Cell    | Delay | Arrival | Required | 
     |                      |              |           |       |  Time   |   Time   | 
     |----------------------+--------------+-----------+-------+---------+----------| 
     | A_reg_Y_temp_reg_9_  | CK ^         |           |       |   0.050 |    0.132 | 
     | A_reg_Y_temp_reg_9_  | CK ^ -> Q ^  | DFF_X1    | 0.140 |   0.190 |    0.273 | 
     | U494                 | B ^ -> ZN ^  | XNOR2_X1  | 0.048 |   0.238 |    0.321 | 
     | FE_OFC22_n1845       | A ^ -> Z ^   | CLKBUF_X2 | 0.118 |   0.357 |    0.439 | 
     | U741                 | A2 ^ -> ZN v | NAND2_X2  | 0.108 |   0.465 |    0.547 | 
     | U2007                | A1 v -> ZN ^ | OAI22_X1  | 0.073 |   0.537 |    0.620 | 
     | U2019                | A ^ -> S v   | FA_X1     | 0.107 |   0.644 |    0.726 | 
     | U2021                | A v -> S v   | FA_X1     | 0.106 |   0.750 |    0.832 | 
     | U2054                | CI v -> CO v | FA_X1     | 0.073 |   0.823 |    0.905 | 
     | U2048                | CI v -> S ^  | FA_X1     | 0.116 |   0.939 |    1.021 | 
     | U2050                | CI ^ -> S v  | FA_X1     | 0.095 |   1.034 |    1.116 | 
     | U273                 | A1 v -> ZN v | OR2_X1    | 0.057 |   1.090 |    1.173 | 
     | U2057                | A2 v -> ZN ^ | NAND2_X1  | 0.023 |   1.113 |    1.196 | 
     | U2073                | B1 ^ -> ZN v | OAI21_X1  | 0.015 |   1.129 |    1.211 | 
     | U2074                | A v -> ZN ^  | AOI21_X1  | 0.074 |   1.203 |    1.285 | 
     | U2111                | B1 ^ -> ZN v | OAI21_X1  | 0.051 |   1.254 |    1.336 | 
     | U2127                | B1 v -> ZN ^ | AOI21_X1  | 0.085 |   1.339 |    1.421 | 
     | FE_OFC25_n2873       | A ^ -> Z ^   | BUF_X2    | 0.076 |   1.415 |    1.497 | 
     | U2667                | B1 ^ -> ZN v | OAI21_X1  | 0.030 |   1.445 |    1.527 | 
     | U2668                | B v -> ZN ^  | XNOR2_X1  | 0.045 |   1.490 |    1.572 | 
     | U2669                | A1 ^ -> ZN v | NAND2_X1  | 0.017 |   1.506 |    1.589 | 
     | U3003                | A1 v -> ZN ^ | NAND2_X1  | 0.017 |   1.523 |    1.606 | 
     | p_reg_Y_temp_reg_56_ | D ^          | DFF_X1    | 0.000 |   1.523 |    1.606 | 
     +------------------------------------------------------------------------------+ 
Path 2: MET Setup Check with Pin p_reg_Y_temp_reg_54_/CK 
Endpoint:   p_reg_Y_temp_reg_54_/D (^) checked with  leading edge of 'CLK'
Beginpoint: A_reg_Y_temp_reg_9_/Q  (^) triggered by  leading edge of 'CLK'
Path Groups: {CLK}
Analysis View: default
Other End Arrival Time          0.050
- Setup                         0.027
+ Phase Shift                   1.632
- Uncertainty                   0.050
= Required Time                 1.606
- Arrival Time                  1.521
= Slack Time                    0.085
     Clock Rise Edge                 0.000
     + Clock Network Latency (Ideal) 0.050
     = Beginpoint Arrival Time       0.050
     +------------------------------------------------------------------------------+ 
     |       Instance       |     Arc      |   Cell    | Delay | Arrival | Required | 
     |                      |              |           |       |  Time   |   Time   | 
     |----------------------+--------------+-----------+-------+---------+----------| 
     | A_reg_Y_temp_reg_9_  | CK ^         |           |       |   0.050 |    0.135 | 
     | A_reg_Y_temp_reg_9_  | CK ^ -> Q ^  | DFF_X1    | 0.140 |   0.190 |    0.275 | 
     | U494                 | B ^ -> ZN ^  | XNOR2_X1  | 0.048 |   0.238 |    0.323 | 
     | FE_OFC22_n1845       | A ^ -> Z ^   | CLKBUF_X2 | 0.118 |   0.357 |    0.442 | 
     | U741                 | A2 ^ -> ZN v | NAND2_X2  | 0.108 |   0.465 |    0.549 | 
     | U2007                | A1 v -> ZN ^ | OAI22_X1  | 0.073 |   0.537 |    0.622 | 
     | U2019                | A ^ -> S v   | FA_X1     | 0.107 |   0.644 |    0.729 | 
     | U2021                | A v -> S v   | FA_X1     | 0.106 |   0.750 |    0.835 | 
     | U2054                | CI v -> CO v | FA_X1     | 0.073 |   0.823 |    0.908 | 
     | U2048                | CI v -> S ^  | FA_X1     | 0.116 |   0.939 |    1.024 | 
     | U2050                | CI ^ -> S v  | FA_X1     | 0.095 |   1.034 |    1.119 | 
     | U273                 | A1 v -> ZN v | OR2_X1    | 0.057 |   1.090 |    1.175 | 
     | U2057                | A2 v -> ZN ^ | NAND2_X1  | 0.023 |   1.113 |    1.198 | 
     | U2073                | B1 ^ -> ZN v | OAI21_X1  | 0.015 |   1.129 |    1.214 | 
     | U2074                | A v -> ZN ^  | AOI21_X1  | 0.074 |   1.203 |    1.288 | 
     | U2111                | B1 ^ -> ZN v | OAI21_X1  | 0.051 |   1.254 |    1.339 | 
     | U2127                | B1 v -> ZN ^ | AOI21_X1  | 0.085 |   1.339 |    1.424 | 
     | FE_OFC25_n2873       | A ^ -> Z ^   | BUF_X2    | 0.076 |   1.415 |    1.500 | 
     | U2755                | B1 ^ -> ZN v | OAI21_X1  | 0.030 |   1.445 |    1.530 | 
     | U2756                | B v -> ZN ^  | XNOR2_X1  | 0.041 |   1.486 |    1.571 | 
     | U2757                | A1 ^ -> ZN v | NAND2_X1  | 0.018 |   1.503 |    1.588 | 
     | U3012                | A1 v -> ZN ^ | NAND2_X1  | 0.017 |   1.521 |    1.606 | 
     | p_reg_Y_temp_reg_54_ | D ^          | DFF_X1    | 0.000 |   1.521 |    1.606 | 
     +------------------------------------------------------------------------------+ 
Path 3: MET Setup Check with Pin p_reg_Y_temp_reg_55_/CK 
Endpoint:   p_reg_Y_temp_reg_55_/D (^) checked with  leading edge of 'CLK'
Beginpoint: A_reg_Y_temp_reg_9_/Q  (^) triggered by  leading edge of 'CLK'
Path Groups: {CLK}
Analysis View: default
Other End Arrival Time          0.050
- Setup                         0.027
+ Phase Shift                   1.632
- Uncertainty                   0.050
= Required Time                 1.606
- Arrival Time                  1.520
= Slack Time                    0.085
     Clock Rise Edge                 0.000
     + Clock Network Latency (Ideal) 0.050
     = Beginpoint Arrival Time       0.050
     +------------------------------------------------------------------------------+ 
     |       Instance       |     Arc      |   Cell    | Delay | Arrival | Required | 
     |                      |              |           |       |  Time   |   Time   | 
     |----------------------+--------------+-----------+-------+---------+----------| 
     | A_reg_Y_temp_reg_9_  | CK ^         |           |       |   0.050 |    0.135 | 
     | A_reg_Y_temp_reg_9_  | CK ^ -> Q ^  | DFF_X1    | 0.140 |   0.190 |    0.276 | 
     | U494                 | B ^ -> ZN ^  | XNOR2_X1  | 0.048 |   0.238 |    0.324 | 
     | FE_OFC22_n1845       | A ^ -> Z ^   | CLKBUF_X2 | 0.118 |   0.357 |    0.442 | 
     | U741                 | A2 ^ -> ZN v | NAND2_X2  | 0.108 |   0.465 |    0.550 | 
     | U2007                | A1 v -> ZN ^ | OAI22_X1  | 0.073 |   0.537 |    0.623 | 
     | U2019                | A ^ -> S v   | FA_X1     | 0.107 |   0.644 |    0.730 | 
     | U2021                | A v -> S v   | FA_X1     | 0.106 |   0.750 |    0.835 | 
     | U2054                | CI v -> CO v | FA_X1     | 0.073 |   0.823 |    0.908 | 
     | U2048                | CI v -> S ^  | FA_X1     | 0.116 |   0.939 |    1.024 | 
     | U2050                | CI ^ -> S v  | FA_X1     | 0.095 |   1.034 |    1.119 | 
     | U273                 | A1 v -> ZN v | OR2_X1    | 0.057 |   1.090 |    1.176 | 
     | U2057                | A2 v -> ZN ^ | NAND2_X1  | 0.023 |   1.113 |    1.199 | 
     | U2073                | B1 ^ -> ZN v | OAI21_X1  | 0.015 |   1.129 |    1.214 | 
     | U2074                | A v -> ZN ^  | AOI21_X1  | 0.074 |   1.203 |    1.288 | 
     | U2111                | B1 ^ -> ZN v | OAI21_X1  | 0.051 |   1.254 |    1.340 | 
     | U2127                | B1 v -> ZN ^ | AOI21_X1  | 0.085 |   1.339 |    1.424 | 
     | FE_OFC25_n2873       | A ^ -> Z ^   | BUF_X2    | 0.076 |   1.415 |    1.500 | 
     | U2714                | B1 ^ -> ZN v | OAI21_X1  | 0.031 |   1.445 |    1.531 | 
     | U2715                | B v -> ZN ^  | XNOR2_X1  | 0.042 |   1.487 |    1.572 | 
     | U2716                | A1 ^ -> ZN v | NAND2_X1  | 0.016 |   1.503 |    1.589 | 
     | U3008                | A1 v -> ZN ^ | NAND2_X1  | 0.017 |   1.520 |    1.606 | 
     | p_reg_Y_temp_reg_55_ | D ^          | DFF_X1    | 0.000 |   1.520 |    1.606 | 
     +------------------------------------------------------------------------------+ 
Path 4: MET Setup Check with Pin p_reg_Y_temp_reg_58_/CK 
Endpoint:   p_reg_Y_temp_reg_58_/D (^) checked with  leading edge of 'CLK'
Beginpoint: A_reg_Y_temp_reg_9_/Q  (^) triggered by  leading edge of 'CLK'
Path Groups: {CLK}
Analysis View: default
Other End Arrival Time          0.050
- Setup                         0.027
+ Phase Shift                   1.632
- Uncertainty                   0.050
= Required Time                 1.606
- Arrival Time                  1.519
= Slack Time                    0.087
     Clock Rise Edge                 0.000
     + Clock Network Latency (Ideal) 0.050
     = Beginpoint Arrival Time       0.050
     +------------------------------------------------------------------------------+ 
     |       Instance       |     Arc      |   Cell    | Delay | Arrival | Required | 
     |                      |              |           |       |  Time   |   Time   | 
     |----------------------+--------------+-----------+-------+---------+----------| 
     | A_reg_Y_temp_reg_9_  | CK ^         |           |       |   0.050 |    0.137 | 
     | A_reg_Y_temp_reg_9_  | CK ^ -> Q ^  | DFF_X1    | 0.140 |   0.190 |    0.277 | 
     | U494                 | B ^ -> ZN ^  | XNOR2_X1  | 0.048 |   0.238 |    0.325 | 
     | FE_OFC22_n1845       | A ^ -> Z ^   | CLKBUF_X2 | 0.118 |   0.357 |    0.443 | 
     | U741                 | A2 ^ -> ZN v | NAND2_X2  | 0.108 |   0.465 |    0.551 | 
     | U2007                | A1 v -> ZN ^ | OAI22_X1  | 0.073 |   0.537 |    0.624 | 
     | U2019                | A ^ -> S v   | FA_X1     | 0.107 |   0.644 |    0.731 | 
     | U2021                | A v -> S v   | FA_X1     | 0.106 |   0.750 |    0.836 | 
     | U2054                | CI v -> CO v | FA_X1     | 0.073 |   0.823 |    0.910 | 
     | U2048                | CI v -> S ^  | FA_X1     | 0.116 |   0.939 |    1.025 | 
     | U2050                | CI ^ -> S v  | FA_X1     | 0.095 |   1.034 |    1.120 | 
     | U273                 | A1 v -> ZN v | OR2_X1    | 0.057 |   1.090 |    1.177 | 
     | U2057                | A2 v -> ZN ^ | NAND2_X1  | 0.023 |   1.113 |    1.200 | 
     | U2073                | B1 ^ -> ZN v | OAI21_X1  | 0.015 |   1.129 |    1.215 | 
     | U2074                | A v -> ZN ^  | AOI21_X1  | 0.074 |   1.203 |    1.290 | 
     | U2111                | B1 ^ -> ZN v | OAI21_X1  | 0.051 |   1.254 |    1.341 | 
     | U2127                | B1 v -> ZN ^ | AOI21_X1  | 0.085 |   1.339 |    1.426 | 
     | FE_OFC25_n2873       | A ^ -> Z ^   | BUF_X2    | 0.076 |   1.415 |    1.501 | 
     | U2636                | B1 ^ -> ZN v | OAI21_X1  | 0.030 |   1.445 |    1.531 | 
     | U2637                | B v -> ZN ^  | XNOR2_X1  | 0.040 |   1.485 |    1.572 | 
     | U2639                | A1 ^ -> ZN v | NAND2_X1  | 0.017 |   1.502 |    1.589 | 
     | U3001                | A1 v -> ZN ^ | NAND2_X1  | 0.017 |   1.519 |    1.606 | 
     | p_reg_Y_temp_reg_58_ | D ^          | DFF_X1    | 0.000 |   1.519 |    1.606 | 
     +------------------------------------------------------------------------------+ 
Path 5: MET Setup Check with Pin p_reg_Y_temp_reg_50_/CK 
Endpoint:   p_reg_Y_temp_reg_50_/D (^) checked with  leading edge of 'CLK'
Beginpoint: A_reg_Y_temp_reg_9_/Q  (^) triggered by  leading edge of 'CLK'
Path Groups: {CLK}
Analysis View: default
Other End Arrival Time          0.050
- Setup                         0.027
+ Phase Shift                   1.632
- Uncertainty                   0.050
= Required Time                 1.606
- Arrival Time                  1.518
= Slack Time                    0.087
     Clock Rise Edge                 0.000
     + Clock Network Latency (Ideal) 0.050
     = Beginpoint Arrival Time       0.050
     +------------------------------------------------------------------------------+ 
     |       Instance       |     Arc      |   Cell    | Delay | Arrival | Required | 
     |                      |              |           |       |  Time   |   Time   | 
     |----------------------+--------------+-----------+-------+---------+----------| 
     | A_reg_Y_temp_reg_9_  | CK ^         |           |       |   0.050 |    0.137 | 
     | A_reg_Y_temp_reg_9_  | CK ^ -> Q ^  | DFF_X1    | 0.140 |   0.190 |    0.278 | 
     | U494                 | B ^ -> ZN ^  | XNOR2_X1  | 0.048 |   0.238 |    0.326 | 
     | FE_OFC22_n1845       | A ^ -> Z ^   | CLKBUF_X2 | 0.118 |   0.357 |    0.444 | 
     | U741                 | A2 ^ -> ZN v | NAND2_X2  | 0.108 |   0.465 |    0.552 | 
     | U2007                | A1 v -> ZN ^ | OAI22_X1  | 0.073 |   0.537 |    0.625 | 
     | U2019                | A ^ -> S v   | FA_X1     | 0.107 |   0.644 |    0.731 | 
     | U2021                | A v -> S v   | FA_X1     | 0.106 |   0.750 |    0.837 | 
     | U2054                | CI v -> CO v | FA_X1     | 0.073 |   0.823 |    0.910 | 
     | U2048                | CI v -> S ^  | FA_X1     | 0.116 |   0.939 |    1.026 | 
     | U2050                | CI ^ -> S v  | FA_X1     | 0.095 |   1.034 |    1.121 | 
     | U273                 | A1 v -> ZN v | OR2_X1    | 0.057 |   1.090 |    1.178 | 
     | U2057                | A2 v -> ZN ^ | NAND2_X1  | 0.023 |   1.113 |    1.201 | 
     | U2073                | B1 ^ -> ZN v | OAI21_X1  | 0.015 |   1.129 |    1.216 | 
     | U2074                | A v -> ZN ^  | AOI21_X1  | 0.074 |   1.203 |    1.290 | 
     | U2111                | B1 ^ -> ZN v | OAI21_X1  | 0.051 |   1.254 |    1.341 | 
     | U2127                | B1 v -> ZN ^ | AOI21_X1  | 0.085 |   1.339 |    1.426 | 
     | FE_OFC25_n2873       | A ^ -> Z ^   | BUF_X2    | 0.076 |   1.415 |    1.502 | 
     | U2743                | B1 ^ -> ZN v | OAI21_X1  | 0.028 |   1.443 |    1.530 | 
     | U2744                | B v -> ZN ^  | XNOR2_X1  | 0.042 |   1.485 |    1.572 | 
     | U2745                | A1 ^ -> ZN v | NAND2_X1  | 0.016 |   1.502 |    1.589 | 
     | U3010                | A1 v -> ZN ^ | NAND2_X1  | 0.017 |   1.518 |    1.606 | 
     | p_reg_Y_temp_reg_50_ | D ^          | DFF_X1    | 0.000 |   1.518 |    1.606 | 
     +------------------------------------------------------------------------------+ 
Path 6: MET Setup Check with Pin p_reg_Y_temp_reg_46_/CK 
Endpoint:   p_reg_Y_temp_reg_46_/D (v) checked with  leading edge of 'CLK'
Beginpoint: A_reg_Y_temp_reg_9_/Q  (^) triggered by  leading edge of 'CLK'
Path Groups: {CLK}
Analysis View: default
Other End Arrival Time          0.050
- Setup                         0.025
+ Phase Shift                   1.632
- Uncertainty                   0.050
= Required Time                 1.607
- Arrival Time                  1.520
= Slack Time                    0.087
     Clock Rise Edge                 0.000
     + Clock Network Latency (Ideal) 0.050
     = Beginpoint Arrival Time       0.050
     +------------------------------------------------------------------------------+ 
     |       Instance       |     Arc      |   Cell    | Delay | Arrival | Required | 
     |                      |              |           |       |  Time   |   Time   | 
     |----------------------+--------------+-----------+-------+---------+----------| 
     | A_reg_Y_temp_reg_9_  | CK ^         |           |       |   0.050 |    0.137 | 
     | A_reg_Y_temp_reg_9_  | CK ^ -> Q ^  | DFF_X1    | 0.140 |   0.190 |    0.278 | 
     | U494                 | B ^ -> ZN ^  | XNOR2_X1  | 0.048 |   0.238 |    0.326 | 
     | FE_OFC22_n1845       | A ^ -> Z ^   | CLKBUF_X2 | 0.118 |   0.357 |    0.444 | 
     | U741                 | A2 ^ -> ZN v | NAND2_X2  | 0.108 |   0.465 |    0.552 | 
     | U2007                | A1 v -> ZN ^ | OAI22_X1  | 0.073 |   0.537 |    0.625 | 
     | U2019                | A ^ -> S v   | FA_X1     | 0.107 |   0.644 |    0.731 | 
     | U2021                | A v -> S v   | FA_X1     | 0.106 |   0.750 |    0.837 | 
     | U2054                | CI v -> CO v | FA_X1     | 0.073 |   0.823 |    0.910 | 
     | U2048                | CI v -> S ^  | FA_X1     | 0.116 |   0.939 |    1.026 | 
     | U2050                | CI ^ -> S v  | FA_X1     | 0.095 |   1.034 |    1.121 | 
     | U273                 | A1 v -> ZN v | OR2_X1    | 0.057 |   1.090 |    1.178 | 
     | U2057                | A2 v -> ZN ^ | NAND2_X1  | 0.023 |   1.113 |    1.201 | 
     | U2073                | B1 ^ -> ZN v | OAI21_X1  | 0.015 |   1.129 |    1.216 | 
     | U2074                | A v -> ZN ^  | AOI21_X1  | 0.074 |   1.203 |    1.290 | 
     | U2111                | B1 ^ -> ZN v | OAI21_X1  | 0.051 |   1.254 |    1.341 | 
     | U2127                | B1 v -> ZN ^ | AOI21_X1  | 0.085 |   1.339 |    1.426 | 
     | FE_OFC25_n2873       | A ^ -> Z ^   | BUF_X2    | 0.076 |   1.415 |    1.502 | 
     | U2779                | B1 ^ -> ZN v | OAI21_X1  | 0.027 |   1.442 |    1.529 | 
     | U2780                | A v -> ZN v  | XNOR2_X1  | 0.044 |   1.485 |    1.573 | 
     | U2781                | A1 v -> ZN ^ | NAND2_X1  | 0.020 |   1.505 |    1.593 | 
     | U3016                | A1 ^ -> ZN v | NAND2_X1  | 0.015 |   1.520 |    1.607 | 
     | p_reg_Y_temp_reg_46_ | D v          | DFF_X1    | 0.000 |   1.520 |    1.607 | 
     +------------------------------------------------------------------------------+ 
Path 7: MET Setup Check with Pin p_reg_Y_temp_reg_44_/CK 
Endpoint:   p_reg_Y_temp_reg_44_/D (v) checked with  leading edge of 'CLK'
Beginpoint: A_reg_Y_temp_reg_9_/Q  (^) triggered by  leading edge of 'CLK'
Path Groups: {CLK}
Analysis View: default
Other End Arrival Time          0.050
- Setup                         0.025
+ Phase Shift                   1.632
- Uncertainty                   0.050
= Required Time                 1.607
- Arrival Time                  1.520
= Slack Time                    0.087
     Clock Rise Edge                 0.000
     + Clock Network Latency (Ideal) 0.050
     = Beginpoint Arrival Time       0.050
     +------------------------------------------------------------------------------+ 
     |       Instance       |     Arc      |   Cell    | Delay | Arrival | Required | 
     |                      |              |           |       |  Time   |   Time   | 
     |----------------------+--------------+-----------+-------+---------+----------| 
     | A_reg_Y_temp_reg_9_  | CK ^         |           |       |   0.050 |    0.137 | 
     | A_reg_Y_temp_reg_9_  | CK ^ -> Q ^  | DFF_X1    | 0.140 |   0.190 |    0.278 | 
     | U494                 | B ^ -> ZN ^  | XNOR2_X1  | 0.048 |   0.238 |    0.326 | 
     | FE_OFC22_n1845       | A ^ -> Z ^   | CLKBUF_X2 | 0.118 |   0.357 |    0.444 | 
     | U741                 | A2 ^ -> ZN v | NAND2_X2  | 0.108 |   0.465 |    0.552 | 
     | U2007                | A1 v -> ZN ^ | OAI22_X1  | 0.073 |   0.537 |    0.625 | 
     | U2019                | A ^ -> S v   | FA_X1     | 0.107 |   0.644 |    0.732 | 
     | U2021                | A v -> S v   | FA_X1     | 0.106 |   0.750 |    0.837 | 
     | U2054                | CI v -> CO v | FA_X1     | 0.073 |   0.823 |    0.910 | 
     | U2048                | CI v -> S ^  | FA_X1     | 0.116 |   0.939 |    1.026 | 
     | U2050                | CI ^ -> S v  | FA_X1     | 0.095 |   1.034 |    1.121 | 
     | U273                 | A1 v -> ZN v | OR2_X1    | 0.057 |   1.090 |    1.178 | 
     | U2057                | A2 v -> ZN ^ | NAND2_X1  | 0.023 |   1.113 |    1.201 | 
     | U2073                | B1 ^ -> ZN v | OAI21_X1  | 0.015 |   1.129 |    1.216 | 
     | U2074                | A v -> ZN ^  | AOI21_X1  | 0.074 |   1.203 |    1.290 | 
     | U2111                | B1 ^ -> ZN v | OAI21_X1  | 0.051 |   1.254 |    1.342 | 
     | U2127                | B1 v -> ZN ^ | AOI21_X1  | 0.085 |   1.339 |    1.426 | 
     | FE_OFC25_n2873       | A ^ -> Z ^   | BUF_X2    | 0.076 |   1.415 |    1.502 | 
     | U2765                | B1 ^ -> ZN v | OAI21_X1  | 0.025 |   1.440 |    1.527 | 
     | U2766                | A v -> ZN v  | XNOR2_X1  | 0.044 |   1.484 |    1.572 | 
     | U2767                | A1 v -> ZN ^ | NAND2_X1  | 0.021 |   1.505 |    1.593 | 
     | U3014                | A1 ^ -> ZN v | NAND2_X1  | 0.015 |   1.520 |    1.607 | 
     | p_reg_Y_temp_reg_44_ | D v          | DFF_X1    | 0.000 |   1.520 |    1.607 | 
     +------------------------------------------------------------------------------+ 
Path 8: MET Setup Check with Pin p_reg_Y_temp_reg_53_/CK 
Endpoint:   p_reg_Y_temp_reg_53_/D (^) checked with  leading edge of 'CLK'
Beginpoint: A_reg_Y_temp_reg_9_/Q  (^) triggered by  leading edge of 'CLK'
Path Groups: {CLK}
Analysis View: default
Other End Arrival Time          0.050
- Setup                         0.027
+ Phase Shift                   1.632
- Uncertainty                   0.050
= Required Time                 1.606
- Arrival Time                  1.518
= Slack Time                    0.088
     Clock Rise Edge                 0.000
     + Clock Network Latency (Ideal) 0.050
     = Beginpoint Arrival Time       0.050
     +------------------------------------------------------------------------------+ 
     |       Instance       |     Arc      |   Cell    | Delay | Arrival | Required | 
     |                      |              |           |       |  Time   |   Time   | 
     |----------------------+--------------+-----------+-------+---------+----------| 
     | A_reg_Y_temp_reg_9_  | CK ^         |           |       |   0.050 |    0.138 | 
     | A_reg_Y_temp_reg_9_  | CK ^ -> Q ^  | DFF_X1    | 0.140 |   0.190 |    0.278 | 
     | U494                 | B ^ -> ZN ^  | XNOR2_X1  | 0.048 |   0.238 |    0.326 | 
     | FE_OFC22_n1845       | A ^ -> Z ^   | CLKBUF_X2 | 0.118 |   0.357 |    0.444 | 
     | U741                 | A2 ^ -> ZN v | NAND2_X2  | 0.108 |   0.465 |    0.552 | 
     | U2007                | A1 v -> ZN ^ | OAI22_X1  | 0.073 |   0.537 |    0.625 | 
     | U2019                | A ^ -> S v   | FA_X1     | 0.107 |   0.644 |    0.732 | 
     | U2021                | A v -> S v   | FA_X1     | 0.106 |   0.750 |    0.837 | 
     | U2054                | CI v -> CO v | FA_X1     | 0.073 |   0.823 |    0.911 | 
     | U2048                | CI v -> S ^  | FA_X1     | 0.116 |   0.939 |    1.026 | 
     | U2050                | CI ^ -> S v  | FA_X1     | 0.095 |   1.034 |    1.121 | 
     | U273                 | A1 v -> ZN v | OR2_X1    | 0.057 |   1.090 |    1.178 | 
     | U2057                | A2 v -> ZN ^ | NAND2_X1  | 0.023 |   1.113 |    1.201 | 
     | U2073                | B1 ^ -> ZN v | OAI21_X1  | 0.015 |   1.129 |    1.216 | 
     | U2074                | A v -> ZN ^  | AOI21_X1  | 0.074 |   1.203 |    1.291 | 
     | U2111                | B1 ^ -> ZN v | OAI21_X1  | 0.051 |   1.254 |    1.342 | 
     | U2127                | B1 v -> ZN ^ | AOI21_X1  | 0.085 |   1.339 |    1.427 | 
     | FE_OFC25_n2873       | A ^ -> Z ^   | BUF_X2    | 0.076 |   1.415 |    1.502 | 
     | U2725                | B1 ^ -> ZN v | OAI21_X1  | 0.029 |   1.444 |    1.532 | 
     | U2726                | B v -> ZN ^  | XNOR2_X1  | 0.039 |   1.484 |    1.571 | 
     | U2727                | A1 ^ -> ZN v | NAND2_X1  | 0.017 |   1.501 |    1.588 | 
     | U3009                | A1 v -> ZN ^ | NAND2_X1  | 0.017 |   1.518 |    1.606 | 
     | p_reg_Y_temp_reg_53_ | D ^          | DFF_X1    | 0.000 |   1.518 |    1.606 | 
     +------------------------------------------------------------------------------+ 
Path 9: MET Setup Check with Pin p_reg_Y_temp_reg_48_/CK 
Endpoint:   p_reg_Y_temp_reg_48_/D (v) checked with  leading edge of 'CLK'
Beginpoint: A_reg_Y_temp_reg_9_/Q  (^) triggered by  leading edge of 'CLK'
Path Groups: {CLK}
Analysis View: default
Other End Arrival Time          0.050
- Setup                         0.025
+ Phase Shift                   1.632
- Uncertainty                   0.050
= Required Time                 1.608
- Arrival Time                  1.519
= Slack Time                    0.089
     Clock Rise Edge                 0.000
     + Clock Network Latency (Ideal) 0.050
     = Beginpoint Arrival Time       0.050
     +------------------------------------------------------------------------------+ 
     |       Instance       |     Arc      |   Cell    | Delay | Arrival | Required | 
     |                      |              |           |       |  Time   |   Time   | 
     |----------------------+--------------+-----------+-------+---------+----------| 
     | A_reg_Y_temp_reg_9_  | CK ^         |           |       |   0.050 |    0.139 | 
     | A_reg_Y_temp_reg_9_  | CK ^ -> Q ^  | DFF_X1    | 0.140 |   0.190 |    0.279 | 
     | U494                 | B ^ -> ZN ^  | XNOR2_X1  | 0.048 |   0.238 |    0.327 | 
     | FE_OFC22_n1845       | A ^ -> Z ^   | CLKBUF_X2 | 0.118 |   0.357 |    0.445 | 
     | U741                 | A2 ^ -> ZN v | NAND2_X2  | 0.108 |   0.465 |    0.553 | 
     | U2007                | A1 v -> ZN ^ | OAI22_X1  | 0.073 |   0.537 |    0.626 | 
     | U2019                | A ^ -> S v   | FA_X1     | 0.107 |   0.644 |    0.733 | 
     | U2021                | A v -> S v   | FA_X1     | 0.106 |   0.750 |    0.838 | 
     | U2054                | CI v -> CO v | FA_X1     | 0.073 |   0.823 |    0.912 | 
     | U2048                | CI v -> S ^  | FA_X1     | 0.116 |   0.939 |    1.027 | 
     | U2050                | CI ^ -> S v  | FA_X1     | 0.095 |   1.034 |    1.122 | 
     | U273                 | A1 v -> ZN v | OR2_X1    | 0.057 |   1.090 |    1.179 | 
     | U2057                | A2 v -> ZN ^ | NAND2_X1  | 0.023 |   1.113 |    1.202 | 
     | U2073                | B1 ^ -> ZN v | OAI21_X1  | 0.015 |   1.129 |    1.217 | 
     | U2074                | A v -> ZN ^  | AOI21_X1  | 0.074 |   1.203 |    1.292 | 
     | U2111                | B1 ^ -> ZN v | OAI21_X1  | 0.051 |   1.254 |    1.343 | 
     | U2127                | B1 v -> ZN ^ | AOI21_X1  | 0.085 |   1.339 |    1.428 | 
     | FE_OFC25_n2873       | A ^ -> Z ^   | BUF_X2    | 0.076 |   1.415 |    1.503 | 
     | U2794                | B1 ^ -> ZN v | OAI21_X1  | 0.026 |   1.441 |    1.530 | 
     | U2795                | A v -> ZN v  | XNOR2_X1  | 0.044 |   1.485 |    1.574 | 
     | U2796                | A1 v -> ZN ^ | NAND2_X1  | 0.019 |   1.505 |    1.593 | 
     | U3018                | A1 ^ -> ZN v | NAND2_X1  | 0.014 |   1.519 |    1.608 | 
     | p_reg_Y_temp_reg_48_ | D v          | DFF_X1    | 0.000 |   1.519 |    1.608 | 
     +------------------------------------------------------------------------------+ 
Path 10: MET Setup Check with Pin p_reg_Y_temp_reg_52_/CK 
Endpoint:   p_reg_Y_temp_reg_52_/D (^) checked with  leading edge of 'CLK'
Beginpoint: A_reg_Y_temp_reg_9_/Q  (^) triggered by  leading edge of 'CLK'
Path Groups: {CLK}
Analysis View: default
Other End Arrival Time          0.050
- Setup                         0.027
+ Phase Shift                   1.632
- Uncertainty                   0.050
= Required Time                 1.606
- Arrival Time                  1.516
= Slack Time                    0.089
     Clock Rise Edge                 0.000
     + Clock Network Latency (Ideal) 0.050
     = Beginpoint Arrival Time       0.050
     +------------------------------------------------------------------------------+ 
     |       Instance       |     Arc      |   Cell    | Delay | Arrival | Required | 
     |                      |              |           |       |  Time   |   Time   | 
     |----------------------+--------------+-----------+-------+---------+----------| 
     | A_reg_Y_temp_reg_9_  | CK ^         |           |       |   0.050 |    0.139 | 
     | A_reg_Y_temp_reg_9_  | CK ^ -> Q ^  | DFF_X1    | 0.140 |   0.190 |    0.280 | 
     | U494                 | B ^ -> ZN ^  | XNOR2_X1  | 0.048 |   0.238 |    0.328 | 
     | FE_OFC22_n1845       | A ^ -> Z ^   | CLKBUF_X2 | 0.118 |   0.357 |    0.446 | 
     | U741                 | A2 ^ -> ZN v | NAND2_X2  | 0.108 |   0.465 |    0.554 | 
     | U2007                | A1 v -> ZN ^ | OAI22_X1  | 0.073 |   0.537 |    0.627 | 
     | U2019                | A ^ -> S v   | FA_X1     | 0.107 |   0.644 |    0.733 | 
     | U2021                | A v -> S v   | FA_X1     | 0.106 |   0.750 |    0.839 | 
     | U2054                | CI v -> CO v | FA_X1     | 0.073 |   0.823 |    0.912 | 
     | U2048                | CI v -> S ^  | FA_X1     | 0.116 |   0.939 |    1.028 | 
     | U2050                | CI ^ -> S v  | FA_X1     | 0.095 |   1.034 |    1.123 | 
     | U273                 | A1 v -> ZN v | OR2_X1    | 0.057 |   1.090 |    1.180 | 
     | U2057                | A2 v -> ZN ^ | NAND2_X1  | 0.023 |   1.113 |    1.203 | 
     | U2073                | B1 ^ -> ZN v | OAI21_X1  | 0.015 |   1.129 |    1.218 | 
     | U2074                | A v -> ZN ^  | AOI21_X1  | 0.074 |   1.203 |    1.292 | 
     | U2111                | B1 ^ -> ZN v | OAI21_X1  | 0.051 |   1.254 |    1.343 | 
     | U2127                | B1 v -> ZN ^ | AOI21_X1  | 0.085 |   1.339 |    1.428 | 
     | FE_OFC25_n2873       | A ^ -> Z ^   | BUF_X2    | 0.076 |   1.415 |    1.504 | 
     | U2749                | B1 ^ -> ZN v | OAI21_X1  | 0.029 |   1.443 |    1.533 | 
     | U2750                | B v -> ZN ^  | XNOR2_X1  | 0.039 |   1.483 |    1.572 | 
     | U2751                | A1 ^ -> ZN v | NAND2_X1  | 0.017 |   1.499 |    1.589 | 
     | U3011                | A1 v -> ZN ^ | NAND2_X1  | 0.017 |   1.516 |    1.606 | 
     | p_reg_Y_temp_reg_52_ | D ^          | DFF_X1    | 0.000 |   1.516 |    1.606 | 
     +------------------------------------------------------------------------------+ 

