###############################################################
#  Generated by:      Cadence Innovus 23.35-s106_1
#  OS:                Linux x86_64(Host ID microsys.openstack.polito)
#  Generated on:      Sat Oct 10 19:33:41 2026
#  Design:            boothmul_registered
#  Command:           report_ccopt_skew_groups -file reports/05_skew_groups.rpt
###############################################################

Skew Group Structure:
=====================

-----------------------------------------------------------------------------
Skew Group                Sources    Constrained Sinks    Unconstrained Sinks
-----------------------------------------------------------------------------
CLK/coherent-synthesis       1              128                    0
-----------------------------------------------------------------------------

Skew Group Summary:
===================

---------------------------------------------------------------------------------------------------------------------------------------------------------------------------
Timing Corner         Skew Group                ID Target    Min ID    Max ID    Avg ID    Std.Dev. ID    Skew Target Type    Skew Target    Skew     Skew window occupancy
---------------------------------------------------------------------------------------------------------------------------------------------------------------------------
std-typ:both.early    CLK/coherent-synthesis        -        0.059     0.075     0.069        0.005       ignored                  -         0.016              -
std-typ:both.late     CLK/coherent-synthesis    *0.050       0.059     0.075     0.069        0.005       explicit             0.050         0.016    100% {0.059, 0.075}
---------------------------------------------------------------------------------------------------------------------------------------------------------------------------

* - indicates that target was not met.

Skew Group Min/Max path pins:
=============================

------------------------------------------------------------------------------------
Timing Corner         Skew Group                Min ID    PathID    Max ID    PathID
------------------------------------------------------------------------------------
std-typ:both.early    CLK/coherent-synthesis    0.059       1       0.075       2
-    min A_reg_Y_temp_reg_21_/CK
-    max B_reg_Y_temp_reg_22_/CK
std-typ:both.late     CLK/coherent-synthesis    0.059       3       0.075       4
-    min A_reg_Y_temp_reg_21_/CK
-    max B_reg_Y_temp_reg_22_/CK
------------------------------------------------------------------------------------

Timing for timing corner std-typ:both.early, min clock_path:
============================================================

PathID    : 1
Path type : skew group CLK/coherent-synthesis (path 1 of 1)
Start     : CLK
End       : A_reg_Y_temp_reg_21_/CK
Delay     : 0.059

------------------------------------------------------------------------------------------------
Name  Lib cell   Event  Incr   Arrival  Slew   Cap     Location         Distance  Fanout  Status
                        (ns)   (ns)     (ns)   (fF)                     (um)              
-- Clockpath trace -----------------------------------------------------------------------------
CLK
-     -          rise   -       0.000   0.002  21.581  (71.305,0.000)   -            4    
CTS_idc_buf_00007/A
-     CLKBUF_X2  rise   0.002   0.002   0.002  -       (29.010,78.715)  121.010   -       
CTS_idc_buf_00007/Z
-     CLKBUF_X2  rise   0.056   0.058   0.037  30.271  (28.645,79.090)    0.740     22    
A_reg_Y_temp_reg_21_/CK
-     DFF_X1     rise   0.001   0.059   0.037  -       (25.690,82.570)    6.435   -       
------------------------------------------------------------------------------------------------

Timing for timing corner std-typ:both.early, max clock_path:
============================================================

PathID    : 2
Path type : skew group CLK/coherent-synthesis (path 1 of 1)
Start     : CLK
End       : B_reg_Y_temp_reg_22_/CK
Delay     : 0.075

-------------------------------------------------------------------------------------------------
Name  Lib cell   Event  Incr   Arrival  Slew   Cap     Location          Distance  Fanout  Status
                        (ns)   (ns)     (ns)   (fF)                      (um)              
-- Clockpath trace ------------------------------------------------------------------------------
CLK
-     -          rise   -       0.000   0.002  21.581  (71.305,0.000)    -            4    
CTS_ccl_a_buf_00002/A
-     CLKBUF_X3  rise   0.001   0.001   0.002  -       (110.450,15.365)   54.510   -       
CTS_ccl_a_buf_00002/Z
-     CLKBUF_X3  rise   0.067   0.067   0.047  57.439  (110.815,15.020)    0.710     45    
B_reg_Y_temp_reg_22_/CK
-     DFF_X1     rise   0.008   0.075   0.047  -       (91.050,68.570)    73.315   -       
-------------------------------------------------------------------------------------------------

Timing for timing corner std-typ:both.late, min clock_path:
===========================================================

PathID    : 3
Path type : skew group CLK/coherent-synthesis (path 1 of 1)
Start     : CLK
End       : A_reg_Y_temp_reg_21_/CK
Delay     : 0.059

------------------------------------------------------------------------------------------------
Name  Lib cell   Event  Incr   Arrival  Slew   Cap     Location         Distance  Fanout  Status
                        (ns)   (ns)     (ns)   (fF)                     (um)              
-- Clockpath trace -----------------------------------------------------------------------------
CLK
-     -          rise   -       0.000   0.002  21.581  (71.305,0.000)   -            4    
CTS_idc_buf_00007/A
-     CLKBUF_X2  rise   0.002   0.002   0.002  -       (29.010,78.715)  121.010   -       
CTS_idc_buf_00007/Z
-     CLKBUF_X2  rise   0.056   0.058   0.037  30.271  (28.645,79.090)    0.740     22    
A_reg_Y_temp_reg_21_/CK
-     DFF_X1     rise   0.001   0.059   0.037  -       (25.690,82.570)    6.435   -       
------------------------------------------------------------------------------------------------

Timing for timing corner std-typ:both.late, max clock_path:
===========================================================

PathID    : 4
Path type : skew group CLK/coherent-synthesis (path 1 of 1)
Start     : CLK
End       : B_reg_Y_temp_reg_22_/CK
Delay     : 0.075

-------------------------------------------------------------------------------------------------
Name  Lib cell   Event  Incr   Arrival  Slew   Cap     Location          Distance  Fanout  Status
                        (ns)   (ns)     (ns)   (fF)                      (um)              
-- Clockpath trace ------------------------------------------------------------------------------
CLK
-     -          rise   -       0.000   0.002  21.581  (71.305,0.000)    -            4    
CTS_ccl_a_buf_00002/A
-     CLKBUF_X3  rise   0.001   0.001   0.002  -       (110.450,15.365)   54.510   -       
CTS_ccl_a_buf_00002/Z
-     CLKBUF_X3  rise   0.067   0.068   0.047  57.439  (110.815,15.020)    0.710     45    
B_reg_Y_temp_reg_22_/CK
-     DFF_X1     rise   0.007   0.075   0.047  -       (91.050,68.570)    73.315   -       
-------------------------------------------------------------------------------------------------

