###############################################################
#  Generated by:      Cadence Innovus 23.35-s106_1
#  OS:                Linux x86_64(Host ID microsys.openstack.polito)
#  Generated on:      Sat Oct 10 23:05:05 2026
#  Design:            boothmul_registered
#  Command:           report_timing -max_paths 10 > reports/04_preCTS_setup_paths.rpt
###############################################################
Path 1: MET Setup Check with Pin p_reg_Y_temp_reg_63_/CK 
Endpoint:   p_reg_Y_temp_reg_63_/D (v) checked with  leading edge of 'CLK'
Beginpoint: B_reg_Y_temp_reg_1_/Q  (^) triggered by  leading edge of 'CLK'
Path Groups: {CLK}
Analysis View: default
Other End Arrival Time          0.050
- Setup                         0.024
+ Phase Shift                   5.998
- Uncertainty                   0.050
= Required Time                 5.973
- Arrival Time                  4.547
= Slack Time                    1.427
     Clock Rise Edge                 0.000
     + Clock Network Latency (Ideal) 0.050
     = Beginpoint Arrival Time       0.050
     +------------------------------------------------------------------------------+ 
     |       Instance       |     Arc      |   Cell    | Delay | Arrival | Required | 
     |                      |              |           |       |  Time   |   Time   | 
     |----------------------+--------------+-----------+-------+---------+----------| 
     | B_reg_Y_temp_reg_1_  | CK ^         |           |       |   0.050 |    1.477 | 
     | B_reg_Y_temp_reg_1_  | CK ^ -> Q ^  | DFF_X2    | 0.180 |   0.230 |    1.657 | 
     | U1607                | B2 ^ -> ZN v | OAI21_X1  | 0.024 |   0.254 |    1.681 | 
     | FE_OFC5_n488         | A v -> Z v   | CLKBUF_X1 | 0.146 |   0.400 |    1.827 | 
     | U1614                | A v -> ZN ^  | INV_X1    | 0.155 |   0.555 |    1.982 | 
     | U1615                | B2 ^ -> ZN v | AOI22_X1  | 0.044 |   0.599 |    2.026 | 
     | U1616                | A2 v -> ZN ^ | NAND2_X1  | 0.033 |   0.632 |    2.059 | 
     | U1489                | A1 ^ -> ZN v | NOR2_X1   | 0.017 |   0.649 |    2.076 | 
     | U1619                | A1 v -> ZN v | AND2_X1   | 0.033 |   0.682 |    2.109 | 
     | U1624                | A1 v -> ZN ^ | NAND2_X1  | 0.018 |   0.700 |    2.127 | 
     | U3398                | A1 ^ -> ZN v | NAND2_X1  | 0.016 |   0.717 |    2.144 | 
     | U3399                | B v -> ZN v  | XNOR2_X1  | 0.049 |   0.766 |    2.193 | 
     | U3976                | A v -> S v   | FA_X1     | 0.104 |   0.870 |    2.297 | 
     | U3971                | CI v -> S ^  | FA_X1     | 0.123 |   0.993 |    2.420 | 
     | U3412                | A1 ^ -> ZN v | NAND2_X1  | 0.016 |   1.009 |    2.436 | 
     | U3414                | A2 v -> ZN ^ | NAND3_X1  | 0.021 |   1.030 |    2.457 | 
     | intadd_1939_U3       | CI ^ -> S v  | FA_X1     | 0.096 |   1.126 |    2.553 | 
     | intadd_1897_U54      | B v -> CO v  | FA_X1     | 0.082 |   1.209 |    2.636 | 
     | intadd_1897_U53      | CI v -> CO v | FA_X1     | 0.072 |   1.280 |    2.707 | 
     | intadd_1897_U52      | CI v -> CO v | FA_X1     | 0.072 |   1.353 |    2.780 | 
     | intadd_1897_U51      | CI v -> CO v | FA_X1     | 0.072 |   1.425 |    2.852 | 
     | intadd_1897_U50      | CI v -> CO v | FA_X1     | 0.073 |   1.497 |    2.924 | 
     | intadd_1897_U49      | CI v -> CO v | FA_X1     | 0.073 |   1.571 |    2.998 | 
     | intadd_1897_U48      | CI v -> CO v | FA_X1     | 0.072 |   1.643 |    3.070 | 
     | intadd_1897_U47      | CI v -> CO v | FA_X1     | 0.072 |   1.715 |    3.142 | 
     | intadd_1897_U46      | CI v -> CO v | FA_X1     | 0.072 |   1.787 |    3.214 | 
     | intadd_1897_U45      | CI v -> CO v | FA_X1     | 0.073 |   1.860 |    3.287 | 
     | intadd_1897_U44      | CI v -> CO v | FA_X1     | 0.073 |   1.933 |    3.360 | 
     | intadd_1897_U43      | CI v -> CO v | FA_X1     | 0.079 |   2.012 |    3.439 | 
     | intadd_1897_U42      | CI v -> CO v | FA_X1     | 0.077 |   2.089 |    3.516 | 
     | intadd_1897_U41      | CI v -> CO v | FA_X1     | 0.073 |   2.162 |    3.589 | 
     | intadd_1897_U40      | CI v -> CO v | FA_X1     | 0.072 |   2.234 |    3.661 | 
     | intadd_1897_U39      | CI v -> CO v | FA_X1     | 0.072 |   2.306 |    3.733 | 
     | intadd_1897_U38      | CI v -> CO v | FA_X1     | 0.072 |   2.378 |    3.805 | 
     | intadd_1897_U37      | CI v -> CO v | FA_X1     | 0.073 |   2.451 |    3.878 | 
     | intadd_1897_U36      | CI v -> CO v | FA_X1     | 0.072 |   2.524 |    3.951 | 
     | intadd_1897_U35      | CI v -> CO v | FA_X1     | 0.088 |   2.612 |    4.039 | 
     | U2904                | A1 v -> ZN ^ | NAND2_X1  | 0.019 |   2.631 |    4.058 | 
     | U1538                | A2 ^ -> ZN ^ | AND3_X1   | 0.051 |   2.682 |    4.109 | 
     | U2906                | B2 ^ -> ZN v | OAI21_X1  | 0.022 |   2.705 |    4.132 | 
     | intadd_1897_U32      | CI v -> CO v | FA_X1     | 0.074 |   2.779 |    4.206 | 
     | intadd_1897_U31      | CI v -> CO v | FA_X1     | 0.079 |   2.858 |    4.285 | 
     | intadd_1897_U30      | CI v -> CO v | FA_X1     | 0.075 |   2.933 |    4.360 | 
     | intadd_1897_U29      | CI v -> CO v | FA_X1     | 0.073 |   3.006 |    4.433 | 
     | intadd_1897_U28      | CI v -> CO v | FA_X1     | 0.074 |   3.081 |    4.508 | 
     | intadd_1897_U27      | CI v -> CO v | FA_X1     | 0.075 |   3.155 |    4.582 | 
     | intadd_1897_U26      | CI v -> CO v | FA_X1     | 0.076 |   3.232 |    4.659 | 
     | intadd_1897_U25      | CI v -> CO v | FA_X1     | 0.074 |   3.306 |    4.733 | 
     | intadd_1897_U24      | CI v -> CO v | FA_X1     | 0.073 |   3.379 |    4.806 | 
     | intadd_1897_U23      | CI v -> CO v | FA_X1     | 0.073 |   3.453 |    4.880 | 
     | intadd_1897_U22      | CI v -> CO v | FA_X1     | 0.075 |   3.528 |    4.955 | 
     | intadd_1897_U21      | CI v -> CO v | FA_X1     | 0.073 |   3.601 |    5.028 | 
     | intadd_1897_U20      | CI v -> CO v | FA_X1     | 0.073 |   3.674 |    5.101 | 
     | intadd_1897_U19      | CI v -> CO v | FA_X1     | 0.078 |   3.752 |    5.179 | 
     | U2563                | A1 v -> ZN ^ | NAND2_X1  | 0.019 |   3.771 |    5.198 | 
     | U1519                | A1 ^ -> ZN v | NAND2_X1  | 0.018 |   3.789 |    5.216 | 
     | U2564                | A1 v -> ZN ^ | NAND2_X1  | 0.015 |   3.804 |    5.231 | 
     | U1587                | A1 ^ -> ZN v | NAND2_X1  | 0.022 |   3.826 |    5.253 | 
     | U2566                | A1 v -> ZN ^ | NAND2_X1  | 0.015 |   3.841 |    5.268 | 
     | U1536                | A2 ^ -> ZN ^ | AND3_X1   | 0.051 |   3.892 |    5.319 | 
     | U2568                | B2 ^ -> ZN v | OAI21_X1  | 0.025 |   3.916 |    5.343 | 
     | U1504                | A1 v -> ZN ^ | NAND2_X1  | 0.015 |   3.931 |    5.358 | 
     | U1535                | A1 ^ -> ZN ^ | AND2_X1   | 0.036 |   3.967 |    5.394 | 
     | U2569                | B2 ^ -> ZN v | OAI21_X1  | 0.023 |   3.990 |    5.417 | 
     | U1498                | A1 v -> ZN ^ | NAND2_X1  | 0.014 |   4.004 |    5.431 | 
     | U1534                | A1 ^ -> ZN ^ | AND2_X1   | 0.037 |   4.041 |    5.468 | 
     | U2571                | B2 ^ -> ZN v | OAI21_X1  | 0.023 |   4.064 |    5.491 | 
     | U1516                | A1 v -> ZN ^ | NAND2_X1  | 0.016 |   4.080 |    5.507 | 
     | U1588                | A1 ^ -> ZN v | NAND2_X1  | 0.018 |   4.098 |    5.525 | 
     | U2575                | A1 v -> ZN ^ | NAND2_X1  | 0.015 |   4.113 |    5.540 | 
     | U1597                | A1 ^ -> ZN v | NAND2_X1  | 0.021 |   4.134 |    5.561 | 
     | U2578                | A2 v -> ZN ^ | NAND2_X1  | 0.019 |   4.153 |    5.580 | 
     | U2580                | A2 ^ -> ZN v | NAND3_X1  | 0.032 |   4.185 |    5.612 | 
     | U2583                | A2 v -> ZN ^ | NAND2_X1  | 0.022 |   4.207 |    5.634 | 
     | U2585                | A2 ^ -> ZN v | NAND3_X1  | 0.028 |   4.235 |    5.662 | 
     | U2588                | A1 v -> ZN ^ | NAND2_X1  | 0.018 |   4.252 |    5.679 | 
     | U2589                | A1 ^ -> ZN v | NAND2_X1  | 0.022 |   4.274 |    5.701 | 
     | U2592                | A2 v -> ZN ^ | NAND2_X1  | 0.020 |   4.294 |    5.721 | 
     | U2594                | A2 ^ -> ZN v | NAND3_X1  | 0.034 |   4.327 |    5.754 | 
     | U2597                | A2 v -> ZN ^ | NAND2_X1  | 0.024 |   4.351 |    5.778 | 
     | U2599                | A2 ^ -> ZN v | NAND3_X1  | 0.029 |   4.380 |    5.807 | 
     | U2601                | A1 v -> ZN ^ | NAND2_X1  | 0.018 |   4.398 |    5.825 | 
     | U1596                | A1 ^ -> ZN v | NAND2_X1  | 0.018 |   4.416 |    5.843 | 
     | U2602                | A1 v -> ZN ^ | NAND2_X1  | 0.015 |   4.431 |    5.858 | 
     | U1510                | A1 ^ -> ZN v | NAND2_X1  | 0.014 |   4.445 |    5.872 | 
     | U2891                | A v -> ZN v  | XNOR2_X1  | 0.043 |   4.488 |    5.915 | 
     | U3                   | B2 v -> ZN ^ | AOI22_X1  | 0.050 |   4.538 |    5.965 | 
     | U4                   | A ^ -> ZN v  | INV_X1    | 0.008 |   4.547 |    5.973 | 
     | p_reg_Y_temp_reg_63_ | D v          | DFF_X1    | 0.000 |   4.547 |    5.973 | 
     +------------------------------------------------------------------------------+ 
Path 2: MET Setup Check with Pin p_reg_Y_temp_reg_62_/CK 
Endpoint:   p_reg_Y_temp_reg_62_/D (v) checked with  leading edge of 'CLK'
Beginpoint: B_reg_Y_temp_reg_1_/Q  (^) triggered by  leading edge of 'CLK'
Path Groups: {CLK}
Analysis View: default
Other End Arrival Time          0.050
- Setup                         0.024
+ Phase Shift                   5.998
- Uncertainty                   0.050
= Required Time                 5.973
- Arrival Time                  4.517
= Slack Time                    1.457
     Clock Rise Edge                 0.000
     + Clock Network Latency (Ideal) 0.050
     = Beginpoint Arrival Time       0.050
     +------------------------------------------------------------------------------+ 
     |       Instance       |     Arc      |   Cell    | Delay | Arrival | Required | 
     |                      |              |           |       |  Time   |   Time   | 
     |----------------------+--------------+-----------+-------+---------+----------| 
     | B_reg_Y_temp_reg_1_  | CK ^         |           |       |   0.050 |    1.507 | 
     | B_reg_Y_temp_reg_1_  | CK ^ -> Q ^  | DFF_X2    | 0.180 |   0.230 |    1.687 | 
     | U1607                | B2 ^ -> ZN v | OAI21_X1  | 0.024 |   0.254 |    1.711 | 
     | FE_OFC5_n488         | A v -> Z v   | CLKBUF_X1 | 0.146 |   0.400 |    1.857 | 
     | U1614                | A v -> ZN ^  | INV_X1    | 0.155 |   0.555 |    2.011 | 
     | U1615                | B2 ^ -> ZN v | AOI22_X1  | 0.044 |   0.599 |    2.056 | 
     | U1616                | A2 v -> ZN ^ | NAND2_X1  | 0.033 |   0.632 |    2.088 | 
     | U1489                | A1 ^ -> ZN v | NOR2_X1   | 0.017 |   0.649 |    2.106 | 
     | U1619                | A1 v -> ZN v | AND2_X1   | 0.033 |   0.682 |    2.139 | 
     | U1624                | A1 v -> ZN ^ | NAND2_X1  | 0.018 |   0.700 |    2.157 | 
     | U3398                | A1 ^ -> ZN v | NAND2_X1  | 0.016 |   0.717 |    2.173 | 
     | U3399                | B v -> ZN v  | XNOR2_X1  | 0.049 |   0.766 |    2.223 | 
     | U3976                | A v -> S v   | FA_X1     | 0.104 |   0.870 |    2.327 | 
     | U3971                | CI v -> S ^  | FA_X1     | 0.123 |   0.993 |    2.450 | 
     | U3412                | A1 ^ -> ZN v | NAND2_X1  | 0.016 |   1.009 |    2.466 | 
     | U3414                | A2 v -> ZN ^ | NAND3_X1  | 0.021 |   1.030 |    2.487 | 
     | intadd_1939_U3       | CI ^ -> S v  | FA_X1     | 0.096 |   1.126 |    2.583 | 
     | intadd_1897_U54      | B v -> CO v  | FA_X1     | 0.082 |   1.209 |    2.665 | 
     | intadd_1897_U53      | CI v -> CO v | FA_X1     | 0.072 |   1.280 |    2.737 | 
     | intadd_1897_U52      | CI v -> CO v | FA_X1     | 0.072 |   1.353 |    2.809 | 
     | intadd_1897_U51      | CI v -> CO v | FA_X1     | 0.072 |   1.425 |    2.881 | 
     | intadd_1897_U50      | CI v -> CO v | FA_X1     | 0.073 |   1.497 |    2.954 | 
     | intadd_1897_U49      | CI v -> CO v | FA_X1     | 0.073 |   1.571 |    3.027 | 
     | intadd_1897_U48      | CI v -> CO v | FA_X1     | 0.072 |   1.643 |    3.099 | 
     | intadd_1897_U47      | CI v -> CO v | FA_X1     | 0.072 |   1.715 |    3.172 | 
     | intadd_1897_U46      | CI v -> CO v | FA_X1     | 0.072 |   1.787 |    3.243 | 
     | intadd_1897_U45      | CI v -> CO v | FA_X1     | 0.073 |   1.860 |    3.316 | 
     | intadd_1897_U44      | CI v -> CO v | FA_X1     | 0.073 |   1.933 |    3.389 | 
     | intadd_1897_U43      | CI v -> CO v | FA_X1     | 0.079 |   2.012 |    3.469 | 
     | intadd_1897_U42      | CI v -> CO v | FA_X1     | 0.077 |   2.089 |    3.546 | 
     | intadd_1897_U41      | CI v -> CO v | FA_X1     | 0.073 |   2.162 |    3.619 | 
     | intadd_1897_U40      | CI v -> CO v | FA_X1     | 0.072 |   2.234 |    3.691 | 
     | intadd_1897_U39      | CI v -> CO v | FA_X1     | 0.072 |   2.306 |    3.763 | 
     | intadd_1897_U38      | CI v -> CO v | FA_X1     | 0.072 |   2.378 |    3.835 | 
     | intadd_1897_U37      | CI v -> CO v | FA_X1     | 0.073 |   2.451 |    3.908 | 
     | intadd_1897_U36      | CI v -> CO v | FA_X1     | 0.072 |   2.524 |    3.980 | 
     | intadd_1897_U35      | CI v -> CO v | FA_X1     | 0.088 |   2.612 |    4.069 | 
     | U2904                | A1 v -> ZN ^ | NAND2_X1  | 0.019 |   2.631 |    4.088 | 
     | U1538                | A2 ^ -> ZN ^ | AND3_X1   | 0.051 |   2.682 |    4.139 | 
     | U2906                | B2 ^ -> ZN v | OAI21_X1  | 0.022 |   2.705 |    4.162 | 
     | intadd_1897_U32      | CI v -> CO v | FA_X1     | 0.074 |   2.779 |    4.236 | 
     | intadd_1897_U31      | CI v -> CO v | FA_X1     | 0.079 |   2.858 |    4.314 | 
     | intadd_1897_U30      | CI v -> CO v | FA_X1     | 0.075 |   2.933 |    4.390 | 
     | intadd_1897_U29      | CI v -> CO v | FA_X1     | 0.073 |   3.006 |    4.463 | 
     | intadd_1897_U28      | CI v -> CO v | FA_X1     | 0.074 |   3.081 |    4.538 | 
     | intadd_1897_U27      | CI v -> CO v | FA_X1     | 0.075 |   3.155 |    4.612 | 
     | intadd_1897_U26      | CI v -> CO v | FA_X1     | 0.076 |   3.232 |    4.689 | 
     | intadd_1897_U25      | CI v -> CO v | FA_X1     | 0.074 |   3.306 |    4.763 | 
     | intadd_1897_U24      | CI v -> CO v | FA_X1     | 0.073 |   3.379 |    4.836 | 
     | intadd_1897_U23      | CI v -> CO v | FA_X1     | 0.073 |   3.453 |    4.910 | 
     | intadd_1897_U22      | CI v -> CO v | FA_X1     | 0.075 |   3.528 |    4.984 | 
     | intadd_1897_U21      | CI v -> CO v | FA_X1     | 0.073 |   3.601 |    5.057 | 
     | intadd_1897_U20      | CI v -> CO v | FA_X1     | 0.073 |   3.674 |    5.131 | 
     | intadd_1897_U19      | CI v -> CO v | FA_X1     | 0.078 |   3.752 |    5.209 | 
     | U2563                | A1 v -> ZN ^ | NAND2_X1  | 0.019 |   3.771 |    5.227 | 
     | U1519                | A1 ^ -> ZN v | NAND2_X1  | 0.018 |   3.789 |    5.245 | 
     | U2564                | A1 v -> ZN ^ | NAND2_X1  | 0.015 |   3.804 |    5.261 | 
     | U1587                | A1 ^ -> ZN v | NAND2_X1  | 0.022 |   3.826 |    5.282 | 
     | U2566                | A1 v -> ZN ^ | NAND2_X1  | 0.015 |   3.841 |    5.297 | 
     | U1536                | A2 ^ -> ZN ^ | AND3_X1   | 0.051 |   3.892 |    5.348 | 
     | U2568                | B2 ^ -> ZN v | OAI21_X1  | 0.025 |   3.916 |    5.373 | 
     | U1504                | A1 v -> ZN ^ | NAND2_X1  | 0.015 |   3.931 |    5.387 | 
     | U1535                | A1 ^ -> ZN ^ | AND2_X1   | 0.036 |   3.967 |    5.424 | 
     | U2569                | B2 ^ -> ZN v | OAI21_X1  | 0.023 |   3.990 |    5.447 | 
     | U1498                | A1 v -> ZN ^ | NAND2_X1  | 0.014 |   4.004 |    5.461 | 
     | U1534                | A1 ^ -> ZN ^ | AND2_X1   | 0.037 |   4.041 |    5.498 | 
     | U2571                | B2 ^ -> ZN v | OAI21_X1  | 0.023 |   4.064 |    5.521 | 
     | U1516                | A1 v -> ZN ^ | NAND2_X1  | 0.016 |   4.080 |    5.537 | 
     | U1588                | A1 ^ -> ZN v | NAND2_X1  | 0.018 |   4.098 |    5.555 | 
     | U2575                | A1 v -> ZN ^ | NAND2_X1  | 0.015 |   4.113 |    5.570 | 
     | U1597                | A1 ^ -> ZN v | NAND2_X1  | 0.021 |   4.134 |    5.591 | 
     | U2578                | A2 v -> ZN ^ | NAND2_X1  | 0.019 |   4.153 |    5.609 | 
     | U2580                | A2 ^ -> ZN v | NAND3_X1  | 0.032 |   4.185 |    5.642 | 
     | U2583                | A2 v -> ZN ^ | NAND2_X1  | 0.022 |   4.207 |    5.664 | 
     | U2585                | A2 ^ -> ZN v | NAND3_X1  | 0.028 |   4.235 |    5.691 | 
     | U2588                | A1 v -> ZN ^ | NAND2_X1  | 0.018 |   4.252 |    5.709 | 
     | U2589                | A1 ^ -> ZN v | NAND2_X1  | 0.022 |   4.274 |    5.731 | 
     | U2592                | A2 v -> ZN ^ | NAND2_X1  | 0.020 |   4.294 |    5.750 | 
     | U2594                | A2 ^ -> ZN v | NAND3_X1  | 0.034 |   4.327 |    5.784 | 
     | U2597                | A2 v -> ZN ^ | NAND2_X1  | 0.024 |   4.351 |    5.808 | 
     | U2599                | A2 ^ -> ZN v | NAND3_X1  | 0.029 |   4.380 |    5.837 | 
     | U2601                | A1 v -> ZN ^ | NAND2_X1  | 0.018 |   4.398 |    5.855 | 
     | U1596                | A1 ^ -> ZN v | NAND2_X1  | 0.018 |   4.416 |    5.873 | 
     | U1523                | A v -> ZN v  | XNOR2_X1  | 0.043 |   4.460 |    5.916 | 
     | U5                   | B2 v -> ZN ^ | AOI22_X1  | 0.049 |   4.508 |    5.965 | 
     | U6                   | A ^ -> ZN v  | INV_X1    | 0.009 |   4.517 |    5.973 | 
     | p_reg_Y_temp_reg_62_ | D v          | DFF_X1    | 0.000 |   4.517 |    5.973 | 
     +------------------------------------------------------------------------------+ 
Path 3: MET Setup Check with Pin p_reg_Y_temp_reg_61_/CK 
Endpoint:   p_reg_Y_temp_reg_61_/D (v) checked with  leading edge of 'CLK'
Beginpoint: B_reg_Y_temp_reg_1_/Q  (^) triggered by  leading edge of 'CLK'
Path Groups: {CLK}
Analysis View: default
Other End Arrival Time          0.050
- Setup                         0.024
+ Phase Shift                   5.998
- Uncertainty                   0.050
= Required Time                 5.973
- Arrival Time                  4.482
= Slack Time                    1.491
     Clock Rise Edge                 0.000
     + Clock Network Latency (Ideal) 0.050
     = Beginpoint Arrival Time       0.050
     +------------------------------------------------------------------------------+ 
     |       Instance       |     Arc      |   Cell    | Delay | Arrival | Required | 
     |                      |              |           |       |  Time   |   Time   | 
     |----------------------+--------------+-----------+-------+---------+----------| 
     | B_reg_Y_temp_reg_1_  | CK ^         |           |       |   0.050 |    1.541 | 
     | B_reg_Y_temp_reg_1_  | CK ^ -> Q ^  | DFF_X2    | 0.180 |   0.230 |    1.722 | 
     | U1607                | B2 ^ -> ZN v | OAI21_X1  | 0.024 |   0.254 |    1.745 | 
     | FE_OFC5_n488         | A v -> Z v   | CLKBUF_X1 | 0.146 |   0.400 |    1.892 | 
     | U1614                | A v -> ZN ^  | INV_X1    | 0.155 |   0.555 |    2.046 | 
     | U1615                | B2 ^ -> ZN v | AOI22_X1  | 0.044 |   0.599 |    2.090 | 
     | U1616                | A2 v -> ZN ^ | NAND2_X1  | 0.033 |   0.632 |    2.123 | 
     | U1489                | A1 ^ -> ZN v | NOR2_X1   | 0.017 |   0.649 |    2.141 | 
     | U1619                | A1 v -> ZN v | AND2_X1   | 0.033 |   0.682 |    2.174 | 
     | U1624                | A1 v -> ZN ^ | NAND2_X1  | 0.018 |   0.700 |    2.192 | 
     | U3398                | A1 ^ -> ZN v | NAND2_X1  | 0.016 |   0.717 |    2.208 | 
     | U3399                | B v -> ZN v  | XNOR2_X1  | 0.049 |   0.766 |    2.257 | 
     | U3976                | A v -> S v   | FA_X1     | 0.104 |   0.870 |    2.362 | 
     | U3971                | CI v -> S ^  | FA_X1     | 0.123 |   0.993 |    2.485 | 
     | U3412                | A1 ^ -> ZN v | NAND2_X1  | 0.016 |   1.009 |    2.500 | 
     | U3414                | A2 v -> ZN ^ | NAND3_X1  | 0.021 |   1.030 |    2.522 | 
     | intadd_1939_U3       | CI ^ -> S v  | FA_X1     | 0.096 |   1.126 |    2.618 | 
     | intadd_1897_U54      | B v -> CO v  | FA_X1     | 0.082 |   1.209 |    2.700 | 
     | intadd_1897_U53      | CI v -> CO v | FA_X1     | 0.072 |   1.280 |    2.772 | 
     | intadd_1897_U52      | CI v -> CO v | FA_X1     | 0.072 |   1.353 |    2.844 | 
     | intadd_1897_U51      | CI v -> CO v | FA_X1     | 0.072 |   1.425 |    2.916 | 
     | intadd_1897_U50      | CI v -> CO v | FA_X1     | 0.073 |   1.497 |    2.989 | 
     | intadd_1897_U49      | CI v -> CO v | FA_X1     | 0.073 |   1.571 |    3.062 | 
     | intadd_1897_U48      | CI v -> CO v | FA_X1     | 0.072 |   1.643 |    3.134 | 
     | intadd_1897_U47      | CI v -> CO v | FA_X1     | 0.072 |   1.715 |    3.207 | 
     | intadd_1897_U46      | CI v -> CO v | FA_X1     | 0.072 |   1.787 |    3.278 | 
     | intadd_1897_U45      | CI v -> CO v | FA_X1     | 0.073 |   1.860 |    3.351 | 
     | intadd_1897_U44      | CI v -> CO v | FA_X1     | 0.073 |   1.933 |    3.424 | 
     | intadd_1897_U43      | CI v -> CO v | FA_X1     | 0.079 |   2.012 |    3.503 | 
     | intadd_1897_U42      | CI v -> CO v | FA_X1     | 0.077 |   2.089 |    3.581 | 
     | intadd_1897_U41      | CI v -> CO v | FA_X1     | 0.073 |   2.162 |    3.653 | 
     | intadd_1897_U40      | CI v -> CO v | FA_X1     | 0.072 |   2.234 |    3.726 | 
     | intadd_1897_U39      | CI v -> CO v | FA_X1     | 0.072 |   2.306 |    3.797 | 
     | intadd_1897_U38      | CI v -> CO v | FA_X1     | 0.072 |   2.378 |    3.870 | 
     | intadd_1897_U37      | CI v -> CO v | FA_X1     | 0.073 |   2.451 |    3.943 | 
     | intadd_1897_U36      | CI v -> CO v | FA_X1     | 0.072 |   2.524 |    4.015 | 
     | intadd_1897_U35      | CI v -> CO v | FA_X1     | 0.088 |   2.612 |    4.104 | 
     | U2904                | A1 v -> ZN ^ | NAND2_X1  | 0.019 |   2.631 |    4.123 | 
     | U1538                | A2 ^ -> ZN ^ | AND3_X1   | 0.051 |   2.682 |    4.174 | 
     | U2906                | B2 ^ -> ZN v | OAI21_X1  | 0.022 |   2.705 |    4.196 | 
     | intadd_1897_U32      | CI v -> CO v | FA_X1     | 0.074 |   2.779 |    4.270 | 
     | intadd_1897_U31      | CI v -> CO v | FA_X1     | 0.079 |   2.858 |    4.349 | 
     | intadd_1897_U30      | CI v -> CO v | FA_X1     | 0.075 |   2.933 |    4.424 | 
     | intadd_1897_U29      | CI v -> CO v | FA_X1     | 0.073 |   3.006 |    4.498 | 
     | intadd_1897_U28      | CI v -> CO v | FA_X1     | 0.074 |   3.081 |    4.572 | 
     | intadd_1897_U27      | CI v -> CO v | FA_X1     | 0.075 |   3.155 |    4.647 | 
     | intadd_1897_U26      | CI v -> CO v | FA_X1     | 0.076 |   3.232 |    4.723 | 
     | intadd_1897_U25      | CI v -> CO v | FA_X1     | 0.074 |   3.306 |    4.797 | 
     | intadd_1897_U24      | CI v -> CO v | FA_X1     | 0.073 |   3.379 |    4.871 | 
     | intadd_1897_U23      | CI v -> CO v | FA_X1     | 0.073 |   3.453 |    4.944 | 
     | intadd_1897_U22      | CI v -> CO v | FA_X1     | 0.075 |   3.528 |    5.019 | 
     | intadd_1897_U21      | CI v -> CO v | FA_X1     | 0.073 |   3.601 |    5.092 | 
     | intadd_1897_U20      | CI v -> CO v | FA_X1     | 0.073 |   3.674 |    5.166 | 
     | intadd_1897_U19      | CI v -> CO v | FA_X1     | 0.078 |   3.752 |    5.244 | 
     | U2563                | A1 v -> ZN ^ | NAND2_X1  | 0.019 |   3.771 |    5.262 | 
     | U1519                | A1 ^ -> ZN v | NAND2_X1  | 0.018 |   3.789 |    5.280 | 
     | U2564                | A1 v -> ZN ^ | NAND2_X1  | 0.015 |   3.804 |    5.295 | 
     | U1587                | A1 ^ -> ZN v | NAND2_X1  | 0.022 |   3.826 |    5.317 | 
     | U2566                | A1 v -> ZN ^ | NAND2_X1  | 0.015 |   3.841 |    5.332 | 
     | U1536                | A2 ^ -> ZN ^ | AND3_X1   | 0.051 |   3.892 |    5.383 | 
     | U2568                | B2 ^ -> ZN v | OAI21_X1  | 0.025 |   3.916 |    5.408 | 
     | U1504                | A1 v -> ZN ^ | NAND2_X1  | 0.015 |   3.931 |    5.422 | 
     | U1535                | A1 ^ -> ZN ^ | AND2_X1   | 0.036 |   3.967 |    5.459 | 
     | U2569                | B2 ^ -> ZN v | OAI21_X1  | 0.023 |   3.990 |    5.481 | 
     | U1498                | A1 v -> ZN ^ | NAND2_X1  | 0.014 |   4.004 |    5.496 | 
     | U1534                | A1 ^ -> ZN ^ | AND2_X1   | 0.037 |   4.041 |    5.532 | 
     | U2571                | B2 ^ -> ZN v | OAI21_X1  | 0.023 |   4.064 |    5.556 | 
     | U1516                | A1 v -> ZN ^ | NAND2_X1  | 0.016 |   4.080 |    5.572 | 
     | U1588                | A1 ^ -> ZN v | NAND2_X1  | 0.018 |   4.098 |    5.590 | 
     | U2575                | A1 v -> ZN ^ | NAND2_X1  | 0.015 |   4.113 |    5.604 | 
     | U1597                | A1 ^ -> ZN v | NAND2_X1  | 0.021 |   4.134 |    5.626 | 
     | U2578                | A2 v -> ZN ^ | NAND2_X1  | 0.019 |   4.153 |    5.644 | 
     | U2580                | A2 ^ -> ZN v | NAND3_X1  | 0.032 |   4.185 |    5.677 | 
     | U2583                | A2 v -> ZN ^ | NAND2_X1  | 0.022 |   4.207 |    5.699 | 
     | U2585                | A2 ^ -> ZN v | NAND3_X1  | 0.028 |   4.235 |    5.726 | 
     | U2588                | A1 v -> ZN ^ | NAND2_X1  | 0.018 |   4.252 |    5.744 | 
     | U2589                | A1 ^ -> ZN v | NAND2_X1  | 0.022 |   4.274 |    5.766 | 
     | U2592                | A2 v -> ZN ^ | NAND2_X1  | 0.020 |   4.294 |    5.785 | 
     | U2594                | A2 ^ -> ZN v | NAND3_X1  | 0.034 |   4.327 |    5.819 | 
     | U2597                | A2 v -> ZN ^ | NAND2_X1  | 0.024 |   4.351 |    5.842 | 
     | U2599                | A2 ^ -> ZN v | NAND3_X1  | 0.029 |   4.380 |    5.871 | 
     | U1525                | A v -> ZN v  | XNOR2_X1  | 0.045 |   4.425 |    5.917 | 
     | U7                   | B2 v -> ZN ^ | AOI22_X1  | 0.048 |   4.473 |    5.965 | 
     | U8                   | A ^ -> ZN v  | INV_X1    | 0.009 |   4.482 |    5.973 | 
     | p_reg_Y_temp_reg_61_ | D v          | DFF_X1    | 0.000 |   4.482 |    5.973 | 
     +------------------------------------------------------------------------------+ 
Path 4: MET Setup Check with Pin p_reg_Y_temp_reg_60_/CK 
Endpoint:   p_reg_Y_temp_reg_60_/D (v) checked with  leading edge of 'CLK'
Beginpoint: B_reg_Y_temp_reg_1_/Q  (^) triggered by  leading edge of 'CLK'
Path Groups: {CLK}
Analysis View: default
Other End Arrival Time          0.050
- Setup                         0.024
+ Phase Shift                   5.998
- Uncertainty                   0.050
= Required Time                 5.973
- Arrival Time                  4.444
= Slack Time                    1.530
     Clock Rise Edge                 0.000
     + Clock Network Latency (Ideal) 0.050
     = Beginpoint Arrival Time       0.050
     +------------------------------------------------------------------------------+ 
     |       Instance       |     Arc      |   Cell    | Delay | Arrival | Required | 
     |                      |              |           |       |  Time   |   Time   | 
     |----------------------+--------------+-----------+-------+---------+----------| 
     | B_reg_Y_temp_reg_1_  | CK ^         |           |       |   0.050 |    1.580 | 
     | B_reg_Y_temp_reg_1_  | CK ^ -> Q ^  | DFF_X2    | 0.180 |   0.230 |    1.760 | 
     | U1607                | B2 ^ -> ZN v | OAI21_X1  | 0.024 |   0.254 |    1.784 | 
     | FE_OFC5_n488         | A v -> Z v   | CLKBUF_X1 | 0.146 |   0.400 |    1.930 | 
     | U1614                | A v -> ZN ^  | INV_X1    | 0.155 |   0.555 |    2.084 | 
     | U1615                | B2 ^ -> ZN v | AOI22_X1  | 0.044 |   0.599 |    2.129 | 
     | U1616                | A2 v -> ZN ^ | NAND2_X1  | 0.033 |   0.632 |    2.161 | 
     | U1489                | A1 ^ -> ZN v | NOR2_X1   | 0.017 |   0.649 |    2.179 | 
     | U1619                | A1 v -> ZN v | AND2_X1   | 0.033 |   0.682 |    2.212 | 
     | U1624                | A1 v -> ZN ^ | NAND2_X1  | 0.018 |   0.700 |    2.230 | 
     | U3398                | A1 ^ -> ZN v | NAND2_X1  | 0.016 |   0.717 |    2.247 | 
     | U3399                | B v -> ZN v  | XNOR2_X1  | 0.049 |   0.766 |    2.296 | 
     | U3976                | A v -> S v   | FA_X1     | 0.104 |   0.870 |    2.400 | 
     | U3971                | CI v -> S ^  | FA_X1     | 0.123 |   0.993 |    2.523 | 
     | U3412                | A1 ^ -> ZN v | NAND2_X1  | 0.016 |   1.009 |    2.539 | 
     | U3414                | A2 v -> ZN ^ | NAND3_X1  | 0.021 |   1.030 |    2.560 | 
     | intadd_1939_U3       | CI ^ -> S v  | FA_X1     | 0.096 |   1.126 |    2.656 | 
     | intadd_1897_U54      | B v -> CO v  | FA_X1     | 0.082 |   1.209 |    2.738 | 
     | intadd_1897_U53      | CI v -> CO v | FA_X1     | 0.072 |   1.280 |    2.810 | 
     | intadd_1897_U52      | CI v -> CO v | FA_X1     | 0.072 |   1.353 |    2.882 | 
     | intadd_1897_U51      | CI v -> CO v | FA_X1     | 0.072 |   1.425 |    2.955 | 
     | intadd_1897_U50      | CI v -> CO v | FA_X1     | 0.073 |   1.497 |    3.027 | 
     | intadd_1897_U49      | CI v -> CO v | FA_X1     | 0.073 |   1.571 |    3.100 | 
     | intadd_1897_U48      | CI v -> CO v | FA_X1     | 0.072 |   1.643 |    3.173 | 
     | intadd_1897_U47      | CI v -> CO v | FA_X1     | 0.072 |   1.715 |    3.245 | 
     | intadd_1897_U46      | CI v -> CO v | FA_X1     | 0.072 |   1.787 |    3.317 | 
     | intadd_1897_U45      | CI v -> CO v | FA_X1     | 0.073 |   1.860 |    3.390 | 
     | intadd_1897_U44      | CI v -> CO v | FA_X1     | 0.073 |   1.933 |    3.462 | 
     | intadd_1897_U43      | CI v -> CO v | FA_X1     | 0.079 |   2.012 |    3.542 | 
     | intadd_1897_U42      | CI v -> CO v | FA_X1     | 0.077 |   2.089 |    3.619 | 
     | intadd_1897_U41      | CI v -> CO v | FA_X1     | 0.073 |   2.162 |    3.692 | 
     | intadd_1897_U40      | CI v -> CO v | FA_X1     | 0.072 |   2.234 |    3.764 | 
     | intadd_1897_U39      | CI v -> CO v | FA_X1     | 0.072 |   2.306 |    3.836 | 
     | intadd_1897_U38      | CI v -> CO v | FA_X1     | 0.072 |   2.378 |    3.908 | 
     | intadd_1897_U37      | CI v -> CO v | FA_X1     | 0.073 |   2.451 |    3.981 | 
     | intadd_1897_U36      | CI v -> CO v | FA_X1     | 0.072 |   2.524 |    4.053 | 
     | intadd_1897_U35      | CI v -> CO v | FA_X1     | 0.088 |   2.612 |    4.142 | 
     | U2904                | A1 v -> ZN ^ | NAND2_X1  | 0.019 |   2.631 |    4.161 | 
     | U1538                | A2 ^ -> ZN ^ | AND3_X1   | 0.051 |   2.682 |    4.212 | 
     | U2906                | B2 ^ -> ZN v | OAI21_X1  | 0.022 |   2.705 |    4.235 | 
     | intadd_1897_U32      | CI v -> CO v | FA_X1     | 0.074 |   2.779 |    4.309 | 
     | intadd_1897_U31      | CI v -> CO v | FA_X1     | 0.079 |   2.858 |    4.388 | 
     | intadd_1897_U30      | CI v -> CO v | FA_X1     | 0.075 |   2.933 |    4.463 | 
     | intadd_1897_U29      | CI v -> CO v | FA_X1     | 0.073 |   3.006 |    4.536 | 
     | intadd_1897_U28      | CI v -> CO v | FA_X1     | 0.074 |   3.081 |    4.611 | 
     | intadd_1897_U27      | CI v -> CO v | FA_X1     | 0.075 |   3.155 |    4.685 | 
     | intadd_1897_U26      | CI v -> CO v | FA_X1     | 0.076 |   3.232 |    4.762 | 
     | intadd_1897_U25      | CI v -> CO v | FA_X1     | 0.074 |   3.306 |    4.836 | 
     | intadd_1897_U24      | CI v -> CO v | FA_X1     | 0.073 |   3.379 |    4.909 | 
     | intadd_1897_U23      | CI v -> CO v | FA_X1     | 0.073 |   3.453 |    4.983 | 
     | intadd_1897_U22      | CI v -> CO v | FA_X1     | 0.075 |   3.528 |    5.057 | 
     | intadd_1897_U21      | CI v -> CO v | FA_X1     | 0.073 |   3.601 |    5.131 | 
     | intadd_1897_U20      | CI v -> CO v | FA_X1     | 0.073 |   3.674 |    5.204 | 
     | intadd_1897_U19      | CI v -> CO v | FA_X1     | 0.078 |   3.752 |    5.282 | 
     | U2563                | A1 v -> ZN ^ | NAND2_X1  | 0.019 |   3.771 |    5.300 | 
     | U1519                | A1 ^ -> ZN v | NAND2_X1  | 0.018 |   3.789 |    5.318 | 
     | U2564                | A1 v -> ZN ^ | NAND2_X1  | 0.015 |   3.804 |    5.334 | 
     | U1587                | A1 ^ -> ZN v | NAND2_X1  | 0.022 |   3.826 |    5.356 | 
     | U2566                | A1 v -> ZN ^ | NAND2_X1  | 0.015 |   3.841 |    5.370 | 
     | U1536                | A2 ^ -> ZN ^ | AND3_X1   | 0.051 |   3.892 |    5.421 | 
     | U2568                | B2 ^ -> ZN v | OAI21_X1  | 0.025 |   3.916 |    5.446 | 
     | U1504                | A1 v -> ZN ^ | NAND2_X1  | 0.015 |   3.931 |    5.460 | 
     | U1535                | A1 ^ -> ZN ^ | AND2_X1   | 0.036 |   3.967 |    5.497 | 
     | U2569                | B2 ^ -> ZN v | OAI21_X1  | 0.023 |   3.990 |    5.520 | 
     | U1498                | A1 v -> ZN ^ | NAND2_X1  | 0.014 |   4.004 |    5.534 | 
     | U1534                | A1 ^ -> ZN ^ | AND2_X1   | 0.037 |   4.041 |    5.571 | 
     | U2571                | B2 ^ -> ZN v | OAI21_X1  | 0.023 |   4.064 |    5.594 | 
     | U1516                | A1 v -> ZN ^ | NAND2_X1  | 0.016 |   4.080 |    5.610 | 
     | U1588                | A1 ^ -> ZN v | NAND2_X1  | 0.018 |   4.098 |    5.628 | 
     | U2575                | A1 v -> ZN ^ | NAND2_X1  | 0.015 |   4.113 |    5.643 | 
     | U1597                | A1 ^ -> ZN v | NAND2_X1  | 0.021 |   4.134 |    5.664 | 
     | U2578                | A2 v -> ZN ^ | NAND2_X1  | 0.019 |   4.153 |    5.683 | 
     | U2580                | A2 ^ -> ZN v | NAND3_X1  | 0.032 |   4.185 |    5.715 | 
     | U2583                | A2 v -> ZN ^ | NAND2_X1  | 0.022 |   4.207 |    5.737 | 
     | U2585                | A2 ^ -> ZN v | NAND3_X1  | 0.028 |   4.235 |    5.765 | 
     | U2588                | A1 v -> ZN ^ | NAND2_X1  | 0.018 |   4.252 |    5.782 | 
     | U2589                | A1 ^ -> ZN v | NAND2_X1  | 0.022 |   4.274 |    5.804 | 
     | U2592                | A2 v -> ZN ^ | NAND2_X1  | 0.020 |   4.294 |    5.824 | 
     | U2594                | A2 ^ -> ZN v | NAND3_X1  | 0.034 |   4.327 |    5.857 | 
     | U3428                | B v -> Z v   | XOR2_X1   | 0.061 |   4.388 |    5.918 | 
     | U9                   | B2 v -> ZN ^ | AOI22_X1  | 0.047 |   4.435 |    5.965 | 
     | U10                  | A ^ -> ZN v  | INV_X1    | 0.009 |   4.444 |    5.973 | 
     | p_reg_Y_temp_reg_60_ | D v          | DFF_X1    | 0.000 |   4.444 |    5.973 | 
     +------------------------------------------------------------------------------+ 
Path 5: MET Setup Check with Pin p_reg_Y_temp_reg_59_/CK 
Endpoint:   p_reg_Y_temp_reg_59_/D (v) checked with  leading edge of 'CLK'
Beginpoint: B_reg_Y_temp_reg_1_/Q  (^) triggered by  leading edge of 'CLK'
Path Groups: {CLK}
Analysis View: default
Other End Arrival Time          0.050
- Setup                         0.024
+ Phase Shift                   5.998
- Uncertainty                   0.050
= Required Time                 5.973
- Arrival Time                  4.389
= Slack Time                    1.585
     Clock Rise Edge                 0.000
     + Clock Network Latency (Ideal) 0.050
     = Beginpoint Arrival Time       0.050
     +------------------------------------------------------------------------------+ 
     |       Instance       |     Arc      |   Cell    | Delay | Arrival | Required | 
     |                      |              |           |       |  Time   |   Time   | 
     |----------------------+--------------+-----------+-------+---------+----------| 
     | B_reg_Y_temp_reg_1_  | CK ^         |           |       |   0.050 |    1.635 | 
     | B_reg_Y_temp_reg_1_  | CK ^ -> Q ^  | DFF_X2    | 0.180 |   0.230 |    1.815 | 
     | U1607                | B2 ^ -> ZN v | OAI21_X1  | 0.024 |   0.254 |    1.839 | 
     | FE_OFC5_n488         | A v -> Z v   | CLKBUF_X1 | 0.146 |   0.400 |    1.985 | 
     | U1614                | A v -> ZN ^  | INV_X1    | 0.155 |   0.555 |    2.139 | 
     | U1615                | B2 ^ -> ZN v | AOI22_X1  | 0.044 |   0.599 |    2.184 | 
     | U1616                | A2 v -> ZN ^ | NAND2_X1  | 0.033 |   0.632 |    2.217 | 
     | U1489                | A1 ^ -> ZN v | NOR2_X1   | 0.017 |   0.649 |    2.234 | 
     | U1619                | A1 v -> ZN v | AND2_X1   | 0.033 |   0.682 |    2.267 | 
     | U1624                | A1 v -> ZN ^ | NAND2_X1  | 0.018 |   0.700 |    2.285 | 
     | U3398                | A1 ^ -> ZN v | NAND2_X1  | 0.016 |   0.717 |    2.302 | 
     | U3399                | B v -> ZN v  | XNOR2_X1  | 0.049 |   0.766 |    2.351 | 
     | U3976                | A v -> S v   | FA_X1     | 0.104 |   0.870 |    2.455 | 
     | U3971                | CI v -> S ^  | FA_X1     | 0.123 |   0.993 |    2.578 | 
     | U3412                | A1 ^ -> ZN v | NAND2_X1  | 0.016 |   1.009 |    2.594 | 
     | U3414                | A2 v -> ZN ^ | NAND3_X1  | 0.021 |   1.030 |    2.615 | 
     | intadd_1939_U3       | CI ^ -> S v  | FA_X1     | 0.096 |   1.126 |    2.711 | 
     | intadd_1897_U54      | B v -> CO v  | FA_X1     | 0.082 |   1.209 |    2.793 | 
     | intadd_1897_U53      | CI v -> CO v | FA_X1     | 0.072 |   1.280 |    2.865 | 
     | intadd_1897_U52      | CI v -> CO v | FA_X1     | 0.072 |   1.353 |    2.937 | 
     | intadd_1897_U51      | CI v -> CO v | FA_X1     | 0.072 |   1.425 |    3.010 | 
     | intadd_1897_U50      | CI v -> CO v | FA_X1     | 0.073 |   1.497 |    3.082 | 
     | intadd_1897_U49      | CI v -> CO v | FA_X1     | 0.073 |   1.571 |    3.155 | 
     | intadd_1897_U48      | CI v -> CO v | FA_X1     | 0.072 |   1.643 |    3.228 | 
     | intadd_1897_U47      | CI v -> CO v | FA_X1     | 0.072 |   1.715 |    3.300 | 
     | intadd_1897_U46      | CI v -> CO v | FA_X1     | 0.072 |   1.787 |    3.372 | 
     | intadd_1897_U45      | CI v -> CO v | FA_X1     | 0.073 |   1.860 |    3.445 | 
     | intadd_1897_U44      | CI v -> CO v | FA_X1     | 0.073 |   1.933 |    3.517 | 
     | intadd_1897_U43      | CI v -> CO v | FA_X1     | 0.079 |   2.012 |    3.597 | 
     | intadd_1897_U42      | CI v -> CO v | FA_X1     | 0.077 |   2.089 |    3.674 | 
     | intadd_1897_U41      | CI v -> CO v | FA_X1     | 0.073 |   2.162 |    3.747 | 
     | intadd_1897_U40      | CI v -> CO v | FA_X1     | 0.072 |   2.234 |    3.819 | 
     | intadd_1897_U39      | CI v -> CO v | FA_X1     | 0.072 |   2.306 |    3.891 | 
     | intadd_1897_U38      | CI v -> CO v | FA_X1     | 0.072 |   2.378 |    3.963 | 
     | intadd_1897_U37      | CI v -> CO v | FA_X1     | 0.073 |   2.451 |    4.036 | 
     | intadd_1897_U36      | CI v -> CO v | FA_X1     | 0.072 |   2.524 |    4.109 | 
     | intadd_1897_U35      | CI v -> CO v | FA_X1     | 0.088 |   2.612 |    4.197 | 
     | U2904                | A1 v -> ZN ^ | NAND2_X1  | 0.019 |   2.631 |    4.216 | 
     | U1538                | A2 ^ -> ZN ^ | AND3_X1   | 0.051 |   2.682 |    4.267 | 
     | U2906                | B2 ^ -> ZN v | OAI21_X1  | 0.022 |   2.705 |    4.290 | 
     | intadd_1897_U32      | CI v -> CO v | FA_X1     | 0.074 |   2.779 |    4.364 | 
     | intadd_1897_U31      | CI v -> CO v | FA_X1     | 0.079 |   2.858 |    4.443 | 
     | intadd_1897_U30      | CI v -> CO v | FA_X1     | 0.075 |   2.933 |    4.518 | 
     | intadd_1897_U29      | CI v -> CO v | FA_X1     | 0.073 |   3.006 |    4.591 | 
     | intadd_1897_U28      | CI v -> CO v | FA_X1     | 0.074 |   3.081 |    4.666 | 
     | intadd_1897_U27      | CI v -> CO v | FA_X1     | 0.075 |   3.155 |    4.740 | 
     | intadd_1897_U26      | CI v -> CO v | FA_X1     | 0.076 |   3.232 |    4.817 | 
     | intadd_1897_U25      | CI v -> CO v | FA_X1     | 0.074 |   3.306 |    4.891 | 
     | intadd_1897_U24      | CI v -> CO v | FA_X1     | 0.073 |   3.379 |    4.964 | 
     | intadd_1897_U23      | CI v -> CO v | FA_X1     | 0.073 |   3.453 |    5.038 | 
     | intadd_1897_U22      | CI v -> CO v | FA_X1     | 0.075 |   3.528 |    5.112 | 
     | intadd_1897_U21      | CI v -> CO v | FA_X1     | 0.073 |   3.601 |    5.186 | 
     | intadd_1897_U20      | CI v -> CO v | FA_X1     | 0.073 |   3.674 |    5.259 | 
     | intadd_1897_U19      | CI v -> CO v | FA_X1     | 0.078 |   3.752 |    5.337 | 
     | U2563                | A1 v -> ZN ^ | NAND2_X1  | 0.019 |   3.771 |    5.355 | 
     | U1519                | A1 ^ -> ZN v | NAND2_X1  | 0.018 |   3.789 |    5.374 | 
     | U2564                | A1 v -> ZN ^ | NAND2_X1  | 0.015 |   3.804 |    5.389 | 
     | U1587                | A1 ^ -> ZN v | NAND2_X1  | 0.022 |   3.826 |    5.411 | 
     | U2566                | A1 v -> ZN ^ | NAND2_X1  | 0.015 |   3.841 |    5.426 | 
     | U1536                | A2 ^ -> ZN ^ | AND3_X1   | 0.051 |   3.892 |    5.476 | 
     | U2568                | B2 ^ -> ZN v | OAI21_X1  | 0.025 |   3.916 |    5.501 | 
     | U1504                | A1 v -> ZN ^ | NAND2_X1  | 0.015 |   3.931 |    5.516 | 
     | U1535                | A1 ^ -> ZN ^ | AND2_X1   | 0.036 |   3.967 |    5.552 | 
     | U2569                | B2 ^ -> ZN v | OAI21_X1  | 0.023 |   3.990 |    5.575 | 
     | U1498                | A1 v -> ZN ^ | NAND2_X1  | 0.014 |   4.004 |    5.589 | 
     | U1534                | A1 ^ -> ZN ^ | AND2_X1   | 0.037 |   4.041 |    5.626 | 
     | U2571                | B2 ^ -> ZN v | OAI21_X1  | 0.023 |   4.064 |    5.649 | 
     | U1516                | A1 v -> ZN ^ | NAND2_X1  | 0.016 |   4.080 |    5.665 | 
     | U1588                | A1 ^ -> ZN v | NAND2_X1  | 0.018 |   4.098 |    5.683 | 
     | U2575                | A1 v -> ZN ^ | NAND2_X1  | 0.015 |   4.113 |    5.698 | 
     | U1597                | A1 ^ -> ZN v | NAND2_X1  | 0.021 |   4.134 |    5.719 | 
     | U2578                | A2 v -> ZN ^ | NAND2_X1  | 0.019 |   4.153 |    5.738 | 
     | U2580                | A2 ^ -> ZN v | NAND3_X1  | 0.032 |   4.185 |    5.770 | 
     | U2583                | A2 v -> ZN ^ | NAND2_X1  | 0.022 |   4.207 |    5.792 | 
     | U2585                | A2 ^ -> ZN v | NAND3_X1  | 0.028 |   4.235 |    5.820 | 
     | U2588                | A1 v -> ZN ^ | NAND2_X1  | 0.018 |   4.252 |    5.837 | 
     | U2589                | A1 ^ -> ZN v | NAND2_X1  | 0.022 |   4.274 |    5.859 | 
     | U3426                | B v -> Z v   | XOR2_X1   | 0.059 |   4.333 |    5.918 | 
     | U11                  | B2 v -> ZN ^ | AOI22_X1  | 0.047 |   4.380 |    5.965 | 
     | U12                  | A ^ -> ZN v  | INV_X1    | 0.008 |   4.389 |    5.973 | 
     | p_reg_Y_temp_reg_59_ | D v          | DFF_X1    | 0.000 |   4.389 |    5.973 | 
     +------------------------------------------------------------------------------+ 
Path 6: MET Setup Check with Pin p_reg_Y_temp_reg_58_/CK 
Endpoint:   p_reg_Y_temp_reg_58_/D (v) checked with  leading edge of 'CLK'
Beginpoint: B_reg_Y_temp_reg_1_/Q  (^) triggered by  leading edge of 'CLK'
Path Groups: {CLK}
Analysis View: default
Other End Arrival Time          0.050
- Setup                         0.024
+ Phase Shift                   5.998
- Uncertainty                   0.050
= Required Time                 5.973
- Arrival Time                  4.334
= Slack Time                    1.640
     Clock Rise Edge                 0.000
     + Clock Network Latency (Ideal) 0.050
     = Beginpoint Arrival Time       0.050
     +------------------------------------------------------------------------------+ 
     |       Instance       |     Arc      |   Cell    | Delay | Arrival | Required | 
     |                      |              |           |       |  Time   |   Time   | 
     |----------------------+--------------+-----------+-------+---------+----------| 
     | B_reg_Y_temp_reg_1_  | CK ^         |           |       |   0.050 |    1.690 | 
     | B_reg_Y_temp_reg_1_  | CK ^ -> Q ^  | DFF_X2    | 0.180 |   0.230 |    1.870 | 
     | U1607                | B2 ^ -> ZN v | OAI21_X1  | 0.024 |   0.254 |    1.894 | 
     | FE_OFC5_n488         | A v -> Z v   | CLKBUF_X1 | 0.146 |   0.400 |    2.040 | 
     | U1614                | A v -> ZN ^  | INV_X1    | 0.155 |   0.555 |    2.195 | 
     | U1615                | B2 ^ -> ZN v | AOI22_X1  | 0.044 |   0.599 |    2.239 | 
     | U1616                | A2 v -> ZN ^ | NAND2_X1  | 0.033 |   0.632 |    2.272 | 
     | U1489                | A1 ^ -> ZN v | NOR2_X1   | 0.017 |   0.649 |    2.289 | 
     | U1619                | A1 v -> ZN v | AND2_X1   | 0.033 |   0.682 |    2.322 | 
     | U1624                | A1 v -> ZN ^ | NAND2_X1  | 0.018 |   0.700 |    2.340 | 
     | U3398                | A1 ^ -> ZN v | NAND2_X1  | 0.016 |   0.717 |    2.357 | 
     | U3399                | B v -> ZN v  | XNOR2_X1  | 0.049 |   0.766 |    2.406 | 
     | U3976                | A v -> S v   | FA_X1     | 0.104 |   0.870 |    2.510 | 
     | U3971                | CI v -> S ^  | FA_X1     | 0.123 |   0.993 |    2.633 | 
     | U3412                | A1 ^ -> ZN v | NAND2_X1  | 0.016 |   1.009 |    2.649 | 
     | U3414                | A2 v -> ZN ^ | NAND3_X1  | 0.021 |   1.030 |    2.670 | 
     | intadd_1939_U3       | CI ^ -> S v  | FA_X1     | 0.096 |   1.126 |    2.766 | 
     | intadd_1897_U54      | B v -> CO v  | FA_X1     | 0.082 |   1.209 |    2.849 | 
     | intadd_1897_U53      | CI v -> CO v | FA_X1     | 0.072 |   1.280 |    2.920 | 
     | intadd_1897_U52      | CI v -> CO v | FA_X1     | 0.072 |   1.353 |    2.993 | 
     | intadd_1897_U51      | CI v -> CO v | FA_X1     | 0.072 |   1.425 |    3.065 | 
     | intadd_1897_U50      | CI v -> CO v | FA_X1     | 0.073 |   1.497 |    3.137 | 
     | intadd_1897_U49      | CI v -> CO v | FA_X1     | 0.073 |   1.571 |    3.211 | 
     | intadd_1897_U48      | CI v -> CO v | FA_X1     | 0.072 |   1.643 |    3.283 | 
     | intadd_1897_U47      | CI v -> CO v | FA_X1     | 0.072 |   1.715 |    3.355 | 
     | intadd_1897_U46      | CI v -> CO v | FA_X1     | 0.072 |   1.787 |    3.427 | 
     | intadd_1897_U45      | CI v -> CO v | FA_X1     | 0.073 |   1.860 |    3.500 | 
     | intadd_1897_U44      | CI v -> CO v | FA_X1     | 0.073 |   1.933 |    3.573 | 
     | intadd_1897_U43      | CI v -> CO v | FA_X1     | 0.079 |   2.012 |    3.652 | 
     | intadd_1897_U42      | CI v -> CO v | FA_X1     | 0.077 |   2.089 |    3.729 | 
     | intadd_1897_U41      | CI v -> CO v | FA_X1     | 0.073 |   2.162 |    3.802 | 
     | intadd_1897_U40      | CI v -> CO v | FA_X1     | 0.072 |   2.234 |    3.874 | 
     | intadd_1897_U39      | CI v -> CO v | FA_X1     | 0.072 |   2.306 |    3.946 | 
     | intadd_1897_U38      | CI v -> CO v | FA_X1     | 0.072 |   2.378 |    4.018 | 
     | intadd_1897_U37      | CI v -> CO v | FA_X1     | 0.073 |   2.451 |    4.091 | 
     | intadd_1897_U36      | CI v -> CO v | FA_X1     | 0.072 |   2.524 |    4.164 | 
     | intadd_1897_U35      | CI v -> CO v | FA_X1     | 0.088 |   2.612 |    4.252 | 
     | U2904                | A1 v -> ZN ^ | NAND2_X1  | 0.019 |   2.631 |    4.271 | 
     | U1538                | A2 ^ -> ZN ^ | AND3_X1   | 0.051 |   2.682 |    4.322 | 
     | U2906                | B2 ^ -> ZN v | OAI21_X1  | 0.022 |   2.705 |    4.345 | 
     | intadd_1897_U32      | CI v -> CO v | FA_X1     | 0.074 |   2.779 |    4.419 | 
     | intadd_1897_U31      | CI v -> CO v | FA_X1     | 0.079 |   2.858 |    4.498 | 
     | intadd_1897_U30      | CI v -> CO v | FA_X1     | 0.075 |   2.933 |    4.573 | 
     | intadd_1897_U29      | CI v -> CO v | FA_X1     | 0.073 |   3.006 |    4.646 | 
     | intadd_1897_U28      | CI v -> CO v | FA_X1     | 0.074 |   3.081 |    4.721 | 
     | intadd_1897_U27      | CI v -> CO v | FA_X1     | 0.075 |   3.155 |    4.795 | 
     | intadd_1897_U26      | CI v -> CO v | FA_X1     | 0.076 |   3.232 |    4.872 | 
     | intadd_1897_U25      | CI v -> CO v | FA_X1     | 0.074 |   3.306 |    4.946 | 
     | intadd_1897_U24      | CI v -> CO v | FA_X1     | 0.073 |   3.379 |    5.019 | 
     | intadd_1897_U23      | CI v -> CO v | FA_X1     | 0.073 |   3.453 |    5.093 | 
     | intadd_1897_U22      | CI v -> CO v | FA_X1     | 0.075 |   3.528 |    5.168 | 
     | intadd_1897_U21      | CI v -> CO v | FA_X1     | 0.073 |   3.601 |    5.241 | 
     | intadd_1897_U20      | CI v -> CO v | FA_X1     | 0.073 |   3.674 |    5.314 | 
     | intadd_1897_U19      | CI v -> CO v | FA_X1     | 0.078 |   3.752 |    5.392 | 
     | U2563                | A1 v -> ZN ^ | NAND2_X1  | 0.019 |   3.771 |    5.411 | 
     | U1519                | A1 ^ -> ZN v | NAND2_X1  | 0.018 |   3.789 |    5.429 | 
     | U2564                | A1 v -> ZN ^ | NAND2_X1  | 0.015 |   3.804 |    5.444 | 
     | U1587                | A1 ^ -> ZN v | NAND2_X1  | 0.022 |   3.826 |    5.466 | 
     | U2566                | A1 v -> ZN ^ | NAND2_X1  | 0.015 |   3.841 |    5.481 | 
     | U1536                | A2 ^ -> ZN ^ | AND3_X1   | 0.051 |   3.892 |    5.532 | 
     | U2568                | B2 ^ -> ZN v | OAI21_X1  | 0.025 |   3.916 |    5.556 | 
     | U1504                | A1 v -> ZN ^ | NAND2_X1  | 0.015 |   3.931 |    5.571 | 
     | U1535                | A1 ^ -> ZN ^ | AND2_X1   | 0.036 |   3.967 |    5.607 | 
     | U2569                | B2 ^ -> ZN v | OAI21_X1  | 0.023 |   3.990 |    5.630 | 
     | U1498                | A1 v -> ZN ^ | NAND2_X1  | 0.014 |   4.004 |    5.644 | 
     | U1534                | A1 ^ -> ZN ^ | AND2_X1   | 0.037 |   4.041 |    5.681 | 
     | U2571                | B2 ^ -> ZN v | OAI21_X1  | 0.023 |   4.064 |    5.704 | 
     | U1516                | A1 v -> ZN ^ | NAND2_X1  | 0.016 |   4.080 |    5.720 | 
     | U1588                | A1 ^ -> ZN v | NAND2_X1  | 0.018 |   4.098 |    5.738 | 
     | U2575                | A1 v -> ZN ^ | NAND2_X1  | 0.015 |   4.113 |    5.753 | 
     | U1597                | A1 ^ -> ZN v | NAND2_X1  | 0.021 |   4.134 |    5.774 | 
     | U2578                | A2 v -> ZN ^ | NAND2_X1  | 0.019 |   4.153 |    5.793 | 
     | U2580                | A2 ^ -> ZN v | NAND3_X1  | 0.032 |   4.185 |    5.825 | 
     | U2583                | A2 v -> ZN ^ | NAND2_X1  | 0.022 |   4.207 |    5.847 | 
     | U2585                | A2 ^ -> ZN v | NAND3_X1  | 0.028 |   4.235 |    5.875 | 
     | U1527                | A v -> ZN v  | XNOR2_X1  | 0.043 |   4.278 |    5.918 | 
     | U13                  | B2 v -> ZN ^ | AOI22_X1  | 0.047 |   4.325 |    5.965 | 
     | U14                  | A ^ -> ZN v  | INV_X1    | 0.008 |   4.334 |    5.973 | 
     | p_reg_Y_temp_reg_58_ | D v          | DFF_X1    | 0.000 |   4.334 |    5.973 | 
     +------------------------------------------------------------------------------+ 
Path 7: MET Setup Check with Pin p_reg_Y_temp_reg_57_/CK 
Endpoint:   p_reg_Y_temp_reg_57_/D (v) checked with  leading edge of 'CLK'
Beginpoint: B_reg_Y_temp_reg_1_/Q  (^) triggered by  leading edge of 'CLK'
Path Groups: {CLK}
Analysis View: default
Other End Arrival Time          0.050
- Setup                         0.024
+ Phase Shift                   5.998
- Uncertainty                   0.050
= Required Time                 5.973
- Arrival Time                  4.301
= Slack Time                    1.672
     Clock Rise Edge                 0.000
     + Clock Network Latency (Ideal) 0.050
     = Beginpoint Arrival Time       0.050
     +------------------------------------------------------------------------------+ 
     |       Instance       |     Arc      |   Cell    | Delay | Arrival | Required | 
     |                      |              |           |       |  Time   |   Time   | 
     |----------------------+--------------+-----------+-------+---------+----------| 
     | B_reg_Y_temp_reg_1_  | CK ^         |           |       |   0.050 |    1.722 | 
     | B_reg_Y_temp_reg_1_  | CK ^ -> Q ^  | DFF_X2    | 0.180 |   0.230 |    1.902 | 
     | U1607                | B2 ^ -> ZN v | OAI21_X1  | 0.024 |   0.254 |    1.926 | 
     | FE_OFC5_n488         | A v -> Z v   | CLKBUF_X1 | 0.146 |   0.400 |    2.072 | 
     | U1614                | A v -> ZN ^  | INV_X1    | 0.155 |   0.555 |    2.227 | 
     | U1615                | B2 ^ -> ZN v | AOI22_X1  | 0.044 |   0.599 |    2.271 | 
     | U1616                | A2 v -> ZN ^ | NAND2_X1  | 0.033 |   0.632 |    2.304 | 
     | U1489                | A1 ^ -> ZN v | NOR2_X1   | 0.017 |   0.649 |    2.321 | 
     | U1619                | A1 v -> ZN v | AND2_X1   | 0.033 |   0.682 |    2.354 | 
     | U1624                | A1 v -> ZN ^ | NAND2_X1  | 0.018 |   0.700 |    2.373 | 
     | U3398                | A1 ^ -> ZN v | NAND2_X1  | 0.016 |   0.717 |    2.389 | 
     | U3399                | B v -> ZN v  | XNOR2_X1  | 0.049 |   0.766 |    2.438 | 
     | U3976                | A v -> S v   | FA_X1     | 0.104 |   0.870 |    2.542 | 
     | U3971                | CI v -> S ^  | FA_X1     | 0.123 |   0.993 |    2.665 | 
     | U3412                | A1 ^ -> ZN v | NAND2_X1  | 0.016 |   1.009 |    2.681 | 
     | U3414                | A2 v -> ZN ^ | NAND3_X1  | 0.021 |   1.030 |    2.702 | 
     | intadd_1939_U3       | CI ^ -> S v  | FA_X1     | 0.096 |   1.126 |    2.798 | 
     | intadd_1897_U54      | B v -> CO v  | FA_X1     | 0.082 |   1.209 |    2.881 | 
     | intadd_1897_U53      | CI v -> CO v | FA_X1     | 0.072 |   1.280 |    2.952 | 
     | intadd_1897_U52      | CI v -> CO v | FA_X1     | 0.072 |   1.353 |    3.025 | 
     | intadd_1897_U51      | CI v -> CO v | FA_X1     | 0.072 |   1.425 |    3.097 | 
     | intadd_1897_U50      | CI v -> CO v | FA_X1     | 0.073 |   1.497 |    3.169 | 
     | intadd_1897_U49      | CI v -> CO v | FA_X1     | 0.073 |   1.571 |    3.243 | 
     | intadd_1897_U48      | CI v -> CO v | FA_X1     | 0.072 |   1.643 |    3.315 | 
     | intadd_1897_U47      | CI v -> CO v | FA_X1     | 0.072 |   1.715 |    3.387 | 
     | intadd_1897_U46      | CI v -> CO v | FA_X1     | 0.072 |   1.787 |    3.459 | 
     | intadd_1897_U45      | CI v -> CO v | FA_X1     | 0.073 |   1.860 |    3.532 | 
     | intadd_1897_U44      | CI v -> CO v | FA_X1     | 0.073 |   1.933 |    3.605 | 
     | intadd_1897_U43      | CI v -> CO v | FA_X1     | 0.079 |   2.012 |    3.684 | 
     | intadd_1897_U42      | CI v -> CO v | FA_X1     | 0.077 |   2.089 |    3.761 | 
     | intadd_1897_U41      | CI v -> CO v | FA_X1     | 0.073 |   2.162 |    3.834 | 
     | intadd_1897_U40      | CI v -> CO v | FA_X1     | 0.072 |   2.234 |    3.906 | 
     | intadd_1897_U39      | CI v -> CO v | FA_X1     | 0.072 |   2.306 |    3.978 | 
     | intadd_1897_U38      | CI v -> CO v | FA_X1     | 0.072 |   2.378 |    4.050 | 
     | intadd_1897_U37      | CI v -> CO v | FA_X1     | 0.073 |   2.451 |    4.123 | 
     | intadd_1897_U36      | CI v -> CO v | FA_X1     | 0.072 |   2.524 |    4.196 | 
     | intadd_1897_U35      | CI v -> CO v | FA_X1     | 0.088 |   2.612 |    4.284 | 
     | U2904                | A1 v -> ZN ^ | NAND2_X1  | 0.019 |   2.631 |    4.304 | 
     | U1538                | A2 ^ -> ZN ^ | AND3_X1   | 0.051 |   2.682 |    4.354 | 
     | U2906                | B2 ^ -> ZN v | OAI21_X1  | 0.022 |   2.705 |    4.377 | 
     | intadd_1897_U32      | CI v -> CO v | FA_X1     | 0.074 |   2.779 |    4.451 | 
     | intadd_1897_U31      | CI v -> CO v | FA_X1     | 0.079 |   2.858 |    4.530 | 
     | intadd_1897_U30      | CI v -> CO v | FA_X1     | 0.075 |   2.933 |    4.605 | 
     | intadd_1897_U29      | CI v -> CO v | FA_X1     | 0.073 |   3.006 |    4.679 | 
     | intadd_1897_U28      | CI v -> CO v | FA_X1     | 0.074 |   3.081 |    4.753 | 
     | intadd_1897_U27      | CI v -> CO v | FA_X1     | 0.075 |   3.155 |    4.828 | 
     | intadd_1897_U26      | CI v -> CO v | FA_X1     | 0.076 |   3.232 |    4.904 | 
     | intadd_1897_U25      | CI v -> CO v | FA_X1     | 0.074 |   3.306 |    4.978 | 
     | intadd_1897_U24      | CI v -> CO v | FA_X1     | 0.073 |   3.379 |    5.052 | 
     | intadd_1897_U23      | CI v -> CO v | FA_X1     | 0.073 |   3.453 |    5.125 | 
     | intadd_1897_U22      | CI v -> CO v | FA_X1     | 0.075 |   3.528 |    5.200 | 
     | intadd_1897_U21      | CI v -> CO v | FA_X1     | 0.073 |   3.601 |    5.273 | 
     | intadd_1897_U20      | CI v -> CO v | FA_X1     | 0.073 |   3.674 |    5.346 | 
     | intadd_1897_U19      | CI v -> CO v | FA_X1     | 0.078 |   3.752 |    5.424 | 
     | U2563                | A1 v -> ZN ^ | NAND2_X1  | 0.019 |   3.771 |    5.443 | 
     | U1519                | A1 ^ -> ZN v | NAND2_X1  | 0.018 |   3.789 |    5.461 | 
     | U2564                | A1 v -> ZN ^ | NAND2_X1  | 0.015 |   3.804 |    5.476 | 
     | U1587                | A1 ^ -> ZN v | NAND2_X1  | 0.022 |   3.826 |    5.498 | 
     | U2566                | A1 v -> ZN ^ | NAND2_X1  | 0.015 |   3.841 |    5.513 | 
     | U1536                | A2 ^ -> ZN ^ | AND3_X1   | 0.051 |   3.892 |    5.564 | 
     | U2568                | B2 ^ -> ZN v | OAI21_X1  | 0.025 |   3.916 |    5.588 | 
     | U1504                | A1 v -> ZN ^ | NAND2_X1  | 0.015 |   3.931 |    5.603 | 
     | U1535                | A1 ^ -> ZN ^ | AND2_X1   | 0.036 |   3.967 |    5.639 | 
     | U2569                | B2 ^ -> ZN v | OAI21_X1  | 0.023 |   3.990 |    5.662 | 
     | U1498                | A1 v -> ZN ^ | NAND2_X1  | 0.014 |   4.004 |    5.676 | 
     | U1534                | A1 ^ -> ZN ^ | AND2_X1   | 0.037 |   4.041 |    5.713 | 
     | U2571                | B2 ^ -> ZN v | OAI21_X1  | 0.023 |   4.064 |    5.736 | 
     | U1516                | A1 v -> ZN ^ | NAND2_X1  | 0.016 |   4.080 |    5.753 | 
     | U1588                | A1 ^ -> ZN v | NAND2_X1  | 0.018 |   4.098 |    5.770 | 
     | U2575                | A1 v -> ZN ^ | NAND2_X1  | 0.015 |   4.113 |    5.785 | 
     | U1597                | A1 ^ -> ZN v | NAND2_X1  | 0.021 |   4.134 |    5.806 | 
     | U2578                | A2 v -> ZN ^ | NAND2_X1  | 0.019 |   4.153 |    5.825 | 
     | U2580                | A2 ^ -> ZN v | NAND3_X1  | 0.032 |   4.185 |    5.857 | 
     | U3424                | B v -> Z v   | XOR2_X1   | 0.061 |   4.246 |    5.918 | 
     | U15                  | B2 v -> ZN ^ | AOI22_X1  | 0.047 |   4.293 |    5.965 | 
     | U16                  | A ^ -> ZN v  | INV_X1    | 0.008 |   4.301 |    5.973 | 
     | p_reg_Y_temp_reg_57_ | D v          | DFF_X1    | 0.000 |   4.301 |    5.973 | 
     +------------------------------------------------------------------------------+ 
Path 8: MET Setup Check with Pin p_reg_Y_temp_reg_56_/CK 
Endpoint:   p_reg_Y_temp_reg_56_/D (v) checked with  leading edge of 'CLK'
Beginpoint: B_reg_Y_temp_reg_1_/Q  (^) triggered by  leading edge of 'CLK'
Path Groups: {CLK}
Analysis View: default
Other End Arrival Time          0.050
- Setup                         0.024
+ Phase Shift                   5.998
- Uncertainty                   0.050
= Required Time                 5.973
- Arrival Time                  4.247
= Slack Time                    1.727
     Clock Rise Edge                 0.000
     + Clock Network Latency (Ideal) 0.050
     = Beginpoint Arrival Time       0.050
     +------------------------------------------------------------------------------+ 
     |       Instance       |     Arc      |   Cell    | Delay | Arrival | Required | 
     |                      |              |           |       |  Time   |   Time   | 
     |----------------------+--------------+-----------+-------+---------+----------| 
     | B_reg_Y_temp_reg_1_  | CK ^         |           |       |   0.050 |    1.777 | 
     | B_reg_Y_temp_reg_1_  | CK ^ -> Q ^  | DFF_X2    | 0.180 |   0.230 |    1.957 | 
     | U1607                | B2 ^ -> ZN v | OAI21_X1  | 0.024 |   0.254 |    1.981 | 
     | FE_OFC5_n488         | A v -> Z v   | CLKBUF_X1 | 0.146 |   0.400 |    2.127 | 
     | U1614                | A v -> ZN ^  | INV_X1    | 0.155 |   0.555 |    2.282 | 
     | U1615                | B2 ^ -> ZN v | AOI22_X1  | 0.044 |   0.599 |    2.326 | 
     | U1616                | A2 v -> ZN ^ | NAND2_X1  | 0.033 |   0.632 |    2.359 | 
     | U1489                | A1 ^ -> ZN v | NOR2_X1   | 0.017 |   0.649 |    2.376 | 
     | U1619                | A1 v -> ZN v | AND2_X1   | 0.033 |   0.682 |    2.409 | 
     | U1624                | A1 v -> ZN ^ | NAND2_X1  | 0.018 |   0.700 |    2.427 | 
     | U3398                | A1 ^ -> ZN v | NAND2_X1  | 0.016 |   0.717 |    2.444 | 
     | U3399                | B v -> ZN v  | XNOR2_X1  | 0.049 |   0.766 |    2.493 | 
     | U3976                | A v -> S v   | FA_X1     | 0.104 |   0.870 |    2.597 | 
     | U3971                | CI v -> S ^  | FA_X1     | 0.123 |   0.993 |    2.720 | 
     | U3412                | A1 ^ -> ZN v | NAND2_X1  | 0.016 |   1.009 |    2.736 | 
     | U3414                | A2 v -> ZN ^ | NAND3_X1  | 0.021 |   1.030 |    2.757 | 
     | intadd_1939_U3       | CI ^ -> S v  | FA_X1     | 0.096 |   1.126 |    2.853 | 
     | intadd_1897_U54      | B v -> CO v  | FA_X1     | 0.082 |   1.209 |    2.936 | 
     | intadd_1897_U53      | CI v -> CO v | FA_X1     | 0.072 |   1.280 |    3.007 | 
     | intadd_1897_U52      | CI v -> CO v | FA_X1     | 0.072 |   1.353 |    3.080 | 
     | intadd_1897_U51      | CI v -> CO v | FA_X1     | 0.072 |   1.425 |    3.152 | 
     | intadd_1897_U50      | CI v -> CO v | FA_X1     | 0.073 |   1.497 |    3.224 | 
     | intadd_1897_U49      | CI v -> CO v | FA_X1     | 0.073 |   1.571 |    3.298 | 
     | intadd_1897_U48      | CI v -> CO v | FA_X1     | 0.072 |   1.643 |    3.370 | 
     | intadd_1897_U47      | CI v -> CO v | FA_X1     | 0.072 |   1.715 |    3.442 | 
     | intadd_1897_U46      | CI v -> CO v | FA_X1     | 0.072 |   1.787 |    3.514 | 
     | intadd_1897_U45      | CI v -> CO v | FA_X1     | 0.073 |   1.860 |    3.587 | 
     | intadd_1897_U44      | CI v -> CO v | FA_X1     | 0.073 |   1.933 |    3.660 | 
     | intadd_1897_U43      | CI v -> CO v | FA_X1     | 0.079 |   2.012 |    3.739 | 
     | intadd_1897_U42      | CI v -> CO v | FA_X1     | 0.077 |   2.089 |    3.816 | 
     | intadd_1897_U41      | CI v -> CO v | FA_X1     | 0.073 |   2.162 |    3.889 | 
     | intadd_1897_U40      | CI v -> CO v | FA_X1     | 0.072 |   2.234 |    3.961 | 
     | intadd_1897_U39      | CI v -> CO v | FA_X1     | 0.072 |   2.306 |    4.033 | 
     | intadd_1897_U38      | CI v -> CO v | FA_X1     | 0.072 |   2.378 |    4.105 | 
     | intadd_1897_U37      | CI v -> CO v | FA_X1     | 0.073 |   2.451 |    4.178 | 
     | intadd_1897_U36      | CI v -> CO v | FA_X1     | 0.072 |   2.524 |    4.251 | 
     | intadd_1897_U35      | CI v -> CO v | FA_X1     | 0.088 |   2.612 |    4.339 | 
     | U2904                | A1 v -> ZN ^ | NAND2_X1  | 0.019 |   2.631 |    4.358 | 
     | U1538                | A2 ^ -> ZN ^ | AND3_X1   | 0.051 |   2.682 |    4.409 | 
     | U2906                | B2 ^ -> ZN v | OAI21_X1  | 0.022 |   2.705 |    4.432 | 
     | intadd_1897_U32      | CI v -> CO v | FA_X1     | 0.074 |   2.779 |    4.506 | 
     | intadd_1897_U31      | CI v -> CO v | FA_X1     | 0.079 |   2.858 |    4.585 | 
     | intadd_1897_U30      | CI v -> CO v | FA_X1     | 0.075 |   2.933 |    4.660 | 
     | intadd_1897_U29      | CI v -> CO v | FA_X1     | 0.073 |   3.006 |    4.733 | 
     | intadd_1897_U28      | CI v -> CO v | FA_X1     | 0.074 |   3.081 |    4.808 | 
     | intadd_1897_U27      | CI v -> CO v | FA_X1     | 0.075 |   3.155 |    4.882 | 
     | intadd_1897_U26      | CI v -> CO v | FA_X1     | 0.076 |   3.232 |    4.959 | 
     | intadd_1897_U25      | CI v -> CO v | FA_X1     | 0.074 |   3.306 |    5.033 | 
     | intadd_1897_U24      | CI v -> CO v | FA_X1     | 0.073 |   3.379 |    5.106 | 
     | intadd_1897_U23      | CI v -> CO v | FA_X1     | 0.073 |   3.453 |    5.180 | 
     | intadd_1897_U22      | CI v -> CO v | FA_X1     | 0.075 |   3.528 |    5.255 | 
     | intadd_1897_U21      | CI v -> CO v | FA_X1     | 0.073 |   3.601 |    5.328 | 
     | intadd_1897_U20      | CI v -> CO v | FA_X1     | 0.073 |   3.674 |    5.401 | 
     | intadd_1897_U19      | CI v -> CO v | FA_X1     | 0.078 |   3.752 |    5.479 | 
     | U2563                | A1 v -> ZN ^ | NAND2_X1  | 0.019 |   3.771 |    5.498 | 
     | U1519                | A1 ^ -> ZN v | NAND2_X1  | 0.018 |   3.789 |    5.516 | 
     | U2564                | A1 v -> ZN ^ | NAND2_X1  | 0.015 |   3.804 |    5.531 | 
     | U1587                | A1 ^ -> ZN v | NAND2_X1  | 0.022 |   3.826 |    5.553 | 
     | U2566                | A1 v -> ZN ^ | NAND2_X1  | 0.015 |   3.841 |    5.568 | 
     | U1536                | A2 ^ -> ZN ^ | AND3_X1   | 0.051 |   3.892 |    5.619 | 
     | U2568                | B2 ^ -> ZN v | OAI21_X1  | 0.025 |   3.916 |    5.643 | 
     | U1504                | A1 v -> ZN ^ | NAND2_X1  | 0.015 |   3.931 |    5.658 | 
     | U1535                | A1 ^ -> ZN ^ | AND2_X1   | 0.036 |   3.967 |    5.694 | 
     | U2569                | B2 ^ -> ZN v | OAI21_X1  | 0.023 |   3.990 |    5.717 | 
     | U1498                | A1 v -> ZN ^ | NAND2_X1  | 0.014 |   4.004 |    5.731 | 
     | U1534                | A1 ^ -> ZN ^ | AND2_X1   | 0.037 |   4.041 |    5.768 | 
     | U2571                | B2 ^ -> ZN v | OAI21_X1  | 0.023 |   4.064 |    5.791 | 
     | U1516                | A1 v -> ZN ^ | NAND2_X1  | 0.016 |   4.080 |    5.807 | 
     | U1588                | A1 ^ -> ZN v | NAND2_X1  | 0.018 |   4.098 |    5.825 | 
     | U2575                | A1 v -> ZN ^ | NAND2_X1  | 0.015 |   4.113 |    5.840 | 
     | U1597                | A1 ^ -> ZN v | NAND2_X1  | 0.021 |   4.134 |    5.861 | 
     | U3422                | B v -> Z v   | XOR2_X1   | 0.057 |   4.191 |    5.918 | 
     | U17                  | B2 v -> ZN ^ | AOI22_X1  | 0.047 |   4.238 |    5.965 | 
     | U18                  | A ^ -> ZN v  | INV_X1    | 0.008 |   4.247 |    5.973 | 
     | p_reg_Y_temp_reg_56_ | D v          | DFF_X1    | 0.000 |   4.247 |    5.973 | 
     +------------------------------------------------------------------------------+ 
Path 9: MET Setup Check with Pin p_reg_Y_temp_reg_55_/CK 
Endpoint:   p_reg_Y_temp_reg_55_/D (v) checked with  leading edge of 'CLK'
Beginpoint: B_reg_Y_temp_reg_1_/Q  (^) triggered by  leading edge of 'CLK'
Path Groups: {CLK}
Analysis View: default
Other End Arrival Time          0.050
- Setup                         0.024
+ Phase Shift                   5.998
- Uncertainty                   0.050
= Required Time                 5.973
- Arrival Time                  4.193
= Slack Time                    1.781
     Clock Rise Edge                 0.000
     + Clock Network Latency (Ideal) 0.050
     = Beginpoint Arrival Time       0.050
     +------------------------------------------------------------------------------+ 
     |       Instance       |     Arc      |   Cell    | Delay | Arrival | Required | 
     |                      |              |           |       |  Time   |   Time   | 
     |----------------------+--------------+-----------+-------+---------+----------| 
     | B_reg_Y_temp_reg_1_  | CK ^         |           |       |   0.050 |    1.831 | 
     | B_reg_Y_temp_reg_1_  | CK ^ -> Q ^  | DFF_X2    | 0.180 |   0.230 |    2.011 | 
     | U1607                | B2 ^ -> ZN v | OAI21_X1  | 0.024 |   0.254 |    2.035 | 
     | FE_OFC5_n488         | A v -> Z v   | CLKBUF_X1 | 0.146 |   0.400 |    2.181 | 
     | U1614                | A v -> ZN ^  | INV_X1    | 0.155 |   0.555 |    2.335 | 
     | U1615                | B2 ^ -> ZN v | AOI22_X1  | 0.044 |   0.599 |    2.380 | 
     | U1616                | A2 v -> ZN ^ | NAND2_X1  | 0.033 |   0.632 |    2.412 | 
     | U1489                | A1 ^ -> ZN v | NOR2_X1   | 0.017 |   0.649 |    2.430 | 
     | U1619                | A1 v -> ZN v | AND2_X1   | 0.033 |   0.682 |    2.463 | 
     | U1624                | A1 v -> ZN ^ | NAND2_X1  | 0.018 |   0.700 |    2.481 | 
     | U3398                | A1 ^ -> ZN v | NAND2_X1  | 0.016 |   0.717 |    2.498 | 
     | U3399                | B v -> ZN v  | XNOR2_X1  | 0.049 |   0.766 |    2.547 | 
     | U3976                | A v -> S v   | FA_X1     | 0.104 |   0.870 |    2.651 | 
     | U3971                | CI v -> S ^  | FA_X1     | 0.123 |   0.993 |    2.774 | 
     | U3412                | A1 ^ -> ZN v | NAND2_X1  | 0.016 |   1.009 |    2.790 | 
     | U3414                | A2 v -> ZN ^ | NAND3_X1  | 0.021 |   1.030 |    2.811 | 
     | intadd_1939_U3       | CI ^ -> S v  | FA_X1     | 0.096 |   1.126 |    2.907 | 
     | intadd_1897_U54      | B v -> CO v  | FA_X1     | 0.082 |   1.209 |    2.989 | 
     | intadd_1897_U53      | CI v -> CO v | FA_X1     | 0.072 |   1.280 |    3.061 | 
     | intadd_1897_U52      | CI v -> CO v | FA_X1     | 0.072 |   1.353 |    3.133 | 
     | intadd_1897_U51      | CI v -> CO v | FA_X1     | 0.072 |   1.425 |    3.206 | 
     | intadd_1897_U50      | CI v -> CO v | FA_X1     | 0.073 |   1.497 |    3.278 | 
     | intadd_1897_U49      | CI v -> CO v | FA_X1     | 0.073 |   1.571 |    3.351 | 
     | intadd_1897_U48      | CI v -> CO v | FA_X1     | 0.072 |   1.643 |    3.424 | 
     | intadd_1897_U47      | CI v -> CO v | FA_X1     | 0.072 |   1.715 |    3.496 | 
     | intadd_1897_U46      | CI v -> CO v | FA_X1     | 0.072 |   1.787 |    3.568 | 
     | intadd_1897_U45      | CI v -> CO v | FA_X1     | 0.073 |   1.860 |    3.641 | 
     | intadd_1897_U44      | CI v -> CO v | FA_X1     | 0.073 |   1.933 |    3.713 | 
     | intadd_1897_U43      | CI v -> CO v | FA_X1     | 0.079 |   2.012 |    3.793 | 
     | intadd_1897_U42      | CI v -> CO v | FA_X1     | 0.077 |   2.089 |    3.870 | 
     | intadd_1897_U41      | CI v -> CO v | FA_X1     | 0.073 |   2.162 |    3.943 | 
     | intadd_1897_U40      | CI v -> CO v | FA_X1     | 0.072 |   2.234 |    4.015 | 
     | intadd_1897_U39      | CI v -> CO v | FA_X1     | 0.072 |   2.306 |    4.087 | 
     | intadd_1897_U38      | CI v -> CO v | FA_X1     | 0.072 |   2.378 |    4.159 | 
     | intadd_1897_U37      | CI v -> CO v | FA_X1     | 0.073 |   2.451 |    4.232 | 
     | intadd_1897_U36      | CI v -> CO v | FA_X1     | 0.072 |   2.524 |    4.304 | 
     | intadd_1897_U35      | CI v -> CO v | FA_X1     | 0.088 |   2.612 |    4.393 | 
     | U2904                | A1 v -> ZN ^ | NAND2_X1  | 0.019 |   2.631 |    4.412 | 
     | U1538                | A2 ^ -> ZN ^ | AND3_X1   | 0.051 |   2.682 |    4.463 | 
     | U2906                | B2 ^ -> ZN v | OAI21_X1  | 0.022 |   2.705 |    4.486 | 
     | intadd_1897_U32      | CI v -> CO v | FA_X1     | 0.074 |   2.779 |    4.560 | 
     | intadd_1897_U31      | CI v -> CO v | FA_X1     | 0.079 |   2.858 |    4.639 | 
     | intadd_1897_U30      | CI v -> CO v | FA_X1     | 0.075 |   2.933 |    4.714 | 
     | intadd_1897_U29      | CI v -> CO v | FA_X1     | 0.073 |   3.006 |    4.787 | 
     | intadd_1897_U28      | CI v -> CO v | FA_X1     | 0.074 |   3.081 |    4.862 | 
     | intadd_1897_U27      | CI v -> CO v | FA_X1     | 0.075 |   3.155 |    4.936 | 
     | intadd_1897_U26      | CI v -> CO v | FA_X1     | 0.076 |   3.232 |    5.013 | 
     | intadd_1897_U25      | CI v -> CO v | FA_X1     | 0.074 |   3.306 |    5.087 | 
     | intadd_1897_U24      | CI v -> CO v | FA_X1     | 0.073 |   3.379 |    5.160 | 
     | intadd_1897_U23      | CI v -> CO v | FA_X1     | 0.073 |   3.453 |    5.234 | 
     | intadd_1897_U22      | CI v -> CO v | FA_X1     | 0.075 |   3.528 |    5.308 | 
     | intadd_1897_U21      | CI v -> CO v | FA_X1     | 0.073 |   3.601 |    5.382 | 
     | intadd_1897_U20      | CI v -> CO v | FA_X1     | 0.073 |   3.674 |    5.455 | 
     | intadd_1897_U19      | CI v -> CO v | FA_X1     | 0.078 |   3.752 |    5.533 | 
     | U2563                | A1 v -> ZN ^ | NAND2_X1  | 0.019 |   3.771 |    5.551 | 
     | U1519                | A1 ^ -> ZN v | NAND2_X1  | 0.018 |   3.789 |    5.569 | 
     | U2564                | A1 v -> ZN ^ | NAND2_X1  | 0.015 |   3.804 |    5.585 | 
     | U1587                | A1 ^ -> ZN v | NAND2_X1  | 0.022 |   3.826 |    5.607 | 
     | U2566                | A1 v -> ZN ^ | NAND2_X1  | 0.015 |   3.841 |    5.621 | 
     | U1536                | A2 ^ -> ZN ^ | AND3_X1   | 0.051 |   3.892 |    5.672 | 
     | U2568                | B2 ^ -> ZN v | OAI21_X1  | 0.025 |   3.916 |    5.697 | 
     | U1504                | A1 v -> ZN ^ | NAND2_X1  | 0.015 |   3.931 |    5.711 | 
     | U1535                | A1 ^ -> ZN ^ | AND2_X1   | 0.036 |   3.967 |    5.748 | 
     | U2569                | B2 ^ -> ZN v | OAI21_X1  | 0.023 |   3.990 |    5.771 | 
     | U1498                | A1 v -> ZN ^ | NAND2_X1  | 0.014 |   4.004 |    5.785 | 
     | U1534                | A1 ^ -> ZN ^ | AND2_X1   | 0.037 |   4.041 |    5.822 | 
     | U2571                | B2 ^ -> ZN v | OAI21_X1  | 0.023 |   4.064 |    5.845 | 
     | U1516                | A1 v -> ZN ^ | NAND2_X1  | 0.016 |   4.080 |    5.861 | 
     | U1588                | A1 ^ -> ZN v | NAND2_X1  | 0.018 |   4.098 |    5.879 | 
     | U1598                | A v -> ZN v  | XNOR2_X1  | 0.040 |   4.138 |    5.918 | 
     | U19                  | B2 v -> ZN ^ | AOI22_X1  | 0.047 |   4.184 |    5.965 | 
     | U20                  | A ^ -> ZN v  | INV_X1    | 0.008 |   4.193 |    5.973 | 
     | p_reg_Y_temp_reg_55_ | D v          | DFF_X1    | 0.000 |   4.193 |    5.973 | 
     +------------------------------------------------------------------------------+ 
Path 10: MET Setup Check with Pin p_reg_Y_temp_reg_54_/CK 
Endpoint:   p_reg_Y_temp_reg_54_/D (v) checked with  leading edge of 'CLK'
Beginpoint: B_reg_Y_temp_reg_1_/Q  (^) triggered by  leading edge of 'CLK'
Path Groups: {CLK}
Analysis View: default
Other End Arrival Time          0.050
- Setup                         0.024
+ Phase Shift                   5.998
- Uncertainty                   0.050
= Required Time                 5.973
- Arrival Time                  4.161
= Slack Time                    1.812
     Clock Rise Edge                 0.000
     + Clock Network Latency (Ideal) 0.050
     = Beginpoint Arrival Time       0.050
     +------------------------------------------------------------------------------+ 
     |       Instance       |     Arc      |   Cell    | Delay | Arrival | Required | 
     |                      |              |           |       |  Time   |   Time   | 
     |----------------------+--------------+-----------+-------+---------+----------| 
     | B_reg_Y_temp_reg_1_  | CK ^         |           |       |   0.050 |    1.862 | 
     | B_reg_Y_temp_reg_1_  | CK ^ -> Q ^  | DFF_X2    | 0.180 |   0.230 |    2.042 | 
     | U1607                | B2 ^ -> ZN v | OAI21_X1  | 0.024 |   0.254 |    2.066 | 
     | FE_OFC5_n488         | A v -> Z v   | CLKBUF_X1 | 0.146 |   0.400 |    2.212 | 
     | U1614                | A v -> ZN ^  | INV_X1    | 0.155 |   0.555 |    2.367 | 
     | U1615                | B2 ^ -> ZN v | AOI22_X1  | 0.044 |   0.599 |    2.411 | 
     | U1616                | A2 v -> ZN ^ | NAND2_X1  | 0.033 |   0.632 |    2.444 | 
     | U1489                | A1 ^ -> ZN v | NOR2_X1   | 0.017 |   0.649 |    2.461 | 
     | U1619                | A1 v -> ZN v | AND2_X1   | 0.033 |   0.682 |    2.494 | 
     | U1624                | A1 v -> ZN ^ | NAND2_X1  | 0.018 |   0.700 |    2.513 | 
     | U3398                | A1 ^ -> ZN v | NAND2_X1  | 0.016 |   0.717 |    2.529 | 
     | U3399                | B v -> ZN v  | XNOR2_X1  | 0.049 |   0.766 |    2.578 | 
     | U3976                | A v -> S v   | FA_X1     | 0.104 |   0.870 |    2.682 | 
     | U3971                | CI v -> S ^  | FA_X1     | 0.123 |   0.993 |    2.806 | 
     | U3412                | A1 ^ -> ZN v | NAND2_X1  | 0.016 |   1.009 |    2.821 | 
     | U3414                | A2 v -> ZN ^ | NAND3_X1  | 0.021 |   1.030 |    2.842 | 
     | intadd_1939_U3       | CI ^ -> S v  | FA_X1     | 0.096 |   1.126 |    2.938 | 
     | intadd_1897_U54      | B v -> CO v  | FA_X1     | 0.082 |   1.209 |    3.021 | 
     | intadd_1897_U53      | CI v -> CO v | FA_X1     | 0.072 |   1.280 |    3.092 | 
     | intadd_1897_U52      | CI v -> CO v | FA_X1     | 0.072 |   1.353 |    3.165 | 
     | intadd_1897_U51      | CI v -> CO v | FA_X1     | 0.072 |   1.425 |    3.237 | 
     | intadd_1897_U50      | CI v -> CO v | FA_X1     | 0.073 |   1.497 |    3.310 | 
     | intadd_1897_U49      | CI v -> CO v | FA_X1     | 0.073 |   1.571 |    3.383 | 
     | intadd_1897_U48      | CI v -> CO v | FA_X1     | 0.072 |   1.643 |    3.455 | 
     | intadd_1897_U47      | CI v -> CO v | FA_X1     | 0.072 |   1.715 |    3.527 | 
     | intadd_1897_U46      | CI v -> CO v | FA_X1     | 0.072 |   1.787 |    3.599 | 
     | intadd_1897_U45      | CI v -> CO v | FA_X1     | 0.073 |   1.860 |    3.672 | 
     | intadd_1897_U44      | CI v -> CO v | FA_X1     | 0.073 |   1.933 |    3.745 | 
     | intadd_1897_U43      | CI v -> CO v | FA_X1     | 0.079 |   2.012 |    3.824 | 
     | intadd_1897_U42      | CI v -> CO v | FA_X1     | 0.077 |   2.089 |    3.901 | 
     | intadd_1897_U41      | CI v -> CO v | FA_X1     | 0.073 |   2.162 |    3.974 | 
     | intadd_1897_U40      | CI v -> CO v | FA_X1     | 0.072 |   2.234 |    4.046 | 
     | intadd_1897_U39      | CI v -> CO v | FA_X1     | 0.072 |   2.306 |    4.118 | 
     | intadd_1897_U38      | CI v -> CO v | FA_X1     | 0.072 |   2.378 |    4.190 | 
     | intadd_1897_U37      | CI v -> CO v | FA_X1     | 0.073 |   2.451 |    4.263 | 
     | intadd_1897_U36      | CI v -> CO v | FA_X1     | 0.072 |   2.524 |    4.336 | 
     | intadd_1897_U35      | CI v -> CO v | FA_X1     | 0.088 |   2.612 |    4.424 | 
     | U2904                | A1 v -> ZN ^ | NAND2_X1  | 0.019 |   2.631 |    4.444 | 
     | U1538                | A2 ^ -> ZN ^ | AND3_X1   | 0.051 |   2.682 |    4.495 | 
     | U2906                | B2 ^ -> ZN v | OAI21_X1  | 0.022 |   2.705 |    4.517 | 
     | intadd_1897_U32      | CI v -> CO v | FA_X1     | 0.074 |   2.779 |    4.591 | 
     | intadd_1897_U31      | CI v -> CO v | FA_X1     | 0.079 |   2.858 |    4.670 | 
     | intadd_1897_U30      | CI v -> CO v | FA_X1     | 0.075 |   2.933 |    4.745 | 
     | intadd_1897_U29      | CI v -> CO v | FA_X1     | 0.073 |   3.006 |    4.819 | 
     | intadd_1897_U28      | CI v -> CO v | FA_X1     | 0.074 |   3.081 |    4.893 | 
     | intadd_1897_U27      | CI v -> CO v | FA_X1     | 0.075 |   3.155 |    4.968 | 
     | intadd_1897_U26      | CI v -> CO v | FA_X1     | 0.076 |   3.232 |    5.044 | 
     | intadd_1897_U25      | CI v -> CO v | FA_X1     | 0.074 |   3.306 |    5.118 | 
     | intadd_1897_U24      | CI v -> CO v | FA_X1     | 0.073 |   3.379 |    5.192 | 
     | intadd_1897_U23      | CI v -> CO v | FA_X1     | 0.073 |   3.453 |    5.265 | 
     | intadd_1897_U22      | CI v -> CO v | FA_X1     | 0.075 |   3.528 |    5.340 | 
     | intadd_1897_U21      | CI v -> CO v | FA_X1     | 0.073 |   3.601 |    5.413 | 
     | intadd_1897_U20      | CI v -> CO v | FA_X1     | 0.073 |   3.674 |    5.486 | 
     | intadd_1897_U19      | CI v -> CO v | FA_X1     | 0.078 |   3.752 |    5.564 | 
     | U2563                | A1 v -> ZN ^ | NAND2_X1  | 0.019 |   3.771 |    5.583 | 
     | U1519                | A1 ^ -> ZN v | NAND2_X1  | 0.018 |   3.789 |    5.601 | 
     | U2564                | A1 v -> ZN ^ | NAND2_X1  | 0.015 |   3.804 |    5.616 | 
     | U1587                | A1 ^ -> ZN v | NAND2_X1  | 0.022 |   3.826 |    5.638 | 
     | U2566                | A1 v -> ZN ^ | NAND2_X1  | 0.015 |   3.841 |    5.653 | 
     | U1536                | A2 ^ -> ZN ^ | AND3_X1   | 0.051 |   3.892 |    5.704 | 
     | U2568                | B2 ^ -> ZN v | OAI21_X1  | 0.025 |   3.916 |    5.728 | 
     | U1504                | A1 v -> ZN ^ | NAND2_X1  | 0.015 |   3.931 |    5.743 | 
     | U1535                | A1 ^ -> ZN ^ | AND2_X1   | 0.036 |   3.967 |    5.779 | 
     | U2569                | B2 ^ -> ZN v | OAI21_X1  | 0.023 |   3.990 |    5.802 | 
     | U1498                | A1 v -> ZN ^ | NAND2_X1  | 0.014 |   4.004 |    5.816 | 
     | U1534                | A1 ^ -> ZN ^ | AND2_X1   | 0.037 |   4.041 |    5.853 | 
     | U2571                | B2 ^ -> ZN v | OAI21_X1  | 0.023 |   4.064 |    5.876 | 
     | U1529                | A v -> ZN v  | XNOR2_X1  | 0.042 |   4.106 |    5.918 | 
     | U21                  | B2 v -> ZN ^ | AOI22_X1  | 0.047 |   4.153 |    5.965 | 
     | U22                  | A ^ -> ZN v  | INV_X1    | 0.008 |   4.161 |    5.973 | 
     | p_reg_Y_temp_reg_54_ | D v          | DFF_X1    | 0.000 |   4.161 |    5.973 | 
     +------------------------------------------------------------------------------+ 

