###############################################################
#  Generated by:      Cadence Innovus 23.35-s106_1
#  OS:                Linux x86_64(Host ID microsys.openstack.polito)
#  Generated on:      Sat Oct 10 22:45:04 2026
#  Design:            boothmul_registered
#  Command:           report_ccopt_skew_groups -file reports/05_skew_groups.rpt
###############################################################

Skew Group Structure:
=====================

-----------------------------------------------------------------------------
Skew Group                Sources    Constrained Sinks    Unconstrained Sinks
-----------------------------------------------------------------------------
CLK/coherent-synthesis       1              128                    0
-----------------------------------------------------------------------------

Skew Group Summary:
===================

---------------------------------------------------------------------------------------------------------------------------------------------------------------------------
Timing Corner         Skew Group                ID Target    Min ID    Max ID    Avg ID    Std.Dev. ID    Skew Target Type    Skew Target    Skew     Skew window occupancy
---------------------------------------------------------------------------------------------------------------------------------------------------------------------------
std-typ:both.early    CLK/coherent-synthesis        -        0.065     0.077     0.073        0.003       ignored                  -         0.012              -
std-typ:both.late     CLK/coherent-synthesis    *0.050       0.065     0.077     0.074        0.003       explicit             0.050         0.013    100% {0.065, 0.077}
---------------------------------------------------------------------------------------------------------------------------------------------------------------------------

* - indicates that target was not met.

Skew Group Min/Max path pins:
=============================

------------------------------------------------------------------------------------
Timing Corner         Skew Group                Min ID    PathID    Max ID    PathID
------------------------------------------------------------------------------------
std-typ:both.early    CLK/coherent-synthesis    0.065       1       0.077       2
-    min p_reg_Y_temp_reg_40_/CK
-    max p_reg_Y_temp_reg_18_/CK
std-typ:both.late     CLK/coherent-synthesis    0.065       3       0.077       4
-    min p_reg_Y_temp_reg_40_/CK
-    max p_reg_Y_temp_reg_18_/CK
------------------------------------------------------------------------------------

Timing for timing corner std-typ:both.early, min clock_path:
============================================================

PathID    : 1
Path type : skew group CLK/coherent-synthesis (path 1 of 1)
Start     : CLK
End       : p_reg_Y_temp_reg_40_/CK
Delay     : 0.065

-----------------------------------------------------------------------------------------------
Name  Lib cell   Event  Incr   Arrival  Slew   Cap     Location        Distance  Fanout  Status
                        (ns)   (ns)     (ns)   (fF)                    (um)              
-- Clockpath trace ----------------------------------------------------------------------------
CLK
-     -          rise   -       0.000   0.002  14.299  (60.665,0.000)  -            3    
CTS_ccl_a_buf_00001/A
-     CLKBUF_X3  rise   0.000   0.000   0.002  -       (58.840,8.715)   10.540   -       
CTS_ccl_a_buf_00001/Z
-     CLKBUF_X3  rise   0.062   0.062   0.045  54.585  (58.475,9.060)    0.710     37    
p_reg_Y_temp_reg_40_/CK
-     DFF_X1     rise   0.002   0.065   0.045  -       (42.790,6.970)   17.775   -       
-----------------------------------------------------------------------------------------------

Timing for timing corner std-typ:both.early, max clock_path:
============================================================

PathID    : 2
Path type : skew group CLK/coherent-synthesis (path 1 of 1)
Start     : CLK
End       : p_reg_Y_temp_reg_18_/CK
Delay     : 0.077

------------------------------------------------------------------------------------------------
Name  Lib cell   Event  Incr   Arrival  Slew   Cap     Location         Distance  Fanout  Status
                        (ns)   (ns)     (ns)   (fF)                     (um)              
-- Clockpath trace -----------------------------------------------------------------------------
CLK
-     -          rise   -       0.000   0.002  14.299  (60.665,0.000)   -            3    
CTS_ccl_a_buf_00003/A
-     CLKBUF_X3  rise   0.001   0.001   0.002  -       (98.480,37.765)   75.580   -       
CTS_ccl_a_buf_00003/Z
-     CLKBUF_X3  rise   0.074   0.075   0.049  63.234  (98.845,37.420)    0.710     49    
p_reg_Y_temp_reg_18_/CK
-     DFF_X1     rise   0.002   0.077   0.049  -       (96.940,75.910)   40.395   -       
------------------------------------------------------------------------------------------------

Timing for timing corner std-typ:both.late, min clock_path:
===========================================================

PathID    : 3
Path type : skew group CLK/coherent-synthesis (path 1 of 1)
Start     : CLK
End       : p_reg_Y_temp_reg_40_/CK
Delay     : 0.065

-----------------------------------------------------------------------------------------------
Name  Lib cell   Event  Incr   Arrival  Slew   Cap     Location        Distance  Fanout  Status
                        (ns)   (ns)     (ns)   (fF)                    (um)              
-- Clockpath trace ----------------------------------------------------------------------------
CLK
-     -          rise   -       0.000   0.002  14.299  (60.665,0.000)  -            3    
CTS_ccl_a_buf_00001/A
-     CLKBUF_X3  rise   0.000   0.000   0.002  -       (58.840,8.715)   10.540   -       
CTS_ccl_a_buf_00001/Z
-     CLKBUF_X3  rise   0.062   0.063   0.046  54.585  (58.475,9.060)    0.710     37    
p_reg_Y_temp_reg_40_/CK
-     DFF_X1     rise   0.002   0.065   0.046  -       (42.790,6.970)   17.775   -       
-----------------------------------------------------------------------------------------------

Timing for timing corner std-typ:both.late, max clock_path:
===========================================================

PathID    : 4
Path type : skew group CLK/coherent-synthesis (path 1 of 1)
Start     : CLK
End       : p_reg_Y_temp_reg_18_/CK
Delay     : 0.077

------------------------------------------------------------------------------------------------
Name  Lib cell   Event  Incr   Arrival  Slew   Cap     Location         Distance  Fanout  Status
                        (ns)   (ns)     (ns)   (fF)                     (um)              
-- Clockpath trace -----------------------------------------------------------------------------
CLK
-     -          rise   -       0.000   0.002  14.299  (60.665,0.000)   -            3    
CTS_ccl_a_buf_00003/A
-     CLKBUF_X3  rise   0.001   0.001   0.002  -       (98.480,37.765)   75.580   -       
CTS_ccl_a_buf_00003/Z
-     CLKBUF_X3  rise   0.074   0.075   0.049  63.234  (98.845,37.420)    0.710     49    
p_reg_Y_temp_reg_18_/CK
-     DFF_X1     rise   0.002   0.077   0.049  -       (96.940,75.910)   40.395   -       
------------------------------------------------------------------------------------------------

