###############################################################
#  Generated by:      Cadence Innovus 23.35-s106_1
#  OS:                Linux x86_64(Host ID microsys.openstack.polito)
#  Generated on:      Sat Oct 10 22:28:10 2026
#  Design:            boothmul_registered
#  Command:           report_timing -max_paths 10 > reports/04_preCTS_setup_paths.rpt
###############################################################
Path 1: MET Setup Check with Pin p_reg_Y_temp_reg_54_/CK 
Endpoint:   p_reg_Y_temp_reg_54_/D (^) checked with  leading edge of 'CLK'
Beginpoint: A_reg_Y_temp_reg_5_/Q  (^) triggered by  leading edge of 'CLK'
Path Groups: {CLK}
Analysis View: default
Other End Arrival Time          0.050
- Setup                         0.033
+ Phase Shift                   4.500
- Uncertainty                   0.050
= Required Time                 4.467
- Arrival Time                  3.480
= Slack Time                    0.987
     Clock Rise Edge                 0.000
     + Clock Network Latency (Ideal) 0.050
     = Beginpoint Arrival Time       0.050
     +------------------------------------------------------------------------------+ 
     |       Instance       |     Arc      |   Cell    | Delay | Arrival | Required | 
     |                      |              |           |       |  Time   |   Time   | 
     |----------------------+--------------+-----------+-------+---------+----------| 
     | A_reg_Y_temp_reg_5_  | CK ^         |           |       |   0.050 |    1.037 | 
     | A_reg_Y_temp_reg_5_  | CK ^ -> Q ^  | DFF_X1    | 0.218 |   0.268 |    1.255 | 
     | U759                 | B ^ -> ZN ^  | XNOR2_X1  | 0.072 |   0.339 |    1.326 | 
     | U596                 | A1 ^ -> ZN v | NAND2_X1  | 0.098 |   0.437 |    1.425 | 
     | U297                 | A v -> ZN ^  | INV_X1    | 0.118 |   0.555 |    1.542 | 
     | U765                 | B1 ^ -> ZN v | AOI222_X1 | 0.048 |   0.603 |    1.590 | 
     | U768                 | A v -> Z v   | XOR2_X1   | 0.069 |   0.672 |    1.660 | 
     | mul_intadd_9_U27     | A v -> CO v  | FA_X1     | 0.082 |   0.755 |    1.742 | 
     | mul_intadd_9_U26     | CI v -> CO v | FA_X1     | 0.073 |   0.827 |    1.815 | 
     | mul_intadd_9_U25     | CI v -> CO v | FA_X1     | 0.072 |   0.899 |    1.886 | 
     | mul_intadd_9_U24     | CI v -> CO v | FA_X1     | 0.072 |   0.971 |    1.959 | 
     | mul_intadd_9_U23     | CI v -> CO v | FA_X1     | 0.073 |   1.044 |    2.031 | 
     | mul_intadd_9_U22     | CI v -> CO v | FA_X1     | 0.073 |   1.117 |    2.104 | 
     | mul_intadd_9_U21     | CI v -> CO v | FA_X1     | 0.072 |   1.189 |    2.176 | 
     | mul_intadd_9_U20     | CI v -> CO v | FA_X1     | 0.072 |   1.262 |    2.249 | 
     | mul_intadd_9_U19     | CI v -> CO v | FA_X1     | 0.073 |   1.334 |    2.321 | 
     | mul_intadd_9_U18     | CI v -> CO v | FA_X1     | 0.072 |   1.407 |    2.394 | 
     | mul_intadd_9_U17     | CI v -> CO v | FA_X1     | 0.073 |   1.479 |    2.467 | 
     | mul_intadd_9_U16     | CI v -> CO v | FA_X1     | 0.074 |   1.553 |    2.540 | 
     | mul_intadd_9_U15     | CI v -> CO v | FA_X1     | 0.073 |   1.626 |    2.613 | 
     | mul_intadd_9_U14     | CI v -> CO v | FA_X1     | 0.074 |   1.699 |    2.687 | 
     | mul_intadd_9_U13     | CI v -> S v  | FA_X1     | 0.097 |   1.796 |    2.783 | 
     | mul_intadd_7_U43     | A v -> CO v  | FA_X1     | 0.092 |   1.888 |    2.875 | 
     | U997                 | A2 v -> ZN ^ | NAND2_X1  | 0.023 |   1.911 |    2.898 | 
     | U998                 | A3 ^ -> ZN v | NAND3_X1  | 0.035 |   1.945 |    2.933 | 
     | U1198                | A2 v -> ZN ^ | NAND2_X1  | 0.023 |   1.968 |    2.956 | 
     | U1199                | A3 ^ -> ZN v | NAND3_X1  | 0.025 |   1.994 |    2.981 | 
     | mul_intadd_7_U40     | CI v -> CO v | FA_X1     | 0.072 |   2.066 |    3.053 | 
     | mul_intadd_7_U39     | CI v -> CO v | FA_X1     | 0.073 |   2.139 |    3.126 | 
     | mul_intadd_7_U38     | CI v -> CO v | FA_X1     | 0.073 |   2.212 |    3.199 | 
     | mul_intadd_7_U37     | CI v -> CO v | FA_X1     | 0.072 |   2.284 |    3.271 | 
     | mul_intadd_7_U36     | CI v -> CO v | FA_X1     | 0.073 |   2.356 |    3.344 | 
     | mul_intadd_7_U35     | CI v -> CO v | FA_X1     | 0.073 |   2.429 |    3.416 | 
     | mul_intadd_7_U34     | CI v -> CO v | FA_X1     | 0.073 |   2.502 |    3.489 | 
     | mul_intadd_7_U33     | CI v -> CO v | FA_X1     | 0.072 |   2.573 |    3.561 | 
     | mul_intadd_7_U32     | CI v -> CO v | FA_X1     | 0.072 |   2.645 |    3.633 | 
     | mul_intadd_7_U31     | CI v -> CO v | FA_X1     | 0.072 |   2.717 |    3.705 | 
     | mul_intadd_7_U30     | CI v -> CO v | FA_X1     | 0.072 |   2.790 |    3.777 | 
     | mul_intadd_7_U29     | CI v -> CO v | FA_X1     | 0.072 |   2.862 |    3.849 | 
     | mul_intadd_7_U28     | CI v -> CO v | FA_X1     | 0.072 |   2.934 |    3.921 | 
     | mul_intadd_7_U27     | CI v -> CO v | FA_X1     | 0.072 |   3.006 |    3.993 | 
     | mul_intadd_7_U26     | CI v -> CO v | FA_X1     | 0.084 |   3.091 |    4.078 | 
     | U488                 | C1 v -> ZN ^ | OAI211_X1 | 0.040 |   3.130 |    4.118 | 
     | U896                 | A1 ^ -> ZN v | NAND2_X1  | 0.023 |   3.154 |    4.141 | 
     | U903                 | A1 v -> ZN ^ | NAND2_X1  | 0.033 |   3.187 |    4.174 | 
     | U306                 | A1 ^ -> ZN v | NAND2_X1  | 0.015 |   3.202 |    4.189 | 
     | U305                 | A2 v -> ZN v | AND2_X1   | 0.033 |   3.235 |    4.222 | 
     | U518                 | A2 v -> ZN ^ | NAND2_X1  | 0.024 |   3.259 |    4.246 | 
     | U519                 | A ^ -> ZN v  | INV_X1    | 0.010 |   3.269 |    4.256 | 
     | U278                 | A2 v -> ZN v | OR2_X1    | 0.052 |   3.321 |    4.308 | 
     | U383                 | A1 v -> ZN ^ | NAND2_X1  | 0.019 |   3.339 |    4.327 | 
     | U381                 | A2 ^ -> ZN v | NAND4_X1  | 0.026 |   3.365 |    4.352 | 
     | U501                 | A1 v -> ZN v | AND2_X1   | 0.032 |   3.397 |    4.384 | 
     | U500                 | A v -> ZN v  | XNOR2_X1  | 0.038 |   3.435 |    4.422 | 
     | U21                  | B2 v -> ZN ^ | AOI22_X1  | 0.045 |   3.480 |    4.467 | 
     | p_reg_Y_temp_reg_54_ | D ^          | DFF_X1    | 0.000 |   3.480 |    4.467 | 
     +------------------------------------------------------------------------------+ 
Path 2: MET Setup Check with Pin p_reg_Y_temp_reg_62_/CK 
Endpoint:   p_reg_Y_temp_reg_62_/D (v) checked with  leading edge of 'CLK'
Beginpoint: A_reg_Y_temp_reg_5_/Q  (^) triggered by  leading edge of 'CLK'
Path Groups: {CLK}
Analysis View: default
Other End Arrival Time          0.050
- Setup                         0.025
+ Phase Shift                   4.500
- Uncertainty                   0.050
= Required Time                 4.474
- Arrival Time                  3.486
= Slack Time                    0.988
     Clock Rise Edge                 0.000
     + Clock Network Latency (Ideal) 0.050
     = Beginpoint Arrival Time       0.050
     +------------------------------------------------------------------------------+ 
     |       Instance       |     Arc      |   Cell    | Delay | Arrival | Required | 
     |                      |              |           |       |  Time   |   Time   | 
     |----------------------+--------------+-----------+-------+---------+----------| 
     | A_reg_Y_temp_reg_5_  | CK ^         |           |       |   0.050 |    1.038 | 
     | A_reg_Y_temp_reg_5_  | CK ^ -> Q ^  | DFF_X1    | 0.218 |   0.268 |    1.256 | 
     | U759                 | B ^ -> ZN ^  | XNOR2_X1  | 0.072 |   0.339 |    1.328 | 
     | U596                 | A1 ^ -> ZN v | NAND2_X1  | 0.098 |   0.437 |    1.426 | 
     | U297                 | A v -> ZN ^  | INV_X1    | 0.118 |   0.555 |    1.544 | 
     | U765                 | B1 ^ -> ZN v | AOI222_X1 | 0.048 |   0.603 |    1.591 | 
     | U768                 | A v -> Z v   | XOR2_X1   | 0.069 |   0.672 |    1.661 | 
     | mul_intadd_9_U27     | A v -> CO v  | FA_X1     | 0.082 |   0.755 |    1.743 | 
     | mul_intadd_9_U26     | CI v -> CO v | FA_X1     | 0.073 |   0.827 |    1.816 | 
     | mul_intadd_9_U25     | CI v -> CO v | FA_X1     | 0.072 |   0.899 |    1.887 | 
     | mul_intadd_9_U24     | CI v -> CO v | FA_X1     | 0.072 |   0.971 |    1.960 | 
     | mul_intadd_9_U23     | CI v -> CO v | FA_X1     | 0.073 |   1.044 |    2.032 | 
     | mul_intadd_9_U22     | CI v -> CO v | FA_X1     | 0.073 |   1.117 |    2.105 | 
     | mul_intadd_9_U21     | CI v -> CO v | FA_X1     | 0.072 |   1.189 |    2.177 | 
     | mul_intadd_9_U20     | CI v -> CO v | FA_X1     | 0.072 |   1.262 |    2.250 | 
     | mul_intadd_9_U19     | CI v -> CO v | FA_X1     | 0.073 |   1.334 |    2.323 | 
     | mul_intadd_9_U18     | CI v -> CO v | FA_X1     | 0.072 |   1.407 |    2.395 | 
     | mul_intadd_9_U17     | CI v -> CO v | FA_X1     | 0.073 |   1.479 |    2.468 | 
     | mul_intadd_9_U16     | CI v -> CO v | FA_X1     | 0.074 |   1.553 |    2.541 | 
     | mul_intadd_9_U15     | CI v -> CO v | FA_X1     | 0.073 |   1.626 |    2.614 | 
     | mul_intadd_9_U14     | CI v -> CO v | FA_X1     | 0.074 |   1.699 |    2.688 | 
     | mul_intadd_9_U13     | CI v -> S v  | FA_X1     | 0.097 |   1.796 |    2.784 | 
     | mul_intadd_7_U43     | A v -> CO v  | FA_X1     | 0.092 |   1.888 |    2.876 | 
     | U997                 | A2 v -> ZN ^ | NAND2_X1  | 0.023 |   1.911 |    2.899 | 
     | U998                 | A3 ^ -> ZN v | NAND3_X1  | 0.035 |   1.945 |    2.934 | 
     | U1198                | A2 v -> ZN ^ | NAND2_X1  | 0.023 |   1.968 |    2.957 | 
     | U1199                | A3 ^ -> ZN v | NAND3_X1  | 0.025 |   1.994 |    2.982 | 
     | mul_intadd_7_U40     | CI v -> CO v | FA_X1     | 0.072 |   2.066 |    3.054 | 
     | mul_intadd_7_U39     | CI v -> CO v | FA_X1     | 0.073 |   2.139 |    3.127 | 
     | mul_intadd_7_U38     | CI v -> CO v | FA_X1     | 0.073 |   2.212 |    3.200 | 
     | mul_intadd_7_U37     | CI v -> CO v | FA_X1     | 0.072 |   2.284 |    3.272 | 
     | mul_intadd_7_U36     | CI v -> CO v | FA_X1     | 0.073 |   2.356 |    3.345 | 
     | mul_intadd_7_U35     | CI v -> CO v | FA_X1     | 0.073 |   2.429 |    3.417 | 
     | mul_intadd_7_U34     | CI v -> CO v | FA_X1     | 0.073 |   2.502 |    3.490 | 
     | mul_intadd_7_U33     | CI v -> CO v | FA_X1     | 0.072 |   2.573 |    3.562 | 
     | mul_intadd_7_U32     | CI v -> CO v | FA_X1     | 0.072 |   2.645 |    3.634 | 
     | mul_intadd_7_U31     | CI v -> CO v | FA_X1     | 0.072 |   2.717 |    3.706 | 
     | mul_intadd_7_U30     | CI v -> CO v | FA_X1     | 0.072 |   2.790 |    3.778 | 
     | mul_intadd_7_U29     | CI v -> CO v | FA_X1     | 0.072 |   2.862 |    3.850 | 
     | mul_intadd_7_U28     | CI v -> CO v | FA_X1     | 0.072 |   2.934 |    3.923 | 
     | mul_intadd_7_U27     | CI v -> CO v | FA_X1     | 0.072 |   3.006 |    3.995 | 
     | mul_intadd_7_U26     | CI v -> CO v | FA_X1     | 0.084 |   3.091 |    4.079 | 
     | U488                 | C1 v -> ZN ^ | OAI211_X1 | 0.040 |   3.130 |    4.119 | 
     | U896                 | A1 ^ -> ZN v | NAND2_X1  | 0.023 |   3.154 |    4.142 | 
     | U903                 | A1 v -> ZN ^ | NAND2_X1  | 0.033 |   3.187 |    4.176 | 
     | U306                 | A1 ^ -> ZN v | NAND2_X1  | 0.015 |   3.202 |    4.190 | 
     | U305                 | A2 v -> ZN v | AND2_X1   | 0.033 |   3.235 |    4.223 | 
     | U320                 | A2 v -> ZN v | OR2_X1    | 0.049 |   3.284 |    4.273 | 
     | U574                 | A3 v -> ZN ^ | NAND3_X1  | 0.025 |   3.309 |    4.298 | 
     | U308                 | A1 ^ -> ZN v | NAND2_X1  | 0.015 |   3.324 |    4.312 | 
     | U307                 | A1 v -> ZN ^ | NAND2_X1  | 0.019 |   3.343 |    4.331 | 
     | U592                 | C2 ^ -> ZN v | OAI211_X1 | 0.032 |   3.375 |    4.363 | 
     | U586                 | B2 v -> ZN ^ | OAI21_X1  | 0.050 |   3.424 |    4.413 | 
     | U587                 | B ^ -> ZN ^  | XNOR2_X1  | 0.043 |   3.468 |    4.456 | 
     | U502                 | B2 ^ -> ZN v | OAI21_X1  | 0.018 |   3.486 |    4.474 | 
     | p_reg_Y_temp_reg_62_ | D v          | DFF_X1    | 0.000 |   3.486 |    4.474 | 
     +------------------------------------------------------------------------------+ 
Path 3: MET Setup Check with Pin p_reg_Y_temp_reg_57_/CK 
Endpoint:   p_reg_Y_temp_reg_57_/D (^) checked with  leading edge of 'CLK'
Beginpoint: A_reg_Y_temp_reg_5_/Q  (^) triggered by  leading edge of 'CLK'
Path Groups: {CLK}
Analysis View: default
Other End Arrival Time          0.050
- Setup                         0.027
+ Phase Shift                   4.500
- Uncertainty                   0.050
= Required Time                 4.473
- Arrival Time                  3.472
= Slack Time                    1.001
     Clock Rise Edge                 0.000
     + Clock Network Latency (Ideal) 0.050
     = Beginpoint Arrival Time       0.050
     +------------------------------------------------------------------------------+ 
     |       Instance       |     Arc      |   Cell    | Delay | Arrival | Required | 
     |                      |              |           |       |  Time   |   Time   | 
     |----------------------+--------------+-----------+-------+---------+----------| 
     | A_reg_Y_temp_reg_5_  | CK ^         |           |       |   0.050 |    1.051 | 
     | A_reg_Y_temp_reg_5_  | CK ^ -> Q ^  | DFF_X1    | 0.218 |   0.268 |    1.269 | 
     | U759                 | B ^ -> ZN ^  | XNOR2_X1  | 0.072 |   0.339 |    1.340 | 
     | U596                 | A1 ^ -> ZN v | NAND2_X1  | 0.098 |   0.437 |    1.438 | 
     | U297                 | A v -> ZN ^  | INV_X1    | 0.118 |   0.555 |    1.556 | 
     | U765                 | B1 ^ -> ZN v | AOI222_X1 | 0.048 |   0.603 |    1.604 | 
     | U768                 | A v -> Z v   | XOR2_X1   | 0.069 |   0.672 |    1.673 | 
     | mul_intadd_9_U27     | A v -> CO v  | FA_X1     | 0.082 |   0.755 |    1.756 | 
     | mul_intadd_9_U26     | CI v -> CO v | FA_X1     | 0.073 |   0.827 |    1.828 | 
     | mul_intadd_9_U25     | CI v -> CO v | FA_X1     | 0.072 |   0.899 |    1.900 | 
     | mul_intadd_9_U24     | CI v -> CO v | FA_X1     | 0.072 |   0.971 |    1.972 | 
     | mul_intadd_9_U23     | CI v -> CO v | FA_X1     | 0.073 |   1.044 |    2.045 | 
     | mul_intadd_9_U22     | CI v -> CO v | FA_X1     | 0.073 |   1.117 |    2.118 | 
     | mul_intadd_9_U21     | CI v -> CO v | FA_X1     | 0.072 |   1.189 |    2.190 | 
     | mul_intadd_9_U20     | CI v -> CO v | FA_X1     | 0.072 |   1.262 |    2.263 | 
     | mul_intadd_9_U19     | CI v -> CO v | FA_X1     | 0.073 |   1.334 |    2.335 | 
     | mul_intadd_9_U18     | CI v -> CO v | FA_X1     | 0.072 |   1.407 |    2.408 | 
     | mul_intadd_9_U17     | CI v -> CO v | FA_X1     | 0.073 |   1.479 |    2.480 | 
     | mul_intadd_9_U16     | CI v -> CO v | FA_X1     | 0.074 |   1.553 |    2.554 | 
     | mul_intadd_9_U15     | CI v -> CO v | FA_X1     | 0.073 |   1.626 |    2.627 | 
     | mul_intadd_9_U14     | CI v -> CO v | FA_X1     | 0.074 |   1.699 |    2.700 | 
     | mul_intadd_9_U13     | CI v -> S v  | FA_X1     | 0.097 |   1.796 |    2.797 | 
     | mul_intadd_7_U43     | A v -> CO v  | FA_X1     | 0.092 |   1.888 |    2.889 | 
     | U997                 | A2 v -> ZN ^ | NAND2_X1  | 0.023 |   1.911 |    2.912 | 
     | U998                 | A3 ^ -> ZN v | NAND3_X1  | 0.035 |   1.945 |    2.946 | 
     | U1198                | A2 v -> ZN ^ | NAND2_X1  | 0.023 |   1.968 |    2.969 | 
     | U1199                | A3 ^ -> ZN v | NAND3_X1  | 0.025 |   1.994 |    2.995 | 
     | mul_intadd_7_U40     | CI v -> CO v | FA_X1     | 0.072 |   2.066 |    3.067 | 
     | mul_intadd_7_U39     | CI v -> CO v | FA_X1     | 0.073 |   2.139 |    3.140 | 
     | mul_intadd_7_U38     | CI v -> CO v | FA_X1     | 0.073 |   2.212 |    3.213 | 
     | mul_intadd_7_U37     | CI v -> CO v | FA_X1     | 0.072 |   2.284 |    3.285 | 
     | mul_intadd_7_U36     | CI v -> CO v | FA_X1     | 0.073 |   2.356 |    3.357 | 
     | mul_intadd_7_U35     | CI v -> CO v | FA_X1     | 0.073 |   2.429 |    3.430 | 
     | mul_intadd_7_U34     | CI v -> CO v | FA_X1     | 0.073 |   2.502 |    3.503 | 
     | mul_intadd_7_U33     | CI v -> CO v | FA_X1     | 0.072 |   2.573 |    3.574 | 
     | mul_intadd_7_U32     | CI v -> CO v | FA_X1     | 0.072 |   2.645 |    3.646 | 
     | mul_intadd_7_U31     | CI v -> CO v | FA_X1     | 0.072 |   2.717 |    3.718 | 
     | mul_intadd_7_U30     | CI v -> CO v | FA_X1     | 0.072 |   2.790 |    3.791 | 
     | mul_intadd_7_U29     | CI v -> CO v | FA_X1     | 0.072 |   2.862 |    3.863 | 
     | mul_intadd_7_U28     | CI v -> CO v | FA_X1     | 0.072 |   2.934 |    3.935 | 
     | mul_intadd_7_U27     | CI v -> CO v | FA_X1     | 0.072 |   3.006 |    4.007 | 
     | mul_intadd_7_U26     | CI v -> CO v | FA_X1     | 0.084 |   3.091 |    4.092 | 
     | U488                 | C1 v -> ZN ^ | OAI211_X1 | 0.040 |   3.130 |    4.131 | 
     | U896                 | A1 ^ -> ZN v | NAND2_X1  | 0.023 |   3.154 |    4.155 | 
     | U903                 | A1 v -> ZN ^ | NAND2_X1  | 0.033 |   3.187 |    4.188 | 
     | U306                 | A1 ^ -> ZN v | NAND2_X1  | 0.015 |   3.202 |    4.203 | 
     | U305                 | A2 v -> ZN v | AND2_X1   | 0.033 |   3.235 |    4.236 | 
     | U320                 | A2 v -> ZN v | OR2_X1    | 0.049 |   3.284 |    4.285 | 
     | U574                 | A3 v -> ZN ^ | NAND3_X1  | 0.025 |   3.309 |    4.310 | 
     | U526                 | A1 ^ -> ZN v | NAND2_X1  | 0.024 |   3.333 |    4.334 | 
     | U484                 | A1 v -> ZN ^ | NAND2_X1  | 0.015 |   3.348 |    4.349 | 
     | U515                 | A1 ^ -> ZN ^ | AND2_X1   | 0.032 |   3.380 |    4.381 | 
     | U613                 | A ^ -> Z ^   | XOR2_X1   | 0.049 |   3.428 |    4.429 | 
     | U15                  | B2 ^ -> ZN v | AOI22_X1  | 0.024 |   3.452 |    4.453 | 
     | U16                  | A v -> ZN ^  | INV_X1    | 0.019 |   3.472 |    4.473 | 
     | p_reg_Y_temp_reg_57_ | D ^          | DFF_X1    | 0.000 |   3.472 |    4.473 | 
     +------------------------------------------------------------------------------+ 
Path 4: MET Setup Check with Pin p_reg_Y_temp_reg_63_/CK 
Endpoint:   p_reg_Y_temp_reg_63_/D (v) checked with  leading edge of 'CLK'
Beginpoint: A_reg_Y_temp_reg_5_/Q  (^) triggered by  leading edge of 'CLK'
Path Groups: {CLK}
Analysis View: default
Other End Arrival Time          0.050
- Setup                         0.025
+ Phase Shift                   4.500
- Uncertainty                   0.050
= Required Time                 4.475
- Arrival Time                  3.474
= Slack Time                    1.001
     Clock Rise Edge                 0.000
     + Clock Network Latency (Ideal) 0.050
     = Beginpoint Arrival Time       0.050
     +------------------------------------------------------------------------------+ 
     |       Instance       |     Arc      |   Cell    | Delay | Arrival | Required | 
     |                      |              |           |       |  Time   |   Time   | 
     |----------------------+--------------+-----------+-------+---------+----------| 
     | A_reg_Y_temp_reg_5_  | CK ^         |           |       |   0.050 |    1.051 | 
     | A_reg_Y_temp_reg_5_  | CK ^ -> Q ^  | DFF_X1    | 0.218 |   0.268 |    1.269 | 
     | U759                 | B ^ -> ZN ^  | XNOR2_X1  | 0.072 |   0.339 |    1.340 | 
     | U596                 | A1 ^ -> ZN v | NAND2_X1  | 0.098 |   0.437 |    1.438 | 
     | U297                 | A v -> ZN ^  | INV_X1    | 0.118 |   0.555 |    1.556 | 
     | U765                 | B1 ^ -> ZN v | AOI222_X1 | 0.048 |   0.603 |    1.604 | 
     | U768                 | A v -> Z v   | XOR2_X1   | 0.069 |   0.672 |    1.673 | 
     | mul_intadd_9_U27     | A v -> CO v  | FA_X1     | 0.082 |   0.755 |    1.756 | 
     | mul_intadd_9_U26     | CI v -> CO v | FA_X1     | 0.073 |   0.827 |    1.828 | 
     | mul_intadd_9_U25     | CI v -> CO v | FA_X1     | 0.072 |   0.899 |    1.900 | 
     | mul_intadd_9_U24     | CI v -> CO v | FA_X1     | 0.072 |   0.971 |    1.972 | 
     | mul_intadd_9_U23     | CI v -> CO v | FA_X1     | 0.073 |   1.044 |    2.045 | 
     | mul_intadd_9_U22     | CI v -> CO v | FA_X1     | 0.073 |   1.117 |    2.118 | 
     | mul_intadd_9_U21     | CI v -> CO v | FA_X1     | 0.072 |   1.189 |    2.190 | 
     | mul_intadd_9_U20     | CI v -> CO v | FA_X1     | 0.072 |   1.262 |    2.263 | 
     | mul_intadd_9_U19     | CI v -> CO v | FA_X1     | 0.073 |   1.334 |    2.335 | 
     | mul_intadd_9_U18     | CI v -> CO v | FA_X1     | 0.072 |   1.407 |    2.408 | 
     | mul_intadd_9_U17     | CI v -> CO v | FA_X1     | 0.073 |   1.479 |    2.480 | 
     | mul_intadd_9_U16     | CI v -> CO v | FA_X1     | 0.074 |   1.553 |    2.554 | 
     | mul_intadd_9_U15     | CI v -> CO v | FA_X1     | 0.073 |   1.626 |    2.627 | 
     | mul_intadd_9_U14     | CI v -> CO v | FA_X1     | 0.074 |   1.699 |    2.701 | 
     | mul_intadd_9_U13     | CI v -> S v  | FA_X1     | 0.097 |   1.796 |    2.797 | 
     | mul_intadd_7_U43     | A v -> CO v  | FA_X1     | 0.092 |   1.888 |    2.889 | 
     | U997                 | A2 v -> ZN ^ | NAND2_X1  | 0.023 |   1.911 |    2.912 | 
     | U998                 | A3 ^ -> ZN v | NAND3_X1  | 0.035 |   1.945 |    2.947 | 
     | U1198                | A2 v -> ZN ^ | NAND2_X1  | 0.023 |   1.968 |    2.970 | 
     | U1199                | A3 ^ -> ZN v | NAND3_X1  | 0.025 |   1.994 |    2.995 | 
     | mul_intadd_7_U40     | CI v -> CO v | FA_X1     | 0.072 |   2.066 |    3.067 | 
     | mul_intadd_7_U39     | CI v -> CO v | FA_X1     | 0.073 |   2.139 |    3.140 | 
     | mul_intadd_7_U38     | CI v -> CO v | FA_X1     | 0.073 |   2.212 |    3.213 | 
     | mul_intadd_7_U37     | CI v -> CO v | FA_X1     | 0.072 |   2.284 |    3.285 | 
     | mul_intadd_7_U36     | CI v -> CO v | FA_X1     | 0.073 |   2.356 |    3.357 | 
     | mul_intadd_7_U35     | CI v -> CO v | FA_X1     | 0.073 |   2.429 |    3.430 | 
     | mul_intadd_7_U34     | CI v -> CO v | FA_X1     | 0.073 |   2.502 |    3.503 | 
     | mul_intadd_7_U33     | CI v -> CO v | FA_X1     | 0.072 |   2.573 |    3.574 | 
     | mul_intadd_7_U32     | CI v -> CO v | FA_X1     | 0.072 |   2.645 |    3.646 | 
     | mul_intadd_7_U31     | CI v -> CO v | FA_X1     | 0.072 |   2.717 |    3.718 | 
     | mul_intadd_7_U30     | CI v -> CO v | FA_X1     | 0.072 |   2.790 |    3.791 | 
     | mul_intadd_7_U29     | CI v -> CO v | FA_X1     | 0.072 |   2.862 |    3.863 | 
     | mul_intadd_7_U28     | CI v -> CO v | FA_X1     | 0.072 |   2.934 |    3.935 | 
     | mul_intadd_7_U27     | CI v -> CO v | FA_X1     | 0.072 |   3.006 |    4.007 | 
     | mul_intadd_7_U26     | CI v -> CO v | FA_X1     | 0.084 |   3.091 |    4.092 | 
     | U488                 | C1 v -> ZN ^ | OAI211_X1 | 0.040 |   3.130 |    4.131 | 
     | U896                 | A1 ^ -> ZN v | NAND2_X1  | 0.023 |   3.154 |    4.155 | 
     | U903                 | A1 v -> ZN ^ | NAND2_X1  | 0.033 |   3.187 |    4.188 | 
     | U306                 | A1 ^ -> ZN v | NAND2_X1  | 0.015 |   3.202 |    4.203 | 
     | U305                 | A2 v -> ZN v | AND2_X1   | 0.033 |   3.235 |    4.236 | 
     | U320                 | A2 v -> ZN v | OR2_X1    | 0.049 |   3.284 |    4.285 | 
     | U574                 | A3 v -> ZN ^ | NAND3_X1  | 0.025 |   3.309 |    4.310 | 
     | U308                 | A1 ^ -> ZN v | NAND2_X1  | 0.015 |   3.324 |    4.325 | 
     | U307                 | A1 v -> ZN ^ | NAND2_X1  | 0.019 |   3.343 |    4.344 | 
     | U592                 | C2 ^ -> ZN v | OAI211_X1 | 0.032 |   3.375 |    4.376 | 
     | U586                 | B2 v -> ZN ^ | OAI21_X1  | 0.050 |   3.424 |    4.425 | 
     | U924                 | B2 ^ -> ZN v | OAI21_X1  | 0.022 |   3.446 |    4.447 | 
     | U925                 | A v -> ZN ^  | INV_X1    | 0.014 |   3.460 |    4.461 | 
     | U2151                | B2 ^ -> ZN v | OAI21_X1  | 0.014 |   3.474 |    4.475 | 
     | p_reg_Y_temp_reg_63_ | D v          | DFF_X1    | 0.000 |   3.474 |    4.475 | 
     +------------------------------------------------------------------------------+ 
Path 5: MET Setup Check with Pin p_reg_Y_temp_reg_60_/CK 
Endpoint:   p_reg_Y_temp_reg_60_/D (v) checked with  leading edge of 'CLK'
Beginpoint: A_reg_Y_temp_reg_5_/Q  (^) triggered by  leading edge of 'CLK'
Path Groups: {CLK}
Analysis View: default
Other End Arrival Time          0.050
- Setup                         0.025
+ Phase Shift                   4.500
- Uncertainty                   0.050
= Required Time                 4.475
- Arrival Time                  3.474
= Slack Time                    1.001
     Clock Rise Edge                 0.000
     + Clock Network Latency (Ideal) 0.050
     = Beginpoint Arrival Time       0.050
     +------------------------------------------------------------------------------+ 
     |       Instance       |     Arc      |   Cell    | Delay | Arrival | Required | 
     |                      |              |           |       |  Time   |   Time   | 
     |----------------------+--------------+-----------+-------+---------+----------| 
     | A_reg_Y_temp_reg_5_  | CK ^         |           |       |   0.050 |    1.051 | 
     | A_reg_Y_temp_reg_5_  | CK ^ -> Q ^  | DFF_X1    | 0.218 |   0.268 |    1.269 | 
     | U759                 | B ^ -> ZN ^  | XNOR2_X1  | 0.072 |   0.339 |    1.340 | 
     | U596                 | A1 ^ -> ZN v | NAND2_X1  | 0.098 |   0.437 |    1.438 | 
     | U297                 | A v -> ZN ^  | INV_X1    | 0.118 |   0.555 |    1.556 | 
     | U765                 | B1 ^ -> ZN v | AOI222_X1 | 0.048 |   0.603 |    1.604 | 
     | U768                 | A v -> Z v   | XOR2_X1   | 0.069 |   0.672 |    1.673 | 
     | mul_intadd_9_U27     | A v -> CO v  | FA_X1     | 0.082 |   0.755 |    1.756 | 
     | mul_intadd_9_U26     | CI v -> CO v | FA_X1     | 0.073 |   0.827 |    1.829 | 
     | mul_intadd_9_U25     | CI v -> CO v | FA_X1     | 0.072 |   0.899 |    1.900 | 
     | mul_intadd_9_U24     | CI v -> CO v | FA_X1     | 0.072 |   0.971 |    1.973 | 
     | mul_intadd_9_U23     | CI v -> CO v | FA_X1     | 0.073 |   1.044 |    2.045 | 
     | mul_intadd_9_U22     | CI v -> CO v | FA_X1     | 0.073 |   1.117 |    2.118 | 
     | mul_intadd_9_U21     | CI v -> CO v | FA_X1     | 0.072 |   1.189 |    2.190 | 
     | mul_intadd_9_U20     | CI v -> CO v | FA_X1     | 0.072 |   1.262 |    2.263 | 
     | mul_intadd_9_U19     | CI v -> CO v | FA_X1     | 0.073 |   1.334 |    2.335 | 
     | mul_intadd_9_U18     | CI v -> CO v | FA_X1     | 0.072 |   1.407 |    2.408 | 
     | mul_intadd_9_U17     | CI v -> CO v | FA_X1     | 0.073 |   1.479 |    2.480 | 
     | mul_intadd_9_U16     | CI v -> CO v | FA_X1     | 0.074 |   1.553 |    2.554 | 
     | mul_intadd_9_U15     | CI v -> CO v | FA_X1     | 0.073 |   1.626 |    2.627 | 
     | mul_intadd_9_U14     | CI v -> CO v | FA_X1     | 0.074 |   1.699 |    2.701 | 
     | mul_intadd_9_U13     | CI v -> S v  | FA_X1     | 0.097 |   1.796 |    2.797 | 
     | mul_intadd_7_U43     | A v -> CO v  | FA_X1     | 0.092 |   1.888 |    2.889 | 
     | U997                 | A2 v -> ZN ^ | NAND2_X1  | 0.023 |   1.911 |    2.912 | 
     | U998                 | A3 ^ -> ZN v | NAND3_X1  | 0.035 |   1.945 |    2.947 | 
     | U1198                | A2 v -> ZN ^ | NAND2_X1  | 0.023 |   1.968 |    2.970 | 
     | U1199                | A3 ^ -> ZN v | NAND3_X1  | 0.025 |   1.994 |    2.995 | 
     | mul_intadd_7_U40     | CI v -> CO v | FA_X1     | 0.072 |   2.066 |    3.067 | 
     | mul_intadd_7_U39     | CI v -> CO v | FA_X1     | 0.073 |   2.139 |    3.140 | 
     | mul_intadd_7_U38     | CI v -> CO v | FA_X1     | 0.073 |   2.212 |    3.213 | 
     | mul_intadd_7_U37     | CI v -> CO v | FA_X1     | 0.072 |   2.284 |    3.285 | 
     | mul_intadd_7_U36     | CI v -> CO v | FA_X1     | 0.073 |   2.356 |    3.358 | 
     | mul_intadd_7_U35     | CI v -> CO v | FA_X1     | 0.073 |   2.429 |    3.430 | 
     | mul_intadd_7_U34     | CI v -> CO v | FA_X1     | 0.073 |   2.502 |    3.503 | 
     | mul_intadd_7_U33     | CI v -> CO v | FA_X1     | 0.072 |   2.573 |    3.575 | 
     | mul_intadd_7_U32     | CI v -> CO v | FA_X1     | 0.072 |   2.645 |    3.647 | 
     | mul_intadd_7_U31     | CI v -> CO v | FA_X1     | 0.072 |   2.717 |    3.719 | 
     | mul_intadd_7_U30     | CI v -> CO v | FA_X1     | 0.072 |   2.790 |    3.791 | 
     | mul_intadd_7_U29     | CI v -> CO v | FA_X1     | 0.072 |   2.862 |    3.863 | 
     | mul_intadd_7_U28     | CI v -> CO v | FA_X1     | 0.072 |   2.934 |    3.935 | 
     | mul_intadd_7_U27     | CI v -> CO v | FA_X1     | 0.072 |   3.006 |    4.007 | 
     | mul_intadd_7_U26     | CI v -> CO v | FA_X1     | 0.084 |   3.091 |    4.092 | 
     | U488                 | C1 v -> ZN ^ | OAI211_X1 | 0.040 |   3.130 |    4.132 | 
     | U896                 | A1 ^ -> ZN v | NAND2_X1  | 0.023 |   3.154 |    4.155 | 
     | U903                 | A1 v -> ZN ^ | NAND2_X1  | 0.033 |   3.187 |    4.188 | 
     | U306                 | A1 ^ -> ZN v | NAND2_X1  | 0.015 |   3.202 |    4.203 | 
     | U305                 | A2 v -> ZN v | AND2_X1   | 0.033 |   3.235 |    4.236 | 
     | U320                 | A2 v -> ZN v | OR2_X1    | 0.049 |   3.284 |    4.286 | 
     | U574                 | A3 v -> ZN ^ | NAND3_X1  | 0.025 |   3.309 |    4.310 | 
     | U308                 | A1 ^ -> ZN v | NAND2_X1  | 0.015 |   3.324 |    4.325 | 
     | U307                 | A1 v -> ZN ^ | NAND2_X1  | 0.019 |   3.343 |    4.344 | 
     | U593                 | B2 ^ -> ZN v | OAI21_X1  | 0.019 |   3.362 |    4.363 | 
     | U605                 | B v -> Z v   | XOR2_X1   | 0.057 |   3.419 |    4.420 | 
     | U9                   | B2 v -> ZN ^ | AOI22_X1  | 0.046 |   3.466 |    4.467 | 
     | U10                  | A ^ -> ZN v  | INV_X1    | 0.008 |   3.474 |    4.475 | 
     | p_reg_Y_temp_reg_60_ | D v          | DFF_X1    | 0.000 |   3.474 |    4.475 | 
     +------------------------------------------------------------------------------+ 
Path 6: MET Setup Check with Pin p_reg_Y_temp_reg_53_/CK 
Endpoint:   p_reg_Y_temp_reg_53_/D (v) checked with  leading edge of 'CLK'
Beginpoint: A_reg_Y_temp_reg_5_/Q  (^) triggered by  leading edge of 'CLK'
Path Groups: {CLK}
Analysis View: default
Other End Arrival Time          0.050
- Setup                         0.035
+ Phase Shift                   4.500
- Uncertainty                   0.050
= Required Time                 4.465
- Arrival Time                  3.461
= Slack Time                    1.004
     Clock Rise Edge                 0.000
     + Clock Network Latency (Ideal) 0.050
     = Beginpoint Arrival Time       0.050
     +------------------------------------------------------------------------------+ 
     |       Instance       |     Arc      |   Cell    | Delay | Arrival | Required | 
     |                      |              |           |       |  Time   |   Time   | 
     |----------------------+--------------+-----------+-------+---------+----------| 
     | A_reg_Y_temp_reg_5_  | CK ^         |           |       |   0.050 |    1.054 | 
     | A_reg_Y_temp_reg_5_  | CK ^ -> Q ^  | DFF_X1    | 0.218 |   0.268 |    1.271 | 
     | U759                 | B ^ -> ZN ^  | XNOR2_X1  | 0.072 |   0.339 |    1.343 | 
     | U596                 | A1 ^ -> ZN v | NAND2_X1  | 0.098 |   0.437 |    1.441 | 
     | U297                 | A v -> ZN ^  | INV_X1    | 0.118 |   0.555 |    1.559 | 
     | U765                 | B1 ^ -> ZN v | AOI222_X1 | 0.048 |   0.603 |    1.607 | 
     | U768                 | A v -> Z v   | XOR2_X1   | 0.069 |   0.672 |    1.676 | 
     | mul_intadd_9_U27     | A v -> CO v  | FA_X1     | 0.082 |   0.755 |    1.759 | 
     | mul_intadd_9_U26     | CI v -> CO v | FA_X1     | 0.073 |   0.827 |    1.831 | 
     | mul_intadd_9_U25     | CI v -> CO v | FA_X1     | 0.072 |   0.899 |    1.903 | 
     | mul_intadd_9_U24     | CI v -> CO v | FA_X1     | 0.072 |   0.971 |    1.975 | 
     | mul_intadd_9_U23     | CI v -> CO v | FA_X1     | 0.073 |   1.044 |    2.048 | 
     | mul_intadd_9_U22     | CI v -> CO v | FA_X1     | 0.073 |   1.117 |    2.121 | 
     | mul_intadd_9_U21     | CI v -> CO v | FA_X1     | 0.072 |   1.189 |    2.193 | 
     | mul_intadd_9_U20     | CI v -> CO v | FA_X1     | 0.072 |   1.262 |    2.265 | 
     | mul_intadd_9_U19     | CI v -> CO v | FA_X1     | 0.073 |   1.334 |    2.338 | 
     | mul_intadd_9_U18     | CI v -> CO v | FA_X1     | 0.072 |   1.407 |    2.410 | 
     | mul_intadd_9_U17     | CI v -> CO v | FA_X1     | 0.073 |   1.479 |    2.483 | 
     | mul_intadd_9_U16     | CI v -> CO v | FA_X1     | 0.074 |   1.553 |    2.557 | 
     | mul_intadd_9_U15     | CI v -> CO v | FA_X1     | 0.073 |   1.626 |    2.629 | 
     | mul_intadd_9_U14     | CI v -> CO v | FA_X1     | 0.074 |   1.699 |    2.703 | 
     | mul_intadd_9_U13     | CI v -> S v  | FA_X1     | 0.097 |   1.796 |    2.800 | 
     | mul_intadd_7_U43     | A v -> CO v  | FA_X1     | 0.092 |   1.888 |    2.891 | 
     | U997                 | A2 v -> ZN ^ | NAND2_X1  | 0.023 |   1.911 |    2.914 | 
     | U998                 | A3 ^ -> ZN v | NAND3_X1  | 0.035 |   1.945 |    2.949 | 
     | U1198                | A2 v -> ZN ^ | NAND2_X1  | 0.023 |   1.968 |    2.972 | 
     | U1199                | A3 ^ -> ZN v | NAND3_X1  | 0.025 |   1.994 |    2.997 | 
     | mul_intadd_7_U40     | CI v -> CO v | FA_X1     | 0.072 |   2.066 |    3.070 | 
     | mul_intadd_7_U39     | CI v -> CO v | FA_X1     | 0.073 |   2.139 |    3.143 | 
     | mul_intadd_7_U38     | CI v -> CO v | FA_X1     | 0.073 |   2.212 |    3.215 | 
     | mul_intadd_7_U37     | CI v -> CO v | FA_X1     | 0.072 |   2.284 |    3.287 | 
     | mul_intadd_7_U36     | CI v -> CO v | FA_X1     | 0.073 |   2.356 |    3.360 | 
     | mul_intadd_7_U35     | CI v -> CO v | FA_X1     | 0.073 |   2.429 |    3.433 | 
     | mul_intadd_7_U34     | CI v -> CO v | FA_X1     | 0.073 |   2.502 |    3.505 | 
     | mul_intadd_7_U33     | CI v -> CO v | FA_X1     | 0.072 |   2.573 |    3.577 | 
     | mul_intadd_7_U32     | CI v -> CO v | FA_X1     | 0.072 |   2.645 |    3.649 | 
     | mul_intadd_7_U31     | CI v -> CO v | FA_X1     | 0.072 |   2.717 |    3.721 | 
     | mul_intadd_7_U30     | CI v -> CO v | FA_X1     | 0.072 |   2.790 |    3.794 | 
     | mul_intadd_7_U29     | CI v -> CO v | FA_X1     | 0.072 |   2.862 |    3.866 | 
     | mul_intadd_7_U28     | CI v -> CO v | FA_X1     | 0.072 |   2.934 |    3.938 | 
     | mul_intadd_7_U27     | CI v -> CO v | FA_X1     | 0.072 |   3.006 |    4.010 | 
     | mul_intadd_7_U26     | CI v -> CO v | FA_X1     | 0.084 |   3.091 |    4.094 | 
     | U488                 | C1 v -> ZN ^ | OAI211_X1 | 0.040 |   3.130 |    4.134 | 
     | U896                 | A1 ^ -> ZN v | NAND2_X1  | 0.023 |   3.154 |    4.158 | 
     | U903                 | A1 v -> ZN ^ | NAND2_X1  | 0.033 |   3.187 |    4.191 | 
     | U306                 | A1 ^ -> ZN v | NAND2_X1  | 0.015 |   3.202 |    4.205 | 
     | U305                 | A2 v -> ZN v | AND2_X1   | 0.033 |   3.235 |    4.239 | 
     | U518                 | A2 v -> ZN ^ | NAND2_X1  | 0.024 |   3.259 |    4.263 | 
     | U519                 | A ^ -> ZN v  | INV_X1    | 0.010 |   3.269 |    4.273 | 
     | U278                 | A2 v -> ZN v | OR2_X1    | 0.052 |   3.321 |    4.325 | 
     | U386                 | A1 v -> ZN ^ | NAND2_X1  | 0.018 |   3.339 |    4.342 | 
     | U591                 | A2 ^ -> ZN ^ | AND3_X1   | 0.046 |   3.384 |    4.388 | 
     | U616                 | A ^ -> Z ^   | XOR2_X1   | 0.053 |   3.437 |    4.441 | 
     | U23                  | B2 ^ -> ZN v | AOI22_X1  | 0.024 |   3.461 |    4.465 | 
     | p_reg_Y_temp_reg_53_ | D v          | DFF_X1    | 0.000 |   3.461 |    4.465 | 
     +------------------------------------------------------------------------------+ 
Path 7: MET Setup Check with Pin p_reg_Y_temp_reg_58_/CK 
Endpoint:   p_reg_Y_temp_reg_58_/D (v) checked with  leading edge of 'CLK'
Beginpoint: A_reg_Y_temp_reg_5_/Q  (^) triggered by  leading edge of 'CLK'
Path Groups: {CLK}
Analysis View: default
Other End Arrival Time          0.050
- Setup                         0.025
+ Phase Shift                   4.500
- Uncertainty                   0.050
= Required Time                 4.475
- Arrival Time                  3.468
= Slack Time                    1.007
     Clock Rise Edge                 0.000
     + Clock Network Latency (Ideal) 0.050
     = Beginpoint Arrival Time       0.050
     +------------------------------------------------------------------------------+ 
     |       Instance       |     Arc      |   Cell    | Delay | Arrival | Required | 
     |                      |              |           |       |  Time   |   Time   | 
     |----------------------+--------------+-----------+-------+---------+----------| 
     | A_reg_Y_temp_reg_5_  | CK ^         |           |       |   0.050 |    1.057 | 
     | A_reg_Y_temp_reg_5_  | CK ^ -> Q ^  | DFF_X1    | 0.218 |   0.268 |    1.274 | 
     | U759                 | B ^ -> ZN ^  | XNOR2_X1  | 0.072 |   0.339 |    1.346 | 
     | U596                 | A1 ^ -> ZN v | NAND2_X1  | 0.098 |   0.437 |    1.444 | 
     | U297                 | A v -> ZN ^  | INV_X1    | 0.118 |   0.555 |    1.562 | 
     | U765                 | B1 ^ -> ZN v | AOI222_X1 | 0.048 |   0.603 |    1.609 | 
     | U768                 | A v -> Z v   | XOR2_X1   | 0.069 |   0.672 |    1.679 | 
     | mul_intadd_9_U27     | A v -> CO v  | FA_X1     | 0.082 |   0.755 |    1.761 | 
     | mul_intadd_9_U26     | CI v -> CO v | FA_X1     | 0.073 |   0.827 |    1.834 | 
     | mul_intadd_9_U25     | CI v -> CO v | FA_X1     | 0.072 |   0.899 |    1.906 | 
     | mul_intadd_9_U24     | CI v -> CO v | FA_X1     | 0.072 |   0.971 |    1.978 | 
     | mul_intadd_9_U23     | CI v -> CO v | FA_X1     | 0.073 |   1.044 |    2.051 | 
     | mul_intadd_9_U22     | CI v -> CO v | FA_X1     | 0.073 |   1.117 |    2.123 | 
     | mul_intadd_9_U21     | CI v -> CO v | FA_X1     | 0.072 |   1.189 |    2.196 | 
     | mul_intadd_9_U20     | CI v -> CO v | FA_X1     | 0.072 |   1.262 |    2.268 | 
     | mul_intadd_9_U19     | CI v -> CO v | FA_X1     | 0.073 |   1.334 |    2.341 | 
     | mul_intadd_9_U18     | CI v -> CO v | FA_X1     | 0.072 |   1.407 |    2.413 | 
     | mul_intadd_9_U17     | CI v -> CO v | FA_X1     | 0.073 |   1.479 |    2.486 | 
     | mul_intadd_9_U16     | CI v -> CO v | FA_X1     | 0.074 |   1.553 |    2.559 | 
     | mul_intadd_9_U15     | CI v -> CO v | FA_X1     | 0.073 |   1.626 |    2.632 | 
     | mul_intadd_9_U14     | CI v -> CO v | FA_X1     | 0.074 |   1.699 |    2.706 | 
     | mul_intadd_9_U13     | CI v -> S v  | FA_X1     | 0.097 |   1.796 |    2.803 | 
     | mul_intadd_7_U43     | A v -> CO v  | FA_X1     | 0.092 |   1.888 |    2.894 | 
     | U997                 | A2 v -> ZN ^ | NAND2_X1  | 0.023 |   1.911 |    2.917 | 
     | U998                 | A3 ^ -> ZN v | NAND3_X1  | 0.035 |   1.945 |    2.952 | 
     | U1198                | A2 v -> ZN ^ | NAND2_X1  | 0.023 |   1.968 |    2.975 | 
     | U1199                | A3 ^ -> ZN v | NAND3_X1  | 0.025 |   1.994 |    3.000 | 
     | mul_intadd_7_U40     | CI v -> CO v | FA_X1     | 0.072 |   2.066 |    3.073 | 
     | mul_intadd_7_U39     | CI v -> CO v | FA_X1     | 0.073 |   2.139 |    3.146 | 
     | mul_intadd_7_U38     | CI v -> CO v | FA_X1     | 0.073 |   2.212 |    3.218 | 
     | mul_intadd_7_U37     | CI v -> CO v | FA_X1     | 0.072 |   2.284 |    3.290 | 
     | mul_intadd_7_U36     | CI v -> CO v | FA_X1     | 0.073 |   2.356 |    3.363 | 
     | mul_intadd_7_U35     | CI v -> CO v | FA_X1     | 0.073 |   2.429 |    3.436 | 
     | mul_intadd_7_U34     | CI v -> CO v | FA_X1     | 0.073 |   2.502 |    3.508 | 
     | mul_intadd_7_U33     | CI v -> CO v | FA_X1     | 0.072 |   2.573 |    3.580 | 
     | mul_intadd_7_U32     | CI v -> CO v | FA_X1     | 0.072 |   2.645 |    3.652 | 
     | mul_intadd_7_U31     | CI v -> CO v | FA_X1     | 0.072 |   2.717 |    3.724 | 
     | mul_intadd_7_U30     | CI v -> CO v | FA_X1     | 0.072 |   2.790 |    3.796 | 
     | mul_intadd_7_U29     | CI v -> CO v | FA_X1     | 0.072 |   2.862 |    3.868 | 
     | mul_intadd_7_U28     | CI v -> CO v | FA_X1     | 0.072 |   2.934 |    3.941 | 
     | mul_intadd_7_U27     | CI v -> CO v | FA_X1     | 0.072 |   3.006 |    4.013 | 
     | mul_intadd_7_U26     | CI v -> CO v | FA_X1     | 0.084 |   3.091 |    4.097 | 
     | U488                 | C1 v -> ZN ^ | OAI211_X1 | 0.040 |   3.130 |    4.137 | 
     | U896                 | A1 ^ -> ZN v | NAND2_X1  | 0.023 |   3.154 |    4.161 | 
     | U903                 | A1 v -> ZN ^ | NAND2_X1  | 0.033 |   3.187 |    4.194 | 
     | U306                 | A1 ^ -> ZN v | NAND2_X1  | 0.015 |   3.202 |    4.208 | 
     | U305                 | A2 v -> ZN v | AND2_X1   | 0.033 |   3.235 |    4.242 | 
     | U320                 | A2 v -> ZN v | OR2_X1    | 0.049 |   3.284 |    4.291 | 
     | U574                 | A3 v -> ZN ^ | NAND3_X1  | 0.025 |   3.309 |    4.316 | 
     | U526                 | A1 ^ -> ZN v | NAND2_X1  | 0.024 |   3.333 |    4.340 | 
     | U393                 | A1 v -> ZN ^ | NAND2_X1  | 0.016 |   3.350 |    4.356 | 
     | U516                 | A1 ^ -> ZN v | NAND2_X1  | 0.014 |   3.363 |    4.370 | 
     | U612                 | A v -> Z v   | XOR2_X1   | 0.050 |   3.414 |    4.420 | 
     | U13                  | B2 v -> ZN ^ | AOI22_X1  | 0.046 |   3.460 |    4.467 | 
     | U14                  | A ^ -> ZN v  | INV_X1    | 0.008 |   3.468 |    4.475 | 
     | p_reg_Y_temp_reg_58_ | D v          | DFF_X1    | 0.000 |   3.468 |    4.475 | 
     +------------------------------------------------------------------------------+ 
Path 8: MET Setup Check with Pin p_reg_Y_temp_reg_61_/CK 
Endpoint:   p_reg_Y_temp_reg_61_/D (^) checked with  leading edge of 'CLK'
Beginpoint: A_reg_Y_temp_reg_5_/Q  (^) triggered by  leading edge of 'CLK'
Path Groups: {CLK}
Analysis View: default
Other End Arrival Time          0.050
- Setup                         0.029
+ Phase Shift                   4.500
- Uncertainty                   0.050
= Required Time                 4.471
- Arrival Time                  3.451
= Slack Time                    1.020
     Clock Rise Edge                 0.000
     + Clock Network Latency (Ideal) 0.050
     = Beginpoint Arrival Time       0.050
     +------------------------------------------------------------------------------+ 
     |       Instance       |     Arc      |   Cell    | Delay | Arrival | Required | 
     |                      |              |           |       |  Time   |   Time   | 
     |----------------------+--------------+-----------+-------+---------+----------| 
     | A_reg_Y_temp_reg_5_  | CK ^         |           |       |   0.050 |    1.070 | 
     | A_reg_Y_temp_reg_5_  | CK ^ -> Q ^  | DFF_X1    | 0.218 |   0.268 |    1.288 | 
     | U759                 | B ^ -> ZN ^  | XNOR2_X1  | 0.072 |   0.339 |    1.359 | 
     | U596                 | A1 ^ -> ZN v | NAND2_X1  | 0.098 |   0.437 |    1.457 | 
     | U297                 | A v -> ZN ^  | INV_X1    | 0.118 |   0.555 |    1.575 | 
     | U765                 | B1 ^ -> ZN v | AOI222_X1 | 0.048 |   0.603 |    1.623 | 
     | U768                 | A v -> Z v   | XOR2_X1   | 0.069 |   0.672 |    1.692 | 
     | mul_intadd_9_U27     | A v -> CO v  | FA_X1     | 0.082 |   0.755 |    1.775 | 
     | mul_intadd_9_U26     | CI v -> CO v | FA_X1     | 0.073 |   0.827 |    1.848 | 
     | mul_intadd_9_U25     | CI v -> CO v | FA_X1     | 0.072 |   0.899 |    1.919 | 
     | mul_intadd_9_U24     | CI v -> CO v | FA_X1     | 0.072 |   0.971 |    1.992 | 
     | mul_intadd_9_U23     | CI v -> CO v | FA_X1     | 0.073 |   1.044 |    2.064 | 
     | mul_intadd_9_U22     | CI v -> CO v | FA_X1     | 0.073 |   1.117 |    2.137 | 
     | mul_intadd_9_U21     | CI v -> CO v | FA_X1     | 0.072 |   1.189 |    2.209 | 
     | mul_intadd_9_U20     | CI v -> CO v | FA_X1     | 0.072 |   1.262 |    2.282 | 
     | mul_intadd_9_U19     | CI v -> CO v | FA_X1     | 0.073 |   1.334 |    2.354 | 
     | mul_intadd_9_U18     | CI v -> CO v | FA_X1     | 0.072 |   1.407 |    2.427 | 
     | mul_intadd_9_U17     | CI v -> CO v | FA_X1     | 0.073 |   1.479 |    2.499 | 
     | mul_intadd_9_U16     | CI v -> CO v | FA_X1     | 0.074 |   1.553 |    2.573 | 
     | mul_intadd_9_U15     | CI v -> CO v | FA_X1     | 0.073 |   1.626 |    2.646 | 
     | mul_intadd_9_U14     | CI v -> CO v | FA_X1     | 0.074 |   1.699 |    2.720 | 
     | mul_intadd_9_U13     | CI v -> S v  | FA_X1     | 0.097 |   1.796 |    2.816 | 
     | mul_intadd_7_U43     | A v -> CO v  | FA_X1     | 0.092 |   1.888 |    2.908 | 
     | U997                 | A2 v -> ZN ^ | NAND2_X1  | 0.023 |   1.911 |    2.931 | 
     | U998                 | A3 ^ -> ZN v | NAND3_X1  | 0.035 |   1.945 |    2.966 | 
     | U1198                | A2 v -> ZN ^ | NAND2_X1  | 0.023 |   1.968 |    2.989 | 
     | U1199                | A3 ^ -> ZN v | NAND3_X1  | 0.025 |   1.994 |    3.014 | 
     | mul_intadd_7_U40     | CI v -> CO v | FA_X1     | 0.072 |   2.066 |    3.086 | 
     | mul_intadd_7_U39     | CI v -> CO v | FA_X1     | 0.073 |   2.139 |    3.159 | 
     | mul_intadd_7_U38     | CI v -> CO v | FA_X1     | 0.073 |   2.212 |    3.232 | 
     | mul_intadd_7_U37     | CI v -> CO v | FA_X1     | 0.072 |   2.284 |    3.304 | 
     | mul_intadd_7_U36     | CI v -> CO v | FA_X1     | 0.073 |   2.356 |    3.377 | 
     | mul_intadd_7_U35     | CI v -> CO v | FA_X1     | 0.073 |   2.429 |    3.449 | 
     | mul_intadd_7_U34     | CI v -> CO v | FA_X1     | 0.073 |   2.502 |    3.522 | 
     | mul_intadd_7_U33     | CI v -> CO v | FA_X1     | 0.072 |   2.573 |    3.594 | 
     | mul_intadd_7_U32     | CI v -> CO v | FA_X1     | 0.072 |   2.645 |    3.666 | 
     | mul_intadd_7_U31     | CI v -> CO v | FA_X1     | 0.072 |   2.717 |    3.738 | 
     | mul_intadd_7_U30     | CI v -> CO v | FA_X1     | 0.072 |   2.790 |    3.810 | 
     | mul_intadd_7_U29     | CI v -> CO v | FA_X1     | 0.072 |   2.862 |    3.882 | 
     | mul_intadd_7_U28     | CI v -> CO v | FA_X1     | 0.072 |   2.934 |    3.954 | 
     | mul_intadd_7_U27     | CI v -> CO v | FA_X1     | 0.072 |   3.006 |    4.026 | 
     | mul_intadd_7_U26     | CI v -> CO v | FA_X1     | 0.084 |   3.091 |    4.111 | 
     | U488                 | C1 v -> ZN ^ | OAI211_X1 | 0.040 |   3.130 |    4.151 | 
     | U896                 | A1 ^ -> ZN v | NAND2_X1  | 0.023 |   3.154 |    4.174 | 
     | U903                 | A1 v -> ZN ^ | NAND2_X1  | 0.033 |   3.187 |    4.207 | 
     | U306                 | A1 ^ -> ZN v | NAND2_X1  | 0.015 |   3.202 |    4.222 | 
     | U305                 | A2 v -> ZN v | AND2_X1   | 0.033 |   3.235 |    4.255 | 
     | U320                 | A2 v -> ZN v | OR2_X1    | 0.049 |   3.284 |    4.305 | 
     | U574                 | A3 v -> ZN ^ | NAND3_X1  | 0.025 |   3.309 |    4.329 | 
     | U308                 | A1 ^ -> ZN v | NAND2_X1  | 0.015 |   3.324 |    4.344 | 
     | U307                 | A1 v -> ZN ^ | NAND2_X1  | 0.019 |   3.343 |    4.363 | 
     | U592                 | C2 ^ -> ZN v | OAI211_X1 | 0.032 |   3.375 |    4.395 | 
     | U580                 | B v -> ZN v  | XNOR2_X1  | 0.045 |   3.420 |    4.440 | 
     | U504                 | B2 v -> ZN ^ | OAI21_X1  | 0.031 |   3.451 |    4.471 | 
     | p_reg_Y_temp_reg_61_ | D ^          | DFF_X1    | 0.000 |   3.451 |    4.471 | 
     +------------------------------------------------------------------------------+ 
Path 9: MET Setup Check with Pin p_reg_Y_temp_reg_59_/CK 
Endpoint:   p_reg_Y_temp_reg_59_/D (^) checked with  leading edge of 'CLK'
Beginpoint: A_reg_Y_temp_reg_5_/Q  (^) triggered by  leading edge of 'CLK'
Path Groups: {CLK}
Analysis View: default
Other End Arrival Time          0.050
- Setup                         0.027
+ Phase Shift                   4.500
- Uncertainty                   0.050
= Required Time                 4.473
- Arrival Time                  3.452
= Slack Time                    1.021
     Clock Rise Edge                 0.000
     + Clock Network Latency (Ideal) 0.050
     = Beginpoint Arrival Time       0.050
     +------------------------------------------------------------------------------+ 
     |       Instance       |     Arc      |   Cell    | Delay | Arrival | Required | 
     |                      |              |           |       |  Time   |   Time   | 
     |----------------------+--------------+-----------+-------+---------+----------| 
     | A_reg_Y_temp_reg_5_  | CK ^         |           |       |   0.050 |    1.071 | 
     | A_reg_Y_temp_reg_5_  | CK ^ -> Q ^  | DFF_X1    | 0.218 |   0.268 |    1.289 | 
     | U759                 | B ^ -> ZN ^  | XNOR2_X1  | 0.072 |   0.339 |    1.360 | 
     | U596                 | A1 ^ -> ZN v | NAND2_X1  | 0.098 |   0.437 |    1.458 | 
     | U297                 | A v -> ZN ^  | INV_X1    | 0.118 |   0.555 |    1.576 | 
     | U765                 | B1 ^ -> ZN v | AOI222_X1 | 0.048 |   0.603 |    1.624 | 
     | U768                 | A v -> Z v   | XOR2_X1   | 0.069 |   0.672 |    1.693 | 
     | mul_intadd_9_U27     | A v -> CO v  | FA_X1     | 0.082 |   0.755 |    1.776 | 
     | mul_intadd_9_U26     | CI v -> CO v | FA_X1     | 0.073 |   0.827 |    1.848 | 
     | mul_intadd_9_U25     | CI v -> CO v | FA_X1     | 0.072 |   0.899 |    1.920 | 
     | mul_intadd_9_U24     | CI v -> CO v | FA_X1     | 0.072 |   0.971 |    1.992 | 
     | mul_intadd_9_U23     | CI v -> CO v | FA_X1     | 0.073 |   1.044 |    2.065 | 
     | mul_intadd_9_U22     | CI v -> CO v | FA_X1     | 0.073 |   1.117 |    2.138 | 
     | mul_intadd_9_U21     | CI v -> CO v | FA_X1     | 0.072 |   1.189 |    2.210 | 
     | mul_intadd_9_U20     | CI v -> CO v | FA_X1     | 0.072 |   1.262 |    2.282 | 
     | mul_intadd_9_U19     | CI v -> CO v | FA_X1     | 0.073 |   1.334 |    2.355 | 
     | mul_intadd_9_U18     | CI v -> CO v | FA_X1     | 0.072 |   1.407 |    2.427 | 
     | mul_intadd_9_U17     | CI v -> CO v | FA_X1     | 0.073 |   1.479 |    2.500 | 
     | mul_intadd_9_U16     | CI v -> CO v | FA_X1     | 0.074 |   1.553 |    2.574 | 
     | mul_intadd_9_U15     | CI v -> CO v | FA_X1     | 0.073 |   1.626 |    2.647 | 
     | mul_intadd_9_U14     | CI v -> CO v | FA_X1     | 0.074 |   1.699 |    2.720 | 
     | mul_intadd_9_U13     | CI v -> S v  | FA_X1     | 0.097 |   1.796 |    2.817 | 
     | mul_intadd_7_U43     | A v -> CO v  | FA_X1     | 0.092 |   1.888 |    2.908 | 
     | U997                 | A2 v -> ZN ^ | NAND2_X1  | 0.023 |   1.911 |    2.932 | 
     | U998                 | A3 ^ -> ZN v | NAND3_X1  | 0.035 |   1.945 |    2.966 | 
     | U1198                | A2 v -> ZN ^ | NAND2_X1  | 0.023 |   1.968 |    2.989 | 
     | U1199                | A3 ^ -> ZN v | NAND3_X1  | 0.025 |   1.994 |    3.015 | 
     | mul_intadd_7_U40     | CI v -> CO v | FA_X1     | 0.072 |   2.066 |    3.087 | 
     | mul_intadd_7_U39     | CI v -> CO v | FA_X1     | 0.073 |   2.139 |    3.160 | 
     | mul_intadd_7_U38     | CI v -> CO v | FA_X1     | 0.073 |   2.212 |    3.233 | 
     | mul_intadd_7_U37     | CI v -> CO v | FA_X1     | 0.072 |   2.284 |    3.304 | 
     | mul_intadd_7_U36     | CI v -> CO v | FA_X1     | 0.073 |   2.356 |    3.377 | 
     | mul_intadd_7_U35     | CI v -> CO v | FA_X1     | 0.073 |   2.429 |    3.450 | 
     | mul_intadd_7_U34     | CI v -> CO v | FA_X1     | 0.073 |   2.502 |    3.522 | 
     | mul_intadd_7_U33     | CI v -> CO v | FA_X1     | 0.072 |   2.573 |    3.594 | 
     | mul_intadd_7_U32     | CI v -> CO v | FA_X1     | 0.072 |   2.645 |    3.666 | 
     | mul_intadd_7_U31     | CI v -> CO v | FA_X1     | 0.072 |   2.717 |    3.738 | 
     | mul_intadd_7_U30     | CI v -> CO v | FA_X1     | 0.072 |   2.790 |    3.811 | 
     | mul_intadd_7_U29     | CI v -> CO v | FA_X1     | 0.072 |   2.862 |    3.883 | 
     | mul_intadd_7_U28     | CI v -> CO v | FA_X1     | 0.072 |   2.934 |    3.955 | 
     | mul_intadd_7_U27     | CI v -> CO v | FA_X1     | 0.072 |   3.006 |    4.027 | 
     | mul_intadd_7_U26     | CI v -> CO v | FA_X1     | 0.084 |   3.091 |    4.112 | 
     | U488                 | C1 v -> ZN ^ | OAI211_X1 | 0.040 |   3.130 |    4.151 | 
     | U896                 | A1 ^ -> ZN v | NAND2_X1  | 0.023 |   3.154 |    4.175 | 
     | U903                 | A1 v -> ZN ^ | NAND2_X1  | 0.033 |   3.187 |    4.208 | 
     | U306                 | A1 ^ -> ZN v | NAND2_X1  | 0.015 |   3.202 |    4.223 | 
     | U305                 | A2 v -> ZN v | AND2_X1   | 0.033 |   3.235 |    4.256 | 
     | U518                 | A2 v -> ZN ^ | NAND2_X1  | 0.024 |   3.259 |    4.280 | 
     | U519                 | A ^ -> ZN v  | INV_X1    | 0.010 |   3.269 |    4.290 | 
     | U377                 | A1 v -> ZN v | OR2_X1    | 0.047 |   3.316 |    4.337 | 
     | U585                 | A1 v -> ZN ^ | NAND3_X1  | 0.015 |   3.331 |    4.352 | 
     | U584                 | A1 ^ -> ZN ^ | AND2_X1   | 0.032 |   3.363 |    4.384 | 
     | U608                 | A ^ -> Z ^   | XOR2_X1   | 0.046 |   3.410 |    4.431 | 
     | U11                  | B2 ^ -> ZN v | AOI22_X1  | 0.023 |   3.433 |    4.454 | 
     | U12                  | A v -> ZN ^  | INV_X1    | 0.019 |   3.452 |    4.473 | 
     | p_reg_Y_temp_reg_59_ | D ^          | DFF_X1    | 0.000 |   3.452 |    4.473 | 
     +------------------------------------------------------------------------------+ 
Path 10: MET Setup Check with Pin p_reg_Y_temp_reg_42_/CK 
Endpoint:   p_reg_Y_temp_reg_42_/D (v) checked with  leading edge of 'CLK'
Beginpoint: A_reg_Y_temp_reg_5_/Q  (^) triggered by  leading edge of 'CLK'
Path Groups: {CLK}
Analysis View: default
Other End Arrival Time          0.050
- Setup                         0.025
+ Phase Shift                   4.500
- Uncertainty                   0.050
= Required Time                 4.475
- Arrival Time                  3.446
= Slack Time                    1.029
     Clock Rise Edge                 0.000
     + Clock Network Latency (Ideal) 0.050
     = Beginpoint Arrival Time       0.050
     +------------------------------------------------------------------------------+ 
     |       Instance       |     Arc      |   Cell    | Delay | Arrival | Required | 
     |                      |              |           |       |  Time   |   Time   | 
     |----------------------+--------------+-----------+-------+---------+----------| 
     | A_reg_Y_temp_reg_5_  | CK ^         |           |       |   0.050 |    1.079 | 
     | A_reg_Y_temp_reg_5_  | CK ^ -> Q ^  | DFF_X1    | 0.218 |   0.268 |    1.296 | 
     | U759                 | B ^ -> ZN ^  | XNOR2_X1  | 0.072 |   0.339 |    1.368 | 
     | U596                 | A1 ^ -> ZN v | NAND2_X1  | 0.098 |   0.437 |    1.466 | 
     | U297                 | A v -> ZN ^  | INV_X1    | 0.118 |   0.555 |    1.584 | 
     | U765                 | B1 ^ -> ZN v | AOI222_X1 | 0.048 |   0.603 |    1.631 | 
     | U768                 | A v -> Z v   | XOR2_X1   | 0.069 |   0.672 |    1.701 | 
     | mul_intadd_9_U27     | A v -> CO v  | FA_X1     | 0.082 |   0.755 |    1.783 | 
     | mul_intadd_9_U26     | CI v -> CO v | FA_X1     | 0.073 |   0.827 |    1.856 | 
     | mul_intadd_9_U25     | CI v -> CO v | FA_X1     | 0.072 |   0.899 |    1.928 | 
     | mul_intadd_9_U24     | CI v -> CO v | FA_X1     | 0.072 |   0.971 |    2.000 | 
     | mul_intadd_9_U23     | CI v -> CO v | FA_X1     | 0.073 |   1.044 |    2.073 | 
     | mul_intadd_9_U22     | CI v -> CO v | FA_X1     | 0.073 |   1.117 |    2.145 | 
     | mul_intadd_9_U21     | CI v -> CO v | FA_X1     | 0.072 |   1.189 |    2.218 | 
     | mul_intadd_9_U20     | CI v -> CO v | FA_X1     | 0.072 |   1.262 |    2.290 | 
     | mul_intadd_9_U19     | CI v -> CO v | FA_X1     | 0.073 |   1.334 |    2.363 | 
     | mul_intadd_9_U18     | CI v -> CO v | FA_X1     | 0.072 |   1.407 |    2.435 | 
     | mul_intadd_9_U17     | CI v -> CO v | FA_X1     | 0.073 |   1.479 |    2.508 | 
     | mul_intadd_9_U16     | CI v -> CO v | FA_X1     | 0.074 |   1.553 |    2.581 | 
     | mul_intadd_9_U15     | CI v -> CO v | FA_X1     | 0.073 |   1.626 |    2.654 | 
     | mul_intadd_9_U14     | CI v -> CO v | FA_X1     | 0.074 |   1.699 |    2.728 | 
     | mul_intadd_9_U13     | CI v -> S v  | FA_X1     | 0.097 |   1.796 |    2.825 | 
     | mul_intadd_7_U43     | A v -> CO v  | FA_X1     | 0.092 |   1.888 |    2.916 | 
     | U997                 | A2 v -> ZN ^ | NAND2_X1  | 0.023 |   1.911 |    2.939 | 
     | U998                 | A3 ^ -> ZN v | NAND3_X1  | 0.035 |   1.945 |    2.974 | 
     | U1198                | A2 v -> ZN ^ | NAND2_X1  | 0.023 |   1.968 |    2.997 | 
     | U1199                | A3 ^ -> ZN v | NAND3_X1  | 0.025 |   1.994 |    3.022 | 
     | mul_intadd_7_U40     | CI v -> CO v | FA_X1     | 0.072 |   2.066 |    3.094 | 
     | mul_intadd_7_U39     | CI v -> CO v | FA_X1     | 0.073 |   2.139 |    3.168 | 
     | mul_intadd_7_U38     | CI v -> CO v | FA_X1     | 0.073 |   2.212 |    3.240 | 
     | mul_intadd_7_U37     | CI v -> CO v | FA_X1     | 0.072 |   2.284 |    3.312 | 
     | mul_intadd_7_U36     | CI v -> CO v | FA_X1     | 0.073 |   2.356 |    3.385 | 
     | mul_intadd_7_U35     | CI v -> CO v | FA_X1     | 0.073 |   2.429 |    3.458 | 
     | mul_intadd_7_U34     | CI v -> CO v | FA_X1     | 0.073 |   2.502 |    3.530 | 
     | mul_intadd_7_U33     | CI v -> CO v | FA_X1     | 0.072 |   2.573 |    3.602 | 
     | mul_intadd_7_U32     | CI v -> CO v | FA_X1     | 0.072 |   2.645 |    3.674 | 
     | mul_intadd_7_U31     | CI v -> CO v | FA_X1     | 0.072 |   2.717 |    3.746 | 
     | mul_intadd_7_U30     | CI v -> CO v | FA_X1     | 0.072 |   2.790 |    3.818 | 
     | mul_intadd_7_U29     | CI v -> CO v | FA_X1     | 0.072 |   2.862 |    3.890 | 
     | mul_intadd_7_U28     | CI v -> CO v | FA_X1     | 0.072 |   2.934 |    3.963 | 
     | mul_intadd_7_U27     | CI v -> CO v | FA_X1     | 0.072 |   3.006 |    4.035 | 
     | mul_intadd_7_U26     | CI v -> CO v | FA_X1     | 0.084 |   3.091 |    4.119 | 
     | U494                 | A1 v -> ZN ^ | NAND2_X1  | 0.018 |   3.109 |    4.137 | 
     | U493                 | A1 ^ -> ZN ^ | AND2_X1   | 0.030 |   3.139 |    4.167 | 
     | U539                 | A1 ^ -> ZN v | NAND2_X1  | 0.016 |   3.155 |    4.184 | 
     | U394                 | A2 v -> ZN v | OR2_X1    | 0.049 |   3.205 |    4.233 | 
     | U532                 | A v -> ZN ^  | OAI21_X1  | 0.027 |   3.232 |    4.260 | 
     | U491                 | A2 ^ -> ZN ^ | OR2_X1    | 0.031 |   3.263 |    4.292 | 
     | U527                 | A1 ^ -> ZN v | NAND2_X1  | 0.014 |   3.278 |    4.306 | 
     | U1016                | CI v -> S ^  | FA_X1     | 0.110 |   3.387 |    4.416 | 
     | U1017                | A ^ -> ZN v  | INV_X1    | 0.008 |   3.395 |    4.424 | 
     | U45                  | B2 v -> ZN ^ | AOI22_X1  | 0.043 |   3.438 |    4.467 | 
     | U46                  | A ^ -> ZN v  | INV_X1    | 0.008 |   3.446 |    4.475 | 
     | p_reg_Y_temp_reg_42_ | D v          | DFF_X1    | 0.000 |   3.446 |    4.475 | 
     +------------------------------------------------------------------------------+ 

