###############################################################
#  Generated by:      Cadence Innovus 23.35-s106_1
#  OS:                Linux x86_64(Host ID microsys.openstack.polito)
#  Generated on:      Sat Oct 10 22:32:20 2026
#  Design:            boothmul_registered
#  Command:           report_timing -early -max_paths 10 > reports/10_hold_paths.rpt
###############################################################
Path 1: MET Hold Check with Pin p_reg_Y_temp_reg_49_/CK 
Endpoint:   p_reg_Y_temp_reg_49_/D  (v) checked with  leading edge of 'CLK'
Beginpoint: p_reg_Y_temp_reg_49_/QN (^) triggered by  leading edge of 'CLK'
Path Groups: {CLK}
Analysis View: default
Other End Arrival Time          0.041
+ Hold                          0.009
+ Phase Shift                   0.000
- CPPR Adjustment               0.000
+ Uncertainty                   0.050
= Required Time                 0.100
  Arrival Time                  0.147
  Slack Time                    0.047
     Clock Rise Edge                 0.000
     + Clock Network Latency (Prop)  0.056
     = Beginpoint Arrival Time       0.056
     +-----------------------------------------------------------------------------+ 
     |       Instance       |     Arc      |   Cell   | Delay | Arrival | Required | 
     |                      |              |          |       |  Time   |   Time   | 
     |----------------------+--------------+----------+-------+---------+----------| 
     | p_reg_Y_temp_reg_49_ | CK ^         |          |       |   0.057 |    0.009 | 
     | p_reg_Y_temp_reg_49_ | CK ^ -> QN ^ | DFF_X1   | 0.076 |   0.133 |    0.085 | 
     | U31                  | A2 ^ -> ZN v | AOI22_X1 | 0.014 |   0.147 |    0.100 | 
     | p_reg_Y_temp_reg_49_ | D v          | DFF_X1   | 0.000 |   0.147 |    0.100 | 
     +-----------------------------------------------------------------------------+ 
Path 2: MET Hold Check with Pin p_reg_Y_temp_reg_53_/CK 
Endpoint:   p_reg_Y_temp_reg_53_/D  (v) checked with  leading edge of 'CLK'
Beginpoint: p_reg_Y_temp_reg_53_/QN (^) triggered by  leading edge of 'CLK'
Path Groups: {CLK}
Analysis View: default
Other End Arrival Time          0.041
+ Hold                          0.009
+ Phase Shift                   0.000
- CPPR Adjustment               0.000
+ Uncertainty                   0.050
= Required Time                 0.100
  Arrival Time                  0.147
  Slack Time                    0.047
     Clock Rise Edge                 0.000
     + Clock Network Latency (Prop)  0.056
     = Beginpoint Arrival Time       0.056
     +-----------------------------------------------------------------------------+ 
     |       Instance       |     Arc      |   Cell   | Delay | Arrival | Required | 
     |                      |              |          |       |  Time   |   Time   | 
     |----------------------+--------------+----------+-------+---------+----------| 
     | p_reg_Y_temp_reg_53_ | CK ^         |          |       |   0.056 |    0.009 | 
     | p_reg_Y_temp_reg_53_ | CK ^ -> QN ^ | DFF_X1   | 0.076 |   0.132 |    0.085 | 
     | U23                  | A2 ^ -> ZN v | AOI22_X1 | 0.014 |   0.147 |    0.100 | 
     | p_reg_Y_temp_reg_53_ | D v          | DFF_X1   | 0.000 |   0.147 |    0.100 | 
     +-----------------------------------------------------------------------------+ 
Path 3: MET Hold Check with Pin p_reg_Y_temp_reg_50_/CK 
Endpoint:   p_reg_Y_temp_reg_50_/D  (v) checked with  leading edge of 'CLK'
Beginpoint: p_reg_Y_temp_reg_50_/QN (^) triggered by  leading edge of 'CLK'
Path Groups: {CLK}
Analysis View: default
Other End Arrival Time          0.041
+ Hold                          0.009
+ Phase Shift                   0.000
- CPPR Adjustment               0.000
+ Uncertainty                   0.050
= Required Time                 0.100
  Arrival Time                  0.147
  Slack Time                    0.047
     Clock Rise Edge                 0.000
     + Clock Network Latency (Prop)  0.056
     = Beginpoint Arrival Time       0.056
     +-----------------------------------------------------------------------------+ 
     |       Instance       |     Arc      |   Cell   | Delay | Arrival | Required | 
     |                      |              |          |       |  Time   |   Time   | 
     |----------------------+--------------+----------+-------+---------+----------| 
     | p_reg_Y_temp_reg_50_ | CK ^         |          |       |   0.057 |    0.009 | 
     | p_reg_Y_temp_reg_50_ | CK ^ -> QN ^ | DFF_X1   | 0.076 |   0.133 |    0.085 | 
     | U29                  | A2 ^ -> ZN v | AOI22_X1 | 0.014 |   0.147 |    0.100 | 
     | p_reg_Y_temp_reg_50_ | D v          | DFF_X1   | 0.000 |   0.147 |    0.100 | 
     +-----------------------------------------------------------------------------+ 
Path 4: MET Hold Check with Pin p_reg_Y_temp_reg_54_/CK 
Endpoint:   p_reg_Y_temp_reg_54_/D  (v) checked with  leading edge of 'CLK'
Beginpoint: p_reg_Y_temp_reg_54_/QN (^) triggered by  leading edge of 'CLK'
Path Groups: {CLK}
Analysis View: default
Other End Arrival Time          0.041
+ Hold                          0.009
+ Phase Shift                   0.000
- CPPR Adjustment               0.000
+ Uncertainty                   0.050
= Required Time                 0.099
  Arrival Time                  0.147
  Slack Time                    0.048
     Clock Rise Edge                 0.000
     + Clock Network Latency (Prop)  0.056
     = Beginpoint Arrival Time       0.056
     +-----------------------------------------------------------------------------+ 
     |       Instance       |     Arc      |   Cell   | Delay | Arrival | Required | 
     |                      |              |          |       |  Time   |   Time   | 
     |----------------------+--------------+----------+-------+---------+----------| 
     | p_reg_Y_temp_reg_54_ | CK ^         |          |       |   0.056 |    0.008 | 
     | p_reg_Y_temp_reg_54_ | CK ^ -> QN ^ | DFF_X1   | 0.077 |   0.133 |    0.085 | 
     | U21                  | A2 ^ -> ZN v | AOI22_X1 | 0.014 |   0.147 |    0.099 | 
     | p_reg_Y_temp_reg_54_ | D v          | DFF_X1   | 0.000 |   0.147 |    0.099 | 
     +-----------------------------------------------------------------------------+ 
Path 5: MET Hold Check with Pin p_reg_Y_temp_reg_48_/CK 
Endpoint:   p_reg_Y_temp_reg_48_/D  (v) checked with  leading edge of 'CLK'
Beginpoint: p_reg_Y_temp_reg_48_/QN (^) triggered by  leading edge of 'CLK'
Path Groups: {CLK}
Analysis View: default
Other End Arrival Time          0.041
+ Hold                          0.009
+ Phase Shift                   0.000
- CPPR Adjustment               0.000
+ Uncertainty                   0.050
= Required Time                 0.100
  Arrival Time                  0.148
  Slack Time                    0.048
     Clock Rise Edge                 0.000
     + Clock Network Latency (Prop)  0.056
     = Beginpoint Arrival Time       0.056
     +-----------------------------------------------------------------------------+ 
     |       Instance       |     Arc      |   Cell   | Delay | Arrival | Required | 
     |                      |              |          |       |  Time   |   Time   | 
     |----------------------+--------------+----------+-------+---------+----------| 
     | p_reg_Y_temp_reg_48_ | CK ^         |          |       |   0.057 |    0.009 | 
     | p_reg_Y_temp_reg_48_ | CK ^ -> QN ^ | DFF_X1   | 0.077 |   0.133 |    0.085 | 
     | U33                  | A2 ^ -> ZN v | AOI22_X1 | 0.014 |   0.148 |    0.100 | 
     | p_reg_Y_temp_reg_48_ | D v          | DFF_X1   | 0.000 |   0.148 |    0.100 | 
     +-----------------------------------------------------------------------------+ 
Path 6: MET Hold Check with Pin p_reg_Y_temp_reg_52_/CK 
Endpoint:   p_reg_Y_temp_reg_52_/D  (v) checked with  leading edge of 'CLK'
Beginpoint: p_reg_Y_temp_reg_52_/QN (^) triggered by  leading edge of 'CLK'
Path Groups: {CLK}
Analysis View: default
Other End Arrival Time          0.041
+ Hold                          0.009
+ Phase Shift                   0.000
- CPPR Adjustment               0.000
+ Uncertainty                   0.050
= Required Time                 0.099
  Arrival Time                  0.147
  Slack Time                    0.048
     Clock Rise Edge                 0.000
     + Clock Network Latency (Prop)  0.056
     = Beginpoint Arrival Time       0.056
     +-----------------------------------------------------------------------------+ 
     |       Instance       |     Arc      |   Cell   | Delay | Arrival | Required | 
     |                      |              |          |       |  Time   |   Time   | 
     |----------------------+--------------+----------+-------+---------+----------| 
     | p_reg_Y_temp_reg_52_ | CK ^         |          |       |   0.056 |    0.008 | 
     | p_reg_Y_temp_reg_52_ | CK ^ -> QN ^ | DFF_X1   | 0.077 |   0.133 |    0.085 | 
     | U25                  | A2 ^ -> ZN v | AOI22_X1 | 0.014 |   0.147 |    0.099 | 
     | p_reg_Y_temp_reg_52_ | D v          | DFF_X1   | 0.000 |   0.147 |    0.099 | 
     +-----------------------------------------------------------------------------+ 
Path 7: MET Hold Check with Pin p_reg_Y_temp_reg_47_/CK 
Endpoint:   p_reg_Y_temp_reg_47_/D  (v) checked with  leading edge of 'CLK'
Beginpoint: p_reg_Y_temp_reg_47_/QN (^) triggered by  leading edge of 'CLK'
Path Groups: {CLK}
Analysis View: default
Other End Arrival Time          0.041
+ Hold                          0.009
+ Phase Shift                   0.000
- CPPR Adjustment               0.000
+ Uncertainty                   0.050
= Required Time                 0.100
  Arrival Time                  0.148
  Slack Time                    0.048
     Clock Rise Edge                 0.000
     + Clock Network Latency (Prop)  0.057
     = Beginpoint Arrival Time       0.057
     +-----------------------------------------------------------------------------+ 
     |       Instance       |     Arc      |   Cell   | Delay | Arrival | Required | 
     |                      |              |          |       |  Time   |   Time   | 
     |----------------------+--------------+----------+-------+---------+----------| 
     | p_reg_Y_temp_reg_47_ | CK ^         |          |       |   0.057 |    0.009 | 
     | p_reg_Y_temp_reg_47_ | CK ^ -> QN ^ | DFF_X1   | 0.077 |   0.133 |    0.085 | 
     | U35                  | A2 ^ -> ZN v | AOI22_X1 | 0.014 |   0.148 |    0.100 | 
     | p_reg_Y_temp_reg_47_ | D v          | DFF_X1   | 0.000 |   0.148 |    0.100 | 
     +-----------------------------------------------------------------------------+ 
Path 8: MET Hold Check with Pin p_reg_Y_temp_reg_51_/CK 
Endpoint:   p_reg_Y_temp_reg_51_/D  (v) checked with  leading edge of 'CLK'
Beginpoint: p_reg_Y_temp_reg_51_/QN (^) triggered by  leading edge of 'CLK'
Path Groups: {CLK}
Analysis View: default
Other End Arrival Time          0.041
+ Hold                          0.009
+ Phase Shift                   0.000
- CPPR Adjustment               0.000
+ Uncertainty                   0.050
= Required Time                 0.100
  Arrival Time                  0.148
  Slack Time                    0.048
     Clock Rise Edge                 0.000
     + Clock Network Latency (Prop)  0.056
     = Beginpoint Arrival Time       0.056
     +-----------------------------------------------------------------------------+ 
     |       Instance       |     Arc      |   Cell   | Delay | Arrival | Required | 
     |                      |              |          |       |  Time   |   Time   | 
     |----------------------+--------------+----------+-------+---------+----------| 
     | p_reg_Y_temp_reg_51_ | CK ^         |          |       |   0.057 |    0.008 | 
     | p_reg_Y_temp_reg_51_ | CK ^ -> QN ^ | DFF_X1   | 0.077 |   0.133 |    0.085 | 
     | U27                  | A2 ^ -> ZN v | AOI22_X1 | 0.014 |   0.148 |    0.100 | 
     | p_reg_Y_temp_reg_51_ | D v          | DFF_X1   | 0.000 |   0.148 |    0.100 | 
     +-----------------------------------------------------------------------------+ 
Path 9: MET Hold Check with Pin p_reg_Y_temp_reg_55_/CK 
Endpoint:   p_reg_Y_temp_reg_55_/D  (v) checked with  leading edge of 'CLK'
Beginpoint: p_reg_Y_temp_reg_55_/QN (^) triggered by  leading edge of 'CLK'
Path Groups: {CLK}
Analysis View: default
Other End Arrival Time          0.041
+ Hold                          0.010
+ Phase Shift                   0.000
- CPPR Adjustment               0.000
+ Uncertainty                   0.050
= Required Time                 0.100
  Arrival Time                  0.150
  Slack Time                    0.049
     Clock Rise Edge                 0.000
     + Clock Network Latency (Prop)  0.056
     = Beginpoint Arrival Time       0.056
     +-----------------------------------------------------------------------------+ 
     |       Instance       |     Arc      |   Cell   | Delay | Arrival | Required | 
     |                      |              |          |       |  Time   |   Time   | 
     |----------------------+--------------+----------+-------+---------+----------| 
     | p_reg_Y_temp_reg_55_ | CK ^         |          |       |   0.056 |    0.007 | 
     | p_reg_Y_temp_reg_55_ | CK ^ -> QN ^ | DFFS_X1  | 0.079 |   0.135 |    0.086 | 
     | U19                  | A2 ^ -> ZN v | AOI22_X1 | 0.015 |   0.150 |    0.100 | 
     | p_reg_Y_temp_reg_55_ | D v          | DFFS_X1  | 0.000 |   0.150 |    0.100 | 
     +-----------------------------------------------------------------------------+ 
Path 10: MET Hold Check with Pin p_reg_Y_temp_reg_62_/CK 
Endpoint:   p_reg_Y_temp_reg_62_/D  (v) checked with  leading edge of 'CLK'
Beginpoint: p_reg_Y_temp_reg_62_/QN (^) triggered by  leading edge of 'CLK'
Path Groups: {CLK}
Analysis View: default
Other End Arrival Time          0.040
+ Hold                          0.009
+ Phase Shift                   0.000
- CPPR Adjustment               0.000
+ Uncertainty                   0.050
= Required Time                 0.099
  Arrival Time                  0.164
  Slack Time                    0.065
     Clock Rise Edge                 0.000
     + Clock Network Latency (Prop)  0.056
     = Beginpoint Arrival Time       0.056
     +-----------------------------------------------------------------------------+ 
     |       Instance       |     Arc      |   Cell   | Delay | Arrival | Required | 
     |                      |              |          |       |  Time   |   Time   | 
     |----------------------+--------------+----------+-------+---------+----------| 
     | p_reg_Y_temp_reg_62_ | CK ^         |          |       |   0.056 |   -0.010 | 
     | p_reg_Y_temp_reg_62_ | CK ^ -> QN ^ | DFF_X1   | 0.073 |   0.128 |    0.063 | 
     | U657                 | A1 ^ -> ZN ^ | OR2_X1   | 0.023 |   0.151 |    0.086 | 
     | U502                 | A ^ -> ZN v  | OAI21_X1 | 0.013 |   0.164 |    0.099 | 
     | p_reg_Y_temp_reg_62_ | D v          | DFF_X1   | 0.000 |   0.164 |    0.099 | 
     +-----------------------------------------------------------------------------+ 

