###############################################################
#  Generated by:      Cadence Innovus 23.35-s106_1
#  OS:                Linux x86_64(Host ID microsys.openstack.polito)
#  Generated on:      Sat Oct 10 21:00:08 2026
#  Design:            boothmul_registered
#  Command:           report_timing -early -max_paths 10 > reports/10_hold_paths.rpt
###############################################################
Path 1: MET Hold Check with Pin p_reg_Y_temp_reg_48_/CK 
Endpoint:   p_reg_Y_temp_reg_48_/D  (v) checked with  leading edge of 'CLK'
Beginpoint: p_reg_Y_temp_reg_48_/QN (^) triggered by  leading edge of 'CLK'
Path Groups: {CLK}
Analysis View: default
Other End Arrival Time          0.049
+ Hold                          0.011
+ Phase Shift                   0.000
- CPPR Adjustment               0.000
+ Uncertainty                   0.050
= Required Time                 0.110
  Arrival Time                  0.157
  Slack Time                    0.047
     Clock Rise Edge                 0.000
     + Clock Network Latency (Prop)  0.068
     = Beginpoint Arrival Time       0.068
     +-----------------------------------------------------------------------------+ 
     |       Instance       |     Arc      |   Cell   | Delay | Arrival | Required | 
     |                      |              |          |       |  Time   |   Time   | 
     |----------------------+--------------+----------+-------+---------+----------| 
     | p_reg_Y_temp_reg_48_ | CK ^         |          |       |   0.068 |    0.020 | 
     | p_reg_Y_temp_reg_48_ | CK ^ -> QN ^ | DFF_X1   | 0.077 |   0.144 |    0.097 | 
     | U4250                | B1 ^ -> ZN v | OAI21_X1 | 0.013 |   0.157 |    0.110 | 
     | p_reg_Y_temp_reg_48_ | D v          | DFF_X1   | 0.000 |   0.157 |    0.110 | 
     +-----------------------------------------------------------------------------+ 
Path 2: MET Hold Check with Pin p_reg_Y_temp_reg_40_/CK 
Endpoint:   p_reg_Y_temp_reg_40_/D  (v) checked with  leading edge of 'CLK'
Beginpoint: p_reg_Y_temp_reg_40_/QN (^) triggered by  leading edge of 'CLK'
Path Groups: {CLK}
Analysis View: default
Other End Arrival Time          0.040
+ Hold                          0.009
+ Phase Shift                   0.000
- CPPR Adjustment               0.000
+ Uncertainty                   0.050
= Required Time                 0.100
  Arrival Time                  0.147
  Slack Time                    0.048
     Clock Rise Edge                 0.000
     + Clock Network Latency (Prop)  0.059
     = Beginpoint Arrival Time       0.059
     +-----------------------------------------------------------------------------+ 
     |       Instance       |     Arc      |   Cell   | Delay | Arrival | Required | 
     |                      |              |          |       |  Time   |   Time   | 
     |----------------------+--------------+----------+-------+---------+----------| 
     | p_reg_Y_temp_reg_40_ | CK ^         |          |       |   0.059 |    0.011 | 
     | p_reg_Y_temp_reg_40_ | CK ^ -> QN ^ | DFF_X1   | 0.075 |   0.135 |    0.087 | 
     | U4276                | B1 ^ -> ZN v | OAI21_X1 | 0.013 |   0.147 |    0.100 | 
     | p_reg_Y_temp_reg_40_ | D v          | DFF_X1   | 0.000 |   0.147 |    0.100 | 
     +-----------------------------------------------------------------------------+ 
Path 3: MET Hold Check with Pin p_reg_Y_temp_reg_41_/CK 
Endpoint:   p_reg_Y_temp_reg_41_/D  (v) checked with  leading edge of 'CLK'
Beginpoint: p_reg_Y_temp_reg_41_/QN (^) triggered by  leading edge of 'CLK'
Path Groups: {CLK}
Analysis View: default
Other End Arrival Time          0.040
+ Hold                          0.009
+ Phase Shift                   0.000
- CPPR Adjustment               0.000
+ Uncertainty                   0.050
= Required Time                 0.100
  Arrival Time                  0.147
  Slack Time                    0.048
     Clock Rise Edge                 0.000
     + Clock Network Latency (Prop)  0.059
     = Beginpoint Arrival Time       0.059
     +-----------------------------------------------------------------------------+ 
     |       Instance       |     Arc      |   Cell   | Delay | Arrival | Required | 
     |                      |              |          |       |  Time   |   Time   | 
     |----------------------+--------------+----------+-------+---------+----------| 
     | p_reg_Y_temp_reg_41_ | CK ^         |          |       |   0.059 |    0.011 | 
     | p_reg_Y_temp_reg_41_ | CK ^ -> QN ^ | DFF_X1   | 0.075 |   0.134 |    0.087 | 
     | U4272                | B1 ^ -> ZN v | OAI21_X1 | 0.013 |   0.147 |    0.100 | 
     | p_reg_Y_temp_reg_41_ | D v          | DFF_X1   | 0.000 |   0.147 |    0.100 | 
     +-----------------------------------------------------------------------------+ 
Path 4: MET Hold Check with Pin p_reg_Y_temp_reg_49_/CK 
Endpoint:   p_reg_Y_temp_reg_49_/D  (v) checked with  leading edge of 'CLK'
Beginpoint: p_reg_Y_temp_reg_49_/QN (^) triggered by  leading edge of 'CLK'
Path Groups: {CLK}
Analysis View: default
Other End Arrival Time          0.040
+ Hold                          0.009
+ Phase Shift                   0.000
- CPPR Adjustment               0.000
+ Uncertainty                   0.050
= Required Time                 0.099
  Arrival Time                  0.147
  Slack Time                    0.048
     Clock Rise Edge                 0.000
     + Clock Network Latency (Prop)  0.059
     = Beginpoint Arrival Time       0.059
     +-----------------------------------------------------------------------------+ 
     |       Instance       |     Arc      |   Cell   | Delay | Arrival | Required | 
     |                      |              |          |       |  Time   |   Time   | 
     |----------------------+--------------+----------+-------+---------+----------| 
     | p_reg_Y_temp_reg_49_ | CK ^         |          |       |   0.059 |    0.011 | 
     | p_reg_Y_temp_reg_49_ | CK ^ -> QN ^ | DFF_X1   | 0.076 |   0.134 |    0.086 | 
     | U4246                | B1 ^ -> ZN v | OAI21_X1 | 0.013 |   0.147 |    0.099 | 
     | p_reg_Y_temp_reg_49_ | D v          | DFF_X1   | 0.000 |   0.147 |    0.099 | 
     +-----------------------------------------------------------------------------+ 
Path 5: MET Hold Check with Pin p_reg_Y_temp_reg_43_/CK 
Endpoint:   p_reg_Y_temp_reg_43_/D  (v) checked with  leading edge of 'CLK'
Beginpoint: p_reg_Y_temp_reg_43_/QN (^) triggered by  leading edge of 'CLK'
Path Groups: {CLK}
Analysis View: default
Other End Arrival Time          0.040
+ Hold                          0.009
+ Phase Shift                   0.000
- CPPR Adjustment               0.000
+ Uncertainty                   0.050
= Required Time                 0.100
  Arrival Time                  0.148
  Slack Time                    0.048
     Clock Rise Edge                 0.000
     + Clock Network Latency (Prop)  0.059
     = Beginpoint Arrival Time       0.059
     +-----------------------------------------------------------------------------+ 
     |       Instance       |     Arc      |   Cell   | Delay | Arrival | Required | 
     |                      |              |          |       |  Time   |   Time   | 
     |----------------------+--------------+----------+-------+---------+----------| 
     | p_reg_Y_temp_reg_43_ | CK ^         |          |       |   0.059 |    0.011 | 
     | p_reg_Y_temp_reg_43_ | CK ^ -> QN ^ | DFF_X1   | 0.076 |   0.135 |    0.087 | 
     | U4266                | B1 ^ -> ZN v | OAI21_X1 | 0.013 |   0.148 |    0.100 | 
     | p_reg_Y_temp_reg_43_ | D v          | DFF_X1   | 0.000 |   0.148 |    0.100 | 
     +-----------------------------------------------------------------------------+ 
Path 6: MET Hold Check with Pin p_reg_Y_temp_reg_18_/CK 
Endpoint:   p_reg_Y_temp_reg_18_/D  (v) checked with  leading edge of 'CLK'
Beginpoint: p_reg_Y_temp_reg_18_/QN (^) triggered by  leading edge of 'CLK'
Path Groups: {CLK}
Analysis View: default
Other End Arrival Time          0.043
+ Hold                          0.010
+ Phase Shift                   0.000
- CPPR Adjustment               0.000
+ Uncertainty                   0.050
= Required Time                 0.103
  Arrival Time                  0.150
  Slack Time                    0.048
     Clock Rise Edge                 0.000
     + Clock Network Latency (Prop)  0.062
     = Beginpoint Arrival Time       0.062
     +-----------------------------------------------------------------------------+ 
     |       Instance       |     Arc      |   Cell   | Delay | Arrival | Required | 
     |                      |              |          |       |  Time   |   Time   | 
     |----------------------+--------------+----------+-------+---------+----------| 
     | p_reg_Y_temp_reg_18_ | CK ^         |          |       |   0.061 |    0.014 | 
     | p_reg_Y_temp_reg_18_ | CK ^ -> QN ^ | DFF_X1   | 0.076 |   0.138 |    0.090 | 
     | U4342                | B1 ^ -> ZN v | OAI21_X1 | 0.013 |   0.150 |    0.103 | 
     | p_reg_Y_temp_reg_18_ | D v          | DFF_X1   | 0.000 |   0.150 |    0.103 | 
     +-----------------------------------------------------------------------------+ 
Path 7: MET Hold Check with Pin p_reg_Y_temp_reg_17_/CK 
Endpoint:   p_reg_Y_temp_reg_17_/D  (v) checked with  leading edge of 'CLK'
Beginpoint: p_reg_Y_temp_reg_17_/QN (^) triggered by  leading edge of 'CLK'
Path Groups: {CLK}
Analysis View: default
Other End Arrival Time          0.043
+ Hold                          0.010
+ Phase Shift                   0.000
- CPPR Adjustment               0.000
+ Uncertainty                   0.050
= Required Time                 0.103
  Arrival Time                  0.150
  Slack Time                    0.048
     Clock Rise Edge                 0.000
     + Clock Network Latency (Prop)  0.062
     = Beginpoint Arrival Time       0.062
     +-----------------------------------------------------------------------------+ 
     |       Instance       |     Arc      |   Cell   | Delay | Arrival | Required | 
     |                      |              |          |       |  Time   |   Time   | 
     |----------------------+--------------+----------+-------+---------+----------| 
     | p_reg_Y_temp_reg_17_ | CK ^         |          |       |   0.061 |    0.014 | 
     | p_reg_Y_temp_reg_17_ | CK ^ -> QN ^ | DFF_X1   | 0.076 |   0.138 |    0.090 | 
     | U4345                | B1 ^ -> ZN v | OAI21_X1 | 0.013 |   0.150 |    0.103 | 
     | p_reg_Y_temp_reg_17_ | D v          | DFF_X1   | 0.000 |   0.150 |    0.103 | 
     +-----------------------------------------------------------------------------+ 
Path 8: MET Hold Check with Pin p_reg_Y_temp_reg_19_/CK 
Endpoint:   p_reg_Y_temp_reg_19_/D  (v) checked with  leading edge of 'CLK'
Beginpoint: p_reg_Y_temp_reg_19_/QN (^) triggered by  leading edge of 'CLK'
Path Groups: {CLK}
Analysis View: default
Other End Arrival Time          0.043
+ Hold                          0.010
+ Phase Shift                   0.000
- CPPR Adjustment               0.000
+ Uncertainty                   0.050
= Required Time                 0.103
  Arrival Time                  0.151
  Slack Time                    0.049
     Clock Rise Edge                 0.000
     + Clock Network Latency (Prop)  0.062
     = Beginpoint Arrival Time       0.062
     +-----------------------------------------------------------------------------+ 
     |       Instance       |     Arc      |   Cell   | Delay | Arrival | Required | 
     |                      |              |          |       |  Time   |   Time   | 
     |----------------------+--------------+----------+-------+---------+----------| 
     | p_reg_Y_temp_reg_19_ | CK ^         |          |       |   0.061 |    0.013 | 
     | p_reg_Y_temp_reg_19_ | CK ^ -> QN ^ | DFF_X1   | 0.076 |   0.138 |    0.089 | 
     | U4339                | B1 ^ -> ZN v | OAI21_X1 | 0.013 |   0.151 |    0.103 | 
     | p_reg_Y_temp_reg_19_ | D v          | DFF_X1   | 0.000 |   0.151 |    0.103 | 
     +-----------------------------------------------------------------------------+ 
Path 9: MET Hold Check with Pin p_reg_Y_temp_reg_16_/CK 
Endpoint:   p_reg_Y_temp_reg_16_/D  (v) checked with  leading edge of 'CLK'
Beginpoint: p_reg_Y_temp_reg_16_/QN (^) triggered by  leading edge of 'CLK'
Path Groups: {CLK}
Analysis View: default
Other End Arrival Time          0.043
+ Hold                          0.010
+ Phase Shift                   0.000
- CPPR Adjustment               0.000
+ Uncertainty                   0.050
= Required Time                 0.103
  Arrival Time                  0.151
  Slack Time                    0.049
     Clock Rise Edge                 0.000
     + Clock Network Latency (Prop)  0.062
     = Beginpoint Arrival Time       0.062
     +-----------------------------------------------------------------------------+ 
     |       Instance       |     Arc      |   Cell   | Delay | Arrival | Required | 
     |                      |              |          |       |  Time   |   Time   | 
     |----------------------+--------------+----------+-------+---------+----------| 
     | p_reg_Y_temp_reg_16_ | CK ^         |          |       |   0.062 |    0.013 | 
     | p_reg_Y_temp_reg_16_ | CK ^ -> QN ^ | DFF_X1   | 0.076 |   0.138 |    0.090 | 
     | U4349                | B1 ^ -> ZN v | OAI21_X1 | 0.013 |   0.151 |    0.103 | 
     | p_reg_Y_temp_reg_16_ | D v          | DFF_X1   | 0.000 |   0.151 |    0.103 | 
     +-----------------------------------------------------------------------------+ 
Path 10: MET Hold Check with Pin p_reg_Y_temp_reg_50_/CK 
Endpoint:   p_reg_Y_temp_reg_50_/D  (v) checked with  leading edge of 'CLK'
Beginpoint: p_reg_Y_temp_reg_50_/QN (^) triggered by  leading edge of 'CLK'
Path Groups: {CLK}
Analysis View: default
Other End Arrival Time          0.049
+ Hold                          0.011
+ Phase Shift                   0.000
- CPPR Adjustment               0.000
+ Uncertainty                   0.050
= Required Time                 0.110
  Arrival Time                  0.159
  Slack Time                    0.049
     Clock Rise Edge                 0.000
     + Clock Network Latency (Prop)  0.068
     = Beginpoint Arrival Time       0.068
     +-----------------------------------------------------------------------------+ 
     |       Instance       |     Arc      |   Cell   | Delay | Arrival | Required | 
     |                      |              |          |       |  Time   |   Time   | 
     |----------------------+--------------+----------+-------+---------+----------| 
     | p_reg_Y_temp_reg_50_ | CK ^         |          |       |   0.068 |    0.019 | 
     | p_reg_Y_temp_reg_50_ | CK ^ -> QN ^ | DFF_X1   | 0.078 |   0.145 |    0.097 | 
     | U4243                | B1 ^ -> ZN v | OAI21_X1 | 0.013 |   0.159 |    0.110 | 
     | p_reg_Y_temp_reg_50_ | D v          | DFF_X1   | 0.000 |   0.159 |    0.110 | 
     +-----------------------------------------------------------------------------+ 

