###############################################################
#  Generated by:      Cadence Innovus 23.35-s106_1
#  OS:                Linux x86_64(Host ID microsys.openstack.polito)
#  Generated on:      Sat Oct 10 22:46:25 2026
#  Design:            boothmul_registered
#  Command:           report_timing -max_paths 10 > reports/10_setup_paths.rpt
###############################################################
Path 1: MET Setup Check with Pin p_reg_Y_temp_reg_60_/CK 
Endpoint:   p_reg_Y_temp_reg_60_/D (v) checked with  leading edge of 'CLK'
Beginpoint: B_reg_Y_temp_reg_1_/QN (^) triggered by  leading edge of 'CLK'
Path Groups: {CLK}
Analysis View: default
Other End Arrival Time          0.067
- Setup                         0.034
+ Phase Shift                   4.496
+ CPPR Adjustment               0.000
- Uncertainty                   0.050
= Required Time                 4.478
- Arrival Time                  3.510
= Slack Time                    0.968
     Clock Rise Edge                 0.000
     + Clock Network Latency (Prop)  0.052
     = Beginpoint Arrival Time       0.052
     +------------------------------------------------------------------------------+ 
     |       Instance       |     Arc      |   Cell    | Delay | Arrival | Required | 
     |                      |              |           |       |  Time   |   Time   | 
     |----------------------+--------------+-----------+-------+---------+----------| 
     | B_reg_Y_temp_reg_1_  | CK ^         |           |       |   0.052 |    1.021 | 
     | B_reg_Y_temp_reg_1_  | CK ^ -> QN ^ | DFF_X1    | 0.101 |   0.153 |    1.122 | 
     | FE_OFC69_B_i_1       | A ^ -> Z ^   | CLKBUF_X1 | 0.139 |   0.292 |    1.260 | 
     | U1606                | A1 ^ -> ZN ^ | AND2_X1   | 0.121 |   0.413 |    1.381 | 
     | U1787                | A ^ -> ZN v  | INV_X1    | 0.075 |   0.488 |    1.456 | 
     | U1955                | A2 v -> ZN ^ | OAI22_X1  | 0.067 |   0.555 |    1.523 | 
     | U1956                | A2 ^ -> ZN v | NOR2_X1   | 0.019 |   0.574 |    1.542 | 
     | U4201                | A1 v -> ZN ^ | NOR2_X1   | 0.029 |   0.603 |    1.571 | 
     | U4202                | A ^ -> Z ^   | XOR2_X1   | 0.059 |   0.662 |    1.630 | 
     | U4204                | A1 ^ -> ZN v | NOR2_X1   | 0.018 |   0.679 |    1.648 | 
     | intadd_1720_U61      | CI v -> CO v | FA_X1     | 0.072 |   0.751 |    1.720 | 
     | intadd_1720_U60      | CI v -> CO v | FA_X1     | 0.081 |   0.833 |    1.801 | 
     | U1990                | CI v -> CO v | FA_X1     | 0.080 |   0.913 |    1.881 | 
     | U1992                | B1 v -> ZN ^ | OAI21_X1  | 0.031 |   0.944 |    1.912 | 
     | U1994                | A1 ^ -> ZN v | NAND2_X1  | 0.019 |   0.962 |    1.931 | 
     | intadd_1720_U57      | CI v -> CO v | FA_X1     | 0.071 |   1.033 |    2.001 | 
     | intadd_1720_U56      | CI v -> CO v | FA_X1     | 0.074 |   1.107 |    2.076 | 
     | intadd_1720_U55      | A v -> CO v  | FA_X1     | 0.085 |   1.193 |    2.161 | 
     | U3667                | A2 v -> ZN ^ | NAND2_X1  | 0.022 |   1.214 |    2.183 | 
     | U3668                | A3 ^ -> ZN v | NAND3_X1  | 0.033 |   1.247 |    2.216 | 
     | U3675                | A2 v -> ZN ^ | NAND2_X1  | 0.023 |   1.270 |    2.239 | 
     | U3676                | A3 ^ -> ZN v | NAND3_X1  | 0.033 |   1.303 |    2.271 | 
     | U3680                | A1 v -> ZN ^ | NAND2_X1  | 0.020 |   1.322 |    2.291 | 
     | U3682                | A2 ^ -> ZN v | NAND3_X1  | 0.024 |   1.346 |    2.315 | 
     | intadd_1720_U51      | CI v -> CO v | FA_X1     | 0.081 |   1.427 |    2.395 | 
     | U1943                | CI v -> CO v | FA_X1     | 0.075 |   1.502 |    2.471 | 
     | U1948                | A2 v -> ZN ^ | NAND2_X1  | 0.020 |   1.522 |    2.490 | 
     | U1785                | A1 ^ -> ZN v | NAND2_X1  | 0.018 |   1.540 |    2.509 | 
     | U1637                | A1 v -> ZN ^ | NAND2_X1  | 0.016 |   1.557 |    2.525 | 
     | U1723                | A1 ^ -> ZN v | NAND2_X1  | 0.016 |   1.573 |    2.541 | 
     | U3156                | A1 v -> ZN ^ | NAND2_X1  | 0.014 |   1.587 |    2.555 | 
     | U3157                | A1 ^ -> ZN v | NAND2_X1  | 0.020 |   1.607 |    2.576 | 
     | U3159                | A1 v -> ZN ^ | NAND2_X1  | 0.015 |   1.622 |    2.590 | 
     | U1489                | A2 ^ -> ZN ^ | AND3_X1   | 0.053 |   1.675 |    2.643 | 
     | U3161                | B1 ^ -> ZN v | OAI21_X1  | 0.025 |   1.700 |    2.668 | 
     | U3163                | A1 v -> ZN ^ | NAND2_X1  | 0.016 |   1.716 |    2.684 | 
     | U1488                | A2 ^ -> ZN ^ | AND3_X1   | 0.052 |   1.768 |    2.736 | 
     | U3165                | B2 ^ -> ZN v | OAI21_X1  | 0.025 |   1.793 |    2.761 | 
     | intadd_1720_U42      | CI v -> CO v | FA_X1     | 0.078 |   1.871 |    2.839 | 
     | intadd_1720_U41      | CI v -> CO v | FA_X1     | 0.075 |   1.946 |    2.914 | 
     | intadd_1720_U40      | CI v -> CO v | FA_X1     | 0.073 |   2.018 |    2.987 | 
     | intadd_1720_U39      | CI v -> CO v | FA_X1     | 0.071 |   2.090 |    3.058 | 
     | intadd_1720_U38      | CI v -> CO v | FA_X1     | 0.078 |   2.167 |    3.136 | 
     | U1782                | A2 v -> ZN ^ | NAND2_X1  | 0.022 |   2.189 |    3.157 | 
     | U1781                | A1 ^ -> ZN v | NAND2_X1  | 0.018 |   2.207 |    3.175 | 
     | intadd_1720_U35      | CI v -> CO v | FA_X1     | 0.077 |   2.283 |    3.252 | 
     | intadd_1720_U34      | CI v -> CO v | FA_X1     | 0.075 |   2.358 |    3.327 | 
     | intadd_1720_U33      | CI v -> CO v | FA_X1     | 0.075 |   2.434 |    3.402 | 
     | intadd_1720_U32      | CI v -> CO v | FA_X1     | 0.078 |   2.512 |    3.480 | 
     | intadd_1720_U31      | CI v -> CO v | FA_X1     | 0.079 |   2.591 |    3.559 | 
     | intadd_1720_U30      | CI v -> CO v | FA_X1     | 0.073 |   2.664 |    3.633 | 
     | intadd_1720_U29      | CI v -> CO v | FA_X1     | 0.072 |   2.736 |    3.705 | 
     | intadd_1720_U28      | CI v -> CO v | FA_X1     | 0.072 |   2.808 |    3.776 | 
     | intadd_1720_U27      | CI v -> CO v | FA_X1     | 0.073 |   2.881 |    3.849 | 
     | intadd_1720_U26      | CI v -> CO v | FA_X1     | 0.073 |   2.954 |    3.922 | 
     | intadd_1720_U25      | CI v -> CO v | FA_X1     | 0.076 |   3.030 |    3.998 | 
     | intadd_1720_U24      | CI v -> CO v | FA_X1     | 0.073 |   3.103 |    4.072 | 
     | intadd_1720_U23      | CI v -> CO v | FA_X1     | 0.087 |   3.190 |    4.158 | 
     | U1634                | A v -> ZN ^  | INV_X1    | 0.024 |   3.214 |    4.182 | 
     | U1507                | C2 ^ -> ZN v | OAI211_X1 | 0.035 |   3.248 |    4.217 | 
     | U1561                | A2 v -> ZN ^ | NAND4_X1  | 0.028 |   3.276 |    4.245 | 
     | U1699                | A1 ^ -> ZN v | NAND2_X1  | 0.025 |   3.301 |    4.269 | 
     | U1776                | A1 v -> ZN ^ | NAND2_X1  | 0.022 |   3.323 |    4.291 | 
     | U1652                | A1 ^ -> ZN v | NAND4_X1  | 0.041 |   3.364 |    4.332 | 
     | U1760                | A2 v -> ZN ^ | NAND2_X1  | 0.035 |   3.399 |    4.367 | 
     | U1783                | A2 ^ -> ZN ^ | AND3_X1   | 0.048 |   3.447 |    4.415 | 
     | U1786                | A ^ -> ZN ^  | XNOR2_X1  | 0.040 |   3.487 |    4.455 | 
     | U9                   | B2 ^ -> ZN v | AOI22_X1  | 0.023 |   3.510 |    4.478 | 
     | p_reg_Y_temp_reg_60_ | D v          | DFFS_X1   | 0.000 |   3.510 |    4.478 | 
     +------------------------------------------------------------------------------+ 
Path 2: MET Setup Check with Pin p_reg_Y_temp_reg_62_/CK 
Endpoint:   p_reg_Y_temp_reg_62_/D (^) checked with  leading edge of 'CLK'
Beginpoint: B_reg_Y_temp_reg_1_/QN (^) triggered by  leading edge of 'CLK'
Path Groups: {CLK}
Analysis View: default
Other End Arrival Time          0.067
- Setup                         0.031
+ Phase Shift                   4.496
+ CPPR Adjustment               0.000
- Uncertainty                   0.050
= Required Time                 4.481
- Arrival Time                  3.494
= Slack Time                    0.987
     Clock Rise Edge                 0.000
     + Clock Network Latency (Prop)  0.052
     = Beginpoint Arrival Time       0.052
     +------------------------------------------------------------------------------+ 
     |       Instance       |     Arc      |   Cell    | Delay | Arrival | Required | 
     |                      |              |           |       |  Time   |   Time   | 
     |----------------------+--------------+-----------+-------+---------+----------| 
     | B_reg_Y_temp_reg_1_  | CK ^         |           |       |   0.052 |    1.040 | 
     | B_reg_Y_temp_reg_1_  | CK ^ -> QN ^ | DFF_X1    | 0.101 |   0.153 |    1.141 | 
     | FE_OFC69_B_i_1       | A ^ -> Z ^   | CLKBUF_X1 | 0.139 |   0.292 |    1.279 | 
     | U1606                | A1 ^ -> ZN ^ | AND2_X1   | 0.121 |   0.413 |    1.400 | 
     | U1787                | A ^ -> ZN v  | INV_X1    | 0.075 |   0.488 |    1.475 | 
     | U1955                | A2 v -> ZN ^ | OAI22_X1  | 0.067 |   0.555 |    1.542 | 
     | U1956                | A2 ^ -> ZN v | NOR2_X1   | 0.019 |   0.574 |    1.561 | 
     | U4201                | A1 v -> ZN ^ | NOR2_X1   | 0.029 |   0.603 |    1.590 | 
     | U4202                | A ^ -> Z ^   | XOR2_X1   | 0.059 |   0.662 |    1.649 | 
     | U4204                | A1 ^ -> ZN v | NOR2_X1   | 0.018 |   0.679 |    1.667 | 
     | intadd_1720_U61      | CI v -> CO v | FA_X1     | 0.072 |   0.751 |    1.739 | 
     | intadd_1720_U60      | CI v -> CO v | FA_X1     | 0.081 |   0.833 |    1.820 | 
     | U1990                | CI v -> CO v | FA_X1     | 0.080 |   0.913 |    1.900 | 
     | U1992                | B1 v -> ZN ^ | OAI21_X1  | 0.031 |   0.944 |    1.931 | 
     | U1994                | A1 ^ -> ZN v | NAND2_X1  | 0.019 |   0.962 |    1.950 | 
     | intadd_1720_U57      | CI v -> CO v | FA_X1     | 0.071 |   1.033 |    2.020 | 
     | intadd_1720_U56      | CI v -> CO v | FA_X1     | 0.074 |   1.107 |    2.095 | 
     | intadd_1720_U55      | A v -> CO v  | FA_X1     | 0.085 |   1.193 |    2.180 | 
     | U3667                | A2 v -> ZN ^ | NAND2_X1  | 0.022 |   1.214 |    2.202 | 
     | U3668                | A3 ^ -> ZN v | NAND3_X1  | 0.033 |   1.247 |    2.235 | 
     | U3675                | A2 v -> ZN ^ | NAND2_X1  | 0.023 |   1.270 |    2.258 | 
     | U3676                | A3 ^ -> ZN v | NAND3_X1  | 0.033 |   1.303 |    2.290 | 
     | U3680                | A1 v -> ZN ^ | NAND2_X1  | 0.020 |   1.322 |    2.310 | 
     | U3682                | A2 ^ -> ZN v | NAND3_X1  | 0.024 |   1.346 |    2.334 | 
     | intadd_1720_U51      | CI v -> CO v | FA_X1     | 0.081 |   1.427 |    2.414 | 
     | U1943                | CI v -> CO v | FA_X1     | 0.075 |   1.502 |    2.490 | 
     | U1948                | A2 v -> ZN ^ | NAND2_X1  | 0.020 |   1.522 |    2.509 | 
     | U1785                | A1 ^ -> ZN v | NAND2_X1  | 0.018 |   1.540 |    2.528 | 
     | U1637                | A1 v -> ZN ^ | NAND2_X1  | 0.016 |   1.557 |    2.544 | 
     | U1723                | A1 ^ -> ZN v | NAND2_X1  | 0.016 |   1.573 |    2.560 | 
     | U3156                | A1 v -> ZN ^ | NAND2_X1  | 0.014 |   1.587 |    2.574 | 
     | U3157                | A1 ^ -> ZN v | NAND2_X1  | 0.020 |   1.607 |    2.595 | 
     | U3159                | A1 v -> ZN ^ | NAND2_X1  | 0.015 |   1.622 |    2.609 | 
     | U1489                | A2 ^ -> ZN ^ | AND3_X1   | 0.053 |   1.675 |    2.662 | 
     | U3161                | B1 ^ -> ZN v | OAI21_X1  | 0.025 |   1.700 |    2.687 | 
     | U3163                | A1 v -> ZN ^ | NAND2_X1  | 0.016 |   1.716 |    2.703 | 
     | U1488                | A2 ^ -> ZN ^ | AND3_X1   | 0.052 |   1.768 |    2.755 | 
     | U3165                | B2 ^ -> ZN v | OAI21_X1  | 0.025 |   1.793 |    2.780 | 
     | intadd_1720_U42      | CI v -> CO v | FA_X1     | 0.078 |   1.871 |    2.858 | 
     | intadd_1720_U41      | CI v -> CO v | FA_X1     | 0.075 |   1.946 |    2.933 | 
     | intadd_1720_U40      | CI v -> CO v | FA_X1     | 0.073 |   2.018 |    3.006 | 
     | intadd_1720_U39      | CI v -> CO v | FA_X1     | 0.071 |   2.090 |    3.077 | 
     | intadd_1720_U38      | CI v -> CO v | FA_X1     | 0.078 |   2.167 |    3.155 | 
     | U1782                | A2 v -> ZN ^ | NAND2_X1  | 0.022 |   2.189 |    3.176 | 
     | U1781                | A1 ^ -> ZN v | NAND2_X1  | 0.018 |   2.207 |    3.194 | 
     | intadd_1720_U35      | CI v -> CO v | FA_X1     | 0.077 |   2.283 |    3.271 | 
     | intadd_1720_U34      | CI v -> CO v | FA_X1     | 0.075 |   2.358 |    3.346 | 
     | intadd_1720_U33      | CI v -> CO v | FA_X1     | 0.075 |   2.434 |    3.421 | 
     | intadd_1720_U32      | CI v -> CO v | FA_X1     | 0.078 |   2.512 |    3.499 | 
     | intadd_1720_U31      | CI v -> CO v | FA_X1     | 0.079 |   2.591 |    3.578 | 
     | intadd_1720_U30      | CI v -> CO v | FA_X1     | 0.073 |   2.664 |    3.652 | 
     | intadd_1720_U29      | CI v -> CO v | FA_X1     | 0.072 |   2.736 |    3.724 | 
     | intadd_1720_U28      | CI v -> CO v | FA_X1     | 0.072 |   2.808 |    3.795 | 
     | intadd_1720_U27      | CI v -> CO v | FA_X1     | 0.073 |   2.881 |    3.868 | 
     | intadd_1720_U26      | CI v -> CO v | FA_X1     | 0.073 |   2.954 |    3.941 | 
     | intadd_1720_U25      | CI v -> CO v | FA_X1     | 0.076 |   3.030 |    4.017 | 
     | intadd_1720_U24      | CI v -> CO v | FA_X1     | 0.073 |   3.103 |    4.091 | 
     | intadd_1720_U23      | CI v -> CO v | FA_X1     | 0.087 |   3.190 |    4.177 | 
     | U1634                | A v -> ZN ^  | INV_X1    | 0.024 |   3.214 |    4.201 | 
     | U1507                | C2 ^ -> ZN v | OAI211_X1 | 0.035 |   3.248 |    4.236 | 
     | U1561                | A2 v -> ZN ^ | NAND4_X1  | 0.028 |   3.276 |    4.264 | 
     | U1699                | A1 ^ -> ZN v | NAND2_X1  | 0.025 |   3.301 |    4.288 | 
     | U1776                | A1 v -> ZN ^ | NAND2_X1  | 0.022 |   3.323 |    4.310 | 
     | U1555                | A1 ^ -> ZN ^ | AND2_X1   | 0.031 |   3.354 |    4.341 | 
     | U1552                | B2 ^ -> ZN v | AOI22_X1  | 0.023 |   3.377 |    4.364 | 
     | U1674                | A1 v -> ZN v | AND2_X1   | 0.032 |   3.409 |    4.396 | 
     | U1770                | A v -> ZN v  | XNOR2_X1  | 0.039 |   3.448 |    4.436 | 
     | U5                   | B2 v -> ZN ^ | AOI22_X1  | 0.045 |   3.494 |    4.481 | 
     | p_reg_Y_temp_reg_62_ | D ^          | DFFS_X1   | 0.000 |   3.494 |    4.481 | 
     +------------------------------------------------------------------------------+ 
Path 3: MET Setup Check with Pin p_reg_Y_temp_reg_52_/CK 
Endpoint:   p_reg_Y_temp_reg_52_/D (v) checked with  leading edge of 'CLK'
Beginpoint: B_reg_Y_temp_reg_1_/QN (^) triggered by  leading edge of 'CLK'
Path Groups: {CLK}
Analysis View: default
Other End Arrival Time          0.066
- Setup                         0.025
+ Phase Shift                   4.496
+ CPPR Adjustment               0.000
- Uncertainty                   0.050
= Required Time                 4.486
- Arrival Time                  3.490
= Slack Time                    0.997
     Clock Rise Edge                 0.000
     + Clock Network Latency (Prop)  0.052
     = Beginpoint Arrival Time       0.052
     +------------------------------------------------------------------------------+ 
     |       Instance       |     Arc      |   Cell    | Delay | Arrival | Required | 
     |                      |              |           |       |  Time   |   Time   | 
     |----------------------+--------------+-----------+-------+---------+----------| 
     | B_reg_Y_temp_reg_1_  | CK ^         |           |       |   0.052 |    1.049 | 
     | B_reg_Y_temp_reg_1_  | CK ^ -> QN ^ | DFF_X1    | 0.101 |   0.153 |    1.150 | 
     | FE_OFC69_B_i_1       | A ^ -> Z ^   | CLKBUF_X1 | 0.139 |   0.292 |    1.289 | 
     | U1606                | A1 ^ -> ZN ^ | AND2_X1   | 0.121 |   0.413 |    1.409 | 
     | U1787                | A ^ -> ZN v  | INV_X1    | 0.075 |   0.488 |    1.485 | 
     | U1955                | A2 v -> ZN ^ | OAI22_X1  | 0.067 |   0.555 |    1.551 | 
     | U1956                | A2 ^ -> ZN v | NOR2_X1   | 0.019 |   0.574 |    1.570 | 
     | U4201                | A1 v -> ZN ^ | NOR2_X1   | 0.029 |   0.603 |    1.599 | 
     | U4202                | A ^ -> Z ^   | XOR2_X1   | 0.059 |   0.662 |    1.658 | 
     | U4204                | A1 ^ -> ZN v | NOR2_X1   | 0.018 |   0.679 |    1.676 | 
     | intadd_1720_U61      | CI v -> CO v | FA_X1     | 0.072 |   0.751 |    1.748 | 
     | intadd_1720_U60      | CI v -> CO v | FA_X1     | 0.081 |   0.833 |    1.829 | 
     | U1990                | CI v -> CO v | FA_X1     | 0.080 |   0.913 |    1.909 | 
     | U1992                | B1 v -> ZN ^ | OAI21_X1  | 0.031 |   0.944 |    1.940 | 
     | U1994                | A1 ^ -> ZN v | NAND2_X1  | 0.019 |   0.962 |    1.959 | 
     | intadd_1720_U57      | CI v -> CO v | FA_X1     | 0.071 |   1.033 |    2.030 | 
     | intadd_1720_U56      | CI v -> CO v | FA_X1     | 0.074 |   1.107 |    2.104 | 
     | intadd_1720_U55      | A v -> CO v  | FA_X1     | 0.085 |   1.193 |    2.189 | 
     | U3667                | A2 v -> ZN ^ | NAND2_X1  | 0.022 |   1.214 |    2.211 | 
     | U3668                | A3 ^ -> ZN v | NAND3_X1  | 0.033 |   1.247 |    2.244 | 
     | U3675                | A2 v -> ZN ^ | NAND2_X1  | 0.023 |   1.270 |    2.267 | 
     | U3676                | A3 ^ -> ZN v | NAND3_X1  | 0.033 |   1.303 |    2.299 | 
     | U3680                | A1 v -> ZN ^ | NAND2_X1  | 0.020 |   1.322 |    2.319 | 
     | U3682                | A2 ^ -> ZN v | NAND3_X1  | 0.024 |   1.346 |    2.343 | 
     | intadd_1720_U51      | CI v -> CO v | FA_X1     | 0.081 |   1.427 |    2.424 | 
     | U1943                | CI v -> CO v | FA_X1     | 0.075 |   1.502 |    2.499 | 
     | U1948                | A2 v -> ZN ^ | NAND2_X1  | 0.020 |   1.522 |    2.519 | 
     | U1785                | A1 ^ -> ZN v | NAND2_X1  | 0.018 |   1.540 |    2.537 | 
     | U1637                | A1 v -> ZN ^ | NAND2_X1  | 0.016 |   1.557 |    2.553 | 
     | U1723                | A1 ^ -> ZN v | NAND2_X1  | 0.016 |   1.573 |    2.569 | 
     | U3156                | A1 v -> ZN ^ | NAND2_X1  | 0.014 |   1.587 |    2.583 | 
     | U3157                | A1 ^ -> ZN v | NAND2_X1  | 0.020 |   1.607 |    2.604 | 
     | U3159                | A1 v -> ZN ^ | NAND2_X1  | 0.015 |   1.622 |    2.619 | 
     | U1489                | A2 ^ -> ZN ^ | AND3_X1   | 0.053 |   1.675 |    2.671 | 
     | U3161                | B1 ^ -> ZN v | OAI21_X1  | 0.025 |   1.700 |    2.696 | 
     | U3163                | A1 v -> ZN ^ | NAND2_X1  | 0.016 |   1.716 |    2.713 | 
     | U1488                | A2 ^ -> ZN ^ | AND3_X1   | 0.052 |   1.768 |    2.764 | 
     | U3165                | B2 ^ -> ZN v | OAI21_X1  | 0.025 |   1.793 |    2.789 | 
     | intadd_1720_U42      | CI v -> CO v | FA_X1     | 0.078 |   1.871 |    2.868 | 
     | intadd_1720_U41      | CI v -> CO v | FA_X1     | 0.075 |   1.946 |    2.942 | 
     | intadd_1720_U40      | CI v -> CO v | FA_X1     | 0.073 |   2.018 |    3.015 | 
     | intadd_1720_U39      | CI v -> CO v | FA_X1     | 0.071 |   2.090 |    3.086 | 
     | intadd_1720_U38      | CI v -> CO v | FA_X1     | 0.078 |   2.167 |    3.164 | 
     | U1782                | A2 v -> ZN ^ | NAND2_X1  | 0.022 |   2.189 |    3.186 | 
     | U1781                | A1 ^ -> ZN v | NAND2_X1  | 0.018 |   2.207 |    3.203 | 
     | intadd_1720_U35      | CI v -> CO v | FA_X1     | 0.077 |   2.283 |    3.280 | 
     | intadd_1720_U34      | CI v -> CO v | FA_X1     | 0.075 |   2.358 |    3.355 | 
     | intadd_1720_U33      | CI v -> CO v | FA_X1     | 0.075 |   2.434 |    3.430 | 
     | intadd_1720_U32      | CI v -> CO v | FA_X1     | 0.078 |   2.512 |    3.508 | 
     | intadd_1720_U31      | CI v -> CO v | FA_X1     | 0.079 |   2.591 |    3.587 | 
     | intadd_1720_U30      | CI v -> CO v | FA_X1     | 0.073 |   2.664 |    3.661 | 
     | intadd_1720_U29      | CI v -> CO v | FA_X1     | 0.072 |   2.736 |    3.733 | 
     | intadd_1720_U28      | CI v -> CO v | FA_X1     | 0.072 |   2.808 |    3.805 | 
     | intadd_1720_U27      | CI v -> CO v | FA_X1     | 0.073 |   2.881 |    3.878 | 
     | intadd_1720_U26      | CI v -> CO v | FA_X1     | 0.073 |   2.954 |    3.950 | 
     | intadd_1720_U25      | CI v -> CO v | FA_X1     | 0.076 |   3.030 |    4.027 | 
     | intadd_1720_U24      | CI v -> CO v | FA_X1     | 0.073 |   3.103 |    4.100 | 
     | intadd_1720_U23      | CI v -> CO v | FA_X1     | 0.087 |   3.190 |    4.187 | 
     | U1634                | A v -> ZN ^  | INV_X1    | 0.024 |   3.214 |    4.210 | 
     | U1507                | C2 ^ -> ZN v | OAI211_X1 | 0.035 |   3.248 |    4.245 | 
     | U1629                | A2 v -> ZN ^ | NAND2_X1  | 0.029 |   3.277 |    4.274 | 
     | U1698                | A1 ^ -> ZN v | NAND2_X1  | 0.023 |   3.300 |    4.296 | 
     | U1778                | A1 v -> ZN ^ | NAND2_X1  | 0.015 |   3.314 |    4.311 | 
     | U1693                | A1 ^ -> ZN ^ | AND2_X1   | 0.039 |   3.354 |    4.350 | 
     | U1658                | A2 ^ -> ZN ^ | OR2_X1    | 0.027 |   3.380 |    4.377 | 
     | U1687                | A1 ^ -> ZN v | NAND2_X1  | 0.014 |   3.394 |    4.391 | 
     | U3150                | A v -> ZN v  | XNOR2_X1  | 0.039 |   3.433 |    4.430 | 
     | U25                  | B2 v -> ZN ^ | AOI22_X1  | 0.048 |   3.481 |    4.478 | 
     | U26                  | A ^ -> ZN v  | INV_X1    | 0.008 |   3.490 |    4.486 | 
     | p_reg_Y_temp_reg_52_ | D v          | DFF_X1    | 0.000 |   3.490 |    4.486 | 
     +------------------------------------------------------------------------------+ 
Path 4: MET Setup Check with Pin p_reg_Y_temp_reg_63_/CK 
Endpoint:   p_reg_Y_temp_reg_63_/D (v) checked with  leading edge of 'CLK'
Beginpoint: B_reg_Y_temp_reg_1_/QN (^) triggered by  leading edge of 'CLK'
Path Groups: {CLK}
Analysis View: default
Other End Arrival Time          0.067
- Setup                         0.025
+ Phase Shift                   4.496
+ CPPR Adjustment               0.000
- Uncertainty                   0.050
= Required Time                 4.487
- Arrival Time                  3.485
= Slack Time                    1.003
     Clock Rise Edge                 0.000
     + Clock Network Latency (Prop)  0.052
     = Beginpoint Arrival Time       0.052
     +------------------------------------------------------------------------------+ 
     |       Instance       |     Arc      |   Cell    | Delay | Arrival | Required | 
     |                      |              |           |       |  Time   |   Time   | 
     |----------------------+--------------+-----------+-------+---------+----------| 
     | B_reg_Y_temp_reg_1_  | CK ^         |           |       |   0.052 |    1.055 | 
     | B_reg_Y_temp_reg_1_  | CK ^ -> QN ^ | DFF_X1    | 0.101 |   0.153 |    1.156 | 
     | FE_OFC69_B_i_1       | A ^ -> Z ^   | CLKBUF_X1 | 0.139 |   0.292 |    1.295 | 
     | U1606                | A1 ^ -> ZN ^ | AND2_X1   | 0.121 |   0.413 |    1.415 | 
     | U1787                | A ^ -> ZN v  | INV_X1    | 0.075 |   0.488 |    1.491 | 
     | U1955                | A2 v -> ZN ^ | OAI22_X1  | 0.067 |   0.555 |    1.557 | 
     | U1956                | A2 ^ -> ZN v | NOR2_X1   | 0.019 |   0.574 |    1.576 | 
     | U4201                | A1 v -> ZN ^ | NOR2_X1   | 0.029 |   0.603 |    1.606 | 
     | U4202                | A ^ -> Z ^   | XOR2_X1   | 0.059 |   0.662 |    1.664 | 
     | U4204                | A1 ^ -> ZN v | NOR2_X1   | 0.018 |   0.679 |    1.682 | 
     | intadd_1720_U61      | CI v -> CO v | FA_X1     | 0.072 |   0.751 |    1.754 | 
     | intadd_1720_U60      | CI v -> CO v | FA_X1     | 0.081 |   0.833 |    1.835 | 
     | U1990                | CI v -> CO v | FA_X1     | 0.080 |   0.913 |    1.916 | 
     | U1992                | B1 v -> ZN ^ | OAI21_X1  | 0.031 |   0.944 |    1.946 | 
     | U1994                | A1 ^ -> ZN v | NAND2_X1  | 0.019 |   0.962 |    1.965 | 
     | intadd_1720_U57      | CI v -> CO v | FA_X1     | 0.071 |   1.033 |    2.036 | 
     | intadd_1720_U56      | CI v -> CO v | FA_X1     | 0.074 |   1.107 |    2.110 | 
     | intadd_1720_U55      | A v -> CO v  | FA_X1     | 0.085 |   1.193 |    2.195 | 
     | U3667                | A2 v -> ZN ^ | NAND2_X1  | 0.022 |   1.214 |    2.217 | 
     | U3668                | A3 ^ -> ZN v | NAND3_X1  | 0.033 |   1.247 |    2.250 | 
     | U3675                | A2 v -> ZN ^ | NAND2_X1  | 0.023 |   1.270 |    2.273 | 
     | U3676                | A3 ^ -> ZN v | NAND3_X1  | 0.033 |   1.303 |    2.306 | 
     | U3680                | A1 v -> ZN ^ | NAND2_X1  | 0.020 |   1.322 |    2.325 | 
     | U3682                | A2 ^ -> ZN v | NAND3_X1  | 0.024 |   1.346 |    2.349 | 
     | intadd_1720_U51      | CI v -> CO v | FA_X1     | 0.081 |   1.427 |    2.430 | 
     | U1943                | CI v -> CO v | FA_X1     | 0.075 |   1.502 |    2.505 | 
     | U1948                | A2 v -> ZN ^ | NAND2_X1  | 0.020 |   1.522 |    2.525 | 
     | U1785                | A1 ^ -> ZN v | NAND2_X1  | 0.018 |   1.540 |    2.543 | 
     | U1637                | A1 v -> ZN ^ | NAND2_X1  | 0.016 |   1.557 |    2.559 | 
     | U1723                | A1 ^ -> ZN v | NAND2_X1  | 0.016 |   1.573 |    2.575 | 
     | U3156                | A1 v -> ZN ^ | NAND2_X1  | 0.014 |   1.587 |    2.589 | 
     | U3157                | A1 ^ -> ZN v | NAND2_X1  | 0.020 |   1.607 |    2.610 | 
     | U3159                | A1 v -> ZN ^ | NAND2_X1  | 0.015 |   1.622 |    2.625 | 
     | U1489                | A2 ^ -> ZN ^ | AND3_X1   | 0.053 |   1.675 |    2.677 | 
     | U3161                | B1 ^ -> ZN v | OAI21_X1  | 0.025 |   1.700 |    2.702 | 
     | U3163                | A1 v -> ZN ^ | NAND2_X1  | 0.016 |   1.716 |    2.719 | 
     | U1488                | A2 ^ -> ZN ^ | AND3_X1   | 0.052 |   1.768 |    2.770 | 
     | U3165                | B2 ^ -> ZN v | OAI21_X1  | 0.025 |   1.793 |    2.795 | 
     | intadd_1720_U42      | CI v -> CO v | FA_X1     | 0.078 |   1.871 |    2.874 | 
     | intadd_1720_U41      | CI v -> CO v | FA_X1     | 0.075 |   1.946 |    2.948 | 
     | intadd_1720_U40      | CI v -> CO v | FA_X1     | 0.073 |   2.018 |    3.021 | 
     | intadd_1720_U39      | CI v -> CO v | FA_X1     | 0.071 |   2.090 |    3.092 | 
     | intadd_1720_U38      | CI v -> CO v | FA_X1     | 0.078 |   2.167 |    3.170 | 
     | U1782                | A2 v -> ZN ^ | NAND2_X1  | 0.022 |   2.189 |    3.192 | 
     | U1781                | A1 ^ -> ZN v | NAND2_X1  | 0.018 |   2.207 |    3.209 | 
     | intadd_1720_U35      | CI v -> CO v | FA_X1     | 0.077 |   2.283 |    3.286 | 
     | intadd_1720_U34      | CI v -> CO v | FA_X1     | 0.075 |   2.358 |    3.361 | 
     | intadd_1720_U33      | CI v -> CO v | FA_X1     | 0.075 |   2.434 |    3.436 | 
     | intadd_1720_U32      | CI v -> CO v | FA_X1     | 0.078 |   2.512 |    3.514 | 
     | intadd_1720_U31      | CI v -> CO v | FA_X1     | 0.079 |   2.591 |    3.594 | 
     | intadd_1720_U30      | CI v -> CO v | FA_X1     | 0.073 |   2.664 |    3.667 | 
     | intadd_1720_U29      | CI v -> CO v | FA_X1     | 0.072 |   2.736 |    3.739 | 
     | intadd_1720_U28      | CI v -> CO v | FA_X1     | 0.072 |   2.808 |    3.811 | 
     | intadd_1720_U27      | CI v -> CO v | FA_X1     | 0.073 |   2.881 |    3.884 | 
     | intadd_1720_U26      | CI v -> CO v | FA_X1     | 0.073 |   2.954 |    3.957 | 
     | intadd_1720_U25      | CI v -> CO v | FA_X1     | 0.076 |   3.030 |    4.033 | 
     | intadd_1720_U24      | CI v -> CO v | FA_X1     | 0.073 |   3.103 |    4.106 | 
     | intadd_1720_U23      | CI v -> CO v | FA_X1     | 0.087 |   3.190 |    4.193 | 
     | U1634                | A v -> ZN ^  | INV_X1    | 0.024 |   3.214 |    4.216 | 
     | U1507                | C2 ^ -> ZN v | OAI211_X1 | 0.035 |   3.248 |    4.251 | 
     | U1561                | A2 v -> ZN ^ | NAND4_X1  | 0.028 |   3.276 |    4.279 | 
     | U1699                | A1 ^ -> ZN v | NAND2_X1  | 0.025 |   3.301 |    4.304 | 
     | U1776                | A1 v -> ZN ^ | NAND2_X1  | 0.022 |   3.323 |    4.325 | 
     | U1555                | A1 ^ -> ZN ^ | AND2_X1   | 0.031 |   3.354 |    4.357 | 
     | U1552                | B2 ^ -> ZN v | AOI22_X1  | 0.023 |   3.377 |    4.380 | 
     | U1643                | A1 v -> ZN ^ | NAND2_X1  | 0.018 |   3.395 |    4.398 | 
     | U1769                | A1 ^ -> ZN v | NAND2_X1  | 0.014 |   3.409 |    4.412 | 
     | U3138                | A v -> ZN v  | XNOR2_X1  | 0.039 |   3.448 |    4.451 | 
     | U3139                | A1 v -> ZN ^ | NAND2_X1  | 0.019 |   3.467 |    4.470 | 
     | U4636                | A1 ^ -> ZN v | NAND2_X1  | 0.017 |   3.485 |    4.487 | 
     | p_reg_Y_temp_reg_63_ | D v          | DFFS_X1   | 0.000 |   3.485 |    4.487 | 
     +------------------------------------------------------------------------------+ 
Path 5: MET Setup Check with Pin p_reg_Y_temp_reg_59_/CK 
Endpoint:   p_reg_Y_temp_reg_59_/D (^) checked with  leading edge of 'CLK'
Beginpoint: B_reg_Y_temp_reg_1_/QN (^) triggered by  leading edge of 'CLK'
Path Groups: {CLK}
Analysis View: default
Other End Arrival Time          0.068
- Setup                         0.031
+ Phase Shift                   4.496
+ CPPR Adjustment               0.000
- Uncertainty                   0.050
= Required Time                 4.482
- Arrival Time                  3.472
= Slack Time                    1.010
     Clock Rise Edge                 0.000
     + Clock Network Latency (Prop)  0.052
     = Beginpoint Arrival Time       0.052
     +------------------------------------------------------------------------------+ 
     |       Instance       |     Arc      |   Cell    | Delay | Arrival | Required | 
     |                      |              |           |       |  Time   |   Time   | 
     |----------------------+--------------+-----------+-------+---------+----------| 
     | B_reg_Y_temp_reg_1_  | CK ^         |           |       |   0.052 |    1.062 | 
     | B_reg_Y_temp_reg_1_  | CK ^ -> QN ^ | DFF_X1    | 0.101 |   0.153 |    1.163 | 
     | FE_OFC69_B_i_1       | A ^ -> Z ^   | CLKBUF_X1 | 0.139 |   0.292 |    1.302 | 
     | U1606                | A1 ^ -> ZN ^ | AND2_X1   | 0.121 |   0.413 |    1.423 | 
     | U1787                | A ^ -> ZN v  | INV_X1    | 0.075 |   0.488 |    1.498 | 
     | U1955                | A2 v -> ZN ^ | OAI22_X1  | 0.067 |   0.555 |    1.564 | 
     | U1956                | A2 ^ -> ZN v | NOR2_X1   | 0.019 |   0.574 |    1.584 | 
     | U4201                | A1 v -> ZN ^ | NOR2_X1   | 0.029 |   0.603 |    1.613 | 
     | U4202                | A ^ -> Z ^   | XOR2_X1   | 0.059 |   0.662 |    1.672 | 
     | U4204                | A1 ^ -> ZN v | NOR2_X1   | 0.018 |   0.679 |    1.689 | 
     | intadd_1720_U61      | CI v -> CO v | FA_X1     | 0.072 |   0.751 |    1.761 | 
     | intadd_1720_U60      | CI v -> CO v | FA_X1     | 0.081 |   0.833 |    1.842 | 
     | U1990                | CI v -> CO v | FA_X1     | 0.080 |   0.913 |    1.923 | 
     | U1992                | B1 v -> ZN ^ | OAI21_X1  | 0.031 |   0.944 |    1.954 | 
     | U1994                | A1 ^ -> ZN v | NAND2_X1  | 0.019 |   0.962 |    1.972 | 
     | intadd_1720_U57      | CI v -> CO v | FA_X1     | 0.071 |   1.033 |    2.043 | 
     | intadd_1720_U56      | CI v -> CO v | FA_X1     | 0.074 |   1.107 |    2.117 | 
     | intadd_1720_U55      | A v -> CO v  | FA_X1     | 0.085 |   1.193 |    2.203 | 
     | U3667                | A2 v -> ZN ^ | NAND2_X1  | 0.022 |   1.214 |    2.224 | 
     | U3668                | A3 ^ -> ZN v | NAND3_X1  | 0.033 |   1.247 |    2.257 | 
     | U3675                | A2 v -> ZN ^ | NAND2_X1  | 0.023 |   1.270 |    2.280 | 
     | U3676                | A3 ^ -> ZN v | NAND3_X1  | 0.033 |   1.303 |    2.313 | 
     | U3680                | A1 v -> ZN ^ | NAND2_X1  | 0.020 |   1.322 |    2.332 | 
     | U3682                | A2 ^ -> ZN v | NAND3_X1  | 0.024 |   1.346 |    2.356 | 
     | intadd_1720_U51      | CI v -> CO v | FA_X1     | 0.081 |   1.427 |    2.437 | 
     | U1943                | CI v -> CO v | FA_X1     | 0.075 |   1.502 |    2.512 | 
     | U1948                | A2 v -> ZN ^ | NAND2_X1  | 0.020 |   1.522 |    2.532 | 
     | U1785                | A1 ^ -> ZN v | NAND2_X1  | 0.018 |   1.540 |    2.550 | 
     | U1637                | A1 v -> ZN ^ | NAND2_X1  | 0.016 |   1.557 |    2.566 | 
     | U1723                | A1 ^ -> ZN v | NAND2_X1  | 0.016 |   1.573 |    2.582 | 
     | U3156                | A1 v -> ZN ^ | NAND2_X1  | 0.014 |   1.587 |    2.597 | 
     | U3157                | A1 ^ -> ZN v | NAND2_X1  | 0.020 |   1.607 |    2.617 | 
     | U3159                | A1 v -> ZN ^ | NAND2_X1  | 0.015 |   1.622 |    2.632 | 
     | U1489                | A2 ^ -> ZN ^ | AND3_X1   | 0.053 |   1.675 |    2.684 | 
     | U3161                | B1 ^ -> ZN v | OAI21_X1  | 0.025 |   1.700 |    2.710 | 
     | U3163                | A1 v -> ZN ^ | NAND2_X1  | 0.016 |   1.716 |    2.726 | 
     | U1488                | A2 ^ -> ZN ^ | AND3_X1   | 0.052 |   1.768 |    2.777 | 
     | U3165                | B2 ^ -> ZN v | OAI21_X1  | 0.025 |   1.793 |    2.803 | 
     | intadd_1720_U42      | CI v -> CO v | FA_X1     | 0.078 |   1.871 |    2.881 | 
     | intadd_1720_U41      | CI v -> CO v | FA_X1     | 0.075 |   1.946 |    2.956 | 
     | intadd_1720_U40      | CI v -> CO v | FA_X1     | 0.073 |   2.018 |    3.028 | 
     | intadd_1720_U39      | CI v -> CO v | FA_X1     | 0.071 |   2.090 |    3.100 | 
     | intadd_1720_U38      | CI v -> CO v | FA_X1     | 0.078 |   2.167 |    3.177 | 
     | U1782                | A2 v -> ZN ^ | NAND2_X1  | 0.022 |   2.189 |    3.199 | 
     | U1781                | A1 ^ -> ZN v | NAND2_X1  | 0.018 |   2.207 |    3.217 | 
     | intadd_1720_U35      | CI v -> CO v | FA_X1     | 0.077 |   2.283 |    3.293 | 
     | intadd_1720_U34      | CI v -> CO v | FA_X1     | 0.075 |   2.358 |    3.368 | 
     | intadd_1720_U33      | CI v -> CO v | FA_X1     | 0.075 |   2.434 |    3.443 | 
     | intadd_1720_U32      | CI v -> CO v | FA_X1     | 0.078 |   2.512 |    3.522 | 
     | intadd_1720_U31      | CI v -> CO v | FA_X1     | 0.079 |   2.591 |    3.601 | 
     | intadd_1720_U30      | CI v -> CO v | FA_X1     | 0.073 |   2.664 |    3.674 | 
     | intadd_1720_U29      | CI v -> CO v | FA_X1     | 0.072 |   2.736 |    3.746 | 
     | intadd_1720_U28      | CI v -> CO v | FA_X1     | 0.072 |   2.808 |    3.818 | 
     | intadd_1720_U27      | CI v -> CO v | FA_X1     | 0.073 |   2.881 |    3.891 | 
     | intadd_1720_U26      | CI v -> CO v | FA_X1     | 0.073 |   2.954 |    3.964 | 
     | intadd_1720_U25      | CI v -> CO v | FA_X1     | 0.076 |   3.030 |    4.040 | 
     | intadd_1720_U24      | CI v -> CO v | FA_X1     | 0.073 |   3.103 |    4.113 | 
     | intadd_1720_U23      | CI v -> CO v | FA_X1     | 0.087 |   3.190 |    4.200 | 
     | U1634                | A v -> ZN ^  | INV_X1    | 0.024 |   3.214 |    4.224 | 
     | U1507                | C2 ^ -> ZN v | OAI211_X1 | 0.035 |   3.248 |    4.258 | 
     | U1561                | A2 v -> ZN ^ | NAND4_X1  | 0.028 |   3.276 |    4.286 | 
     | U1699                | A1 ^ -> ZN v | NAND2_X1  | 0.025 |   3.301 |    4.311 | 
     | U1776                | A1 v -> ZN ^ | NAND2_X1  | 0.022 |   3.323 |    4.332 | 
     | U1652                | A1 ^ -> ZN v | NAND4_X1  | 0.041 |   3.364 |    4.374 | 
     | U3698                | B v -> Z v   | XOR2_X1   | 0.064 |   3.428 |    4.437 | 
     | U11                  | B2 v -> ZN ^ | AOI22_X1  | 0.045 |   3.472 |    4.482 | 
     | p_reg_Y_temp_reg_59_ | D ^          | DFFS_X1   | 0.000 |   3.472 |    4.482 | 
     +------------------------------------------------------------------------------+ 
Path 6: MET Setup Check with Pin p_reg_Y_temp_reg_48_/CK 
Endpoint:   p_reg_Y_temp_reg_48_/D (v) checked with  leading edge of 'CLK'
Beginpoint: B_reg_Y_temp_reg_1_/QN (^) triggered by  leading edge of 'CLK'
Path Groups: {CLK}
Analysis View: default
Other End Arrival Time          0.066
- Setup                         0.025
+ Phase Shift                   4.496
+ CPPR Adjustment               0.000
- Uncertainty                   0.050
= Required Time                 4.486
- Arrival Time                  3.469
= Slack Time                    1.017
     Clock Rise Edge                 0.000
     + Clock Network Latency (Prop)  0.052
     = Beginpoint Arrival Time       0.052
     +------------------------------------------------------------------------------+ 
     |       Instance       |     Arc      |   Cell    | Delay | Arrival | Required | 
     |                      |              |           |       |  Time   |   Time   | 
     |----------------------+--------------+-----------+-------+---------+----------| 
     | B_reg_Y_temp_reg_1_  | CK ^         |           |       |   0.052 |    1.069 | 
     | B_reg_Y_temp_reg_1_  | CK ^ -> QN ^ | DFF_X1    | 0.101 |   0.153 |    1.170 | 
     | FE_OFC69_B_i_1       | A ^ -> Z ^   | CLKBUF_X1 | 0.139 |   0.292 |    1.309 | 
     | U1606                | A1 ^ -> ZN ^ | AND2_X1   | 0.121 |   0.413 |    1.430 | 
     | U1787                | A ^ -> ZN v  | INV_X1    | 0.075 |   0.488 |    1.505 | 
     | U1955                | A2 v -> ZN ^ | OAI22_X1  | 0.067 |   0.555 |    1.572 | 
     | U1956                | A2 ^ -> ZN v | NOR2_X1   | 0.019 |   0.574 |    1.591 | 
     | U4201                | A1 v -> ZN ^ | NOR2_X1   | 0.029 |   0.603 |    1.620 | 
     | U4202                | A ^ -> Z ^   | XOR2_X1   | 0.059 |   0.662 |    1.679 | 
     | U4204                | A1 ^ -> ZN v | NOR2_X1   | 0.018 |   0.679 |    1.696 | 
     | intadd_1720_U61      | CI v -> CO v | FA_X1     | 0.072 |   0.751 |    1.768 | 
     | intadd_1720_U60      | CI v -> CO v | FA_X1     | 0.081 |   0.833 |    1.850 | 
     | U1990                | CI v -> CO v | FA_X1     | 0.080 |   0.913 |    1.930 | 
     | U1992                | B1 v -> ZN ^ | OAI21_X1  | 0.031 |   0.944 |    1.961 | 
     | U1994                | A1 ^ -> ZN v | NAND2_X1  | 0.019 |   0.962 |    1.979 | 
     | intadd_1720_U57      | CI v -> CO v | FA_X1     | 0.071 |   1.033 |    2.050 | 
     | intadd_1720_U56      | CI v -> CO v | FA_X1     | 0.074 |   1.107 |    2.125 | 
     | intadd_1720_U55      | A v -> CO v  | FA_X1     | 0.085 |   1.193 |    2.210 | 
     | U3667                | A2 v -> ZN ^ | NAND2_X1  | 0.022 |   1.214 |    2.231 | 
     | U3668                | A3 ^ -> ZN v | NAND3_X1  | 0.033 |   1.247 |    2.265 | 
     | U3675                | A2 v -> ZN ^ | NAND2_X1  | 0.023 |   1.270 |    2.287 | 
     | U3676                | A3 ^ -> ZN v | NAND3_X1  | 0.033 |   1.303 |    2.320 | 
     | U3680                | A1 v -> ZN ^ | NAND2_X1  | 0.020 |   1.322 |    2.340 | 
     | U3682                | A2 ^ -> ZN v | NAND3_X1  | 0.024 |   1.346 |    2.363 | 
     | intadd_1720_U51      | CI v -> CO v | FA_X1     | 0.081 |   1.427 |    2.444 | 
     | U1943                | CI v -> CO v | FA_X1     | 0.075 |   1.502 |    2.519 | 
     | U1948                | A2 v -> ZN ^ | NAND2_X1  | 0.020 |   1.522 |    2.539 | 
     | U1785                | A1 ^ -> ZN v | NAND2_X1  | 0.018 |   1.540 |    2.557 | 
     | U1637                | A1 v -> ZN ^ | NAND2_X1  | 0.016 |   1.557 |    2.574 | 
     | U1723                | A1 ^ -> ZN v | NAND2_X1  | 0.016 |   1.573 |    2.590 | 
     | U3156                | A1 v -> ZN ^ | NAND2_X1  | 0.014 |   1.587 |    2.604 | 
     | U3157                | A1 ^ -> ZN v | NAND2_X1  | 0.020 |   1.607 |    2.624 | 
     | U3159                | A1 v -> ZN ^ | NAND2_X1  | 0.015 |   1.622 |    2.639 | 
     | U1489                | A2 ^ -> ZN ^ | AND3_X1   | 0.053 |   1.675 |    2.692 | 
     | U3161                | B1 ^ -> ZN v | OAI21_X1  | 0.025 |   1.700 |    2.717 | 
     | U3163                | A1 v -> ZN ^ | NAND2_X1  | 0.016 |   1.716 |    2.733 | 
     | U1488                | A2 ^ -> ZN ^ | AND3_X1   | 0.052 |   1.768 |    2.785 | 
     | U3165                | B2 ^ -> ZN v | OAI21_X1  | 0.025 |   1.793 |    2.810 | 
     | intadd_1720_U42      | CI v -> CO v | FA_X1     | 0.078 |   1.871 |    2.888 | 
     | intadd_1720_U41      | CI v -> CO v | FA_X1     | 0.075 |   1.946 |    2.963 | 
     | intadd_1720_U40      | CI v -> CO v | FA_X1     | 0.073 |   2.018 |    3.035 | 
     | intadd_1720_U39      | CI v -> CO v | FA_X1     | 0.071 |   2.090 |    3.107 | 
     | intadd_1720_U38      | CI v -> CO v | FA_X1     | 0.078 |   2.167 |    3.184 | 
     | U1782                | A2 v -> ZN ^ | NAND2_X1  | 0.022 |   2.189 |    3.206 | 
     | U1781                | A1 ^ -> ZN v | NAND2_X1  | 0.018 |   2.207 |    3.224 | 
     | intadd_1720_U35      | CI v -> CO v | FA_X1     | 0.077 |   2.283 |    3.300 | 
     | intadd_1720_U34      | CI v -> CO v | FA_X1     | 0.075 |   2.358 |    3.375 | 
     | intadd_1720_U33      | CI v -> CO v | FA_X1     | 0.075 |   2.434 |    3.451 | 
     | intadd_1720_U32      | CI v -> CO v | FA_X1     | 0.078 |   2.512 |    3.529 | 
     | intadd_1720_U31      | CI v -> CO v | FA_X1     | 0.079 |   2.591 |    3.608 | 
     | intadd_1720_U30      | CI v -> CO v | FA_X1     | 0.073 |   2.664 |    3.681 | 
     | intadd_1720_U29      | CI v -> CO v | FA_X1     | 0.072 |   2.736 |    3.753 | 
     | intadd_1720_U28      | CI v -> CO v | FA_X1     | 0.072 |   2.808 |    3.825 | 
     | intadd_1720_U27      | CI v -> CO v | FA_X1     | 0.073 |   2.881 |    3.898 | 
     | intadd_1720_U26      | CI v -> CO v | FA_X1     | 0.073 |   2.954 |    3.971 | 
     | intadd_1720_U25      | CI v -> CO v | FA_X1     | 0.076 |   3.030 |    4.047 | 
     | intadd_1720_U24      | CI v -> CO v | FA_X1     | 0.073 |   3.103 |    4.120 | 
     | intadd_1720_U23      | CI v -> CO v | FA_X1     | 0.087 |   3.190 |    4.207 | 
     | U1634                | A v -> ZN ^  | INV_X1    | 0.024 |   3.214 |    4.231 | 
     | U1660                | A1 ^ -> ZN ^ | OR2_X1    | 0.028 |   3.242 |    4.259 | 
     | U1764                | A1 ^ -> ZN v | NAND3_X1  | 0.018 |   3.260 |    4.277 | 
     | U1763                | A1 v -> ZN ^ | NAND2_X1  | 0.020 |   3.280 |    4.297 | 
     | U1655                | A2 ^ -> ZN ^ | OR2_X1    | 0.029 |   3.309 |    4.326 | 
     | U1630                | A2 ^ -> ZN ^ | OR2_X1    | 0.029 |   3.338 |    4.355 | 
     | U1690                | A1 ^ -> ZN v | NAND2_X1  | 0.015 |   3.353 |    4.371 | 
     | U3688                | B v -> Z v   | XOR2_X1   | 0.058 |   3.412 |    4.429 | 
     | U33                  | B2 v -> ZN ^ | AOI22_X1  | 0.049 |   3.461 |    4.478 | 
     | U34                  | A ^ -> ZN v  | INV_X1    | 0.008 |   3.469 |    4.486 | 
     | p_reg_Y_temp_reg_48_ | D v          | DFF_X1    | 0.000 |   3.469 |    4.486 | 
     +------------------------------------------------------------------------------+ 
Path 7: MET Setup Check with Pin p_reg_Y_temp_reg_53_/CK 
Endpoint:   p_reg_Y_temp_reg_53_/D (^) checked with  leading edge of 'CLK'
Beginpoint: B_reg_Y_temp_reg_1_/QN (^) triggered by  leading edge of 'CLK'
Path Groups: {CLK}
Analysis View: default
Other End Arrival Time          0.066
- Setup                         0.027
+ Phase Shift                   4.496
+ CPPR Adjustment               0.000
- Uncertainty                   0.050
= Required Time                 4.485
- Arrival Time                  3.466
= Slack Time                    1.018
     Clock Rise Edge                 0.000
     + Clock Network Latency (Prop)  0.052
     = Beginpoint Arrival Time       0.052
     +------------------------------------------------------------------------------+ 
     |       Instance       |     Arc      |   Cell    | Delay | Arrival | Required | 
     |                      |              |           |       |  Time   |   Time   | 
     |----------------------+--------------+-----------+-------+---------+----------| 
     | B_reg_Y_temp_reg_1_  | CK ^         |           |       |   0.052 |    1.071 | 
     | B_reg_Y_temp_reg_1_  | CK ^ -> QN ^ | DFF_X1    | 0.101 |   0.153 |    1.172 | 
     | FE_OFC69_B_i_1       | A ^ -> Z ^   | CLKBUF_X1 | 0.139 |   0.292 |    1.310 | 
     | U1606                | A1 ^ -> ZN ^ | AND2_X1   | 0.121 |   0.413 |    1.431 | 
     | U1787                | A ^ -> ZN v  | INV_X1    | 0.075 |   0.488 |    1.506 | 
     | U1955                | A2 v -> ZN ^ | OAI22_X1  | 0.067 |   0.555 |    1.573 | 
     | U1956                | A2 ^ -> ZN v | NOR2_X1   | 0.019 |   0.574 |    1.592 | 
     | U4201                | A1 v -> ZN ^ | NOR2_X1   | 0.029 |   0.603 |    1.621 | 
     | U4202                | A ^ -> Z ^   | XOR2_X1   | 0.059 |   0.662 |    1.680 | 
     | U4204                | A1 ^ -> ZN v | NOR2_X1   | 0.018 |   0.679 |    1.698 | 
     | intadd_1720_U61      | CI v -> CO v | FA_X1     | 0.072 |   0.751 |    1.770 | 
     | intadd_1720_U60      | CI v -> CO v | FA_X1     | 0.081 |   0.833 |    1.851 | 
     | U1990                | CI v -> CO v | FA_X1     | 0.080 |   0.913 |    1.931 | 
     | U1992                | B1 v -> ZN ^ | OAI21_X1  | 0.031 |   0.944 |    1.962 | 
     | U1994                | A1 ^ -> ZN v | NAND2_X1  | 0.019 |   0.962 |    1.981 | 
     | intadd_1720_U57      | CI v -> CO v | FA_X1     | 0.071 |   1.033 |    2.051 | 
     | intadd_1720_U56      | CI v -> CO v | FA_X1     | 0.074 |   1.107 |    2.126 | 
     | intadd_1720_U55      | A v -> CO v  | FA_X1     | 0.085 |   1.193 |    2.211 | 
     | U3667                | A2 v -> ZN ^ | NAND2_X1  | 0.022 |   1.214 |    2.233 | 
     | U3668                | A3 ^ -> ZN v | NAND3_X1  | 0.033 |   1.247 |    2.266 | 
     | U3675                | A2 v -> ZN ^ | NAND2_X1  | 0.023 |   1.270 |    2.289 | 
     | U3676                | A3 ^ -> ZN v | NAND3_X1  | 0.033 |   1.303 |    2.321 | 
     | U3680                | A1 v -> ZN ^ | NAND2_X1  | 0.020 |   1.322 |    2.341 | 
     | U3682                | A2 ^ -> ZN v | NAND3_X1  | 0.024 |   1.346 |    2.365 | 
     | intadd_1720_U51      | CI v -> CO v | FA_X1     | 0.081 |   1.427 |    2.445 | 
     | U1943                | CI v -> CO v | FA_X1     | 0.075 |   1.502 |    2.521 | 
     | U1948                | A2 v -> ZN ^ | NAND2_X1  | 0.020 |   1.522 |    2.540 | 
     | U1785                | A1 ^ -> ZN v | NAND2_X1  | 0.018 |   1.540 |    2.559 | 
     | U1637                | A1 v -> ZN ^ | NAND2_X1  | 0.016 |   1.557 |    2.575 | 
     | U1723                | A1 ^ -> ZN v | NAND2_X1  | 0.016 |   1.573 |    2.591 | 
     | U3156                | A1 v -> ZN ^ | NAND2_X1  | 0.014 |   1.587 |    2.605 | 
     | U3157                | A1 ^ -> ZN v | NAND2_X1  | 0.020 |   1.607 |    2.626 | 
     | U3159                | A1 v -> ZN ^ | NAND2_X1  | 0.015 |   1.622 |    2.640 | 
     | U1489                | A2 ^ -> ZN ^ | AND3_X1   | 0.053 |   1.675 |    2.693 | 
     | U3161                | B1 ^ -> ZN v | OAI21_X1  | 0.025 |   1.700 |    2.718 | 
     | U3163                | A1 v -> ZN ^ | NAND2_X1  | 0.016 |   1.716 |    2.734 | 
     | U1488                | A2 ^ -> ZN ^ | AND3_X1   | 0.052 |   1.768 |    2.786 | 
     | U3165                | B2 ^ -> ZN v | OAI21_X1  | 0.025 |   1.793 |    2.811 | 
     | intadd_1720_U42      | CI v -> CO v | FA_X1     | 0.078 |   1.871 |    2.889 | 
     | intadd_1720_U41      | CI v -> CO v | FA_X1     | 0.075 |   1.946 |    2.964 | 
     | intadd_1720_U40      | CI v -> CO v | FA_X1     | 0.073 |   2.018 |    3.037 | 
     | intadd_1720_U39      | CI v -> CO v | FA_X1     | 0.071 |   2.090 |    3.108 | 
     | intadd_1720_U38      | CI v -> CO v | FA_X1     | 0.078 |   2.167 |    3.186 | 
     | U1782                | A2 v -> ZN ^ | NAND2_X1  | 0.022 |   2.189 |    3.207 | 
     | U1781                | A1 ^ -> ZN v | NAND2_X1  | 0.018 |   2.207 |    3.225 | 
     | intadd_1720_U35      | CI v -> CO v | FA_X1     | 0.077 |   2.283 |    3.302 | 
     | intadd_1720_U34      | CI v -> CO v | FA_X1     | 0.075 |   2.358 |    3.377 | 
     | intadd_1720_U33      | CI v -> CO v | FA_X1     | 0.075 |   2.434 |    3.452 | 
     | intadd_1720_U32      | CI v -> CO v | FA_X1     | 0.078 |   2.512 |    3.530 | 
     | intadd_1720_U31      | CI v -> CO v | FA_X1     | 0.079 |   2.591 |    3.609 | 
     | intadd_1720_U30      | CI v -> CO v | FA_X1     | 0.073 |   2.664 |    3.683 | 
     | intadd_1720_U29      | CI v -> CO v | FA_X1     | 0.072 |   2.736 |    3.755 | 
     | intadd_1720_U28      | CI v -> CO v | FA_X1     | 0.072 |   2.808 |    3.826 | 
     | intadd_1720_U27      | CI v -> CO v | FA_X1     | 0.073 |   2.881 |    3.899 | 
     | intadd_1720_U26      | CI v -> CO v | FA_X1     | 0.073 |   2.954 |    3.972 | 
     | intadd_1720_U25      | CI v -> CO v | FA_X1     | 0.076 |   3.030 |    4.048 | 
     | intadd_1720_U24      | CI v -> CO v | FA_X1     | 0.073 |   3.103 |    4.122 | 
     | intadd_1720_U23      | CI v -> CO v | FA_X1     | 0.087 |   3.190 |    4.208 | 
     | U1634                | A v -> ZN ^  | INV_X1    | 0.024 |   3.214 |    4.232 | 
     | U1507                | C2 ^ -> ZN v | OAI211_X1 | 0.035 |   3.248 |    4.267 | 
     | U1629                | A2 v -> ZN ^ | NAND2_X1  | 0.029 |   3.277 |    4.295 | 
     | U1698                | A1 ^ -> ZN v | NAND2_X1  | 0.023 |   3.300 |    4.318 | 
     | U1778                | A1 v -> ZN ^ | NAND2_X1  | 0.015 |   3.314 |    4.333 | 
     | U1693                | A1 ^ -> ZN ^ | AND2_X1   | 0.039 |   3.354 |    4.372 | 
     | U1657                | A1 ^ -> ZN v | NAND2_X1  | 0.015 |   3.368 |    4.387 | 
     | U1686                | A1 v -> ZN ^ | NAND2_X1  | 0.016 |   3.385 |    4.403 | 
     | U3147                | A ^ -> ZN ^  | XNOR2_X1  | 0.039 |   3.424 |    4.443 | 
     | U23                  | B2 ^ -> ZN v | AOI22_X1  | 0.023 |   3.447 |    4.466 | 
     | U24                  | A v -> ZN ^  | INV_X1    | 0.019 |   3.466 |    4.485 | 
     | p_reg_Y_temp_reg_53_ | D ^          | DFF_X1    | 0.000 |   3.466 |    4.485 | 
     +------------------------------------------------------------------------------+ 
Path 8: MET Setup Check with Pin p_reg_Y_temp_reg_61_/CK 
Endpoint:   p_reg_Y_temp_reg_61_/D (^) checked with  leading edge of 'CLK'
Beginpoint: B_reg_Y_temp_reg_1_/QN (^) triggered by  leading edge of 'CLK'
Path Groups: {CLK}
Analysis View: default
Other End Arrival Time          0.068
- Setup                         0.028
+ Phase Shift                   4.496
+ CPPR Adjustment               0.000
- Uncertainty                   0.050
= Required Time                 4.486
- Arrival Time                  3.456
= Slack Time                    1.031
     Clock Rise Edge                 0.000
     + Clock Network Latency (Prop)  0.052
     = Beginpoint Arrival Time       0.052
     +------------------------------------------------------------------------------+ 
     |       Instance       |     Arc      |   Cell    | Delay | Arrival | Required | 
     |                      |              |           |       |  Time   |   Time   | 
     |----------------------+--------------+-----------+-------+---------+----------| 
     | B_reg_Y_temp_reg_1_  | CK ^         |           |       |   0.052 |    1.083 | 
     | B_reg_Y_temp_reg_1_  | CK ^ -> QN ^ | DFF_X1    | 0.101 |   0.153 |    1.184 | 
     | FE_OFC69_B_i_1       | A ^ -> Z ^   | CLKBUF_X1 | 0.139 |   0.292 |    1.323 | 
     | U1606                | A1 ^ -> ZN ^ | AND2_X1   | 0.121 |   0.413 |    1.443 | 
     | U1787                | A ^ -> ZN v  | INV_X1    | 0.075 |   0.488 |    1.519 | 
     | U1955                | A2 v -> ZN ^ | OAI22_X1  | 0.067 |   0.555 |    1.585 | 
     | U1956                | A2 ^ -> ZN v | NOR2_X1   | 0.019 |   0.574 |    1.604 | 
     | U4201                | A1 v -> ZN ^ | NOR2_X1   | 0.029 |   0.603 |    1.633 | 
     | U4202                | A ^ -> Z ^   | XOR2_X1   | 0.059 |   0.662 |    1.692 | 
     | U4204                | A1 ^ -> ZN v | NOR2_X1   | 0.018 |   0.679 |    1.710 | 
     | intadd_1720_U61      | CI v -> CO v | FA_X1     | 0.072 |   0.751 |    1.782 | 
     | intadd_1720_U60      | CI v -> CO v | FA_X1     | 0.081 |   0.833 |    1.863 | 
     | U1990                | CI v -> CO v | FA_X1     | 0.080 |   0.913 |    1.943 | 
     | U1992                | B1 v -> ZN ^ | OAI21_X1  | 0.031 |   0.944 |    1.974 | 
     | U1994                | A1 ^ -> ZN v | NAND2_X1  | 0.019 |   0.962 |    1.993 | 
     | intadd_1720_U57      | CI v -> CO v | FA_X1     | 0.071 |   1.033 |    2.064 | 
     | intadd_1720_U56      | CI v -> CO v | FA_X1     | 0.074 |   1.107 |    2.138 | 
     | intadd_1720_U55      | A v -> CO v  | FA_X1     | 0.085 |   1.193 |    2.223 | 
     | U3667                | A2 v -> ZN ^ | NAND2_X1  | 0.022 |   1.214 |    2.245 | 
     | U3668                | A3 ^ -> ZN v | NAND3_X1  | 0.033 |   1.247 |    2.278 | 
     | U3675                | A2 v -> ZN ^ | NAND2_X1  | 0.023 |   1.270 |    2.301 | 
     | U3676                | A3 ^ -> ZN v | NAND3_X1  | 0.033 |   1.303 |    2.333 | 
     | U3680                | A1 v -> ZN ^ | NAND2_X1  | 0.020 |   1.322 |    2.353 | 
     | U3682                | A2 ^ -> ZN v | NAND3_X1  | 0.024 |   1.346 |    2.377 | 
     | intadd_1720_U51      | CI v -> CO v | FA_X1     | 0.081 |   1.427 |    2.458 | 
     | U1943                | CI v -> CO v | FA_X1     | 0.075 |   1.502 |    2.533 | 
     | U1948                | A2 v -> ZN ^ | NAND2_X1  | 0.020 |   1.522 |    2.553 | 
     | U1785                | A1 ^ -> ZN v | NAND2_X1  | 0.018 |   1.540 |    2.571 | 
     | U1637                | A1 v -> ZN ^ | NAND2_X1  | 0.016 |   1.557 |    2.587 | 
     | U1723                | A1 ^ -> ZN v | NAND2_X1  | 0.016 |   1.573 |    2.603 | 
     | U3156                | A1 v -> ZN ^ | NAND2_X1  | 0.014 |   1.587 |    2.617 | 
     | U3157                | A1 ^ -> ZN v | NAND2_X1  | 0.020 |   1.607 |    2.638 | 
     | U3159                | A1 v -> ZN ^ | NAND2_X1  | 0.015 |   1.622 |    2.653 | 
     | U1489                | A2 ^ -> ZN ^ | AND3_X1   | 0.053 |   1.675 |    2.705 | 
     | U3161                | B1 ^ -> ZN v | OAI21_X1  | 0.025 |   1.700 |    2.730 | 
     | U3163                | A1 v -> ZN ^ | NAND2_X1  | 0.016 |   1.716 |    2.747 | 
     | U1488                | A2 ^ -> ZN ^ | AND3_X1   | 0.052 |   1.768 |    2.798 | 
     | U3165                | B2 ^ -> ZN v | OAI21_X1  | 0.025 |   1.793 |    2.823 | 
     | intadd_1720_U42      | CI v -> CO v | FA_X1     | 0.078 |   1.871 |    2.902 | 
     | intadd_1720_U41      | CI v -> CO v | FA_X1     | 0.075 |   1.946 |    2.976 | 
     | intadd_1720_U40      | CI v -> CO v | FA_X1     | 0.073 |   2.018 |    3.049 | 
     | intadd_1720_U39      | CI v -> CO v | FA_X1     | 0.071 |   2.090 |    3.120 | 
     | intadd_1720_U38      | CI v -> CO v | FA_X1     | 0.078 |   2.167 |    3.198 | 
     | U1782                | A2 v -> ZN ^ | NAND2_X1  | 0.022 |   2.189 |    3.220 | 
     | U1781                | A1 ^ -> ZN v | NAND2_X1  | 0.018 |   2.207 |    3.237 | 
     | intadd_1720_U35      | CI v -> CO v | FA_X1     | 0.077 |   2.283 |    3.314 | 
     | intadd_1720_U34      | CI v -> CO v | FA_X1     | 0.075 |   2.358 |    3.389 | 
     | intadd_1720_U33      | CI v -> CO v | FA_X1     | 0.075 |   2.434 |    3.464 | 
     | intadd_1720_U32      | CI v -> CO v | FA_X1     | 0.078 |   2.512 |    3.542 | 
     | intadd_1720_U31      | CI v -> CO v | FA_X1     | 0.079 |   2.591 |    3.621 | 
     | intadd_1720_U30      | CI v -> CO v | FA_X1     | 0.073 |   2.664 |    3.695 | 
     | intadd_1720_U29      | CI v -> CO v | FA_X1     | 0.072 |   2.736 |    3.767 | 
     | intadd_1720_U28      | CI v -> CO v | FA_X1     | 0.072 |   2.808 |    3.839 | 
     | intadd_1720_U27      | CI v -> CO v | FA_X1     | 0.073 |   2.881 |    3.912 | 
     | intadd_1720_U26      | CI v -> CO v | FA_X1     | 0.073 |   2.954 |    3.984 | 
     | intadd_1720_U25      | CI v -> CO v | FA_X1     | 0.076 |   3.030 |    4.061 | 
     | intadd_1720_U24      | CI v -> CO v | FA_X1     | 0.073 |   3.103 |    4.134 | 
     | intadd_1720_U23      | CI v -> CO v | FA_X1     | 0.087 |   3.190 |    4.221 | 
     | U1634                | A v -> ZN ^  | INV_X1    | 0.024 |   3.214 |    4.244 | 
     | U1507                | C2 ^ -> ZN v | OAI211_X1 | 0.035 |   3.248 |    4.279 | 
     | U1561                | A2 v -> ZN ^ | NAND4_X1  | 0.028 |   3.276 |    4.307 | 
     | U1699                | A1 ^ -> ZN v | NAND2_X1  | 0.025 |   3.301 |    4.332 | 
     | U1776                | A1 v -> ZN ^ | NAND2_X1  | 0.022 |   3.323 |    4.353 | 
     | U1652                | A1 ^ -> ZN v | NAND4_X1  | 0.041 |   3.364 |    4.394 | 
     | U1760                | A2 v -> ZN ^ | NAND2_X1  | 0.035 |   3.399 |    4.430 | 
     | U1673                | A2 ^ -> ZN v | NAND4_X1  | 0.030 |   3.429 |    4.460 | 
     | U1670                | B v -> ZN ^  | OAI211_X1 | 0.026 |   3.456 |    4.486 | 
     | p_reg_Y_temp_reg_61_ | D ^          | DFFS_X1   | 0.000 |   3.456 |    4.486 | 
     +------------------------------------------------------------------------------+ 
Path 9: MET Setup Check with Pin p_reg_Y_temp_reg_49_/CK 
Endpoint:   p_reg_Y_temp_reg_49_/D (v) checked with  leading edge of 'CLK'
Beginpoint: B_reg_Y_temp_reg_1_/QN (^) triggered by  leading edge of 'CLK'
Path Groups: {CLK}
Analysis View: default
Other End Arrival Time          0.064
- Setup                         0.026
+ Phase Shift                   4.496
+ CPPR Adjustment               0.000
- Uncertainty                   0.050
= Required Time                 4.484
- Arrival Time                  3.450
= Slack Time                    1.034
     Clock Rise Edge                 0.000
     + Clock Network Latency (Prop)  0.052
     = Beginpoint Arrival Time       0.052
     +------------------------------------------------------------------------------+ 
     |       Instance       |     Arc      |   Cell    | Delay | Arrival | Required | 
     |                      |              |           |       |  Time   |   Time   | 
     |----------------------+--------------+-----------+-------+---------+----------| 
     | B_reg_Y_temp_reg_1_  | CK ^         |           |       |   0.052 |    1.086 | 
     | B_reg_Y_temp_reg_1_  | CK ^ -> QN ^ | DFF_X1    | 0.101 |   0.153 |    1.187 | 
     | FE_OFC69_B_i_1       | A ^ -> Z ^   | CLKBUF_X1 | 0.139 |   0.292 |    1.326 | 
     | U1606                | A1 ^ -> ZN ^ | AND2_X1   | 0.121 |   0.413 |    1.447 | 
     | U1787                | A ^ -> ZN v  | INV_X1    | 0.075 |   0.488 |    1.522 | 
     | U1955                | A2 v -> ZN ^ | OAI22_X1  | 0.067 |   0.555 |    1.589 | 
     | U1956                | A2 ^ -> ZN v | NOR2_X1   | 0.019 |   0.574 |    1.608 | 
     | U4201                | A1 v -> ZN ^ | NOR2_X1   | 0.029 |   0.603 |    1.637 | 
     | U4202                | A ^ -> Z ^   | XOR2_X1   | 0.059 |   0.662 |    1.696 | 
     | U4204                | A1 ^ -> ZN v | NOR2_X1   | 0.018 |   0.679 |    1.713 | 
     | intadd_1720_U61      | CI v -> CO v | FA_X1     | 0.072 |   0.751 |    1.785 | 
     | intadd_1720_U60      | CI v -> CO v | FA_X1     | 0.081 |   0.833 |    1.867 | 
     | U1990                | CI v -> CO v | FA_X1     | 0.080 |   0.913 |    1.947 | 
     | U1992                | B1 v -> ZN ^ | OAI21_X1  | 0.031 |   0.944 |    1.978 | 
     | U1994                | A1 ^ -> ZN v | NAND2_X1  | 0.019 |   0.962 |    1.996 | 
     | intadd_1720_U57      | CI v -> CO v | FA_X1     | 0.071 |   1.033 |    2.067 | 
     | intadd_1720_U56      | CI v -> CO v | FA_X1     | 0.074 |   1.107 |    2.141 | 
     | intadd_1720_U55      | A v -> CO v  | FA_X1     | 0.085 |   1.193 |    2.227 | 
     | U3667                | A2 v -> ZN ^ | NAND2_X1  | 0.022 |   1.214 |    2.248 | 
     | U3668                | A3 ^ -> ZN v | NAND3_X1  | 0.033 |   1.247 |    2.281 | 
     | U3675                | A2 v -> ZN ^ | NAND2_X1  | 0.023 |   1.270 |    2.304 | 
     | U3676                | A3 ^ -> ZN v | NAND3_X1  | 0.033 |   1.303 |    2.337 | 
     | U3680                | A1 v -> ZN ^ | NAND2_X1  | 0.020 |   1.322 |    2.356 | 
     | U3682                | A2 ^ -> ZN v | NAND3_X1  | 0.024 |   1.346 |    2.380 | 
     | intadd_1720_U51      | CI v -> CO v | FA_X1     | 0.081 |   1.427 |    2.461 | 
     | U1943                | CI v -> CO v | FA_X1     | 0.075 |   1.502 |    2.536 | 
     | U1948                | A2 v -> ZN ^ | NAND2_X1  | 0.020 |   1.522 |    2.556 | 
     | U1785                | A1 ^ -> ZN v | NAND2_X1  | 0.018 |   1.540 |    2.574 | 
     | U1637                | A1 v -> ZN ^ | NAND2_X1  | 0.016 |   1.557 |    2.591 | 
     | U1723                | A1 ^ -> ZN v | NAND2_X1  | 0.016 |   1.573 |    2.607 | 
     | U3156                | A1 v -> ZN ^ | NAND2_X1  | 0.014 |   1.587 |    2.621 | 
     | U3157                | A1 ^ -> ZN v | NAND2_X1  | 0.020 |   1.607 |    2.641 | 
     | U3159                | A1 v -> ZN ^ | NAND2_X1  | 0.015 |   1.622 |    2.656 | 
     | U1489                | A2 ^ -> ZN ^ | AND3_X1   | 0.053 |   1.675 |    2.709 | 
     | U3161                | B1 ^ -> ZN v | OAI21_X1  | 0.025 |   1.700 |    2.734 | 
     | U3163                | A1 v -> ZN ^ | NAND2_X1  | 0.016 |   1.716 |    2.750 | 
     | U1488                | A2 ^ -> ZN ^ | AND3_X1   | 0.052 |   1.768 |    2.802 | 
     | U3165                | B2 ^ -> ZN v | OAI21_X1  | 0.025 |   1.793 |    2.827 | 
     | intadd_1720_U42      | CI v -> CO v | FA_X1     | 0.078 |   1.871 |    2.905 | 
     | intadd_1720_U41      | CI v -> CO v | FA_X1     | 0.075 |   1.946 |    2.980 | 
     | intadd_1720_U40      | CI v -> CO v | FA_X1     | 0.073 |   2.018 |    3.052 | 
     | intadd_1720_U39      | CI v -> CO v | FA_X1     | 0.071 |   2.090 |    3.124 | 
     | intadd_1720_U38      | CI v -> CO v | FA_X1     | 0.078 |   2.167 |    3.201 | 
     | U1782                | A2 v -> ZN ^ | NAND2_X1  | 0.022 |   2.189 |    3.223 | 
     | U1781                | A1 ^ -> ZN v | NAND2_X1  | 0.018 |   2.207 |    3.241 | 
     | intadd_1720_U35      | CI v -> CO v | FA_X1     | 0.077 |   2.283 |    3.317 | 
     | intadd_1720_U34      | CI v -> CO v | FA_X1     | 0.075 |   2.358 |    3.392 | 
     | intadd_1720_U33      | CI v -> CO v | FA_X1     | 0.075 |   2.434 |    3.468 | 
     | intadd_1720_U32      | CI v -> CO v | FA_X1     | 0.078 |   2.512 |    3.546 | 
     | intadd_1720_U31      | CI v -> CO v | FA_X1     | 0.079 |   2.591 |    3.625 | 
     | intadd_1720_U30      | CI v -> CO v | FA_X1     | 0.073 |   2.664 |    3.698 | 
     | intadd_1720_U29      | CI v -> CO v | FA_X1     | 0.072 |   2.736 |    3.770 | 
     | intadd_1720_U28      | CI v -> CO v | FA_X1     | 0.072 |   2.808 |    3.842 | 
     | intadd_1720_U27      | CI v -> CO v | FA_X1     | 0.073 |   2.881 |    3.915 | 
     | intadd_1720_U26      | CI v -> CO v | FA_X1     | 0.073 |   2.954 |    3.988 | 
     | intadd_1720_U25      | CI v -> CO v | FA_X1     | 0.076 |   3.030 |    4.064 | 
     | intadd_1720_U24      | CI v -> CO v | FA_X1     | 0.073 |   3.103 |    4.137 | 
     | intadd_1720_U23      | CI v -> CO v | FA_X1     | 0.087 |   3.190 |    4.224 | 
     | U1634                | A v -> ZN ^  | INV_X1    | 0.024 |   3.214 |    4.248 | 
     | U1660                | A1 ^ -> ZN ^ | OR2_X1    | 0.028 |   3.242 |    4.276 | 
     | U1764                | A1 ^ -> ZN v | NAND3_X1  | 0.018 |   3.260 |    4.294 | 
     | U1763                | A1 v -> ZN ^ | NAND2_X1  | 0.020 |   3.280 |    4.314 | 
     | U1655                | A2 ^ -> ZN ^ | OR2_X1    | 0.029 |   3.309 |    4.343 | 
     | U1630                | A2 ^ -> ZN ^ | OR2_X1    | 0.029 |   3.338 |    4.372 | 
     | U1762                | A3 ^ -> ZN v | NAND3_X1  | 0.022 |   3.360 |    4.394 | 
     | U1563                | A1 v -> ZN ^ | NAND2_X1  | 0.017 |   3.377 |    4.411 | 
     | U1761                | A ^ -> Z ^   | XOR2_X1   | 0.052 |   3.430 |    4.464 | 
     | U1676                | B2 ^ -> ZN v | OAI21_X1  | 0.020 |   3.450 |    4.484 | 
     | p_reg_Y_temp_reg_49_ | D v          | DFF_X1    | 0.000 |   3.450 |    4.484 | 
     +------------------------------------------------------------------------------+ 
Path 10: MET Setup Check with Pin p_reg_Y_temp_reg_51_/CK 
Endpoint:   p_reg_Y_temp_reg_51_/D (^) checked with  leading edge of 'CLK'
Beginpoint: B_reg_Y_temp_reg_1_/QN (^) triggered by  leading edge of 'CLK'
Path Groups: {CLK}
Analysis View: default
Other End Arrival Time          0.067
- Setup                         0.027
+ Phase Shift                   4.496
+ CPPR Adjustment               0.000
- Uncertainty                   0.050
= Required Time                 4.486
- Arrival Time                  3.440
= Slack Time                    1.046
     Clock Rise Edge                 0.000
     + Clock Network Latency (Prop)  0.052
     = Beginpoint Arrival Time       0.052
     +------------------------------------------------------------------------------+ 
     |       Instance       |     Arc      |   Cell    | Delay | Arrival | Required | 
     |                      |              |           |       |  Time   |   Time   | 
     |----------------------+--------------+-----------+-------+---------+----------| 
     | B_reg_Y_temp_reg_1_  | CK ^         |           |       |   0.052 |    1.098 | 
     | B_reg_Y_temp_reg_1_  | CK ^ -> QN ^ | DFF_X1    | 0.101 |   0.153 |    1.199 | 
     | FE_OFC69_B_i_1       | A ^ -> Z ^   | CLKBUF_X1 | 0.139 |   0.292 |    1.338 | 
     | U1606                | A1 ^ -> ZN ^ | AND2_X1   | 0.121 |   0.413 |    1.459 | 
     | U1787                | A ^ -> ZN v  | INV_X1    | 0.075 |   0.488 |    1.534 | 
     | U1955                | A2 v -> ZN ^ | OAI22_X1  | 0.067 |   0.555 |    1.600 | 
     | U1956                | A2 ^ -> ZN v | NOR2_X1   | 0.019 |   0.574 |    1.620 | 
     | U4201                | A1 v -> ZN ^ | NOR2_X1   | 0.029 |   0.603 |    1.649 | 
     | U4202                | A ^ -> Z ^   | XOR2_X1   | 0.059 |   0.662 |    1.708 | 
     | U4204                | A1 ^ -> ZN v | NOR2_X1   | 0.018 |   0.679 |    1.725 | 
     | intadd_1720_U61      | CI v -> CO v | FA_X1     | 0.072 |   0.751 |    1.797 | 
     | intadd_1720_U60      | CI v -> CO v | FA_X1     | 0.081 |   0.833 |    1.878 | 
     | U1990                | CI v -> CO v | FA_X1     | 0.080 |   0.913 |    1.959 | 
     | U1992                | B1 v -> ZN ^ | OAI21_X1  | 0.031 |   0.944 |    1.990 | 
     | U1994                | A1 ^ -> ZN v | NAND2_X1  | 0.019 |   0.962 |    2.008 | 
     | intadd_1720_U57      | CI v -> CO v | FA_X1     | 0.071 |   1.033 |    2.079 | 
     | intadd_1720_U56      | CI v -> CO v | FA_X1     | 0.074 |   1.107 |    2.153 | 
     | intadd_1720_U55      | A v -> CO v  | FA_X1     | 0.085 |   1.193 |    2.239 | 
     | U3667                | A2 v -> ZN ^ | NAND2_X1  | 0.022 |   1.214 |    2.260 | 
     | U3668                | A3 ^ -> ZN v | NAND3_X1  | 0.033 |   1.247 |    2.293 | 
     | U3675                | A2 v -> ZN ^ | NAND2_X1  | 0.023 |   1.270 |    2.316 | 
     | U3676                | A3 ^ -> ZN v | NAND3_X1  | 0.033 |   1.303 |    2.349 | 
     | U3680                | A1 v -> ZN ^ | NAND2_X1  | 0.020 |   1.322 |    2.368 | 
     | U3682                | A2 ^ -> ZN v | NAND3_X1  | 0.024 |   1.346 |    2.392 | 
     | intadd_1720_U51      | CI v -> CO v | FA_X1     | 0.081 |   1.427 |    2.473 | 
     | U1943                | CI v -> CO v | FA_X1     | 0.075 |   1.502 |    2.548 | 
     | U1948                | A2 v -> ZN ^ | NAND2_X1  | 0.020 |   1.522 |    2.568 | 
     | U1785                | A1 ^ -> ZN v | NAND2_X1  | 0.018 |   1.540 |    2.586 | 
     | U1637                | A1 v -> ZN ^ | NAND2_X1  | 0.016 |   1.557 |    2.602 | 
     | U1723                | A1 ^ -> ZN v | NAND2_X1  | 0.016 |   1.573 |    2.618 | 
     | U3156                | A1 v -> ZN ^ | NAND2_X1  | 0.014 |   1.587 |    2.633 | 
     | U3157                | A1 ^ -> ZN v | NAND2_X1  | 0.020 |   1.607 |    2.653 | 
     | U3159                | A1 v -> ZN ^ | NAND2_X1  | 0.015 |   1.622 |    2.668 | 
     | U1489                | A2 ^ -> ZN ^ | AND3_X1   | 0.053 |   1.675 |    2.720 | 
     | U3161                | B1 ^ -> ZN v | OAI21_X1  | 0.025 |   1.700 |    2.746 | 
     | U3163                | A1 v -> ZN ^ | NAND2_X1  | 0.016 |   1.716 |    2.762 | 
     | U1488                | A2 ^ -> ZN ^ | AND3_X1   | 0.052 |   1.768 |    2.813 | 
     | U3165                | B2 ^ -> ZN v | OAI21_X1  | 0.025 |   1.793 |    2.839 | 
     | intadd_1720_U42      | CI v -> CO v | FA_X1     | 0.078 |   1.871 |    2.917 | 
     | intadd_1720_U41      | CI v -> CO v | FA_X1     | 0.075 |   1.946 |    2.992 | 
     | intadd_1720_U40      | CI v -> CO v | FA_X1     | 0.073 |   2.018 |    3.064 | 
     | intadd_1720_U39      | CI v -> CO v | FA_X1     | 0.071 |   2.090 |    3.136 | 
     | intadd_1720_U38      | CI v -> CO v | FA_X1     | 0.078 |   2.167 |    3.213 | 
     | U1782                | A2 v -> ZN ^ | NAND2_X1  | 0.022 |   2.189 |    3.235 | 
     | U1781                | A1 ^ -> ZN v | NAND2_X1  | 0.018 |   2.207 |    3.253 | 
     | intadd_1720_U35      | CI v -> CO v | FA_X1     | 0.077 |   2.283 |    3.329 | 
     | intadd_1720_U34      | CI v -> CO v | FA_X1     | 0.075 |   2.358 |    3.404 | 
     | intadd_1720_U33      | CI v -> CO v | FA_X1     | 0.075 |   2.434 |    3.479 | 
     | intadd_1720_U32      | CI v -> CO v | FA_X1     | 0.078 |   2.512 |    3.558 | 
     | intadd_1720_U31      | CI v -> CO v | FA_X1     | 0.079 |   2.591 |    3.637 | 
     | intadd_1720_U30      | CI v -> CO v | FA_X1     | 0.073 |   2.664 |    3.710 | 
     | intadd_1720_U29      | CI v -> CO v | FA_X1     | 0.072 |   2.736 |    3.782 | 
     | intadd_1720_U28      | CI v -> CO v | FA_X1     | 0.072 |   2.808 |    3.854 | 
     | intadd_1720_U27      | CI v -> CO v | FA_X1     | 0.073 |   2.881 |    3.927 | 
     | intadd_1720_U26      | CI v -> CO v | FA_X1     | 0.073 |   2.954 |    4.000 | 
     | intadd_1720_U25      | CI v -> CO v | FA_X1     | 0.076 |   3.030 |    4.076 | 
     | intadd_1720_U24      | CI v -> CO v | FA_X1     | 0.073 |   3.103 |    4.149 | 
     | intadd_1720_U23      | CI v -> CO v | FA_X1     | 0.087 |   3.190 |    4.236 | 
     | U1634                | A v -> ZN ^  | INV_X1    | 0.024 |   3.214 |    4.260 | 
     | U1507                | C2 ^ -> ZN v | OAI211_X1 | 0.035 |   3.248 |    4.294 | 
     | U1629                | A2 v -> ZN ^ | NAND2_X1  | 0.029 |   3.277 |    4.323 | 
     | U1698                | A1 ^ -> ZN v | NAND2_X1  | 0.023 |   3.300 |    4.345 | 
     | U1778                | A1 v -> ZN ^ | NAND2_X1  | 0.015 |   3.314 |    4.360 | 
     | U1693                | A1 ^ -> ZN ^ | AND2_X1   | 0.039 |   3.354 |    4.400 | 
     | U3152                | A ^ -> ZN ^  | XNOR2_X1  | 0.043 |   3.397 |    4.443 | 
     | U27                  | B2 ^ -> ZN v | AOI22_X1  | 0.024 |   3.421 |    4.467 | 
     | U28                  | A v -> ZN ^  | INV_X1    | 0.019 |   3.440 |    4.486 | 
     | p_reg_Y_temp_reg_51_ | D ^          | DFF_X1    | 0.000 |   3.440 |    4.486 | 
     +------------------------------------------------------------------------------+ 

