 
****************************************
Report : area
Design : boothmul_registered
Version: W-2024.09-SP2
Date   : Mon Sep 21 19:50:07 2026
****************************************

Library(s) Used:

    NangateOpenCellLibrary (File: /home/repository/do/libnandgate/NangateOpenCellLibrary_typical_ecsm.db)

Number of ports:                          131
Number of nets:                          5457
Number of cells:                         5228
Number of combinational cells:           5094
Number of sequential cells:               128
Number of macros/black boxes:               0
Number of buf/inv:                        772
Number of references:                      54

Combinational area:               6360.857962
Buf/Inv area:                      459.914001
Noncombinational area:             591.051981
Macro/Black Box area:                0.000000
Net Interconnect area:      undefined  (Wire load has zero net area)

Total cell area:                  6951.909944
Total area:                 undefined
1
