 
****************************************
Report : area
Design : boothmul_registered
Version: W-2024.09-SP2
Date   : Mon Sep 21 19:53:31 2026
****************************************

Library(s) Used:

    NangateOpenCellLibrary (File: /home/repository/do/libnandgate/NangateOpenCellLibrary_typical_ecsm.db)

Number of ports:                          131
Number of nets:                          5176
Number of cells:                         4946
Number of combinational cells:           4812
Number of sequential cells:               128
Number of macros/black boxes:               0
Number of buf/inv:                        762
Number of references:                      48

Combinational area:               6047.509974
Buf/Inv area:                      443.954001
Noncombinational area:             591.051981
Macro/Black Box area:                0.000000
Net Interconnect area:      undefined  (Wire load has zero net area)

Total cell area:                  6638.561955
Total area:                 undefined
1
