 
****************************************
Report : qor
Design : boothmul_registered
Version: W-2024.09-SP2
Date   : Mon Sep 21 19:37:32 2026
****************************************


  Timing Path Group 'CLK'
  -----------------------------------
  Levels of Logic:              31.00
  Critical Path Length:          1.84
  Critical Path Slack:          -0.61
  Critical Path Clk Period:      1.30
  Total Negative Slack:        -25.47
  No. of Violating Paths:       54.00
  Worst Hold Violation:          0.00
  Total Hold Violation:          0.00
  No. of Hold Violations:        0.00
  -----------------------------------


  Cell Count
  -----------------------------------
  Hierarchical Cell Count:          0
  Hierarchical Port Count:          0
  Leaf Cell Count:               5916
  Buf/Inv Cell Count:            1135
  Buf Cell Count:                 250
  Inv Cell Count:                 885
  CT Buf/Inv Cell Count:            0
  Combinational Cell Count:      5788
  Sequential Cell Count:          128
  Macro Count:                      0
  -----------------------------------


  Area
  -----------------------------------
  Combinational Area:     7135.183960
  Noncombinational Area:   608.607989
  Buf/Inv Area:            691.334000
  Total Buffer Area:           213.60
  Total Inverter Area:         477.74
  Macro/Black Box Area:      0.000000
  Net Area:                  0.000000
  -----------------------------------
  Cell Area:              7743.791949
  Design Area:            7743.791949


  Design Rules
  -----------------------------------
  Total Number of Nets:          6145
  Nets With Violations:             1
  Max Trans Violations:             0
  Max Cap Violations:               1
  -----------------------------------


  Hostname: microsys.openstack.polito

  Compile CPU Statistics
  -----------------------------------------
  Resource Sharing:                    0.74
  Logic Optimization:                 11.70
  Mapping Optimization:               58.47
  -----------------------------------------
  Overall Compile Time:              104.15
  Overall Compile Wall Clock Time:   107.55

  --------------------------------------------------------------------

  Design  WNS: 0.61  TNS: 25.47  Number of Violating Paths: 54


  Design (Hold)  WNS: 0.00  TNS: 0.00  Number of Violating Paths: 0

  --------------------------------------------------------------------


1
