 
****************************************
Report : qor
Design : boothmul_registered
Version: W-2024.09-SP2
Date   : Mon Sep 21 19:44:57 2026
****************************************


  Timing Path Group 'CLK'
  -----------------------------------
  Levels of Logic:              39.00
  Critical Path Length:          2.00
  Critical Path Slack:          -0.37
  Critical Path Clk Period:      1.70
  Total Negative Slack:        -10.85
  No. of Violating Paths:       40.00
  Worst Hold Violation:          0.00
  Total Hold Violation:          0.00
  No. of Hold Violations:        0.00
  -----------------------------------


  Cell Count
  -----------------------------------
  Hierarchical Cell Count:          0
  Hierarchical Port Count:          0
  Leaf Cell Count:               5819
  Buf/Inv Cell Count:             995
  Buf Cell Count:                 203
  Inv Cell Count:                 792
  CT Buf/Inv Cell Count:            0
  Combinational Cell Count:      5691
  Sequential Cell Count:          128
  Macro Count:                      0
  -----------------------------------


  Area
  -----------------------------------
  Combinational Area:     7048.467952
  Noncombinational Area:   596.637983
  Buf/Inv Area:            599.830000
  Total Buffer Area:           172.63
  Total Inverter Area:         427.20
  Macro/Black Box Area:      0.000000
  Net Area:                  0.000000
  -----------------------------------
  Cell Area:              7645.105935
  Design Area:            7645.105935


  Design Rules
  -----------------------------------
  Total Number of Nets:          6051
  Nets With Violations:             2
  Max Trans Violations:             0
  Max Cap Violations:               2
  -----------------------------------


  Hostname: microsys.openstack.polito

  Compile CPU Statistics
  -----------------------------------------
  Resource Sharing:                    0.69
  Logic Optimization:                  8.90
  Mapping Optimization:               45.64
  -----------------------------------------
  Overall Compile Time:               89.82
  Overall Compile Wall Clock Time:    93.07

  --------------------------------------------------------------------

  Design  WNS: 0.37  TNS: 10.85  Number of Violating Paths: 40


  Design (Hold)  WNS: 0.00  TNS: 0.00  Number of Violating Paths: 0

  --------------------------------------------------------------------


1
