 
****************************************
Report : reference
Design : boothmul_registered
Version: W-2024.09-SP2
Date   : Mon Sep 21 19:53:31 2026
****************************************

Attributes:
    b - black box (unknown)
   bo - allows boundary optimization
    d - dont_touch
   mo - map_only
    h - hierarchical
    n - noncombinational
    r - removable
    s - synthetic operator
    u - contains unmapped logic

Reference          Library       Unit Area   Count    Total Area   Attributes
-----------------------------------------------------------------------------
AND2_X1            NangateOpenCellLibrary
                                  1.064000     329    350.056003  
AND2_X2            NangateOpenCellLibrary
                                  1.330000       2      2.660000  
AND2_X4            NangateOpenCellLibrary
                                  2.394000       1      2.394000  
AND3_X1            NangateOpenCellLibrary
                                  1.330000      15     19.950001  
AND3_X2            NangateOpenCellLibrary
                                  1.596000       2      3.192000  
AND4_X1            NangateOpenCellLibrary
                                  1.596000       1      1.596000  
AOI21_X1           NangateOpenCellLibrary
                                  1.064000      84     89.376001  
AOI22_X1           NangateOpenCellLibrary
                                  1.330000     370    492.100016  
AOI22_X2           NangateOpenCellLibrary
                                  2.394000       3      7.182000  
AOI211_X1          NangateOpenCellLibrary
                                  1.330000       2      2.660000  
AOI221_X1          NangateOpenCellLibrary
                                  1.596000      10     15.960000  
AOI222_X1          NangateOpenCellLibrary
                                  2.128000      53    112.784001  
AOI222_X4          NangateOpenCellLibrary
                                  3.724000       2      7.448000  
BUF_X1             NangateOpenCellLibrary
                                  0.798000      40     31.919999  
BUF_X2             NangateOpenCellLibrary
                                  1.064000      14     14.896000  
BUF_X4             NangateOpenCellLibrary
                                  1.862000       2      3.724000  
CLKBUF_X1          NangateOpenCellLibrary
                                  0.798000      43     34.313999  
CLKBUF_X2          NangateOpenCellLibrary
                                  1.064000       1      1.064000  
DFFS_X1            NangateOpenCellLibrary
                                  5.320000       3     15.960001  n
DFF_X1             NangateOpenCellLibrary
                                  4.522000     115    520.029981  n
DFF_X2             NangateOpenCellLibrary
                                  5.054000       8     40.431999  n
FA_X1              NangateOpenCellLibrary
                                  4.256000     142    604.352006  r
INV_X1             NangateOpenCellLibrary
                                  0.532000     642    341.544003  
INV_X2             NangateOpenCellLibrary
                                  0.798000      19     15.162000  
INV_X4             NangateOpenCellLibrary
                                  1.330000       1      1.330000  
MUX2_X1            NangateOpenCellLibrary
                                  1.862000      57    106.133999  
NAND2_X1           NangateOpenCellLibrary
                                  0.798000     589    470.021987  
NAND2_X2           NangateOpenCellLibrary
                                  1.330000       5      6.650000  
NAND3_X1           NangateOpenCellLibrary
                                  1.064000      22     23.408000  
NAND4_X1           NangateOpenCellLibrary
                                  1.330000      11     14.630000  
NOR2_X1            NangateOpenCellLibrary
                                  0.798000     127    101.345997  
NOR3_X1            NangateOpenCellLibrary
                                  1.064000       2      2.128000  
OAI21_X1           NangateOpenCellLibrary
                                  1.064000     256    272.384003  
OAI22_X1           NangateOpenCellLibrary
                                  1.330000     209    277.970009  
OAI33_X1           NangateOpenCellLibrary
                                  1.862000       1      1.862000  
OAI211_X1          NangateOpenCellLibrary
                                  1.330000      21     27.930001  
OAI221_X1          NangateOpenCellLibrary
                                  1.596000      11     17.556000  
OAI222_X1          NangateOpenCellLibrary
                                  2.128000      19     40.432000  
OR2_X1             NangateOpenCellLibrary
                                  1.064000     358    380.912004  
OR2_X2             NangateOpenCellLibrary
                                  1.330000       3      3.990000  
OR2_X4             NangateOpenCellLibrary
                                  2.394000       2      4.788000  
OR3_X1             NangateOpenCellLibrary
                                  1.330000      25     33.250001  
SDFFRS_X2          NangateOpenCellLibrary
                                  8.246000       1      8.246000  n
SDFF_X2            NangateOpenCellLibrary
                                  6.384000       1      6.384000  n
XNOR2_X1           NangateOpenCellLibrary
                                  1.596000    1044   1666.223954  
XNOR2_X2           NangateOpenCellLibrary
                                  2.660000       5     13.300000  
XOR2_X1            NangateOpenCellLibrary
                                  1.596000     266    424.535988  
XOR2_X2            NangateOpenCellLibrary
                                  2.394000       1      2.394000  
-----------------------------------------------------------------------------
Total 48 references                                  6638.561955
1
