 
****************************************
Report : timing
        -path full
        -delay max
        -max_paths 1
Design : boothmul_registered
Version: W-2024.09-SP2
Date   : Mon Sep 21 19:39:28 2026
****************************************

Operating Conditions: typical   Library: NangateOpenCellLibrary
Wire Load Model Mode: top

  Startpoint: B_reg_Y_temp_reg_9_
              (rising edge-triggered flip-flop clocked by CLK)
  Endpoint: p_reg_Y_temp_reg_63_
            (rising edge-triggered flip-flop clocked by CLK)
  Path Group: CLK
  Path Type: max

  Des/Clust/Port     Wire Load Model       Library
  ------------------------------------------------
  boothmul_registered
                     5K_hvratio_1_4        NangateOpenCellLibrary

  Point                                    Incr       Path
  -----------------------------------------------------------
  clock CLK (rise edge)                    0.00       0.00
  clock network delay (ideal)              0.05       0.05
  B_reg_Y_temp_reg_9_/CK (DFF_X1)          0.00       0.05 r
  B_reg_Y_temp_reg_9_/Q (DFF_X1)           0.10       0.15 f
  U4706/ZN (OR2_X1)                        0.06       0.21 f
  U4831/ZN (AND2_X1)                       0.04       0.25 f
  U3686/ZN (OR2_X2)                        0.06       0.31 f
  U4656/ZN (AND2_X1)                       0.04       0.35 f
  U6079/ZN (AOI22_X1)                      0.06       0.41 r
  U4769/ZN (XNOR2_X1)                      0.07       0.48 r
  U4768/ZN (XNOR2_X1)                      0.07       0.54 r
  U6082/ZN (XNOR2_X1)                      0.05       0.59 f
  U6086/ZN (OAI21_X1)                      0.05       0.64 r
  U6087/ZN (NAND2_X1)                      0.03       0.67 f
  U4785/ZN (OR2_X1)                        0.06       0.74 f
  U4857/ZN (NAND2_X1)                      0.04       0.78 r
  U4786/ZN (XNOR2_X1)                      0.06       0.84 r
  U4873/ZN (XNOR2_X1)                      0.07       0.91 r
  U3835/ZN (XNOR2_X1)                      0.07       0.98 r
  U4918/ZN (OAI211_X1)                     0.05       1.03 f
  U8758/ZN (NAND2_X1)                      0.04       1.06 r
  U8759/ZN (XNOR2_X1)                      0.06       1.13 r
  intadd_710_U2/S (FA_X1)                  0.12       1.25 f
  U6665/ZN (XNOR2_X1)                      0.06       1.31 f
  U6670/ZN (XNOR2_X1)                      0.06       1.37 f
  U4534/ZN (OR2_X1)                        0.06       1.43 f
  U3694/ZN (OR2_X2)                        0.06       1.49 f
  U8132/ZN (NAND4_X1)                      0.03       1.52 r
  U8134/ZN (AND2_X1)                       0.05       1.57 r
  U8137/ZN (OAI211_X1)                     0.04       1.60 f
  U8138/ZN (OAI21_X1)                      0.04       1.64 r
  U8139/ZN (AND2_X1)                       0.05       1.70 r
  U8156/ZN (OAI211_X1)                     0.04       1.74 f
  U8738/ZN (AOI22_X1)                      0.07       1.80 r
  U4166/ZN (NAND2_X1)                      0.03       1.84 f
  U4164/ZN (NAND2_X1)                      0.04       1.88 r
  U9239/ZN (INV_X1)                        0.03       1.91 f
  U9006/ZN (OAI21_X1)                      0.04       1.95 r
  U9241/ZN (NAND2_X1)                      0.03       1.98 f
  p_reg_Y_temp_reg_63_/D (DFFS_X1)         0.01       1.99 f
  data arrival time                                   1.99

  clock CLK (rise edge)                    1.40       1.40
  clock network delay (ideal)              0.05       1.45
  clock uncertainty                       -0.05       1.40
  p_reg_Y_temp_reg_63_/CK (DFFS_X1)        0.00       1.40 r
  library setup time                      -0.02       1.38
  data required time                                  1.38
  -----------------------------------------------------------
  data required time                                  1.38
  data arrival time                                  -1.99
  -----------------------------------------------------------
  slack (VIOLATED)                                   -0.62


1
