 
****************************************
Report : timing
        -path full
        -delay max
        -max_paths 1
Design : super_beh_multiplier_registered
Version: W-2024.09-SP2
Date   : Wed Sep 16 17:29:01 2026
****************************************

Operating Conditions: typical   Library: NangateOpenCellLibrary
Wire Load Model Mode: top

  Startpoint: B_temp_reg_21_
              (rising edge-triggered flip-flop clocked by CLK)
  Endpoint: P_reg_62_ (rising edge-triggered flip-flop clocked by CLK)
  Path Group: CLK
  Path Type: max

  Des/Clust/Port     Wire Load Model       Library
  ------------------------------------------------
  super_beh_multiplier_registered
                     5K_hvratio_1_4        NangateOpenCellLibrary

  Point                                    Incr       Path
  -----------------------------------------------------------
  clock CLK (rise edge)                    0.00       0.00
  clock network delay (ideal)              0.05       0.05
  B_temp_reg_21_/CK (DFF_X1)               0.00       0.05 r
  B_temp_reg_21_/Q (DFF_X1)                0.10       0.15 r
  U286/Z (BUF_X1)                          0.13       0.28 r
  U689/ZN (NAND2_X1)                       0.07       0.35 f
  U691/ZN (NAND2_X1)                       0.05       0.40 r
  U695/ZN (AOI21_X1)                       0.04       0.44 f
  U696/ZN (OAI21_X2)                       0.07       0.50 r
  U1123/ZN (AOI21_X1)                      0.05       0.56 f
  U1124/ZN (OAI21_X1)                      0.04       0.60 r
  U1125/ZN (XNOR2_X1)                      0.07       0.67 r
  U363/Z (BUF_X1)                          0.06       0.73 r
  U1348/ZN (OAI21_X1)                      0.04       0.77 f
  U1349/Z (XOR2_X1)                        0.08       0.85 f
  U1933/CO (FA_X1)                         0.10       0.95 f
  U1931/CO (FA_X1)                         0.11       1.06 f
  U1927/CO (FA_X1)                         0.10       1.16 f
  U1914/Z (XOR2_X1)                        0.08       1.24 f
  U1915/Z (XOR2_X1)                        0.07       1.31 f
  U1955/ZN (NAND2_X1)                      0.04       1.35 r
  U1956/ZN (INV_X1)                        0.03       1.37 f
  U1957/ZN (AOI21_X1)                      0.05       1.43 r
  U1958/ZN (OAI21_X1)                      0.04       1.46 f
  U1959/ZN (AOI21_X1)                      0.07       1.53 r
  U1967/ZN (OAI21_X1)                      0.04       1.58 f
  U2061/ZN (AOI21_X1)                      0.06       1.63 r
  U2105/ZN (OAI21_X1)                      0.04       1.68 f
  U2148/ZN (AOI21_X1)                      0.06       1.74 r
  U2188/ZN (OAI21_X1)                      0.04       1.78 f
  U2229/ZN (AOI21_X1)                      0.06       1.84 r
  U2267/ZN (OAI21_X1)                      0.04       1.88 f
  U2304/ZN (AOI21_X1)                      0.07       1.95 r
  U274/ZN (OAI21_X2)                       0.05       2.00 f
  U455/ZN (NAND3_X1)                       0.04       2.04 r
  U443/ZN (OAI21_X1)                       0.04       2.08 f
  U2492/ZN (AOI21_X1)                      0.06       2.14 r
  U354/ZN (OAI21_X2)                       0.05       2.20 f
  U456/ZN (INV_X1)                         0.03       2.23 r
  U427/ZN (OAI211_X1)                      0.04       2.28 f
  U2629/ZN (AOI21_X1)                      0.06       2.34 r
  U2647/ZN (OAI21_X1)                      0.04       2.38 f
  U2652/ZN (NAND2_X1)                      0.03       2.41 r
  U2653/ZN (NAND2_X1)                      0.04       2.45 f
  U453/ZN (NAND2_X1)                       0.03       2.49 r
  U422/ZN (NAND4_X1)                       0.06       2.54 f
  U2656/ZN (NAND2_X1)                      0.04       2.59 r
  U273/ZN (AND3_X2)                        0.06       2.64 r
  U2660/ZN (OAI21_X1)                      0.04       2.68 f
  U2663/ZN (NAND2_X1)                      0.04       2.72 r
  U402/ZN (OAI211_X1)                      0.05       2.77 f
  U2670/ZN (NAND2_X1)                      0.04       2.80 r
  U2671/ZN (NAND2_X1)                      0.03       2.84 f
  U484/Z (XOR2_X1)                         0.08       2.91 f
  U2861/ZN (OAI21_X1)                      0.05       2.96 r
  P_reg_62_/D (DFFS_X1)                    0.01       2.97 r
  data arrival time                                   2.97

  clock CLK (rise edge)                    3.00       3.00
  clock network delay (ideal)              0.05       3.05
  clock uncertainty                       -0.05       3.00
  P_reg_62_/CK (DFFS_X1)                   0.00       3.00 r
  library setup time                      -0.03       2.97
  data required time                                  2.97
  -----------------------------------------------------------
  data required time                                  2.97
  data arrival time                                  -2.97
  -----------------------------------------------------------
  slack (MET)                                         0.00


1
