###############################################################
#  Generated by:      Cadence Innovus 23.35-s106_1
#  OS:                Linux x86_64(Host ID microsys.openstack.polito)
#  Generated on:      Sat Oct 10 21:36:04 2026
#  Design:            boothmul_registered
#  Command:           report_timing -max_paths 10 > reports/04_preCTS_setup_paths.rpt
###############################################################
Path 1: MET Setup Check with Pin p_reg_Y_temp_reg_63_/CK 
Endpoint:   p_reg_Y_temp_reg_63_/D (v) checked with  leading edge of 'CLK'
Beginpoint: B_reg_Y_temp_reg_5_/Q  (^) triggered by  leading edge of 'CLK'
Path Groups: {CLK}
Analysis View: default
Other End Arrival Time          0.050
- Setup                         0.026
+ Phase Shift                   4.732
- Uncertainty                   0.050
= Required Time                 4.706
- Arrival Time                  3.274
= Slack Time                    1.431
     Clock Rise Edge                 0.000
     + Clock Network Latency (Ideal) 0.050
     = Beginpoint Arrival Time       0.050
     +------------------------------------------------------------------------------+ 
     |       Instance       |     Arc      |   Cell    | Delay | Arrival | Required | 
     |                      |              |           |       |  Time   |   Time   | 
     |----------------------+--------------+-----------+-------+---------+----------| 
     | B_reg_Y_temp_reg_5_  | CK ^         |           |       |   0.050 |    1.481 | 
     | B_reg_Y_temp_reg_5_  | CK ^ -> Q ^  | DFF_X1    | 0.123 |   0.173 |    1.604 | 
     | U4625                | B2 ^ -> ZN v | AOI21_X1  | 0.017 |   0.190 |    1.621 | 
     | FE_OFC22_n8299       | A v -> Z v   | CLKBUF_X1 | 0.143 |   0.332 |    1.764 | 
     | U4783                | A v -> ZN ^  | INV_X2    | 0.132 |   0.465 |    1.896 | 
     | U4865                | B2 ^ -> ZN v | AOI22_X1  | 0.054 |   0.518 |    1.950 | 
     | U4619                | B v -> ZN v  | XNOR2_X1  | 0.053 |   0.572 |    2.003 | 
     | FE_OFC55_n4637       | A v -> Z v   | CLKBUF_X2 | 0.110 |   0.682 |    2.113 | 
     | U4984                | A v -> ZN v  | XNOR2_X1  | 0.067 |   0.748 |    2.180 | 
     | U4985                | B v -> ZN v  | XNOR2_X1  | 0.063 |   0.811 |    2.242 | 
     | U4987                | A1 v -> ZN ^ | AOI22_X1  | 0.039 |   0.850 |    2.281 | 
     | U4988                | A ^ -> ZN v  | OAI21_X1  | 0.023 |   0.873 |    2.304 | 
     | U4989                | A v -> ZN ^  | OAI21_X1  | 0.036 |   0.909 |    2.340 | 
     | U4991                | A ^ -> ZN ^  | XNOR2_X1  | 0.048 |   0.957 |    2.388 | 
     | U4992                | B ^ -> ZN ^  | XNOR2_X1  | 0.045 |   1.002 |    2.433 | 
     | U4993                | B ^ -> ZN ^  | XNOR2_X1  | 0.053 |   1.055 |    2.486 | 
     | U4994                | A ^ -> ZN v  | INV_X1    | 0.017 |   1.072 |    2.503 | 
     | U4995                | B v -> ZN v  | XNOR2_X1  | 0.048 |   1.119 |    2.551 | 
     | U5021                | A2 v -> ZN ^ | NOR2_X1   | 0.051 |   1.170 |    2.601 | 
     | U5027                | A ^ -> Z ^   | XOR2_X1   | 0.057 |   1.227 |    2.659 | 
     | U5028                | B ^ -> ZN ^  | XNOR2_X1  | 0.045 |   1.273 |    2.704 | 
     | U5029                | B ^ -> ZN ^  | XNOR2_X1  | 0.051 |   1.324 |    2.756 | 
     | U5079                | B ^ -> ZN v  | XNOR2_X1  | 0.033 |   1.357 |    2.788 | 
     | U5080                | A2 v -> ZN ^ | NAND2_X1  | 0.036 |   1.394 |    2.825 | 
     | U5111                | A ^ -> Z ^   | XOR2_X1   | 0.068 |   1.461 |    2.892 | 
     | U5117                | A ^ -> ZN ^  | XNOR2_X1  | 0.049 |   1.510 |    2.941 | 
     | U5118                | B ^ -> Z ^   | XOR2_X1   | 0.053 |   1.562 |    2.994 | 
     | U5119                | B ^ -> Z ^   | XOR2_X1   | 0.057 |   1.620 |    3.051 | 
     | U5123                | A1 ^ -> ZN ^ | AND2_X1   | 0.043 |   1.663 |    3.094 | 
     | U5406                | A1 ^ -> ZN v | NOR2_X1   | 0.015 |   1.677 |    3.109 | 
     | U5407                | B2 v -> ZN ^ | AOI221_X1 | 0.078 |   1.755 |    3.186 | 
     | U5412                | B1 ^ -> ZN v | AOI21_X1  | 0.049 |   1.804 |    3.236 | 
     | U7353                | C1 v -> ZN ^ | AOI211_X1 | 0.046 |   1.850 |    3.282 | 
     | U7360                | B1 ^ -> ZN v | AOI221_X1 | 0.051 |   1.901 |    3.332 | 
     | U7361                | B1 v -> ZN ^ | AOI22_X1  | 0.050 |   1.951 |    3.382 | 
     | U7362                | C1 ^ -> ZN v | AOI211_X1 | 0.020 |   1.970 |    3.401 | 
     | U7368                | B1 v -> ZN ^ | AOI221_X1 | 0.104 |   2.074 |    3.505 | 
     | U7376                | A ^ -> ZN v  | INV_X1    | 0.009 |   2.082 |    3.514 | 
     | U7377                | A3 v -> ZN ^ | NOR3_X1   | 0.055 |   2.138 |    3.569 | 
     | U7381                | C1 ^ -> ZN v | OAI211_X1 | 0.025 |   2.163 |    3.594 | 
     | U7382                | A2 v -> ZN ^ | NAND2_X1  | 0.028 |   2.191 |    3.622 | 
     | U7391                | A3 ^ -> ZN v | NOR3_X1   | 0.016 |   2.207 |    3.639 | 
     | U7397                | B2 v -> ZN ^ | AOI221_X1 | 0.079 |   2.286 |    3.718 | 
     | U7399                | B1 ^ -> ZN v | AOI22_X1  | 0.040 |   2.326 |    3.757 | 
     | U7400                | B1 v -> ZN ^ | AOI21_X1  | 0.032 |   2.358 |    3.789 | 
     | U7401                | C1 ^ -> ZN v | AOI211_X1 | 0.019 |   2.377 |    3.808 | 
     | U7402                | A1 v -> ZN ^ | NOR2_X1   | 0.025 |   2.401 |    3.833 | 
     | U7408                | B1 ^ -> ZN v | AOI21_X1  | 0.027 |   2.428 |    3.859 | 
     | U7409                | A v -> ZN ^  | INV_X1    | 0.051 |   2.479 |    3.911 | 
     | U7416                | A3 ^ -> ZN v | NAND3_X1  | 0.031 |   2.510 |    3.941 | 
     | U7418                | C2 v -> ZN ^ | OAI221_X1 | 0.097 |   2.607 |    4.038 | 
     | U7430                | B1 ^ -> ZN v | AOI21_X1  | 0.022 |   2.629 |    4.060 | 
     | U7431                | A4 v -> ZN ^ | NOR4_X1   | 0.112 |   2.741 |    4.172 | 
     | U8138                | C2 ^ -> ZN v | OAI221_X1 | 0.046 |   2.787 |    4.218 | 
     | U8140                | A1 v -> ZN ^ | NAND2_X1  | 0.045 |   2.832 |    4.263 | 
     | U8141                | A ^ -> ZN v  | INV_X1    | 0.026 |   2.859 |    4.290 | 
     | U4632                | B1 v -> ZN ^ | AOI221_X2 | 0.109 |   2.967 |    4.399 | 
     | U8635                | C2 ^ -> ZN v | OAI221_X1 | 0.044 |   3.011 |    4.443 | 
     | U8636                | B2 v -> ZN ^ | OAI21_X1  | 0.059 |   3.070 |    4.501 | 
     | U8638                | C2 ^ -> ZN v | OAI211_X1 | 0.033 |   3.103 |    4.535 | 
     | U8639                | A v -> ZN ^  | OAI211_X1 | 0.027 |   3.130 |    4.561 | 
     | U8640                | B2 ^ -> ZN v | AOI21_X1  | 0.020 |   3.150 |    4.581 | 
     | U4202                | A1 v -> ZN v | AND2_X1   | 0.038 |   3.189 |    4.620 | 
     | U4204                | B1 v -> ZN ^ | AOI222_X1 | 0.077 |   3.266 |    4.697 | 
     | U4205                | A ^ -> ZN v  | INV_X1    | 0.009 |   3.274 |    4.706 | 
     | p_reg_Y_temp_reg_63_ | D v          | DFF_X1    | 0.000 |   3.274 |    4.706 | 
     +------------------------------------------------------------------------------+ 
Path 2: MET Setup Check with Pin p_reg_Y_temp_reg_62_/CK 
Endpoint:   p_reg_Y_temp_reg_62_/D (v) checked with  leading edge of 'CLK'
Beginpoint: B_reg_Y_temp_reg_5_/Q  (^) triggered by  leading edge of 'CLK'
Path Groups: {CLK}
Analysis View: default
Other End Arrival Time          0.050
- Setup                         0.026
+ Phase Shift                   4.732
- Uncertainty                   0.050
= Required Time                 4.706
- Arrival Time                  3.274
= Slack Time                    1.432
     Clock Rise Edge                 0.000
     + Clock Network Latency (Ideal) 0.050
     = Beginpoint Arrival Time       0.050
     +------------------------------------------------------------------------------+ 
     |       Instance       |     Arc      |   Cell    | Delay | Arrival | Required | 
     |                      |              |           |       |  Time   |   Time   | 
     |----------------------+--------------+-----------+-------+---------+----------| 
     | B_reg_Y_temp_reg_5_  | CK ^         |           |       |   0.050 |    1.482 | 
     | B_reg_Y_temp_reg_5_  | CK ^ -> Q ^  | DFF_X1    | 0.123 |   0.173 |    1.604 | 
     | U4625                | B2 ^ -> ZN v | AOI21_X1  | 0.017 |   0.190 |    1.621 | 
     | FE_OFC22_n8299       | A v -> Z v   | CLKBUF_X1 | 0.143 |   0.332 |    1.764 | 
     | U4783                | A v -> ZN ^  | INV_X2    | 0.132 |   0.465 |    1.896 | 
     | U4865                | B2 ^ -> ZN v | AOI22_X1  | 0.054 |   0.518 |    1.950 | 
     | U4619                | B v -> ZN v  | XNOR2_X1  | 0.053 |   0.572 |    2.003 | 
     | FE_OFC55_n4637       | A v -> Z v   | CLKBUF_X2 | 0.110 |   0.682 |    2.113 | 
     | U4984                | A v -> ZN v  | XNOR2_X1  | 0.067 |   0.748 |    2.180 | 
     | U4985                | B v -> ZN v  | XNOR2_X1  | 0.063 |   0.811 |    2.243 | 
     | U4987                | A1 v -> ZN ^ | AOI22_X1  | 0.039 |   0.850 |    2.281 | 
     | U4988                | A ^ -> ZN v  | OAI21_X1  | 0.023 |   0.873 |    2.305 | 
     | U4989                | A v -> ZN ^  | OAI21_X1  | 0.036 |   0.909 |    2.341 | 
     | U4991                | A ^ -> ZN ^  | XNOR2_X1  | 0.048 |   0.957 |    2.389 | 
     | U4992                | B ^ -> ZN ^  | XNOR2_X1  | 0.045 |   1.002 |    2.433 | 
     | U4993                | B ^ -> ZN ^  | XNOR2_X1  | 0.053 |   1.055 |    2.486 | 
     | U4994                | A ^ -> ZN v  | INV_X1    | 0.017 |   1.072 |    2.503 | 
     | U4995                | B v -> ZN v  | XNOR2_X1  | 0.048 |   1.119 |    2.551 | 
     | U5021                | A2 v -> ZN ^ | NOR2_X1   | 0.051 |   1.170 |    2.602 | 
     | U5027                | A ^ -> Z ^   | XOR2_X1   | 0.057 |   1.227 |    2.659 | 
     | U5028                | B ^ -> ZN ^  | XNOR2_X1  | 0.045 |   1.273 |    2.704 | 
     | U5029                | B ^ -> ZN ^  | XNOR2_X1  | 0.051 |   1.324 |    2.756 | 
     | U5079                | B ^ -> ZN v  | XNOR2_X1  | 0.033 |   1.357 |    2.789 | 
     | U5080                | A2 v -> ZN ^ | NAND2_X1  | 0.036 |   1.394 |    2.825 | 
     | U5111                | A ^ -> Z ^   | XOR2_X1   | 0.068 |   1.461 |    2.893 | 
     | U5117                | A ^ -> ZN ^  | XNOR2_X1  | 0.049 |   1.510 |    2.941 | 
     | U5118                | B ^ -> Z ^   | XOR2_X1   | 0.053 |   1.562 |    2.994 | 
     | U5119                | B ^ -> Z ^   | XOR2_X1   | 0.057 |   1.620 |    3.051 | 
     | U5123                | A1 ^ -> ZN ^ | AND2_X1   | 0.043 |   1.663 |    3.094 | 
     | U5406                | A1 ^ -> ZN v | NOR2_X1   | 0.015 |   1.677 |    3.109 | 
     | U5407                | B2 v -> ZN ^ | AOI221_X1 | 0.078 |   1.755 |    3.187 | 
     | U5412                | B1 ^ -> ZN v | AOI21_X1  | 0.049 |   1.804 |    3.236 | 
     | U7353                | C1 v -> ZN ^ | AOI211_X1 | 0.046 |   1.850 |    3.282 | 
     | U7360                | B1 ^ -> ZN v | AOI221_X1 | 0.051 |   1.901 |    3.332 | 
     | U7361                | B1 v -> ZN ^ | AOI22_X1  | 0.050 |   1.951 |    3.382 | 
     | U7362                | C1 ^ -> ZN v | AOI211_X1 | 0.020 |   1.970 |    3.402 | 
     | U7368                | B1 v -> ZN ^ | AOI221_X1 | 0.104 |   2.074 |    3.505 | 
     | U7376                | A ^ -> ZN v  | INV_X1    | 0.009 |   2.082 |    3.514 | 
     | U7377                | A3 v -> ZN ^ | NOR3_X1   | 0.055 |   2.138 |    3.569 | 
     | U7381                | C1 ^ -> ZN v | OAI211_X1 | 0.025 |   2.163 |    3.594 | 
     | U7382                | A2 v -> ZN ^ | NAND2_X1  | 0.028 |   2.191 |    3.623 | 
     | U7391                | A3 ^ -> ZN v | NOR3_X1   | 0.016 |   2.207 |    3.639 | 
     | U7397                | B2 v -> ZN ^ | AOI221_X1 | 0.079 |   2.286 |    3.718 | 
     | U7399                | B1 ^ -> ZN v | AOI22_X1  | 0.040 |   2.326 |    3.758 | 
     | U7400                | B1 v -> ZN ^ | AOI21_X1  | 0.032 |   2.358 |    3.789 | 
     | U7401                | C1 ^ -> ZN v | AOI211_X1 | 0.019 |   2.377 |    3.808 | 
     | U7402                | A1 v -> ZN ^ | NOR2_X1   | 0.025 |   2.401 |    3.833 | 
     | U7408                | B1 ^ -> ZN v | AOI21_X1  | 0.027 |   2.428 |    3.860 | 
     | U7409                | A v -> ZN ^  | INV_X1    | 0.051 |   2.479 |    3.911 | 
     | U7416                | A3 ^ -> ZN v | NAND3_X1  | 0.031 |   2.510 |    3.941 | 
     | U7418                | C2 v -> ZN ^ | OAI221_X1 | 0.097 |   2.607 |    4.039 | 
     | U7430                | B1 ^ -> ZN v | AOI21_X1  | 0.022 |   2.629 |    4.061 | 
     | U7431                | A4 v -> ZN ^ | NOR4_X1   | 0.112 |   2.741 |    4.172 | 
     | U8138                | C2 ^ -> ZN v | OAI221_X1 | 0.046 |   2.787 |    4.218 | 
     | U8140                | A1 v -> ZN ^ | NAND2_X1  | 0.045 |   2.832 |    4.264 | 
     | U8141                | A ^ -> ZN v  | INV_X1    | 0.026 |   2.859 |    4.290 | 
     | U4632                | B1 v -> ZN ^ | AOI221_X2 | 0.109 |   2.967 |    4.399 | 
     | U8635                | C2 ^ -> ZN v | OAI221_X1 | 0.044 |   3.011 |    4.443 | 
     | U8636                | B2 v -> ZN ^ | OAI21_X1  | 0.059 |   3.070 |    4.502 | 
     | U8638                | C2 ^ -> ZN v | OAI211_X1 | 0.033 |   3.103 |    4.535 | 
     | U8639                | A v -> ZN ^  | OAI211_X1 | 0.027 |   3.130 |    4.562 | 
     | U8640                | B2 ^ -> ZN v | AOI21_X1  | 0.020 |   3.150 |    4.582 | 
     | U4202                | A1 v -> ZN v | AND2_X1   | 0.038 |   3.189 |    4.620 | 
     | U4206                | B1 v -> ZN ^ | AOI222_X1 | 0.078 |   3.266 |    4.698 | 
     | U4207                | A ^ -> ZN v  | INV_X1    | 0.008 |   3.274 |    4.706 | 
     | p_reg_Y_temp_reg_62_ | D v          | DFF_X1    | 0.000 |   3.274 |    4.706 | 
     +------------------------------------------------------------------------------+ 
Path 3: MET Setup Check with Pin p_reg_Y_temp_reg_61_/CK 
Endpoint:   p_reg_Y_temp_reg_61_/D (v) checked with  leading edge of 'CLK'
Beginpoint: B_reg_Y_temp_reg_5_/Q  (^) triggered by  leading edge of 'CLK'
Path Groups: {CLK}
Analysis View: default
Other End Arrival Time          0.050
- Setup                         0.026
+ Phase Shift                   4.732
- Uncertainty                   0.050
= Required Time                 4.706
- Arrival Time                  3.273
= Slack Time                    1.433
     Clock Rise Edge                 0.000
     + Clock Network Latency (Ideal) 0.050
     = Beginpoint Arrival Time       0.050
     +------------------------------------------------------------------------------+ 
     |       Instance       |     Arc      |   Cell    | Delay | Arrival | Required | 
     |                      |              |           |       |  Time   |   Time   | 
     |----------------------+--------------+-----------+-------+---------+----------| 
     | B_reg_Y_temp_reg_5_  | CK ^         |           |       |   0.050 |    1.483 | 
     | B_reg_Y_temp_reg_5_  | CK ^ -> Q ^  | DFF_X1    | 0.123 |   0.173 |    1.606 | 
     | U4625                | B2 ^ -> ZN v | AOI21_X1  | 0.017 |   0.190 |    1.623 | 
     | FE_OFC22_n8299       | A v -> Z v   | CLKBUF_X1 | 0.143 |   0.332 |    1.765 | 
     | U4783                | A v -> ZN ^  | INV_X2    | 0.132 |   0.465 |    1.898 | 
     | U4865                | B2 ^ -> ZN v | AOI22_X1  | 0.054 |   0.518 |    1.951 | 
     | U4619                | B v -> ZN v  | XNOR2_X1  | 0.053 |   0.572 |    2.005 | 
     | FE_OFC55_n4637       | A v -> Z v   | CLKBUF_X2 | 0.110 |   0.682 |    2.114 | 
     | U4984                | A v -> ZN v  | XNOR2_X1  | 0.067 |   0.748 |    2.181 | 
     | U4985                | B v -> ZN v  | XNOR2_X1  | 0.063 |   0.811 |    2.244 | 
     | U4987                | A1 v -> ZN ^ | AOI22_X1  | 0.039 |   0.850 |    2.283 | 
     | U4988                | A ^ -> ZN v  | OAI21_X1  | 0.023 |   0.873 |    2.306 | 
     | U4989                | A v -> ZN ^  | OAI21_X1  | 0.036 |   0.909 |    2.342 | 
     | U4991                | A ^ -> ZN ^  | XNOR2_X1  | 0.048 |   0.957 |    2.390 | 
     | U4992                | B ^ -> ZN ^  | XNOR2_X1  | 0.045 |   1.002 |    2.435 | 
     | U4993                | B ^ -> ZN ^  | XNOR2_X1  | 0.053 |   1.055 |    2.487 | 
     | U4994                | A ^ -> ZN v  | INV_X1    | 0.017 |   1.072 |    2.505 | 
     | U4995                | B v -> ZN v  | XNOR2_X1  | 0.048 |   1.119 |    2.552 | 
     | U5021                | A2 v -> ZN ^ | NOR2_X1   | 0.051 |   1.170 |    2.603 | 
     | U5027                | A ^ -> Z ^   | XOR2_X1   | 0.057 |   1.227 |    2.660 | 
     | U5028                | B ^ -> ZN ^  | XNOR2_X1  | 0.045 |   1.273 |    2.706 | 
     | U5029                | B ^ -> ZN ^  | XNOR2_X1  | 0.051 |   1.324 |    2.757 | 
     | U5079                | B ^ -> ZN v  | XNOR2_X1  | 0.033 |   1.357 |    2.790 | 
     | U5080                | A2 v -> ZN ^ | NAND2_X1  | 0.036 |   1.394 |    2.826 | 
     | U5111                | A ^ -> Z ^   | XOR2_X1   | 0.068 |   1.461 |    2.894 | 
     | U5117                | A ^ -> ZN ^  | XNOR2_X1  | 0.049 |   1.510 |    2.943 | 
     | U5118                | B ^ -> Z ^   | XOR2_X1   | 0.053 |   1.562 |    2.995 | 
     | U5119                | B ^ -> Z ^   | XOR2_X1   | 0.057 |   1.620 |    3.052 | 
     | U5123                | A1 ^ -> ZN ^ | AND2_X1   | 0.043 |   1.663 |    3.096 | 
     | U5406                | A1 ^ -> ZN v | NOR2_X1   | 0.015 |   1.677 |    3.110 | 
     | U5407                | B2 v -> ZN ^ | AOI221_X1 | 0.078 |   1.755 |    3.188 | 
     | U5412                | B1 ^ -> ZN v | AOI21_X1  | 0.049 |   1.804 |    3.237 | 
     | U7353                | C1 v -> ZN ^ | AOI211_X1 | 0.046 |   1.850 |    3.283 | 
     | U7360                | B1 ^ -> ZN v | AOI221_X1 | 0.051 |   1.901 |    3.334 | 
     | U7361                | B1 v -> ZN ^ | AOI22_X1  | 0.050 |   1.951 |    3.383 | 
     | U7362                | C1 ^ -> ZN v | AOI211_X1 | 0.020 |   1.970 |    3.403 | 
     | U7368                | B1 v -> ZN ^ | AOI221_X1 | 0.104 |   2.074 |    3.507 | 
     | U7376                | A ^ -> ZN v  | INV_X1    | 0.009 |   2.082 |    3.515 | 
     | U7377                | A3 v -> ZN ^ | NOR3_X1   | 0.055 |   2.138 |    3.571 | 
     | U7381                | C1 ^ -> ZN v | OAI211_X1 | 0.025 |   2.163 |    3.596 | 
     | U7382                | A2 v -> ZN ^ | NAND2_X1  | 0.028 |   2.191 |    3.624 | 
     | U7391                | A3 ^ -> ZN v | NOR3_X1   | 0.016 |   2.207 |    3.640 | 
     | U7397                | B2 v -> ZN ^ | AOI221_X1 | 0.079 |   2.286 |    3.719 | 
     | U7399                | B1 ^ -> ZN v | AOI22_X1  | 0.040 |   2.326 |    3.759 | 
     | U7400                | B1 v -> ZN ^ | AOI21_X1  | 0.032 |   2.358 |    3.791 | 
     | U7401                | C1 ^ -> ZN v | AOI211_X1 | 0.019 |   2.377 |    3.809 | 
     | U7402                | A1 v -> ZN ^ | NOR2_X1   | 0.025 |   2.401 |    3.834 | 
     | U7408                | B1 ^ -> ZN v | AOI21_X1  | 0.027 |   2.428 |    3.861 | 
     | U7409                | A v -> ZN ^  | INV_X1    | 0.051 |   2.479 |    3.912 | 
     | U7416                | A3 ^ -> ZN v | NAND3_X1  | 0.031 |   2.510 |    3.943 | 
     | U7418                | C2 v -> ZN ^ | OAI221_X1 | 0.097 |   2.607 |    4.040 | 
     | U7430                | B1 ^ -> ZN v | AOI21_X1  | 0.022 |   2.629 |    4.062 | 
     | U7431                | A4 v -> ZN ^ | NOR4_X1   | 0.112 |   2.741 |    4.174 | 
     | U8138                | C2 ^ -> ZN v | OAI221_X1 | 0.046 |   2.787 |    4.220 | 
     | U8140                | A1 v -> ZN ^ | NAND2_X1  | 0.045 |   2.832 |    4.265 | 
     | U8141                | A ^ -> ZN v  | INV_X1    | 0.026 |   2.859 |    4.291 | 
     | U4632                | B1 v -> ZN ^ | AOI221_X2 | 0.109 |   2.967 |    4.400 | 
     | U8635                | C2 ^ -> ZN v | OAI221_X1 | 0.044 |   3.011 |    4.444 | 
     | U8636                | B2 v -> ZN ^ | OAI21_X1  | 0.059 |   3.070 |    4.503 | 
     | U8638                | C2 ^ -> ZN v | OAI211_X1 | 0.033 |   3.103 |    4.536 | 
     | U8639                | A v -> ZN ^  | OAI211_X1 | 0.027 |   3.130 |    4.563 | 
     | U8640                | B2 ^ -> ZN v | AOI21_X1  | 0.020 |   3.150 |    4.583 | 
     | U4202                | A1 v -> ZN v | AND2_X1   | 0.038 |   3.189 |    4.621 | 
     | U4208                | B1 v -> ZN ^ | AOI222_X1 | 0.076 |   3.264 |    4.697 | 
     | U4209                | A ^ -> ZN v  | INV_X1    | 0.008 |   3.273 |    4.706 | 
     | p_reg_Y_temp_reg_61_ | D v          | DFF_X1    | 0.000 |   3.273 |    4.706 | 
     +------------------------------------------------------------------------------+ 
Path 4: MET Setup Check with Pin p_reg_Y_temp_reg_60_/CK 
Endpoint:   p_reg_Y_temp_reg_60_/D (^) checked with  leading edge of 'CLK'
Beginpoint: B_reg_Y_temp_reg_5_/Q  (^) triggered by  leading edge of 'CLK'
Path Groups: {CLK}
Analysis View: default
Other End Arrival Time          0.050
- Setup                         0.029
+ Phase Shift                   4.732
- Uncertainty                   0.050
= Required Time                 4.703
- Arrival Time                  3.246
= Slack Time                    1.457
     Clock Rise Edge                 0.000
     + Clock Network Latency (Ideal) 0.050
     = Beginpoint Arrival Time       0.050
     +------------------------------------------------------------------------------+ 
     |       Instance       |     Arc      |   Cell    | Delay | Arrival | Required | 
     |                      |              |           |       |  Time   |   Time   | 
     |----------------------+--------------+-----------+-------+---------+----------| 
     | B_reg_Y_temp_reg_5_  | CK ^         |           |       |   0.050 |    1.507 | 
     | B_reg_Y_temp_reg_5_  | CK ^ -> Q ^  | DFF_X1    | 0.123 |   0.173 |    1.630 | 
     | U4625                | B2 ^ -> ZN v | AOI21_X1  | 0.017 |   0.190 |    1.647 | 
     | FE_OFC22_n8299       | A v -> Z v   | CLKBUF_X1 | 0.143 |   0.332 |    1.790 | 
     | U4783                | A v -> ZN ^  | INV_X2    | 0.132 |   0.465 |    1.922 | 
     | U4865                | B2 ^ -> ZN v | AOI22_X1  | 0.054 |   0.518 |    1.976 | 
     | U4619                | B v -> ZN v  | XNOR2_X1  | 0.053 |   0.572 |    2.029 | 
     | FE_OFC55_n4637       | A v -> Z v   | CLKBUF_X2 | 0.110 |   0.682 |    2.139 | 
     | U4984                | A v -> ZN v  | XNOR2_X1  | 0.067 |   0.748 |    2.206 | 
     | U4985                | B v -> ZN v  | XNOR2_X1  | 0.063 |   0.811 |    2.268 | 
     | U4987                | A1 v -> ZN ^ | AOI22_X1  | 0.039 |   0.850 |    2.307 | 
     | U4988                | A ^ -> ZN v  | OAI21_X1  | 0.023 |   0.873 |    2.330 | 
     | U4989                | A v -> ZN ^  | OAI21_X1  | 0.036 |   0.909 |    2.366 | 
     | U4991                | A ^ -> ZN ^  | XNOR2_X1  | 0.048 |   0.957 |    2.414 | 
     | U4992                | B ^ -> ZN ^  | XNOR2_X1  | 0.045 |   1.002 |    2.459 | 
     | U4993                | B ^ -> ZN ^  | XNOR2_X1  | 0.053 |   1.055 |    2.512 | 
     | U4994                | A ^ -> ZN v  | INV_X1    | 0.017 |   1.072 |    2.529 | 
     | U4995                | B v -> ZN v  | XNOR2_X1  | 0.048 |   1.119 |    2.577 | 
     | U5021                | A2 v -> ZN ^ | NOR2_X1   | 0.051 |   1.170 |    2.627 | 
     | U5027                | A ^ -> Z ^   | XOR2_X1   | 0.057 |   1.227 |    2.685 | 
     | U5028                | B ^ -> ZN ^  | XNOR2_X1  | 0.045 |   1.273 |    2.730 | 
     | U5029                | B ^ -> ZN ^  | XNOR2_X1  | 0.051 |   1.324 |    2.782 | 
     | U5079                | B ^ -> ZN v  | XNOR2_X1  | 0.033 |   1.357 |    2.814 | 
     | U5080                | A2 v -> ZN ^ | NAND2_X1  | 0.036 |   1.394 |    2.851 | 
     | U5111                | A ^ -> Z ^   | XOR2_X1   | 0.068 |   1.461 |    2.918 | 
     | U5117                | A ^ -> ZN ^  | XNOR2_X1  | 0.049 |   1.510 |    2.967 | 
     | U5118                | B ^ -> Z ^   | XOR2_X1   | 0.053 |   1.562 |    3.020 | 
     | U5119                | B ^ -> Z ^   | XOR2_X1   | 0.057 |   1.620 |    3.077 | 
     | U5123                | A1 ^ -> ZN ^ | AND2_X1   | 0.043 |   1.663 |    3.120 | 
     | U5406                | A1 ^ -> ZN v | NOR2_X1   | 0.015 |   1.677 |    3.135 | 
     | U5407                | B2 v -> ZN ^ | AOI221_X1 | 0.078 |   1.755 |    3.212 | 
     | U5412                | B1 ^ -> ZN v | AOI21_X1  | 0.049 |   1.804 |    3.262 | 
     | U7353                | C1 v -> ZN ^ | AOI211_X1 | 0.046 |   1.850 |    3.308 | 
     | U7360                | B1 ^ -> ZN v | AOI221_X1 | 0.051 |   1.901 |    3.358 | 
     | U7361                | B1 v -> ZN ^ | AOI22_X1  | 0.050 |   1.951 |    3.408 | 
     | U7362                | C1 ^ -> ZN v | AOI211_X1 | 0.020 |   1.970 |    3.427 | 
     | U7368                | B1 v -> ZN ^ | AOI221_X1 | 0.104 |   2.074 |    3.531 | 
     | U7376                | A ^ -> ZN v  | INV_X1    | 0.009 |   2.082 |    3.540 | 
     | U7377                | A3 v -> ZN ^ | NOR3_X1   | 0.055 |   2.138 |    3.595 | 
     | U7381                | C1 ^ -> ZN v | OAI211_X1 | 0.025 |   2.163 |    3.620 | 
     | U7382                | A2 v -> ZN ^ | NAND2_X1  | 0.028 |   2.191 |    3.648 | 
     | U7391                | A3 ^ -> ZN v | NOR3_X1   | 0.016 |   2.207 |    3.665 | 
     | U7397                | B2 v -> ZN ^ | AOI221_X1 | 0.079 |   2.286 |    3.744 | 
     | U7399                | B1 ^ -> ZN v | AOI22_X1  | 0.040 |   2.326 |    3.783 | 
     | U7400                | B1 v -> ZN ^ | AOI21_X1  | 0.032 |   2.358 |    3.815 | 
     | U7401                | C1 ^ -> ZN v | AOI211_X1 | 0.019 |   2.377 |    3.834 | 
     | U7402                | A1 v -> ZN ^ | NOR2_X1   | 0.025 |   2.401 |    3.859 | 
     | U7408                | B1 ^ -> ZN v | AOI21_X1  | 0.027 |   2.428 |    3.885 | 
     | U7409                | A v -> ZN ^  | INV_X1    | 0.051 |   2.479 |    3.937 | 
     | U7416                | A3 ^ -> ZN v | NAND3_X1  | 0.031 |   2.510 |    3.967 | 
     | U7418                | C2 v -> ZN ^ | OAI221_X1 | 0.097 |   2.607 |    4.064 | 
     | U7430                | B1 ^ -> ZN v | AOI21_X1  | 0.022 |   2.629 |    4.086 | 
     | U7431                | A4 v -> ZN ^ | NOR4_X1   | 0.112 |   2.741 |    4.198 | 
     | U8138                | C2 ^ -> ZN v | OAI221_X1 | 0.046 |   2.787 |    4.244 | 
     | U8140                | A1 v -> ZN ^ | NAND2_X1  | 0.045 |   2.832 |    4.289 | 
     | U8141                | A ^ -> ZN v  | INV_X1    | 0.026 |   2.859 |    4.316 | 
     | U4632                | B1 v -> ZN ^ | AOI221_X2 | 0.109 |   2.967 |    4.425 | 
     | U8635                | C2 ^ -> ZN v | OAI221_X1 | 0.044 |   3.011 |    4.469 | 
     | U8636                | B2 v -> ZN ^ | OAI21_X1  | 0.059 |   3.070 |    4.527 | 
     | U8638                | C2 ^ -> ZN v | OAI211_X1 | 0.033 |   3.103 |    4.561 | 
     | U8639                | A v -> ZN ^  | OAI211_X1 | 0.027 |   3.130 |    4.587 | 
     | U8640                | B2 ^ -> ZN v | AOI21_X1  | 0.020 |   3.150 |    4.607 | 
     | U4201                | A2 v -> ZN ^ | NOR2_X1   | 0.055 |   3.206 |    4.663 | 
     | U4210                | A ^ -> ZN v  | INV_X1    | 0.010 |   3.216 |    4.673 | 
     | U4212                | B2 v -> ZN ^ | OAI21_X1  | 0.030 |   3.246 |    4.703 | 
     | p_reg_Y_temp_reg_60_ | D ^          | DFF_X1    | 0.000 |   3.246 |    4.703 | 
     +------------------------------------------------------------------------------+ 
Path 5: MET Setup Check with Pin p_reg_Y_temp_reg_58_/CK 
Endpoint:   p_reg_Y_temp_reg_58_/D (v) checked with  leading edge of 'CLK'
Beginpoint: B_reg_Y_temp_reg_5_/Q  (^) triggered by  leading edge of 'CLK'
Path Groups: {CLK}
Analysis View: default
Other End Arrival Time          0.050
- Setup                         0.026
+ Phase Shift                   4.732
- Uncertainty                   0.050
= Required Time                 4.706
- Arrival Time                  3.193
= Slack Time                    1.513
     Clock Rise Edge                 0.000
     + Clock Network Latency (Ideal) 0.050
     = Beginpoint Arrival Time       0.050
     +------------------------------------------------------------------------------+ 
     |       Instance       |     Arc      |   Cell    | Delay | Arrival | Required | 
     |                      |              |           |       |  Time   |   Time   | 
     |----------------------+--------------+-----------+-------+---------+----------| 
     | B_reg_Y_temp_reg_5_  | CK ^         |           |       |   0.050 |    1.563 | 
     | B_reg_Y_temp_reg_5_  | CK ^ -> Q ^  | DFF_X1    | 0.123 |   0.173 |    1.685 | 
     | U4625                | B2 ^ -> ZN v | AOI21_X1  | 0.017 |   0.190 |    1.702 | 
     | FE_OFC22_n8299       | A v -> Z v   | CLKBUF_X1 | 0.143 |   0.332 |    1.845 | 
     | U4783                | A v -> ZN ^  | INV_X2    | 0.132 |   0.465 |    1.977 | 
     | U4865                | B2 ^ -> ZN v | AOI22_X1  | 0.054 |   0.518 |    2.031 | 
     | U4619                | B v -> ZN v  | XNOR2_X1  | 0.053 |   0.572 |    2.085 | 
     | FE_OFC55_n4637       | A v -> Z v   | CLKBUF_X2 | 0.110 |   0.682 |    2.194 | 
     | U4984                | A v -> ZN v  | XNOR2_X1  | 0.067 |   0.748 |    2.261 | 
     | U4985                | B v -> ZN v  | XNOR2_X1  | 0.063 |   0.811 |    2.324 | 
     | U4987                | A1 v -> ZN ^ | AOI22_X1  | 0.039 |   0.850 |    2.362 | 
     | U4988                | A ^ -> ZN v  | OAI21_X1  | 0.023 |   0.873 |    2.386 | 
     | U4989                | A v -> ZN ^  | OAI21_X1  | 0.036 |   0.909 |    2.422 | 
     | U4991                | A ^ -> ZN ^  | XNOR2_X1  | 0.048 |   0.957 |    2.470 | 
     | U4992                | B ^ -> ZN ^  | XNOR2_X1  | 0.045 |   1.002 |    2.514 | 
     | U4993                | B ^ -> ZN ^  | XNOR2_X1  | 0.053 |   1.055 |    2.567 | 
     | U4994                | A ^ -> ZN v  | INV_X1    | 0.017 |   1.072 |    2.585 | 
     | U4995                | B v -> ZN v  | XNOR2_X1  | 0.048 |   1.119 |    2.632 | 
     | U5021                | A2 v -> ZN ^ | NOR2_X1   | 0.051 |   1.170 |    2.683 | 
     | U5027                | A ^ -> Z ^   | XOR2_X1   | 0.057 |   1.227 |    2.740 | 
     | U5028                | B ^ -> ZN ^  | XNOR2_X1  | 0.045 |   1.273 |    2.785 | 
     | U5029                | B ^ -> ZN ^  | XNOR2_X1  | 0.051 |   1.324 |    2.837 | 
     | U5079                | B ^ -> ZN v  | XNOR2_X1  | 0.033 |   1.357 |    2.870 | 
     | U5080                | A2 v -> ZN ^ | NAND2_X1  | 0.036 |   1.394 |    2.906 | 
     | U5111                | A ^ -> Z ^   | XOR2_X1   | 0.068 |   1.461 |    2.974 | 
     | U5117                | A ^ -> ZN ^  | XNOR2_X1  | 0.049 |   1.510 |    3.022 | 
     | U5118                | B ^ -> Z ^   | XOR2_X1   | 0.053 |   1.562 |    3.075 | 
     | U5119                | B ^ -> Z ^   | XOR2_X1   | 0.057 |   1.620 |    3.132 | 
     | U5123                | A1 ^ -> ZN ^ | AND2_X1   | 0.043 |   1.663 |    3.175 | 
     | U5406                | A1 ^ -> ZN v | NOR2_X1   | 0.015 |   1.677 |    3.190 | 
     | U5407                | B2 v -> ZN ^ | AOI221_X1 | 0.078 |   1.755 |    3.268 | 
     | U5412                | B1 ^ -> ZN v | AOI21_X1  | 0.049 |   1.804 |    3.317 | 
     | U7353                | C1 v -> ZN ^ | AOI211_X1 | 0.046 |   1.850 |    3.363 | 
     | U7360                | B1 ^ -> ZN v | AOI221_X1 | 0.051 |   1.901 |    3.414 | 
     | U7361                | B1 v -> ZN ^ | AOI22_X1  | 0.050 |   1.951 |    3.463 | 
     | U7362                | C1 ^ -> ZN v | AOI211_X1 | 0.020 |   1.970 |    3.483 | 
     | U7368                | B1 v -> ZN ^ | AOI221_X1 | 0.104 |   2.074 |    3.586 | 
     | U7376                | A ^ -> ZN v  | INV_X1    | 0.009 |   2.082 |    3.595 | 
     | U7377                | A3 v -> ZN ^ | NOR3_X1   | 0.055 |   2.138 |    3.650 | 
     | U7381                | C1 ^ -> ZN v | OAI211_X1 | 0.025 |   2.163 |    3.675 | 
     | U7382                | A2 v -> ZN ^ | NAND2_X1  | 0.028 |   2.191 |    3.704 | 
     | U7391                | A3 ^ -> ZN v | NOR3_X1   | 0.016 |   2.207 |    3.720 | 
     | U7397                | B2 v -> ZN ^ | AOI221_X1 | 0.079 |   2.286 |    3.799 | 
     | U7399                | B1 ^ -> ZN v | AOI22_X1  | 0.040 |   2.326 |    3.839 | 
     | U7400                | B1 v -> ZN ^ | AOI21_X1  | 0.032 |   2.358 |    3.870 | 
     | U7401                | C1 ^ -> ZN v | AOI211_X1 | 0.019 |   2.377 |    3.889 | 
     | U7402                | A1 v -> ZN ^ | NOR2_X1   | 0.025 |   2.401 |    3.914 | 
     | U7408                | B1 ^ -> ZN v | AOI21_X1  | 0.027 |   2.428 |    3.941 | 
     | U7409                | A v -> ZN ^  | INV_X1    | 0.051 |   2.479 |    3.992 | 
     | U7416                | A3 ^ -> ZN v | NAND3_X1  | 0.031 |   2.510 |    4.023 | 
     | U7418                | C2 v -> ZN ^ | OAI221_X1 | 0.097 |   2.607 |    4.120 | 
     | U7430                | B1 ^ -> ZN v | AOI21_X1  | 0.022 |   2.629 |    4.142 | 
     | U7431                | A4 v -> ZN ^ | NOR4_X1   | 0.112 |   2.741 |    4.254 | 
     | U8138                | C2 ^ -> ZN v | OAI221_X1 | 0.046 |   2.787 |    4.299 | 
     | U8140                | A1 v -> ZN ^ | NAND2_X1  | 0.045 |   2.832 |    4.345 | 
     | U8141                | A ^ -> ZN v  | INV_X1    | 0.026 |   2.859 |    4.371 | 
     | U4632                | B1 v -> ZN ^ | AOI221_X2 | 0.109 |   2.967 |    4.480 | 
     | U8635                | C2 ^ -> ZN v | OAI221_X1 | 0.044 |   3.011 |    4.524 | 
     | U8636                | B2 v -> ZN ^ | OAI21_X1  | 0.059 |   3.070 |    4.583 | 
     | U4215                | A1 ^ -> ZN v | NOR2_X1   | 0.024 |   3.094 |    4.607 | 
     | U4218                | C1 v -> ZN ^ | AOI222_X1 | 0.091 |   3.185 |    4.698 | 
     | U4219                | A ^ -> ZN v  | INV_X1    | 0.008 |   3.193 |    4.706 | 
     | p_reg_Y_temp_reg_58_ | D v          | DFF_X1    | 0.000 |   3.193 |    4.706 | 
     +------------------------------------------------------------------------------+ 
Path 6: MET Setup Check with Pin p_reg_Y_temp_reg_59_/CK 
Endpoint:   p_reg_Y_temp_reg_59_/D (v) checked with  leading edge of 'CLK'
Beginpoint: B_reg_Y_temp_reg_5_/Q  (^) triggered by  leading edge of 'CLK'
Path Groups: {CLK}
Analysis View: default
Other End Arrival Time          0.050
- Setup                         0.026
+ Phase Shift                   4.732
- Uncertainty                   0.050
= Required Time                 4.706
- Arrival Time                  3.193
= Slack Time                    1.513
     Clock Rise Edge                 0.000
     + Clock Network Latency (Ideal) 0.050
     = Beginpoint Arrival Time       0.050
     +------------------------------------------------------------------------------+ 
     |       Instance       |     Arc      |   Cell    | Delay | Arrival | Required | 
     |                      |              |           |       |  Time   |   Time   | 
     |----------------------+--------------+-----------+-------+---------+----------| 
     | B_reg_Y_temp_reg_5_  | CK ^         |           |       |   0.050 |    1.563 | 
     | B_reg_Y_temp_reg_5_  | CK ^ -> Q ^  | DFF_X1    | 0.123 |   0.173 |    1.686 | 
     | U4625                | B2 ^ -> ZN v | AOI21_X1  | 0.017 |   0.190 |    1.703 | 
     | FE_OFC22_n8299       | A v -> Z v   | CLKBUF_X1 | 0.143 |   0.332 |    1.845 | 
     | U4783                | A v -> ZN ^  | INV_X2    | 0.132 |   0.465 |    1.978 | 
     | U4865                | B2 ^ -> ZN v | AOI22_X1  | 0.054 |   0.518 |    2.031 | 
     | U4619                | B v -> ZN v  | XNOR2_X1  | 0.053 |   0.572 |    2.085 | 
     | FE_OFC55_n4637       | A v -> Z v   | CLKBUF_X2 | 0.110 |   0.682 |    2.194 | 
     | U4984                | A v -> ZN v  | XNOR2_X1  | 0.067 |   0.748 |    2.261 | 
     | U4985                | B v -> ZN v  | XNOR2_X1  | 0.063 |   0.811 |    2.324 | 
     | U4987                | A1 v -> ZN ^ | AOI22_X1  | 0.039 |   0.850 |    2.363 | 
     | U4988                | A ^ -> ZN v  | OAI21_X1  | 0.023 |   0.873 |    2.386 | 
     | U4989                | A v -> ZN ^  | OAI21_X1  | 0.036 |   0.909 |    2.422 | 
     | U4991                | A ^ -> ZN ^  | XNOR2_X1  | 0.048 |   0.957 |    2.470 | 
     | U4992                | B ^ -> ZN ^  | XNOR2_X1  | 0.045 |   1.002 |    2.515 | 
     | U4993                | B ^ -> ZN ^  | XNOR2_X1  | 0.053 |   1.055 |    2.567 | 
     | U4994                | A ^ -> ZN v  | INV_X1    | 0.017 |   1.072 |    2.585 | 
     | U4995                | B v -> ZN v  | XNOR2_X1  | 0.048 |   1.119 |    2.632 | 
     | U5021                | A2 v -> ZN ^ | NOR2_X1   | 0.051 |   1.170 |    2.683 | 
     | U5027                | A ^ -> Z ^   | XOR2_X1   | 0.057 |   1.227 |    2.740 | 
     | U5028                | B ^ -> ZN ^  | XNOR2_X1  | 0.045 |   1.273 |    2.786 | 
     | U5029                | B ^ -> ZN ^  | XNOR2_X1  | 0.051 |   1.324 |    2.837 | 
     | U5079                | B ^ -> ZN v  | XNOR2_X1  | 0.033 |   1.357 |    2.870 | 
     | U5080                | A2 v -> ZN ^ | NAND2_X1  | 0.036 |   1.394 |    2.906 | 
     | U5111                | A ^ -> Z ^   | XOR2_X1   | 0.068 |   1.461 |    2.974 | 
     | U5117                | A ^ -> ZN ^  | XNOR2_X1  | 0.049 |   1.510 |    3.023 | 
     | U5118                | B ^ -> Z ^   | XOR2_X1   | 0.053 |   1.562 |    3.075 | 
     | U5119                | B ^ -> Z ^   | XOR2_X1   | 0.057 |   1.620 |    3.132 | 
     | U5123                | A1 ^ -> ZN ^ | AND2_X1   | 0.043 |   1.663 |    3.176 | 
     | U5406                | A1 ^ -> ZN v | NOR2_X1   | 0.015 |   1.677 |    3.190 | 
     | U5407                | B2 v -> ZN ^ | AOI221_X1 | 0.078 |   1.755 |    3.268 | 
     | U5412                | B1 ^ -> ZN v | AOI21_X1  | 0.049 |   1.804 |    3.317 | 
     | U7353                | C1 v -> ZN ^ | AOI211_X1 | 0.046 |   1.850 |    3.363 | 
     | U7360                | B1 ^ -> ZN v | AOI221_X1 | 0.051 |   1.901 |    3.414 | 
     | U7361                | B1 v -> ZN ^ | AOI22_X1  | 0.050 |   1.951 |    3.463 | 
     | U7362                | C1 ^ -> ZN v | AOI211_X1 | 0.020 |   1.970 |    3.483 | 
     | U7368                | B1 v -> ZN ^ | AOI221_X1 | 0.104 |   2.074 |    3.587 | 
     | U7376                | A ^ -> ZN v  | INV_X1    | 0.009 |   2.082 |    3.595 | 
     | U7377                | A3 v -> ZN ^ | NOR3_X1   | 0.055 |   2.138 |    3.651 | 
     | U7381                | C1 ^ -> ZN v | OAI211_X1 | 0.025 |   2.163 |    3.676 | 
     | U7382                | A2 v -> ZN ^ | NAND2_X1  | 0.028 |   2.191 |    3.704 | 
     | U7391                | A3 ^ -> ZN v | NOR3_X1   | 0.016 |   2.207 |    3.720 | 
     | U7397                | B2 v -> ZN ^ | AOI221_X1 | 0.079 |   2.286 |    3.799 | 
     | U7399                | B1 ^ -> ZN v | AOI22_X1  | 0.040 |   2.326 |    3.839 | 
     | U7400                | B1 v -> ZN ^ | AOI21_X1  | 0.032 |   2.358 |    3.871 | 
     | U7401                | C1 ^ -> ZN v | AOI211_X1 | 0.019 |   2.377 |    3.889 | 
     | U7402                | A1 v -> ZN ^ | NOR2_X1   | 0.025 |   2.401 |    3.914 | 
     | U7408                | B1 ^ -> ZN v | AOI21_X1  | 0.027 |   2.428 |    3.941 | 
     | U7409                | A v -> ZN ^  | INV_X1    | 0.051 |   2.479 |    3.992 | 
     | U7416                | A3 ^ -> ZN v | NAND3_X1  | 0.031 |   2.510 |    4.023 | 
     | U7418                | C2 v -> ZN ^ | OAI221_X1 | 0.097 |   2.607 |    4.120 | 
     | U7430                | B1 ^ -> ZN v | AOI21_X1  | 0.022 |   2.629 |    4.142 | 
     | U7431                | A4 v -> ZN ^ | NOR4_X1   | 0.112 |   2.741 |    4.254 | 
     | U8138                | C2 ^ -> ZN v | OAI221_X1 | 0.046 |   2.787 |    4.300 | 
     | U8140                | A1 v -> ZN ^ | NAND2_X1  | 0.045 |   2.832 |    4.345 | 
     | U8141                | A ^ -> ZN v  | INV_X1    | 0.026 |   2.859 |    4.371 | 
     | U4632                | B1 v -> ZN ^ | AOI221_X2 | 0.109 |   2.967 |    4.480 | 
     | U8635                | C2 ^ -> ZN v | OAI221_X1 | 0.044 |   3.011 |    4.524 | 
     | U8636                | B2 v -> ZN ^ | OAI21_X1  | 0.059 |   3.070 |    4.583 | 
     | U4215                | A1 ^ -> ZN v | NOR2_X1   | 0.024 |   3.094 |    4.607 | 
     | U4216                | C1 v -> ZN ^ | AOI222_X1 | 0.091 |   3.185 |    4.698 | 
     | U4217                | A ^ -> ZN v  | INV_X1    | 0.008 |   3.193 |    4.706 | 
     | p_reg_Y_temp_reg_59_ | D v          | DFF_X1    | 0.000 |   3.193 |    4.706 | 
     +------------------------------------------------------------------------------+ 
Path 7: MET Setup Check with Pin p_reg_Y_temp_reg_57_/CK 
Endpoint:   p_reg_Y_temp_reg_57_/D (v) checked with  leading edge of 'CLK'
Beginpoint: B_reg_Y_temp_reg_5_/Q  (^) triggered by  leading edge of 'CLK'
Path Groups: {CLK}
Analysis View: default
Other End Arrival Time          0.050
- Setup                         0.026
+ Phase Shift                   4.732
- Uncertainty                   0.050
= Required Time                 4.706
- Arrival Time                  3.193
= Slack Time                    1.513
     Clock Rise Edge                 0.000
     + Clock Network Latency (Ideal) 0.050
     = Beginpoint Arrival Time       0.050
     +------------------------------------------------------------------------------+ 
     |       Instance       |     Arc      |   Cell    | Delay | Arrival | Required | 
     |                      |              |           |       |  Time   |   Time   | 
     |----------------------+--------------+-----------+-------+---------+----------| 
     | B_reg_Y_temp_reg_5_  | CK ^         |           |       |   0.050 |    1.563 | 
     | B_reg_Y_temp_reg_5_  | CK ^ -> Q ^  | DFF_X1    | 0.123 |   0.173 |    1.686 | 
     | U4625                | B2 ^ -> ZN v | AOI21_X1  | 0.017 |   0.190 |    1.703 | 
     | FE_OFC22_n8299       | A v -> Z v   | CLKBUF_X1 | 0.143 |   0.332 |    1.846 | 
     | U4783                | A v -> ZN ^  | INV_X2    | 0.132 |   0.465 |    1.978 | 
     | U4865                | B2 ^ -> ZN v | AOI22_X1  | 0.054 |   0.518 |    2.032 | 
     | U4619                | B v -> ZN v  | XNOR2_X1  | 0.053 |   0.572 |    2.085 | 
     | FE_OFC55_n4637       | A v -> Z v   | CLKBUF_X2 | 0.110 |   0.682 |    2.195 | 
     | U4984                | A v -> ZN v  | XNOR2_X1  | 0.067 |   0.748 |    2.261 | 
     | U4985                | B v -> ZN v  | XNOR2_X1  | 0.063 |   0.811 |    2.324 | 
     | U4987                | A1 v -> ZN ^ | AOI22_X1  | 0.039 |   0.850 |    2.363 | 
     | U4988                | A ^ -> ZN v  | OAI21_X1  | 0.023 |   0.873 |    2.386 | 
     | U4989                | A v -> ZN ^  | OAI21_X1  | 0.036 |   0.909 |    2.422 | 
     | U4991                | A ^ -> ZN ^  | XNOR2_X1  | 0.048 |   0.957 |    2.470 | 
     | U4992                | B ^ -> ZN ^  | XNOR2_X1  | 0.045 |   1.002 |    2.515 | 
     | U4993                | B ^ -> ZN ^  | XNOR2_X1  | 0.053 |   1.055 |    2.568 | 
     | U4994                | A ^ -> ZN v  | INV_X1    | 0.017 |   1.072 |    2.585 | 
     | U4995                | B v -> ZN v  | XNOR2_X1  | 0.048 |   1.119 |    2.633 | 
     | U5021                | A2 v -> ZN ^ | NOR2_X1   | 0.051 |   1.170 |    2.683 | 
     | U5027                | A ^ -> Z ^   | XOR2_X1   | 0.057 |   1.227 |    2.741 | 
     | U5028                | B ^ -> ZN ^  | XNOR2_X1  | 0.045 |   1.273 |    2.786 | 
     | U5029                | B ^ -> ZN ^  | XNOR2_X1  | 0.051 |   1.324 |    2.837 | 
     | U5079                | B ^ -> ZN v  | XNOR2_X1  | 0.033 |   1.357 |    2.870 | 
     | U5080                | A2 v -> ZN ^ | NAND2_X1  | 0.036 |   1.394 |    2.907 | 
     | U5111                | A ^ -> Z ^   | XOR2_X1   | 0.068 |   1.461 |    2.974 | 
     | U5117                | A ^ -> ZN ^  | XNOR2_X1  | 0.049 |   1.510 |    3.023 | 
     | U5118                | B ^ -> Z ^   | XOR2_X1   | 0.053 |   1.562 |    3.076 | 
     | U5119                | B ^ -> Z ^   | XOR2_X1   | 0.057 |   1.620 |    3.133 | 
     | U5123                | A1 ^ -> ZN ^ | AND2_X1   | 0.043 |   1.663 |    3.176 | 
     | U5406                | A1 ^ -> ZN v | NOR2_X1   | 0.015 |   1.677 |    3.190 | 
     | U5407                | B2 v -> ZN ^ | AOI221_X1 | 0.078 |   1.755 |    3.268 | 
     | U5412                | B1 ^ -> ZN v | AOI21_X1  | 0.049 |   1.804 |    3.317 | 
     | U7353                | C1 v -> ZN ^ | AOI211_X1 | 0.046 |   1.850 |    3.364 | 
     | U7360                | B1 ^ -> ZN v | AOI221_X1 | 0.051 |   1.901 |    3.414 | 
     | U7361                | B1 v -> ZN ^ | AOI22_X1  | 0.050 |   1.951 |    3.464 | 
     | U7362                | C1 ^ -> ZN v | AOI211_X1 | 0.020 |   1.970 |    3.483 | 
     | U7368                | B1 v -> ZN ^ | AOI221_X1 | 0.104 |   2.074 |    3.587 | 
     | U7376                | A ^ -> ZN v  | INV_X1    | 0.009 |   2.082 |    3.595 | 
     | U7377                | A3 v -> ZN ^ | NOR3_X1   | 0.055 |   2.138 |    3.651 | 
     | U7381                | C1 ^ -> ZN v | OAI211_X1 | 0.025 |   2.163 |    3.676 | 
     | U7382                | A2 v -> ZN ^ | NAND2_X1  | 0.028 |   2.191 |    3.704 | 
     | U7391                | A3 ^ -> ZN v | NOR3_X1   | 0.016 |   2.207 |    3.720 | 
     | U7397                | B2 v -> ZN ^ | AOI221_X1 | 0.079 |   2.286 |    3.799 | 
     | U7399                | B1 ^ -> ZN v | AOI22_X1  | 0.040 |   2.326 |    3.839 | 
     | U7400                | B1 v -> ZN ^ | AOI21_X1  | 0.032 |   2.358 |    3.871 | 
     | U7401                | C1 ^ -> ZN v | AOI211_X1 | 0.019 |   2.377 |    3.890 | 
     | U7402                | A1 v -> ZN ^ | NOR2_X1   | 0.025 |   2.401 |    3.914 | 
     | U7408                | B1 ^ -> ZN v | AOI21_X1  | 0.027 |   2.428 |    3.941 | 
     | U7409                | A v -> ZN ^  | INV_X1    | 0.051 |   2.479 |    3.992 | 
     | U7416                | A3 ^ -> ZN v | NAND3_X1  | 0.031 |   2.510 |    4.023 | 
     | U7418                | C2 v -> ZN ^ | OAI221_X1 | 0.097 |   2.607 |    4.120 | 
     | U7430                | B1 ^ -> ZN v | AOI21_X1  | 0.022 |   2.629 |    4.142 | 
     | U7431                | A4 v -> ZN ^ | NOR4_X1   | 0.112 |   2.741 |    4.254 | 
     | U8138                | C2 ^ -> ZN v | OAI221_X1 | 0.046 |   2.787 |    4.300 | 
     | U8140                | A1 v -> ZN ^ | NAND2_X1  | 0.045 |   2.832 |    4.345 | 
     | U8141                | A ^ -> ZN v  | INV_X1    | 0.026 |   2.859 |    4.372 | 
     | U4632                | B1 v -> ZN ^ | AOI221_X2 | 0.109 |   2.967 |    4.480 | 
     | U8635                | C2 ^ -> ZN v | OAI221_X1 | 0.044 |   3.011 |    4.525 | 
     | U8636                | B2 v -> ZN ^ | OAI21_X1  | 0.059 |   3.070 |    4.583 | 
     | U4215                | A1 ^ -> ZN v | NOR2_X1   | 0.024 |   3.094 |    4.607 | 
     | U4220                | C1 v -> ZN ^ | AOI222_X1 | 0.091 |   3.185 |    4.698 | 
     | U4221                | A ^ -> ZN v  | INV_X1    | 0.008 |   3.193 |    4.706 | 
     | p_reg_Y_temp_reg_57_ | D v          | DFF_X1    | 0.000 |   3.193 |    4.706 | 
     +------------------------------------------------------------------------------+ 
Path 8: MET Setup Check with Pin p_reg_Y_temp_reg_56_/CK 
Endpoint:   p_reg_Y_temp_reg_56_/D (v) checked with  leading edge of 'CLK'
Beginpoint: B_reg_Y_temp_reg_5_/Q  (^) triggered by  leading edge of 'CLK'
Path Groups: {CLK}
Analysis View: default
Other End Arrival Time          0.050
- Setup                         0.027
+ Phase Shift                   4.732
- Uncertainty                   0.050
= Required Time                 4.705
- Arrival Time                  3.164
= Slack Time                    1.541
     Clock Rise Edge                 0.000
     + Clock Network Latency (Ideal) 0.050
     = Beginpoint Arrival Time       0.050
     +------------------------------------------------------------------------------+ 
     |       Instance       |     Arc      |   Cell    | Delay | Arrival | Required | 
     |                      |              |           |       |  Time   |   Time   | 
     |----------------------+--------------+-----------+-------+---------+----------| 
     | B_reg_Y_temp_reg_5_  | CK ^         |           |       |   0.050 |    1.591 | 
     | B_reg_Y_temp_reg_5_  | CK ^ -> Q ^  | DFF_X1    | 0.123 |   0.173 |    1.713 | 
     | U4625                | B2 ^ -> ZN v | AOI21_X1  | 0.017 |   0.190 |    1.730 | 
     | FE_OFC22_n8299       | A v -> Z v   | CLKBUF_X1 | 0.143 |   0.332 |    1.873 | 
     | U4783                | A v -> ZN ^  | INV_X2    | 0.132 |   0.465 |    2.005 | 
     | U4865                | B2 ^ -> ZN v | AOI22_X1  | 0.054 |   0.518 |    2.059 | 
     | U4619                | B v -> ZN v  | XNOR2_X1  | 0.053 |   0.572 |    2.112 | 
     | FE_OFC55_n4637       | A v -> Z v   | CLKBUF_X2 | 0.110 |   0.682 |    2.222 | 
     | U4984                | A v -> ZN v  | XNOR2_X1  | 0.067 |   0.748 |    2.289 | 
     | U4985                | B v -> ZN v  | XNOR2_X1  | 0.063 |   0.811 |    2.352 | 
     | U4987                | A1 v -> ZN ^ | AOI22_X1  | 0.039 |   0.850 |    2.390 | 
     | U4988                | A ^ -> ZN v  | OAI21_X1  | 0.023 |   0.873 |    2.414 | 
     | U4989                | A v -> ZN ^  | OAI21_X1  | 0.036 |   0.909 |    2.450 | 
     | U4991                | A ^ -> ZN ^  | XNOR2_X1  | 0.048 |   0.957 |    2.498 | 
     | U4992                | B ^ -> ZN ^  | XNOR2_X1  | 0.045 |   1.002 |    2.542 | 
     | U4993                | B ^ -> ZN ^  | XNOR2_X1  | 0.053 |   1.055 |    2.595 | 
     | U4994                | A ^ -> ZN v  | INV_X1    | 0.017 |   1.072 |    2.612 | 
     | U4995                | B v -> ZN v  | XNOR2_X1  | 0.048 |   1.119 |    2.660 | 
     | U5021                | A2 v -> ZN ^ | NOR2_X1   | 0.051 |   1.170 |    2.711 | 
     | U5027                | A ^ -> Z ^   | XOR2_X1   | 0.057 |   1.227 |    2.768 | 
     | U5028                | B ^ -> ZN ^  | XNOR2_X1  | 0.045 |   1.273 |    2.813 | 
     | U5029                | B ^ -> ZN ^  | XNOR2_X1  | 0.051 |   1.324 |    2.865 | 
     | U5079                | B ^ -> ZN v  | XNOR2_X1  | 0.033 |   1.357 |    2.898 | 
     | U5080                | A2 v -> ZN ^ | NAND2_X1  | 0.036 |   1.394 |    2.934 | 
     | U5111                | A ^ -> Z ^   | XOR2_X1   | 0.068 |   1.461 |    3.002 | 
     | U5117                | A ^ -> ZN ^  | XNOR2_X1  | 0.049 |   1.510 |    3.050 | 
     | U5118                | B ^ -> Z ^   | XOR2_X1   | 0.053 |   1.562 |    3.103 | 
     | U5119                | B ^ -> Z ^   | XOR2_X1   | 0.057 |   1.620 |    3.160 | 
     | U5123                | A1 ^ -> ZN ^ | AND2_X1   | 0.043 |   1.663 |    3.203 | 
     | U5406                | A1 ^ -> ZN v | NOR2_X1   | 0.015 |   1.677 |    3.218 | 
     | U5407                | B2 v -> ZN ^ | AOI221_X1 | 0.078 |   1.755 |    3.296 | 
     | U5412                | B1 ^ -> ZN v | AOI21_X1  | 0.049 |   1.804 |    3.345 | 
     | U7353                | C1 v -> ZN ^ | AOI211_X1 | 0.046 |   1.850 |    3.391 | 
     | U7360                | B1 ^ -> ZN v | AOI221_X1 | 0.051 |   1.901 |    3.441 | 
     | U7361                | B1 v -> ZN ^ | AOI22_X1  | 0.050 |   1.951 |    3.491 | 
     | U7362                | C1 ^ -> ZN v | AOI211_X1 | 0.020 |   1.970 |    3.511 | 
     | U7368                | B1 v -> ZN ^ | AOI221_X1 | 0.104 |   2.074 |    3.614 | 
     | U7376                | A ^ -> ZN v  | INV_X1    | 0.009 |   2.082 |    3.623 | 
     | U7377                | A3 v -> ZN ^ | NOR3_X1   | 0.055 |   2.138 |    3.678 | 
     | U7381                | C1 ^ -> ZN v | OAI211_X1 | 0.025 |   2.163 |    3.703 | 
     | U7382                | A2 v -> ZN ^ | NAND2_X1  | 0.028 |   2.191 |    3.732 | 
     | U7391                | A3 ^ -> ZN v | NOR3_X1   | 0.016 |   2.207 |    3.748 | 
     | U7397                | B2 v -> ZN ^ | AOI221_X1 | 0.079 |   2.286 |    3.827 | 
     | U7399                | B1 ^ -> ZN v | AOI22_X1  | 0.040 |   2.326 |    3.867 | 
     | U7400                | B1 v -> ZN ^ | AOI21_X1  | 0.032 |   2.358 |    3.898 | 
     | U7401                | C1 ^ -> ZN v | AOI211_X1 | 0.019 |   2.377 |    3.917 | 
     | U7402                | A1 v -> ZN ^ | NOR2_X1   | 0.025 |   2.401 |    3.942 | 
     | U7408                | B1 ^ -> ZN v | AOI21_X1  | 0.027 |   2.428 |    3.969 | 
     | U7409                | A v -> ZN ^  | INV_X1    | 0.051 |   2.479 |    4.020 | 
     | U7416                | A3 ^ -> ZN v | NAND3_X1  | 0.031 |   2.510 |    4.050 | 
     | U7418                | C2 v -> ZN ^ | OAI221_X1 | 0.097 |   2.607 |    4.148 | 
     | U7430                | B1 ^ -> ZN v | AOI21_X1  | 0.022 |   2.629 |    4.170 | 
     | U7431                | A4 v -> ZN ^ | NOR4_X1   | 0.112 |   2.741 |    4.281 | 
     | U8138                | C2 ^ -> ZN v | OAI221_X1 | 0.046 |   2.787 |    4.327 | 
     | U8140                | A1 v -> ZN ^ | NAND2_X1  | 0.045 |   2.832 |    4.373 | 
     | U8141                | A ^ -> ZN v  | INV_X1    | 0.026 |   2.859 |    4.399 | 
     | U4632                | B1 v -> ZN ^ | AOI221_X2 | 0.109 |   2.967 |    4.508 | 
     | U8635                | C2 ^ -> ZN v | OAI221_X1 | 0.044 |   3.011 |    4.552 | 
     | U8636                | B2 v -> ZN ^ | OAI21_X1  | 0.059 |   3.070 |    4.611 | 
     | U4215                | A1 ^ -> ZN v | NOR2_X1   | 0.024 |   3.094 |    4.634 | 
     | U4222                | B1 v -> ZN ^ | AOI22_X1  | 0.047 |   3.141 |    4.682 | 
     | U4223                | A ^ -> ZN v  | OAI21_X1  | 0.023 |   3.164 |    4.704 | 
     | p_reg_Y_temp_reg_56_ | D v          | DFF_X1    | 0.000 |   3.164 |    4.705 | 
     +------------------------------------------------------------------------------+ 
Path 9: MET Setup Check with Pin p_reg_Y_temp_reg_53_/CK 
Endpoint:   p_reg_Y_temp_reg_53_/D (v) checked with  leading edge of 'CLK'
Beginpoint: B_reg_Y_temp_reg_5_/Q  (^) triggered by  leading edge of 'CLK'
Path Groups: {CLK}
Analysis View: default
Other End Arrival Time          0.050
- Setup                         0.030
+ Phase Shift                   4.732
- Uncertainty                   0.050
= Required Time                 4.701
- Arrival Time                  3.054
= Slack Time                    1.647
     Clock Rise Edge                 0.000
     + Clock Network Latency (Ideal) 0.050
     = Beginpoint Arrival Time       0.050
     +------------------------------------------------------------------------------+ 
     |       Instance       |     Arc      |   Cell    | Delay | Arrival | Required | 
     |                      |              |           |       |  Time   |   Time   | 
     |----------------------+--------------+-----------+-------+---------+----------| 
     | B_reg_Y_temp_reg_5_  | CK ^         |           |       |   0.050 |    1.697 | 
     | B_reg_Y_temp_reg_5_  | CK ^ -> Q ^  | DFF_X1    | 0.123 |   0.173 |    1.820 | 
     | U4625                | B2 ^ -> ZN v | AOI21_X1  | 0.017 |   0.190 |    1.837 | 
     | FE_OFC22_n8299       | A v -> Z v   | CLKBUF_X1 | 0.143 |   0.332 |    1.980 | 
     | U4783                | A v -> ZN ^  | INV_X2    | 0.132 |   0.465 |    2.112 | 
     | U4865                | B2 ^ -> ZN v | AOI22_X1  | 0.054 |   0.518 |    2.166 | 
     | U4619                | B v -> ZN v  | XNOR2_X1  | 0.053 |   0.572 |    2.219 | 
     | FE_OFC55_n4637       | A v -> Z v   | CLKBUF_X2 | 0.110 |   0.682 |    2.329 | 
     | U4984                | A v -> ZN v  | XNOR2_X1  | 0.067 |   0.748 |    2.396 | 
     | U4985                | B v -> ZN v  | XNOR2_X1  | 0.063 |   0.811 |    2.459 | 
     | U4987                | A1 v -> ZN ^ | AOI22_X1  | 0.039 |   0.850 |    2.497 | 
     | U4988                | A ^ -> ZN v  | OAI21_X1  | 0.023 |   0.873 |    2.520 | 
     | U4989                | A v -> ZN ^  | OAI21_X1  | 0.036 |   0.909 |    2.556 | 
     | U4991                | A ^ -> ZN ^  | XNOR2_X1  | 0.048 |   0.957 |    2.604 | 
     | U4992                | B ^ -> ZN ^  | XNOR2_X1  | 0.045 |   1.002 |    2.649 | 
     | U4993                | B ^ -> ZN ^  | XNOR2_X1  | 0.053 |   1.055 |    2.702 | 
     | U4994                | A ^ -> ZN v  | INV_X1    | 0.017 |   1.072 |    2.719 | 
     | U4995                | B v -> ZN v  | XNOR2_X1  | 0.048 |   1.119 |    2.767 | 
     | U5021                | A2 v -> ZN ^ | NOR2_X1   | 0.051 |   1.170 |    2.818 | 
     | U5027                | A ^ -> Z ^   | XOR2_X1   | 0.057 |   1.227 |    2.875 | 
     | U5028                | B ^ -> ZN ^  | XNOR2_X1  | 0.045 |   1.273 |    2.920 | 
     | U5029                | B ^ -> ZN ^  | XNOR2_X1  | 0.051 |   1.324 |    2.972 | 
     | U5079                | B ^ -> ZN v  | XNOR2_X1  | 0.033 |   1.357 |    3.004 | 
     | U5080                | A2 v -> ZN ^ | NAND2_X1  | 0.036 |   1.394 |    3.041 | 
     | U5111                | A ^ -> Z ^   | XOR2_X1   | 0.068 |   1.461 |    3.109 | 
     | U5117                | A ^ -> ZN ^  | XNOR2_X1  | 0.049 |   1.510 |    3.157 | 
     | U5118                | B ^ -> Z ^   | XOR2_X1   | 0.053 |   1.562 |    3.210 | 
     | U5119                | B ^ -> Z ^   | XOR2_X1   | 0.057 |   1.620 |    3.267 | 
     | U5123                | A1 ^ -> ZN ^ | AND2_X1   | 0.043 |   1.663 |    3.310 | 
     | U5406                | A1 ^ -> ZN v | NOR2_X1   | 0.015 |   1.677 |    3.325 | 
     | U5407                | B2 v -> ZN ^ | AOI221_X1 | 0.078 |   1.755 |    3.402 | 
     | U5412                | B1 ^ -> ZN v | AOI21_X1  | 0.049 |   1.804 |    3.452 | 
     | U7353                | C1 v -> ZN ^ | AOI211_X1 | 0.046 |   1.850 |    3.498 | 
     | U7360                | B1 ^ -> ZN v | AOI221_X1 | 0.051 |   1.901 |    3.548 | 
     | U7361                | B1 v -> ZN ^ | AOI22_X1  | 0.050 |   1.951 |    3.598 | 
     | U7362                | C1 ^ -> ZN v | AOI211_X1 | 0.020 |   1.970 |    3.617 | 
     | U7368                | B1 v -> ZN ^ | AOI221_X1 | 0.104 |   2.074 |    3.721 | 
     | U7376                | A ^ -> ZN v  | INV_X1    | 0.009 |   2.082 |    3.730 | 
     | U7377                | A3 v -> ZN ^ | NOR3_X1   | 0.055 |   2.138 |    3.785 | 
     | U7381                | C1 ^ -> ZN v | OAI211_X1 | 0.025 |   2.163 |    3.810 | 
     | U7382                | A2 v -> ZN ^ | NAND2_X1  | 0.028 |   2.191 |    3.838 | 
     | U7391                | A3 ^ -> ZN v | NOR3_X1   | 0.016 |   2.207 |    3.855 | 
     | U7397                | B2 v -> ZN ^ | AOI221_X1 | 0.079 |   2.286 |    3.934 | 
     | U7399                | B1 ^ -> ZN v | AOI22_X1  | 0.040 |   2.326 |    3.974 | 
     | U7400                | B1 v -> ZN ^ | AOI21_X1  | 0.032 |   2.358 |    4.005 | 
     | U7401                | C1 ^ -> ZN v | AOI211_X1 | 0.019 |   2.377 |    4.024 | 
     | U7402                | A1 v -> ZN ^ | NOR2_X1   | 0.025 |   2.401 |    4.049 | 
     | U7408                | B1 ^ -> ZN v | AOI21_X1  | 0.027 |   2.428 |    4.075 | 
     | U7409                | A v -> ZN ^  | INV_X1    | 0.051 |   2.479 |    4.127 | 
     | U7416                | A3 ^ -> ZN v | NAND3_X1  | 0.031 |   2.510 |    4.157 | 
     | U7418                | C2 v -> ZN ^ | OAI221_X1 | 0.097 |   2.607 |    4.254 | 
     | U7430                | B1 ^ -> ZN v | AOI21_X1  | 0.022 |   2.629 |    4.276 | 
     | U7431                | A4 v -> ZN ^ | NOR4_X1   | 0.112 |   2.741 |    4.388 | 
     | U8138                | C2 ^ -> ZN v | OAI221_X1 | 0.046 |   2.787 |    4.434 | 
     | U8140                | A1 v -> ZN ^ | NAND2_X1  | 0.045 |   2.832 |    4.480 | 
     | U8141                | A ^ -> ZN v  | INV_X1    | 0.026 |   2.859 |    4.506 | 
     | U4632                | B1 v -> ZN ^ | AOI221_X2 | 0.109 |   2.967 |    4.615 | 
     | U8641                | A ^ -> ZN v  | INV_X1    | 0.021 |   2.988 |    4.636 | 
     | U4232                | C1 v -> ZN ^ | OAI221_X1 | 0.041 |   3.029 |    4.677 | 
     | U4233                | A ^ -> ZN v  | OAI21_X1  | 0.025 |   3.054 |    4.701 | 
     | p_reg_Y_temp_reg_53_ | D v          | DFF_X1    | 0.000 |   3.054 |    4.701 | 
     +------------------------------------------------------------------------------+ 
Path 10: MET Setup Check with Pin p_reg_Y_temp_reg_54_/CK 
Endpoint:   p_reg_Y_temp_reg_54_/D (v) checked with  leading edge of 'CLK'
Beginpoint: B_reg_Y_temp_reg_5_/Q  (^) triggered by  leading edge of 'CLK'
Path Groups: {CLK}
Analysis View: default
Other End Arrival Time          0.050
- Setup                         0.030
+ Phase Shift                   4.732
- Uncertainty                   0.050
= Required Time                 4.701
- Arrival Time                  3.053
= Slack Time                    1.648
     Clock Rise Edge                 0.000
     + Clock Network Latency (Ideal) 0.050
     = Beginpoint Arrival Time       0.050
     +------------------------------------------------------------------------------+ 
     |       Instance       |     Arc      |   Cell    | Delay | Arrival | Required | 
     |                      |              |           |       |  Time   |   Time   | 
     |----------------------+--------------+-----------+-------+---------+----------| 
     | B_reg_Y_temp_reg_5_  | CK ^         |           |       |   0.050 |    1.698 | 
     | B_reg_Y_temp_reg_5_  | CK ^ -> Q ^  | DFF_X1    | 0.123 |   0.173 |    1.821 | 
     | U4625                | B2 ^ -> ZN v | AOI21_X1  | 0.017 |   0.190 |    1.838 | 
     | FE_OFC22_n8299       | A v -> Z v   | CLKBUF_X1 | 0.143 |   0.332 |    1.981 | 
     | U4783                | A v -> ZN ^  | INV_X2    | 0.132 |   0.465 |    2.113 | 
     | U4865                | B2 ^ -> ZN v | AOI22_X1  | 0.054 |   0.518 |    2.167 | 
     | U4619                | B v -> ZN v  | XNOR2_X1  | 0.053 |   0.572 |    2.220 | 
     | FE_OFC55_n4637       | A v -> Z v   | CLKBUF_X2 | 0.110 |   0.682 |    2.330 | 
     | U4984                | A v -> ZN v  | XNOR2_X1  | 0.067 |   0.748 |    2.397 | 
     | U4985                | B v -> ZN v  | XNOR2_X1  | 0.063 |   0.811 |    2.460 | 
     | U4987                | A1 v -> ZN ^ | AOI22_X1  | 0.039 |   0.850 |    2.498 | 
     | U4988                | A ^ -> ZN v  | OAI21_X1  | 0.023 |   0.873 |    2.521 | 
     | U4989                | A v -> ZN ^  | OAI21_X1  | 0.036 |   0.909 |    2.557 | 
     | U4991                | A ^ -> ZN ^  | XNOR2_X1  | 0.048 |   0.957 |    2.605 | 
     | U4992                | B ^ -> ZN ^  | XNOR2_X1  | 0.045 |   1.002 |    2.650 | 
     | U4993                | B ^ -> ZN ^  | XNOR2_X1  | 0.053 |   1.055 |    2.703 | 
     | U4994                | A ^ -> ZN v  | INV_X1    | 0.017 |   1.072 |    2.720 | 
     | U4995                | B v -> ZN v  | XNOR2_X1  | 0.048 |   1.119 |    2.768 | 
     | U5021                | A2 v -> ZN ^ | NOR2_X1   | 0.051 |   1.170 |    2.819 | 
     | U5027                | A ^ -> Z ^   | XOR2_X1   | 0.057 |   1.227 |    2.876 | 
     | U5028                | B ^ -> ZN ^  | XNOR2_X1  | 0.045 |   1.273 |    2.921 | 
     | U5029                | B ^ -> ZN ^  | XNOR2_X1  | 0.051 |   1.324 |    2.973 | 
     | U5079                | B ^ -> ZN v  | XNOR2_X1  | 0.033 |   1.357 |    3.005 | 
     | U5080                | A2 v -> ZN ^ | NAND2_X1  | 0.036 |   1.394 |    3.042 | 
     | U5111                | A ^ -> Z ^   | XOR2_X1   | 0.068 |   1.461 |    3.110 | 
     | U5117                | A ^ -> ZN ^  | XNOR2_X1  | 0.049 |   1.510 |    3.158 | 
     | U5118                | B ^ -> Z ^   | XOR2_X1   | 0.053 |   1.562 |    3.211 | 
     | U5119                | B ^ -> Z ^   | XOR2_X1   | 0.057 |   1.620 |    3.268 | 
     | U5123                | A1 ^ -> ZN ^ | AND2_X1   | 0.043 |   1.663 |    3.311 | 
     | U5406                | A1 ^ -> ZN v | NOR2_X1   | 0.015 |   1.677 |    3.326 | 
     | U5407                | B2 v -> ZN ^ | AOI221_X1 | 0.078 |   1.755 |    3.403 | 
     | U5412                | B1 ^ -> ZN v | AOI21_X1  | 0.049 |   1.804 |    3.453 | 
     | U7353                | C1 v -> ZN ^ | AOI211_X1 | 0.046 |   1.850 |    3.499 | 
     | U7360                | B1 ^ -> ZN v | AOI221_X1 | 0.051 |   1.901 |    3.549 | 
     | U7361                | B1 v -> ZN ^ | AOI22_X1  | 0.050 |   1.951 |    3.599 | 
     | U7362                | C1 ^ -> ZN v | AOI211_X1 | 0.020 |   1.970 |    3.618 | 
     | U7368                | B1 v -> ZN ^ | AOI221_X1 | 0.104 |   2.074 |    3.722 | 
     | U7376                | A ^ -> ZN v  | INV_X1    | 0.009 |   2.082 |    3.731 | 
     | U7377                | A3 v -> ZN ^ | NOR3_X1   | 0.055 |   2.138 |    3.786 | 
     | U7381                | C1 ^ -> ZN v | OAI211_X1 | 0.025 |   2.163 |    3.811 | 
     | U7382                | A2 v -> ZN ^ | NAND2_X1  | 0.028 |   2.191 |    3.839 | 
     | U7391                | A3 ^ -> ZN v | NOR3_X1   | 0.016 |   2.207 |    3.856 | 
     | U7397                | B2 v -> ZN ^ | AOI221_X1 | 0.079 |   2.286 |    3.935 | 
     | U7399                | B1 ^ -> ZN v | AOI22_X1  | 0.040 |   2.326 |    3.975 | 
     | U7400                | B1 v -> ZN ^ | AOI21_X1  | 0.032 |   2.358 |    4.006 | 
     | U7401                | C1 ^ -> ZN v | AOI211_X1 | 0.019 |   2.377 |    4.025 | 
     | U7402                | A1 v -> ZN ^ | NOR2_X1   | 0.025 |   2.401 |    4.050 | 
     | U7408                | B1 ^ -> ZN v | AOI21_X1  | 0.027 |   2.428 |    4.076 | 
     | U7409                | A v -> ZN ^  | INV_X1    | 0.051 |   2.479 |    4.128 | 
     | U7416                | A3 ^ -> ZN v | NAND3_X1  | 0.031 |   2.510 |    4.158 | 
     | U7418                | C2 v -> ZN ^ | OAI221_X1 | 0.097 |   2.607 |    4.255 | 
     | U7430                | B1 ^ -> ZN v | AOI21_X1  | 0.022 |   2.629 |    4.277 | 
     | U7431                | A4 v -> ZN ^ | NOR4_X1   | 0.112 |   2.741 |    4.389 | 
     | U8138                | C2 ^ -> ZN v | OAI221_X1 | 0.046 |   2.787 |    4.435 | 
     | U8140                | A1 v -> ZN ^ | NAND2_X1  | 0.045 |   2.832 |    4.481 | 
     | U8141                | A ^ -> ZN v  | INV_X1    | 0.026 |   2.859 |    4.507 | 
     | U4632                | B1 v -> ZN ^ | AOI221_X2 | 0.109 |   2.967 |    4.616 | 
     | U8641                | A ^ -> ZN v  | INV_X1    | 0.021 |   2.988 |    4.637 | 
     | U4229                | C1 v -> ZN ^ | OAI221_X1 | 0.040 |   3.028 |    4.677 | 
     | U4230                | A ^ -> ZN v  | OAI21_X1  | 0.025 |   3.053 |    4.701 | 
     | p_reg_Y_temp_reg_54_ | D v          | DFF_X1    | 0.000 |   3.053 |    4.701 | 
     +------------------------------------------------------------------------------+ 

