###############################################################
#  Generated by:      Cadence Innovus 23.35-s106_1
#  OS:                Linux x86_64(Host ID microsys.openstack.polito)
#  Generated on:      Sat Oct 10 21:40:54 2026
#  Design:            boothmul_registered
#  Command:           report_timing -early -max_paths 10 > reports/10_hold_paths.rpt
###############################################################
Path 1: MET Hold Check with Pin p_reg_Y_temp_reg_41_/CK 
Endpoint:   p_reg_Y_temp_reg_41_/D  (v) checked with  leading edge of 'CLK'
Beginpoint: p_reg_Y_temp_reg_41_/QN (^) triggered by  leading edge of 'CLK'
Path Groups: {CLK}
Analysis View: default
Other End Arrival Time          0.044
+ Hold                          0.010
+ Phase Shift                   0.000
- CPPR Adjustment               0.000
+ Uncertainty                   0.050
= Required Time                 0.104
  Arrival Time                  0.150
  Slack Time                    0.046
     Clock Rise Edge                 0.000
     + Clock Network Latency (Prop)  0.062
     = Beginpoint Arrival Time       0.062
     +-----------------------------------------------------------------------------+ 
     |       Instance       |     Arc      |   Cell   | Delay | Arrival | Required | 
     |                      |              |          |       |  Time   |   Time   | 
     |----------------------+--------------+----------+-------+---------+----------| 
     | p_reg_Y_temp_reg_41_ | CK ^         |          |       |   0.062 |    0.016 | 
     | p_reg_Y_temp_reg_41_ | CK ^ -> QN ^ | DFF_X1   | 0.076 |   0.137 |    0.091 | 
     | U4272                | B1 ^ -> ZN v | OAI21_X1 | 0.013 |   0.150 |    0.104 | 
     | p_reg_Y_temp_reg_41_ | D v          | DFF_X1   | 0.000 |   0.150 |    0.104 | 
     +-----------------------------------------------------------------------------+ 
Path 2: MET Hold Check with Pin p_reg_Y_temp_reg_42_/CK 
Endpoint:   p_reg_Y_temp_reg_42_/D  (v) checked with  leading edge of 'CLK'
Beginpoint: p_reg_Y_temp_reg_42_/QN (^) triggered by  leading edge of 'CLK'
Path Groups: {CLK}
Analysis View: default
Other End Arrival Time          0.044
+ Hold                          0.010
+ Phase Shift                   0.000
- CPPR Adjustment               0.000
+ Uncertainty                   0.050
= Required Time                 0.104
  Arrival Time                  0.150
  Slack Time                    0.046
     Clock Rise Edge                 0.000
     + Clock Network Latency (Prop)  0.062
     = Beginpoint Arrival Time       0.062
     +-----------------------------------------------------------------------------+ 
     |       Instance       |     Arc      |   Cell   | Delay | Arrival | Required | 
     |                      |              |          |       |  Time   |   Time   | 
     |----------------------+--------------+----------+-------+---------+----------| 
     | p_reg_Y_temp_reg_42_ | CK ^         |          |       |   0.062 |    0.016 | 
     | p_reg_Y_temp_reg_42_ | CK ^ -> QN ^ | DFF_X1   | 0.076 |   0.137 |    0.092 | 
     | U4269                | B1 ^ -> ZN v | OAI21_X1 | 0.013 |   0.150 |    0.104 | 
     | p_reg_Y_temp_reg_42_ | D v          | DFF_X1   | 0.000 |   0.150 |    0.104 | 
     +-----------------------------------------------------------------------------+ 
Path 3: MET Hold Check with Pin p_reg_Y_temp_reg_51_/CK 
Endpoint:   p_reg_Y_temp_reg_51_/D  (v) checked with  leading edge of 'CLK'
Beginpoint: p_reg_Y_temp_reg_51_/QN (^) triggered by  leading edge of 'CLK'
Path Groups: {CLK}
Analysis View: default
Other End Arrival Time          0.045
+ Hold                          0.010
+ Phase Shift                   0.000
- CPPR Adjustment               0.000
+ Uncertainty                   0.050
= Required Time                 0.105
  Arrival Time                  0.151
  Slack Time                    0.046
     Clock Rise Edge                 0.000
     + Clock Network Latency (Prop)  0.063
     = Beginpoint Arrival Time       0.063
     +-----------------------------------------------------------------------------+ 
     |       Instance       |     Arc      |   Cell   | Delay | Arrival | Required | 
     |                      |              |          |       |  Time   |   Time   | 
     |----------------------+--------------+----------+-------+---------+----------| 
     | p_reg_Y_temp_reg_51_ | CK ^         |          |       |   0.063 |    0.017 | 
     | p_reg_Y_temp_reg_51_ | CK ^ -> QN ^ | DFF_X1   | 0.075 |   0.138 |    0.092 | 
     | U4240                | B1 ^ -> ZN v | OAI21_X1 | 0.013 |   0.151 |    0.105 | 
     | p_reg_Y_temp_reg_51_ | D v          | DFF_X1   | 0.000 |   0.151 |    0.105 | 
     +-----------------------------------------------------------------------------+ 
Path 4: MET Hold Check with Pin p_reg_Y_temp_reg_18_/CK 
Endpoint:   p_reg_Y_temp_reg_18_/D  (v) checked with  leading edge of 'CLK'
Beginpoint: p_reg_Y_temp_reg_18_/QN (^) triggered by  leading edge of 'CLK'
Path Groups: {CLK}
Analysis View: default
Other End Arrival Time          0.044
+ Hold                          0.010
+ Phase Shift                   0.000
- CPPR Adjustment               0.000
+ Uncertainty                   0.050
= Required Time                 0.103
  Arrival Time                  0.150
  Slack Time                    0.046
     Clock Rise Edge                 0.000
     + Clock Network Latency (Prop)  0.061
     = Beginpoint Arrival Time       0.061
     +-----------------------------------------------------------------------------+ 
     |       Instance       |     Arc      |   Cell   | Delay | Arrival | Required | 
     |                      |              |          |       |  Time   |   Time   | 
     |----------------------+--------------+----------+-------+---------+----------| 
     | p_reg_Y_temp_reg_18_ | CK ^         |          |       |   0.061 |    0.015 | 
     | p_reg_Y_temp_reg_18_ | CK ^ -> QN ^ | DFF_X1   | 0.075 |   0.137 |    0.091 | 
     | U4342                | B1 ^ -> ZN v | OAI21_X1 | 0.013 |   0.150 |    0.103 | 
     | p_reg_Y_temp_reg_18_ | D v          | DFF_X1   | 0.000 |   0.150 |    0.103 | 
     +-----------------------------------------------------------------------------+ 
Path 5: MET Hold Check with Pin p_reg_Y_temp_reg_48_/CK 
Endpoint:   p_reg_Y_temp_reg_48_/D  (v) checked with  leading edge of 'CLK'
Beginpoint: p_reg_Y_temp_reg_48_/QN (^) triggered by  leading edge of 'CLK'
Path Groups: {CLK}
Analysis View: default
Other End Arrival Time          0.045
+ Hold                          0.010
+ Phase Shift                   0.000
- CPPR Adjustment               0.000
+ Uncertainty                   0.050
= Required Time                 0.105
  Arrival Time                  0.151
  Slack Time                    0.046
     Clock Rise Edge                 0.000
     + Clock Network Latency (Prop)  0.063
     = Beginpoint Arrival Time       0.063
     +-----------------------------------------------------------------------------+ 
     |       Instance       |     Arc      |   Cell   | Delay | Arrival | Required | 
     |                      |              |          |       |  Time   |   Time   | 
     |----------------------+--------------+----------+-------+---------+----------| 
     | p_reg_Y_temp_reg_48_ | CK ^         |          |       |   0.063 |    0.017 | 
     | p_reg_Y_temp_reg_48_ | CK ^ -> QN ^ | DFF_X1   | 0.076 |   0.139 |    0.092 | 
     | U4250                | B1 ^ -> ZN v | OAI21_X1 | 0.013 |   0.151 |    0.105 | 
     | p_reg_Y_temp_reg_48_ | D v          | DFF_X1   | 0.000 |   0.151 |    0.105 | 
     +-----------------------------------------------------------------------------+ 
Path 6: MET Hold Check with Pin p_reg_Y_temp_reg_49_/CK 
Endpoint:   p_reg_Y_temp_reg_49_/D  (v) checked with  leading edge of 'CLK'
Beginpoint: p_reg_Y_temp_reg_49_/QN (^) triggered by  leading edge of 'CLK'
Path Groups: {CLK}
Analysis View: default
Other End Arrival Time          0.045
+ Hold                          0.010
+ Phase Shift                   0.000
- CPPR Adjustment               0.000
+ Uncertainty                   0.050
= Required Time                 0.105
  Arrival Time                  0.152
  Slack Time                    0.047
     Clock Rise Edge                 0.000
     + Clock Network Latency (Prop)  0.063
     = Beginpoint Arrival Time       0.063
     +-----------------------------------------------------------------------------+ 
     |       Instance       |     Arc      |   Cell   | Delay | Arrival | Required | 
     |                      |              |          |       |  Time   |   Time   | 
     |----------------------+--------------+----------+-------+---------+----------| 
     | p_reg_Y_temp_reg_49_ | CK ^         |          |       |   0.063 |    0.016 | 
     | p_reg_Y_temp_reg_49_ | CK ^ -> QN ^ | DFF_X1   | 0.076 |   0.139 |    0.092 | 
     | U4246                | B1 ^ -> ZN v | OAI21_X1 | 0.013 |   0.152 |    0.105 | 
     | p_reg_Y_temp_reg_49_ | D v          | DFF_X1   | 0.000 |   0.152 |    0.105 | 
     +-----------------------------------------------------------------------------+ 
Path 7: MET Hold Check with Pin p_reg_Y_temp_reg_17_/CK 
Endpoint:   p_reg_Y_temp_reg_17_/D  (v) checked with  leading edge of 'CLK'
Beginpoint: p_reg_Y_temp_reg_17_/QN (^) triggered by  leading edge of 'CLK'
Path Groups: {CLK}
Analysis View: default
Other End Arrival Time          0.054
+ Hold                          0.011
+ Phase Shift                   0.000
- CPPR Adjustment               0.000
+ Uncertainty                   0.050
= Required Time                 0.115
  Arrival Time                  0.161
  Slack Time                    0.047
     Clock Rise Edge                 0.000
     + Clock Network Latency (Prop)  0.071
     = Beginpoint Arrival Time       0.071
     +-----------------------------------------------------------------------------+ 
     |       Instance       |     Arc      |   Cell   | Delay | Arrival | Required | 
     |                      |              |          |       |  Time   |   Time   | 
     |----------------------+--------------+----------+-------+---------+----------| 
     | p_reg_Y_temp_reg_17_ | CK ^         |          |       |   0.071 |    0.024 | 
     | p_reg_Y_temp_reg_17_ | CK ^ -> QN ^ | DFF_X1   | 0.077 |   0.148 |    0.102 | 
     | U4345                | B1 ^ -> ZN v | OAI21_X1 | 0.013 |   0.161 |    0.115 | 
     | p_reg_Y_temp_reg_17_ | D v          | DFF_X1   | 0.000 |   0.161 |    0.115 | 
     +-----------------------------------------------------------------------------+ 
Path 8: MET Hold Check with Pin p_reg_Y_temp_reg_40_/CK 
Endpoint:   p_reg_Y_temp_reg_40_/D  (v) checked with  leading edge of 'CLK'
Beginpoint: p_reg_Y_temp_reg_40_/QN (^) triggered by  leading edge of 'CLK'
Path Groups: {CLK}
Analysis View: default
Other End Arrival Time          0.043
+ Hold                          0.010
+ Phase Shift                   0.000
- CPPR Adjustment               0.000
+ Uncertainty                   0.050
= Required Time                 0.103
  Arrival Time                  0.150
  Slack Time                    0.047
     Clock Rise Edge                 0.000
     + Clock Network Latency (Prop)  0.061
     = Beginpoint Arrival Time       0.061
     +-----------------------------------------------------------------------------+ 
     |       Instance       |     Arc      |   Cell   | Delay | Arrival | Required | 
     |                      |              |          |       |  Time   |   Time   | 
     |----------------------+--------------+----------+-------+---------+----------| 
     | p_reg_Y_temp_reg_40_ | CK ^         |          |       |   0.061 |    0.014 | 
     | p_reg_Y_temp_reg_40_ | CK ^ -> QN ^ | DFF_X1   | 0.076 |   0.137 |    0.089 | 
     | U4276                | B1 ^ -> ZN v | OAI21_X1 | 0.013 |   0.150 |    0.103 | 
     | p_reg_Y_temp_reg_40_ | D v          | DFF_X1   | 0.000 |   0.150 |    0.103 | 
     +-----------------------------------------------------------------------------+ 
Path 9: MET Hold Check with Pin p_reg_Y_temp_reg_19_/CK 
Endpoint:   p_reg_Y_temp_reg_19_/D  (v) checked with  leading edge of 'CLK'
Beginpoint: p_reg_Y_temp_reg_19_/QN (^) triggered by  leading edge of 'CLK'
Path Groups: {CLK}
Analysis View: default
Other End Arrival Time          0.044
+ Hold                          0.010
+ Phase Shift                   0.000
- CPPR Adjustment               0.000
+ Uncertainty                   0.050
= Required Time                 0.103
  Arrival Time                  0.151
  Slack Time                    0.047
     Clock Rise Edge                 0.000
     + Clock Network Latency (Prop)  0.061
     = Beginpoint Arrival Time       0.061
     +-----------------------------------------------------------------------------+ 
     |       Instance       |     Arc      |   Cell   | Delay | Arrival | Required | 
     |                      |              |          |       |  Time   |   Time   | 
     |----------------------+--------------+----------+-------+---------+----------| 
     | p_reg_Y_temp_reg_19_ | CK ^         |          |       |   0.061 |    0.014 | 
     | p_reg_Y_temp_reg_19_ | CK ^ -> QN ^ | DFF_X1   | 0.076 |   0.137 |    0.090 | 
     | U4339                | B1 ^ -> ZN v | OAI21_X1 | 0.013 |   0.151 |    0.103 | 
     | p_reg_Y_temp_reg_19_ | D v          | DFF_X1   | 0.000 |   0.151 |    0.103 | 
     +-----------------------------------------------------------------------------+ 
Path 10: MET Hold Check with Pin p_reg_Y_temp_reg_16_/CK 
Endpoint:   p_reg_Y_temp_reg_16_/D  (v) checked with  leading edge of 'CLK'
Beginpoint: p_reg_Y_temp_reg_16_/QN (^) triggered by  leading edge of 'CLK'
Path Groups: {CLK}
Analysis View: default
Other End Arrival Time          0.054
+ Hold                          0.011
+ Phase Shift                   0.000
- CPPR Adjustment               0.000
+ Uncertainty                   0.050
= Required Time                 0.115
  Arrival Time                  0.162
  Slack Time                    0.047
     Clock Rise Edge                 0.000
     + Clock Network Latency (Prop)  0.071
     = Beginpoint Arrival Time       0.071
     +-----------------------------------------------------------------------------+ 
     |       Instance       |     Arc      |   Cell   | Delay | Arrival | Required | 
     |                      |              |          |       |  Time   |   Time   | 
     |----------------------+--------------+----------+-------+---------+----------| 
     | p_reg_Y_temp_reg_16_ | CK ^         |          |       |   0.071 |    0.024 | 
     | p_reg_Y_temp_reg_16_ | CK ^ -> QN ^ | DFF_X1   | 0.078 |   0.149 |    0.101 | 
     | U4349                | B1 ^ -> ZN v | OAI21_X1 | 0.013 |   0.162 |    0.115 | 
     | p_reg_Y_temp_reg_16_ | D v          | DFF_X1   | 0.000 |   0.162 |    0.115 | 
     +-----------------------------------------------------------------------------+ 

