 
****************************************
Report : saif
        -missing
        -hierarchy
Design : boothmul_registered
Version: W-2024.09-SP2
Date   : Wed Sep 30 22:03:19 2026
****************************************

  

--------------------------------------------------------------------------------
              User              Default           Propagated
Object type   Annotated (%)     Activity (%)      Activity (%)       Total
--------------------------------------------------------------------------------
  
 Nets         2816(100.00%)     0(0.00%)          0(0.00%)           2816
 Ports        131(100.00%)      0(0.00%)          0(0.00%)           131
 Pins         9743(100.00%)     0(0.00%)          0(0.00%)           9743
--------------------------------------------------------------------------------

 List of Non-annotated ports :

   0 ports

 List of Non-annotated nets :

   0 nets

 List of Non-annotated pins :

   0 pins

--------------------------------------------------------------------------------
1
