 
****************************************
Report : saif
        -missing
        -hierarchy
Design : boothmul_registered
Version: W-2024.09-SP2
Date   : Wed Sep 30 19:52:19 2026
****************************************

  

--------------------------------------------------------------------------------
              User              Default           Propagated
Object type   Annotated (%)     Activity (%)      Activity (%)       Total
--------------------------------------------------------------------------------
  
 Nets         3778(100.00%)     0(0.00%)          0(0.00%)           3778
 Ports        131(100.00%)      0(0.00%)          0(0.00%)           131
 Pins         12047(100.00%)    0(0.00%)          0(0.00%)           12047
--------------------------------------------------------------------------------

 List of Non-annotated ports :

   0 ports

 List of Non-annotated nets :

   0 nets

 List of Non-annotated pins :

   0 pins

--------------------------------------------------------------------------------
1
