###############################################################
#  Generated by:      Cadence Innovus 23.35-s106_1
#  OS:                Linux x86_64(Host ID microsys.openstack.polito)
#  Generated on:      Sat Oct 10 22:13:33 2026
#  Design:            boothmul_registered
#  Command:           report_timing -max_paths 10 > reports/04_preCTS_setup_paths.rpt
###############################################################
Path 1: MET Setup Check with Pin p_reg_Y_temp_reg_61_/CK 
Endpoint:   p_reg_Y_temp_reg_61_/D (^) checked with  leading edge of 'CLK'
Beginpoint: B_reg_Y_temp_reg_15_/Q (v) triggered by  leading edge of 'CLK'
Path Groups: {CLK}
Analysis View: default
Other End Arrival Time          0.050
- Setup                         0.027
+ Phase Shift                   3.496
- Uncertainty                   0.050
= Required Time                 3.469
- Arrival Time                  2.810
= Slack Time                    0.659
     Clock Rise Edge                 0.000
     + Clock Network Latency (Ideal) 0.050
     = Beginpoint Arrival Time       0.050
     +------------------------------------------------------------------------------+ 
     |       Instance       |     Arc      |   Cell    | Delay | Arrival | Required | 
     |                      |              |           |       |  Time   |   Time   | 
     |----------------------+--------------+-----------+-------+---------+----------| 
     | B_reg_Y_temp_reg_15_ | CK ^         |           |       |   0.050 |    0.709 | 
     | B_reg_Y_temp_reg_15_ | CK ^ -> Q v  | DFF_X1    | 0.096 |   0.146 |    0.805 | 
     | FE_OFC18_B_i_15      | A v -> Z v   | CLKBUF_X2 | 0.129 |   0.276 |    0.935 | 
     | U539                 | A2 v -> ZN ^ | NOR2_X1   | 0.066 |   0.341 |    1.000 | 
     | U540                 | A2 ^ -> ZN v | NOR2_X1   | 0.018 |   0.360 |    1.019 | 
     | U541                 | A2 v -> ZN ^ | NAND2_X1  | 0.020 |   0.380 |    1.039 | 
     | U550                 | A2 ^ -> ZN ^ | OR2_X1    | 0.025 |   0.405 |    1.064 | 
     | U558                 | A1 ^ -> ZN v | NAND2_X1  | 0.012 |   0.417 |    1.076 | 
     | U316                 | A v -> ZN ^  | AOI21_X1  | 0.063 |   0.480 |    1.139 | 
     | FE_OFC2_n1180        | A ^ -> Z ^   | CLKBUF_X1 | 0.121 |   0.601 |    1.260 | 
     | U1035                | B1 ^ -> ZN v | OAI21_X1  | 0.025 |   0.626 |    1.285 | 
     | U1038                | A v -> Z v   | XOR2_X1   | 0.055 |   0.681 |    1.339 | 
     | FE_OFC44_n1143       | A v -> Z v   | CLKBUF_X1 | 0.103 |   0.783 |    1.442 | 
     | U1040                | B1 v -> ZN ^ | OAI21_X1  | 0.063 |   0.846 |    1.505 | 
     | U1041                | A ^ -> Z ^   | XOR2_X1   | 0.073 |   0.919 |    1.578 | 
     | U1100                | A1 ^ -> ZN v | NAND2_X1  | 0.019 |   0.938 |    1.597 | 
     | U1102                | A2 v -> ZN ^ | NAND3_X1  | 0.024 |   0.962 |    1.621 | 
     | U1371                | CI ^ -> S v  | FA_X1     | 0.094 |   1.056 |    1.715 | 
     | U1381                | CI v -> S v  | FA_X1     | 0.090 |   1.146 |    1.805 | 
     | U1104                | A1 v -> ZN v | OR2_X1    | 0.055 |   1.201 |    1.860 | 
     | U1302                | B2 v -> ZN ^ | AOI21_X1  | 0.032 |   1.232 |    1.891 | 
     | U1303                | A ^ -> ZN v  | OAI21_X1  | 0.025 |   1.258 |    1.917 | 
     | U1387                | B1 v -> ZN ^ | AOI21_X1  | 0.041 |   1.299 |    1.958 | 
     | U1426                | B1 ^ -> ZN v | OAI21_X1  | 0.027 |   1.326 |    1.984 | 
     | U1462                | B1 v -> ZN ^ | AOI21_X1  | 0.054 |   1.379 |    2.038 | 
     | U1497                | B1 ^ -> ZN v | OAI21_X1  | 0.036 |   1.416 |    2.075 | 
     | U1540                | B1 v -> ZN ^ | AOI21_X1  | 0.044 |   1.460 |    2.119 | 
     | U1584                | B1 ^ -> ZN v | OAI21_X1  | 0.027 |   1.487 |    2.146 | 
     | U1624                | B1 v -> ZN ^ | AOI21_X1  | 0.049 |   1.536 |    2.195 | 
     | U1664                | B1 ^ -> ZN v | OAI21_X1  | 0.034 |   1.570 |    2.229 | 
     | U1707                | B1 v -> ZN ^ | AOI21_X1  | 0.044 |   1.614 |    2.273 | 
     | U1752                | B1 ^ -> ZN v | OAI21_X1  | 0.028 |   1.642 |    2.301 | 
     | U1800                | B1 v -> ZN ^ | AOI21_X1  | 0.043 |   1.686 |    2.344 | 
     | U1846                | B1 ^ -> ZN v | OAI21_X1  | 0.026 |   1.712 |    2.371 | 
     | U1896                | B1 v -> ZN ^ | AOI21_X1  | 0.040 |   1.752 |    2.411 | 
     | U1943                | B1 ^ -> ZN v | OAI21_X1  | 0.026 |   1.778 |    2.437 | 
     | U1988                | B1 v -> ZN ^ | AOI21_X1  | 0.045 |   1.823 |    2.482 | 
     | U2032                | B1 ^ -> ZN v | OAI21_X1  | 0.033 |   1.856 |    2.515 | 
     | U2075                | B1 v -> ZN ^ | AOI21_X1  | 0.053 |   1.909 |    2.568 | 
     | U2115                | B1 ^ -> ZN v | OAI21_X1  | 0.030 |   1.940 |    2.598 | 
     | U2156                | B1 v -> ZN ^ | AOI21_X1  | 0.042 |   1.982 |    2.641 | 
     | U2194                | B1 ^ -> ZN v | OAI21_X1  | 0.027 |   2.008 |    2.667 | 
     | U2231                | B1 v -> ZN ^ | AOI21_X1  | 0.041 |   2.049 |    2.708 | 
     | U2267                | B1 ^ -> ZN v | OAI21_X1  | 0.026 |   2.076 |    2.735 | 
     | U2302                | B1 v -> ZN ^ | AOI21_X1  | 0.041 |   2.116 |    2.775 | 
     | U2334                | B1 ^ -> ZN v | OAI21_X1  | 0.026 |   2.143 |    2.802 | 
     | U2367                | B1 v -> ZN ^ | AOI21_X1  | 0.041 |   2.184 |    2.843 | 
     | U2397                | B1 ^ -> ZN v | OAI21_X1  | 0.026 |   2.210 |    2.869 | 
     | U2422                | B1 v -> ZN ^ | AOI21_X1  | 0.041 |   2.252 |    2.911 | 
     | U2443                | B1 ^ -> ZN v | OAI21_X1  | 0.033 |   2.285 |    2.944 | 
     | U2453                | B1 v -> ZN ^ | AOI21_X1  | 0.043 |   2.327 |    2.986 | 
     | U2460                | B1 ^ -> ZN v | OAI21_X1  | 0.031 |   2.359 |    3.018 | 
     | U2464                | A1 v -> ZN ^ | NAND2_X1  | 0.017 |   2.375 |    3.034 | 
     | U259                 | A2 ^ -> ZN ^ | AND3_X1   | 0.049 |   2.425 |    3.084 | 
     | U372                 | B2 ^ -> ZN v | OAI21_X1  | 0.023 |   2.448 |    3.107 | 
     | U338                 | A1 v -> ZN ^ | NAND2_X1  | 0.017 |   2.465 |    3.124 | 
     | U336                 | A1 ^ -> ZN v | NAND2_X1  | 0.034 |   2.498 |    3.157 | 
     | U2554                | B1 v -> ZN ^ | AOI21_X1  | 0.046 |   2.544 |    3.203 | 
     | U339                 | B1 ^ -> ZN v | OAI21_X1  | 0.027 |   2.571 |    3.230 | 
     | U2561                | A v -> ZN ^  | INV_X1    | 0.016 |   2.587 |    3.246 | 
     | U480                 | B1 ^ -> ZN v | OAI21_X1  | 0.018 |   2.605 |    3.264 | 
     | U2571                | A1 v -> ZN ^ | NAND2_X1  | 0.017 |   2.623 |    3.282 | 
     | U2572                | A1 ^ -> ZN v | NAND2_X1  | 0.015 |   2.638 |    3.297 | 
     | U2742                | CI v -> S ^  | FA_X1     | 0.110 |   2.748 |    3.407 | 
     | U2743                | A ^ -> ZN v  | INV_X1    | 0.007 |   2.755 |    3.414 | 
     | U3042                | A1 v -> ZN v | OR2_X1    | 0.043 |   2.797 |    3.456 | 
     | U3043                | A1 v -> ZN ^ | NAND2_X1  | 0.013 |   2.810 |    3.469 | 
     | p_reg_Y_temp_reg_61_ | D ^          | DFF_X1    | 0.000 |   2.810 |    3.469 | 
     +------------------------------------------------------------------------------+ 
Path 2: MET Setup Check with Pin p_reg_Y_temp_reg_62_/CK 
Endpoint:   p_reg_Y_temp_reg_62_/D (^) checked with  leading edge of 'CLK'
Beginpoint: B_reg_Y_temp_reg_15_/Q (v) triggered by  leading edge of 'CLK'
Path Groups: {CLK}
Analysis View: default
Other End Arrival Time          0.050
- Setup                         0.030
+ Phase Shift                   3.496
- Uncertainty                   0.050
= Required Time                 3.466
- Arrival Time                  2.800
= Slack Time                    0.666
     Clock Rise Edge                 0.000
     + Clock Network Latency (Ideal) 0.050
     = Beginpoint Arrival Time       0.050
     +------------------------------------------------------------------------------+ 
     |       Instance       |     Arc      |   Cell    | Delay | Arrival | Required | 
     |                      |              |           |       |  Time   |   Time   | 
     |----------------------+--------------+-----------+-------+---------+----------| 
     | B_reg_Y_temp_reg_15_ | CK ^         |           |       |   0.050 |    0.716 | 
     | B_reg_Y_temp_reg_15_ | CK ^ -> Q v  | DFF_X1    | 0.096 |   0.146 |    0.812 | 
     | FE_OFC18_B_i_15      | A v -> Z v   | CLKBUF_X2 | 0.129 |   0.276 |    0.941 | 
     | U539                 | A2 v -> ZN ^ | NOR2_X1   | 0.066 |   0.341 |    1.007 | 
     | U540                 | A2 ^ -> ZN v | NOR2_X1   | 0.018 |   0.360 |    1.025 | 
     | U541                 | A2 v -> ZN ^ | NAND2_X1  | 0.020 |   0.380 |    1.046 | 
     | U550                 | A2 ^ -> ZN ^ | OR2_X1    | 0.025 |   0.405 |    1.071 | 
     | U558                 | A1 ^ -> ZN v | NAND2_X1  | 0.012 |   0.417 |    1.082 | 
     | U316                 | A v -> ZN ^  | AOI21_X1  | 0.063 |   0.480 |    1.146 | 
     | FE_OFC2_n1180        | A ^ -> Z ^   | CLKBUF_X1 | 0.121 |   0.601 |    1.266 | 
     | U1035                | B1 ^ -> ZN v | OAI21_X1  | 0.025 |   0.626 |    1.292 | 
     | U1038                | A v -> Z v   | XOR2_X1   | 0.055 |   0.680 |    1.346 | 
     | FE_OFC44_n1143       | A v -> Z v   | CLKBUF_X1 | 0.103 |   0.783 |    1.449 | 
     | U1040                | B1 v -> ZN ^ | OAI21_X1  | 0.063 |   0.846 |    1.512 | 
     | U1041                | A ^ -> Z ^   | XOR2_X1   | 0.073 |   0.919 |    1.585 | 
     | U1100                | A1 ^ -> ZN v | NAND2_X1  | 0.019 |   0.938 |    1.604 | 
     | U1102                | A2 v -> ZN ^ | NAND3_X1  | 0.024 |   0.962 |    1.628 | 
     | U1371                | CI ^ -> S v  | FA_X1     | 0.094 |   1.056 |    1.722 | 
     | U1381                | CI v -> S v  | FA_X1     | 0.090 |   1.146 |    1.812 | 
     | U1104                | A1 v -> ZN v | OR2_X1    | 0.055 |   1.201 |    1.866 | 
     | U1302                | B2 v -> ZN ^ | AOI21_X1  | 0.032 |   1.232 |    1.898 | 
     | U1303                | A ^ -> ZN v  | OAI21_X1  | 0.025 |   1.258 |    1.923 | 
     | U1387                | B1 v -> ZN ^ | AOI21_X1  | 0.041 |   1.299 |    1.964 | 
     | U1426                | B1 ^ -> ZN v | OAI21_X1  | 0.027 |   1.326 |    1.991 | 
     | U1462                | B1 v -> ZN ^ | AOI21_X1  | 0.054 |   1.379 |    2.045 | 
     | U1497                | B1 ^ -> ZN v | OAI21_X1  | 0.036 |   1.416 |    2.081 | 
     | U1540                | B1 v -> ZN ^ | AOI21_X1  | 0.044 |   1.460 |    2.126 | 
     | U1584                | B1 ^ -> ZN v | OAI21_X1  | 0.027 |   1.487 |    2.153 | 
     | U1624                | B1 v -> ZN ^ | AOI21_X1  | 0.049 |   1.536 |    2.202 | 
     | U1664                | B1 ^ -> ZN v | OAI21_X1  | 0.034 |   1.570 |    2.235 | 
     | U1707                | B1 v -> ZN ^ | AOI21_X1  | 0.044 |   1.614 |    2.279 | 
     | U1752                | B1 ^ -> ZN v | OAI21_X1  | 0.028 |   1.642 |    2.308 | 
     | U1800                | B1 v -> ZN ^ | AOI21_X1  | 0.043 |   1.686 |    2.351 | 
     | U1846                | B1 ^ -> ZN v | OAI21_X1  | 0.026 |   1.712 |    2.378 | 
     | U1896                | B1 v -> ZN ^ | AOI21_X1  | 0.040 |   1.752 |    2.418 | 
     | U1943                | B1 ^ -> ZN v | OAI21_X1  | 0.026 |   1.778 |    2.444 | 
     | U1988                | B1 v -> ZN ^ | AOI21_X1  | 0.045 |   1.823 |    2.489 | 
     | U2032                | B1 ^ -> ZN v | OAI21_X1  | 0.033 |   1.856 |    2.522 | 
     | U2075                | B1 v -> ZN ^ | AOI21_X1  | 0.053 |   1.909 |    2.575 | 
     | U2115                | B1 ^ -> ZN v | OAI21_X1  | 0.030 |   1.940 |    2.605 | 
     | U2156                | B1 v -> ZN ^ | AOI21_X1  | 0.042 |   1.982 |    2.648 | 
     | U2194                | B1 ^ -> ZN v | OAI21_X1  | 0.027 |   2.008 |    2.674 | 
     | U2231                | B1 v -> ZN ^ | AOI21_X1  | 0.041 |   2.049 |    2.715 | 
     | U2267                | B1 ^ -> ZN v | OAI21_X1  | 0.026 |   2.076 |    2.741 | 
     | U2302                | B1 v -> ZN ^ | AOI21_X1  | 0.041 |   2.116 |    2.782 | 
     | U2334                | B1 ^ -> ZN v | OAI21_X1  | 0.026 |   2.143 |    2.809 | 
     | U2367                | B1 v -> ZN ^ | AOI21_X1  | 0.041 |   2.184 |    2.850 | 
     | U2397                | B1 ^ -> ZN v | OAI21_X1  | 0.026 |   2.210 |    2.876 | 
     | U2422                | B1 v -> ZN ^ | AOI21_X1  | 0.041 |   2.252 |    2.917 | 
     | U2443                | B1 ^ -> ZN v | OAI21_X1  | 0.033 |   2.285 |    2.950 | 
     | U2453                | B1 v -> ZN ^ | AOI21_X1  | 0.043 |   2.327 |    2.993 | 
     | U2460                | B1 ^ -> ZN v | OAI21_X1  | 0.031 |   2.359 |    3.024 | 
     | U2464                | A1 v -> ZN ^ | NAND2_X1  | 0.017 |   2.375 |    3.041 | 
     | U259                 | A2 ^ -> ZN ^ | AND3_X1   | 0.049 |   2.425 |    3.090 | 
     | U372                 | B2 ^ -> ZN v | OAI21_X1  | 0.023 |   2.448 |    3.114 | 
     | U338                 | A1 v -> ZN ^ | NAND2_X1  | 0.017 |   2.465 |    3.130 | 
     | U336                 | A1 ^ -> ZN v | NAND2_X1  | 0.034 |   2.498 |    3.164 | 
     | U2554                | B1 v -> ZN ^ | AOI21_X1  | 0.046 |   2.544 |    3.210 | 
     | U339                 | B1 ^ -> ZN v | OAI21_X1  | 0.027 |   2.571 |    3.237 | 
     | U2561                | A v -> ZN ^  | INV_X1    | 0.016 |   2.587 |    3.252 | 
     | U480                 | B1 ^ -> ZN v | OAI21_X1  | 0.018 |   2.605 |    3.271 | 
     | U2571                | A1 v -> ZN ^ | NAND2_X1  | 0.017 |   2.623 |    3.288 | 
     | U2572                | A1 ^ -> ZN v | NAND2_X1  | 0.015 |   2.638 |    3.304 | 
     | U2742                | CI v -> CO v | FA_X1     | 0.073 |   2.711 |    3.377 | 
     | U398                 | B v -> Z v   | XOR2_X1   | 0.059 |   2.770 |    3.436 | 
     | U483                 | B2 v -> ZN ^ | OAI21_X1  | 0.030 |   2.800 |    3.466 | 
     | p_reg_Y_temp_reg_62_ | D ^          | DFF_X1    | 0.000 |   2.800 |    3.466 | 
     +------------------------------------------------------------------------------+ 
Path 3: MET Setup Check with Pin p_reg_Y_temp_reg_63_/CK 
Endpoint:   p_reg_Y_temp_reg_63_/D (^) checked with  leading edge of 'CLK'
Beginpoint: B_reg_Y_temp_reg_15_/Q (v) triggered by  leading edge of 'CLK'
Path Groups: {CLK}
Analysis View: default
Other End Arrival Time          0.050
- Setup                         0.027
+ Phase Shift                   3.496
- Uncertainty                   0.050
= Required Time                 3.469
- Arrival Time                  2.783
= Slack Time                    0.686
     Clock Rise Edge                 0.000
     + Clock Network Latency (Ideal) 0.050
     = Beginpoint Arrival Time       0.050
     +------------------------------------------------------------------------------+ 
     |       Instance       |     Arc      |   Cell    | Delay | Arrival | Required | 
     |                      |              |           |       |  Time   |   Time   | 
     |----------------------+--------------+-----------+-------+---------+----------| 
     | B_reg_Y_temp_reg_15_ | CK ^         |           |       |   0.050 |    0.736 | 
     | B_reg_Y_temp_reg_15_ | CK ^ -> Q v  | DFF_X1    | 0.096 |   0.146 |    0.832 | 
     | FE_OFC18_B_i_15      | A v -> Z v   | CLKBUF_X2 | 0.129 |   0.276 |    0.962 | 
     | U539                 | A2 v -> ZN ^ | NOR2_X1   | 0.066 |   0.341 |    1.028 | 
     | U540                 | A2 ^ -> ZN v | NOR2_X1   | 0.018 |   0.360 |    1.046 | 
     | U541                 | A2 v -> ZN ^ | NAND2_X1  | 0.020 |   0.380 |    1.066 | 
     | U550                 | A2 ^ -> ZN ^ | OR2_X1    | 0.025 |   0.405 |    1.091 | 
     | U558                 | A1 ^ -> ZN v | NAND2_X1  | 0.012 |   0.417 |    1.103 | 
     | U316                 | A v -> ZN ^  | AOI21_X1  | 0.063 |   0.480 |    1.166 | 
     | FE_OFC2_n1180        | A ^ -> Z ^   | CLKBUF_X1 | 0.121 |   0.601 |    1.287 | 
     | U1035                | B1 ^ -> ZN v | OAI21_X1  | 0.025 |   0.626 |    1.312 | 
     | U1038                | A v -> Z v   | XOR2_X1   | 0.055 |   0.680 |    1.367 | 
     | FE_OFC44_n1143       | A v -> Z v   | CLKBUF_X1 | 0.103 |   0.783 |    1.469 | 
     | U1040                | B1 v -> ZN ^ | OAI21_X1  | 0.063 |   0.846 |    1.532 | 
     | U1041                | A ^ -> Z ^   | XOR2_X1   | 0.073 |   0.919 |    1.605 | 
     | U1100                | A1 ^ -> ZN v | NAND2_X1  | 0.019 |   0.938 |    1.624 | 
     | U1102                | A2 v -> ZN ^ | NAND3_X1  | 0.024 |   0.962 |    1.648 | 
     | U1371                | CI ^ -> S v  | FA_X1     | 0.094 |   1.056 |    1.742 | 
     | U1381                | CI v -> S v  | FA_X1     | 0.090 |   1.146 |    1.832 | 
     | U1104                | A1 v -> ZN v | OR2_X1    | 0.055 |   1.201 |    1.887 | 
     | U1302                | B2 v -> ZN ^ | AOI21_X1  | 0.032 |   1.232 |    1.918 | 
     | U1303                | A ^ -> ZN v  | OAI21_X1  | 0.025 |   1.258 |    1.944 | 
     | U1387                | B1 v -> ZN ^ | AOI21_X1  | 0.041 |   1.299 |    1.985 | 
     | U1426                | B1 ^ -> ZN v | OAI21_X1  | 0.027 |   1.326 |    2.012 | 
     | U1462                | B1 v -> ZN ^ | AOI21_X1  | 0.054 |   1.379 |    2.065 | 
     | U1497                | B1 ^ -> ZN v | OAI21_X1  | 0.036 |   1.416 |    2.102 | 
     | U1540                | B1 v -> ZN ^ | AOI21_X1  | 0.044 |   1.460 |    2.146 | 
     | U1584                | B1 ^ -> ZN v | OAI21_X1  | 0.027 |   1.487 |    2.173 | 
     | U1624                | B1 v -> ZN ^ | AOI21_X1  | 0.049 |   1.536 |    2.222 | 
     | U1664                | B1 ^ -> ZN v | OAI21_X1  | 0.034 |   1.570 |    2.256 | 
     | U1707                | B1 v -> ZN ^ | AOI21_X1  | 0.044 |   1.614 |    2.300 | 
     | U1752                | B1 ^ -> ZN v | OAI21_X1  | 0.028 |   1.642 |    2.328 | 
     | U1800                | B1 v -> ZN ^ | AOI21_X1  | 0.043 |   1.686 |    2.372 | 
     | U1846                | B1 ^ -> ZN v | OAI21_X1  | 0.026 |   1.712 |    2.398 | 
     | U1896                | B1 v -> ZN ^ | AOI21_X1  | 0.040 |   1.752 |    2.438 | 
     | U1943                | B1 ^ -> ZN v | OAI21_X1  | 0.026 |   1.778 |    2.464 | 
     | U1988                | B1 v -> ZN ^ | AOI21_X1  | 0.045 |   1.823 |    2.509 | 
     | U2032                | B1 ^ -> ZN v | OAI21_X1  | 0.033 |   1.856 |    2.542 | 
     | U2075                | B1 v -> ZN ^ | AOI21_X1  | 0.053 |   1.909 |    2.595 | 
     | U2115                | B1 ^ -> ZN v | OAI21_X1  | 0.030 |   1.940 |    2.626 | 
     | U2156                | B1 v -> ZN ^ | AOI21_X1  | 0.042 |   1.982 |    2.668 | 
     | U2194                | B1 ^ -> ZN v | OAI21_X1  | 0.027 |   2.008 |    2.694 | 
     | U2231                | B1 v -> ZN ^ | AOI21_X1  | 0.041 |   2.049 |    2.735 | 
     | U2267                | B1 ^ -> ZN v | OAI21_X1  | 0.026 |   2.076 |    2.762 | 
     | U2302                | B1 v -> ZN ^ | AOI21_X1  | 0.041 |   2.116 |    2.802 | 
     | U2334                | B1 ^ -> ZN v | OAI21_X1  | 0.026 |   2.143 |    2.829 | 
     | U2367                | B1 v -> ZN ^ | AOI21_X1  | 0.041 |   2.184 |    2.870 | 
     | U2397                | B1 ^ -> ZN v | OAI21_X1  | 0.026 |   2.210 |    2.896 | 
     | U2422                | B1 v -> ZN ^ | AOI21_X1  | 0.041 |   2.252 |    2.938 | 
     | U2443                | B1 ^ -> ZN v | OAI21_X1  | 0.033 |   2.285 |    2.971 | 
     | U2453                | B1 v -> ZN ^ | AOI21_X1  | 0.043 |   2.327 |    3.013 | 
     | U2460                | B1 ^ -> ZN v | OAI21_X1  | 0.031 |   2.359 |    3.045 | 
     | U2464                | A1 v -> ZN ^ | NAND2_X1  | 0.017 |   2.375 |    3.061 | 
     | U259                 | A2 ^ -> ZN ^ | AND3_X1   | 0.049 |   2.425 |    3.111 | 
     | U372                 | B2 ^ -> ZN v | OAI21_X1  | 0.023 |   2.448 |    3.134 | 
     | U338                 | A1 v -> ZN ^ | NAND2_X1  | 0.017 |   2.465 |    3.151 | 
     | U336                 | A1 ^ -> ZN v | NAND2_X1  | 0.034 |   2.498 |    3.184 | 
     | U2554                | B1 v -> ZN ^ | AOI21_X1  | 0.046 |   2.544 |    3.230 | 
     | U339                 | B1 ^ -> ZN v | OAI21_X1  | 0.027 |   2.571 |    3.257 | 
     | U2561                | A v -> ZN ^  | INV_X1    | 0.016 |   2.587 |    3.273 | 
     | U480                 | B1 ^ -> ZN v | OAI21_X1  | 0.018 |   2.605 |    3.291 | 
     | U2571                | A1 v -> ZN ^ | NAND2_X1  | 0.017 |   2.623 |    3.309 | 
     | U2572                | A1 ^ -> ZN v | NAND2_X1  | 0.015 |   2.638 |    3.324 | 
     | U2742                | CI v -> CO v | FA_X1     | 0.073 |   2.711 |    3.397 | 
     | U2576                | A1 v -> ZN ^ | NAND2_X1  | 0.016 |   2.727 |    3.413 | 
     | U451                 | A1 ^ -> ZN ^ | AND2_X1   | 0.031 |   2.758 |    3.444 | 
     | U2744                | A1 ^ -> ZN v | NAND2_X1  | 0.013 |   2.771 |    3.457 | 
     | U3044                | A1 v -> ZN ^ | NAND2_X1  | 0.012 |   2.783 |    3.469 | 
     | p_reg_Y_temp_reg_63_ | D ^          | DFF_X1    | 0.000 |   2.783 |    3.469 | 
     +------------------------------------------------------------------------------+ 
Path 4: MET Setup Check with Pin p_reg_Y_temp_reg_60_/CK 
Endpoint:   p_reg_Y_temp_reg_60_/D (^) checked with  leading edge of 'CLK'
Beginpoint: B_reg_Y_temp_reg_15_/Q (v) triggered by  leading edge of 'CLK'
Path Groups: {CLK}
Analysis View: default
Other End Arrival Time          0.050
- Setup                         0.027
+ Phase Shift                   3.496
- Uncertainty                   0.050
= Required Time                 3.469
- Arrival Time                  2.714
= Slack Time                    0.756
     Clock Rise Edge                 0.000
     + Clock Network Latency (Ideal) 0.050
     = Beginpoint Arrival Time       0.050
     +------------------------------------------------------------------------------+ 
     |       Instance       |     Arc      |   Cell    | Delay | Arrival | Required | 
     |                      |              |           |       |  Time   |   Time   | 
     |----------------------+--------------+-----------+-------+---------+----------| 
     | B_reg_Y_temp_reg_15_ | CK ^         |           |       |   0.050 |    0.806 | 
     | B_reg_Y_temp_reg_15_ | CK ^ -> Q v  | DFF_X1    | 0.096 |   0.146 |    0.902 | 
     | FE_OFC18_B_i_15      | A v -> Z v   | CLKBUF_X2 | 0.129 |   0.276 |    1.031 | 
     | U539                 | A2 v -> ZN ^ | NOR2_X1   | 0.066 |   0.341 |    1.097 | 
     | U540                 | A2 ^ -> ZN v | NOR2_X1   | 0.018 |   0.360 |    1.115 | 
     | U541                 | A2 v -> ZN ^ | NAND2_X1  | 0.020 |   0.380 |    1.136 | 
     | U550                 | A2 ^ -> ZN ^ | OR2_X1    | 0.025 |   0.405 |    1.161 | 
     | U558                 | A1 ^ -> ZN v | NAND2_X1  | 0.012 |   0.417 |    1.172 | 
     | U316                 | A v -> ZN ^  | AOI21_X1  | 0.063 |   0.480 |    1.236 | 
     | FE_OFC2_n1180        | A ^ -> Z ^   | CLKBUF_X1 | 0.121 |   0.601 |    1.356 | 
     | U1035                | B1 ^ -> ZN v | OAI21_X1  | 0.025 |   0.626 |    1.382 | 
     | U1038                | A v -> Z v   | XOR2_X1   | 0.055 |   0.680 |    1.436 | 
     | FE_OFC44_n1143       | A v -> Z v   | CLKBUF_X1 | 0.103 |   0.783 |    1.539 | 
     | U1040                | B1 v -> ZN ^ | OAI21_X1  | 0.063 |   0.846 |    1.602 | 
     | U1041                | A ^ -> Z ^   | XOR2_X1   | 0.073 |   0.919 |    1.675 | 
     | U1100                | A1 ^ -> ZN v | NAND2_X1  | 0.019 |   0.938 |    1.694 | 
     | U1102                | A2 v -> ZN ^ | NAND3_X1  | 0.024 |   0.962 |    1.718 | 
     | U1371                | CI ^ -> S v  | FA_X1     | 0.094 |   1.056 |    1.812 | 
     | U1381                | CI v -> S v  | FA_X1     | 0.090 |   1.146 |    1.902 | 
     | U1104                | A1 v -> ZN v | OR2_X1    | 0.055 |   1.201 |    1.956 | 
     | U1302                | B2 v -> ZN ^ | AOI21_X1  | 0.032 |   1.232 |    1.988 | 
     | U1303                | A ^ -> ZN v  | OAI21_X1  | 0.025 |   1.258 |    2.013 | 
     | U1387                | B1 v -> ZN ^ | AOI21_X1  | 0.041 |   1.299 |    2.054 | 
     | U1426                | B1 ^ -> ZN v | OAI21_X1  | 0.027 |   1.326 |    2.081 | 
     | U1462                | B1 v -> ZN ^ | AOI21_X1  | 0.054 |   1.379 |    2.135 | 
     | U1497                | B1 ^ -> ZN v | OAI21_X1  | 0.036 |   1.416 |    2.171 | 
     | U1540                | B1 v -> ZN ^ | AOI21_X1  | 0.044 |   1.460 |    2.216 | 
     | U1584                | B1 ^ -> ZN v | OAI21_X1  | 0.027 |   1.487 |    2.243 | 
     | U1624                | B1 v -> ZN ^ | AOI21_X1  | 0.049 |   1.536 |    2.292 | 
     | U1664                | B1 ^ -> ZN v | OAI21_X1  | 0.034 |   1.570 |    2.325 | 
     | U1707                | B1 v -> ZN ^ | AOI21_X1  | 0.044 |   1.614 |    2.369 | 
     | U1752                | B1 ^ -> ZN v | OAI21_X1  | 0.028 |   1.642 |    2.398 | 
     | U1800                | B1 v -> ZN ^ | AOI21_X1  | 0.043 |   1.686 |    2.441 | 
     | U1846                | B1 ^ -> ZN v | OAI21_X1  | 0.026 |   1.712 |    2.468 | 
     | U1896                | B1 v -> ZN ^ | AOI21_X1  | 0.040 |   1.752 |    2.508 | 
     | U1943                | B1 ^ -> ZN v | OAI21_X1  | 0.026 |   1.778 |    2.534 | 
     | U1988                | B1 v -> ZN ^ | AOI21_X1  | 0.045 |   1.823 |    2.579 | 
     | U2032                | B1 ^ -> ZN v | OAI21_X1  | 0.033 |   1.856 |    2.612 | 
     | U2075                | B1 v -> ZN ^ | AOI21_X1  | 0.053 |   1.909 |    2.665 | 
     | U2115                | B1 ^ -> ZN v | OAI21_X1  | 0.030 |   1.940 |    2.695 | 
     | U2156                | B1 v -> ZN ^ | AOI21_X1  | 0.042 |   1.982 |    2.738 | 
     | U2194                | B1 ^ -> ZN v | OAI21_X1  | 0.027 |   2.008 |    2.764 | 
     | U2231                | B1 v -> ZN ^ | AOI21_X1  | 0.041 |   2.049 |    2.805 | 
     | U2267                | B1 ^ -> ZN v | OAI21_X1  | 0.026 |   2.076 |    2.831 | 
     | U2302                | B1 v -> ZN ^ | AOI21_X1  | 0.041 |   2.116 |    2.872 | 
     | U2334                | B1 ^ -> ZN v | OAI21_X1  | 0.026 |   2.143 |    2.899 | 
     | U2367                | B1 v -> ZN ^ | AOI21_X1  | 0.041 |   2.184 |    2.940 | 
     | U2397                | B1 ^ -> ZN v | OAI21_X1  | 0.026 |   2.210 |    2.966 | 
     | U2422                | B1 v -> ZN ^ | AOI21_X1  | 0.041 |   2.252 |    3.007 | 
     | U2443                | B1 ^ -> ZN v | OAI21_X1  | 0.033 |   2.285 |    3.040 | 
     | U2453                | B1 v -> ZN ^ | AOI21_X1  | 0.043 |   2.327 |    3.083 | 
     | U2460                | B1 ^ -> ZN v | OAI21_X1  | 0.031 |   2.359 |    3.114 | 
     | U2464                | A1 v -> ZN ^ | NAND2_X1  | 0.017 |   2.375 |    3.131 | 
     | U259                 | A2 ^ -> ZN ^ | AND3_X1   | 0.049 |   2.425 |    3.180 | 
     | U372                 | B2 ^ -> ZN v | OAI21_X1  | 0.023 |   2.448 |    3.204 | 
     | U338                 | A1 v -> ZN ^ | NAND2_X1  | 0.017 |   2.465 |    3.220 | 
     | U336                 | A1 ^ -> ZN v | NAND2_X1  | 0.034 |   2.498 |    3.254 | 
     | U2554                | B1 v -> ZN ^ | AOI21_X1  | 0.046 |   2.544 |    3.300 | 
     | U339                 | B1 ^ -> ZN v | OAI21_X1  | 0.027 |   2.571 |    3.327 | 
     | U2561                | A v -> ZN ^  | INV_X1    | 0.016 |   2.587 |    3.342 | 
     | U480                 | B1 ^ -> ZN v | OAI21_X1  | 0.018 |   2.605 |    3.361 | 
     | U450                 | A v -> Z v   | XOR2_X1   | 0.051 |   2.656 |    3.411 | 
     | U2782                | A1 v -> ZN v | OR2_X1    | 0.045 |   2.701 |    3.456 | 
     | U3041                | A1 v -> ZN ^ | NAND2_X1  | 0.013 |   2.714 |    3.469 | 
     | p_reg_Y_temp_reg_60_ | D ^          | DFF_X1    | 0.000 |   2.714 |    3.469 | 
     +------------------------------------------------------------------------------+ 
Path 5: MET Setup Check with Pin p_reg_Y_temp_reg_59_/CK 
Endpoint:   p_reg_Y_temp_reg_59_/D (^) checked with  leading edge of 'CLK'
Beginpoint: B_reg_Y_temp_reg_15_/Q (v) triggered by  leading edge of 'CLK'
Path Groups: {CLK}
Analysis View: default
Other End Arrival Time          0.050
- Setup                         0.027
+ Phase Shift                   3.496
- Uncertainty                   0.050
= Required Time                 3.469
- Arrival Time                  2.682
= Slack Time                    0.787
     Clock Rise Edge                 0.000
     + Clock Network Latency (Ideal) 0.050
     = Beginpoint Arrival Time       0.050
     +------------------------------------------------------------------------------+ 
     |       Instance       |     Arc      |   Cell    | Delay | Arrival | Required | 
     |                      |              |           |       |  Time   |   Time   | 
     |----------------------+--------------+-----------+-------+---------+----------| 
     | B_reg_Y_temp_reg_15_ | CK ^         |           |       |   0.050 |    0.837 | 
     | B_reg_Y_temp_reg_15_ | CK ^ -> Q v  | DFF_X1    | 0.096 |   0.146 |    0.933 | 
     | FE_OFC18_B_i_15      | A v -> Z v   | CLKBUF_X2 | 0.129 |   0.276 |    1.062 | 
     | U539                 | A2 v -> ZN ^ | NOR2_X1   | 0.066 |   0.341 |    1.128 | 
     | U540                 | A2 ^ -> ZN v | NOR2_X1   | 0.018 |   0.360 |    1.147 | 
     | U541                 | A2 v -> ZN ^ | NAND2_X1  | 0.020 |   0.380 |    1.167 | 
     | U550                 | A2 ^ -> ZN ^ | OR2_X1    | 0.025 |   0.405 |    1.192 | 
     | U558                 | A1 ^ -> ZN v | NAND2_X1  | 0.012 |   0.417 |    1.204 | 
     | U316                 | A v -> ZN ^  | AOI21_X1  | 0.063 |   0.480 |    1.267 | 
     | FE_OFC2_n1180        | A ^ -> Z ^   | CLKBUF_X1 | 0.121 |   0.601 |    1.388 | 
     | U1035                | B1 ^ -> ZN v | OAI21_X1  | 0.025 |   0.626 |    1.413 | 
     | U1038                | A v -> Z v   | XOR2_X1   | 0.055 |   0.680 |    1.467 | 
     | FE_OFC44_n1143       | A v -> Z v   | CLKBUF_X1 | 0.103 |   0.783 |    1.570 | 
     | U1040                | B1 v -> ZN ^ | OAI21_X1  | 0.063 |   0.846 |    1.633 | 
     | U1041                | A ^ -> Z ^   | XOR2_X1   | 0.073 |   0.919 |    1.706 | 
     | U1100                | A1 ^ -> ZN v | NAND2_X1  | 0.019 |   0.938 |    1.725 | 
     | U1102                | A2 v -> ZN ^ | NAND3_X1  | 0.024 |   0.962 |    1.749 | 
     | U1371                | CI ^ -> S v  | FA_X1     | 0.094 |   1.056 |    1.843 | 
     | U1381                | CI v -> S v  | FA_X1     | 0.090 |   1.146 |    1.933 | 
     | U1104                | A1 v -> ZN v | OR2_X1    | 0.055 |   1.201 |    1.988 | 
     | U1302                | B2 v -> ZN ^ | AOI21_X1  | 0.032 |   1.232 |    2.019 | 
     | U1303                | A ^ -> ZN v  | OAI21_X1  | 0.025 |   1.258 |    2.045 | 
     | U1387                | B1 v -> ZN ^ | AOI21_X1  | 0.041 |   1.299 |    2.085 | 
     | U1426                | B1 ^ -> ZN v | OAI21_X1  | 0.027 |   1.326 |    2.112 | 
     | U1462                | B1 v -> ZN ^ | AOI21_X1  | 0.054 |   1.379 |    2.166 | 
     | U1497                | B1 ^ -> ZN v | OAI21_X1  | 0.036 |   1.416 |    2.202 | 
     | U1540                | B1 v -> ZN ^ | AOI21_X1  | 0.044 |   1.460 |    2.247 | 
     | U1584                | B1 ^ -> ZN v | OAI21_X1  | 0.027 |   1.487 |    2.274 | 
     | U1624                | B1 v -> ZN ^ | AOI21_X1  | 0.049 |   1.536 |    2.323 | 
     | U1664                | B1 ^ -> ZN v | OAI21_X1  | 0.034 |   1.570 |    2.357 | 
     | U1707                | B1 v -> ZN ^ | AOI21_X1  | 0.044 |   1.614 |    2.401 | 
     | U1752                | B1 ^ -> ZN v | OAI21_X1  | 0.028 |   1.642 |    2.429 | 
     | U1800                | B1 v -> ZN ^ | AOI21_X1  | 0.043 |   1.686 |    2.472 | 
     | U1846                | B1 ^ -> ZN v | OAI21_X1  | 0.026 |   1.712 |    2.499 | 
     | U1896                | B1 v -> ZN ^ | AOI21_X1  | 0.040 |   1.752 |    2.539 | 
     | U1943                | B1 ^ -> ZN v | OAI21_X1  | 0.026 |   1.778 |    2.565 | 
     | U1988                | B1 v -> ZN ^ | AOI21_X1  | 0.045 |   1.823 |    2.610 | 
     | U2032                | B1 ^ -> ZN v | OAI21_X1  | 0.033 |   1.856 |    2.643 | 
     | U2075                | B1 v -> ZN ^ | AOI21_X1  | 0.053 |   1.909 |    2.696 | 
     | U2115                | B1 ^ -> ZN v | OAI21_X1  | 0.030 |   1.940 |    2.726 | 
     | U2156                | B1 v -> ZN ^ | AOI21_X1  | 0.042 |   1.982 |    2.769 | 
     | U2194                | B1 ^ -> ZN v | OAI21_X1  | 0.027 |   2.008 |    2.795 | 
     | U2231                | B1 v -> ZN ^ | AOI21_X1  | 0.041 |   2.049 |    2.836 | 
     | U2267                | B1 ^ -> ZN v | OAI21_X1  | 0.026 |   2.076 |    2.863 | 
     | U2302                | B1 v -> ZN ^ | AOI21_X1  | 0.041 |   2.116 |    2.903 | 
     | U2334                | B1 ^ -> ZN v | OAI21_X1  | 0.026 |   2.143 |    2.930 | 
     | U2367                | B1 v -> ZN ^ | AOI21_X1  | 0.041 |   2.184 |    2.971 | 
     | U2397                | B1 ^ -> ZN v | OAI21_X1  | 0.026 |   2.210 |    2.997 | 
     | U2422                | B1 v -> ZN ^ | AOI21_X1  | 0.041 |   2.252 |    3.038 | 
     | U2443                | B1 ^ -> ZN v | OAI21_X1  | 0.033 |   2.285 |    3.072 | 
     | U2453                | B1 v -> ZN ^ | AOI21_X1  | 0.043 |   2.327 |    3.114 | 
     | U2460                | B1 ^ -> ZN v | OAI21_X1  | 0.031 |   2.359 |    3.145 | 
     | U2464                | A1 v -> ZN ^ | NAND2_X1  | 0.017 |   2.375 |    3.162 | 
     | U259                 | A2 ^ -> ZN ^ | AND3_X1   | 0.049 |   2.425 |    3.212 | 
     | U372                 | B2 ^ -> ZN v | OAI21_X1  | 0.023 |   2.448 |    3.235 | 
     | U338                 | A1 v -> ZN ^ | NAND2_X1  | 0.017 |   2.465 |    3.252 | 
     | U336                 | A1 ^ -> ZN v | NAND2_X1  | 0.034 |   2.498 |    3.285 | 
     | U2554                | B1 v -> ZN ^ | AOI21_X1  | 0.046 |   2.544 |    3.331 | 
     | U339                 | B1 ^ -> ZN v | OAI21_X1  | 0.027 |   2.571 |    3.358 | 
     | U390                 | A v -> Z v   | XOR2_X1   | 0.052 |   2.623 |    3.410 | 
     | U2779                | A1 v -> ZN v | OR2_X1    | 0.046 |   2.669 |    3.455 | 
     | U3040                | A1 v -> ZN ^ | NAND2_X1  | 0.014 |   2.682 |    3.469 | 
     | p_reg_Y_temp_reg_59_ | D ^          | DFF_X1    | 0.000 |   2.682 |    3.469 | 
     +------------------------------------------------------------------------------+ 
Path 6: MET Setup Check with Pin p_reg_Y_temp_reg_58_/CK 
Endpoint:   p_reg_Y_temp_reg_58_/D (^) checked with  leading edge of 'CLK'
Beginpoint: B_reg_Y_temp_reg_15_/Q (v) triggered by  leading edge of 'CLK'
Path Groups: {CLK}
Analysis View: default
Other End Arrival Time          0.050
- Setup                         0.027
+ Phase Shift                   3.496
- Uncertainty                   0.050
= Required Time                 3.469
- Arrival Time                  2.641
= Slack Time                    0.829
     Clock Rise Edge                 0.000
     + Clock Network Latency (Ideal) 0.050
     = Beginpoint Arrival Time       0.050
     +------------------------------------------------------------------------------+ 
     |       Instance       |     Arc      |   Cell    | Delay | Arrival | Required | 
     |                      |              |           |       |  Time   |   Time   | 
     |----------------------+--------------+-----------+-------+---------+----------| 
     | B_reg_Y_temp_reg_15_ | CK ^         |           |       |   0.050 |    0.879 | 
     | B_reg_Y_temp_reg_15_ | CK ^ -> Q v  | DFF_X1    | 0.096 |   0.146 |    0.975 | 
     | FE_OFC18_B_i_15      | A v -> Z v   | CLKBUF_X2 | 0.129 |   0.276 |    1.104 | 
     | U539                 | A2 v -> ZN ^ | NOR2_X1   | 0.066 |   0.341 |    1.170 | 
     | U540                 | A2 ^ -> ZN v | NOR2_X1   | 0.018 |   0.360 |    1.189 | 
     | U541                 | A2 v -> ZN ^ | NAND2_X1  | 0.020 |   0.380 |    1.209 | 
     | U550                 | A2 ^ -> ZN ^ | OR2_X1    | 0.025 |   0.405 |    1.234 | 
     | U558                 | A1 ^ -> ZN v | NAND2_X1  | 0.012 |   0.417 |    1.246 | 
     | U316                 | A v -> ZN ^  | AOI21_X1  | 0.063 |   0.480 |    1.309 | 
     | FE_OFC2_n1180        | A ^ -> Z ^   | CLKBUF_X1 | 0.121 |   0.601 |    1.430 | 
     | U1035                | B1 ^ -> ZN v | OAI21_X1  | 0.025 |   0.626 |    1.455 | 
     | U1038                | A v -> Z v   | XOR2_X1   | 0.055 |   0.680 |    1.509 | 
     | FE_OFC44_n1143       | A v -> Z v   | CLKBUF_X1 | 0.103 |   0.783 |    1.612 | 
     | U1040                | B1 v -> ZN ^ | OAI21_X1  | 0.063 |   0.846 |    1.675 | 
     | U1041                | A ^ -> Z ^   | XOR2_X1   | 0.073 |   0.919 |    1.748 | 
     | U1100                | A1 ^ -> ZN v | NAND2_X1  | 0.019 |   0.938 |    1.767 | 
     | U1102                | A2 v -> ZN ^ | NAND3_X1  | 0.024 |   0.962 |    1.791 | 
     | U1371                | CI ^ -> S v  | FA_X1     | 0.094 |   1.056 |    1.885 | 
     | U1381                | CI v -> S ^  | FA_X1     | 0.115 |   1.171 |    2.000 | 
     | U1104                | A1 ^ -> ZN ^ | OR2_X1    | 0.033 |   1.204 |    2.032 | 
     | U1105                | A2 ^ -> ZN v | NAND2_X1  | 0.015 |   1.219 |    2.048 | 
     | U1303                | B1 v -> ZN ^ | OAI21_X1  | 0.035 |   1.254 |    2.083 | 
     | U1387                | B1 ^ -> ZN v | AOI21_X1  | 0.025 |   1.279 |    2.108 | 
     | U1426                | B1 v -> ZN ^ | OAI21_X1  | 0.042 |   1.321 |    2.150 | 
     | U1462                | B1 ^ -> ZN v | AOI21_X1  | 0.032 |   1.353 |    2.182 | 
     | U1497                | B1 v -> ZN ^ | OAI21_X1  | 0.056 |   1.409 |    2.237 | 
     | U1540                | B1 ^ -> ZN v | AOI21_X1  | 0.029 |   1.437 |    2.266 | 
     | U1584                | B1 v -> ZN ^ | OAI21_X1  | 0.043 |   1.481 |    2.310 | 
     | U1624                | B1 ^ -> ZN v | AOI21_X1  | 0.030 |   1.511 |    2.340 | 
     | U1664                | B1 v -> ZN ^ | OAI21_X1  | 0.051 |   1.562 |    2.391 | 
     | U1707                | B1 ^ -> ZN v | AOI21_X1  | 0.029 |   1.591 |    2.419 | 
     | U1752                | B1 v -> ZN ^ | OAI21_X1  | 0.045 |   1.636 |    2.465 | 
     | U1800                | B1 ^ -> ZN v | AOI21_X1  | 0.028 |   1.664 |    2.492 | 
     | U1846                | B1 v -> ZN ^ | OAI21_X1  | 0.041 |   1.704 |    2.533 | 
     | U1896                | B1 ^ -> ZN v | AOI21_X1  | 0.025 |   1.729 |    2.558 | 
     | U1943                | B1 v -> ZN ^ | OAI21_X1  | 0.041 |   1.771 |    2.599 | 
     | U1988                | B1 ^ -> ZN v | AOI21_X1  | 0.028 |   1.798 |    2.627 | 
     | U2032                | B1 v -> ZN ^ | OAI21_X1  | 0.052 |   1.850 |    2.679 | 
     | U2075                | B1 ^ -> ZN v | AOI21_X1  | 0.034 |   1.884 |    2.713 | 
     | U2115                | B1 v -> ZN ^ | OAI21_X1  | 0.046 |   1.930 |    2.759 | 
     | U2156                | B1 ^ -> ZN v | AOI21_X1  | 0.027 |   1.957 |    2.785 | 
     | U2194                | B1 v -> ZN ^ | OAI21_X1  | 0.041 |   1.998 |    2.827 | 
     | U2231                | B1 ^ -> ZN v | AOI21_X1  | 0.026 |   2.024 |    2.853 | 
     | U2267                | B1 v -> ZN ^ | OAI21_X1  | 0.041 |   2.065 |    2.893 | 
     | U2302                | B1 ^ -> ZN v | AOI21_X1  | 0.026 |   2.090 |    2.919 | 
     | U2334                | B1 v -> ZN ^ | OAI21_X1  | 0.041 |   2.131 |    2.960 | 
     | U2367                | B1 ^ -> ZN v | AOI21_X1  | 0.026 |   2.157 |    2.986 | 
     | U2397                | B1 v -> ZN ^ | OAI21_X1  | 0.040 |   2.198 |    3.027 | 
     | U2422                | B1 ^ -> ZN v | AOI21_X1  | 0.026 |   2.224 |    3.053 | 
     | U2443                | B1 v -> ZN ^ | OAI21_X1  | 0.054 |   2.278 |    3.107 | 
     | U2453                | B1 ^ -> ZN v | AOI21_X1  | 0.029 |   2.306 |    3.135 | 
     | U2460                | B1 v -> ZN ^ | OAI21_X1  | 0.052 |   2.358 |    3.187 | 
     | U2464                | A1 ^ -> ZN v | NAND2_X1  | 0.016 |   2.374 |    3.203 | 
     | U259                 | A2 v -> ZN v | AND3_X1   | 0.039 |   2.412 |    3.241 | 
     | U372                 | B2 v -> ZN ^ | OAI21_X1  | 0.044 |   2.456 |    3.285 | 
     | U338                 | A1 ^ -> ZN v | NAND2_X1  | 0.018 |   2.474 |    3.302 | 
     | U336                 | A1 v -> ZN ^ | NAND2_X1  | 0.039 |   2.513 |    3.342 | 
     | U2554                | B1 ^ -> ZN v | AOI21_X1  | 0.027 |   2.540 |    3.369 | 
     | U436                 | A v -> ZN v  | XNOR2_X1  | 0.040 |   2.580 |    3.409 | 
     | U2778                | A1 v -> ZN v | OR2_X1    | 0.046 |   2.627 |    3.456 | 
     | U3039                | A1 v -> ZN ^ | NAND2_X1  | 0.014 |   2.641 |    3.469 | 
     | p_reg_Y_temp_reg_58_ | D ^          | DFF_X1    | 0.000 |   2.641 |    3.469 | 
     +------------------------------------------------------------------------------+ 
Path 7: MET Setup Check with Pin p_reg_Y_temp_reg_54_/CK 
Endpoint:   p_reg_Y_temp_reg_54_/D (^) checked with  leading edge of 'CLK'
Beginpoint: B_reg_Y_temp_reg_15_/Q (v) triggered by  leading edge of 'CLK'
Path Groups: {CLK}
Analysis View: default
Other End Arrival Time          0.050
- Setup                         0.027
+ Phase Shift                   3.496
- Uncertainty                   0.050
= Required Time                 3.469
- Arrival Time                  2.639
= Slack Time                    0.830
     Clock Rise Edge                 0.000
     + Clock Network Latency (Ideal) 0.050
     = Beginpoint Arrival Time       0.050
     +------------------------------------------------------------------------------+ 
     |       Instance       |     Arc      |   Cell    | Delay | Arrival | Required | 
     |                      |              |           |       |  Time   |   Time   | 
     |----------------------+--------------+-----------+-------+---------+----------| 
     | B_reg_Y_temp_reg_15_ | CK ^         |           |       |   0.050 |    0.880 | 
     | B_reg_Y_temp_reg_15_ | CK ^ -> Q v  | DFF_X1    | 0.096 |   0.146 |    0.976 | 
     | FE_OFC18_B_i_15      | A v -> Z v   | CLKBUF_X2 | 0.129 |   0.276 |    1.105 | 
     | U539                 | A2 v -> ZN ^ | NOR2_X1   | 0.066 |   0.341 |    1.171 | 
     | U540                 | A2 ^ -> ZN v | NOR2_X1   | 0.018 |   0.360 |    1.190 | 
     | U541                 | A2 v -> ZN ^ | NAND2_X1  | 0.020 |   0.380 |    1.210 | 
     | U550                 | A2 ^ -> ZN ^ | OR2_X1    | 0.025 |   0.405 |    1.235 | 
     | U558                 | A1 ^ -> ZN v | NAND2_X1  | 0.012 |   0.417 |    1.247 | 
     | U316                 | A v -> ZN ^  | AOI21_X1  | 0.063 |   0.480 |    1.310 | 
     | FE_OFC2_n1180        | A ^ -> Z ^   | CLKBUF_X1 | 0.121 |   0.601 |    1.431 | 
     | U1035                | B1 ^ -> ZN v | OAI21_X1  | 0.025 |   0.626 |    1.456 | 
     | U1038                | A v -> Z v   | XOR2_X1   | 0.055 |   0.680 |    1.510 | 
     | FE_OFC44_n1143       | A v -> Z v   | CLKBUF_X1 | 0.103 |   0.783 |    1.613 | 
     | U1040                | B1 v -> ZN ^ | OAI21_X1  | 0.063 |   0.846 |    1.676 | 
     | U1041                | A ^ -> Z ^   | XOR2_X1   | 0.073 |   0.919 |    1.749 | 
     | U1100                | A1 ^ -> ZN v | NAND2_X1  | 0.019 |   0.938 |    1.768 | 
     | U1102                | A2 v -> ZN ^ | NAND3_X1  | 0.024 |   0.962 |    1.792 | 
     | U1371                | CI ^ -> S v  | FA_X1     | 0.094 |   1.056 |    1.886 | 
     | U1381                | CI v -> S ^  | FA_X1     | 0.115 |   1.171 |    2.001 | 
     | U1104                | A1 ^ -> ZN ^ | OR2_X1    | 0.033 |   1.204 |    2.033 | 
     | U1105                | A2 ^ -> ZN v | NAND2_X1  | 0.015 |   1.219 |    2.049 | 
     | U1303                | B1 v -> ZN ^ | OAI21_X1  | 0.035 |   1.254 |    2.084 | 
     | U1387                | B1 ^ -> ZN v | AOI21_X1  | 0.025 |   1.279 |    2.109 | 
     | U1426                | B1 v -> ZN ^ | OAI21_X1  | 0.042 |   1.321 |    2.151 | 
     | U1462                | B1 ^ -> ZN v | AOI21_X1  | 0.032 |   1.353 |    2.183 | 
     | U1497                | B1 v -> ZN ^ | OAI21_X1  | 0.056 |   1.409 |    2.238 | 
     | U1540                | B1 ^ -> ZN v | AOI21_X1  | 0.029 |   1.437 |    2.267 | 
     | U1584                | B1 v -> ZN ^ | OAI21_X1  | 0.043 |   1.481 |    2.311 | 
     | U1624                | B1 ^ -> ZN v | AOI21_X1  | 0.030 |   1.511 |    2.341 | 
     | U1664                | B1 v -> ZN ^ | OAI21_X1  | 0.051 |   1.562 |    2.392 | 
     | U1707                | B1 ^ -> ZN v | AOI21_X1  | 0.029 |   1.591 |    2.420 | 
     | U1752                | B1 v -> ZN ^ | OAI21_X1  | 0.045 |   1.636 |    2.466 | 
     | U1800                | B1 ^ -> ZN v | AOI21_X1  | 0.028 |   1.664 |    2.493 | 
     | U1846                | B1 v -> ZN ^ | OAI21_X1  | 0.041 |   1.704 |    2.534 | 
     | U1896                | B1 ^ -> ZN v | AOI21_X1  | 0.025 |   1.729 |    2.559 | 
     | U1943                | B1 v -> ZN ^ | OAI21_X1  | 0.041 |   1.771 |    2.600 | 
     | U1988                | B1 ^ -> ZN v | AOI21_X1  | 0.028 |   1.798 |    2.628 | 
     | U2032                | B1 v -> ZN ^ | OAI21_X1  | 0.052 |   1.850 |    2.680 | 
     | U2075                | B1 ^ -> ZN v | AOI21_X1  | 0.034 |   1.884 |    2.714 | 
     | U2115                | B1 v -> ZN ^ | OAI21_X1  | 0.046 |   1.930 |    2.760 | 
     | U2156                | B1 ^ -> ZN v | AOI21_X1  | 0.027 |   1.957 |    2.786 | 
     | U2194                | B1 v -> ZN ^ | OAI21_X1  | 0.041 |   1.998 |    2.828 | 
     | U2231                | B1 ^ -> ZN v | AOI21_X1  | 0.026 |   2.024 |    2.854 | 
     | U2267                | B1 v -> ZN ^ | OAI21_X1  | 0.041 |   2.065 |    2.894 | 
     | U2302                | B1 ^ -> ZN v | AOI21_X1  | 0.026 |   2.090 |    2.920 | 
     | U2334                | B1 v -> ZN ^ | OAI21_X1  | 0.041 |   2.131 |    2.961 | 
     | U2367                | B1 ^ -> ZN v | AOI21_X1  | 0.026 |   2.157 |    2.987 | 
     | U2397                | B1 v -> ZN ^ | OAI21_X1  | 0.040 |   2.198 |    3.028 | 
     | U2422                | B1 ^ -> ZN v | AOI21_X1  | 0.026 |   2.224 |    3.054 | 
     | U2443                | B1 v -> ZN ^ | OAI21_X1  | 0.054 |   2.278 |    3.108 | 
     | U2453                | B1 ^ -> ZN v | AOI21_X1  | 0.029 |   2.306 |    3.136 | 
     | U2460                | B1 v -> ZN ^ | OAI21_X1  | 0.052 |   2.358 |    3.188 | 
     | U2464                | A1 ^ -> ZN v | NAND2_X1  | 0.016 |   2.374 |    3.204 | 
     | U259                 | A2 v -> ZN v | AND3_X1   | 0.039 |   2.412 |    3.242 | 
     | U372                 | B2 v -> ZN ^ | OAI21_X1  | 0.044 |   2.456 |    3.286 | 
     | U338                 | A1 ^ -> ZN v | NAND2_X1  | 0.018 |   2.474 |    3.303 | 
     | U336                 | A1 v -> ZN ^ | NAND2_X1  | 0.039 |   2.513 |    3.343 | 
     | U371                 | B1 ^ -> ZN v | AOI21_X1  | 0.022 |   2.535 |    3.365 | 
     | U438                 | A v -> ZN v  | XNOR2_X1  | 0.040 |   2.575 |    3.405 | 
     | U2773                | A1 v -> ZN v | OR2_X1    | 0.049 |   2.624 |    3.454 | 
     | U3035                | A1 v -> ZN ^ | NAND2_X1  | 0.015 |   2.639 |    3.469 | 
     | p_reg_Y_temp_reg_54_ | D ^          | DFF_X1    | 0.000 |   2.639 |    3.469 | 
     +------------------------------------------------------------------------------+ 
Path 8: MET Setup Check with Pin p_reg_Y_temp_reg_55_/CK 
Endpoint:   p_reg_Y_temp_reg_55_/D (^) checked with  leading edge of 'CLK'
Beginpoint: B_reg_Y_temp_reg_15_/Q (v) triggered by  leading edge of 'CLK'
Path Groups: {CLK}
Analysis View: default
Other End Arrival Time          0.050
- Setup                         0.027
+ Phase Shift                   3.496
- Uncertainty                   0.050
= Required Time                 3.469
- Arrival Time                  2.637
= Slack Time                    0.832
     Clock Rise Edge                 0.000
     + Clock Network Latency (Ideal) 0.050
     = Beginpoint Arrival Time       0.050
     +------------------------------------------------------------------------------+ 
     |       Instance       |     Arc      |   Cell    | Delay | Arrival | Required | 
     |                      |              |           |       |  Time   |   Time   | 
     |----------------------+--------------+-----------+-------+---------+----------| 
     | B_reg_Y_temp_reg_15_ | CK ^         |           |       |   0.050 |    0.882 | 
     | B_reg_Y_temp_reg_15_ | CK ^ -> Q v  | DFF_X1    | 0.096 |   0.146 |    0.978 | 
     | FE_OFC18_B_i_15      | A v -> Z v   | CLKBUF_X2 | 0.129 |   0.276 |    1.108 | 
     | U539                 | A2 v -> ZN ^ | NOR2_X1   | 0.066 |   0.341 |    1.173 | 
     | U540                 | A2 ^ -> ZN v | NOR2_X1   | 0.018 |   0.360 |    1.192 | 
     | U541                 | A2 v -> ZN ^ | NAND2_X1  | 0.020 |   0.380 |    1.212 | 
     | U550                 | A2 ^ -> ZN ^ | OR2_X1    | 0.025 |   0.405 |    1.237 | 
     | U558                 | A1 ^ -> ZN v | NAND2_X1  | 0.012 |   0.417 |    1.249 | 
     | U316                 | A v -> ZN ^  | AOI21_X1  | 0.063 |   0.480 |    1.312 | 
     | FE_OFC2_n1180        | A ^ -> Z ^   | CLKBUF_X1 | 0.121 |   0.601 |    1.433 | 
     | U1035                | B1 ^ -> ZN v | OAI21_X1  | 0.025 |   0.626 |    1.458 | 
     | U1038                | A v -> Z v   | XOR2_X1   | 0.055 |   0.680 |    1.512 | 
     | FE_OFC44_n1143       | A v -> Z v   | CLKBUF_X1 | 0.103 |   0.783 |    1.615 | 
     | U1040                | B1 v -> ZN ^ | OAI21_X1  | 0.063 |   0.846 |    1.678 | 
     | U1041                | A ^ -> Z ^   | XOR2_X1   | 0.073 |   0.919 |    1.751 | 
     | U1100                | A1 ^ -> ZN v | NAND2_X1  | 0.019 |   0.938 |    1.770 | 
     | U1102                | A2 v -> ZN ^ | NAND3_X1  | 0.024 |   0.962 |    1.794 | 
     | U1371                | CI ^ -> S v  | FA_X1     | 0.094 |   1.056 |    1.888 | 
     | U1381                | CI v -> S ^  | FA_X1     | 0.115 |   1.171 |    2.003 | 
     | U1104                | A1 ^ -> ZN ^ | OR2_X1    | 0.033 |   1.204 |    2.036 | 
     | U1105                | A2 ^ -> ZN v | NAND2_X1  | 0.015 |   1.219 |    2.051 | 
     | U1303                | B1 v -> ZN ^ | OAI21_X1  | 0.035 |   1.254 |    2.086 | 
     | U1387                | B1 ^ -> ZN v | AOI21_X1  | 0.025 |   1.279 |    2.111 | 
     | U1426                | B1 v -> ZN ^ | OAI21_X1  | 0.042 |   1.321 |    2.153 | 
     | U1462                | B1 ^ -> ZN v | AOI21_X1  | 0.032 |   1.353 |    2.185 | 
     | U1497                | B1 v -> ZN ^ | OAI21_X1  | 0.056 |   1.409 |    2.241 | 
     | U1540                | B1 ^ -> ZN v | AOI21_X1  | 0.029 |   1.437 |    2.269 | 
     | U1584                | B1 v -> ZN ^ | OAI21_X1  | 0.043 |   1.481 |    2.313 | 
     | U1624                | B1 ^ -> ZN v | AOI21_X1  | 0.030 |   1.511 |    2.343 | 
     | U1664                | B1 v -> ZN ^ | OAI21_X1  | 0.051 |   1.562 |    2.394 | 
     | U1707                | B1 ^ -> ZN v | AOI21_X1  | 0.029 |   1.591 |    2.423 | 
     | U1752                | B1 v -> ZN ^ | OAI21_X1  | 0.045 |   1.636 |    2.468 | 
     | U1800                | B1 ^ -> ZN v | AOI21_X1  | 0.028 |   1.664 |    2.496 | 
     | U1846                | B1 v -> ZN ^ | OAI21_X1  | 0.041 |   1.704 |    2.536 | 
     | U1896                | B1 ^ -> ZN v | AOI21_X1  | 0.025 |   1.729 |    2.561 | 
     | U1943                | B1 v -> ZN ^ | OAI21_X1  | 0.041 |   1.771 |    2.602 | 
     | U1988                | B1 ^ -> ZN v | AOI21_X1  | 0.028 |   1.798 |    2.630 | 
     | U2032                | B1 v -> ZN ^ | OAI21_X1  | 0.052 |   1.850 |    2.682 | 
     | U2075                | B1 ^ -> ZN v | AOI21_X1  | 0.034 |   1.884 |    2.716 | 
     | U2115                | B1 v -> ZN ^ | OAI21_X1  | 0.046 |   1.930 |    2.762 | 
     | U2156                | B1 ^ -> ZN v | AOI21_X1  | 0.027 |   1.957 |    2.789 | 
     | U2194                | B1 v -> ZN ^ | OAI21_X1  | 0.041 |   1.998 |    2.830 | 
     | U2231                | B1 ^ -> ZN v | AOI21_X1  | 0.026 |   2.024 |    2.856 | 
     | U2267                | B1 v -> ZN ^ | OAI21_X1  | 0.041 |   2.065 |    2.896 | 
     | U2302                | B1 ^ -> ZN v | AOI21_X1  | 0.026 |   2.090 |    2.922 | 
     | U2334                | B1 v -> ZN ^ | OAI21_X1  | 0.041 |   2.131 |    2.963 | 
     | U2367                | B1 ^ -> ZN v | AOI21_X1  | 0.026 |   2.157 |    2.989 | 
     | U2397                | B1 v -> ZN ^ | OAI21_X1  | 0.040 |   2.198 |    3.030 | 
     | U2422                | B1 ^ -> ZN v | AOI21_X1  | 0.026 |   2.224 |    3.056 | 
     | U2443                | B1 v -> ZN ^ | OAI21_X1  | 0.054 |   2.278 |    3.110 | 
     | U2453                | B1 ^ -> ZN v | AOI21_X1  | 0.029 |   2.306 |    3.138 | 
     | U2460                | B1 v -> ZN ^ | OAI21_X1  | 0.052 |   2.358 |    3.190 | 
     | U2464                | A1 ^ -> ZN v | NAND2_X1  | 0.016 |   2.374 |    3.206 | 
     | U259                 | A2 v -> ZN v | AND3_X1   | 0.039 |   2.412 |    3.244 | 
     | U372                 | B2 v -> ZN ^ | OAI21_X1  | 0.044 |   2.456 |    3.288 | 
     | U338                 | A1 ^ -> ZN v | NAND2_X1  | 0.018 |   2.474 |    3.306 | 
     | U336                 | A1 v -> ZN ^ | NAND2_X1  | 0.039 |   2.513 |    3.345 | 
     | U368                 | B1 ^ -> ZN v | AOI21_X1  | 0.022 |   2.535 |    3.367 | 
     | U439                 | A v -> ZN v  | XNOR2_X1  | 0.040 |   2.575 |    3.407 | 
     | U2774                | A1 v -> ZN v | OR2_X1    | 0.048 |   2.623 |    3.455 | 
     | U3036                | A1 v -> ZN ^ | NAND2_X1  | 0.014 |   2.637 |    3.469 | 
     | p_reg_Y_temp_reg_55_ | D ^          | DFF_X1    | 0.000 |   2.637 |    3.469 | 
     +------------------------------------------------------------------------------+ 
Path 9: MET Setup Check with Pin p_reg_Y_temp_reg_56_/CK 
Endpoint:   p_reg_Y_temp_reg_56_/D (^) checked with  leading edge of 'CLK'
Beginpoint: B_reg_Y_temp_reg_15_/Q (v) triggered by  leading edge of 'CLK'
Path Groups: {CLK}
Analysis View: default
Other End Arrival Time          0.050
- Setup                         0.027
+ Phase Shift                   3.496
- Uncertainty                   0.050
= Required Time                 3.469
- Arrival Time                  2.636
= Slack Time                    0.833
     Clock Rise Edge                 0.000
     + Clock Network Latency (Ideal) 0.050
     = Beginpoint Arrival Time       0.050
     +------------------------------------------------------------------------------+ 
     |       Instance       |     Arc      |   Cell    | Delay | Arrival | Required | 
     |                      |              |           |       |  Time   |   Time   | 
     |----------------------+--------------+-----------+-------+---------+----------| 
     | B_reg_Y_temp_reg_15_ | CK ^         |           |       |   0.050 |    0.883 | 
     | B_reg_Y_temp_reg_15_ | CK ^ -> Q v  | DFF_X1    | 0.096 |   0.146 |    0.979 | 
     | FE_OFC18_B_i_15      | A v -> Z v   | CLKBUF_X2 | 0.129 |   0.276 |    1.109 | 
     | U539                 | A2 v -> ZN ^ | NOR2_X1   | 0.066 |   0.341 |    1.174 | 
     | U540                 | A2 ^ -> ZN v | NOR2_X1   | 0.018 |   0.360 |    1.193 | 
     | U541                 | A2 v -> ZN ^ | NAND2_X1  | 0.020 |   0.380 |    1.213 | 
     | U550                 | A2 ^ -> ZN ^ | OR2_X1    | 0.025 |   0.405 |    1.238 | 
     | U558                 | A1 ^ -> ZN v | NAND2_X1  | 0.012 |   0.417 |    1.250 | 
     | U316                 | A v -> ZN ^  | AOI21_X1  | 0.063 |   0.480 |    1.313 | 
     | FE_OFC2_n1180        | A ^ -> Z ^   | CLKBUF_X1 | 0.121 |   0.601 |    1.434 | 
     | U1035                | B1 ^ -> ZN v | OAI21_X1  | 0.025 |   0.626 |    1.459 | 
     | U1038                | A v -> Z v   | XOR2_X1   | 0.055 |   0.680 |    1.513 | 
     | FE_OFC44_n1143       | A v -> Z v   | CLKBUF_X1 | 0.103 |   0.783 |    1.616 | 
     | U1040                | B1 v -> ZN ^ | OAI21_X1  | 0.063 |   0.846 |    1.679 | 
     | U1041                | A ^ -> Z ^   | XOR2_X1   | 0.073 |   0.919 |    1.752 | 
     | U1100                | A1 ^ -> ZN v | NAND2_X1  | 0.019 |   0.938 |    1.771 | 
     | U1102                | A2 v -> ZN ^ | NAND3_X1  | 0.024 |   0.962 |    1.795 | 
     | U1371                | CI ^ -> S v  | FA_X1     | 0.094 |   1.056 |    1.889 | 
     | U1381                | CI v -> S ^  | FA_X1     | 0.115 |   1.171 |    2.004 | 
     | U1104                | A1 ^ -> ZN ^ | OR2_X1    | 0.033 |   1.204 |    2.037 | 
     | U1105                | A2 ^ -> ZN v | NAND2_X1  | 0.015 |   1.219 |    2.052 | 
     | U1303                | B1 v -> ZN ^ | OAI21_X1  | 0.035 |   1.254 |    2.087 | 
     | U1387                | B1 ^ -> ZN v | AOI21_X1  | 0.025 |   1.279 |    2.112 | 
     | U1426                | B1 v -> ZN ^ | OAI21_X1  | 0.042 |   1.321 |    2.154 | 
     | U1462                | B1 ^ -> ZN v | AOI21_X1  | 0.032 |   1.353 |    2.186 | 
     | U1497                | B1 v -> ZN ^ | OAI21_X1  | 0.056 |   1.409 |    2.242 | 
     | U1540                | B1 ^ -> ZN v | AOI21_X1  | 0.029 |   1.437 |    2.270 | 
     | U1584                | B1 v -> ZN ^ | OAI21_X1  | 0.043 |   1.481 |    2.314 | 
     | U1624                | B1 ^ -> ZN v | AOI21_X1  | 0.030 |   1.511 |    2.344 | 
     | U1664                | B1 v -> ZN ^ | OAI21_X1  | 0.051 |   1.562 |    2.395 | 
     | U1707                | B1 ^ -> ZN v | AOI21_X1  | 0.029 |   1.591 |    2.424 | 
     | U1752                | B1 v -> ZN ^ | OAI21_X1  | 0.045 |   1.636 |    2.469 | 
     | U1800                | B1 ^ -> ZN v | AOI21_X1  | 0.028 |   1.664 |    2.497 | 
     | U1846                | B1 v -> ZN ^ | OAI21_X1  | 0.041 |   1.704 |    2.537 | 
     | U1896                | B1 ^ -> ZN v | AOI21_X1  | 0.025 |   1.729 |    2.562 | 
     | U1943                | B1 v -> ZN ^ | OAI21_X1  | 0.041 |   1.771 |    2.603 | 
     | U1988                | B1 ^ -> ZN v | AOI21_X1  | 0.028 |   1.798 |    2.631 | 
     | U2032                | B1 v -> ZN ^ | OAI21_X1  | 0.052 |   1.850 |    2.683 | 
     | U2075                | B1 ^ -> ZN v | AOI21_X1  | 0.034 |   1.884 |    2.717 | 
     | U2115                | B1 v -> ZN ^ | OAI21_X1  | 0.046 |   1.930 |    2.763 | 
     | U2156                | B1 ^ -> ZN v | AOI21_X1  | 0.027 |   1.957 |    2.790 | 
     | U2194                | B1 v -> ZN ^ | OAI21_X1  | 0.041 |   1.998 |    2.831 | 
     | U2231                | B1 ^ -> ZN v | AOI21_X1  | 0.026 |   2.024 |    2.857 | 
     | U2267                | B1 v -> ZN ^ | OAI21_X1  | 0.041 |   2.065 |    2.897 | 
     | U2302                | B1 ^ -> ZN v | AOI21_X1  | 0.026 |   2.090 |    2.923 | 
     | U2334                | B1 v -> ZN ^ | OAI21_X1  | 0.041 |   2.131 |    2.964 | 
     | U2367                | B1 ^ -> ZN v | AOI21_X1  | 0.026 |   2.157 |    2.990 | 
     | U2397                | B1 v -> ZN ^ | OAI21_X1  | 0.040 |   2.198 |    3.031 | 
     | U2422                | B1 ^ -> ZN v | AOI21_X1  | 0.026 |   2.224 |    3.057 | 
     | U2443                | B1 v -> ZN ^ | OAI21_X1  | 0.054 |   2.278 |    3.111 | 
     | U2453                | B1 ^ -> ZN v | AOI21_X1  | 0.029 |   2.306 |    3.139 | 
     | U2460                | B1 v -> ZN ^ | OAI21_X1  | 0.052 |   2.358 |    3.191 | 
     | U2464                | A1 ^ -> ZN v | NAND2_X1  | 0.016 |   2.374 |    3.207 | 
     | U259                 | A2 v -> ZN v | AND3_X1   | 0.039 |   2.412 |    3.245 | 
     | U372                 | B2 v -> ZN ^ | OAI21_X1  | 0.044 |   2.456 |    3.289 | 
     | U338                 | A1 ^ -> ZN v | NAND2_X1  | 0.018 |   2.474 |    3.307 | 
     | U336                 | A1 v -> ZN ^ | NAND2_X1  | 0.039 |   2.513 |    3.346 | 
     | U366                 | B1 ^ -> ZN v | AOI21_X1  | 0.022 |   2.535 |    3.368 | 
     | U440                 | A v -> ZN v  | XNOR2_X1  | 0.040 |   2.575 |    3.408 | 
     | U2776                | A1 v -> ZN v | OR2_X1    | 0.047 |   2.622 |    3.455 | 
     | U3037                | A1 v -> ZN ^ | NAND2_X1  | 0.014 |   2.636 |    3.469 | 
     | p_reg_Y_temp_reg_56_ | D ^          | DFF_X1    | 0.000 |   2.636 |    3.469 | 
     +------------------------------------------------------------------------------+ 
Path 10: MET Setup Check with Pin p_reg_Y_temp_reg_57_/CK 
Endpoint:   p_reg_Y_temp_reg_57_/D (^) checked with  leading edge of 'CLK'
Beginpoint: B_reg_Y_temp_reg_15_/Q (v) triggered by  leading edge of 'CLK'
Path Groups: {CLK}
Analysis View: default
Other End Arrival Time          0.050
- Setup                         0.027
+ Phase Shift                   3.496
- Uncertainty                   0.050
= Required Time                 3.469
- Arrival Time                  2.632
= Slack Time                    0.837
     Clock Rise Edge                 0.000
     + Clock Network Latency (Ideal) 0.050
     = Beginpoint Arrival Time       0.050
     +------------------------------------------------------------------------------+ 
     |       Instance       |     Arc      |   Cell    | Delay | Arrival | Required | 
     |                      |              |           |       |  Time   |   Time   | 
     |----------------------+--------------+-----------+-------+---------+----------| 
     | B_reg_Y_temp_reg_15_ | CK ^         |           |       |   0.050 |    0.887 | 
     | B_reg_Y_temp_reg_15_ | CK ^ -> Q v  | DFF_X1    | 0.096 |   0.146 |    0.983 | 
     | FE_OFC18_B_i_15      | A v -> Z v   | CLKBUF_X2 | 0.129 |   0.276 |    1.113 | 
     | U539                 | A2 v -> ZN ^ | NOR2_X1   | 0.066 |   0.341 |    1.179 | 
     | U540                 | A2 ^ -> ZN v | NOR2_X1   | 0.018 |   0.360 |    1.197 | 
     | U541                 | A2 v -> ZN ^ | NAND2_X1  | 0.020 |   0.380 |    1.217 | 
     | U550                 | A2 ^ -> ZN ^ | OR2_X1    | 0.025 |   0.405 |    1.242 | 
     | U558                 | A1 ^ -> ZN v | NAND2_X1  | 0.012 |   0.417 |    1.254 | 
     | U316                 | A v -> ZN ^  | AOI21_X1  | 0.063 |   0.480 |    1.317 | 
     | FE_OFC2_n1180        | A ^ -> Z ^   | CLKBUF_X1 | 0.121 |   0.601 |    1.438 | 
     | U1035                | B1 ^ -> ZN v | OAI21_X1  | 0.025 |   0.626 |    1.463 | 
     | U1038                | A v -> Z v   | XOR2_X1   | 0.055 |   0.680 |    1.518 | 
     | FE_OFC44_n1143       | A v -> Z v   | CLKBUF_X1 | 0.103 |   0.783 |    1.620 | 
     | U1040                | B1 v -> ZN ^ | OAI21_X1  | 0.063 |   0.846 |    1.683 | 
     | U1041                | A ^ -> Z ^   | XOR2_X1   | 0.073 |   0.919 |    1.756 | 
     | U1100                | A1 ^ -> ZN v | NAND2_X1  | 0.019 |   0.938 |    1.775 | 
     | U1102                | A2 v -> ZN ^ | NAND3_X1  | 0.024 |   0.962 |    1.799 | 
     | U1371                | CI ^ -> S v  | FA_X1     | 0.094 |   1.056 |    1.893 | 
     | U1381                | CI v -> S ^  | FA_X1     | 0.115 |   1.171 |    2.008 | 
     | U1104                | A1 ^ -> ZN ^ | OR2_X1    | 0.033 |   1.204 |    2.041 | 
     | U1105                | A2 ^ -> ZN v | NAND2_X1  | 0.015 |   1.219 |    2.056 | 
     | U1303                | B1 v -> ZN ^ | OAI21_X1  | 0.035 |   1.254 |    2.092 | 
     | U1387                | B1 ^ -> ZN v | AOI21_X1  | 0.025 |   1.279 |    2.116 | 
     | U1426                | B1 v -> ZN ^ | OAI21_X1  | 0.042 |   1.321 |    2.158 | 
     | U1462                | B1 ^ -> ZN v | AOI21_X1  | 0.032 |   1.353 |    2.190 | 
     | U1497                | B1 v -> ZN ^ | OAI21_X1  | 0.056 |   1.409 |    2.246 | 
     | U1540                | B1 ^ -> ZN v | AOI21_X1  | 0.029 |   1.437 |    2.275 | 
     | U1584                | B1 v -> ZN ^ | OAI21_X1  | 0.043 |   1.481 |    2.318 | 
     | U1624                | B1 ^ -> ZN v | AOI21_X1  | 0.030 |   1.511 |    2.348 | 
     | U1664                | B1 v -> ZN ^ | OAI21_X1  | 0.051 |   1.562 |    2.399 | 
     | U1707                | B1 ^ -> ZN v | AOI21_X1  | 0.029 |   1.591 |    2.428 | 
     | U1752                | B1 v -> ZN ^ | OAI21_X1  | 0.045 |   1.636 |    2.473 | 
     | U1800                | B1 ^ -> ZN v | AOI21_X1  | 0.028 |   1.664 |    2.501 | 
     | U1846                | B1 v -> ZN ^ | OAI21_X1  | 0.041 |   1.704 |    2.541 | 
     | U1896                | B1 ^ -> ZN v | AOI21_X1  | 0.025 |   1.729 |    2.567 | 
     | U1943                | B1 v -> ZN ^ | OAI21_X1  | 0.041 |   1.771 |    2.608 | 
     | U1988                | B1 ^ -> ZN v | AOI21_X1  | 0.028 |   1.798 |    2.636 | 
     | U2032                | B1 v -> ZN ^ | OAI21_X1  | 0.052 |   1.850 |    2.687 | 
     | U2075                | B1 ^ -> ZN v | AOI21_X1  | 0.034 |   1.884 |    2.721 | 
     | U2115                | B1 v -> ZN ^ | OAI21_X1  | 0.046 |   1.930 |    2.767 | 
     | U2156                | B1 ^ -> ZN v | AOI21_X1  | 0.027 |   1.957 |    2.794 | 
     | U2194                | B1 v -> ZN ^ | OAI21_X1  | 0.041 |   1.998 |    2.835 | 
     | U2231                | B1 ^ -> ZN v | AOI21_X1  | 0.026 |   2.024 |    2.861 | 
     | U2267                | B1 v -> ZN ^ | OAI21_X1  | 0.041 |   2.065 |    2.902 | 
     | U2302                | B1 ^ -> ZN v | AOI21_X1  | 0.026 |   2.090 |    2.927 | 
     | U2334                | B1 v -> ZN ^ | OAI21_X1  | 0.041 |   2.131 |    2.968 | 
     | U2367                | B1 ^ -> ZN v | AOI21_X1  | 0.026 |   2.157 |    2.994 | 
     | U2397                | B1 v -> ZN ^ | OAI21_X1  | 0.040 |   2.198 |    3.035 | 
     | U2422                | B1 ^ -> ZN v | AOI21_X1  | 0.026 |   2.224 |    3.061 | 
     | U2443                | B1 v -> ZN ^ | OAI21_X1  | 0.054 |   2.278 |    3.115 | 
     | U2453                | B1 ^ -> ZN v | AOI21_X1  | 0.029 |   2.306 |    3.144 | 
     | U2460                | B1 v -> ZN ^ | OAI21_X1  | 0.052 |   2.358 |    3.195 | 
     | U2464                | A1 ^ -> ZN v | NAND2_X1  | 0.016 |   2.374 |    3.211 | 
     | U259                 | A2 v -> ZN v | AND3_X1   | 0.039 |   2.412 |    3.249 | 
     | U372                 | B2 v -> ZN ^ | OAI21_X1  | 0.044 |   2.456 |    3.293 | 
     | U338                 | A1 ^ -> ZN v | NAND2_X1  | 0.018 |   2.474 |    3.311 | 
     | U336                 | A1 v -> ZN ^ | NAND2_X1  | 0.039 |   2.513 |    3.350 | 
     | U362                 | B1 ^ -> ZN v | AOI21_X1  | 0.021 |   2.534 |    3.372 | 
     | U441                 | A v -> ZN v  | XNOR2_X1  | 0.038 |   2.573 |    3.410 | 
     | U2777                | A1 v -> ZN v | OR2_X1    | 0.046 |   2.618 |    3.456 | 
     | U3038                | A1 v -> ZN ^ | NAND2_X1  | 0.014 |   2.632 |    3.469 | 
     | p_reg_Y_temp_reg_57_ | D ^          | DFF_X1    | 0.000 |   2.632 |    3.469 | 
     +------------------------------------------------------------------------------+ 

