###############################################################
#  Generated by:      Cadence Innovus 23.35-s106_1
#  OS:                Linux x86_64(Host ID microsys.openstack.polito)
#  Generated on:      Sat Oct 10 22:17:50 2026
#  Design:            boothmul_registered
#  Command:           report_timing -early -max_paths 10 > reports/10_hold_paths.rpt
###############################################################
Path 1: MET Hold Check with Pin p_reg_Y_temp_reg_3_/CK 
Endpoint:   p_reg_Y_temp_reg_3_/D  (v) checked with  leading edge of 'CLK'
Beginpoint: p_reg_Y_temp_reg_3_/QN (^) triggered by  leading edge of 'CLK'
Path Groups: {CLK}
Analysis View: default
Other End Arrival Time          0.051
+ Hold                          0.011
+ Phase Shift                   0.000
- CPPR Adjustment               0.000
+ Uncertainty                   0.050
= Required Time                 0.112
  Arrival Time                  0.180
  Slack Time                    0.068
     Clock Rise Edge                 0.000
     + Clock Network Latency (Prop)  0.072
     = Beginpoint Arrival Time       0.072
     +----------------------------------------------------------------------------+ 
     |      Instance       |     Arc      |   Cell   | Delay | Arrival | Required | 
     |                     |              |          |       |  Time   |   Time   | 
     |---------------------+--------------+----------+-------+---------+----------| 
     | p_reg_Y_temp_reg_3_ | CK ^         |          |       |   0.072 |    0.004 | 
     | p_reg_Y_temp_reg_3_ | CK ^ -> QN ^ | DFF_X1   | 0.074 |   0.146 |    0.078 | 
     | U2855               | A1 ^ -> ZN ^ | OR2_X1   | 0.022 |   0.168 |    0.100 | 
     | U2984               | A ^ -> ZN v  | OAI21_X1 | 0.012 |   0.180 |    0.112 | 
     | p_reg_Y_temp_reg_3_ | D v          | DFF_X1   | 0.000 |   0.180 |    0.112 | 
     +----------------------------------------------------------------------------+ 
Path 2: MET Hold Check with Pin p_reg_Y_temp_reg_18_/CK 
Endpoint:   p_reg_Y_temp_reg_18_/D  (v) checked with  leading edge of 'CLK'
Beginpoint: p_reg_Y_temp_reg_18_/QN (^) triggered by  leading edge of 'CLK'
Path Groups: {CLK}
Analysis View: default
Other End Arrival Time          0.053
+ Hold                          0.011
+ Phase Shift                   0.000
- CPPR Adjustment               0.000
+ Uncertainty                   0.050
= Required Time                 0.114
  Arrival Time                  0.182
  Slack Time                    0.068
     Clock Rise Edge                 0.000
     + Clock Network Latency (Prop)  0.073
     = Beginpoint Arrival Time       0.073
     +-----------------------------------------------------------------------------+ 
     |       Instance       |     Arc      |   Cell   | Delay | Arrival | Required | 
     |                      |              |          |       |  Time   |   Time   | 
     |----------------------+--------------+----------+-------+---------+----------| 
     | p_reg_Y_temp_reg_18_ | CK ^         |          |       |   0.073 |    0.005 | 
     | p_reg_Y_temp_reg_18_ | CK ^ -> QN ^ | DFF_X1   | 0.074 |   0.148 |    0.080 | 
     | U2871                | A1 ^ -> ZN ^ | OR2_X1   | 0.022 |   0.170 |    0.102 | 
     | U2999                | A ^ -> ZN v  | OAI21_X1 | 0.012 |   0.182 |    0.114 | 
     | p_reg_Y_temp_reg_18_ | D v          | DFF_X1   | 0.000 |   0.182 |    0.114 | 
     +-----------------------------------------------------------------------------+ 
Path 3: MET Hold Check with Pin p_reg_Y_temp_reg_62_/CK 
Endpoint:   p_reg_Y_temp_reg_62_/D  (v) checked with  leading edge of 'CLK'
Beginpoint: p_reg_Y_temp_reg_62_/QN (^) triggered by  leading edge of 'CLK'
Path Groups: {CLK}
Analysis View: default
Other End Arrival Time          0.049
+ Hold                          0.011
+ Phase Shift                   0.000
- CPPR Adjustment               0.000
+ Uncertainty                   0.050
= Required Time                 0.110
  Arrival Time                  0.179
  Slack Time                    0.069
     Clock Rise Edge                 0.000
     + Clock Network Latency (Prop)  0.069
     = Beginpoint Arrival Time       0.069
     +-----------------------------------------------------------------------------+ 
     |       Instance       |     Arc      |   Cell   | Delay | Arrival | Required | 
     |                      |              |          |       |  Time   |   Time   | 
     |----------------------+--------------+----------+-------+---------+----------| 
     | p_reg_Y_temp_reg_62_ | CK ^         |          |       |   0.069 |    0.001 | 
     | p_reg_Y_temp_reg_62_ | CK ^ -> QN ^ | DFF_X1   | 0.074 |   0.144 |    0.075 | 
     | U2915                | A1 ^ -> ZN ^ | OR2_X1   | 0.023 |   0.167 |    0.098 | 
     | U483                 | A ^ -> ZN v  | OAI21_X1 | 0.012 |   0.179 |    0.110 | 
     | p_reg_Y_temp_reg_62_ | D v          | DFF_X1   | 0.000 |   0.179 |    0.110 | 
     +-----------------------------------------------------------------------------+ 
Path 4: MET Hold Check with Pin p_reg_Y_temp_reg_52_/CK 
Endpoint:   p_reg_Y_temp_reg_52_/D  (v) checked with  leading edge of 'CLK'
Beginpoint: p_reg_Y_temp_reg_52_/QN (^) triggered by  leading edge of 'CLK'
Path Groups: {CLK}
Analysis View: default
Other End Arrival Time          0.050
+ Hold                          0.011
+ Phase Shift                   0.000
- CPPR Adjustment               0.000
+ Uncertainty                   0.050
= Required Time                 0.111
  Arrival Time                  0.180
  Slack Time                    0.069
     Clock Rise Edge                 0.000
     + Clock Network Latency (Prop)  0.071
     = Beginpoint Arrival Time       0.071
     +-----------------------------------------------------------------------------+ 
     |       Instance       |     Arc      |   Cell   | Delay | Arrival | Required | 
     |                      |              |          |       |  Time   |   Time   | 
     |----------------------+--------------+----------+-------+---------+----------| 
     | p_reg_Y_temp_reg_52_ | CK ^         |          |       |   0.071 |    0.002 | 
     | p_reg_Y_temp_reg_52_ | CK ^ -> QN ^ | DFF_X1   | 0.075 |   0.146 |    0.077 | 
     | U2904                | A1 ^ -> ZN ^ | OR2_X1   | 0.023 |   0.168 |    0.099 | 
     | U3033                | A2 ^ -> ZN v | NAND2_X1 | 0.012 |   0.180 |    0.111 | 
     | p_reg_Y_temp_reg_52_ | D v          | DFF_X1   | 0.000 |   0.180 |    0.111 | 
     +-----------------------------------------------------------------------------+ 
Path 5: MET Hold Check with Pin A_reg_Y_temp_reg_17_/CK 
Endpoint:   A_reg_Y_temp_reg_17_/D  (v) checked with  leading edge of 'CLK'
Beginpoint: A_reg_Y_temp_reg_17_/QN (^) triggered by  leading edge of 'CLK'
Path Groups: {CLK}
Analysis View: default
Other End Arrival Time          0.042
+ Hold                          0.010
+ Phase Shift                   0.000
- CPPR Adjustment               0.000
+ Uncertainty                   0.050
= Required Time                 0.101
  Arrival Time                  0.170
  Slack Time                    0.069
     Clock Rise Edge                 0.000
     + Clock Network Latency (Prop)  0.062
     = Beginpoint Arrival Time       0.062
     +-----------------------------------------------------------------------------+ 
     |       Instance       |     Arc      |   Cell   | Delay | Arrival | Required | 
     |                      |              |          |       |  Time   |   Time   | 
     |----------------------+--------------+----------+-------+---------+----------| 
     | A_reg_Y_temp_reg_17_ | CK ^         |          |       |   0.062 |   -0.007 | 
     | A_reg_Y_temp_reg_17_ | CK ^ -> QN ^ | DFF_X1   | 0.073 |   0.135 |    0.067 | 
     | U2806                | A1 ^ -> ZN ^ | OR2_X1   | 0.022 |   0.158 |    0.089 | 
     | U2937                | A ^ -> ZN v  | OAI21_X1 | 0.012 |   0.170 |    0.101 | 
     | A_reg_Y_temp_reg_17_ | D v          | DFF_X1   | 0.000 |   0.170 |    0.101 | 
     +-----------------------------------------------------------------------------+ 
Path 6: MET Hold Check with Pin p_reg_Y_temp_reg_28_/CK 
Endpoint:   p_reg_Y_temp_reg_28_/D  (v) checked with  leading edge of 'CLK'
Beginpoint: p_reg_Y_temp_reg_28_/QN (^) triggered by  leading edge of 'CLK'
Path Groups: {CLK}
Analysis View: default
Other End Arrival Time          0.053
+ Hold                          0.011
+ Phase Shift                   0.000
- CPPR Adjustment               0.000
+ Uncertainty                   0.050
= Required Time                 0.114
  Arrival Time                  0.183
  Slack Time                    0.069
     Clock Rise Edge                 0.000
     + Clock Network Latency (Prop)  0.073
     = Beginpoint Arrival Time       0.073
     +-----------------------------------------------------------------------------+ 
     |       Instance       |     Arc      |   Cell   | Delay | Arrival | Required | 
     |                      |              |          |       |  Time   |   Time   | 
     |----------------------+--------------+----------+-------+---------+----------| 
     | p_reg_Y_temp_reg_28_ | CK ^         |          |       |   0.073 |    0.005 | 
     | p_reg_Y_temp_reg_28_ | CK ^ -> QN ^ | DFF_X1   | 0.075 |   0.148 |    0.079 | 
     | U2880                | A1 ^ -> ZN ^ | OR2_X1   | 0.022 |   0.170 |    0.102 | 
     | U3009                | A ^ -> ZN v  | OAI21_X1 | 0.012 |   0.183 |    0.114 | 
     | p_reg_Y_temp_reg_28_ | D v          | DFF_X1   | 0.000 |   0.183 |    0.114 | 
     +-----------------------------------------------------------------------------+ 
Path 7: MET Hold Check with Pin p_reg_Y_temp_reg_53_/CK 
Endpoint:   p_reg_Y_temp_reg_53_/D  (v) checked with  leading edge of 'CLK'
Beginpoint: p_reg_Y_temp_reg_53_/QN (^) triggered by  leading edge of 'CLK'
Path Groups: {CLK}
Analysis View: default
Other End Arrival Time          0.050
+ Hold                          0.011
+ Phase Shift                   0.000
- CPPR Adjustment               0.000
+ Uncertainty                   0.050
= Required Time                 0.111
  Arrival Time                  0.180
  Slack Time                    0.069
     Clock Rise Edge                 0.000
     + Clock Network Latency (Prop)  0.071
     = Beginpoint Arrival Time       0.071
     +-----------------------------------------------------------------------------+ 
     |       Instance       |     Arc      |   Cell   | Delay | Arrival | Required | 
     |                      |              |          |       |  Time   |   Time   | 
     |----------------------+--------------+----------+-------+---------+----------| 
     | p_reg_Y_temp_reg_53_ | CK ^         |          |       |   0.071 |    0.002 | 
     | p_reg_Y_temp_reg_53_ | CK ^ -> QN ^ | DFF_X1   | 0.075 |   0.146 |    0.077 | 
     | U2905                | A1 ^ -> ZN ^ | OR2_X1   | 0.022 |   0.168 |    0.099 | 
     | U3034                | A2 ^ -> ZN v | NAND2_X1 | 0.012 |   0.180 |    0.111 | 
     | p_reg_Y_temp_reg_53_ | D v          | DFF_X1   | 0.000 |   0.180 |    0.111 | 
     +-----------------------------------------------------------------------------+ 
Path 8: MET Hold Check with Pin A_reg_Y_temp_reg_22_/CK 
Endpoint:   A_reg_Y_temp_reg_22_/D  (v) checked with  leading edge of 'CLK'
Beginpoint: A_reg_Y_temp_reg_22_/QN (^) triggered by  leading edge of 'CLK'
Path Groups: {CLK}
Analysis View: default
Other End Arrival Time          0.041
+ Hold                          0.010
+ Phase Shift                   0.000
- CPPR Adjustment               0.000
+ Uncertainty                   0.050
= Required Time                 0.101
  Arrival Time                  0.170
  Slack Time                    0.069
     Clock Rise Edge                 0.000
     + Clock Network Latency (Prop)  0.062
     = Beginpoint Arrival Time       0.062
     +-----------------------------------------------------------------------------+ 
     |       Instance       |     Arc      |   Cell   | Delay | Arrival | Required | 
     |                      |              |          |       |  Time   |   Time   | 
     |----------------------+--------------+----------+-------+---------+----------| 
     | A_reg_Y_temp_reg_22_ | CK ^         |          |       |   0.062 |   -0.007 | 
     | A_reg_Y_temp_reg_22_ | CK ^ -> QN ^ | DFF_X1   | 0.073 |   0.135 |    0.067 | 
     | U2793                | A1 ^ -> ZN ^ | OR2_X1   | 0.022 |   0.158 |    0.089 | 
     | U2933                | A ^ -> ZN v  | OAI21_X1 | 0.012 |   0.170 |    0.101 | 
     | A_reg_Y_temp_reg_22_ | D v          | DFF_X1   | 0.000 |   0.170 |    0.101 | 
     +-----------------------------------------------------------------------------+ 
Path 9: MET Hold Check with Pin B_reg_Y_temp_reg_9_/CK 
Endpoint:   B_reg_Y_temp_reg_9_/D  (v) checked with  leading edge of 'CLK'
Beginpoint: B_reg_Y_temp_reg_9_/QN (^) triggered by  leading edge of 'CLK'
Path Groups: {CLK}
Analysis View: default
Other End Arrival Time          0.049
+ Hold                          0.011
+ Phase Shift                   0.000
- CPPR Adjustment               0.000
+ Uncertainty                   0.050
= Required Time                 0.110
  Arrival Time                  0.178
  Slack Time                    0.069
     Clock Rise Edge                 0.000
     + Clock Network Latency (Prop)  0.069
     = Beginpoint Arrival Time       0.069
     +----------------------------------------------------------------------------+ 
     |      Instance       |     Arc      |   Cell   | Delay | Arrival | Required | 
     |                     |              |          |       |  Time   |   Time   | 
     |---------------------+--------------+----------+-------+---------+----------| 
     | B_reg_Y_temp_reg_9_ | CK ^         |          |       |   0.069 |    0.000 | 
     | B_reg_Y_temp_reg_9_ | CK ^ -> QN ^ | DFF_X1   | 0.075 |   0.144 |    0.075 | 
     | U2817               | A1 ^ -> ZN ^ | OR2_X1   | 0.023 |   0.166 |    0.097 | 
     | U2974               | A ^ -> ZN v  | OAI21_X1 | 0.012 |   0.178 |    0.110 | 
     | B_reg_Y_temp_reg_9_ | D v          | DFF_X1   | 0.000 |   0.178 |    0.110 | 
     +----------------------------------------------------------------------------+ 
Path 10: MET Hold Check with Pin p_reg_Y_temp_reg_16_/CK 
Endpoint:   p_reg_Y_temp_reg_16_/D  (v) checked with  leading edge of 'CLK'
Beginpoint: p_reg_Y_temp_reg_16_/QN (^) triggered by  leading edge of 'CLK'
Path Groups: {CLK}
Analysis View: default
Other End Arrival Time          0.052
+ Hold                          0.011
+ Phase Shift                   0.000
- CPPR Adjustment               0.000
+ Uncertainty                   0.050
= Required Time                 0.113
  Arrival Time                  0.182
  Slack Time                    0.069
     Clock Rise Edge                 0.000
     + Clock Network Latency (Prop)  0.073
     = Beginpoint Arrival Time       0.073
     +-----------------------------------------------------------------------------+ 
     |       Instance       |     Arc      |   Cell   | Delay | Arrival | Required | 
     |                      |              |          |       |  Time   |   Time   | 
     |----------------------+--------------+----------+-------+---------+----------| 
     | p_reg_Y_temp_reg_16_ | CK ^         |          |       |   0.073 |    0.004 | 
     | p_reg_Y_temp_reg_16_ | CK ^ -> QN ^ | DFF_X1   | 0.075 |   0.147 |    0.078 | 
     | U2868                | A1 ^ -> ZN ^ | OR2_X1   | 0.023 |   0.170 |    0.101 | 
     | U2997                | A ^ -> ZN v  | OAI21_X1 | 0.012 |   0.182 |    0.113 | 
     | p_reg_Y_temp_reg_16_ | D v          | DFF_X1   | 0.000 |   0.182 |    0.113 | 
     +-----------------------------------------------------------------------------+ 

