###############################################################
#  Generated by:      Cadence Innovus 23.35-s106_1
#  OS:                Linux x86_64(Host ID microsys.openstack.polito)
#  Generated on:      Sat Oct 10 20:49:36 2026
#  Design:            boothmul_registered
#  Command:           report_timing -max_paths 10 > reports/04_preCTS_setup_paths.rpt
###############################################################
Path 1: MET Setup Check with Pin p_reg_Y_temp_reg_46_/CK 
Endpoint:   p_reg_Y_temp_reg_46_/D (^) checked with  leading edge of 'CLK'
Beginpoint: B_reg_Y_temp_reg_10_/Q (v) triggered by  leading edge of 'CLK'
Path Groups: {CLK}
Analysis View: default
Other End Arrival Time          0.050
- Setup                         0.026
+ Phase Shift                   2.009
- Uncertainty                   0.050
= Required Time                 1.983
- Arrival Time                  1.846
= Slack Time                    0.137
     Clock Rise Edge                 0.000
     + Clock Network Latency (Ideal) 0.050
     = Beginpoint Arrival Time       0.050
     +------------------------------------------------------------------------------+ 
     |       Instance       |     Arc      |   Cell    | Delay | Arrival | Required | 
     |                      |              |           |       |  Time   |   Time   | 
     |----------------------+--------------+-----------+-------+---------+----------| 
     | B_reg_Y_temp_reg_10_ | CK ^         |           |       |   0.050 |    0.187 | 
     | B_reg_Y_temp_reg_10_ | CK ^ -> Q v  | DFF_X1    | 0.098 |   0.148 |    0.286 | 
     | U1907                | A2 v -> ZN v | OR2_X1    | 0.058 |   0.206 |    0.344 | 
     | U3258                | A2 v -> ZN ^ | NAND2_X1  | 0.121 |   0.327 |    0.464 | 
     | U3290                | A2 ^ -> ZN ^ | OR2_X1    | 0.041 |   0.368 |    0.505 | 
     | U3291                | A ^ -> ZN v  | OAI21_X1  | 0.034 |   0.402 |    0.539 | 
     | U2238                | A1 v -> ZN ^ | NOR2_X1   | 0.037 |   0.438 |    0.576 | 
     | U2081                | A4 ^ -> ZN v | NAND4_X1  | 0.042 |   0.481 |    0.618 | 
     | U2331                | A2 v -> ZN ^ | NOR2_X1   | 0.124 |   0.605 |    0.742 | 
     | U2330                | A ^ -> ZN v  | INV_X1    | 0.084 |   0.689 |    0.827 | 
     | U2363                | A v -> Z v   | XOR2_X1   | 0.070 |   0.759 |    0.897 | 
     | U1686                | A v -> Z v   | MUX2_X1   | 0.069 |   0.828 |    0.966 | 
     | U5167                | B v -> S ^   | FA_X1     | 0.128 |   0.956 |    1.094 | 
     | U5238                | B ^ -> S v   | FA_X1     | 0.101 |   1.057 |    1.194 | 
     | U5335                | A v -> S v   | FA_X1     | 0.110 |   1.167 |    1.304 | 
     | U5336                | CI v -> S ^  | FA_X1     | 0.119 |   1.286 |    1.423 | 
     | U5369                | A1 ^ -> ZN v | NOR2_X1   | 0.018 |   1.304 |    1.442 | 
     | U5370                | A2 v -> ZN ^ | NOR2_X1   | 0.036 |   1.340 |    1.477 | 
     | U5453                | A1 ^ -> ZN v | NAND2_X1  | 0.016 |   1.356 |    1.493 | 
     | U5955                | B2 v -> ZN ^ | OAI21_X1  | 0.070 |   1.425 |    1.563 | 
     | U5963                | B1 ^ -> ZN v | AOI21_X1  | 0.038 |   1.464 |    1.601 | 
     | U5996                | B1 v -> ZN ^ | OAI21_X1  | 0.066 |   1.530 |    1.667 | 
     | U6011                | B1 ^ -> ZN v | AOI21_X1  | 0.040 |   1.570 |    1.707 | 
     | FE_OFC4_n6530        | A v -> Z v   | CLKBUF_X1 | 0.127 |   1.696 |    1.833 | 
     | U7070                | B1 v -> ZN ^ | OAI21_X1  | 0.061 |   1.757 |    1.894 | 
     | U7072                | A ^ -> ZN ^  | XNOR2_X1  | 0.050 |   1.806 |    1.944 | 
     | U7073                | A1 ^ -> ZN v | NAND2_X1  | 0.021 |   1.827 |    1.964 | 
     | U7343                | A1 v -> ZN ^ | NAND2_X1  | 0.019 |   1.846 |    1.983 | 
     | p_reg_Y_temp_reg_46_ | D ^          | DFFS_X1   | 0.000 |   1.846 |    1.983 | 
     +------------------------------------------------------------------------------+ 
Path 2: MET Setup Check with Pin p_reg_Y_temp_reg_50_/CK 
Endpoint:   p_reg_Y_temp_reg_50_/D (^) checked with  leading edge of 'CLK'
Beginpoint: B_reg_Y_temp_reg_10_/Q (v) triggered by  leading edge of 'CLK'
Path Groups: {CLK}
Analysis View: default
Other End Arrival Time          0.050
- Setup                         0.026
+ Phase Shift                   2.009
- Uncertainty                   0.050
= Required Time                 1.983
- Arrival Time                  1.845
= Slack Time                    0.138
     Clock Rise Edge                 0.000
     + Clock Network Latency (Ideal) 0.050
     = Beginpoint Arrival Time       0.050
     +------------------------------------------------------------------------------+ 
     |       Instance       |     Arc      |   Cell    | Delay | Arrival | Required | 
     |                      |              |           |       |  Time   |   Time   | 
     |----------------------+--------------+-----------+-------+---------+----------| 
     | B_reg_Y_temp_reg_10_ | CK ^         |           |       |   0.050 |    0.188 | 
     | B_reg_Y_temp_reg_10_ | CK ^ -> Q v  | DFF_X1    | 0.098 |   0.148 |    0.286 | 
     | U1907                | A2 v -> ZN v | OR2_X1    | 0.058 |   0.206 |    0.344 | 
     | U3258                | A2 v -> ZN ^ | NAND2_X1  | 0.121 |   0.327 |    0.465 | 
     | U3290                | A2 ^ -> ZN ^ | OR2_X1    | 0.041 |   0.368 |    0.506 | 
     | U3291                | A ^ -> ZN v  | OAI21_X1  | 0.034 |   0.402 |    0.540 | 
     | U2238                | A1 v -> ZN ^ | NOR2_X1   | 0.037 |   0.438 |    0.576 | 
     | U2081                | A4 ^ -> ZN v | NAND4_X1  | 0.042 |   0.481 |    0.618 | 
     | U2331                | A2 v -> ZN ^ | NOR2_X1   | 0.124 |   0.605 |    0.743 | 
     | U2330                | A ^ -> ZN v  | INV_X1    | 0.084 |   0.689 |    0.827 | 
     | U2363                | A v -> Z v   | XOR2_X1   | 0.070 |   0.759 |    0.897 | 
     | U1686                | A v -> Z v   | MUX2_X1   | 0.069 |   0.828 |    0.966 | 
     | U5167                | B v -> S ^   | FA_X1     | 0.128 |   0.956 |    1.094 | 
     | U5238                | B ^ -> S v   | FA_X1     | 0.101 |   1.057 |    1.195 | 
     | U5335                | A v -> S v   | FA_X1     | 0.110 |   1.167 |    1.304 | 
     | U5336                | CI v -> S ^  | FA_X1     | 0.119 |   1.286 |    1.424 | 
     | U5369                | A1 ^ -> ZN v | NOR2_X1   | 0.018 |   1.304 |    1.442 | 
     | U5370                | A2 v -> ZN ^ | NOR2_X1   | 0.036 |   1.340 |    1.478 | 
     | U5453                | A1 ^ -> ZN v | NAND2_X1  | 0.016 |   1.356 |    1.493 | 
     | U5955                | B2 v -> ZN ^ | OAI21_X1  | 0.070 |   1.425 |    1.563 | 
     | U5963                | B1 ^ -> ZN v | AOI21_X1  | 0.038 |   1.464 |    1.601 | 
     | U5996                | B1 v -> ZN ^ | OAI21_X1  | 0.066 |   1.530 |    1.667 | 
     | U6011                | B1 ^ -> ZN v | AOI21_X1  | 0.040 |   1.570 |    1.707 | 
     | FE_OFC4_n6530        | A v -> Z v   | CLKBUF_X1 | 0.127 |   1.696 |    1.834 | 
     | U7317                | B1 v -> ZN ^ | OAI21_X1  | 0.062 |   1.758 |    1.896 | 
     | U7320                | A ^ -> ZN ^  | XNOR2_X1  | 0.048 |   1.806 |    1.944 | 
     | U7383                | A2 ^ -> ZN v | NAND2_X1  | 0.018 |   1.825 |    1.962 | 
     | U7710                | A1 v -> ZN ^ | NAND2_X1  | 0.021 |   1.845 |    1.983 | 
     | p_reg_Y_temp_reg_50_ | D ^          | DFFS_X1   | 0.000 |   1.845 |    1.983 | 
     +------------------------------------------------------------------------------+ 
Path 3: MET Setup Check with Pin p_reg_Y_temp_reg_47_/CK 
Endpoint:   p_reg_Y_temp_reg_47_/D (^) checked with  leading edge of 'CLK'
Beginpoint: B_reg_Y_temp_reg_10_/Q (v) triggered by  leading edge of 'CLK'
Path Groups: {CLK}
Analysis View: default
Other End Arrival Time          0.050
- Setup                         0.026
+ Phase Shift                   2.009
- Uncertainty                   0.050
= Required Time                 1.983
- Arrival Time                  1.843
= Slack Time                    0.140
     Clock Rise Edge                 0.000
     + Clock Network Latency (Ideal) 0.050
     = Beginpoint Arrival Time       0.050
     +------------------------------------------------------------------------------+ 
     |       Instance       |     Arc      |   Cell    | Delay | Arrival | Required | 
     |                      |              |           |       |  Time   |   Time   | 
     |----------------------+--------------+-----------+-------+---------+----------| 
     | B_reg_Y_temp_reg_10_ | CK ^         |           |       |   0.050 |    0.190 | 
     | B_reg_Y_temp_reg_10_ | CK ^ -> Q v  | DFF_X1    | 0.098 |   0.149 |    0.289 | 
     | U1907                | A2 v -> ZN v | OR2_X1    | 0.058 |   0.206 |    0.346 | 
     | U3258                | A2 v -> ZN ^ | NAND2_X1  | 0.121 |   0.327 |    0.467 | 
     | U3290                | A2 ^ -> ZN ^ | OR2_X1    | 0.041 |   0.368 |    0.508 | 
     | U3291                | A ^ -> ZN v  | OAI21_X1  | 0.034 |   0.402 |    0.542 | 
     | U2238                | A1 v -> ZN ^ | NOR2_X1   | 0.037 |   0.438 |    0.579 | 
     | U2081                | A4 ^ -> ZN v | NAND4_X1  | 0.042 |   0.481 |    0.621 | 
     | U2331                | A2 v -> ZN ^ | NOR2_X1   | 0.124 |   0.605 |    0.745 | 
     | U2330                | A ^ -> ZN v  | INV_X1    | 0.084 |   0.689 |    0.830 | 
     | U2363                | A v -> Z v   | XOR2_X1   | 0.070 |   0.759 |    0.899 | 
     | U1686                | A v -> Z v   | MUX2_X1   | 0.069 |   0.828 |    0.968 | 
     | U5167                | B v -> S ^   | FA_X1     | 0.128 |   0.956 |    1.097 | 
     | U5238                | B ^ -> S v   | FA_X1     | 0.101 |   1.057 |    1.197 | 
     | U5335                | A v -> S v   | FA_X1     | 0.110 |   1.167 |    1.307 | 
     | U5336                | CI v -> S ^  | FA_X1     | 0.119 |   1.286 |    1.426 | 
     | U5369                | A1 ^ -> ZN v | NOR2_X1   | 0.018 |   1.304 |    1.445 | 
     | U5370                | A2 v -> ZN ^ | NOR2_X1   | 0.036 |   1.340 |    1.480 | 
     | U5453                | A1 ^ -> ZN v | NAND2_X1  | 0.016 |   1.356 |    1.496 | 
     | U5955                | B2 v -> ZN ^ | OAI21_X1  | 0.070 |   1.425 |    1.566 | 
     | U5963                | B1 ^ -> ZN v | AOI21_X1  | 0.038 |   1.464 |    1.604 | 
     | U5996                | B1 v -> ZN ^ | OAI21_X1  | 0.066 |   1.530 |    1.670 | 
     | U6011                | B1 ^ -> ZN v | AOI21_X1  | 0.040 |   1.570 |    1.710 | 
     | FE_OFC4_n6530        | A v -> Z v   | CLKBUF_X1 | 0.127 |   1.696 |    1.836 | 
     | U7074                | B1 v -> ZN ^ | OAI21_X1  | 0.059 |   1.755 |    1.895 | 
     | U7076                | A ^ -> ZN ^  | XNOR2_X1  | 0.049 |   1.803 |    1.943 | 
     | U7077                | A1 ^ -> ZN v | NAND2_X1  | 0.021 |   1.824 |    1.964 | 
     | U7344                | A1 v -> ZN ^ | NAND2_X1  | 0.019 |   1.843 |    1.983 | 
     | p_reg_Y_temp_reg_47_ | D ^          | DFFS_X1   | 0.000 |   1.843 |    1.983 | 
     +------------------------------------------------------------------------------+ 
Path 4: MET Setup Check with Pin p_reg_Y_temp_reg_49_/CK 
Endpoint:   p_reg_Y_temp_reg_49_/D (^) checked with  leading edge of 'CLK'
Beginpoint: B_reg_Y_temp_reg_10_/Q (v) triggered by  leading edge of 'CLK'
Path Groups: {CLK}
Analysis View: default
Other End Arrival Time          0.050
- Setup                         0.026
+ Phase Shift                   2.009
- Uncertainty                   0.050
= Required Time                 1.983
- Arrival Time                  1.842
= Slack Time                    0.141
     Clock Rise Edge                 0.000
     + Clock Network Latency (Ideal) 0.050
     = Beginpoint Arrival Time       0.050
     +------------------------------------------------------------------------------+ 
     |       Instance       |     Arc      |   Cell    | Delay | Arrival | Required | 
     |                      |              |           |       |  Time   |   Time   | 
     |----------------------+--------------+-----------+-------+---------+----------| 
     | B_reg_Y_temp_reg_10_ | CK ^         |           |       |   0.050 |    0.191 | 
     | B_reg_Y_temp_reg_10_ | CK ^ -> Q v  | DFF_X1    | 0.098 |   0.149 |    0.289 | 
     | U1907                | A2 v -> ZN v | OR2_X1    | 0.058 |   0.206 |    0.347 | 
     | U3258                | A2 v -> ZN ^ | NAND2_X1  | 0.121 |   0.327 |    0.468 | 
     | U3290                | A2 ^ -> ZN ^ | OR2_X1    | 0.041 |   0.368 |    0.509 | 
     | U3291                | A ^ -> ZN v  | OAI21_X1  | 0.034 |   0.402 |    0.542 | 
     | U2238                | A1 v -> ZN ^ | NOR2_X1   | 0.037 |   0.438 |    0.579 | 
     | U2081                | A4 ^ -> ZN v | NAND4_X1  | 0.042 |   0.481 |    0.621 | 
     | U2331                | A2 v -> ZN ^ | NOR2_X1   | 0.124 |   0.605 |    0.746 | 
     | U2330                | A ^ -> ZN v  | INV_X1    | 0.084 |   0.689 |    0.830 | 
     | U2363                | A v -> Z v   | XOR2_X1   | 0.070 |   0.759 |    0.900 | 
     | U1686                | A v -> Z v   | MUX2_X1   | 0.069 |   0.828 |    0.969 | 
     | U5167                | B v -> S ^   | FA_X1     | 0.128 |   0.956 |    1.097 | 
     | U5238                | B ^ -> S v   | FA_X1     | 0.101 |   1.057 |    1.198 | 
     | U5335                | A v -> S v   | FA_X1     | 0.110 |   1.167 |    1.307 | 
     | U5336                | CI v -> S ^  | FA_X1     | 0.119 |   1.286 |    1.426 | 
     | U5369                | A1 ^ -> ZN v | NOR2_X1   | 0.018 |   1.304 |    1.445 | 
     | U5370                | A2 v -> ZN ^ | NOR2_X1   | 0.036 |   1.340 |    1.481 | 
     | U5453                | A1 ^ -> ZN v | NAND2_X1  | 0.016 |   1.356 |    1.496 | 
     | U5955                | B2 v -> ZN ^ | OAI21_X1  | 0.070 |   1.425 |    1.566 | 
     | U5963                | B1 ^ -> ZN v | AOI21_X1  | 0.038 |   1.464 |    1.604 | 
     | U5996                | B1 v -> ZN ^ | OAI21_X1  | 0.066 |   1.530 |    1.670 | 
     | U6011                | B1 ^ -> ZN v | AOI21_X1  | 0.040 |   1.570 |    1.710 | 
     | FE_OFC4_n6530        | A v -> Z v   | CLKBUF_X1 | 0.127 |   1.696 |    1.837 | 
     | U7321                | B1 v -> ZN ^ | OAI21_X1  | 0.062 |   1.758 |    1.899 | 
     | U7323                | A ^ -> ZN ^  | XNOR2_X1  | 0.046 |   1.804 |    1.944 | 
     | U7381                | A2 ^ -> ZN v | NAND2_X1  | 0.018 |   1.822 |    1.962 | 
     | U7708                | A1 v -> ZN ^ | NAND2_X1  | 0.021 |   1.842 |    1.983 | 
     | p_reg_Y_temp_reg_49_ | D ^          | DFFS_X1   | 0.000 |   1.842 |    1.983 | 
     +------------------------------------------------------------------------------+ 
Path 5: MET Setup Check with Pin p_reg_Y_temp_reg_48_/CK 
Endpoint:   p_reg_Y_temp_reg_48_/D (^) checked with  leading edge of 'CLK'
Beginpoint: B_reg_Y_temp_reg_10_/Q (v) triggered by  leading edge of 'CLK'
Path Groups: {CLK}
Analysis View: default
Other End Arrival Time          0.050
- Setup                         0.026
+ Phase Shift                   2.009
- Uncertainty                   0.050
= Required Time                 1.983
- Arrival Time                  1.843
= Slack Time                    0.141
     Clock Rise Edge                 0.000
     + Clock Network Latency (Ideal) 0.050
     = Beginpoint Arrival Time       0.050
     +------------------------------------------------------------------------------+ 
     |       Instance       |     Arc      |   Cell    | Delay | Arrival | Required | 
     |                      |              |           |       |  Time   |   Time   | 
     |----------------------+--------------+-----------+-------+---------+----------| 
     | B_reg_Y_temp_reg_10_ | CK ^         |           |       |   0.050 |    0.191 | 
     | B_reg_Y_temp_reg_10_ | CK ^ -> Q v  | DFF_X1    | 0.098 |   0.149 |    0.289 | 
     | U1907                | A2 v -> ZN v | OR2_X1    | 0.058 |   0.206 |    0.347 | 
     | U3258                | A2 v -> ZN ^ | NAND2_X1  | 0.121 |   0.327 |    0.468 | 
     | U3290                | A2 ^ -> ZN ^ | OR2_X1    | 0.041 |   0.368 |    0.509 | 
     | U3291                | A ^ -> ZN v  | OAI21_X1  | 0.034 |   0.402 |    0.543 | 
     | U2238                | A1 v -> ZN ^ | NOR2_X1   | 0.037 |   0.438 |    0.579 | 
     | U2081                | A4 ^ -> ZN v | NAND4_X1  | 0.042 |   0.481 |    0.621 | 
     | U2331                | A2 v -> ZN ^ | NOR2_X1   | 0.124 |   0.605 |    0.746 | 
     | U2330                | A ^ -> ZN v  | INV_X1    | 0.084 |   0.689 |    0.830 | 
     | U2363                | A v -> Z v   | XOR2_X1   | 0.070 |   0.759 |    0.900 | 
     | U1686                | A v -> Z v   | MUX2_X1   | 0.069 |   0.828 |    0.969 | 
     | U5167                | B v -> S ^   | FA_X1     | 0.128 |   0.956 |    1.097 | 
     | U5238                | B ^ -> S v   | FA_X1     | 0.101 |   1.057 |    1.198 | 
     | U5335                | A v -> S v   | FA_X1     | 0.110 |   1.167 |    1.307 | 
     | U5336                | CI v -> S ^  | FA_X1     | 0.119 |   1.286 |    1.427 | 
     | U5369                | A1 ^ -> ZN v | NOR2_X1   | 0.018 |   1.304 |    1.445 | 
     | U5370                | A2 v -> ZN ^ | NOR2_X1   | 0.036 |   1.340 |    1.481 | 
     | U5453                | A1 ^ -> ZN v | NAND2_X1  | 0.016 |   1.356 |    1.496 | 
     | U5955                | B2 v -> ZN ^ | OAI21_X1  | 0.070 |   1.425 |    1.566 | 
     | U5963                | B1 ^ -> ZN v | AOI21_X1  | 0.038 |   1.464 |    1.604 | 
     | U5996                | B1 v -> ZN ^ | OAI21_X1  | 0.066 |   1.530 |    1.670 | 
     | U6011                | B1 ^ -> ZN v | AOI21_X1  | 0.040 |   1.570 |    1.710 | 
     | FE_OFC4_n6530        | A v -> Z v   | CLKBUF_X1 | 0.127 |   1.696 |    1.837 | 
     | U7328                | B1 v -> ZN ^ | OAI21_X1  | 0.060 |   1.756 |    1.896 | 
     | U7330                | A ^ -> ZN ^  | XNOR2_X1  | 0.047 |   1.803 |    1.944 | 
     | U7704                | A2 ^ -> ZN v | NAND2_X1  | 0.022 |   1.825 |    1.966 | 
     | U7706                | A1 v -> ZN ^ | NAND2_X1  | 0.018 |   1.843 |    1.983 | 
     | p_reg_Y_temp_reg_48_ | D ^          | DFFS_X1   | 0.000 |   1.843 |    1.983 | 
     +------------------------------------------------------------------------------+ 
Path 6: MET Setup Check with Pin p_reg_Y_temp_reg_52_/CK 
Endpoint:   p_reg_Y_temp_reg_52_/D (^) checked with  leading edge of 'CLK'
Beginpoint: B_reg_Y_temp_reg_10_/Q (v) triggered by  leading edge of 'CLK'
Path Groups: {CLK}
Analysis View: default
Other End Arrival Time          0.050
- Setup                         0.026
+ Phase Shift                   2.009
- Uncertainty                   0.050
= Required Time                 1.983
- Arrival Time                  1.842
= Slack Time                    0.141
     Clock Rise Edge                 0.000
     + Clock Network Latency (Ideal) 0.050
     = Beginpoint Arrival Time       0.050
     +------------------------------------------------------------------------------+ 
     |       Instance       |     Arc      |   Cell    | Delay | Arrival | Required | 
     |                      |              |           |       |  Time   |   Time   | 
     |----------------------+--------------+-----------+-------+---------+----------| 
     | B_reg_Y_temp_reg_10_ | CK ^         |           |       |   0.050 |    0.191 | 
     | B_reg_Y_temp_reg_10_ | CK ^ -> Q v  | DFF_X1    | 0.098 |   0.148 |    0.290 | 
     | U1907                | A2 v -> ZN v | OR2_X1    | 0.058 |   0.206 |    0.348 | 
     | U3258                | A2 v -> ZN ^ | NAND2_X1  | 0.121 |   0.327 |    0.468 | 
     | U3290                | A2 ^ -> ZN ^ | OR2_X1    | 0.041 |   0.368 |    0.509 | 
     | U3291                | A ^ -> ZN v  | OAI21_X1  | 0.034 |   0.402 |    0.543 | 
     | U2238                | A1 v -> ZN ^ | NOR2_X1   | 0.037 |   0.438 |    0.580 | 
     | U2081                | A4 ^ -> ZN v | NAND4_X1  | 0.042 |   0.481 |    0.622 | 
     | U2331                | A2 v -> ZN ^ | NOR2_X1   | 0.124 |   0.605 |    0.746 | 
     | U2330                | A ^ -> ZN v  | INV_X1    | 0.084 |   0.689 |    0.831 | 
     | U2363                | A v -> Z v   | XOR2_X1   | 0.070 |   0.759 |    0.901 | 
     | U1686                | A v -> Z v   | MUX2_X1   | 0.069 |   0.828 |    0.970 | 
     | U5167                | B v -> S ^   | FA_X1     | 0.128 |   0.956 |    1.098 | 
     | U5238                | B ^ -> S v   | FA_X1     | 0.101 |   1.057 |    1.198 | 
     | U5335                | A v -> S v   | FA_X1     | 0.110 |   1.167 |    1.308 | 
     | U5336                | CI v -> S ^  | FA_X1     | 0.119 |   1.286 |    1.427 | 
     | U5369                | A1 ^ -> ZN v | NOR2_X1   | 0.018 |   1.304 |    1.446 | 
     | U5370                | A2 v -> ZN ^ | NOR2_X1   | 0.036 |   1.340 |    1.481 | 
     | U5453                | A1 ^ -> ZN v | NAND2_X1  | 0.016 |   1.356 |    1.497 | 
     | U5955                | B2 v -> ZN ^ | OAI21_X1  | 0.070 |   1.425 |    1.567 | 
     | U5963                | B1 ^ -> ZN v | AOI21_X1  | 0.038 |   1.464 |    1.605 | 
     | U5996                | B1 v -> ZN ^ | OAI21_X1  | 0.066 |   1.530 |    1.671 | 
     | U6011                | B1 ^ -> ZN v | AOI21_X1  | 0.040 |   1.570 |    1.711 | 
     | FE_OFC4_n6530        | A v -> Z v   | CLKBUF_X1 | 0.127 |   1.696 |    1.837 | 
     | U7306                | B1 v -> ZN ^ | OAI21_X1  | 0.061 |   1.757 |    1.898 | 
     | U7308                | A ^ -> ZN ^  | XNOR2_X1  | 0.048 |   1.805 |    1.946 | 
     | U7386                | A2 ^ -> ZN v | NAND2_X1  | 0.017 |   1.822 |    1.963 | 
     | U7714                | A1 v -> ZN ^ | NAND2_X1  | 0.020 |   1.842 |    1.983 | 
     | p_reg_Y_temp_reg_52_ | D ^          | DFFS_X1   | 0.000 |   1.842 |    1.983 | 
     +------------------------------------------------------------------------------+ 
Path 7: MET Setup Check with Pin p_reg_Y_temp_reg_60_/CK 
Endpoint:   p_reg_Y_temp_reg_60_/D (^) checked with  leading edge of 'CLK'
Beginpoint: B_reg_Y_temp_reg_10_/Q (v) triggered by  leading edge of 'CLK'
Path Groups: {CLK}
Analysis View: default
Other End Arrival Time          0.050
- Setup                         0.026
+ Phase Shift                   2.009
- Uncertainty                   0.050
= Required Time                 1.983
- Arrival Time                  1.841
= Slack Time                    0.142
     Clock Rise Edge                 0.000
     + Clock Network Latency (Ideal) 0.050
     = Beginpoint Arrival Time       0.050
     +------------------------------------------------------------------------------+ 
     |       Instance       |     Arc      |   Cell    | Delay | Arrival | Required | 
     |                      |              |           |       |  Time   |   Time   | 
     |----------------------+--------------+-----------+-------+---------+----------| 
     | B_reg_Y_temp_reg_10_ | CK ^         |           |       |   0.050 |    0.192 | 
     | B_reg_Y_temp_reg_10_ | CK ^ -> Q v  | DFF_X1    | 0.098 |   0.149 |    0.291 | 
     | U1907                | A2 v -> ZN v | OR2_X1    | 0.058 |   0.206 |    0.348 | 
     | U3258                | A2 v -> ZN ^ | NAND2_X1  | 0.121 |   0.327 |    0.469 | 
     | U3290                | A2 ^ -> ZN ^ | OR2_X1    | 0.041 |   0.368 |    0.510 | 
     | U3291                | A ^ -> ZN v  | OAI21_X1  | 0.034 |   0.402 |    0.544 | 
     | U2238                | A1 v -> ZN ^ | NOR2_X1   | 0.037 |   0.438 |    0.580 | 
     | U2081                | A4 ^ -> ZN v | NAND4_X1  | 0.042 |   0.481 |    0.623 | 
     | U2331                | A2 v -> ZN ^ | NOR2_X1   | 0.124 |   0.605 |    0.747 | 
     | U2330                | A ^ -> ZN v  | INV_X1    | 0.084 |   0.689 |    0.831 | 
     | U2363                | A v -> Z v   | XOR2_X1   | 0.070 |   0.759 |    0.901 | 
     | U1686                | A v -> Z v   | MUX2_X1   | 0.069 |   0.828 |    0.970 | 
     | U5167                | B v -> S ^   | FA_X1     | 0.128 |   0.956 |    1.098 | 
     | U5238                | B ^ -> S v   | FA_X1     | 0.101 |   1.057 |    1.199 | 
     | U5335                | A v -> S v   | FA_X1     | 0.110 |   1.167 |    1.309 | 
     | U5336                | CI v -> S ^  | FA_X1     | 0.119 |   1.286 |    1.428 | 
     | U5369                | A1 ^ -> ZN v | NOR2_X1   | 0.018 |   1.304 |    1.446 | 
     | U5370                | A2 v -> ZN ^ | NOR2_X1   | 0.036 |   1.340 |    1.482 | 
     | U5453                | A1 ^ -> ZN v | NAND2_X1  | 0.016 |   1.356 |    1.498 | 
     | U5955                | B2 v -> ZN ^ | OAI21_X1  | 0.070 |   1.425 |    1.568 | 
     | U5963                | B1 ^ -> ZN v | AOI21_X1  | 0.038 |   1.464 |    1.606 | 
     | U5996                | B1 v -> ZN ^ | OAI21_X1  | 0.066 |   1.530 |    1.672 | 
     | U6011                | B1 ^ -> ZN v | AOI21_X1  | 0.040 |   1.570 |    1.712 | 
     | FE_OFC4_n6530        | A v -> Z v   | CLKBUF_X1 | 0.127 |   1.696 |    1.838 | 
     | U6969                | B1 v -> ZN ^ | OAI21_X1  | 0.063 |   1.759 |    1.901 | 
     | U7000                | A ^ -> ZN ^  | XNOR2_X1  | 0.046 |   1.805 |    1.947 | 
     | U7001                | A1 ^ -> ZN v | NAND2_X1  | 0.017 |   1.822 |    1.964 | 
     | U7339                | A1 v -> ZN ^ | NAND2_X1  | 0.019 |   1.841 |    1.983 | 
     | p_reg_Y_temp_reg_60_ | D ^          | DFFS_X1   | 0.000 |   1.841 |    1.983 | 
     +------------------------------------------------------------------------------+ 
Path 8: MET Setup Check with Pin p_reg_Y_temp_reg_51_/CK 
Endpoint:   p_reg_Y_temp_reg_51_/D (^) checked with  leading edge of 'CLK'
Beginpoint: B_reg_Y_temp_reg_10_/Q (v) triggered by  leading edge of 'CLK'
Path Groups: {CLK}
Analysis View: default
Other End Arrival Time          0.050
- Setup                         0.026
+ Phase Shift                   2.009
- Uncertainty                   0.050
= Required Time                 1.983
- Arrival Time                  1.840
= Slack Time                    0.143
     Clock Rise Edge                 0.000
     + Clock Network Latency (Ideal) 0.050
     = Beginpoint Arrival Time       0.050
     +------------------------------------------------------------------------------+ 
     |       Instance       |     Arc      |   Cell    | Delay | Arrival | Required | 
     |                      |              |           |       |  Time   |   Time   | 
     |----------------------+--------------+-----------+-------+---------+----------| 
     | B_reg_Y_temp_reg_10_ | CK ^         |           |       |   0.050 |    0.193 | 
     | B_reg_Y_temp_reg_10_ | CK ^ -> Q v  | DFF_X1    | 0.098 |   0.148 |    0.291 | 
     | U1907                | A2 v -> ZN v | OR2_X1    | 0.058 |   0.206 |    0.349 | 
     | U3258                | A2 v -> ZN ^ | NAND2_X1  | 0.121 |   0.327 |    0.470 | 
     | U3290                | A2 ^ -> ZN ^ | OR2_X1    | 0.041 |   0.368 |    0.511 | 
     | U3291                | A ^ -> ZN v  | OAI21_X1  | 0.034 |   0.402 |    0.544 | 
     | U2238                | A1 v -> ZN ^ | NOR2_X1   | 0.037 |   0.438 |    0.581 | 
     | U2081                | A4 ^ -> ZN v | NAND4_X1  | 0.042 |   0.481 |    0.623 | 
     | U2331                | A2 v -> ZN ^ | NOR2_X1   | 0.124 |   0.605 |    0.748 | 
     | U2330                | A ^ -> ZN v  | INV_X1    | 0.084 |   0.689 |    0.832 | 
     | U2363                | A v -> Z v   | XOR2_X1   | 0.070 |   0.759 |    0.902 | 
     | U1686                | A v -> Z v   | MUX2_X1   | 0.069 |   0.828 |    0.971 | 
     | U5167                | B v -> S ^   | FA_X1     | 0.128 |   0.956 |    1.099 | 
     | U5238                | B ^ -> S v   | FA_X1     | 0.101 |   1.057 |    1.200 | 
     | U5335                | A v -> S v   | FA_X1     | 0.110 |   1.167 |    1.309 | 
     | U5336                | CI v -> S ^  | FA_X1     | 0.119 |   1.286 |    1.428 | 
     | U5369                | A1 ^ -> ZN v | NOR2_X1   | 0.018 |   1.304 |    1.447 | 
     | U5370                | A2 v -> ZN ^ | NOR2_X1   | 0.036 |   1.340 |    1.483 | 
     | U5453                | A1 ^ -> ZN v | NAND2_X1  | 0.016 |   1.356 |    1.498 | 
     | U5955                | B2 v -> ZN ^ | OAI21_X1  | 0.070 |   1.425 |    1.568 | 
     | U5963                | B1 ^ -> ZN v | AOI21_X1  | 0.038 |   1.464 |    1.606 | 
     | U5996                | B1 v -> ZN ^ | OAI21_X1  | 0.066 |   1.530 |    1.672 | 
     | U6011                | B1 ^ -> ZN v | AOI21_X1  | 0.040 |   1.570 |    1.712 | 
     | FE_OFC4_n6530        | A v -> Z v   | CLKBUF_X1 | 0.127 |   1.696 |    1.839 | 
     | U7309                | B1 v -> ZN ^ | OAI21_X1  | 0.059 |   1.755 |    1.898 | 
     | U7312                | A ^ -> ZN ^  | XNOR2_X1  | 0.047 |   1.802 |    1.945 | 
     | U7384                | A2 ^ -> ZN v | NAND2_X1  | 0.018 |   1.820 |    1.963 | 
     | U7712                | A1 v -> ZN ^ | NAND2_X1  | 0.020 |   1.840 |    1.983 | 
     | p_reg_Y_temp_reg_51_ | D ^          | DFFS_X1   | 0.000 |   1.840 |    1.983 | 
     +------------------------------------------------------------------------------+ 
Path 9: MET Setup Check with Pin p_reg_Y_temp_reg_59_/CK 
Endpoint:   p_reg_Y_temp_reg_59_/D (^) checked with  leading edge of 'CLK'
Beginpoint: B_reg_Y_temp_reg_10_/Q (v) triggered by  leading edge of 'CLK'
Path Groups: {CLK}
Analysis View: default
Other End Arrival Time          0.050
- Setup                         0.026
+ Phase Shift                   2.009
- Uncertainty                   0.050
= Required Time                 1.983
- Arrival Time                  1.840
= Slack Time                    0.143
     Clock Rise Edge                 0.000
     + Clock Network Latency (Ideal) 0.050
     = Beginpoint Arrival Time       0.050
     +------------------------------------------------------------------------------+ 
     |       Instance       |     Arc      |   Cell    | Delay | Arrival | Required | 
     |                      |              |           |       |  Time   |   Time   | 
     |----------------------+--------------+-----------+-------+---------+----------| 
     | B_reg_Y_temp_reg_10_ | CK ^         |           |       |   0.050 |    0.193 | 
     | B_reg_Y_temp_reg_10_ | CK ^ -> Q v  | DFF_X1    | 0.098 |   0.148 |    0.291 | 
     | U1907                | A2 v -> ZN v | OR2_X1    | 0.058 |   0.206 |    0.349 | 
     | U3258                | A2 v -> ZN ^ | NAND2_X1  | 0.121 |   0.327 |    0.470 | 
     | U3290                | A2 ^ -> ZN ^ | OR2_X1    | 0.041 |   0.368 |    0.511 | 
     | U3291                | A ^ -> ZN v  | OAI21_X1  | 0.034 |   0.402 |    0.545 | 
     | U2238                | A1 v -> ZN ^ | NOR2_X1   | 0.037 |   0.438 |    0.581 | 
     | U2081                | A4 ^ -> ZN v | NAND4_X1  | 0.042 |   0.481 |    0.624 | 
     | U2331                | A2 v -> ZN ^ | NOR2_X1   | 0.124 |   0.605 |    0.748 | 
     | U2330                | A ^ -> ZN v  | INV_X1    | 0.084 |   0.689 |    0.832 | 
     | U2363                | A v -> Z v   | XOR2_X1   | 0.070 |   0.759 |    0.902 | 
     | U1686                | A v -> Z v   | MUX2_X1   | 0.069 |   0.828 |    0.971 | 
     | U5167                | B v -> S ^   | FA_X1     | 0.128 |   0.956 |    1.099 | 
     | U5238                | B ^ -> S v   | FA_X1     | 0.101 |   1.057 |    1.200 | 
     | U5335                | A v -> S v   | FA_X1     | 0.110 |   1.167 |    1.310 | 
     | U5336                | CI v -> S ^  | FA_X1     | 0.119 |   1.286 |    1.429 | 
     | U5369                | A1 ^ -> ZN v | NOR2_X1   | 0.018 |   1.304 |    1.447 | 
     | U5370                | A2 v -> ZN ^ | NOR2_X1   | 0.036 |   1.340 |    1.483 | 
     | U5453                | A1 ^ -> ZN v | NAND2_X1  | 0.016 |   1.356 |    1.499 | 
     | U5955                | B2 v -> ZN ^ | OAI21_X1  | 0.070 |   1.425 |    1.568 | 
     | U5963                | B1 ^ -> ZN v | AOI21_X1  | 0.038 |   1.464 |    1.607 | 
     | U5996                | B1 v -> ZN ^ | OAI21_X1  | 0.066 |   1.530 |    1.672 | 
     | U6011                | B1 ^ -> ZN v | AOI21_X1  | 0.040 |   1.570 |    1.713 | 
     | FE_OFC4_n6530        | A v -> Z v   | CLKBUF_X1 | 0.127 |   1.696 |    1.839 | 
     | U6931                | B1 v -> ZN ^ | OAI21_X1  | 0.062 |   1.758 |    1.901 | 
     | U6960                | A ^ -> ZN ^  | XNOR2_X1  | 0.045 |   1.803 |    1.946 | 
     | U6961                | A1 ^ -> ZN v | NAND2_X1  | 0.018 |   1.821 |    1.964 | 
     | U7338                | A1 v -> ZN ^ | NAND2_X1  | 0.019 |   1.840 |    1.983 | 
     | p_reg_Y_temp_reg_59_ | D ^          | DFFS_X1   | 0.000 |   1.840 |    1.983 | 
     +------------------------------------------------------------------------------+ 
Path 10: MET Setup Check with Pin p_reg_Y_temp_reg_57_/CK 
Endpoint:   p_reg_Y_temp_reg_57_/D (^) checked with  leading edge of 'CLK'
Beginpoint: B_reg_Y_temp_reg_10_/Q (v) triggered by  leading edge of 'CLK'
Path Groups: {CLK}
Analysis View: default
Other End Arrival Time          0.050
- Setup                         0.026
+ Phase Shift                   2.009
- Uncertainty                   0.050
= Required Time                 1.983
- Arrival Time                  1.840
= Slack Time                    0.143
     Clock Rise Edge                 0.000
     + Clock Network Latency (Ideal) 0.050
     = Beginpoint Arrival Time       0.050
     +------------------------------------------------------------------------------+ 
     |       Instance       |     Arc      |   Cell    | Delay | Arrival | Required | 
     |                      |              |           |       |  Time   |   Time   | 
     |----------------------+--------------+-----------+-------+---------+----------| 
     | B_reg_Y_temp_reg_10_ | CK ^         |           |       |   0.050 |    0.193 | 
     | B_reg_Y_temp_reg_10_ | CK ^ -> Q v  | DFF_X1    | 0.098 |   0.148 |    0.292 | 
     | U1907                | A2 v -> ZN v | OR2_X1    | 0.058 |   0.206 |    0.349 | 
     | U3258                | A2 v -> ZN ^ | NAND2_X1  | 0.121 |   0.327 |    0.470 | 
     | U3290                | A2 ^ -> ZN ^ | OR2_X1    | 0.041 |   0.368 |    0.511 | 
     | U3291                | A ^ -> ZN v  | OAI21_X1  | 0.034 |   0.402 |    0.545 | 
     | U2238                | A1 v -> ZN ^ | NOR2_X1   | 0.037 |   0.438 |    0.581 | 
     | U2081                | A4 ^ -> ZN v | NAND4_X1  | 0.042 |   0.481 |    0.624 | 
     | U2331                | A2 v -> ZN ^ | NOR2_X1   | 0.124 |   0.605 |    0.748 | 
     | U2330                | A ^ -> ZN v  | INV_X1    | 0.084 |   0.689 |    0.832 | 
     | U2363                | A v -> Z v   | XOR2_X1   | 0.070 |   0.759 |    0.902 | 
     | U1686                | A v -> Z v   | MUX2_X1   | 0.069 |   0.828 |    0.971 | 
     | U5167                | B v -> S ^   | FA_X1     | 0.128 |   0.956 |    1.099 | 
     | U5238                | B ^ -> S v   | FA_X1     | 0.101 |   1.057 |    1.200 | 
     | U5335                | A v -> S v   | FA_X1     | 0.110 |   1.167 |    1.310 | 
     | U5336                | CI v -> S ^  | FA_X1     | 0.119 |   1.286 |    1.429 | 
     | U5369                | A1 ^ -> ZN v | NOR2_X1   | 0.018 |   1.304 |    1.447 | 
     | U5370                | A2 v -> ZN ^ | NOR2_X1   | 0.036 |   1.340 |    1.483 | 
     | U5453                | A1 ^ -> ZN v | NAND2_X1  | 0.016 |   1.356 |    1.499 | 
     | U5955                | B2 v -> ZN ^ | OAI21_X1  | 0.070 |   1.425 |    1.568 | 
     | U5963                | B1 ^ -> ZN v | AOI21_X1  | 0.038 |   1.464 |    1.607 | 
     | U5996                | B1 v -> ZN ^ | OAI21_X1  | 0.066 |   1.530 |    1.673 | 
     | U6011                | B1 ^ -> ZN v | AOI21_X1  | 0.040 |   1.570 |    1.713 | 
     | FE_OFC4_n6530        | A v -> Z v   | CLKBUF_X1 | 0.127 |   1.696 |    1.839 | 
     | U6837                | B1 v -> ZN ^ | OAI21_X1  | 0.062 |   1.758 |    1.901 | 
     | U6875                | A ^ -> ZN ^  | XNOR2_X1  | 0.046 |   1.804 |    1.947 | 
     | U6876                | A1 ^ -> ZN v | NAND2_X1  | 0.018 |   1.822 |    1.965 | 
     | U7336                | A1 v -> ZN ^ | NAND2_X1  | 0.018 |   1.840 |    1.983 | 
     | p_reg_Y_temp_reg_57_ | D ^          | DFFS_X1   | 0.000 |   1.840 |    1.983 | 
     +------------------------------------------------------------------------------+ 

