 
****************************************
Report : reference
Design : boothmul_registered
Version: W-2024.09-SP2
Date   : Thu Aug 27 05:06:32 2026
****************************************

Attributes:
    b - black box (unknown)
   bo - allows boundary optimization
    d - dont_touch
   mo - map_only
    h - hierarchical
    n - noncombinational
    r - removable
    s - synthetic operator
    u - contains unmapped logic

Reference          Library       Unit Area   Count    Total Area   Attributes
-----------------------------------------------------------------------------
AND2_X1            NangateOpenCellLibrary
                                  1.064000      20     21.280000  
AND2_X2            NangateOpenCellLibrary
                                  1.330000       1      1.330000  
AND3_X1            NangateOpenCellLibrary
                                  1.330000       1      1.330000  
AOI21_X1           NangateOpenCellLibrary
                                  1.064000     135    143.640001  
AOI21_X2           NangateOpenCellLibrary
                                  1.862000       1      1.862000  
AOI21_X4           NangateOpenCellLibrary
                                  3.458000       3     10.374000  
AOI22_X1           NangateOpenCellLibrary
                                  1.330000     614    816.620026  
AOI22_X2           NangateOpenCellLibrary
                                  2.394000       1      2.394000  
AOI211_X1          NangateOpenCellLibrary
                                  1.330000       8     10.640000  
AOI221_X1          NangateOpenCellLibrary
                                  1.596000      30     47.879999  
AOI222_X1          NangateOpenCellLibrary
                                  2.128000     168    357.504004  
BUF_X1             NangateOpenCellLibrary
                                  0.798000      14     11.172000  
CLKBUF_X1          NangateOpenCellLibrary
                                  0.798000       3      2.394000  
DFF_X1             NangateOpenCellLibrary
                                  4.522000     112    506.463982  n
DFF_X2             NangateOpenCellLibrary
                                  5.054000      16     80.863998  n
FA_X1              NangateOpenCellLibrary
                                  4.256000     121    514.976005  r
INV_X1             NangateOpenCellLibrary
                                  0.532000     488    259.616003  
INV_X2             NangateOpenCellLibrary
                                  0.798000      16     12.768000  
INV_X4             NangateOpenCellLibrary
                                  1.330000       2      2.660000  
MUX2_X1            NangateOpenCellLibrary
                                  1.862000      19     35.378000  
NAND2_X1           NangateOpenCellLibrary
                                  0.798000     157    125.285997  
NAND3_X1           NangateOpenCellLibrary
                                  1.064000       8      8.512000  
NAND4_X1           NangateOpenCellLibrary
                                  1.330000       2      2.660000  
NOR2_X1            NangateOpenCellLibrary
                                  0.798000     152    121.295997  
NOR2_X4            NangateOpenCellLibrary
                                  2.394000       2      4.788000  
NOR3_X1            NangateOpenCellLibrary
                                  1.064000       4      4.256000  
NOR4_X1            NangateOpenCellLibrary
                                  1.330000       1      1.330000  
OAI21_X1           NangateOpenCellLibrary
                                  1.064000     182    193.648002  
OAI21_X2           NangateOpenCellLibrary
                                  1.862000       2      3.724000  
OAI22_X1           NangateOpenCellLibrary
                                  1.330000     120    159.600005  
OAI22_X2           NangateOpenCellLibrary
                                  2.394000       3      7.182000  
OAI33_X1           NangateOpenCellLibrary
                                  1.862000       1      1.862000  
OAI211_X1          NangateOpenCellLibrary
                                  1.330000      10     13.300000  
OAI221_X1          NangateOpenCellLibrary
                                  1.596000      76    121.295997  
OAI222_X1          NangateOpenCellLibrary
                                  2.128000      14     29.792000  
OR2_X1             NangateOpenCellLibrary
                                  1.064000      22     23.408000  
OR2_X2             NangateOpenCellLibrary
                                  1.330000       1      1.330000  
OR3_X1             NangateOpenCellLibrary
                                  1.330000       2      2.660000  
XNOR2_X1           NangateOpenCellLibrary
                                  1.596000     589    940.043974  
XOR2_X1            NangateOpenCellLibrary
                                  1.596000     674   1075.703970  
-----------------------------------------------------------------------------
Total 40 references                                  5682.823960
1
