 
****************************************
Report : reference
Design : boothmul_registered
Version: W-2024.09-SP2
Date   : Thu Aug 27 05:10:02 2026
****************************************

Attributes:
    b - black box (unknown)
   bo - allows boundary optimization
    d - dont_touch
   mo - map_only
    h - hierarchical
    n - noncombinational
    r - removable
    s - synthetic operator
    u - contains unmapped logic

Reference          Library       Unit Area   Count    Total Area   Attributes
-----------------------------------------------------------------------------
AND2_X1            NangateOpenCellLibrary
                                  1.064000      19     20.216000  
AND2_X2            NangateOpenCellLibrary
                                  1.330000       1      1.330000  
AOI21_X1           NangateOpenCellLibrary
                                  1.064000     136    144.704001  
AOI21_X2           NangateOpenCellLibrary
                                  1.862000       1      1.862000  
AOI21_X4           NangateOpenCellLibrary
                                  3.458000       3     10.374000  
AOI22_X1           NangateOpenCellLibrary
                                  1.330000     614    816.620026  
AOI22_X2           NangateOpenCellLibrary
                                  2.394000       1      2.394000  
AOI211_X1          NangateOpenCellLibrary
                                  1.330000       8     10.640000  
AOI221_X1          NangateOpenCellLibrary
                                  1.596000      31     49.475999  
AOI222_X1          NangateOpenCellLibrary
                                  2.128000     169    359.632004  
BUF_X2             NangateOpenCellLibrary
                                  1.064000       1      1.064000  
CLKBUF_X1          NangateOpenCellLibrary
                                  0.798000      31     24.737999  
DFF_X1             NangateOpenCellLibrary
                                  4.522000     128    578.815979  n
FA_X1              NangateOpenCellLibrary
                                  4.256000     121    514.976005  r
INV_X1             NangateOpenCellLibrary
                                  0.532000     490    260.680003  
INV_X2             NangateOpenCellLibrary
                                  0.798000      14     11.172000  
INV_X4             NangateOpenCellLibrary
                                  1.330000       1      1.330000  
MUX2_X1            NangateOpenCellLibrary
                                  1.862000      19     35.378000  
NAND2_X1           NangateOpenCellLibrary
                                  0.798000     154    122.891997  
NAND3_X1           NangateOpenCellLibrary
                                  1.064000       7      7.448000  
NAND4_X1           NangateOpenCellLibrary
                                  1.330000       2      2.660000  
NOR2_X1            NangateOpenCellLibrary
                                  0.798000     152    121.295997  
NOR2_X4            NangateOpenCellLibrary
                                  2.394000       2      4.788000  
NOR3_X1            NangateOpenCellLibrary
                                  1.064000       5      5.320000  
NOR4_X1            NangateOpenCellLibrary
                                  1.330000       1      1.330000  
OAI21_X1           NangateOpenCellLibrary
                                  1.064000     182    193.648002  
OAI21_X2           NangateOpenCellLibrary
                                  1.862000       2      3.724000  
OAI22_X1           NangateOpenCellLibrary
                                  1.330000     118    156.940005  
OAI22_X2           NangateOpenCellLibrary
                                  2.394000       5     11.970000  
OAI33_X1           NangateOpenCellLibrary
                                  1.862000       1      1.862000  
OAI211_X1          NangateOpenCellLibrary
                                  1.330000      10     13.300000  
OAI221_X1          NangateOpenCellLibrary
                                  1.596000      76    121.295997  
OAI222_X1          NangateOpenCellLibrary
                                  2.128000      14     29.792000  
OR2_X1             NangateOpenCellLibrary
                                  1.064000      20     21.280000  
OR3_X1             NangateOpenCellLibrary
                                  1.330000       1      1.330000  
XNOR2_X1           NangateOpenCellLibrary
                                  1.596000     585    933.659974  
XOR2_X1            NangateOpenCellLibrary
                                  1.596000     677   1080.491970  
-----------------------------------------------------------------------------
Total 37 references                                  5680.429959
1
