###############################################################
#  Generated by:      Cadence Innovus 23.35-s106_1
#  OS:                Linux x86_64(Host ID microsys.openstack.polito)
#  Generated on:      Sat Oct 10 21:39:05 2026
#  Design:            boothmul_registered
#  Command:           report_ccopt_skew_groups -file reports/05_skew_groups.rpt
###############################################################

Skew Group Structure:
=====================

-----------------------------------------------------------------------------
Skew Group                Sources    Constrained Sinks    Unconstrained Sinks
-----------------------------------------------------------------------------
CLK/coherent-synthesis       1              128                    0
-----------------------------------------------------------------------------

Skew Group Summary:
===================

---------------------------------------------------------------------------------------------------------------------------------------------------------------------------
Timing Corner         Skew Group                ID Target    Min ID    Max ID    Avg ID    Std.Dev. ID    Skew Target Type    Skew Target    Skew     Skew window occupancy
---------------------------------------------------------------------------------------------------------------------------------------------------------------------------
std-typ:both.early    CLK/coherent-synthesis        -        0.060     0.074     0.068        0.005       ignored                  -         0.014              -
std-typ:both.late     CLK/coherent-synthesis     0.050       0.060     0.074     0.068        0.005       explicit             0.050         0.014    100% {0.060, 0.074}
---------------------------------------------------------------------------------------------------------------------------------------------------------------------------

* - indicates that target was not met.

Skew Group Min/Max path pins:
=============================

------------------------------------------------------------------------------------
Timing Corner         Skew Group                Min ID    PathID    Max ID    PathID
------------------------------------------------------------------------------------
std-typ:both.early    CLK/coherent-synthesis    0.060       1       0.074       2
-    min A_reg_Y_temp_reg_14_/CK
-    max p_reg_Y_temp_reg_0_/CK
std-typ:both.late     CLK/coherent-synthesis    0.060       3       0.074       4
-    min A_reg_Y_temp_reg_14_/CK
-    max p_reg_Y_temp_reg_0_/CK
------------------------------------------------------------------------------------

Timing for timing corner std-typ:both.early, min clock_path:
============================================================

PathID    : 1
Path type : skew group CLK/coherent-synthesis (path 1 of 1)
Start     : CLK
End       : A_reg_Y_temp_reg_14_/CK
Delay     : 0.060

------------------------------------------------------------------------------------------------
Name  Lib cell   Event  Incr   Arrival  Slew   Cap     Location         Distance  Fanout  Status
                        (ns)   (ns)     (ns)   (fF)                     (um)              
-- Clockpath trace -----------------------------------------------------------------------------
CLK
-     -          rise   -       0.000   0.002  19.399  (67.105,0.000)   -            4    
CTS_idc_buf_00007/A
-     CLKBUF_X2  rise   0.002   0.002   0.002  -       (36.610,67.515)   98.010   -       
CTS_idc_buf_00007/Z
-     CLKBUF_X2  rise   0.058   0.059   0.038  31.855  (36.245,67.890)    0.740     22    
A_reg_Y_temp_reg_14_/CK
-     DFF_X1     rise   0.001   0.060   0.038  -       (36.140,57.370)   10.625   -       
------------------------------------------------------------------------------------------------

Timing for timing corner std-typ:both.early, max clock_path:
============================================================

PathID    : 2
Path type : skew group CLK/coherent-synthesis (path 1 of 1)
Start     : CLK
End       : p_reg_Y_temp_reg_0_/CK
Delay     : 0.074

--------------------------------------------------------------------------------------------------
Name  Lib cell   Event  Incr   Arrival  Slew   Cap     Location           Distance  Fanout  Status
                        (ns)   (ns)     (ns)   (fF)                       (um)              
-- Clockpath trace -------------------------------------------------------------------------------
CLK
-     -          rise   -       0.000   0.002  19.399  (67.105,0.000)     -            4    
CTS_ccl_a_buf_00003/A
-     CLKBUF_X3  rise   0.001   0.001   0.002  -       (71.120,73.115)     77.130   -       
CTS_ccl_a_buf_00003/Z
-     CLKBUF_X3  rise   0.065   0.066   0.046  55.792  (71.485,73.460)      0.710     40    
p_reg_Y_temp_reg_0_/CK
-     DFF_X1     rise   0.008   0.074   0.046  -       (107.770,104.970)   67.795   -       
--------------------------------------------------------------------------------------------------

Timing for timing corner std-typ:both.late, min clock_path:
===========================================================

PathID    : 3
Path type : skew group CLK/coherent-synthesis (path 1 of 1)
Start     : CLK
End       : A_reg_Y_temp_reg_14_/CK
Delay     : 0.060

------------------------------------------------------------------------------------------------
Name  Lib cell   Event  Incr   Arrival  Slew   Cap     Location         Distance  Fanout  Status
                        (ns)   (ns)     (ns)   (fF)                     (um)              
-- Clockpath trace -----------------------------------------------------------------------------
CLK
-     -          rise   -       0.000   0.002  19.399  (67.105,0.000)   -            4    
CTS_idc_buf_00007/A
-     CLKBUF_X2  rise   0.002   0.002   0.002  -       (36.610,67.515)   98.010   -       
CTS_idc_buf_00007/Z
-     CLKBUF_X2  rise   0.058   0.059   0.038  31.855  (36.245,67.890)    0.740     22    
A_reg_Y_temp_reg_14_/CK
-     DFF_X1     rise   0.001   0.060   0.038  -       (36.140,57.370)   10.625   -       
------------------------------------------------------------------------------------------------

Timing for timing corner std-typ:both.late, max clock_path:
===========================================================

PathID    : 4
Path type : skew group CLK/coherent-synthesis (path 1 of 1)
Start     : CLK
End       : p_reg_Y_temp_reg_0_/CK
Delay     : 0.074

--------------------------------------------------------------------------------------------------
Name  Lib cell   Event  Incr   Arrival  Slew   Cap     Location           Distance  Fanout  Status
                        (ns)   (ns)     (ns)   (fF)                       (um)              
-- Clockpath trace -------------------------------------------------------------------------------
CLK
-     -          rise   -       0.000   0.002  19.399  (67.105,0.000)     -            4    
CTS_ccl_a_buf_00003/A
-     CLKBUF_X3  rise   0.001   0.001   0.002  -       (71.120,73.115)     77.130   -       
CTS_ccl_a_buf_00003/Z
-     CLKBUF_X3  rise   0.065   0.066   0.046  55.792  (71.485,73.460)      0.710     40    
p_reg_Y_temp_reg_0_/CK
-     DFF_X1     rise   0.008   0.074   0.046  -       (107.770,104.970)   67.795   -       
--------------------------------------------------------------------------------------------------

