###############################################################
#  Generated by:      Cadence Innovus 23.35-s106_1
#  OS:                Linux x86_64(Host ID microsys.openstack.polito)
#  Generated on:      Sat Oct 10 20:46:19 2026
#  Design:            boothmul_registered
#  Command:           report_timing -early -max_paths 10 > reports/10_hold_paths.rpt
###############################################################
Path 1: MET Hold Check with Pin B_reg_Y_temp_reg_24_/CK 
Endpoint:   B_reg_Y_temp_reg_24_/D  (^) checked with  leading edge of 'CLK'
Beginpoint: B_reg_Y_temp_reg_24_/QN (v) triggered by  leading edge of 'CLK'
Path Groups: {CLK}
Analysis View: default
Other End Arrival Time          0.047
+ Hold                          0.018
+ Phase Shift                   0.000
- CPPR Adjustment               0.000
+ Uncertainty                   0.050
= Required Time                 0.115
  Arrival Time                  0.199
  Slack Time                    0.084
     Clock Rise Edge                 0.000
     + Clock Network Latency (Prop)  0.072
     = Beginpoint Arrival Time       0.072
     +-----------------------------------------------------------------------------+ 
     |       Instance       |     Arc      |   Cell   | Delay | Arrival | Required | 
     |                      |              |          |       |  Time   |   Time   | 
     |----------------------+--------------+----------+-------+---------+----------| 
     | B_reg_Y_temp_reg_24_ | CK ^         |          |       |   0.072 |   -0.012 | 
     | B_reg_Y_temp_reg_24_ | CK ^ -> QN v | DFF_X1   | 0.085 |   0.157 |    0.073 | 
     | U1952                | A v -> ZN ^  | INV_X1   | 0.015 |   0.172 |    0.088 | 
     | U7433                | A2 ^ -> ZN v | NAND2_X1 | 0.013 |   0.185 |    0.101 | 
     | U7614                | A2 v -> ZN ^ | NAND2_X1 | 0.014 |   0.199 |    0.115 | 
     | B_reg_Y_temp_reg_24_ | D ^          | DFF_X1   | 0.000 |   0.199 |    0.115 | 
     +-----------------------------------------------------------------------------+ 
Path 2: MET Hold Check with Pin p_reg_Y_temp_reg_9_/CK 
Endpoint:   p_reg_Y_temp_reg_9_/D (^) checked with  leading edge of 'CLK'
Beginpoint: p_reg_Y_temp_reg_9_/Q (^) triggered by  leading edge of 'CLK'
Path Groups: {CLK}
Analysis View: default
Other End Arrival Time          0.050
+ Hold                          0.018
+ Phase Shift                   0.000
- CPPR Adjustment               0.000
+ Uncertainty                   0.050
= Required Time                 0.118
  Arrival Time                  0.204
  Slack Time                    0.086
     Clock Rise Edge                 0.000
     + Clock Network Latency (Prop)  0.075
     = Beginpoint Arrival Time       0.075
     +----------------------------------------------------------------------------+ 
     |      Instance       |     Arc      |   Cell   | Delay | Arrival | Required | 
     |                     |              |          |       |  Time   |   Time   | 
     |---------------------+--------------+----------+-------+---------+----------| 
     | p_reg_Y_temp_reg_9_ | CK ^         |          |       |   0.075 |   -0.010 | 
     | p_reg_Y_temp_reg_9_ | CK ^ -> Q ^  | DFF_X1   | 0.101 |   0.176 |    0.090 | 
     | U7654               | A2 ^ -> ZN v | NAND2_X1 | 0.013 |   0.190 |    0.104 | 
     | U7655               | A2 v -> ZN ^ | NAND2_X1 | 0.014 |   0.204 |    0.118 | 
     | p_reg_Y_temp_reg_9_ | D ^          | DFF_X1   | 0.000 |   0.204 |    0.118 | 
     +----------------------------------------------------------------------------+ 
Path 3: MET Hold Check with Pin p_reg_Y_temp_reg_26_/CK 
Endpoint:   p_reg_Y_temp_reg_26_/D (^) checked with  leading edge of 'CLK'
Beginpoint: p_reg_Y_temp_reg_26_/Q (^) triggered by  leading edge of 'CLK'
Path Groups: {CLK}
Analysis View: default
Other End Arrival Time          0.049
+ Hold                          0.018
+ Phase Shift                   0.000
- CPPR Adjustment               0.000
+ Uncertainty                   0.050
= Required Time                 0.117
  Arrival Time                  0.203
  Slack Time                    0.086
     Clock Rise Edge                 0.000
     + Clock Network Latency (Prop)  0.075
     = Beginpoint Arrival Time       0.075
     +-----------------------------------------------------------------------------+ 
     |       Instance       |     Arc      |   Cell   | Delay | Arrival | Required | 
     |                      |              |          |       |  Time   |   Time   | 
     |----------------------+--------------+----------+-------+---------+----------| 
     | p_reg_Y_temp_reg_26_ | CK ^         |          |       |   0.075 |   -0.011 | 
     | p_reg_Y_temp_reg_26_ | CK ^ -> Q ^  | DFF_X1   | 0.101 |   0.176 |    0.090 | 
     | U7704                | A2 ^ -> ZN v | NAND2_X1 | 0.013 |   0.189 |    0.103 | 
     | U7705                | A2 v -> ZN ^ | NAND2_X1 | 0.014 |   0.203 |    0.117 | 
     | p_reg_Y_temp_reg_26_ | D ^          | DFF_X1   | 0.000 |   0.203 |    0.117 | 
     +-----------------------------------------------------------------------------+ 
Path 4: MET Hold Check with Pin p_reg_Y_temp_reg_12_/CK 
Endpoint:   p_reg_Y_temp_reg_12_/D (^) checked with  leading edge of 'CLK'
Beginpoint: p_reg_Y_temp_reg_12_/Q (^) triggered by  leading edge of 'CLK'
Path Groups: {CLK}
Analysis View: default
Other End Arrival Time          0.050
+ Hold                          0.018
+ Phase Shift                   0.000
- CPPR Adjustment               0.000
+ Uncertainty                   0.050
= Required Time                 0.118
  Arrival Time                  0.204
  Slack Time                    0.086
     Clock Rise Edge                 0.000
     + Clock Network Latency (Prop)  0.075
     = Beginpoint Arrival Time       0.075
     +-----------------------------------------------------------------------------+ 
     |       Instance       |     Arc      |   Cell   | Delay | Arrival | Required | 
     |                      |              |          |       |  Time   |   Time   | 
     |----------------------+--------------+----------+-------+---------+----------| 
     | p_reg_Y_temp_reg_12_ | CK ^         |          |       |   0.075 |   -0.011 | 
     | p_reg_Y_temp_reg_12_ | CK ^ -> Q ^  | DFF_X1   | 0.101 |   0.176 |    0.090 | 
     | U7663                | A2 ^ -> ZN v | NAND2_X1 | 0.013 |   0.189 |    0.103 | 
     | U7664                | A2 v -> ZN ^ | NAND2_X1 | 0.014 |   0.204 |    0.118 | 
     | p_reg_Y_temp_reg_12_ | D ^          | DFF_X1   | 0.000 |   0.204 |    0.118 | 
     +-----------------------------------------------------------------------------+ 
Path 5: MET Hold Check with Pin p_reg_Y_temp_reg_45_/CK 
Endpoint:   p_reg_Y_temp_reg_45_/D (^) checked with  leading edge of 'CLK'
Beginpoint: p_reg_Y_temp_reg_45_/Q (^) triggered by  leading edge of 'CLK'
Path Groups: {CLK}
Analysis View: default
Other End Arrival Time          0.046
+ Hold                          0.018
+ Phase Shift                   0.000
- CPPR Adjustment               0.000
+ Uncertainty                   0.050
= Required Time                 0.114
  Arrival Time                  0.200
  Slack Time                    0.086
     Clock Rise Edge                 0.000
     + Clock Network Latency (Prop)  0.072
     = Beginpoint Arrival Time       0.072
     +-----------------------------------------------------------------------------+ 
     |       Instance       |     Arc      |   Cell   | Delay | Arrival | Required | 
     |                      |              |          |       |  Time   |   Time   | 
     |----------------------+--------------+----------+-------+---------+----------| 
     | p_reg_Y_temp_reg_45_ | CK ^         |          |       |   0.072 |   -0.014 | 
     | p_reg_Y_temp_reg_45_ | CK ^ -> Q ^  | DFF_X1   | 0.101 |   0.173 |    0.086 | 
     | U7753                | A2 ^ -> ZN v | NAND2_X1 | 0.014 |   0.186 |    0.100 | 
     | U7754                | A2 v -> ZN ^ | NAND2_X1 | 0.014 |   0.200 |    0.114 | 
     | p_reg_Y_temp_reg_45_ | D ^          | DFF_X1   | 0.000 |   0.200 |    0.114 | 
     +-----------------------------------------------------------------------------+ 
Path 6: MET Hold Check with Pin p_reg_Y_temp_reg_41_/CK 
Endpoint:   p_reg_Y_temp_reg_41_/D (^) checked with  leading edge of 'CLK'
Beginpoint: p_reg_Y_temp_reg_41_/Q (^) triggered by  leading edge of 'CLK'
Path Groups: {CLK}
Analysis View: default
Other End Arrival Time          0.047
+ Hold                          0.018
+ Phase Shift                   0.000
- CPPR Adjustment               0.000
+ Uncertainty                   0.050
= Required Time                 0.115
  Arrival Time                  0.201
  Slack Time                    0.086
     Clock Rise Edge                 0.000
     + Clock Network Latency (Prop)  0.072
     = Beginpoint Arrival Time       0.072
     +-----------------------------------------------------------------------------+ 
     |       Instance       |     Arc      |   Cell   | Delay | Arrival | Required | 
     |                      |              |          |       |  Time   |   Time   | 
     |----------------------+--------------+----------+-------+---------+----------| 
     | p_reg_Y_temp_reg_41_ | CK ^         |          |       |   0.072 |   -0.014 | 
     | p_reg_Y_temp_reg_41_ | CK ^ -> Q ^  | DFF_X1   | 0.101 |   0.173 |    0.087 | 
     | U7746                | A2 ^ -> ZN v | NAND2_X1 | 0.014 |   0.187 |    0.101 | 
     | U7747                | A2 v -> ZN ^ | NAND2_X1 | 0.014 |   0.201 |    0.115 | 
     | p_reg_Y_temp_reg_41_ | D ^          | DFF_X1   | 0.000 |   0.201 |    0.115 | 
     +-----------------------------------------------------------------------------+ 
Path 7: MET Hold Check with Pin p_reg_Y_temp_reg_60_/CK 
Endpoint:   p_reg_Y_temp_reg_60_/D (^) checked with  leading edge of 'CLK'
Beginpoint: p_reg_Y_temp_reg_60_/Q (^) triggered by  leading edge of 'CLK'
Path Groups: {CLK}
Analysis View: default
Other End Arrival Time          0.045
+ Hold                          0.018
+ Phase Shift                   0.000
- CPPR Adjustment               0.000
+ Uncertainty                   0.050
= Required Time                 0.113
  Arrival Time                  0.199
  Slack Time                    0.086
     Clock Rise Edge                 0.000
     + Clock Network Latency (Prop)  0.070
     = Beginpoint Arrival Time       0.070
     +-----------------------------------------------------------------------------+ 
     |       Instance       |     Arc      |   Cell   | Delay | Arrival | Required | 
     |                      |              |          |       |  Time   |   Time   | 
     |----------------------+--------------+----------+-------+---------+----------| 
     | p_reg_Y_temp_reg_60_ | CK ^         |          |       |   0.070 |   -0.016 | 
     | p_reg_Y_temp_reg_60_ | CK ^ -> Q ^  | DFF_X1   | 0.101 |   0.171 |    0.085 | 
     | U7769                | A2 ^ -> ZN v | NAND2_X1 | 0.014 |   0.185 |    0.099 | 
     | U7392                | A2 v -> ZN ^ | NAND2_X1 | 0.014 |   0.199 |    0.113 | 
     | p_reg_Y_temp_reg_60_ | D ^          | DFF_X1   | 0.000 |   0.199 |    0.113 | 
     +-----------------------------------------------------------------------------+ 
Path 8: MET Hold Check with Pin p_reg_Y_temp_reg_49_/CK 
Endpoint:   p_reg_Y_temp_reg_49_/D (^) checked with  leading edge of 'CLK'
Beginpoint: p_reg_Y_temp_reg_49_/Q (^) triggered by  leading edge of 'CLK'
Path Groups: {CLK}
Analysis View: default
Other End Arrival Time          0.046
+ Hold                          0.018
+ Phase Shift                   0.000
- CPPR Adjustment               0.000
+ Uncertainty                   0.050
= Required Time                 0.114
  Arrival Time                  0.200
  Slack Time                    0.086
     Clock Rise Edge                 0.000
     + Clock Network Latency (Prop)  0.072
     = Beginpoint Arrival Time       0.072
     +-----------------------------------------------------------------------------+ 
     |       Instance       |     Arc      |   Cell   | Delay | Arrival | Required | 
     |                      |              |          |       |  Time   |   Time   | 
     |----------------------+--------------+----------+-------+---------+----------| 
     | p_reg_Y_temp_reg_49_ | CK ^         |          |       |   0.072 |   -0.015 | 
     | p_reg_Y_temp_reg_49_ | CK ^ -> Q ^  | DFF_X1   | 0.101 |   0.172 |    0.086 | 
     | U7758                | A2 ^ -> ZN v | NAND2_X1 | 0.014 |   0.186 |    0.100 | 
     | U7402                | A2 v -> ZN ^ | NAND2_X1 | 0.014 |   0.200 |    0.114 | 
     | p_reg_Y_temp_reg_49_ | D ^          | DFF_X1   | 0.000 |   0.200 |    0.114 | 
     +-----------------------------------------------------------------------------+ 
Path 9: MET Hold Check with Pin p_reg_Y_temp_reg_38_/CK 
Endpoint:   p_reg_Y_temp_reg_38_/D (^) checked with  leading edge of 'CLK'
Beginpoint: p_reg_Y_temp_reg_38_/Q (^) triggered by  leading edge of 'CLK'
Path Groups: {CLK}
Analysis View: default
Other End Arrival Time          0.047
+ Hold                          0.018
+ Phase Shift                   0.000
- CPPR Adjustment               0.000
+ Uncertainty                   0.050
= Required Time                 0.115
  Arrival Time                  0.201
  Slack Time                    0.086
     Clock Rise Edge                 0.000
     + Clock Network Latency (Prop)  0.072
     = Beginpoint Arrival Time       0.072
     +-----------------------------------------------------------------------------+ 
     |       Instance       |     Arc      |   Cell   | Delay | Arrival | Required | 
     |                      |              |          |       |  Time   |   Time   | 
     |----------------------+--------------+----------+-------+---------+----------| 
     | p_reg_Y_temp_reg_38_ | CK ^         |          |       |   0.072 |   -0.014 | 
     | p_reg_Y_temp_reg_38_ | CK ^ -> Q ^  | DFF_X1   | 0.101 |   0.174 |    0.087 | 
     | U7737                | A2 ^ -> ZN v | NAND2_X1 | 0.014 |   0.187 |    0.101 | 
     | U7738                | A2 v -> ZN ^ | NAND2_X1 | 0.014 |   0.201 |    0.115 | 
     | p_reg_Y_temp_reg_38_ | D ^          | DFF_X1   | 0.000 |   0.201 |    0.115 | 
     +-----------------------------------------------------------------------------+ 
Path 10: MET Hold Check with Pin p_reg_Y_temp_reg_42_/CK 
Endpoint:   p_reg_Y_temp_reg_42_/D (^) checked with  leading edge of 'CLK'
Beginpoint: p_reg_Y_temp_reg_42_/Q (^) triggered by  leading edge of 'CLK'
Path Groups: {CLK}
Analysis View: default
Other End Arrival Time          0.047
+ Hold                          0.018
+ Phase Shift                   0.000
- CPPR Adjustment               0.000
+ Uncertainty                   0.050
= Required Time                 0.115
  Arrival Time                  0.201
  Slack Time                    0.086
     Clock Rise Edge                 0.000
     + Clock Network Latency (Prop)  0.072
     = Beginpoint Arrival Time       0.072
     +-----------------------------------------------------------------------------+ 
     |       Instance       |     Arc      |   Cell   | Delay | Arrival | Required | 
     |                      |              |          |       |  Time   |   Time   | 
     |----------------------+--------------+----------+-------+---------+----------| 
     | p_reg_Y_temp_reg_42_ | CK ^         |          |       |   0.072 |   -0.014 | 
     | p_reg_Y_temp_reg_42_ | CK ^ -> Q ^  | DFF_X1   | 0.101 |   0.173 |    0.087 | 
     | U7749                | A2 ^ -> ZN v | NAND2_X1 | 0.014 |   0.187 |    0.101 | 
     | U7750                | A2 v -> ZN ^ | NAND2_X1 | 0.014 |   0.201 |    0.115 | 
     | p_reg_Y_temp_reg_42_ | D ^          | DFF_X1   | 0.000 |   0.201 |    0.115 | 
     +-----------------------------------------------------------------------------+ 

