 
****************************************
Report : qor
Design : boothmul_registered
Version: W-2024.09-SP2
Date   : Mon Sep 21 17:48:53 2026
****************************************


  Timing Path Group 'CLK'
  -----------------------------------
  Levels of Logic:              26.00
  Critical Path Length:          1.82
  Critical Path Slack:           0.00
  Critical Path Clk Period:      1.90
  Total Negative Slack:          0.00
  No. of Violating Paths:        0.00
  Worst Hold Violation:          0.00
  Total Hold Violation:          0.00
  No. of Hold Violations:        0.00
  -----------------------------------


  Cell Count
  -----------------------------------
  Hierarchical Cell Count:          0
  Hierarchical Port Count:          0
  Leaf Cell Count:               3255
  Buf/Inv Cell Count:             509
  Buf Cell Count:                 136
  Inv Cell Count:                 373
  CT Buf/Inv Cell Count:            0
  Combinational Cell Count:      3127
  Sequential Cell Count:          128
  Macro Count:                      0
  -----------------------------------


  Area
  -----------------------------------
  Combinational Area:     4478.641996
  Noncombinational Area:   582.805980
  Buf/Inv Area:            329.574000
  Total Buffer Area:           125.29
  Total Inverter Area:         204.29
  Macro/Black Box Area:      0.000000
  Net Area:                  0.000000
  -----------------------------------
  Cell Area:              5061.447976
  Design Area:            5061.447976


  Design Rules
  -----------------------------------
  Total Number of Nets:          3704
  Nets With Violations:             0
  Max Trans Violations:             0
  Max Cap Violations:               0
  -----------------------------------


  Hostname: microsys.openstack.polito

  Compile CPU Statistics
  -----------------------------------------
  Resource Sharing:                    0.97
  Logic Optimization:                  7.20
  Mapping Optimization:               19.20
  -----------------------------------------
  Overall Compile Time:               35.11
  Overall Compile Wall Clock Time:    35.75

  --------------------------------------------------------------------

  Design  WNS: 0.00  TNS: 0.00  Number of Violating Paths: 0


  Design (Hold)  WNS: 0.00  TNS: 0.00  Number of Violating Paths: 0

  --------------------------------------------------------------------


1
