 
****************************************
Report : qor
Design : boothmul_registered
Version: W-2024.09-SP2
Date   : Mon Sep 21 17:44:10 2026
****************************************


  Timing Path Group 'CLK'
  -----------------------------------
  Levels of Logic:              22.00
  Critical Path Length:          1.56
  Critical Path Slack:          -0.53
  Critical Path Clk Period:      1.10
  Total Negative Slack:        -22.79
  No. of Violating Paths:       54.00
  Worst Hold Violation:          0.00
  Total Hold Violation:          0.00
  No. of Hold Violations:        0.00
  -----------------------------------


  Cell Count
  -----------------------------------
  Hierarchical Cell Count:          0
  Hierarchical Port Count:          0
  Leaf Cell Count:               3154
  Buf/Inv Cell Count:             490
  Buf Cell Count:                 141
  Inv Cell Count:                 349
  CT Buf/Inv Cell Count:            0
  Combinational Cell Count:      3026
  Sequential Cell Count:          128
  Macro Count:                      0
  -----------------------------------


  Area
  -----------------------------------
  Combinational Area:     4747.834006
  Noncombinational Area:   596.903982
  Buf/Inv Area:            327.711999
  Total Buffer Area:           134.06
  Total Inverter Area:         193.65
  Macro/Black Box Area:      0.000000
  Net Area:                  0.000000
  -----------------------------------
  Cell Area:              5344.737987
  Design Area:            5344.737987


  Design Rules
  -----------------------------------
  Total Number of Nets:          3745
  Nets With Violations:             0
  Max Trans Violations:             0
  Max Cap Violations:               0
  -----------------------------------


  Hostname: microsys.openstack.polito

  Compile CPU Statistics
  -----------------------------------------
  Resource Sharing:                    0.85
  Logic Optimization:                  6.48
  Mapping Optimization:               32.81
  -----------------------------------------
  Overall Compile Time:               46.64
  Overall Compile Wall Clock Time:    47.36

  --------------------------------------------------------------------

  Design  WNS: 0.53  TNS: 22.79  Number of Violating Paths: 54


  Design (Hold)  WNS: 0.00  TNS: 0.00  Number of Violating Paths: 0

  --------------------------------------------------------------------


1
