 ------------------------------------------------------------------------------------------------------------------------------------------------------- 
| Snapshot                | WNS                  | TNS                  | Density (%) | Hotspot                   | Resource               | DRVs       |
|                         | HEPG (ns) | ALL (ns) | HEPG (ns) | ALL (ns) |             | Max (bins) | Total (bins) | Real (s) | Memory (MB) | Tran | Cap |
|-------------------------+-----------+----------+-----------+----------+-------------+------------+--------------+----------+-------------+------+-----|
| initial_summary         |     1.104 |    1.104 |           |        0 |       60.37 |            |              | 0:00:01  |        4575 |    0 |   0 |
| route_type_refinement   |           |          |           |          |             |            |              | 0:00:00  |        4575 |      |     |
| simplify_netlist        |           |          |           |          |             |            |              | 0:00:00  |        4575 |      |     |
| excluded_clk_net_fixing |           |          |           |          |             |            |              | 0:00:00  |        4575 |      |     |
| global_opt              |           |    1.104 |           |        0 |       60.37 |            |              | 0:00:01  |        4575 |      |     |
| area_reclaiming         |     1.104 |    1.104 |         0 |        0 |       60.37 |            |              | 0:00:01  |        4583 |      |     |
| area_reclaiming_2       |     1.104 |    1.104 |         0 |        0 |       60.37 |            |              | 0:00:02  |        4583 |      |     |
| local_wire_reclaim      |           |          |           |          |             |            |              | 0:00:04  |        4583 |      |     |
| global_route            |           |          |           |          |             |       0.00 |         0.00 | 0:00:00  |        4565 |      |     |
| route_type_refinement_2 |           |          |           |          |             |            |              | 0:00:00  |        4565 |      |     |
| drv_eco_fixing          |     1.112 |    1.112 |         0 |        0 |       60.38 |            |              | 0:00:01  |        4575 |    0 |   0 |
| final_summary           |     1.112 |    1.112 |           |        0 |       60.38 |            |              | 0:00:04  |        4575 |    0 |   0 |
 ------------------------------------------------------------------------------------------------------------------------------------------------------- 
