###############################################################
#  Generated by:      Cadence Innovus 23.35-s106_1
#  OS:                Linux x86_64(Host ID microsys.openstack.polito)
#  Generated on:      Sat Oct 10 22:21:49 2026
#  Design:            boothmul_registered
#  Command:           report_timing -early -max_paths 10 > reports/10_hold_paths.rpt
###############################################################
Path 1: MET Hold Check with Pin p_reg_Y_temp_reg_5_/CK 
Endpoint:   p_reg_Y_temp_reg_5_/D  (v) checked with  leading edge of 'CLK'
Beginpoint: p_reg_Y_temp_reg_5_/QN (^) triggered by  leading edge of 'CLK'
Path Groups: {CLK}
Analysis View: default
Other End Arrival Time          0.050
+ Hold                          0.011
+ Phase Shift                   0.000
- CPPR Adjustment               0.000
+ Uncertainty                   0.050
= Required Time                 0.111
  Arrival Time                  0.160
  Slack Time                    0.050
     Clock Rise Edge                 0.000
     + Clock Network Latency (Prop)  0.071
     = Beginpoint Arrival Time       0.071
     +----------------------------------------------------------------------------+ 
     |      Instance       |     Arc      |   Cell   | Delay | Arrival | Required | 
     |                     |              |          |       |  Time   |   Time   | 
     |---------------------+--------------+----------+-------+---------+----------| 
     | p_reg_Y_temp_reg_5_ | CK ^         |          |       |   0.071 |    0.022 | 
     | p_reg_Y_temp_reg_5_ | CK ^ -> QN ^ | DFF_X1   | 0.077 |   0.148 |    0.098 | 
     | U2288               | B1 ^ -> ZN v | OAI21_X1 | 0.013 |   0.160 |    0.111 | 
     | p_reg_Y_temp_reg_5_ | D v          | DFF_X1   | 0.000 |   0.160 |    0.111 | 
     +----------------------------------------------------------------------------+ 
Path 2: MET Hold Check with Pin p_reg_Y_temp_reg_28_/CK 
Endpoint:   p_reg_Y_temp_reg_28_/D  (v) checked with  leading edge of 'CLK'
Beginpoint: p_reg_Y_temp_reg_28_/QN (^) triggered by  leading edge of 'CLK'
Path Groups: {CLK}
Analysis View: default
Other End Arrival Time          0.046
+ Hold                          0.011
+ Phase Shift                   0.000
- CPPR Adjustment               0.000
+ Uncertainty                   0.050
= Required Time                 0.107
  Arrival Time                  0.157
  Slack Time                    0.050
     Clock Rise Edge                 0.000
     + Clock Network Latency (Prop)  0.068
     = Beginpoint Arrival Time       0.068
     +-----------------------------------------------------------------------------+ 
     |       Instance       |     Arc      |   Cell   | Delay | Arrival | Required | 
     |                      |              |          |       |  Time   |   Time   | 
     |----------------------+--------------+----------+-------+---------+----------| 
     | p_reg_Y_temp_reg_28_ | CK ^         |          |       |   0.068 |    0.018 | 
     | p_reg_Y_temp_reg_28_ | CK ^ -> QN ^ | DFF_X1   | 0.076 |   0.144 |    0.094 | 
     | U2210                | B1 ^ -> ZN v | OAI21_X1 | 0.013 |   0.157 |    0.107 | 
     | p_reg_Y_temp_reg_28_ | D v          | DFF_X1   | 0.000 |   0.157 |    0.107 | 
     +-----------------------------------------------------------------------------+ 
Path 3: MET Hold Check with Pin p_reg_Y_temp_reg_12_/CK 
Endpoint:   p_reg_Y_temp_reg_12_/D  (v) checked with  leading edge of 'CLK'
Beginpoint: p_reg_Y_temp_reg_12_/QN (^) triggered by  leading edge of 'CLK'
Path Groups: {CLK}
Analysis View: default
Other End Arrival Time          0.050
+ Hold                          0.011
+ Phase Shift                   0.000
- CPPR Adjustment               0.000
+ Uncertainty                   0.050
= Required Time                 0.111
  Arrival Time                  0.161
  Slack Time                    0.050
     Clock Rise Edge                 0.000
     + Clock Network Latency (Prop)  0.071
     = Beginpoint Arrival Time       0.071
     +-----------------------------------------------------------------------------+ 
     |       Instance       |     Arc      |   Cell   | Delay | Arrival | Required | 
     |                      |              |          |       |  Time   |   Time   | 
     |----------------------+--------------+----------+-------+---------+----------| 
     | p_reg_Y_temp_reg_12_ | CK ^         |          |       |   0.071 |    0.021 | 
     | p_reg_Y_temp_reg_12_ | CK ^ -> QN ^ | DFF_X1   | 0.077 |   0.148 |    0.098 | 
     | U2265                | B1 ^ -> ZN v | OAI21_X1 | 0.013 |   0.161 |    0.111 | 
     | p_reg_Y_temp_reg_12_ | D v          | DFF_X1   | 0.000 |   0.161 |    0.111 | 
     +-----------------------------------------------------------------------------+ 
Path 4: MET Hold Check with Pin p_reg_Y_temp_reg_7_/CK 
Endpoint:   p_reg_Y_temp_reg_7_/D  (v) checked with  leading edge of 'CLK'
Beginpoint: p_reg_Y_temp_reg_7_/QN (^) triggered by  leading edge of 'CLK'
Path Groups: {CLK}
Analysis View: default
Other End Arrival Time          0.050
+ Hold                          0.011
+ Phase Shift                   0.000
- CPPR Adjustment               0.000
+ Uncertainty                   0.050
= Required Time                 0.111
  Arrival Time                  0.161
  Slack Time                    0.050
     Clock Rise Edge                 0.000
     + Clock Network Latency (Prop)  0.071
     = Beginpoint Arrival Time       0.071
     +----------------------------------------------------------------------------+ 
     |      Instance       |     Arc      |   Cell   | Delay | Arrival | Required | 
     |                     |              |          |       |  Time   |   Time   | 
     |---------------------+--------------+----------+-------+---------+----------| 
     | p_reg_Y_temp_reg_7_ | CK ^         |          |       |   0.071 |    0.021 | 
     | p_reg_Y_temp_reg_7_ | CK ^ -> QN ^ | DFF_X1   | 0.077 |   0.148 |    0.098 | 
     | U2282               | B1 ^ -> ZN v | OAI21_X1 | 0.013 |   0.161 |    0.111 | 
     | p_reg_Y_temp_reg_7_ | D v          | DFF_X1   | 0.000 |   0.161 |    0.111 | 
     +----------------------------------------------------------------------------+ 
Path 5: MET Hold Check with Pin p_reg_Y_temp_reg_24_/CK 
Endpoint:   p_reg_Y_temp_reg_24_/D  (v) checked with  leading edge of 'CLK'
Beginpoint: p_reg_Y_temp_reg_24_/QN (^) triggered by  leading edge of 'CLK'
Path Groups: {CLK}
Analysis View: default
Other End Arrival Time          0.050
+ Hold                          0.011
+ Phase Shift                   0.000
- CPPR Adjustment               0.000
+ Uncertainty                   0.050
= Required Time                 0.111
  Arrival Time                  0.161
  Slack Time                    0.050
     Clock Rise Edge                 0.000
     + Clock Network Latency (Prop)  0.072
     = Beginpoint Arrival Time       0.072
     +-----------------------------------------------------------------------------+ 
     |       Instance       |     Arc      |   Cell   | Delay | Arrival | Required | 
     |                      |              |          |       |  Time   |   Time   | 
     |----------------------+--------------+----------+-------+---------+----------| 
     | p_reg_Y_temp_reg_24_ | CK ^         |          |       |   0.072 |    0.022 | 
     | p_reg_Y_temp_reg_24_ | CK ^ -> QN ^ | DFF_X1   | 0.076 |   0.148 |    0.098 | 
     | U2224                | B1 ^ -> ZN v | OAI21_X1 | 0.013 |   0.161 |    0.111 | 
     | p_reg_Y_temp_reg_24_ | D v          | DFF_X1   | 0.000 |   0.161 |    0.111 | 
     +-----------------------------------------------------------------------------+ 
Path 6: MET Hold Check with Pin p_reg_Y_temp_reg_23_/CK 
Endpoint:   p_reg_Y_temp_reg_23_/D  (v) checked with  leading edge of 'CLK'
Beginpoint: p_reg_Y_temp_reg_23_/QN (^) triggered by  leading edge of 'CLK'
Path Groups: {CLK}
Analysis View: default
Other End Arrival Time          0.050
+ Hold                          0.011
+ Phase Shift                   0.000
- CPPR Adjustment               0.000
+ Uncertainty                   0.050
= Required Time                 0.111
  Arrival Time                  0.161
  Slack Time                    0.050
     Clock Rise Edge                 0.000
     + Clock Network Latency (Prop)  0.072
     = Beginpoint Arrival Time       0.072
     +-----------------------------------------------------------------------------+ 
     |       Instance       |     Arc      |   Cell   | Delay | Arrival | Required | 
     |                      |              |          |       |  Time   |   Time   | 
     |----------------------+--------------+----------+-------+---------+----------| 
     | p_reg_Y_temp_reg_23_ | CK ^         |          |       |   0.072 |    0.022 | 
     | p_reg_Y_temp_reg_23_ | CK ^ -> QN ^ | DFF_X1   | 0.077 |   0.148 |    0.098 | 
     | U2228                | B1 ^ -> ZN v | OAI21_X1 | 0.013 |   0.161 |    0.111 | 
     | p_reg_Y_temp_reg_23_ | D v          | DFF_X1   | 0.000 |   0.161 |    0.111 | 
     +-----------------------------------------------------------------------------+ 
Path 7: MET Hold Check with Pin p_reg_Y_temp_reg_27_/CK 
Endpoint:   p_reg_Y_temp_reg_27_/D  (v) checked with  leading edge of 'CLK'
Beginpoint: p_reg_Y_temp_reg_27_/QN (^) triggered by  leading edge of 'CLK'
Path Groups: {CLK}
Analysis View: default
Other End Arrival Time          0.046
+ Hold                          0.011
+ Phase Shift                   0.000
- CPPR Adjustment               0.000
+ Uncertainty                   0.050
= Required Time                 0.107
  Arrival Time                  0.157
  Slack Time                    0.050
     Clock Rise Edge                 0.000
     + Clock Network Latency (Prop)  0.068
     = Beginpoint Arrival Time       0.068
     +-----------------------------------------------------------------------------+ 
     |       Instance       |     Arc      |   Cell   | Delay | Arrival | Required | 
     |                      |              |          |       |  Time   |   Time   | 
     |----------------------+--------------+----------+-------+---------+----------| 
     | p_reg_Y_temp_reg_27_ | CK ^         |          |       |   0.068 |    0.018 | 
     | p_reg_Y_temp_reg_27_ | CK ^ -> QN ^ | DFF_X1   | 0.077 |   0.144 |    0.094 | 
     | U2214                | B1 ^ -> ZN v | OAI21_X1 | 0.013 |   0.157 |    0.107 | 
     | p_reg_Y_temp_reg_27_ | D v          | DFF_X1   | 0.000 |   0.157 |    0.107 | 
     +-----------------------------------------------------------------------------+ 
Path 8: MET Hold Check with Pin p_reg_Y_temp_reg_25_/CK 
Endpoint:   p_reg_Y_temp_reg_25_/D  (v) checked with  leading edge of 'CLK'
Beginpoint: p_reg_Y_temp_reg_25_/QN (^) triggered by  leading edge of 'CLK'
Path Groups: {CLK}
Analysis View: default
Other End Arrival Time          0.046
+ Hold                          0.011
+ Phase Shift                   0.000
- CPPR Adjustment               0.000
+ Uncertainty                   0.050
= Required Time                 0.107
  Arrival Time                  0.157
  Slack Time                    0.050
     Clock Rise Edge                 0.000
     + Clock Network Latency (Prop)  0.068
     = Beginpoint Arrival Time       0.068
     +-----------------------------------------------------------------------------+ 
     |       Instance       |     Arc      |   Cell   | Delay | Arrival | Required | 
     |                      |              |          |       |  Time   |   Time   | 
     |----------------------+--------------+----------+-------+---------+----------| 
     | p_reg_Y_temp_reg_25_ | CK ^         |          |       |   0.068 |    0.018 | 
     | p_reg_Y_temp_reg_25_ | CK ^ -> QN ^ | DFF_X1   | 0.077 |   0.144 |    0.094 | 
     | U2220                | B1 ^ -> ZN v | OAI21_X1 | 0.013 |   0.157 |    0.107 | 
     | p_reg_Y_temp_reg_25_ | D v          | DFF_X1   | 0.000 |   0.157 |    0.107 | 
     +-----------------------------------------------------------------------------+ 
Path 9: MET Hold Check with Pin p_reg_Y_temp_reg_6_/CK 
Endpoint:   p_reg_Y_temp_reg_6_/D  (v) checked with  leading edge of 'CLK'
Beginpoint: p_reg_Y_temp_reg_6_/QN (^) triggered by  leading edge of 'CLK'
Path Groups: {CLK}
Analysis View: default
Other End Arrival Time          0.050
+ Hold                          0.011
+ Phase Shift                   0.000
- CPPR Adjustment               0.000
+ Uncertainty                   0.050
= Required Time                 0.111
  Arrival Time                  0.161
  Slack Time                    0.050
     Clock Rise Edge                 0.000
     + Clock Network Latency (Prop)  0.071
     = Beginpoint Arrival Time       0.071
     +----------------------------------------------------------------------------+ 
     |      Instance       |     Arc      |   Cell   | Delay | Arrival | Required | 
     |                     |              |          |       |  Time   |   Time   | 
     |---------------------+--------------+----------+-------+---------+----------| 
     | p_reg_Y_temp_reg_6_ | CK ^         |          |       |   0.071 |    0.021 | 
     | p_reg_Y_temp_reg_6_ | CK ^ -> QN ^ | DFF_X1   | 0.077 |   0.148 |    0.098 | 
     | U2285               | B1 ^ -> ZN v | OAI21_X1 | 0.013 |   0.161 |    0.111 | 
     | p_reg_Y_temp_reg_6_ | D v          | DFF_X1   | 0.000 |   0.161 |    0.111 | 
     +----------------------------------------------------------------------------+ 
Path 10: MET Hold Check with Pin p_reg_Y_temp_reg_31_/CK 
Endpoint:   p_reg_Y_temp_reg_31_/D  (v) checked with  leading edge of 'CLK'
Beginpoint: p_reg_Y_temp_reg_31_/QN (^) triggered by  leading edge of 'CLK'
Path Groups: {CLK}
Analysis View: default
Other End Arrival Time          0.046
+ Hold                          0.011
+ Phase Shift                   0.000
- CPPR Adjustment               0.000
+ Uncertainty                   0.050
= Required Time                 0.107
  Arrival Time                  0.157
  Slack Time                    0.050
     Clock Rise Edge                 0.000
     + Clock Network Latency (Prop)  0.068
     = Beginpoint Arrival Time       0.068
     +-----------------------------------------------------------------------------+ 
     |       Instance       |     Arc      |   Cell   | Delay | Arrival | Required | 
     |                      |              |          |       |  Time   |   Time   | 
     |----------------------+--------------+----------+-------+---------+----------| 
     | p_reg_Y_temp_reg_31_ | CK ^         |          |       |   0.068 |    0.018 | 
     | p_reg_Y_temp_reg_31_ | CK ^ -> QN ^ | DFF_X1   | 0.076 |   0.144 |    0.094 | 
     | U2200                | B1 ^ -> ZN v | OAI21_X1 | 0.013 |   0.157 |    0.107 | 
     | p_reg_Y_temp_reg_31_ | D v          | DFF_X1   | 0.000 |   0.157 |    0.107 | 
     +-----------------------------------------------------------------------------+ 

