###############################################################
#  Generated by:      Cadence Innovus 23.35-s106_1
#  OS:                Linux x86_64(Host ID microsys.openstack.polito)
#  Generated on:      Sat Oct 10 20:46:09 2026
#  Design:            boothmul_registered
#  Command:           report_timing -max_paths 10 > reports/10_setup_paths.rpt
###############################################################
Path 1: MET Setup Check with Pin p_reg_Y_temp_reg_46_/CK 
Endpoint:   p_reg_Y_temp_reg_46_/D (v) checked with  leading edge of 'CLK'
Beginpoint: B_reg_Y_temp_reg_29_/Q (^) triggered by  leading edge of 'CLK'
Path Groups: {CLK}
Analysis View: default
Other End Arrival Time          0.066
- Setup                         0.027
+ Phase Shift                   1.783
+ CPPR Adjustment               0.000
- Uncertainty                   0.050
= Required Time                 1.772
- Arrival Time                  1.502
= Slack Time                    0.271
     Clock Rise Edge                 0.000
     + Clock Network Latency (Prop)  0.052
     = Beginpoint Arrival Time       0.052
     +-----------------------------------------------------------------------------+ 
     |       Instance       |     Arc      |   Cell   | Delay | Arrival | Required | 
     |                      |              |          |       |  Time   |   Time   | 
     |----------------------+--------------+----------+-------+---------+----------| 
     | B_reg_Y_temp_reg_29_ | CK ^         |          |       |   0.052 |    0.323 | 
     | B_reg_Y_temp_reg_29_ | CK ^ -> Q ^  | DFF_X1   | 0.128 |   0.181 |    0.451 | 
     | U3391                | A1 ^ -> ZN ^ | OR2_X1   | 0.138 |   0.318 |    0.589 | 
     | U3394                | A1 ^ -> ZN ^ | AND2_X1  | 0.157 |   0.476 |    0.746 | 
     | U4648                | B ^ -> Z ^   | MUX2_X1  | 0.068 |   0.543 |    0.814 | 
     | U4649                | A ^ -> ZN v  | INV_X1   | 0.008 |   0.551 |    0.822 | 
     | U4651                | A1 v -> ZN ^ | NAND2_X1 | 0.024 |   0.576 |    0.846 | 
     | U4852                | B1 ^ -> ZN v | AOI21_X1 | 0.016 |   0.592 |    0.862 | 
     | U4853                | A2 v -> ZN v | OR2_X1   | 0.060 |   0.652 |    0.923 | 
     | U3292                | A1 v -> ZN v | OR2_X1   | 0.047 |   0.699 |    0.969 | 
     | U5036                | A2 v -> ZN ^ | NAND2_X1 | 0.016 |   0.715 |    0.986 | 
     | U5038                | A1 ^ -> ZN v | NAND2_X1 | 0.014 |   0.729 |    1.000 | 
     | U2523                | A2 v -> ZN v | OR2_X1   | 0.053 |   0.782 |    1.052 | 
     | U5103                | A1 v -> ZN ^ | NAND2_X1 | 0.017 |   0.799 |    1.069 | 
     | U5104                | A ^ -> Z ^   | XOR2_X1  | 0.052 |   0.851 |    1.121 | 
     | U3157                | A1 ^ -> ZN ^ | OR2_X1   | 0.033 |   0.883 |    1.154 | 
     | U5109                | A1 ^ -> ZN v | NAND2_X1 | 0.014 |   0.897 |    1.168 | 
     | U5113                | A v -> ZN v  | XNOR2_X1 | 0.040 |   0.938 |    1.208 | 
     | U3126                | A1 v -> ZN v | OR2_X1   | 0.046 |   0.983 |    1.254 | 
     | U5130                | A1 v -> ZN ^ | NAND2_X1 | 0.016 |   1.000 |    1.270 | 
     | U5131                | A ^ -> Z ^   | XOR2_X1  | 0.103 |   1.102 |    1.373 | 
     | U5132                | A1 ^ -> ZN ^ | OR2_X1   | 0.039 |   1.141 |    1.411 | 
     | U5134                | A1 ^ -> ZN v | NOR2_X1  | 0.011 |   1.152 |    1.423 | 
     | U2610                | A1 v -> ZN v | OR2_X1   | 0.053 |   1.205 |    1.476 | 
     | U5337                | A2 v -> ZN ^ | NOR2_X1  | 0.045 |   1.250 |    1.521 | 
     | U6656                | A1 ^ -> ZN ^ | AND4_X1  | 0.057 |   1.307 |    1.578 | 
     | U6657                | A1 ^ -> ZN v | NAND2_X1 | 0.016 |   1.323 |    1.594 | 
     | U6660                | A1 v -> ZN ^ | NAND4_X1 | 0.028 |   1.352 |    1.622 | 
     | U6680                | A1 ^ -> ZN v | NAND2_X1 | 0.036 |   1.387 |    1.658 | 
     | U8096                | A2 v -> ZN v | AND2_X1  | 0.036 |   1.423 |    1.694 | 
     | U8097                | A3 v -> ZN v | OR3_X1   | 0.078 |   1.502 |    1.772 | 
     | p_reg_Y_temp_reg_46_ | D v          | DFFS_X1  | 0.000 |   1.502 |    1.772 | 
     +-----------------------------------------------------------------------------+ 
Path 2: MET Setup Check with Pin p_reg_Y_temp_reg_47_/CK 
Endpoint:   p_reg_Y_temp_reg_47_/D (v) checked with  leading edge of 'CLK'
Beginpoint: B_reg_Y_temp_reg_29_/Q (^) triggered by  leading edge of 'CLK'
Path Groups: {CLK}
Analysis View: default
Other End Arrival Time          0.065
- Setup                         0.027
+ Phase Shift                   1.783
+ CPPR Adjustment               0.000
- Uncertainty                   0.050
= Required Time                 1.771
- Arrival Time                  1.498
= Slack Time                    0.272
     Clock Rise Edge                 0.000
     + Clock Network Latency (Prop)  0.052
     = Beginpoint Arrival Time       0.052
     +-----------------------------------------------------------------------------+ 
     |       Instance       |     Arc      |   Cell   | Delay | Arrival | Required | 
     |                      |              |          |       |  Time   |   Time   | 
     |----------------------+--------------+----------+-------+---------+----------| 
     | B_reg_Y_temp_reg_29_ | CK ^         |          |       |   0.052 |    0.324 | 
     | B_reg_Y_temp_reg_29_ | CK ^ -> Q ^  | DFF_X1   | 0.128 |   0.181 |    0.453 | 
     | U3391                | A1 ^ -> ZN ^ | OR2_X1   | 0.138 |   0.318 |    0.591 | 
     | U3394                | A1 ^ -> ZN ^ | AND2_X1  | 0.157 |   0.476 |    0.748 | 
     | U4648                | B ^ -> Z ^   | MUX2_X1  | 0.068 |   0.543 |    0.816 | 
     | U4649                | A ^ -> ZN v  | INV_X1   | 0.008 |   0.551 |    0.824 | 
     | U4651                | A1 v -> ZN ^ | NAND2_X1 | 0.024 |   0.576 |    0.848 | 
     | U4852                | B1 ^ -> ZN v | AOI21_X1 | 0.016 |   0.592 |    0.864 | 
     | U4853                | A2 v -> ZN v | OR2_X1   | 0.060 |   0.652 |    0.924 | 
     | U3292                | A1 v -> ZN v | OR2_X1   | 0.047 |   0.699 |    0.971 | 
     | U5036                | A2 v -> ZN ^ | NAND2_X1 | 0.016 |   0.715 |    0.987 | 
     | U5038                | A1 ^ -> ZN v | NAND2_X1 | 0.014 |   0.729 |    1.001 | 
     | U2523                | A2 v -> ZN v | OR2_X1   | 0.053 |   0.782 |    1.054 | 
     | U5103                | A1 v -> ZN ^ | NAND2_X1 | 0.017 |   0.799 |    1.071 | 
     | U5104                | A ^ -> Z ^   | XOR2_X1  | 0.052 |   0.851 |    1.123 | 
     | U3157                | A1 ^ -> ZN ^ | OR2_X1   | 0.033 |   0.883 |    1.156 | 
     | U5109                | A1 ^ -> ZN v | NAND2_X1 | 0.014 |   0.897 |    1.170 | 
     | U5113                | A v -> ZN v  | XNOR2_X1 | 0.040 |   0.938 |    1.210 | 
     | U3126                | A1 v -> ZN v | OR2_X1   | 0.046 |   0.983 |    1.256 | 
     | U5130                | A1 v -> ZN ^ | NAND2_X1 | 0.016 |   1.000 |    1.272 | 
     | U5131                | A ^ -> Z ^   | XOR2_X1  | 0.103 |   1.102 |    1.374 | 
     | U5132                | A1 ^ -> ZN ^ | OR2_X1   | 0.039 |   1.141 |    1.413 | 
     | U5134                | A1 ^ -> ZN v | NOR2_X1  | 0.011 |   1.152 |    1.424 | 
     | U2610                | A1 v -> ZN v | OR2_X1   | 0.053 |   1.205 |    1.477 | 
     | U5337                | A2 v -> ZN ^ | NOR2_X1  | 0.045 |   1.250 |    1.522 | 
     | U6656                | A1 ^ -> ZN ^ | AND4_X1  | 0.057 |   1.307 |    1.579 | 
     | U6657                | A1 ^ -> ZN v | NAND2_X1 | 0.016 |   1.323 |    1.596 | 
     | U6660                | A1 v -> ZN ^ | NAND4_X1 | 0.028 |   1.352 |    1.624 | 
     | U6680                | A1 ^ -> ZN v | NAND2_X1 | 0.036 |   1.387 |    1.660 | 
     | U8100                | A1 v -> ZN v | AND2_X1  | 0.034 |   1.421 |    1.693 | 
     | U8101                | A3 v -> ZN v | OR3_X1   | 0.077 |   1.498 |    1.771 | 
     | p_reg_Y_temp_reg_47_ | D v          | DFF_X1   | 0.000 |   1.498 |    1.771 | 
     +-----------------------------------------------------------------------------+ 
Path 3: MET Setup Check with Pin p_reg_Y_temp_reg_44_/CK 
Endpoint:   p_reg_Y_temp_reg_44_/D (^) checked with  leading edge of 'CLK'
Beginpoint: B_reg_Y_temp_reg_29_/Q (^) triggered by  leading edge of 'CLK'
Path Groups: {CLK}
Analysis View: default
Other End Arrival Time          0.069
- Setup                         0.025
+ Phase Shift                   1.783
+ CPPR Adjustment               0.000
- Uncertainty                   0.050
= Required Time                 1.777
- Arrival Time                  1.501
= Slack Time                    0.276
     Clock Rise Edge                 0.000
     + Clock Network Latency (Prop)  0.052
     = Beginpoint Arrival Time       0.052
     +-----------------------------------------------------------------------------+ 
     |       Instance       |     Arc      |   Cell   | Delay | Arrival | Required | 
     |                      |              |          |       |  Time   |   Time   | 
     |----------------------+--------------+----------+-------+---------+----------| 
     | B_reg_Y_temp_reg_29_ | CK ^         |          |       |   0.052 |    0.328 | 
     | B_reg_Y_temp_reg_29_ | CK ^ -> Q ^  | DFF_X1   | 0.128 |   0.181 |    0.456 | 
     | U3391                | A1 ^ -> ZN ^ | OR2_X1   | 0.138 |   0.318 |    0.594 | 
     | U3394                | A1 ^ -> ZN ^ | AND2_X1  | 0.157 |   0.476 |    0.752 | 
     | U4648                | B ^ -> Z ^   | MUX2_X1  | 0.068 |   0.543 |    0.819 | 
     | U4649                | A ^ -> ZN v  | INV_X1   | 0.008 |   0.551 |    0.827 | 
     | U4651                | A1 v -> ZN ^ | NAND2_X1 | 0.024 |   0.576 |    0.852 | 
     | U4852                | B1 ^ -> ZN v | AOI21_X1 | 0.016 |   0.592 |    0.868 | 
     | U4853                | A2 v -> ZN v | OR2_X1   | 0.060 |   0.652 |    0.928 | 
     | U3292                | A1 v -> ZN v | OR2_X1   | 0.047 |   0.699 |    0.974 | 
     | U5036                | A2 v -> ZN ^ | NAND2_X1 | 0.016 |   0.715 |    0.991 | 
     | U5038                | A1 ^ -> ZN v | NAND2_X1 | 0.014 |   0.729 |    1.005 | 
     | U2523                | A2 v -> ZN v | OR2_X1   | 0.053 |   0.782 |    1.058 | 
     | U5103                | A1 v -> ZN ^ | NAND2_X1 | 0.017 |   0.799 |    1.075 | 
     | U5104                | A ^ -> Z ^   | XOR2_X1  | 0.052 |   0.851 |    1.127 | 
     | U3157                | A1 ^ -> ZN ^ | OR2_X1   | 0.033 |   0.883 |    1.159 | 
     | U5109                | A1 ^ -> ZN v | NAND2_X1 | 0.014 |   0.897 |    1.173 | 
     | U5113                | A v -> ZN v  | XNOR2_X1 | 0.040 |   0.938 |    1.214 | 
     | U3126                | A1 v -> ZN v | OR2_X1   | 0.046 |   0.983 |    1.259 | 
     | U5130                | A1 v -> ZN ^ | NAND2_X1 | 0.016 |   1.000 |    1.275 | 
     | U5131                | A ^ -> Z ^   | XOR2_X1  | 0.103 |   1.102 |    1.378 | 
     | U5132                | A1 ^ -> ZN ^ | OR2_X1   | 0.039 |   1.141 |    1.416 | 
     | U5134                | A1 ^ -> ZN v | NOR2_X1  | 0.011 |   1.152 |    1.428 | 
     | U2610                | A1 v -> ZN v | OR2_X1   | 0.053 |   1.205 |    1.481 | 
     | U5337                | A2 v -> ZN ^ | NOR2_X1  | 0.045 |   1.250 |    1.526 | 
     | U6656                | A1 ^ -> ZN ^ | AND4_X1  | 0.057 |   1.307 |    1.583 | 
     | U6657                | A1 ^ -> ZN v | NAND2_X1 | 0.016 |   1.323 |    1.599 | 
     | U6660                | A1 v -> ZN ^ | NAND4_X1 | 0.028 |   1.352 |    1.627 | 
     | U6680                | A1 ^ -> ZN v | NAND2_X1 | 0.036 |   1.387 |    1.663 | 
     | U7650                | A v -> ZN v  | XNOR2_X1 | 0.048 |   1.435 |    1.711 | 
     | U8086                | A2 v -> ZN ^ | NOR2_X1  | 0.036 |   1.471 |    1.747 | 
     | U8087                | A1 ^ -> ZN ^ | OR2_X1   | 0.030 |   1.501 |    1.777 | 
     | p_reg_Y_temp_reg_44_ | D ^          | DFFS_X1  | 0.000 |   1.501 |    1.777 | 
     +-----------------------------------------------------------------------------+ 
Path 4: MET Setup Check with Pin p_reg_Y_temp_reg_50_/CK 
Endpoint:   p_reg_Y_temp_reg_50_/D (^) checked with  leading edge of 'CLK'
Beginpoint: B_reg_Y_temp_reg_29_/Q (^) triggered by  leading edge of 'CLK'
Path Groups: {CLK}
Analysis View: default
Other End Arrival Time          0.068
- Setup                         0.025
+ Phase Shift                   1.783
+ CPPR Adjustment               0.000
- Uncertainty                   0.050
= Required Time                 1.776
- Arrival Time                  1.493
= Slack Time                    0.283
     Clock Rise Edge                 0.000
     + Clock Network Latency (Prop)  0.052
     = Beginpoint Arrival Time       0.052
     +-----------------------------------------------------------------------------+ 
     |       Instance       |     Arc      |   Cell   | Delay | Arrival | Required | 
     |                      |              |          |       |  Time   |   Time   | 
     |----------------------+--------------+----------+-------+---------+----------| 
     | B_reg_Y_temp_reg_29_ | CK ^         |          |       |   0.052 |    0.335 | 
     | B_reg_Y_temp_reg_29_ | CK ^ -> Q ^  | DFF_X1   | 0.128 |   0.181 |    0.464 | 
     | U3391                | A1 ^ -> ZN ^ | OR2_X1   | 0.138 |   0.318 |    0.601 | 
     | U3394                | A1 ^ -> ZN ^ | AND2_X1  | 0.157 |   0.476 |    0.759 | 
     | U4648                | B ^ -> Z ^   | MUX2_X1  | 0.068 |   0.543 |    0.826 | 
     | U4649                | A ^ -> ZN v  | INV_X1   | 0.008 |   0.551 |    0.834 | 
     | U4651                | A1 v -> ZN ^ | NAND2_X1 | 0.024 |   0.576 |    0.859 | 
     | U4852                | B1 ^ -> ZN v | AOI21_X1 | 0.016 |   0.592 |    0.875 | 
     | U4853                | A2 v -> ZN v | OR2_X1   | 0.060 |   0.652 |    0.935 | 
     | U3292                | A1 v -> ZN v | OR2_X1   | 0.047 |   0.699 |    0.982 | 
     | U5036                | A2 v -> ZN ^ | NAND2_X1 | 0.016 |   0.715 |    0.998 | 
     | U5038                | A1 ^ -> ZN v | NAND2_X1 | 0.014 |   0.729 |    1.012 | 
     | U2523                | A2 v -> ZN v | OR2_X1   | 0.053 |   0.782 |    1.065 | 
     | U5103                | A1 v -> ZN ^ | NAND2_X1 | 0.017 |   0.799 |    1.082 | 
     | U5104                | A ^ -> Z ^   | XOR2_X1  | 0.052 |   0.851 |    1.134 | 
     | U3157                | A1 ^ -> ZN ^ | OR2_X1   | 0.033 |   0.883 |    1.166 | 
     | U5109                | A1 ^ -> ZN v | NAND2_X1 | 0.014 |   0.897 |    1.181 | 
     | U5113                | A v -> ZN v  | XNOR2_X1 | 0.040 |   0.938 |    1.221 | 
     | U3126                | A1 v -> ZN v | OR2_X1   | 0.046 |   0.983 |    1.266 | 
     | U5130                | A1 v -> ZN ^ | NAND2_X1 | 0.016 |   1.000 |    1.283 | 
     | U5131                | A ^ -> Z ^   | XOR2_X1  | 0.103 |   1.102 |    1.385 | 
     | U5132                | A1 ^ -> ZN ^ | OR2_X1   | 0.039 |   1.141 |    1.424 | 
     | U5134                | A1 ^ -> ZN v | NOR2_X1  | 0.011 |   1.152 |    1.435 | 
     | U2610                | A1 v -> ZN v | OR2_X1   | 0.053 |   1.205 |    1.488 | 
     | U5337                | A2 v -> ZN ^ | NOR2_X1  | 0.045 |   1.250 |    1.533 | 
     | U6656                | A1 ^ -> ZN ^ | AND4_X1  | 0.057 |   1.307 |    1.590 | 
     | U6657                | A1 ^ -> ZN v | NAND2_X1 | 0.016 |   1.323 |    1.607 | 
     | U6660                | A1 v -> ZN ^ | NAND4_X1 | 0.028 |   1.352 |    1.635 | 
     | U6662                | A1 ^ -> ZN v | NAND2_X1 | 0.024 |   1.375 |    1.658 | 
     | U6667                | A1 v -> ZN ^ | NAND4_X1 | 0.038 |   1.413 |    1.696 | 
     | U6682                | A ^ -> ZN ^  | XNOR2_X1 | 0.047 |   1.460 |    1.743 | 
     | U6683                | A1 ^ -> ZN v | NAND2_X1 | 0.016 |   1.476 |    1.760 | 
     | U7677                | A1 v -> ZN ^ | NAND2_X1 | 0.017 |   1.493 |    1.776 | 
     | p_reg_Y_temp_reg_50_ | D ^          | DFFS_X1  | 0.000 |   1.493 |    1.776 | 
     +-----------------------------------------------------------------------------+ 
Path 5: MET Setup Check with Pin p_reg_Y_temp_reg_51_/CK 
Endpoint:   p_reg_Y_temp_reg_51_/D (^) checked with  leading edge of 'CLK'
Beginpoint: B_reg_Y_temp_reg_29_/Q (^) triggered by  leading edge of 'CLK'
Path Groups: {CLK}
Analysis View: default
Other End Arrival Time          0.068
- Setup                         0.029
+ Phase Shift                   1.783
+ CPPR Adjustment               0.000
- Uncertainty                   0.050
= Required Time                 1.772
- Arrival Time                  1.477
= Slack Time                    0.295
     Clock Rise Edge                 0.000
     + Clock Network Latency (Prop)  0.052
     = Beginpoint Arrival Time       0.052
     +------------------------------------------------------------------------------+ 
     |       Instance       |     Arc      |   Cell    | Delay | Arrival | Required | 
     |                      |              |           |       |  Time   |   Time   | 
     |----------------------+--------------+-----------+-------+---------+----------| 
     | B_reg_Y_temp_reg_29_ | CK ^         |           |       |   0.052 |    0.348 | 
     | B_reg_Y_temp_reg_29_ | CK ^ -> Q ^  | DFF_X1    | 0.128 |   0.181 |    0.476 | 
     | U3391                | A1 ^ -> ZN ^ | OR2_X1    | 0.138 |   0.318 |    0.614 | 
     | U3394                | A1 ^ -> ZN ^ | AND2_X1   | 0.157 |   0.476 |    0.771 | 
     | U4648                | B ^ -> Z ^   | MUX2_X1   | 0.068 |   0.543 |    0.839 | 
     | U4649                | A ^ -> ZN v  | INV_X1    | 0.008 |   0.551 |    0.847 | 
     | U4651                | A1 v -> ZN ^ | NAND2_X1  | 0.024 |   0.576 |    0.871 | 
     | U4852                | B1 ^ -> ZN v | AOI21_X1  | 0.016 |   0.592 |    0.887 | 
     | U4853                | A2 v -> ZN v | OR2_X1    | 0.060 |   0.652 |    0.947 | 
     | U3292                | A1 v -> ZN v | OR2_X1    | 0.047 |   0.699 |    0.994 | 
     | U5036                | A2 v -> ZN ^ | NAND2_X1  | 0.016 |   0.715 |    1.010 | 
     | U5038                | A1 ^ -> ZN v | NAND2_X1  | 0.014 |   0.729 |    1.025 | 
     | U2523                | A2 v -> ZN v | OR2_X1    | 0.053 |   0.782 |    1.077 | 
     | U5103                | A1 v -> ZN ^ | NAND2_X1  | 0.017 |   0.799 |    1.094 | 
     | U5104                | A ^ -> Z ^   | XOR2_X1   | 0.052 |   0.851 |    1.146 | 
     | U3157                | A1 ^ -> ZN ^ | OR2_X1    | 0.033 |   0.883 |    1.179 | 
     | U5109                | A1 ^ -> ZN v | NAND2_X1  | 0.014 |   0.897 |    1.193 | 
     | U5113                | A v -> ZN v  | XNOR2_X1  | 0.040 |   0.938 |    1.233 | 
     | U3126                | A1 v -> ZN v | OR2_X1    | 0.046 |   0.983 |    1.279 | 
     | U5130                | A1 v -> ZN ^ | NAND2_X1  | 0.016 |   1.000 |    1.295 | 
     | U5131                | A ^ -> Z ^   | XOR2_X1   | 0.103 |   1.102 |    1.398 | 
     | U5132                | A1 ^ -> ZN ^ | OR2_X1    | 0.039 |   1.141 |    1.436 | 
     | U5134                | A1 ^ -> ZN v | NOR2_X1   | 0.011 |   1.152 |    1.447 | 
     | U2610                | A1 v -> ZN v | OR2_X1    | 0.053 |   1.205 |    1.500 | 
     | U5337                | A2 v -> ZN ^ | NOR2_X1   | 0.045 |   1.250 |    1.546 | 
     | U6656                | A1 ^ -> ZN ^ | AND4_X1   | 0.057 |   1.307 |    1.603 | 
     | U6657                | A1 ^ -> ZN v | NAND2_X1  | 0.016 |   1.323 |    1.619 | 
     | U6660                | A1 v -> ZN ^ | NAND4_X1  | 0.028 |   1.352 |    1.647 | 
     | U6662                | A1 ^ -> ZN v | NAND2_X1  | 0.024 |   1.375 |    1.671 | 
     | U6667                | A1 v -> ZN ^ | NAND4_X1  | 0.038 |   1.413 |    1.708 | 
     | U7955                | A1 ^ -> ZN ^ | AND2_X1   | 0.038 |   1.451 |    1.747 | 
     | U6687                | A ^ -> ZN v  | INV_X1    | 0.007 |   1.458 |    1.754 | 
     | U7671                | A v -> ZN ^  | OAI211_X1 | 0.018 |   1.476 |    1.772 | 
     | p_reg_Y_temp_reg_51_ | D ^          | DFF_X1    | 0.000 |   1.477 |    1.772 | 
     +------------------------------------------------------------------------------+ 
Path 6: MET Setup Check with Pin p_reg_Y_temp_reg_54_/CK 
Endpoint:   p_reg_Y_temp_reg_54_/D (^) checked with  leading edge of 'CLK'
Beginpoint: B_reg_Y_temp_reg_29_/Q (^) triggered by  leading edge of 'CLK'
Path Groups: {CLK}
Analysis View: default
Other End Arrival Time          0.068
- Setup                         0.028
+ Phase Shift                   1.783
+ CPPR Adjustment               0.000
- Uncertainty                   0.050
= Required Time                 1.774
- Arrival Time                  1.477
= Slack Time                    0.297
     Clock Rise Edge                 0.000
     + Clock Network Latency (Prop)  0.052
     = Beginpoint Arrival Time       0.052
     +-----------------------------------------------------------------------------+ 
     |       Instance       |     Arc      |   Cell   | Delay | Arrival | Required | 
     |                      |              |          |       |  Time   |   Time   | 
     |----------------------+--------------+----------+-------+---------+----------| 
     | B_reg_Y_temp_reg_29_ | CK ^         |          |       |   0.052 |    0.349 | 
     | B_reg_Y_temp_reg_29_ | CK ^ -> Q ^  | DFF_X1   | 0.128 |   0.181 |    0.477 | 
     | U3391                | A1 ^ -> ZN ^ | OR2_X1   | 0.138 |   0.318 |    0.615 | 
     | U3394                | A1 ^ -> ZN ^ | AND2_X1  | 0.157 |   0.476 |    0.773 | 
     | U4648                | B ^ -> Z ^   | MUX2_X1  | 0.068 |   0.543 |    0.840 | 
     | U4649                | A ^ -> ZN v  | INV_X1   | 0.008 |   0.551 |    0.848 | 
     | U4651                | A1 v -> ZN ^ | NAND2_X1 | 0.024 |   0.576 |    0.873 | 
     | U4852                | B1 ^ -> ZN v | AOI21_X1 | 0.016 |   0.592 |    0.889 | 
     | U4853                | A2 v -> ZN v | OR2_X1   | 0.060 |   0.652 |    0.949 | 
     | U3292                | A1 v -> ZN v | OR2_X1   | 0.047 |   0.699 |    0.995 | 
     | U5036                | A2 v -> ZN ^ | NAND2_X1 | 0.016 |   0.715 |    1.012 | 
     | U5038                | A1 ^ -> ZN v | NAND2_X1 | 0.014 |   0.729 |    1.026 | 
     | U2523                | A2 v -> ZN v | OR2_X1   | 0.053 |   0.782 |    1.079 | 
     | U5103                | A1 v -> ZN ^ | NAND2_X1 | 0.017 |   0.799 |    1.096 | 
     | U5104                | A ^ -> Z ^   | XOR2_X1  | 0.052 |   0.851 |    1.148 | 
     | U3157                | A1 ^ -> ZN ^ | OR2_X1   | 0.033 |   0.883 |    1.180 | 
     | U5109                | A1 ^ -> ZN v | NAND2_X1 | 0.014 |   0.897 |    1.194 | 
     | U5113                | A v -> ZN v  | XNOR2_X1 | 0.040 |   0.938 |    1.235 | 
     | U3126                | A1 v -> ZN v | OR2_X1   | 0.046 |   0.983 |    1.280 | 
     | U5130                | A1 v -> ZN ^ | NAND2_X1 | 0.016 |   1.000 |    1.296 | 
     | U5131                | A ^ -> Z ^   | XOR2_X1  | 0.103 |   1.102 |    1.399 | 
     | U5132                | A1 ^ -> ZN ^ | OR2_X1   | 0.039 |   1.141 |    1.437 | 
     | U5134                | A1 ^ -> ZN v | NOR2_X1  | 0.011 |   1.152 |    1.449 | 
     | U2610                | A1 v -> ZN v | OR2_X1   | 0.053 |   1.205 |    1.502 | 
     | U5337                | A2 v -> ZN ^ | NOR2_X1  | 0.045 |   1.250 |    1.547 | 
     | U5338                | A2 ^ -> ZN ^ | AND3_X1  | 0.053 |   1.303 |    1.600 | 
     | U6549                | A1 ^ -> ZN ^ | AND2_X1  | 0.034 |   1.337 |    1.634 | 
     | U3141                | A2 ^ -> ZN ^ | OR2_X1   | 0.040 |   1.378 |    1.675 | 
     | U7373                | A1 ^ -> ZN v | NAND2_X1 | 0.030 |   1.407 |    1.704 | 
     | U7824                | A2 v -> ZN v | OR2_X1   | 0.053 |   1.460 |    1.757 | 
     | U7822                | A1 v -> ZN ^ | NAND4_X1 | 0.017 |   1.477 |    1.774 | 
     | p_reg_Y_temp_reg_54_ | D ^          | DFF_X1   | 0.000 |   1.477 |    1.774 | 
     +-----------------------------------------------------------------------------+ 
Path 7: MET Setup Check with Pin p_reg_Y_temp_reg_62_/CK 
Endpoint:   p_reg_Y_temp_reg_62_/D (^) checked with  leading edge of 'CLK'
Beginpoint: B_reg_Y_temp_reg_29_/Q (^) triggered by  leading edge of 'CLK'
Path Groups: {CLK}
Analysis View: default
Other End Arrival Time          0.068
- Setup                         0.028
+ Phase Shift                   1.783
+ CPPR Adjustment               0.000
- Uncertainty                   0.050
= Required Time                 1.773
- Arrival Time                  1.476
= Slack Time                    0.297
     Clock Rise Edge                 0.000
     + Clock Network Latency (Prop)  0.052
     = Beginpoint Arrival Time       0.052
     +------------------------------------------------------------------------------+ 
     |       Instance       |     Arc      |   Cell    | Delay | Arrival | Required | 
     |                      |              |           |       |  Time   |   Time   | 
     |----------------------+--------------+-----------+-------+---------+----------| 
     | B_reg_Y_temp_reg_29_ | CK ^         |           |       |   0.052 |    0.349 | 
     | B_reg_Y_temp_reg_29_ | CK ^ -> Q ^  | DFF_X1    | 0.128 |   0.181 |    0.477 | 
     | U3391                | A1 ^ -> ZN ^ | OR2_X1    | 0.138 |   0.318 |    0.615 | 
     | U3394                | A1 ^ -> ZN ^ | AND2_X1   | 0.157 |   0.476 |    0.773 | 
     | U4648                | B ^ -> Z ^   | MUX2_X1   | 0.068 |   0.543 |    0.840 | 
     | U4649                | A ^ -> ZN v  | INV_X1    | 0.008 |   0.551 |    0.848 | 
     | U4651                | A1 v -> ZN ^ | NAND2_X1  | 0.024 |   0.576 |    0.873 | 
     | U4852                | B1 ^ -> ZN v | AOI21_X1  | 0.016 |   0.592 |    0.889 | 
     | U4853                | A2 v -> ZN v | OR2_X1    | 0.060 |   0.652 |    0.949 | 
     | U3292                | A1 v -> ZN v | OR2_X1    | 0.047 |   0.699 |    0.995 | 
     | U5036                | A2 v -> ZN ^ | NAND2_X1  | 0.016 |   0.715 |    1.012 | 
     | U5038                | A1 ^ -> ZN v | NAND2_X1  | 0.014 |   0.729 |    1.026 | 
     | U2523                | A2 v -> ZN v | OR2_X1    | 0.053 |   0.782 |    1.079 | 
     | U5103                | A1 v -> ZN ^ | NAND2_X1  | 0.017 |   0.799 |    1.096 | 
     | U5104                | A ^ -> Z ^   | XOR2_X1   | 0.052 |   0.851 |    1.148 | 
     | U3157                | A1 ^ -> ZN ^ | OR2_X1    | 0.033 |   0.883 |    1.180 | 
     | U5109                | A1 ^ -> ZN v | NAND2_X1  | 0.014 |   0.897 |    1.194 | 
     | U5113                | A v -> ZN v  | XNOR2_X1  | 0.040 |   0.938 |    1.235 | 
     | U3126                | A1 v -> ZN v | OR2_X1    | 0.046 |   0.983 |    1.280 | 
     | U5130                | A1 v -> ZN ^ | NAND2_X1  | 0.016 |   1.000 |    1.296 | 
     | U5131                | A ^ -> Z ^   | XOR2_X1   | 0.103 |   1.102 |    1.399 | 
     | U5132                | A1 ^ -> ZN ^ | OR2_X1    | 0.039 |   1.141 |    1.437 | 
     | U5134                | A1 ^ -> ZN v | NOR2_X1   | 0.011 |   1.152 |    1.449 | 
     | U2610                | A1 v -> ZN v | OR2_X1    | 0.053 |   1.205 |    1.502 | 
     | U5337                | A2 v -> ZN ^ | NOR2_X1   | 0.045 |   1.250 |    1.547 | 
     | U5338                | A2 ^ -> ZN ^ | AND3_X1   | 0.053 |   1.303 |    1.600 | 
     | U6549                | A1 ^ -> ZN ^ | AND2_X1   | 0.034 |   1.337 |    1.634 | 
     | U3141                | A2 ^ -> ZN ^ | OR2_X1    | 0.040 |   1.378 |    1.675 | 
     | U6550                | A2 ^ -> ZN v | NOR2_X1   | 0.021 |   1.398 |    1.695 | 
     | U2876                | A2 v -> ZN v | OR2_X1    | 0.050 |   1.448 |    1.745 | 
     | U3183                | C1 v -> ZN ^ | OAI211_X1 | 0.028 |   1.476 |    1.773 | 
     | p_reg_Y_temp_reg_62_ | D ^          | DFFS_X1   | 0.000 |   1.476 |    1.773 | 
     +------------------------------------------------------------------------------+ 
Path 8: MET Setup Check with Pin p_reg_Y_temp_reg_57_/CK 
Endpoint:   p_reg_Y_temp_reg_57_/D (^) checked with  leading edge of 'CLK'
Beginpoint: B_reg_Y_temp_reg_29_/Q (^) triggered by  leading edge of 'CLK'
Path Groups: {CLK}
Analysis View: default
Other End Arrival Time          0.068
- Setup                         0.027
+ Phase Shift                   1.783
+ CPPR Adjustment               0.000
- Uncertainty                   0.050
= Required Time                 1.775
- Arrival Time                  1.476
= Slack Time                    0.299
     Clock Rise Edge                 0.000
     + Clock Network Latency (Prop)  0.052
     = Beginpoint Arrival Time       0.052
     +------------------------------------------------------------------------------+ 
     |       Instance       |     Arc      |   Cell    | Delay | Arrival | Required | 
     |                      |              |           |       |  Time   |   Time   | 
     |----------------------+--------------+-----------+-------+---------+----------| 
     | B_reg_Y_temp_reg_29_ | CK ^         |           |       |   0.052 |    0.351 | 
     | B_reg_Y_temp_reg_29_ | CK ^ -> Q ^  | DFF_X1    | 0.128 |   0.181 |    0.479 | 
     | U3391                | A1 ^ -> ZN ^ | OR2_X1    | 0.138 |   0.318 |    0.617 | 
     | U3394                | A1 ^ -> ZN ^ | AND2_X1   | 0.157 |   0.476 |    0.774 | 
     | U4648                | B ^ -> Z ^   | MUX2_X1   | 0.068 |   0.543 |    0.842 | 
     | U4649                | A ^ -> ZN v  | INV_X1    | 0.008 |   0.551 |    0.850 | 
     | U4651                | A1 v -> ZN ^ | NAND2_X1  | 0.024 |   0.576 |    0.874 | 
     | U4852                | B1 ^ -> ZN v | AOI21_X1  | 0.016 |   0.592 |    0.890 | 
     | U4853                | A2 v -> ZN v | OR2_X1    | 0.060 |   0.652 |    0.950 | 
     | U3292                | A1 v -> ZN v | OR2_X1    | 0.047 |   0.699 |    0.997 | 
     | U5036                | A2 v -> ZN ^ | NAND2_X1  | 0.016 |   0.715 |    1.013 | 
     | U5038                | A1 ^ -> ZN v | NAND2_X1  | 0.014 |   0.729 |    1.028 | 
     | U2523                | A2 v -> ZN v | OR2_X1    | 0.053 |   0.782 |    1.080 | 
     | U5103                | A1 v -> ZN ^ | NAND2_X1  | 0.017 |   0.799 |    1.097 | 
     | U5104                | A ^ -> Z ^   | XOR2_X1   | 0.052 |   0.851 |    1.149 | 
     | U3157                | A1 ^ -> ZN ^ | OR2_X1    | 0.033 |   0.883 |    1.182 | 
     | U5109                | A1 ^ -> ZN v | NAND2_X1  | 0.014 |   0.897 |    1.196 | 
     | U5113                | A v -> ZN v  | XNOR2_X1  | 0.040 |   0.938 |    1.236 | 
     | U3126                | A1 v -> ZN v | OR2_X1    | 0.046 |   0.983 |    1.282 | 
     | U5130                | A1 v -> ZN ^ | NAND2_X1  | 0.016 |   1.000 |    1.298 | 
     | U5131                | A ^ -> Z ^   | XOR2_X1   | 0.103 |   1.102 |    1.401 | 
     | U5132                | A1 ^ -> ZN ^ | OR2_X1    | 0.039 |   1.141 |    1.439 | 
     | U5134                | A1 ^ -> ZN v | NOR2_X1   | 0.011 |   1.152 |    1.450 | 
     | U2610                | A1 v -> ZN v | OR2_X1    | 0.053 |   1.205 |    1.503 | 
     | U5337                | A2 v -> ZN ^ | NOR2_X1   | 0.045 |   1.250 |    1.549 | 
     | U5338                | A2 ^ -> ZN ^ | AND3_X1   | 0.053 |   1.303 |    1.601 | 
     | U6549                | A1 ^ -> ZN ^ | AND2_X1   | 0.034 |   1.337 |    1.636 | 
     | U3141                | A2 ^ -> ZN ^ | OR2_X1    | 0.040 |   1.378 |    1.676 | 
     | U3108                | A1 ^ -> ZN ^ | AND2_X1   | 0.053 |   1.431 |    1.730 | 
     | U8113                | C2 ^ -> ZN v | OAI211_X1 | 0.027 |   1.458 |    1.757 | 
     | U8114                | A1 v -> ZN ^ | NAND2_X1  | 0.018 |   1.476 |    1.775 | 
     | p_reg_Y_temp_reg_57_ | D ^          | DFF_X1    | 0.000 |   1.476 |    1.775 | 
     +------------------------------------------------------------------------------+ 
Path 9: MET Setup Check with Pin p_reg_Y_temp_reg_59_/CK 
Endpoint:   p_reg_Y_temp_reg_59_/D (^) checked with  leading edge of 'CLK'
Beginpoint: B_reg_Y_temp_reg_29_/Q (^) triggered by  leading edge of 'CLK'
Path Groups: {CLK}
Analysis View: default
Other End Arrival Time          0.068
- Setup                         0.029
+ Phase Shift                   1.783
+ CPPR Adjustment               0.000
- Uncertainty                   0.050
= Required Time                 1.772
- Arrival Time                  1.468
= Slack Time                    0.304
     Clock Rise Edge                 0.000
     + Clock Network Latency (Prop)  0.052
     = Beginpoint Arrival Time       0.052
     +------------------------------------------------------------------------------+ 
     |       Instance       |     Arc      |   Cell    | Delay | Arrival | Required | 
     |                      |              |           |       |  Time   |   Time   | 
     |----------------------+--------------+-----------+-------+---------+----------| 
     | B_reg_Y_temp_reg_29_ | CK ^         |           |       |   0.052 |    0.356 | 
     | B_reg_Y_temp_reg_29_ | CK ^ -> Q ^  | DFF_X1    | 0.128 |   0.181 |    0.484 | 
     | U3391                | A1 ^ -> ZN ^ | OR2_X1    | 0.138 |   0.318 |    0.622 | 
     | U3394                | A1 ^ -> ZN ^ | AND2_X1   | 0.157 |   0.476 |    0.779 | 
     | U4648                | B ^ -> Z ^   | MUX2_X1   | 0.068 |   0.543 |    0.847 | 
     | U4649                | A ^ -> ZN v  | INV_X1    | 0.008 |   0.551 |    0.855 | 
     | U4651                | A1 v -> ZN ^ | NAND2_X1  | 0.024 |   0.576 |    0.879 | 
     | U4852                | B1 ^ -> ZN v | AOI21_X1  | 0.016 |   0.592 |    0.895 | 
     | U4853                | A2 v -> ZN v | OR2_X1    | 0.060 |   0.652 |    0.956 | 
     | U3292                | A1 v -> ZN v | OR2_X1    | 0.047 |   0.699 |    1.002 | 
     | U5036                | A2 v -> ZN ^ | NAND2_X1  | 0.016 |   0.715 |    1.019 | 
     | U5038                | A1 ^ -> ZN v | NAND2_X1  | 0.014 |   0.729 |    1.033 | 
     | U2523                | A2 v -> ZN v | OR2_X1    | 0.053 |   0.782 |    1.085 | 
     | U5103                | A1 v -> ZN ^ | NAND2_X1  | 0.017 |   0.799 |    1.102 | 
     | U5104                | A ^ -> Z ^   | XOR2_X1   | 0.052 |   0.851 |    1.154 | 
     | U3157                | A1 ^ -> ZN ^ | OR2_X1    | 0.033 |   0.883 |    1.187 | 
     | U5109                | A1 ^ -> ZN v | NAND2_X1  | 0.014 |   0.897 |    1.201 | 
     | U5113                | A v -> ZN v  | XNOR2_X1  | 0.040 |   0.938 |    1.241 | 
     | U3126                | A1 v -> ZN v | OR2_X1    | 0.046 |   0.983 |    1.287 | 
     | U5130                | A1 v -> ZN ^ | NAND2_X1  | 0.016 |   1.000 |    1.303 | 
     | U5131                | A ^ -> Z ^   | XOR2_X1   | 0.103 |   1.102 |    1.406 | 
     | U5132                | A1 ^ -> ZN ^ | OR2_X1    | 0.039 |   1.141 |    1.444 | 
     | U5134                | A1 ^ -> ZN v | NOR2_X1   | 0.011 |   1.152 |    1.456 | 
     | U2610                | A1 v -> ZN v | OR2_X1    | 0.053 |   1.205 |    1.509 | 
     | U5337                | A2 v -> ZN ^ | NOR2_X1   | 0.045 |   1.250 |    1.554 | 
     | U5338                | A2 ^ -> ZN ^ | AND3_X1   | 0.053 |   1.303 |    1.607 | 
     | U6549                | A1 ^ -> ZN ^ | AND2_X1   | 0.034 |   1.337 |    1.641 | 
     | U3141                | A2 ^ -> ZN ^ | OR2_X1    | 0.040 |   1.378 |    1.681 | 
     | U3108                | A1 ^ -> ZN ^ | AND2_X1   | 0.053 |   1.431 |    1.735 | 
     | U8122                | A1 ^ -> ZN v | NAND2_X1  | 0.016 |   1.447 |    1.751 | 
     | U8123                | A v -> ZN ^  | OAI211_X1 | 0.021 |   1.468 |    1.772 | 
     | p_reg_Y_temp_reg_59_ | D ^          | DFF_X1    | 0.000 |   1.468 |    1.772 | 
     +------------------------------------------------------------------------------+ 
Path 10: MET Setup Check with Pin p_reg_Y_temp_reg_60_/CK 
Endpoint:   p_reg_Y_temp_reg_60_/D (^) checked with  leading edge of 'CLK'
Beginpoint: B_reg_Y_temp_reg_29_/Q (^) triggered by  leading edge of 'CLK'
Path Groups: {CLK}
Analysis View: default
Other End Arrival Time          0.068
- Setup                         0.027
+ Phase Shift                   1.783
+ CPPR Adjustment               0.000
- Uncertainty                   0.050
= Required Time                 1.774
- Arrival Time                  1.470
= Slack Time                    0.304
     Clock Rise Edge                 0.000
     + Clock Network Latency (Prop)  0.052
     = Beginpoint Arrival Time       0.052
     +-----------------------------------------------------------------------------+ 
     |       Instance       |     Arc      |   Cell   | Delay | Arrival | Required | 
     |                      |              |          |       |  Time   |   Time   | 
     |----------------------+--------------+----------+-------+---------+----------| 
     | B_reg_Y_temp_reg_29_ | CK ^         |          |       |   0.052 |    0.356 | 
     | B_reg_Y_temp_reg_29_ | CK ^ -> Q ^  | DFF_X1   | 0.128 |   0.181 |    0.485 | 
     | U3391                | A1 ^ -> ZN ^ | OR2_X1   | 0.138 |   0.318 |    0.622 | 
     | U3394                | A1 ^ -> ZN ^ | AND2_X1  | 0.157 |   0.476 |    0.780 | 
     | U4648                | B ^ -> Z ^   | MUX2_X1  | 0.068 |   0.543 |    0.847 | 
     | U4649                | A ^ -> ZN v  | INV_X1   | 0.008 |   0.551 |    0.855 | 
     | U4651                | A1 v -> ZN ^ | NAND2_X1 | 0.024 |   0.576 |    0.880 | 
     | U4852                | B1 ^ -> ZN v | AOI21_X1 | 0.016 |   0.592 |    0.896 | 
     | U4853                | A2 v -> ZN v | OR2_X1   | 0.060 |   0.652 |    0.956 | 
     | U3292                | A1 v -> ZN v | OR2_X1   | 0.047 |   0.699 |    1.003 | 
     | U5036                | A2 v -> ZN ^ | NAND2_X1 | 0.016 |   0.715 |    1.019 | 
     | U5038                | A1 ^ -> ZN v | NAND2_X1 | 0.014 |   0.729 |    1.033 | 
     | U2523                | A2 v -> ZN v | OR2_X1   | 0.053 |   0.782 |    1.086 | 
     | U5103                | A1 v -> ZN ^ | NAND2_X1 | 0.017 |   0.799 |    1.103 | 
     | U5104                | A ^ -> Z ^   | XOR2_X1  | 0.052 |   0.851 |    1.155 | 
     | U3157                | A1 ^ -> ZN ^ | OR2_X1   | 0.033 |   0.883 |    1.187 | 
     | U5109                | A1 ^ -> ZN v | NAND2_X1 | 0.014 |   0.897 |    1.202 | 
     | U5113                | A v -> ZN v  | XNOR2_X1 | 0.040 |   0.938 |    1.242 | 
     | U3126                | A1 v -> ZN v | OR2_X1   | 0.046 |   0.983 |    1.287 | 
     | U5130                | A1 v -> ZN ^ | NAND2_X1 | 0.016 |   1.000 |    1.304 | 
     | U5131                | A ^ -> Z ^   | XOR2_X1  | 0.103 |   1.102 |    1.406 | 
     | U5132                | A1 ^ -> ZN ^ | OR2_X1   | 0.039 |   1.141 |    1.445 | 
     | U5134                | A1 ^ -> ZN v | NOR2_X1  | 0.011 |   1.152 |    1.456 | 
     | U2610                | A1 v -> ZN v | OR2_X1   | 0.053 |   1.205 |    1.509 | 
     | U5337                | A2 v -> ZN ^ | NOR2_X1  | 0.045 |   1.250 |    1.554 | 
     | U5338                | A2 ^ -> ZN ^ | AND3_X1  | 0.053 |   1.303 |    1.607 | 
     | U6549                | A1 ^ -> ZN ^ | AND2_X1  | 0.034 |   1.337 |    1.641 | 
     | U3141                | A2 ^ -> ZN ^ | OR2_X1   | 0.040 |   1.378 |    1.682 | 
     | U3188                | A2 ^ -> ZN v | NOR2_X1  | 0.017 |   1.395 |    1.699 | 
     | U8124                | A3 v -> ZN ^ | NOR3_X1  | 0.049 |   1.444 |    1.748 | 
     | U6644                | A ^ -> ZN v  | INV_X1   | 0.010 |   1.453 |    1.758 | 
     | U7673                | A1 v -> ZN ^ | NAND4_X1 | 0.016 |   1.470 |    1.774 | 
     | p_reg_Y_temp_reg_60_ | D ^          | DFFS_X1  | 0.000 |   1.470 |    1.774 | 
     +-----------------------------------------------------------------------------+ 

