 
****************************************
Report : area
Design : boothmul_registered
Version: W-2024.09-SP2
Date   : Wed Sep 30 12:26:52 2026
****************************************

Library(s) Used:

    NangateOpenCellLibrary (File: /home/repository/do/libnandgate/NangateOpenCellLibrary_typical_ecsm.db)

Number of ports:                          131
Number of nets:                          5788
Number of cells:                         5162
Number of combinational cells:           5030
Number of sequential cells:               128
Number of macros/black boxes:               0
Number of buf/inv:                        958
Number of references:                      39

Combinational area:               6877.961997
Buf/Inv area:                      562.590001
Noncombinational area:             591.849981
Macro/Black Box area:                0.000000
Net Interconnect area:      undefined  (Wire load has zero net area)

Total cell area:                  7469.811977
Total area:                 undefined
1
