 
****************************************
Report : qor
Design : boothmul_registered
Version: W-2024.09-SP2
Date   : Mon Sep 21 13:14:01 2026
****************************************


  Timing Path Group 'CLK'
  -----------------------------------
  Levels of Logic:              54.00
  Critical Path Length:          3.42
  Critical Path Slack:           0.00
  Critical Path Clk Period:      3.50
  Total Negative Slack:          0.00
  No. of Violating Paths:        0.00
  Worst Hold Violation:          0.00
  Total Hold Violation:          0.00
  No. of Hold Violations:        0.00
  -----------------------------------


  Cell Count
  -----------------------------------
  Hierarchical Cell Count:          0
  Hierarchical Port Count:          0
  Leaf Cell Count:               5001
  Buf/Inv Cell Count:             759
  Buf Cell Count:                  60
  Inv Cell Count:                 699
  CT Buf/Inv Cell Count:            0
  Combinational Cell Count:      4873
  Sequential Cell Count:          128
  Macro Count:                      0
  -----------------------------------


  Area
  -----------------------------------
  Combinational Area:     6639.891992
  Noncombinational Area:   587.327981
  Buf/Inv Area:            422.674002
  Total Buffer Area:            49.74
  Total Inverter Area:         372.93
  Macro/Black Box Area:      0.000000
  Net Area:                  0.000000
  -----------------------------------
  Cell Area:              7227.219973
  Design Area:            7227.219973


  Design Rules
  -----------------------------------
  Total Number of Nets:          5578
  Nets With Violations:             0
  Max Trans Violations:             0
  Max Cap Violations:               0
  -----------------------------------


  Hostname: microsys.openstack.polito

  Compile CPU Statistics
  -----------------------------------------
  Resource Sharing:                    2.28
  Logic Optimization:                  7.00
  Mapping Optimization:               16.93
  -----------------------------------------
  Overall Compile Time:               36.65
  Overall Compile Wall Clock Time:    37.34

  --------------------------------------------------------------------

  Design  WNS: 0.00  TNS: 0.00  Number of Violating Paths: 0


  Design (Hold)  WNS: 0.00  TNS: 0.00  Number of Violating Paths: 0

  --------------------------------------------------------------------


1
