 
****************************************
Report : qor
Design : boothmul_registered
Version: W-2024.09-SP2
Date   : Mon Sep 21 13:15:24 2026
****************************************


  Timing Path Group 'CLK'
  -----------------------------------
  Levels of Logic:              65.00
  Critical Path Length:          4.39
  Critical Path Slack:           0.00
  Critical Path Clk Period:      4.50
  Total Negative Slack:          0.00
  No. of Violating Paths:        0.00
  Worst Hold Violation:          0.00
  Total Hold Violation:          0.00
  No. of Hold Violations:        0.00
  -----------------------------------


  Cell Count
  -----------------------------------
  Hierarchical Cell Count:          0
  Hierarchical Port Count:          0
  Leaf Cell Count:               3880
  Buf/Inv Cell Count:             431
  Buf Cell Count:                  10
  Inv Cell Count:                 421
  CT Buf/Inv Cell Count:            0
  Combinational Cell Count:      3752
  Sequential Cell Count:          128
  Macro Count:                      0
  -----------------------------------


  Area
  -----------------------------------
  Combinational Area:     5800.130002
  Noncombinational Area:   586.795982
  Buf/Inv Area:            233.016002
  Total Buffer Area:             8.51
  Total Inverter Area:         224.50
  Macro/Black Box Area:      0.000000
  Net Area:                  0.000000
  -----------------------------------
  Cell Area:              6386.925984
  Design Area:            6386.925984


  Design Rules
  -----------------------------------
  Total Number of Nets:          4559
  Nets With Violations:             2
  Max Trans Violations:             2
  Max Cap Violations:               2
  -----------------------------------


  Hostname: microsys.openstack.polito

  Compile CPU Statistics
  -----------------------------------------
  Resource Sharing:                    2.26
  Logic Optimization:                  2.35
  Mapping Optimization:               12.70
  -----------------------------------------
  Overall Compile Time:               37.88
  Overall Compile Wall Clock Time:    40.82

  --------------------------------------------------------------------

  Design  WNS: 0.00  TNS: 0.00  Number of Violating Paths: 0


  Design (Hold)  WNS: 0.00  TNS: 0.00  Number of Violating Paths: 0

  --------------------------------------------------------------------


1
