 
****************************************
Report : reference
Design : boothmul_registered
Version: W-2024.09-SP2
Date   : Wed Sep 30 12:26:53 2026
****************************************

Attributes:
    b - black box (unknown)
   bo - allows boundary optimization
    d - dont_touch
   mo - map_only
    h - hierarchical
    n - noncombinational
    r - removable
    s - synthetic operator
    u - contains unmapped logic

Reference          Library       Unit Area   Count    Total Area   Attributes
-----------------------------------------------------------------------------
AND2_X1            NangateOpenCellLibrary
                                  1.064000     103    109.592001  
AND2_X2            NangateOpenCellLibrary
                                  1.330000       2      2.660000  
AND3_X1            NangateOpenCellLibrary
                                  1.330000       5      6.650000  
AOI21_X1           NangateOpenCellLibrary
                                  1.064000      51     54.264001  
AOI21_X2           NangateOpenCellLibrary
                                  1.862000       1      1.862000  
BUF_X1             NangateOpenCellLibrary
                                  0.798000      45     35.909999  
BUF_X2             NangateOpenCellLibrary
                                  1.064000      16     17.024000  
BUF_X4             NangateOpenCellLibrary
                                  1.862000       4      7.448000  
CLKBUF_X1          NangateOpenCellLibrary
                                  0.798000      84     67.031998  
CLKBUF_X2          NangateOpenCellLibrary
                                  1.064000       7      7.448000  
DFFS_X1            NangateOpenCellLibrary
                                  5.320000       1      5.320000  n
DFFS_X2            NangateOpenCellLibrary
                                  5.586000       1      5.586000  n
DFF_X1             NangateOpenCellLibrary
                                  4.522000     107    483.853982  n
DFF_X2             NangateOpenCellLibrary
                                  5.054000      18     90.971998  n
FA_X1              NangateOpenCellLibrary
                                  4.256000     398   1693.888017  r
HA_X1              NangateOpenCellLibrary
                                  2.660000     109    289.940009  r
INV_X1             NangateOpenCellLibrary
                                  0.532000     798    424.536004  
INV_X2             NangateOpenCellLibrary
                                  0.798000       4      3.192000  
MUX2_X1            NangateOpenCellLibrary
                                  1.862000     458    852.795995  
MUX2_X2            NangateOpenCellLibrary
                                  2.394000       3      7.182000  
NAND2_X1           NangateOpenCellLibrary
                                  0.798000     793    632.813983  
NAND2_X2           NangateOpenCellLibrary
                                  1.330000      10     13.300000  
NAND3_X1           NangateOpenCellLibrary
                                  1.064000      74     78.736001  
NAND3_X4           NangateOpenCellLibrary
                                  3.458000       1      3.458000  
NOR2_X1            NangateOpenCellLibrary
                                  0.798000     412    328.775991  
NOR2_X2            NangateOpenCellLibrary
                                  1.330000       3      3.990000  
NOR3_X1            NangateOpenCellLibrary
                                  1.064000      14     14.896000  
OAI21_X1           NangateOpenCellLibrary
                                  1.064000     180    191.520002  
OAI21_X2           NangateOpenCellLibrary
                                  1.862000       1      1.862000  
OAI22_X1           NangateOpenCellLibrary
                                  1.330000     468    622.440020  
OAI211_X1          NangateOpenCellLibrary
                                  1.330000       1      1.330000  
OR2_X1             NangateOpenCellLibrary
                                  1.064000     312    331.968003  
OR2_X2             NangateOpenCellLibrary
                                  1.330000       7      9.310000  
OR3_X1             NangateOpenCellLibrary
                                  1.330000       8     10.640000  
OR3_X2             NangateOpenCellLibrary
                                  1.596000      13     20.747999  
OR3_X4             NangateOpenCellLibrary
                                  2.926000       1      2.926000  
SDFF_X1            NangateOpenCellLibrary
                                  6.118000       1      6.118000  n
XNOR2_X1           NangateOpenCellLibrary
                                  1.596000     326    520.295986  
XOR2_X1            NangateOpenCellLibrary
                                  1.596000     318    507.527986  
-----------------------------------------------------------------------------
Total 39 references                                  7469.811977
1
