 
****************************************
Report : reference
Design : boothmul_registered
Version: W-2024.09-SP2
Date   : Wed Sep 30 12:33:24 2026
****************************************

Attributes:
    b - black box (unknown)
   bo - allows boundary optimization
    d - dont_touch
   mo - map_only
    h - hierarchical
    n - noncombinational
    r - removable
    s - synthetic operator
    u - contains unmapped logic

Reference          Library       Unit Area   Count    Total Area   Attributes
-----------------------------------------------------------------------------
AND2_X1            NangateOpenCellLibrary
                                  1.064000     602    640.528006  
AND3_X1            NangateOpenCellLibrary
                                  1.330000      17     22.610001  
AND3_X2            NangateOpenCellLibrary
                                  1.596000       6      9.576000  
AND4_X1            NangateOpenCellLibrary
                                  1.596000       1      1.596000  
AOI21_X1           NangateOpenCellLibrary
                                  1.064000      19     20.216000  
AOI22_X1           NangateOpenCellLibrary
                                  1.330000     106    140.980005  
BUF_X1             NangateOpenCellLibrary
                                  0.798000       6      4.788000  
BUF_X2             NangateOpenCellLibrary
                                  1.064000       5      5.320000  
CLKBUF_X1          NangateOpenCellLibrary
                                  0.798000      34     27.131999  
DFF_X1             NangateOpenCellLibrary
                                  4.522000     121    547.161980  n
DFF_X2             NangateOpenCellLibrary
                                  5.054000       6     30.323999  n
FA_X1              NangateOpenCellLibrary
                                  4.256000     458   1949.248019  r
HA_X1              NangateOpenCellLibrary
                                  2.660000      34     90.440003  r
INV_X1             NangateOpenCellLibrary
                                  0.532000     602    320.264003  
INV_X2             NangateOpenCellLibrary
                                  0.798000       4      3.192000  
MUX2_X1            NangateOpenCellLibrary
                                  1.862000      93    173.165999  
NAND2_X1           NangateOpenCellLibrary
                                  0.798000    1101    878.597976  
NAND2_X2           NangateOpenCellLibrary
                                  1.330000       2      2.660000  
NAND3_X1           NangateOpenCellLibrary
                                  1.064000      25     26.600000  
NAND4_X1           NangateOpenCellLibrary
                                  1.330000       1      1.330000  
NOR2_X1            NangateOpenCellLibrary
                                  0.798000     296    236.207994  
NOR2_X2            NangateOpenCellLibrary
                                  1.330000       1      1.330000  
NOR3_X1            NangateOpenCellLibrary
                                  1.064000       3      3.192000  
OAI21_X1           NangateOpenCellLibrary
                                  1.064000      60     63.840001  
OAI22_X1           NangateOpenCellLibrary
                                  1.330000      92    122.360004  
OAI211_X1          NangateOpenCellLibrary
                                  1.330000       4      5.320000  
OR2_X1             NangateOpenCellLibrary
                                  1.064000     628    668.192007  
OR2_X2             NangateOpenCellLibrary
                                  1.330000       1      1.330000  
OR3_X1             NangateOpenCellLibrary
                                  1.330000       1      1.330000  
OR3_X2             NangateOpenCellLibrary
                                  1.596000       2      3.192000  
SDFF_X1            NangateOpenCellLibrary
                                  6.118000       1      6.118000  n
XNOR2_X1           NangateOpenCellLibrary
                                  1.596000     530    845.879977  
XOR2_X1            NangateOpenCellLibrary
                                  1.596000     153    244.187993  
-----------------------------------------------------------------------------
Total 33 references                                  7098.209966
1
