 
****************************************
Report : timing
        -path full
        -delay max
        -max_paths 1
Design : boothmul_registered
Version: W-2024.09-SP2
Date   : Wed Sep 30 12:17:57 2026
****************************************

Operating Conditions: typical   Library: NangateOpenCellLibrary
Wire Load Model Mode: top

  Startpoint: B_reg_Y_temp_reg_5_
              (rising edge-triggered flip-flop clocked by CLK)
  Endpoint: p_reg_Y_temp_reg_55_
            (rising edge-triggered flip-flop clocked by CLK)
  Path Group: CLK
  Path Type: max

  Des/Clust/Port     Wire Load Model       Library
  ------------------------------------------------
  boothmul_registered
                     5K_hvratio_1_4        NangateOpenCellLibrary

  Point                                    Incr       Path
  -----------------------------------------------------------
  clock CLK (rise edge)                    0.00       0.00
  clock network delay (ideal)              0.05       0.05
  B_reg_Y_temp_reg_5_/CK (DFF_X1)          0.00       0.05 r
  B_reg_Y_temp_reg_5_/QN (DFF_X1)          0.09       0.14 f
  U2255/ZN (INV_X1)                        0.04       0.18 r
  U3218/ZN (NAND2_X1)                      0.03       0.21 f
  U3222/ZN (NAND2_X1)                      0.04       0.25 r
  U3227/Z (BUF_X2)                         0.06       0.31 r
  U3230/ZN (OR2_X1)                        0.05       0.36 r
  U3231/ZN (OAI21_X1)                      0.04       0.40 f
  U2259/ZN (OR2_X1)                        0.07       0.48 f
  U3235/ZN (NOR2_X2)                       0.07       0.54 r
  U3251/ZN (NAND2_X1)                      0.04       0.58 f
  U3252/Z (BUF_X1)                         0.04       0.63 f
  U2295/ZN (OR2_X1)                        0.06       0.68 f
  U4517/ZN (NOR2_X1)                       0.05       0.73 r
  U4518/Z (XOR2_X1)                        0.07       0.80 r
  U4520/ZN (OAI21_X1)                      0.04       0.84 f
  U4545/CO (FA_X1)                         0.10       0.93 f
  U4570/S (FA_X1)                          0.13       1.06 f
  U4675/CO (FA_X1)                         0.11       1.17 f
  U4723/CO (FA_X1)                         0.09       1.26 f
  U4674/CO (FA_X1)                         0.10       1.36 f
  U4567/Z (XOR2_X1)                        0.07       1.44 f
  U4581/Z (XOR2_X1)                        0.08       1.51 f
  U2436/ZN (NOR2_X1)                       0.04       1.56 r
  U5844/ZN (OAI21_X1)                      0.03       1.59 f
  U5848/ZN (AOI21_X1)                      0.05       1.64 r
  U6077/ZN (OAI21_X1)                      0.03       1.67 f
  U6078/ZN (AOI21_X1)                      0.07       1.74 r
  U7141/Z (BUF_X1)                         0.07       1.81 r
  U7167/ZN (OAI21_X1)                      0.04       1.86 f
  U7169/ZN (XNOR2_X1)                      0.06       1.92 f
  U7170/ZN (NAND2_X1)                      0.03       1.95 r
  U7399/ZN (NAND2_X1)                      0.03       1.97 f
  p_reg_Y_temp_reg_55_/D (DFF_X1)          0.01       1.99 f
  data arrival time                                   1.99

  clock CLK (rise edge)                    1.10       1.10
  clock network delay (ideal)              0.05       1.15
  clock uncertainty                       -0.05       1.10
  p_reg_Y_temp_reg_55_/CK (DFF_X1)         0.00       1.10 r
  library setup time                      -0.02       1.08
  data required time                                  1.08
  -----------------------------------------------------------
  data required time                                  1.08
  data arrival time                                  -1.99
  -----------------------------------------------------------
  slack (VIOLATED)                                   -0.91


1
