 
****************************************
Report : timing
        -path full
        -delay max
        -max_paths 1
Design : boothmul_registered
Version: W-2024.09-SP2
Date   : Mon Sep 21 13:10:47 2026
****************************************

Operating Conditions: typical   Library: NangateOpenCellLibrary
Wire Load Model Mode: top

  Startpoint: B_reg_Y_temp_reg_6_
              (rising edge-triggered flip-flop clocked by CLK)
  Endpoint: p_reg_Y_temp_reg_60_
            (rising edge-triggered flip-flop clocked by CLK)
  Path Group: CLK
  Path Type: max

  Des/Clust/Port     Wire Load Model       Library
  ------------------------------------------------
  boothmul_registered
                     5K_hvratio_1_4        NangateOpenCellLibrary

  Point                                    Incr       Path
  -----------------------------------------------------------
  clock CLK (rise edge)                    0.00       0.00
  clock network delay (ideal)              0.05       0.05
  B_reg_Y_temp_reg_6_/CK (DFF_X1)          0.00       0.05 r
  B_reg_Y_temp_reg_6_/Q (DFF_X1)           0.11       0.16 r
  U3495/ZN (NAND2_X1)                      0.04       0.20 f
  U2555/ZN (NAND2_X1)                      0.05       0.25 r
  U3496/Z (BUF_X4)                         0.07       0.32 r
  U3516/ZN (OAI22_X1)                      0.07       0.39 f
  U3517/ZN (INV_X1)                        0.04       0.43 r
  U3520/ZN (NAND2_X1)                      0.03       0.47 f
  U3525/ZN (NOR2_X1)                       0.04       0.51 r
  U3526/ZN (NAND2_X1)                      0.05       0.55 f
  U2559/ZN (OR2_X1)                        0.07       0.62 f
  U4377/ZN (NOR2_X1)                       0.05       0.67 r
  U4378/ZN (XNOR2_X1)                      0.04       0.71 f
  U1561/Z (MUX2_X2)                        0.08       0.79 f
  U2574/ZN (OAI21_X1)                      0.05       0.84 r
  U4526/ZN (NAND2_X1)                      0.03       0.87 f
  U4566/CO (FA_X1)                         0.09       0.96 f
  U4570/CO (FA_X1)                         0.10       1.07 f
  U1938/ZN (NAND2_X1)                      0.04       1.11 r
  U1939/ZN (NAND3_X1)                      0.04       1.15 f
  U4528/ZN (OAI21_X1)                      0.05       1.20 r
  U4530/ZN (NAND2_X1)                      0.04       1.24 f
  U4531/CO (FA_X1)                         0.10       1.33 f
  U4575/CO (FA_X1)                         0.09       1.43 f
  U4704/S (FA_X1)                          0.15       1.57 r
  U1956/ZN (XNOR2_X1)                      0.07       1.64 r
  U1955/ZN (XNOR2_X1)                      0.07       1.71 r
  U1765/Z (XOR2_X1)                        0.08       1.78 r
  U1957/ZN (XNOR2_X1)                      0.07       1.85 r
  U4788/S (FA_X1)                          0.13       1.97 f
  U5870/ZN (NAND2_X1)                      0.04       2.02 r
  U5871/ZN (OAI21_X1)                      0.04       2.05 f
  U2602/ZN (AOI21_X1)                      0.07       2.12 r
  U5875/ZN (OAI21_X1)                      0.04       2.16 f
  U5879/ZN (AOI21_X1)                      0.06       2.22 r
  U5908/ZN (OAI21_X1)                      0.04       2.26 f
  U5924/ZN (AOI21_X1)                      0.06       2.32 r
  U6129/Z (BUF_X1)                         0.05       2.37 r
  U6131/ZN (OAI21_X1)                      0.04       2.41 f
  U6133/ZN (XNOR2_X1)                      0.06       2.47 f
  U6361/ZN (NAND2_X1)                      0.03       2.50 r
  U6659/ZN (NAND2_X1)                      0.03       2.52 f
  p_reg_Y_temp_reg_60_/D (DFF_X1)          0.01       2.53 f
  data arrival time                                   2.53

  clock CLK (rise edge)                    2.00       2.00
  clock network delay (ideal)              0.05       2.05
  clock uncertainty                       -0.05       2.00
  p_reg_Y_temp_reg_60_/CK (DFF_X1)         0.00       2.00 r
  library setup time                      -0.02       1.98
  data required time                                  1.98
  -----------------------------------------------------------
  data required time                                  1.98
  data arrival time                                  -2.53
  -----------------------------------------------------------
  slack (VIOLATED)                                   -0.56


1
