 
****************************************
Report : timing
        -path full
        -delay max
        -max_paths 1
Design : boothmul_registered
Version: W-2024.09-SP2
Date   : Wed Sep 30 12:25:54 2026
****************************************

Operating Conditions: typical   Library: NangateOpenCellLibrary
Wire Load Model Mode: top

  Startpoint: B_reg_Y_temp_reg_27_
              (rising edge-triggered flip-flop clocked by CLK)
  Endpoint: p_reg_Y_temp_reg_54_
            (rising edge-triggered flip-flop clocked by CLK)
  Path Group: CLK
  Path Type: max

  Des/Clust/Port     Wire Load Model       Library
  ------------------------------------------------
  boothmul_registered
                     5K_hvratio_1_4        NangateOpenCellLibrary

  Point                                    Incr       Path
  -----------------------------------------------------------
  clock CLK (rise edge)                    0.00       0.00
  clock network delay (ideal)              0.05       0.05
  B_reg_Y_temp_reg_27_/CK (DFF_X1)         0.00       0.05 r
  B_reg_Y_temp_reg_27_/Q (DFF_X1)          0.12       0.17 r
  U1724/ZN (OR2_X2)                        0.06       0.22 r
  U2079/ZN (NAND2_X1)                      0.03       0.26 f
  U2680/ZN (OAI22_X1)                      0.07       0.33 r
  U2681/ZN (INV_X1)                        0.03       0.35 f
  U2682/ZN (NAND2_X1)                      0.04       0.40 r
  U4136/ZN (INV_X1)                        0.04       0.43 f
  U4296/ZN (XNOR2_X1)                      0.06       0.49 f
  U1511/Z (MUX2_X2)                        0.07       0.56 f
  U4352/S (FA_X1)                          0.14       0.71 r
  U4497/S (FA_X1)                          0.12       0.83 f
  U2351/ZN (NAND2_X1)                      0.04       0.87 r
  U2353/ZN (NAND3_X1)                      0.04       0.92 f
  U2532/ZN (OAI21_X1)                      0.05       0.96 r
  U4502/ZN (NAND2_X1)                      0.03       1.00 f
  U4863/CO (FA_X1)                         0.09       1.09 f
  U4862/CO (FA_X1)                         0.09       1.18 f
  U4861/CO (FA_X1)                         0.09       1.28 f
  U4860/CO (FA_X1)                         0.09       1.37 f
  U4973/CO (FA_X1)                         0.09       1.47 f
  U5957/CO (FA_X1)                         0.10       1.57 f
  U1819/ZN (NAND2_X1)                      0.04       1.61 r
  U1821/ZN (NAND3_X1)                      0.04       1.65 f
  U5954/S (FA_X1)                          0.14       1.78 r
  U5955/S (FA_X1)                          0.12       1.90 f
  U5971/ZN (NAND2_X1)                      0.04       1.95 r
  U5973/ZN (OAI21_X1)                      0.04       1.98 f
  U5974/ZN (AOI21_X1)                      0.06       2.04 r
  U5975/ZN (OAI21_X1)                      0.04       2.08 f
  U5990/ZN (AOI21_X1)                      0.06       2.14 r
  U5991/Z (BUF_X1)                         0.06       2.20 r
  U6095/ZN (OAI21_X1)                      0.04       2.25 f
  U6096/ZN (XNOR2_X1)                      0.06       2.31 f
  U6097/ZN (NAND2_X1)                      0.03       2.34 r
  U6494/ZN (NAND2_X1)                      0.03       2.36 f
  p_reg_Y_temp_reg_54_/D (DFF_X2)          0.01       2.37 f
  data arrival time                                   2.37

  clock CLK (rise edge)                    1.70       1.70
  clock network delay (ideal)              0.05       1.75
  clock uncertainty                       -0.05       1.70
  p_reg_Y_temp_reg_54_/CK (DFF_X2)         0.00       1.70 r
  library setup time                      -0.03       1.67
  data required time                                  1.67
  -----------------------------------------------------------
  data required time                                  1.67
  data arrival time                                  -2.37
  -----------------------------------------------------------
  slack (VIOLATED)                                   -0.70


1
