###############################################################
#  Generated by:      Cadence Innovus 23.35-s106_1
#  OS:                Linux x86_64(Host ID microsys.openstack.polito)
#  Generated on:      Sat Oct 10 22:06:52 2026
#  Design:            boothmul_registered
#  Command:           report_timing -early -max_paths 10 > reports/10_hold_paths.rpt
###############################################################
Path 1: MET Hold Check with Pin p_reg_Y_temp_reg_58_/CK 
Endpoint:   p_reg_Y_temp_reg_58_/D  (v) checked with  leading edge of 'CLK'
Beginpoint: p_reg_Y_temp_reg_58_/QN (^) triggered by  leading edge of 'CLK'
Path Groups: {CLK}
Analysis View: default
Other End Arrival Time          0.050
+ Hold                          0.010
+ Phase Shift                   0.000
- CPPR Adjustment               0.000
+ Uncertainty                   0.050
= Required Time                 0.110
  Arrival Time                  0.169
  Slack Time                    0.059
     Clock Rise Edge                 0.000
     + Clock Network Latency (Prop)  0.062
     = Beginpoint Arrival Time       0.062
     +-----------------------------------------------------------------------------+ 
     |       Instance       |     Arc      |   Cell   | Delay | Arrival | Required | 
     |                      |              |          |       |  Time   |   Time   | 
     |----------------------+--------------+----------+-------+---------+----------| 
     | p_reg_Y_temp_reg_58_ | CK ^         |          |       |   0.062 |    0.003 | 
     | p_reg_Y_temp_reg_58_ | CK ^ -> QN ^ | DFF_X1   | 0.073 |   0.135 |    0.076 | 
     | U6500                | A1 ^ -> ZN ^ | OR2_X1   | 0.022 |   0.157 |    0.098 | 
     | U6654                | A2 ^ -> ZN v | NAND2_X1 | 0.012 |   0.169 |    0.110 | 
     | p_reg_Y_temp_reg_58_ | D v          | DFF_X1   | 0.000 |   0.169 |    0.110 | 
     +-----------------------------------------------------------------------------+ 
Path 2: MET Hold Check with Pin p_reg_Y_temp_reg_57_/CK 
Endpoint:   p_reg_Y_temp_reg_57_/D  (v) checked with  leading edge of 'CLK'
Beginpoint: p_reg_Y_temp_reg_57_/QN (^) triggered by  leading edge of 'CLK'
Path Groups: {CLK}
Analysis View: default
Other End Arrival Time          0.050
+ Hold                          0.010
+ Phase Shift                   0.000
- CPPR Adjustment               0.000
+ Uncertainty                   0.050
= Required Time                 0.110
  Arrival Time                  0.170
  Slack Time                    0.059
     Clock Rise Edge                 0.000
     + Clock Network Latency (Prop)  0.062
     = Beginpoint Arrival Time       0.062
     +-----------------------------------------------------------------------------+ 
     |       Instance       |     Arc      |   Cell   | Delay | Arrival | Required | 
     |                      |              |          |       |  Time   |   Time   | 
     |----------------------+--------------+----------+-------+---------+----------| 
     | p_reg_Y_temp_reg_57_ | CK ^         |          |       |   0.062 |    0.003 | 
     | p_reg_Y_temp_reg_57_ | CK ^ -> QN ^ | DFF_X1   | 0.073 |   0.136 |    0.076 | 
     | U6503                | A1 ^ -> ZN ^ | OR2_X1   | 0.022 |   0.158 |    0.098 | 
     | U6653                | A2 ^ -> ZN v | NAND2_X1 | 0.012 |   0.170 |    0.110 | 
     | p_reg_Y_temp_reg_57_ | D v          | DFF_X1   | 0.000 |   0.170 |    0.110 | 
     +-----------------------------------------------------------------------------+ 
Path 3: MET Hold Check with Pin B_reg_Y_temp_reg_22_/CK 
Endpoint:   B_reg_Y_temp_reg_22_/D  (v) checked with  leading edge of 'CLK'
Beginpoint: B_reg_Y_temp_reg_22_/QN (^) triggered by  leading edge of 'CLK'
Path Groups: {CLK}
Analysis View: default
Other End Arrival Time          0.046
+ Hold                          0.009
+ Phase Shift                   0.000
- CPPR Adjustment               0.000
+ Uncertainty                   0.050
= Required Time                 0.105
  Arrival Time                  0.164
  Slack Time                    0.059
     Clock Rise Edge                 0.000
     + Clock Network Latency (Prop)  0.058
     = Beginpoint Arrival Time       0.058
     +-----------------------------------------------------------------------------+ 
     |       Instance       |     Arc      |   Cell   | Delay | Arrival | Required | 
     |                      |              |          |       |  Time   |   Time   | 
     |----------------------+--------------+----------+-------+---------+----------| 
     | B_reg_Y_temp_reg_22_ | CK ^         |          |       |   0.058 |   -0.001 | 
     | B_reg_Y_temp_reg_22_ | CK ^ -> QN ^ | DFF_X1   | 0.072 |   0.130 |    0.071 | 
     | U6440                | A1 ^ -> ZN ^ | OR2_X1   | 0.022 |   0.152 |    0.093 | 
     | U6587                | A ^ -> ZN v  | OAI21_X1 | 0.012 |   0.164 |    0.105 | 
     | B_reg_Y_temp_reg_22_ | D v          | DFF_X1   | 0.000 |   0.164 |    0.105 | 
     +-----------------------------------------------------------------------------+ 
Path 4: MET Hold Check with Pin B_reg_Y_temp_reg_2_/CK 
Endpoint:   B_reg_Y_temp_reg_2_/D  (v) checked with  leading edge of 'CLK'
Beginpoint: B_reg_Y_temp_reg_2_/QN (^) triggered by  leading edge of 'CLK'
Path Groups: {CLK}
Analysis View: default
Other End Arrival Time          0.047
+ Hold                          0.009
+ Phase Shift                   0.000
- CPPR Adjustment               0.000
+ Uncertainty                   0.050
= Required Time                 0.106
  Arrival Time                  0.166
  Slack Time                    0.060
     Clock Rise Edge                 0.000
     + Clock Network Latency (Prop)  0.060
     = Beginpoint Arrival Time       0.060
     +----------------------------------------------------------------------------+ 
     |      Instance       |     Arc      |   Cell   | Delay | Arrival | Required | 
     |                     |              |          |       |  Time   |   Time   | 
     |---------------------+--------------+----------+-------+---------+----------| 
     | B_reg_Y_temp_reg_2_ | CK ^         |          |       |   0.060 |    0.000 | 
     | B_reg_Y_temp_reg_2_ | CK ^ -> QN ^ | DFF_X1   | 0.072 |   0.132 |    0.072 | 
     | U6453               | A1 ^ -> ZN ^ | OR2_X1   | 0.022 |   0.154 |    0.094 | 
     | U6577               | A ^ -> ZN v  | OAI21_X1 | 0.012 |   0.166 |    0.106 | 
     | B_reg_Y_temp_reg_2_ | D v          | DFF_X1   | 0.000 |   0.166 |    0.106 | 
     +----------------------------------------------------------------------------+ 
Path 5: MET Hold Check with Pin p_reg_Y_temp_reg_16_/CK 
Endpoint:   p_reg_Y_temp_reg_16_/D  (v) checked with  leading edge of 'CLK'
Beginpoint: p_reg_Y_temp_reg_16_/QN (^) triggered by  leading edge of 'CLK'
Path Groups: {CLK}
Analysis View: default
Other End Arrival Time          0.049
+ Hold                          0.009
+ Phase Shift                   0.000
- CPPR Adjustment               0.000
+ Uncertainty                   0.050
= Required Time                 0.109
  Arrival Time                  0.168
  Slack Time                    0.060
     Clock Rise Edge                 0.000
     + Clock Network Latency (Prop)  0.062
     = Beginpoint Arrival Time       0.062
     +-----------------------------------------------------------------------------+ 
     |       Instance       |     Arc      |   Cell   | Delay | Arrival | Required | 
     |                      |              |          |       |  Time   |   Time   | 
     |----------------------+--------------+----------+-------+---------+----------| 
     | p_reg_Y_temp_reg_16_ | CK ^         |          |       |   0.062 |    0.002 | 
     | p_reg_Y_temp_reg_16_ | CK ^ -> QN ^ | DFF_X1   | 0.072 |   0.134 |    0.074 | 
     | U6475                | A1 ^ -> ZN ^ | OR2_X1   | 0.022 |   0.156 |    0.096 | 
     | U6611                | A ^ -> ZN v  | OAI21_X1 | 0.012 |   0.168 |    0.109 | 
     | p_reg_Y_temp_reg_16_ | D v          | DFF_X1   | 0.000 |   0.168 |    0.109 | 
     +-----------------------------------------------------------------------------+ 
Path 6: MET Hold Check with Pin B_reg_Y_temp_reg_18_/CK 
Endpoint:   B_reg_Y_temp_reg_18_/D  (v) checked with  leading edge of 'CLK'
Beginpoint: B_reg_Y_temp_reg_18_/QN (^) triggered by  leading edge of 'CLK'
Path Groups: {CLK}
Analysis View: default
Other End Arrival Time          0.045
+ Hold                          0.009
+ Phase Shift                   0.000
- CPPR Adjustment               0.000
+ Uncertainty                   0.050
= Required Time                 0.104
  Arrival Time                  0.163
  Slack Time                    0.060
     Clock Rise Edge                 0.000
     + Clock Network Latency (Prop)  0.057
     = Beginpoint Arrival Time       0.057
     +-----------------------------------------------------------------------------+ 
     |       Instance       |     Arc      |   Cell   | Delay | Arrival | Required | 
     |                      |              |          |       |  Time   |   Time   | 
     |----------------------+--------------+----------+-------+---------+----------| 
     | B_reg_Y_temp_reg_18_ | CK ^         |          |       |   0.057 |   -0.003 | 
     | B_reg_Y_temp_reg_18_ | CK ^ -> QN ^ | DFF_X1   | 0.072 |   0.129 |    0.070 | 
     | U6442                | A1 ^ -> ZN ^ | OR2_X1   | 0.022 |   0.151 |    0.092 | 
     | U6529                | A ^ -> ZN v  | OAI21_X1 | 0.012 |   0.163 |    0.104 | 
     | B_reg_Y_temp_reg_18_ | D v          | DFF_X1   | 0.000 |   0.163 |    0.104 | 
     +-----------------------------------------------------------------------------+ 
Path 7: MET Hold Check with Pin p_reg_Y_temp_reg_18_/CK 
Endpoint:   p_reg_Y_temp_reg_18_/D  (v) checked with  leading edge of 'CLK'
Beginpoint: p_reg_Y_temp_reg_18_/QN (^) triggered by  leading edge of 'CLK'
Path Groups: {CLK}
Analysis View: default
Other End Arrival Time          0.049
+ Hold                          0.009
+ Phase Shift                   0.000
- CPPR Adjustment               0.000
+ Uncertainty                   0.050
= Required Time                 0.109
  Arrival Time                  0.168
  Slack Time                    0.060
     Clock Rise Edge                 0.000
     + Clock Network Latency (Prop)  0.062
     = Beginpoint Arrival Time       0.062
     +-----------------------------------------------------------------------------+ 
     |       Instance       |     Arc      |   Cell   | Delay | Arrival | Required | 
     |                      |              |          |       |  Time   |   Time   | 
     |----------------------+--------------+----------+-------+---------+----------| 
     | p_reg_Y_temp_reg_18_ | CK ^         |          |       |   0.062 |    0.002 | 
     | p_reg_Y_temp_reg_18_ | CK ^ -> QN ^ | DFF_X1   | 0.072 |   0.134 |    0.075 | 
     | U6476                | A1 ^ -> ZN ^ | OR2_X1   | 0.022 |   0.156 |    0.097 | 
     | U6613                | A ^ -> ZN v  | OAI21_X1 | 0.012 |   0.168 |    0.109 | 
     | p_reg_Y_temp_reg_18_ | D v          | DFF_X1   | 0.000 |   0.168 |    0.109 | 
     +-----------------------------------------------------------------------------+ 
Path 8: MET Hold Check with Pin p_reg_Y_temp_reg_47_/CK 
Endpoint:   p_reg_Y_temp_reg_47_/D  (v) checked with  leading edge of 'CLK'
Beginpoint: p_reg_Y_temp_reg_47_/QN (^) triggered by  leading edge of 'CLK'
Path Groups: {CLK}
Analysis View: default
Other End Arrival Time          0.051
+ Hold                          0.010
+ Phase Shift                   0.000
- CPPR Adjustment               0.000
+ Uncertainty                   0.050
= Required Time                 0.111
  Arrival Time                  0.171
  Slack Time                    0.060
     Clock Rise Edge                 0.000
     + Clock Network Latency (Prop)  0.064
     = Beginpoint Arrival Time       0.064
     +-----------------------------------------------------------------------------+ 
     |       Instance       |     Arc      |   Cell   | Delay | Arrival | Required | 
     |                      |              |          |       |  Time   |   Time   | 
     |----------------------+--------------+----------+-------+---------+----------| 
     | p_reg_Y_temp_reg_47_ | CK ^         |          |       |   0.064 |    0.004 | 
     | p_reg_Y_temp_reg_47_ | CK ^ -> QN ^ | DFF_X1   | 0.073 |   0.137 |    0.077 | 
     | U6513                | A1 ^ -> ZN ^ | OR2_X1   | 0.022 |   0.159 |    0.099 | 
     | U6643                | A2 ^ -> ZN v | NAND2_X1 | 0.012 |   0.171 |    0.111 | 
     | p_reg_Y_temp_reg_47_ | D v          | DFF_X1   | 0.000 |   0.171 |    0.111 | 
     +-----------------------------------------------------------------------------+ 
Path 9: MET Hold Check with Pin p_reg_Y_temp_reg_46_/CK 
Endpoint:   p_reg_Y_temp_reg_46_/D  (v) checked with  leading edge of 'CLK'
Beginpoint: p_reg_Y_temp_reg_46_/QN (^) triggered by  leading edge of 'CLK'
Path Groups: {CLK}
Analysis View: default
Other End Arrival Time          0.051
+ Hold                          0.010
+ Phase Shift                   0.000
- CPPR Adjustment               0.000
+ Uncertainty                   0.050
= Required Time                 0.111
  Arrival Time                  0.171
  Slack Time                    0.060
     Clock Rise Edge                 0.000
     + Clock Network Latency (Prop)  0.064
     = Beginpoint Arrival Time       0.064
     +-----------------------------------------------------------------------------+ 
     |       Instance       |     Arc      |   Cell   | Delay | Arrival | Required | 
     |                      |              |          |       |  Time   |   Time   | 
     |----------------------+--------------+----------+-------+---------+----------| 
     | p_reg_Y_temp_reg_46_ | CK ^         |          |       |   0.064 |    0.004 | 
     | p_reg_Y_temp_reg_46_ | CK ^ -> QN ^ | DFF_X1   | 0.073 |   0.137 |    0.077 | 
     | U6507                | A1 ^ -> ZN ^ | OR2_X1   | 0.022 |   0.159 |    0.100 | 
     | U6642                | A2 ^ -> ZN v | NAND2_X1 | 0.012 |   0.171 |    0.111 | 
     | p_reg_Y_temp_reg_46_ | D v          | DFF_X1   | 0.000 |   0.171 |    0.111 | 
     +-----------------------------------------------------------------------------+ 
Path 10: MET Hold Check with Pin p_reg_Y_temp_reg_41_/CK 
Endpoint:   p_reg_Y_temp_reg_41_/D  (v) checked with  leading edge of 'CLK'
Beginpoint: p_reg_Y_temp_reg_41_/QN (^) triggered by  leading edge of 'CLK'
Path Groups: {CLK}
Analysis View: default
Other End Arrival Time          0.052
+ Hold                          0.010
+ Phase Shift                   0.000
- CPPR Adjustment               0.000
+ Uncertainty                   0.050
= Required Time                 0.111
  Arrival Time                  0.171
  Slack Time                    0.060
     Clock Rise Edge                 0.000
     + Clock Network Latency (Prop)  0.064
     = Beginpoint Arrival Time       0.064
     +-----------------------------------------------------------------------------+ 
     |       Instance       |     Arc      |   Cell   | Delay | Arrival | Required | 
     |                      |              |          |       |  Time   |   Time   | 
     |----------------------+--------------+----------+-------+---------+----------| 
     | p_reg_Y_temp_reg_41_ | CK ^         |          |       |   0.064 |    0.004 | 
     | p_reg_Y_temp_reg_41_ | CK ^ -> QN ^ | DFF_X1   | 0.073 |   0.137 |    0.078 | 
     | U6520                | A1 ^ -> ZN ^ | OR2_X1   | 0.022 |   0.159 |    0.100 | 
     | U6637                | A2 ^ -> ZN v | NAND2_X1 | 0.012 |   0.171 |    0.111 | 
     | p_reg_Y_temp_reg_41_ | D v          | DFF_X1   | 0.000 |   0.171 |    0.111 | 
     +-----------------------------------------------------------------------------+ 

