###############################################################
#  Generated by:      Cadence Innovus 23.35-s106_1
#  OS:                Linux x86_64(Host ID microsys.openstack.polito)
#  Generated on:      Sat Oct 10 22:06:51 2026
#  Design:            boothmul_registered
#  Command:           report_timing -max_paths 10 > reports/10_setup_paths.rpt
###############################################################
Path 1: MET Setup Check with Pin p_reg_Y_temp_reg_61_/CK 
Endpoint:   p_reg_Y_temp_reg_61_/D (^) checked with  leading edge of 'CLK'
Beginpoint: B_reg_Y_temp_reg_29_/Q (^) triggered by  leading edge of 'CLK'
Path Groups: {CLK}
Analysis View: default
Other End Arrival Time          0.061
- Setup                         0.027
+ Phase Shift                   2.426
+ CPPR Adjustment               0.000
- Uncertainty                   0.050
= Required Time                 2.410
- Arrival Time                  2.153
= Slack Time                    0.257
     Clock Rise Edge                 0.000
     + Clock Network Latency (Prop)  0.049
     = Beginpoint Arrival Time       0.049
     +------------------------------------------------------------------------------+ 
     |       Instance       |     Arc      |   Cell    | Delay | Arrival | Required | 
     |                      |              |           |       |  Time   |   Time   | 
     |----------------------+--------------+-----------+-------+---------+----------| 
     | B_reg_Y_temp_reg_29_ | CK ^         |           |       |   0.049 |    0.306 | 
     | B_reg_Y_temp_reg_29_ | CK ^ -> Q ^  | DFF_X1    | 0.117 |   0.166 |    0.423 | 
     | U1810                | A1 ^ -> ZN ^ | OR2_X1    | 0.034 |   0.200 |    0.457 | 
     | U1827                | A1 ^ -> ZN v | NAND3_X1  | 0.059 |   0.259 |    0.516 | 
     | FE_OFC2_n1141        | A v -> Z v   | CLKBUF_X1 | 0.163 |   0.421 |    0.678 | 
     | U3150                | B2 v -> ZN ^ | OAI22_X1  | 0.092 |   0.514 |    0.771 | 
     | U3151                | A ^ -> ZN v  | INV_X1    | 0.015 |   0.528 |    0.785 | 
     | U1743                | A1 v -> ZN v | AND3_X1   | 0.037 |   0.565 |    0.822 | 
     | U1518                | A1 v -> ZN v | AND2_X1   | 0.032 |   0.597 |    0.854 | 
     | U1918                | A1 v -> ZN v | AND2_X1   | 0.031 |   0.628 |    0.885 | 
     | U2766                | A v -> Z v   | XOR2_X1   | 0.048 |   0.676 |    0.933 | 
     | U1526                | A v -> Z v   | MUX2_X1   | 0.064 |   0.739 |    0.996 | 
     | U3846                | B v -> CO v  | FA_X1     | 0.083 |   0.823 |    1.080 | 
     | U3941                | A v -> CO v  | FA_X1     | 0.083 |   0.906 |    1.163 | 
     | U3938                | A v -> CO v  | FA_X1     | 0.079 |   0.984 |    1.241 | 
     | U3933                | CI v -> S ^  | FA_X1     | 0.125 |   1.109 |    1.366 | 
     | U2549                | A ^ -> Z ^   | XOR2_X1   | 0.055 |   1.164 |    1.421 | 
     | U2550                | B ^ -> Z ^   | XOR2_X1   | 0.076 |   1.240 |    1.497 | 
     | U4196                | A ^ -> S v   | FA_X1     | 0.109 |   1.349 |    1.606 | 
     | U4356                | A v -> CO v  | FA_X1     | 0.080 |   1.429 |    1.686 | 
     | U4252                | CI v -> S ^  | FA_X1     | 0.118 |   1.547 |    1.804 | 
     | U4443                | A ^ -> S v   | FA_X1     | 0.091 |   1.638 |    1.895 | 
     | U4444                | CI v -> S ^  | FA_X1     | 0.117 |   1.754 |    2.011 | 
     | U2030                | A1 ^ -> ZN v | NOR2_X1   | 0.015 |   1.769 |    2.026 | 
     | U4576                | A2 v -> ZN ^ | NOR2_X1   | 0.036 |   1.805 |    2.062 | 
     | U4771                | A1 ^ -> ZN v | NAND2_X1  | 0.016 |   1.821 |    2.078 | 
     | U5719                | B2 v -> ZN ^ | OAI21_X1  | 0.074 |   1.895 |    2.152 | 
     | U5734                | B1 ^ -> ZN v | AOI21_X1  | 0.027 |   1.922 |    2.179 | 
     | FE_OFC6_n5253        | A v -> Z v   | CLKBUF_X1 | 0.100 |   2.021 |    2.278 | 
     | U6150                | B1 v -> ZN ^ | OAI21_X1  | 0.055 |   2.077 |    2.334 | 
     | U6153                | A ^ -> ZN ^  | XNOR2_X1  | 0.044 |   2.121 |    2.378 | 
     | U6359                | A1 ^ -> ZN v | NAND2_X1  | 0.015 |   2.136 |    2.393 | 
     | U6657                | A1 v -> ZN ^ | NAND2_X1  | 0.017 |   2.153 |    2.410 | 
     | p_reg_Y_temp_reg_61_ | D ^          | DFF_X1    | 0.000 |   2.153 |    2.410 | 
     +------------------------------------------------------------------------------+ 
Path 2: MET Setup Check with Pin p_reg_Y_temp_reg_52_/CK 
Endpoint:   p_reg_Y_temp_reg_52_/D (^) checked with  leading edge of 'CLK'
Beginpoint: B_reg_Y_temp_reg_29_/Q (^) triggered by  leading edge of 'CLK'
Path Groups: {CLK}
Analysis View: default
Other End Arrival Time          0.063
- Setup                         0.027
+ Phase Shift                   2.426
+ CPPR Adjustment               0.000
- Uncertainty                   0.050
= Required Time                 2.412
- Arrival Time                  2.153
= Slack Time                    0.259
     Clock Rise Edge                 0.000
     + Clock Network Latency (Prop)  0.049
     = Beginpoint Arrival Time       0.049
     +------------------------------------------------------------------------------+ 
     |       Instance       |     Arc      |   Cell    | Delay | Arrival | Required | 
     |                      |              |           |       |  Time   |   Time   | 
     |----------------------+--------------+-----------+-------+---------+----------| 
     | B_reg_Y_temp_reg_29_ | CK ^         |           |       |   0.049 |    0.307 | 
     | B_reg_Y_temp_reg_29_ | CK ^ -> Q ^  | DFF_X1    | 0.117 |   0.166 |    0.424 | 
     | U1810                | A1 ^ -> ZN ^ | OR2_X1    | 0.034 |   0.200 |    0.458 | 
     | U1827                | A1 ^ -> ZN v | NAND3_X1  | 0.059 |   0.259 |    0.517 | 
     | FE_OFC2_n1141        | A v -> Z v   | CLKBUF_X1 | 0.163 |   0.421 |    0.680 | 
     | U3150                | B2 v -> ZN ^ | OAI22_X1  | 0.092 |   0.514 |    0.772 | 
     | U3151                | A ^ -> ZN v  | INV_X1    | 0.015 |   0.528 |    0.787 | 
     | U1743                | A1 v -> ZN v | AND3_X1   | 0.037 |   0.565 |    0.824 | 
     | U1518                | A1 v -> ZN v | AND2_X1   | 0.032 |   0.597 |    0.856 | 
     | U1918                | A1 v -> ZN v | AND2_X1   | 0.031 |   0.628 |    0.887 | 
     | U2766                | A v -> Z v   | XOR2_X1   | 0.048 |   0.676 |    0.934 | 
     | U1526                | A v -> Z v   | MUX2_X1   | 0.064 |   0.739 |    0.998 | 
     | U3846                | B v -> CO v  | FA_X1     | 0.083 |   0.823 |    1.082 | 
     | U3941                | A v -> CO v  | FA_X1     | 0.083 |   0.906 |    1.165 | 
     | U3938                | A v -> CO v  | FA_X1     | 0.079 |   0.984 |    1.243 | 
     | U3933                | CI v -> S ^  | FA_X1     | 0.125 |   1.109 |    1.368 | 
     | U2549                | A ^ -> Z ^   | XOR2_X1   | 0.055 |   1.164 |    1.423 | 
     | U2550                | B ^ -> Z ^   | XOR2_X1   | 0.076 |   1.240 |    1.499 | 
     | U4196                | A ^ -> S v   | FA_X1     | 0.109 |   1.349 |    1.608 | 
     | U4356                | A v -> CO v  | FA_X1     | 0.080 |   1.429 |    1.688 | 
     | U4252                | CI v -> S ^  | FA_X1     | 0.118 |   1.547 |    1.806 | 
     | U4443                | A ^ -> S v   | FA_X1     | 0.091 |   1.638 |    1.897 | 
     | U4444                | CI v -> S ^  | FA_X1     | 0.117 |   1.754 |    2.013 | 
     | U2030                | A1 ^ -> ZN v | NOR2_X1   | 0.015 |   1.769 |    2.028 | 
     | U4576                | A2 v -> ZN ^ | NOR2_X1   | 0.036 |   1.805 |    2.064 | 
     | U4771                | A1 ^ -> ZN v | NAND2_X1  | 0.016 |   1.821 |    2.080 | 
     | U5719                | B2 v -> ZN ^ | OAI21_X1  | 0.074 |   1.895 |    2.153 | 
     | U5734                | B1 ^ -> ZN v | AOI21_X1  | 0.027 |   1.922 |    2.180 | 
     | FE_OFC6_n5253        | A v -> Z v   | CLKBUF_X1 | 0.100 |   2.021 |    2.280 | 
     | U6203                | B1 v -> ZN ^ | OAI21_X1  | 0.054 |   2.076 |    2.334 | 
     | U6206                | A ^ -> ZN ^  | XNOR2_X1  | 0.045 |   2.121 |    2.379 | 
     | U6352                | A1 ^ -> ZN v | NAND2_X1  | 0.016 |   2.136 |    2.395 | 
     | U6648                | A1 v -> ZN ^ | NAND2_X1  | 0.017 |   2.153 |    2.412 | 
     | p_reg_Y_temp_reg_52_ | D ^          | DFF_X1    | 0.000 |   2.153 |    2.412 | 
     +------------------------------------------------------------------------------+ 
Path 3: MET Setup Check with Pin p_reg_Y_temp_reg_53_/CK 
Endpoint:   p_reg_Y_temp_reg_53_/D (^) checked with  leading edge of 'CLK'
Beginpoint: B_reg_Y_temp_reg_29_/Q (^) triggered by  leading edge of 'CLK'
Path Groups: {CLK}
Analysis View: default
Other End Arrival Time          0.063
- Setup                         0.027
+ Phase Shift                   2.426
+ CPPR Adjustment               0.000
- Uncertainty                   0.050
= Required Time                 2.412
- Arrival Time                  2.153
= Slack Time                    0.259
     Clock Rise Edge                 0.000
     + Clock Network Latency (Prop)  0.049
     = Beginpoint Arrival Time       0.049
     +------------------------------------------------------------------------------+ 
     |       Instance       |     Arc      |   Cell    | Delay | Arrival | Required | 
     |                      |              |           |       |  Time   |   Time   | 
     |----------------------+--------------+-----------+-------+---------+----------| 
     | B_reg_Y_temp_reg_29_ | CK ^         |           |       |   0.049 |    0.307 | 
     | B_reg_Y_temp_reg_29_ | CK ^ -> Q ^  | DFF_X1    | 0.117 |   0.166 |    0.424 | 
     | U1810                | A1 ^ -> ZN ^ | OR2_X1    | 0.034 |   0.200 |    0.458 | 
     | U1827                | A1 ^ -> ZN v | NAND3_X1  | 0.059 |   0.259 |    0.517 | 
     | FE_OFC2_n1141        | A v -> Z v   | CLKBUF_X1 | 0.163 |   0.421 |    0.680 | 
     | U3150                | B2 v -> ZN ^ | OAI22_X1  | 0.092 |   0.514 |    0.772 | 
     | U3151                | A ^ -> ZN v  | INV_X1    | 0.015 |   0.528 |    0.787 | 
     | U1743                | A1 v -> ZN v | AND3_X1   | 0.037 |   0.565 |    0.824 | 
     | U1518                | A1 v -> ZN v | AND2_X1   | 0.032 |   0.597 |    0.856 | 
     | U1918                | A1 v -> ZN v | AND2_X1   | 0.031 |   0.628 |    0.887 | 
     | U2766                | A v -> Z v   | XOR2_X1   | 0.048 |   0.676 |    0.934 | 
     | U1526                | A v -> Z v   | MUX2_X1   | 0.064 |   0.739 |    0.998 | 
     | U3846                | B v -> CO v  | FA_X1     | 0.083 |   0.823 |    1.082 | 
     | U3941                | A v -> CO v  | FA_X1     | 0.083 |   0.906 |    1.165 | 
     | U3938                | A v -> CO v  | FA_X1     | 0.079 |   0.984 |    1.243 | 
     | U3933                | CI v -> S ^  | FA_X1     | 0.125 |   1.109 |    1.368 | 
     | U2549                | A ^ -> Z ^   | XOR2_X1   | 0.055 |   1.164 |    1.423 | 
     | U2550                | B ^ -> Z ^   | XOR2_X1   | 0.076 |   1.240 |    1.499 | 
     | U4196                | A ^ -> S v   | FA_X1     | 0.109 |   1.349 |    1.608 | 
     | U4356                | A v -> CO v  | FA_X1     | 0.080 |   1.429 |    1.688 | 
     | U4252                | CI v -> S ^  | FA_X1     | 0.118 |   1.547 |    1.806 | 
     | U4443                | A ^ -> S v   | FA_X1     | 0.091 |   1.638 |    1.897 | 
     | U4444                | CI v -> S ^  | FA_X1     | 0.117 |   1.754 |    2.013 | 
     | U2030                | A1 ^ -> ZN v | NOR2_X1   | 0.015 |   1.769 |    2.028 | 
     | U4576                | A2 v -> ZN ^ | NOR2_X1   | 0.036 |   1.805 |    2.064 | 
     | U4771                | A1 ^ -> ZN v | NAND2_X1  | 0.016 |   1.821 |    2.080 | 
     | U5719                | B2 v -> ZN ^ | OAI21_X1  | 0.074 |   1.895 |    2.153 | 
     | U5734                | B1 ^ -> ZN v | AOI21_X1  | 0.027 |   1.922 |    2.180 | 
     | FE_OFC6_n5253        | A v -> Z v   | CLKBUF_X1 | 0.100 |   2.021 |    2.280 | 
     | U6195                | B1 v -> ZN ^ | OAI21_X1  | 0.055 |   2.076 |    2.335 | 
     | U6197                | A ^ -> ZN ^  | XNOR2_X1  | 0.044 |   2.121 |    2.379 | 
     | U6351                | A1 ^ -> ZN v | NAND2_X1  | 0.015 |   2.136 |    2.395 | 
     | U6649                | A1 v -> ZN ^ | NAND2_X1  | 0.017 |   2.153 |    2.412 | 
     | p_reg_Y_temp_reg_53_ | D ^          | DFF_X1    | 0.000 |   2.153 |    2.412 | 
     +------------------------------------------------------------------------------+ 
Path 4: MET Setup Check with Pin p_reg_Y_temp_reg_59_/CK 
Endpoint:   p_reg_Y_temp_reg_59_/D (^) checked with  leading edge of 'CLK'
Beginpoint: B_reg_Y_temp_reg_29_/Q (^) triggered by  leading edge of 'CLK'
Path Groups: {CLK}
Analysis View: default
Other End Arrival Time          0.062
- Setup                         0.027
+ Phase Shift                   2.426
+ CPPR Adjustment               0.000
- Uncertainty                   0.050
= Required Time                 2.411
- Arrival Time                  2.152
= Slack Time                    0.259
     Clock Rise Edge                 0.000
     + Clock Network Latency (Prop)  0.049
     = Beginpoint Arrival Time       0.049
     +------------------------------------------------------------------------------+ 
     |       Instance       |     Arc      |   Cell    | Delay | Arrival | Required | 
     |                      |              |           |       |  Time   |   Time   | 
     |----------------------+--------------+-----------+-------+---------+----------| 
     | B_reg_Y_temp_reg_29_ | CK ^         |           |       |   0.049 |    0.308 | 
     | B_reg_Y_temp_reg_29_ | CK ^ -> Q ^  | DFF_X1    | 0.117 |   0.166 |    0.425 | 
     | U1810                | A1 ^ -> ZN ^ | OR2_X1    | 0.034 |   0.200 |    0.459 | 
     | U1827                | A1 ^ -> ZN v | NAND3_X1  | 0.059 |   0.259 |    0.518 | 
     | FE_OFC2_n1141        | A v -> Z v   | CLKBUF_X1 | 0.163 |   0.421 |    0.680 | 
     | U3150                | B2 v -> ZN ^ | OAI22_X1  | 0.092 |   0.514 |    0.773 | 
     | U3151                | A ^ -> ZN v  | INV_X1    | 0.015 |   0.528 |    0.787 | 
     | U1743                | A1 v -> ZN v | AND3_X1   | 0.037 |   0.565 |    0.824 | 
     | U1518                | A1 v -> ZN v | AND2_X1   | 0.032 |   0.597 |    0.856 | 
     | U1918                | A1 v -> ZN v | AND2_X1   | 0.031 |   0.628 |    0.887 | 
     | U2766                | A v -> Z v   | XOR2_X1   | 0.048 |   0.676 |    0.935 | 
     | U1526                | A v -> Z v   | MUX2_X1   | 0.064 |   0.739 |    0.999 | 
     | U3846                | B v -> CO v  | FA_X1     | 0.083 |   0.823 |    1.082 | 
     | U3941                | A v -> CO v  | FA_X1     | 0.083 |   0.906 |    1.165 | 
     | U3938                | A v -> CO v  | FA_X1     | 0.079 |   0.984 |    1.244 | 
     | U3933                | CI v -> S ^  | FA_X1     | 0.125 |   1.109 |    1.368 | 
     | U2549                | A ^ -> Z ^   | XOR2_X1   | 0.055 |   1.164 |    1.423 | 
     | U2550                | B ^ -> Z ^   | XOR2_X1   | 0.076 |   1.240 |    1.499 | 
     | U4196                | A ^ -> S v   | FA_X1     | 0.109 |   1.349 |    1.608 | 
     | U4356                | A v -> CO v  | FA_X1     | 0.080 |   1.429 |    1.688 | 
     | U4252                | CI v -> S ^  | FA_X1     | 0.118 |   1.547 |    1.806 | 
     | U4443                | A ^ -> S v   | FA_X1     | 0.091 |   1.638 |    1.897 | 
     | U4444                | CI v -> S ^  | FA_X1     | 0.117 |   1.754 |    2.013 | 
     | U2030                | A1 ^ -> ZN v | NOR2_X1   | 0.015 |   1.769 |    2.028 | 
     | U4576                | A2 v -> ZN ^ | NOR2_X1   | 0.036 |   1.805 |    2.064 | 
     | U4771                | A1 ^ -> ZN v | NAND2_X1  | 0.016 |   1.821 |    2.080 | 
     | U5719                | B2 v -> ZN ^ | OAI21_X1  | 0.074 |   1.895 |    2.154 | 
     | U5734                | B1 ^ -> ZN v | AOI21_X1  | 0.027 |   1.922 |    2.181 | 
     | FE_OFC6_n5253        | A v -> Z v   | CLKBUF_X1 | 0.100 |   2.021 |    2.281 | 
     | U6164                | B1 v -> ZN ^ | OAI21_X1  | 0.055 |   2.077 |    2.336 | 
     | U6166                | A ^ -> ZN ^  | XNOR2_X1  | 0.044 |   2.120 |    2.380 | 
     | U6362                | A1 ^ -> ZN v | NAND2_X1  | 0.015 |   2.135 |    2.395 | 
     | U6655                | A1 v -> ZN ^ | NAND2_X1  | 0.016 |   2.152 |    2.411 | 
     | p_reg_Y_temp_reg_59_ | D ^          | DFF_X1    | 0.000 |   2.152 |    2.411 | 
     +------------------------------------------------------------------------------+ 
Path 5: MET Setup Check with Pin p_reg_Y_temp_reg_56_/CK 
Endpoint:   p_reg_Y_temp_reg_56_/D (^) checked with  leading edge of 'CLK'
Beginpoint: B_reg_Y_temp_reg_29_/Q (^) triggered by  leading edge of 'CLK'
Path Groups: {CLK}
Analysis View: default
Other End Arrival Time          0.063
- Setup                         0.027
+ Phase Shift                   2.426
+ CPPR Adjustment               0.000
- Uncertainty                   0.050
= Required Time                 2.411
- Arrival Time                  2.152
= Slack Time                    0.259
     Clock Rise Edge                 0.000
     + Clock Network Latency (Prop)  0.049
     = Beginpoint Arrival Time       0.049
     +------------------------------------------------------------------------------+ 
     |       Instance       |     Arc      |   Cell    | Delay | Arrival | Required | 
     |                      |              |           |       |  Time   |   Time   | 
     |----------------------+--------------+-----------+-------+---------+----------| 
     | B_reg_Y_temp_reg_29_ | CK ^         |           |       |   0.049 |    0.308 | 
     | B_reg_Y_temp_reg_29_ | CK ^ -> Q ^  | DFF_X1    | 0.117 |   0.166 |    0.425 | 
     | U1810                | A1 ^ -> ZN ^ | OR2_X1    | 0.034 |   0.200 |    0.459 | 
     | U1827                | A1 ^ -> ZN v | NAND3_X1  | 0.059 |   0.259 |    0.518 | 
     | FE_OFC2_n1141        | A v -> Z v   | CLKBUF_X1 | 0.163 |   0.421 |    0.681 | 
     | U3150                | B2 v -> ZN ^ | OAI22_X1  | 0.092 |   0.514 |    0.773 | 
     | U3151                | A ^ -> ZN v  | INV_X1    | 0.015 |   0.528 |    0.788 | 
     | U1743                | A1 v -> ZN v | AND3_X1   | 0.037 |   0.565 |    0.825 | 
     | U1518                | A1 v -> ZN v | AND2_X1   | 0.032 |   0.597 |    0.856 | 
     | U1918                | A1 v -> ZN v | AND2_X1   | 0.031 |   0.628 |    0.887 | 
     | U2766                | A v -> Z v   | XOR2_X1   | 0.048 |   0.676 |    0.935 | 
     | U1526                | A v -> Z v   | MUX2_X1   | 0.064 |   0.739 |    0.999 | 
     | U3846                | B v -> CO v  | FA_X1     | 0.083 |   0.823 |    1.082 | 
     | U3941                | A v -> CO v  | FA_X1     | 0.083 |   0.906 |    1.165 | 
     | U3938                | A v -> CO v  | FA_X1     | 0.079 |   0.984 |    1.244 | 
     | U3933                | CI v -> S ^  | FA_X1     | 0.125 |   1.109 |    1.369 | 
     | U2549                | A ^ -> Z ^   | XOR2_X1   | 0.055 |   1.164 |    1.424 | 
     | U2550                | B ^ -> Z ^   | XOR2_X1   | 0.076 |   1.240 |    1.500 | 
     | U4196                | A ^ -> S v   | FA_X1     | 0.109 |   1.349 |    1.609 | 
     | U4356                | A v -> CO v  | FA_X1     | 0.080 |   1.429 |    1.688 | 
     | U4252                | CI v -> S ^  | FA_X1     | 0.118 |   1.547 |    1.807 | 
     | U4443                | A ^ -> S v   | FA_X1     | 0.091 |   1.638 |    1.897 | 
     | U4444                | CI v -> S ^  | FA_X1     | 0.117 |   1.754 |    2.014 | 
     | U2030                | A1 ^ -> ZN v | NOR2_X1   | 0.015 |   1.769 |    2.029 | 
     | U4576                | A2 v -> ZN ^ | NOR2_X1   | 0.036 |   1.805 |    2.065 | 
     | U4771                | A1 ^ -> ZN v | NAND2_X1  | 0.016 |   1.821 |    2.080 | 
     | U5719                | B2 v -> ZN ^ | OAI21_X1  | 0.074 |   1.895 |    2.154 | 
     | U5734                | B1 ^ -> ZN v | AOI21_X1  | 0.027 |   1.922 |    2.181 | 
     | FE_OFC6_n5253        | A v -> Z v   | CLKBUF_X1 | 0.100 |   2.021 |    2.281 | 
     | U6140                | B1 v -> ZN ^ | OAI21_X1  | 0.055 |   2.076 |    2.336 | 
     | U6143                | A ^ -> ZN ^  | XNOR2_X1  | 0.044 |   2.120 |    2.379 | 
     | U6354                | A1 ^ -> ZN v | NAND2_X1  | 0.015 |   2.135 |    2.395 | 
     | U6652                | A1 v -> ZN ^ | NAND2_X1  | 0.017 |   2.152 |    2.411 | 
     | p_reg_Y_temp_reg_56_ | D ^          | DFF_X1    | 0.000 |   2.152 |    2.411 | 
     +------------------------------------------------------------------------------+ 
Path 6: MET Setup Check with Pin p_reg_Y_temp_reg_60_/CK 
Endpoint:   p_reg_Y_temp_reg_60_/D (^) checked with  leading edge of 'CLK'
Beginpoint: B_reg_Y_temp_reg_29_/Q (^) triggered by  leading edge of 'CLK'
Path Groups: {CLK}
Analysis View: default
Other End Arrival Time          0.062
- Setup                         0.027
+ Phase Shift                   2.426
+ CPPR Adjustment               0.000
- Uncertainty                   0.050
= Required Time                 2.411
- Arrival Time                  2.151
= Slack Time                    0.260
     Clock Rise Edge                 0.000
     + Clock Network Latency (Prop)  0.049
     = Beginpoint Arrival Time       0.049
     +------------------------------------------------------------------------------+ 
     |       Instance       |     Arc      |   Cell    | Delay | Arrival | Required | 
     |                      |              |           |       |  Time   |   Time   | 
     |----------------------+--------------+-----------+-------+---------+----------| 
     | B_reg_Y_temp_reg_29_ | CK ^         |           |       |   0.049 |    0.308 | 
     | B_reg_Y_temp_reg_29_ | CK ^ -> Q ^  | DFF_X1    | 0.117 |   0.166 |    0.425 | 
     | U1810                | A1 ^ -> ZN ^ | OR2_X1    | 0.034 |   0.200 |    0.459 | 
     | U1827                | A1 ^ -> ZN v | NAND3_X1  | 0.059 |   0.259 |    0.518 | 
     | FE_OFC2_n1141        | A v -> Z v   | CLKBUF_X1 | 0.163 |   0.421 |    0.681 | 
     | U3150                | B2 v -> ZN ^ | OAI22_X1  | 0.092 |   0.514 |    0.773 | 
     | U3151                | A ^ -> ZN v  | INV_X1    | 0.015 |   0.528 |    0.788 | 
     | U1743                | A1 v -> ZN v | AND3_X1   | 0.037 |   0.565 |    0.825 | 
     | U1518                | A1 v -> ZN v | AND2_X1   | 0.032 |   0.597 |    0.857 | 
     | U1918                | A1 v -> ZN v | AND2_X1   | 0.031 |   0.628 |    0.887 | 
     | U2766                | A v -> Z v   | XOR2_X1   | 0.048 |   0.676 |    0.935 | 
     | U1526                | A v -> Z v   | MUX2_X1   | 0.064 |   0.739 |    0.999 | 
     | U3846                | B v -> CO v  | FA_X1     | 0.083 |   0.823 |    1.082 | 
     | U3941                | A v -> CO v  | FA_X1     | 0.083 |   0.906 |    1.165 | 
     | U3938                | A v -> CO v  | FA_X1     | 0.079 |   0.984 |    1.244 | 
     | U3933                | CI v -> S ^  | FA_X1     | 0.125 |   1.109 |    1.369 | 
     | U2549                | A ^ -> Z ^   | XOR2_X1   | 0.055 |   1.164 |    1.424 | 
     | U2550                | B ^ -> Z ^   | XOR2_X1   | 0.076 |   1.240 |    1.500 | 
     | U4196                | A ^ -> S v   | FA_X1     | 0.109 |   1.349 |    1.609 | 
     | U4356                | A v -> CO v  | FA_X1     | 0.080 |   1.429 |    1.688 | 
     | U4252                | CI v -> S ^  | FA_X1     | 0.118 |   1.547 |    1.807 | 
     | U4443                | A ^ -> S v   | FA_X1     | 0.091 |   1.638 |    1.897 | 
     | U4444                | CI v -> S ^  | FA_X1     | 0.117 |   1.754 |    2.014 | 
     | U2030                | A1 ^ -> ZN v | NOR2_X1   | 0.015 |   1.769 |    2.029 | 
     | U4576                | A2 v -> ZN ^ | NOR2_X1   | 0.036 |   1.805 |    2.065 | 
     | U4771                | A1 ^ -> ZN v | NAND2_X1  | 0.016 |   1.821 |    2.080 | 
     | U5719                | B2 v -> ZN ^ | OAI21_X1  | 0.074 |   1.895 |    2.154 | 
     | U5734                | B1 ^ -> ZN v | AOI21_X1  | 0.027 |   1.922 |    2.181 | 
     | FE_OFC6_n5253        | A v -> Z v   | CLKBUF_X1 | 0.100 |   2.021 |    2.281 | 
     | U6158                | B1 v -> ZN ^ | OAI21_X1  | 0.055 |   2.077 |    2.336 | 
     | U6161                | A ^ -> ZN ^  | XNOR2_X1  | 0.043 |   2.120 |    2.380 | 
     | U6361                | A1 ^ -> ZN v | NAND2_X1  | 0.015 |   2.135 |    2.395 | 
     | U6656                | A1 v -> ZN ^ | NAND2_X1  | 0.016 |   2.151 |    2.411 | 
     | p_reg_Y_temp_reg_60_ | D ^          | DFF_X1    | 0.000 |   2.151 |    2.411 | 
     +------------------------------------------------------------------------------+ 
Path 7: MET Setup Check with Pin p_reg_Y_temp_reg_58_/CK 
Endpoint:   p_reg_Y_temp_reg_58_/D (^) checked with  leading edge of 'CLK'
Beginpoint: B_reg_Y_temp_reg_29_/Q (^) triggered by  leading edge of 'CLK'
Path Groups: {CLK}
Analysis View: default
Other End Arrival Time          0.062
- Setup                         0.027
+ Phase Shift                   2.426
+ CPPR Adjustment               0.000
- Uncertainty                   0.050
= Required Time                 2.411
- Arrival Time                  2.152
= Slack Time                    0.260
     Clock Rise Edge                 0.000
     + Clock Network Latency (Prop)  0.049
     = Beginpoint Arrival Time       0.049
     +------------------------------------------------------------------------------+ 
     |       Instance       |     Arc      |   Cell    | Delay | Arrival | Required | 
     |                      |              |           |       |  Time   |   Time   | 
     |----------------------+--------------+-----------+-------+---------+----------| 
     | B_reg_Y_temp_reg_29_ | CK ^         |           |       |   0.049 |    0.308 | 
     | B_reg_Y_temp_reg_29_ | CK ^ -> Q ^  | DFF_X1    | 0.117 |   0.166 |    0.425 | 
     | U1810                | A1 ^ -> ZN ^ | OR2_X1    | 0.034 |   0.200 |    0.459 | 
     | U1827                | A1 ^ -> ZN v | NAND3_X1  | 0.059 |   0.259 |    0.518 | 
     | FE_OFC2_n1141        | A v -> Z v   | CLKBUF_X1 | 0.163 |   0.421 |    0.681 | 
     | U3150                | B2 v -> ZN ^ | OAI22_X1  | 0.092 |   0.514 |    0.773 | 
     | U3151                | A ^ -> ZN v  | INV_X1    | 0.015 |   0.528 |    0.788 | 
     | U1743                | A1 v -> ZN v | AND3_X1   | 0.037 |   0.565 |    0.825 | 
     | U1518                | A1 v -> ZN v | AND2_X1   | 0.032 |   0.597 |    0.857 | 
     | U1918                | A1 v -> ZN v | AND2_X1   | 0.031 |   0.628 |    0.888 | 
     | U2766                | A v -> Z v   | XOR2_X1   | 0.048 |   0.676 |    0.935 | 
     | U1526                | A v -> Z v   | MUX2_X1   | 0.064 |   0.739 |    0.999 | 
     | U3846                | B v -> CO v  | FA_X1     | 0.083 |   0.823 |    1.083 | 
     | U3941                | A v -> CO v  | FA_X1     | 0.083 |   0.906 |    1.166 | 
     | U3938                | A v -> CO v  | FA_X1     | 0.079 |   0.984 |    1.244 | 
     | U3933                | CI v -> S ^  | FA_X1     | 0.125 |   1.109 |    1.369 | 
     | U2549                | A ^ -> Z ^   | XOR2_X1   | 0.055 |   1.164 |    1.424 | 
     | U2550                | B ^ -> Z ^   | XOR2_X1   | 0.076 |   1.240 |    1.500 | 
     | U4196                | A ^ -> S v   | FA_X1     | 0.109 |   1.349 |    1.609 | 
     | U4356                | A v -> CO v  | FA_X1     | 0.080 |   1.429 |    1.689 | 
     | U4252                | CI v -> S ^  | FA_X1     | 0.118 |   1.547 |    1.807 | 
     | U4443                | A ^ -> S v   | FA_X1     | 0.091 |   1.638 |    1.898 | 
     | U4444                | CI v -> S ^  | FA_X1     | 0.117 |   1.754 |    2.014 | 
     | U2030                | A1 ^ -> ZN v | NOR2_X1   | 0.015 |   1.769 |    2.029 | 
     | U4576                | A2 v -> ZN ^ | NOR2_X1   | 0.036 |   1.805 |    2.065 | 
     | U4771                | A1 ^ -> ZN v | NAND2_X1  | 0.016 |   1.821 |    2.080 | 
     | U5719                | B2 v -> ZN ^ | OAI21_X1  | 0.074 |   1.895 |    2.154 | 
     | U5734                | B1 ^ -> ZN v | AOI21_X1  | 0.027 |   1.922 |    2.181 | 
     | FE_OFC6_n5253        | A v -> Z v   | CLKBUF_X1 | 0.100 |   2.021 |    2.281 | 
     | U6171                | B1 v -> ZN ^ | OAI21_X1  | 0.055 |   2.077 |    2.336 | 
     | U6174                | A ^ -> ZN ^  | XNOR2_X1  | 0.044 |   2.121 |    2.380 | 
     | U6360                | A1 ^ -> ZN v | NAND2_X1  | 0.015 |   2.136 |    2.395 | 
     | U6654                | A1 v -> ZN ^ | NAND2_X1  | 0.016 |   2.152 |    2.411 | 
     | p_reg_Y_temp_reg_58_ | D ^          | DFF_X1    | 0.000 |   2.152 |    2.411 | 
     +------------------------------------------------------------------------------+ 
Path 8: MET Setup Check with Pin p_reg_Y_temp_reg_55_/CK 
Endpoint:   p_reg_Y_temp_reg_55_/D (^) checked with  leading edge of 'CLK'
Beginpoint: B_reg_Y_temp_reg_29_/Q (^) triggered by  leading edge of 'CLK'
Path Groups: {CLK}
Analysis View: default
Other End Arrival Time          0.063
- Setup                         0.027
+ Phase Shift                   2.426
+ CPPR Adjustment               0.000
- Uncertainty                   0.050
= Required Time                 2.412
- Arrival Time                  2.152
= Slack Time                    0.260
     Clock Rise Edge                 0.000
     + Clock Network Latency (Prop)  0.049
     = Beginpoint Arrival Time       0.049
     +------------------------------------------------------------------------------+ 
     |       Instance       |     Arc      |   Cell    | Delay | Arrival | Required | 
     |                      |              |           |       |  Time   |   Time   | 
     |----------------------+--------------+-----------+-------+---------+----------| 
     | B_reg_Y_temp_reg_29_ | CK ^         |           |       |   0.049 |    0.308 | 
     | B_reg_Y_temp_reg_29_ | CK ^ -> Q ^  | DFF_X1    | 0.117 |   0.166 |    0.425 | 
     | U1810                | A1 ^ -> ZN ^ | OR2_X1    | 0.034 |   0.200 |    0.459 | 
     | U1827                | A1 ^ -> ZN v | NAND3_X1  | 0.059 |   0.259 |    0.518 | 
     | FE_OFC2_n1141        | A v -> Z v   | CLKBUF_X1 | 0.163 |   0.421 |    0.681 | 
     | U3150                | B2 v -> ZN ^ | OAI22_X1  | 0.092 |   0.514 |    0.773 | 
     | U3151                | A ^ -> ZN v  | INV_X1    | 0.015 |   0.528 |    0.788 | 
     | U1743                | A1 v -> ZN v | AND3_X1   | 0.037 |   0.565 |    0.825 | 
     | U1518                | A1 v -> ZN v | AND2_X1   | 0.032 |   0.597 |    0.857 | 
     | U1918                | A1 v -> ZN v | AND2_X1   | 0.031 |   0.628 |    0.888 | 
     | U2766                | A v -> Z v   | XOR2_X1   | 0.048 |   0.676 |    0.935 | 
     | U1526                | A v -> Z v   | MUX2_X1   | 0.064 |   0.739 |    0.999 | 
     | U3846                | B v -> CO v  | FA_X1     | 0.083 |   0.823 |    1.083 | 
     | U3941                | A v -> CO v  | FA_X1     | 0.083 |   0.906 |    1.166 | 
     | U3938                | A v -> CO v  | FA_X1     | 0.079 |   0.984 |    1.244 | 
     | U3933                | CI v -> S ^  | FA_X1     | 0.125 |   1.109 |    1.369 | 
     | U2549                | A ^ -> Z ^   | XOR2_X1   | 0.055 |   1.164 |    1.424 | 
     | U2550                | B ^ -> Z ^   | XOR2_X1   | 0.076 |   1.240 |    1.500 | 
     | U4196                | A ^ -> S v   | FA_X1     | 0.109 |   1.349 |    1.609 | 
     | U4356                | A v -> CO v  | FA_X1     | 0.080 |   1.429 |    1.689 | 
     | U4252                | CI v -> S ^  | FA_X1     | 0.118 |   1.547 |    1.807 | 
     | U4443                | A ^ -> S v   | FA_X1     | 0.091 |   1.638 |    1.898 | 
     | U4444                | CI v -> S ^  | FA_X1     | 0.117 |   1.754 |    2.014 | 
     | U2030                | A1 ^ -> ZN v | NOR2_X1   | 0.015 |   1.769 |    2.029 | 
     | U4576                | A2 v -> ZN ^ | NOR2_X1   | 0.036 |   1.805 |    2.065 | 
     | U4771                | A1 ^ -> ZN v | NAND2_X1  | 0.016 |   1.821 |    2.081 | 
     | U5719                | B2 v -> ZN ^ | OAI21_X1  | 0.074 |   1.895 |    2.154 | 
     | U5734                | B1 ^ -> ZN v | AOI21_X1  | 0.027 |   1.922 |    2.181 | 
     | FE_OFC6_n5253        | A v -> Z v   | CLKBUF_X1 | 0.100 |   2.021 |    2.281 | 
     | U6183                | B1 v -> ZN ^ | OAI21_X1  | 0.054 |   2.076 |    2.336 | 
     | U6186                | A ^ -> ZN ^  | XNOR2_X1  | 0.044 |   2.120 |    2.380 | 
     | U6358                | A1 ^ -> ZN v | NAND2_X1  | 0.015 |   2.135 |    2.395 | 
     | U6651                | A1 v -> ZN ^ | NAND2_X1  | 0.017 |   2.152 |    2.412 | 
     | p_reg_Y_temp_reg_55_ | D ^          | DFF_X1    | 0.000 |   2.152 |    2.412 | 
     +------------------------------------------------------------------------------+ 
Path 9: MET Setup Check with Pin p_reg_Y_temp_reg_54_/CK 
Endpoint:   p_reg_Y_temp_reg_54_/D (^) checked with  leading edge of 'CLK'
Beginpoint: B_reg_Y_temp_reg_29_/Q (^) triggered by  leading edge of 'CLK'
Path Groups: {CLK}
Analysis View: default
Other End Arrival Time          0.063
- Setup                         0.027
+ Phase Shift                   2.426
+ CPPR Adjustment               0.000
- Uncertainty                   0.050
= Required Time                 2.412
- Arrival Time                  2.152
= Slack Time                    0.260
     Clock Rise Edge                 0.000
     + Clock Network Latency (Prop)  0.049
     = Beginpoint Arrival Time       0.049
     +------------------------------------------------------------------------------+ 
     |       Instance       |     Arc      |   Cell    | Delay | Arrival | Required | 
     |                      |              |           |       |  Time   |   Time   | 
     |----------------------+--------------+-----------+-------+---------+----------| 
     | B_reg_Y_temp_reg_29_ | CK ^         |           |       |   0.049 |    0.309 | 
     | B_reg_Y_temp_reg_29_ | CK ^ -> Q ^  | DFF_X1    | 0.117 |   0.166 |    0.426 | 
     | U1810                | A1 ^ -> ZN ^ | OR2_X1    | 0.034 |   0.200 |    0.460 | 
     | U1827                | A1 ^ -> ZN v | NAND3_X1  | 0.059 |   0.259 |    0.519 | 
     | FE_OFC2_n1141        | A v -> Z v   | CLKBUF_X1 | 0.163 |   0.421 |    0.681 | 
     | U3150                | B2 v -> ZN ^ | OAI22_X1  | 0.092 |   0.514 |    0.774 | 
     | U3151                | A ^ -> ZN v  | INV_X1    | 0.015 |   0.528 |    0.788 | 
     | U1743                | A1 v -> ZN v | AND3_X1   | 0.037 |   0.565 |    0.825 | 
     | U1518                | A1 v -> ZN v | AND2_X1   | 0.032 |   0.597 |    0.857 | 
     | U1918                | A1 v -> ZN v | AND2_X1   | 0.031 |   0.628 |    0.888 | 
     | U2766                | A v -> Z v   | XOR2_X1   | 0.048 |   0.676 |    0.936 | 
     | U1526                | A v -> Z v   | MUX2_X1   | 0.064 |   0.739 |    1.000 | 
     | U3846                | B v -> CO v  | FA_X1     | 0.083 |   0.823 |    1.083 | 
     | U3941                | A v -> CO v  | FA_X1     | 0.083 |   0.906 |    1.166 | 
     | U3938                | A v -> CO v  | FA_X1     | 0.079 |   0.984 |    1.245 | 
     | U3933                | CI v -> S ^  | FA_X1     | 0.125 |   1.109 |    1.369 | 
     | U2549                | A ^ -> Z ^   | XOR2_X1   | 0.055 |   1.164 |    1.424 | 
     | U2550                | B ^ -> Z ^   | XOR2_X1   | 0.076 |   1.240 |    1.500 | 
     | U4196                | A ^ -> S v   | FA_X1     | 0.109 |   1.349 |    1.609 | 
     | U4356                | A v -> CO v  | FA_X1     | 0.080 |   1.429 |    1.689 | 
     | U4252                | CI v -> S ^  | FA_X1     | 0.118 |   1.547 |    1.807 | 
     | U4443                | A ^ -> S v   | FA_X1     | 0.091 |   1.638 |    1.898 | 
     | U4444                | CI v -> S ^  | FA_X1     | 0.117 |   1.754 |    2.014 | 
     | U2030                | A1 ^ -> ZN v | NOR2_X1   | 0.015 |   1.769 |    2.029 | 
     | U4576                | A2 v -> ZN ^ | NOR2_X1   | 0.036 |   1.805 |    2.065 | 
     | U4771                | A1 ^ -> ZN v | NAND2_X1  | 0.016 |   1.821 |    2.081 | 
     | U5719                | B2 v -> ZN ^ | OAI21_X1  | 0.074 |   1.895 |    2.155 | 
     | U5734                | B1 ^ -> ZN v | AOI21_X1  | 0.027 |   1.922 |    2.182 | 
     | FE_OFC6_n5253        | A v -> Z v   | CLKBUF_X1 | 0.100 |   2.021 |    2.282 | 
     | U6191                | B1 v -> ZN ^ | OAI21_X1  | 0.054 |   2.076 |    2.336 | 
     | U6194                | A ^ -> ZN ^  | XNOR2_X1  | 0.044 |   2.120 |    2.380 | 
     | U6353                | A1 ^ -> ZN v | NAND2_X1  | 0.015 |   2.135 |    2.395 | 
     | U6650                | A1 v -> ZN ^ | NAND2_X1  | 0.017 |   2.152 |    2.412 | 
     | p_reg_Y_temp_reg_54_ | D ^          | DFF_X1    | 0.000 |   2.152 |    2.412 | 
     +------------------------------------------------------------------------------+ 
Path 10: MET Setup Check with Pin p_reg_Y_temp_reg_50_/CK 
Endpoint:   p_reg_Y_temp_reg_50_/D (^) checked with  leading edge of 'CLK'
Beginpoint: B_reg_Y_temp_reg_29_/Q (^) triggered by  leading edge of 'CLK'
Path Groups: {CLK}
Analysis View: default
Other End Arrival Time          0.064
- Setup                         0.027
+ Phase Shift                   2.426
+ CPPR Adjustment               0.000
- Uncertainty                   0.050
= Required Time                 2.412
- Arrival Time                  2.152
= Slack Time                    0.260
     Clock Rise Edge                 0.000
     + Clock Network Latency (Prop)  0.049
     = Beginpoint Arrival Time       0.049
     +------------------------------------------------------------------------------+ 
     |       Instance       |     Arc      |   Cell    | Delay | Arrival | Required | 
     |                      |              |           |       |  Time   |   Time   | 
     |----------------------+--------------+-----------+-------+---------+----------| 
     | B_reg_Y_temp_reg_29_ | CK ^         |           |       |   0.049 |    0.309 | 
     | B_reg_Y_temp_reg_29_ | CK ^ -> Q ^  | DFF_X1    | 0.117 |   0.166 |    0.426 | 
     | U1810                | A1 ^ -> ZN ^ | OR2_X1    | 0.034 |   0.200 |    0.460 | 
     | U1827                | A1 ^ -> ZN v | NAND3_X1  | 0.059 |   0.259 |    0.519 | 
     | FE_OFC2_n1141        | A v -> Z v   | CLKBUF_X1 | 0.163 |   0.421 |    0.682 | 
     | U3150                | B2 v -> ZN ^ | OAI22_X1  | 0.092 |   0.514 |    0.774 | 
     | U3151                | A ^ -> ZN v  | INV_X1    | 0.015 |   0.528 |    0.789 | 
     | U1743                | A1 v -> ZN v | AND3_X1   | 0.037 |   0.565 |    0.826 | 
     | U1518                | A1 v -> ZN v | AND2_X1   | 0.032 |   0.597 |    0.857 | 
     | U1918                | A1 v -> ZN v | AND2_X1   | 0.031 |   0.628 |    0.888 | 
     | U2766                | A v -> Z v   | XOR2_X1   | 0.048 |   0.676 |    0.936 | 
     | U1526                | A v -> Z v   | MUX2_X1   | 0.064 |   0.739 |    1.000 | 
     | U3846                | B v -> CO v  | FA_X1     | 0.083 |   0.823 |    1.083 | 
     | U3941                | A v -> CO v  | FA_X1     | 0.083 |   0.906 |    1.166 | 
     | U3938                | A v -> CO v  | FA_X1     | 0.079 |   0.984 |    1.245 | 
     | U3933                | CI v -> S ^  | FA_X1     | 0.125 |   1.109 |    1.370 | 
     | U2549                | A ^ -> Z ^   | XOR2_X1   | 0.055 |   1.164 |    1.425 | 
     | U2550                | B ^ -> Z ^   | XOR2_X1   | 0.076 |   1.240 |    1.501 | 
     | U4196                | A ^ -> S v   | FA_X1     | 0.109 |   1.349 |    1.609 | 
     | U4356                | A v -> CO v  | FA_X1     | 0.080 |   1.429 |    1.689 | 
     | U4252                | CI v -> S ^  | FA_X1     | 0.118 |   1.547 |    1.808 | 
     | U4443                | A ^ -> S v   | FA_X1     | 0.091 |   1.638 |    1.898 | 
     | U4444                | CI v -> S ^  | FA_X1     | 0.117 |   1.754 |    2.015 | 
     | U2030                | A1 ^ -> ZN v | NOR2_X1   | 0.015 |   1.769 |    2.030 | 
     | U4576                | A2 v -> ZN ^ | NOR2_X1   | 0.036 |   1.805 |    2.065 | 
     | U4771                | A1 ^ -> ZN v | NAND2_X1  | 0.016 |   1.821 |    2.081 | 
     | U5719                | B2 v -> ZN ^ | OAI21_X1  | 0.074 |   1.895 |    2.155 | 
     | U5734                | B1 ^ -> ZN v | AOI21_X1  | 0.027 |   1.922 |    2.182 | 
     | FE_OFC6_n5253        | A v -> Z v   | CLKBUF_X1 | 0.100 |   2.021 |    2.282 | 
     | U6128                | B1 v -> ZN ^ | OAI21_X1  | 0.054 |   2.075 |    2.336 | 
     | U6131                | A ^ -> ZN ^  | XNOR2_X1  | 0.044 |   2.120 |    2.380 | 
     | U6356                | A1 ^ -> ZN v | NAND2_X1  | 0.016 |   2.135 |    2.396 | 
     | U6646                | A1 v -> ZN ^ | NAND2_X1  | 0.017 |   2.152 |    2.412 | 
     | p_reg_Y_temp_reg_50_ | D ^          | DFF_X1    | 0.000 |   2.152 |    2.412 | 
     +------------------------------------------------------------------------------+ 

