###############################################################
#  Generated by:      Cadence Innovus 23.35-s106_1
#  OS:                Linux x86_64(Host ID microsys.openstack.polito)
#  Generated on:      Sat Oct 10 21:46:48 2026
#  Design:            boothmul_registered
#  Command:           report_timing -max_paths 10 > reports/04_preCTS_setup_paths.rpt
###############################################################
Path 1: MET Setup Check with Pin p_reg_Y_temp_reg_52_/CK 
Endpoint:   p_reg_Y_temp_reg_52_/D (^) checked with  leading edge of 'CLK'
Beginpoint: B_reg_Y_temp_reg_11_/Q (v) triggered by  leading edge of 'CLK'
Path Groups: {CLK}
Analysis View: default
Other End Arrival Time          0.050
- Setup                         0.028
+ Phase Shift                   2.135
- Uncertainty                   0.050
= Required Time                 2.107
- Arrival Time                  2.038
= Slack Time                    0.069
     Clock Rise Edge                 0.000
     + Clock Network Latency (Ideal) 0.050
     = Beginpoint Arrival Time       0.050
     +------------------------------------------------------------------------------+ 
     |       Instance       |     Arc      |   Cell    | Delay | Arrival | Required | 
     |                      |              |           |       |  Time   |   Time   | 
     |----------------------+--------------+-----------+-------+---------+----------| 
     | B_reg_Y_temp_reg_11_ | CK ^         |           |       |   0.050 |    0.119 | 
     | B_reg_Y_temp_reg_11_ | CK ^ -> Q v  | DFF_X1    | 0.096 |   0.146 |    0.215 | 
     | U4564                | A2 v -> ZN ^ | NAND2_X1  | 0.019 |   0.165 |    0.234 | 
     | U4360                | A1 ^ -> ZN v | NAND2_X1  | 0.105 |   0.270 |    0.339 | 
     | FE_DBTC11_n4179      | A v -> ZN ^  | INV_X1    | 0.176 |   0.447 |    0.515 | 
     | U4684                | A ^ -> ZN v  | XNOR2_X1  | 0.016 |   0.463 |    0.532 | 
     | FE_OFC16_n4320       | A v -> Z v   | CLKBUF_X1 | 0.116 |   0.579 |    0.648 | 
     | U3813                | B v -> ZN v  | XNOR2_X1  | 0.065 |   0.644 |    0.712 | 
     | FE_OFC24_n7727       | A v -> Z v   | CLKBUF_X1 | 0.121 |   0.765 |    0.834 | 
     | U5894                | A v -> ZN ^  | INV_X1    | 0.066 |   0.831 |    0.900 | 
     | U3922                | A ^ -> ZN ^  | XNOR2_X1  | 0.044 |   0.875 |    0.944 | 
     | FE_OFC29_n7160       | A ^ -> Z ^   | CLKBUF_X1 | 0.085 |   0.960 |    1.029 | 
     | U6468                | A ^ -> ZN v  | INV_X1    | 0.019 |   0.979 |    1.047 | 
     | U6469                | A v -> ZN v  | XNOR2_X2  | 0.074 |   1.053 |    1.122 | 
     | U7728                | B v -> S ^   | FA_X1     | 0.143 |   1.196 |    1.265 | 
     | U7989                | A2 ^ -> ZN v | NOR2_X1   | 0.011 |   1.207 |    1.276 | 
     | U4663                | A2 v -> ZN v | OR2_X1    | 0.055 |   1.263 |    1.331 | 
     | intadd_1523_U3       | A v -> CO v  | FA_X1     | 0.082 |   1.344 |    1.413 | 
     | intadd_1523_U2       | A v -> S ^   | FA_X1     | 0.115 |   1.459 |    1.528 | 
     | U7739                | A ^ -> ZN v  | INV_X1    | 0.008 |   1.467 |    1.536 | 
     | U3705                | A1 v -> ZN v | OR2_X1    | 0.055 |   1.522 |    1.591 | 
     | U7740                | A2 v -> ZN v | AND2_X1   | 0.034 |   1.556 |    1.625 | 
     | U7746                | A v -> ZN ^  | OAI211_X1 | 0.021 |   1.577 |    1.646 | 
     | U4583                | A1 ^ -> ZN v | NAND2_X1  | 0.025 |   1.602 |    1.671 | 
     | U4584                | A2 v -> ZN ^ | NAND2_X1  | 0.020 |   1.622 |    1.690 | 
     | U7751                | B2 ^ -> ZN v | OAI22_X1  | 0.036 |   1.658 |    1.726 | 
     | U4461                | A1 v -> ZN v | AND2_X1   | 0.036 |   1.693 |    1.762 | 
     | U4474                | B1 v -> ZN ^ | OAI21_X1  | 0.064 |   1.757 |    1.826 | 
     | U4578                | A1 ^ -> ZN v | NAND3_X1  | 0.038 |   1.796 |    1.864 | 
     | U4537                | A1 v -> ZN v | AND3_X1   | 0.043 |   1.838 |    1.907 | 
     | U4544                | A1 v -> ZN v | OR2_X1    | 0.052 |   1.891 |    1.959 | 
     | U4427                | A1 v -> ZN ^ | NAND2_X1  | 0.032 |   1.922 |    1.991 | 
     | U4497                | A1 ^ -> ZN v | NOR2_X1   | 0.009 |   1.932 |    2.000 | 
     | U4243                | A3 v -> ZN v | OR3_X1    | 0.080 |   2.011 |    2.080 | 
     | U4242                | B1 v -> ZN ^ | OAI21_X1  | 0.027 |   2.038 |    2.107 | 
     | p_reg_Y_temp_reg_52_ | D ^          | DFF_X1    | 0.000 |   2.038 |    2.107 | 
     +------------------------------------------------------------------------------+ 
Path 2: MET Setup Check with Pin p_reg_Y_temp_reg_55_/CK 
Endpoint:   p_reg_Y_temp_reg_55_/D (v) checked with  leading edge of 'CLK'
Beginpoint: B_reg_Y_temp_reg_11_/Q (v) triggered by  leading edge of 'CLK'
Path Groups: {CLK}
Analysis View: default
Other End Arrival Time          0.050
- Setup                         0.025
+ Phase Shift                   2.135
- Uncertainty                   0.050
= Required Time                 2.110
- Arrival Time                  2.040
= Slack Time                    0.070
     Clock Rise Edge                 0.000
     + Clock Network Latency (Ideal) 0.050
     = Beginpoint Arrival Time       0.050
     +------------------------------------------------------------------------------+ 
     |       Instance       |     Arc      |   Cell    | Delay | Arrival | Required | 
     |                      |              |           |       |  Time   |   Time   | 
     |----------------------+--------------+-----------+-------+---------+----------| 
     | B_reg_Y_temp_reg_11_ | CK ^         |           |       |   0.050 |    0.120 | 
     | B_reg_Y_temp_reg_11_ | CK ^ -> Q v  | DFF_X1    | 0.096 |   0.146 |    0.216 | 
     | U4564                | A2 v -> ZN ^ | NAND2_X1  | 0.019 |   0.165 |    0.235 | 
     | U4360                | A1 ^ -> ZN v | NAND2_X1  | 0.105 |   0.270 |    0.341 | 
     | FE_DBTC11_n4179      | A v -> ZN ^  | INV_X1    | 0.176 |   0.447 |    0.517 | 
     | U4684                | A ^ -> ZN v  | XNOR2_X1  | 0.016 |   0.463 |    0.534 | 
     | FE_OFC16_n4320       | A v -> Z v   | CLKBUF_X1 | 0.116 |   0.579 |    0.649 | 
     | U3813                | B v -> ZN v  | XNOR2_X1  | 0.065 |   0.644 |    0.714 | 
     | FE_OFC24_n7727       | A v -> Z v   | CLKBUF_X1 | 0.121 |   0.765 |    0.835 | 
     | U5894                | A v -> ZN ^  | INV_X1    | 0.066 |   0.831 |    0.902 | 
     | U3922                | A ^ -> ZN ^  | XNOR2_X1  | 0.044 |   0.875 |    0.946 | 
     | FE_OFC29_n7160       | A ^ -> Z ^   | CLKBUF_X1 | 0.085 |   0.960 |    1.030 | 
     | U6468                | A ^ -> ZN v  | INV_X1    | 0.019 |   0.979 |    1.049 | 
     | U6469                | A v -> ZN v  | XNOR2_X2  | 0.074 |   1.053 |    1.124 | 
     | U7728                | B v -> S ^   | FA_X1     | 0.143 |   1.196 |    1.266 | 
     | U7989                | A2 ^ -> ZN v | NOR2_X1   | 0.011 |   1.207 |    1.278 | 
     | U4663                | A2 v -> ZN v | OR2_X1    | 0.055 |   1.263 |    1.333 | 
     | intadd_1523_U3       | A v -> CO v  | FA_X1     | 0.082 |   1.344 |    1.415 | 
     | intadd_1523_U2       | A v -> S ^   | FA_X1     | 0.115 |   1.459 |    1.530 | 
     | U7739                | A ^ -> ZN v  | INV_X1    | 0.008 |   1.468 |    1.538 | 
     | U3705                | A1 v -> ZN v | OR2_X1    | 0.055 |   1.522 |    1.593 | 
     | U7740                | A2 v -> ZN v | AND2_X1   | 0.034 |   1.556 |    1.627 | 
     | U7746                | A v -> ZN ^  | OAI211_X1 | 0.021 |   1.577 |    1.648 | 
     | U4583                | A1 ^ -> ZN v | NAND2_X1  | 0.025 |   1.602 |    1.673 | 
     | U4584                | A2 v -> ZN ^ | NAND2_X1  | 0.020 |   1.622 |    1.692 | 
     | U7751                | B2 ^ -> ZN v | OAI22_X1  | 0.036 |   1.658 |    1.728 | 
     | U4461                | A1 v -> ZN v | AND2_X1   | 0.036 |   1.693 |    1.764 | 
     | U4474                | B1 v -> ZN ^ | OAI21_X1  | 0.064 |   1.757 |    1.828 | 
     | U4578                | A1 ^ -> ZN v | NAND3_X1  | 0.038 |   1.796 |    1.866 | 
     | U4537                | A1 v -> ZN v | AND3_X1   | 0.043 |   1.838 |    1.909 | 
     | U4544                | A1 v -> ZN v | OR2_X1    | 0.052 |   1.891 |    1.961 | 
     | U4427                | A1 v -> ZN ^ | NAND2_X1  | 0.032 |   1.922 |    1.993 | 
     | U4492                | A1 ^ -> ZN v | NAND2_X1  | 0.020 |   1.942 |    2.013 | 
     | U4434                | A2 v -> ZN v | OR2_X1    | 0.050 |   1.992 |    2.063 | 
     | U4238                | C1 v -> ZN ^ | OAI211_X1 | 0.033 |   2.025 |    2.095 | 
     | U9021                | A1 ^ -> ZN v | NAND2_X1  | 0.015 |   2.040 |    2.110 | 
     | p_reg_Y_temp_reg_55_ | D v          | DFF_X1    | 0.000 |   2.040 |    2.110 | 
     +------------------------------------------------------------------------------+ 
Path 3: MET Setup Check with Pin p_reg_Y_temp_reg_54_/CK 
Endpoint:   p_reg_Y_temp_reg_54_/D (v) checked with  leading edge of 'CLK'
Beginpoint: B_reg_Y_temp_reg_11_/Q (v) triggered by  leading edge of 'CLK'
Path Groups: {CLK}
Analysis View: default
Other End Arrival Time          0.050
- Setup                         0.031
+ Phase Shift                   2.135
- Uncertainty                   0.050
= Required Time                 2.105
- Arrival Time                  2.031
= Slack Time                    0.074
     Clock Rise Edge                 0.000
     + Clock Network Latency (Ideal) 0.050
     = Beginpoint Arrival Time       0.050
     +------------------------------------------------------------------------------+ 
     |       Instance       |     Arc      |   Cell    | Delay | Arrival | Required | 
     |                      |              |           |       |  Time   |   Time   | 
     |----------------------+--------------+-----------+-------+---------+----------| 
     | B_reg_Y_temp_reg_11_ | CK ^         |           |       |   0.050 |    0.124 | 
     | B_reg_Y_temp_reg_11_ | CK ^ -> Q v  | DFF_X1    | 0.096 |   0.146 |    0.220 | 
     | U4564                | A2 v -> ZN ^ | NAND2_X1  | 0.019 |   0.165 |    0.239 | 
     | U4360                | A1 ^ -> ZN v | NAND2_X1  | 0.105 |   0.270 |    0.344 | 
     | FE_DBTC11_n4179      | A v -> ZN ^  | INV_X1    | 0.176 |   0.447 |    0.521 | 
     | U4684                | A ^ -> ZN v  | XNOR2_X1  | 0.016 |   0.463 |    0.537 | 
     | FE_OFC16_n4320       | A v -> Z v   | CLKBUF_X1 | 0.116 |   0.579 |    0.653 | 
     | U3813                | B v -> ZN v  | XNOR2_X1  | 0.065 |   0.644 |    0.718 | 
     | FE_OFC24_n7727       | A v -> Z v   | CLKBUF_X1 | 0.121 |   0.765 |    0.839 | 
     | U5894                | A v -> ZN ^  | INV_X1    | 0.066 |   0.831 |    0.905 | 
     | U3922                | A ^ -> ZN ^  | XNOR2_X1  | 0.044 |   0.875 |    0.950 | 
     | FE_OFC29_n7160       | A ^ -> Z ^   | CLKBUF_X1 | 0.085 |   0.960 |    1.034 | 
     | U6468                | A ^ -> ZN v  | INV_X1    | 0.019 |   0.979 |    1.053 | 
     | U6469                | A v -> ZN v  | XNOR2_X2  | 0.074 |   1.053 |    1.127 | 
     | U7728                | B v -> S ^   | FA_X1     | 0.143 |   1.196 |    1.270 | 
     | U7989                | A2 ^ -> ZN v | NOR2_X1   | 0.011 |   1.207 |    1.282 | 
     | U4663                | A2 v -> ZN v | OR2_X1    | 0.055 |   1.263 |    1.337 | 
     | intadd_1523_U3       | A v -> CO v  | FA_X1     | 0.082 |   1.344 |    1.419 | 
     | intadd_1523_U2       | A v -> S ^   | FA_X1     | 0.115 |   1.459 |    1.533 | 
     | U7739                | A ^ -> ZN v  | INV_X1    | 0.008 |   1.468 |    1.542 | 
     | U3705                | A1 v -> ZN v | OR2_X1    | 0.055 |   1.522 |    1.597 | 
     | U7740                | A2 v -> ZN v | AND2_X1   | 0.034 |   1.556 |    1.631 | 
     | U7746                | A v -> ZN ^  | OAI211_X1 | 0.021 |   1.577 |    1.651 | 
     | U4583                | A1 ^ -> ZN v | NAND2_X1  | 0.025 |   1.602 |    1.676 | 
     | U4584                | A2 v -> ZN ^ | NAND2_X1  | 0.020 |   1.622 |    1.696 | 
     | U7751                | B2 ^ -> ZN v | OAI22_X1  | 0.036 |   1.658 |    1.732 | 
     | U4461                | A1 v -> ZN v | AND2_X1   | 0.036 |   1.693 |    1.767 | 
     | U4474                | B1 v -> ZN ^ | OAI21_X1  | 0.064 |   1.757 |    1.832 | 
     | U4578                | A1 ^ -> ZN v | NAND3_X1  | 0.038 |   1.796 |    1.870 | 
     | U4537                | A1 v -> ZN v | AND3_X1   | 0.043 |   1.838 |    1.913 | 
     | U4544                | A1 v -> ZN v | OR2_X1    | 0.052 |   1.891 |    1.965 | 
     | U4427                | A1 v -> ZN ^ | NAND2_X1  | 0.032 |   1.922 |    1.997 | 
     | U4435                | A1 ^ -> ZN ^ | AND3_X1   | 0.048 |   1.971 |    2.045 | 
     | U4493                | B ^ -> ZN ^  | XNOR2_X1  | 0.041 |   2.012 |    2.086 | 
     | U4240                | B2 ^ -> ZN v | OAI21_X1  | 0.019 |   2.031 |    2.105 | 
     | p_reg_Y_temp_reg_54_ | D v          | DFF_X1    | 0.000 |   2.031 |    2.105 | 
     +------------------------------------------------------------------------------+ 
Path 4: MET Setup Check with Pin p_reg_Y_temp_reg_53_/CK 
Endpoint:   p_reg_Y_temp_reg_53_/D (v) checked with  leading edge of 'CLK'
Beginpoint: B_reg_Y_temp_reg_11_/Q (v) triggered by  leading edge of 'CLK'
Path Groups: {CLK}
Analysis View: default
Other End Arrival Time          0.050
- Setup                         0.026
+ Phase Shift                   2.135
- Uncertainty                   0.050
= Required Time                 2.109
- Arrival Time                  2.027
= Slack Time                    0.082
     Clock Rise Edge                 0.000
     + Clock Network Latency (Ideal) 0.050
     = Beginpoint Arrival Time       0.050
     +------------------------------------------------------------------------------+ 
     |       Instance       |     Arc      |   Cell    | Delay | Arrival | Required | 
     |                      |              |           |       |  Time   |   Time   | 
     |----------------------+--------------+-----------+-------+---------+----------| 
     | B_reg_Y_temp_reg_11_ | CK ^         |           |       |   0.050 |    0.132 | 
     | B_reg_Y_temp_reg_11_ | CK ^ -> Q v  | DFF_X1    | 0.096 |   0.146 |    0.228 | 
     | U4564                | A2 v -> ZN ^ | NAND2_X1  | 0.019 |   0.165 |    0.247 | 
     | U4360                | A1 ^ -> ZN v | NAND2_X1  | 0.105 |   0.270 |    0.353 | 
     | FE_DBTC11_n4179      | A v -> ZN ^  | INV_X1    | 0.176 |   0.447 |    0.529 | 
     | U4684                | A ^ -> ZN v  | XNOR2_X1  | 0.016 |   0.463 |    0.545 | 
     | FE_OFC16_n4320       | A v -> Z v   | CLKBUF_X1 | 0.116 |   0.579 |    0.661 | 
     | U3813                | B v -> ZN v  | XNOR2_X1  | 0.065 |   0.644 |    0.726 | 
     | FE_OFC24_n7727       | A v -> Z v   | CLKBUF_X1 | 0.121 |   0.765 |    0.847 | 
     | U5894                | A v -> ZN ^  | INV_X1    | 0.066 |   0.831 |    0.913 | 
     | U3922                | A ^ -> ZN ^  | XNOR2_X1  | 0.044 |   0.875 |    0.958 | 
     | FE_OFC29_n7160       | A ^ -> Z ^   | CLKBUF_X1 | 0.085 |   0.960 |    1.042 | 
     | U6468                | A ^ -> ZN v  | INV_X1    | 0.019 |   0.979 |    1.061 | 
     | U6469                | A v -> ZN v  | XNOR2_X2  | 0.074 |   1.053 |    1.135 | 
     | U7728                | B v -> S ^   | FA_X1     | 0.143 |   1.196 |    1.278 | 
     | U7989                | A2 ^ -> ZN v | NOR2_X1   | 0.011 |   1.207 |    1.290 | 
     | U4663                | A2 v -> ZN v | OR2_X1    | 0.055 |   1.263 |    1.345 | 
     | intadd_1523_U3       | A v -> CO v  | FA_X1     | 0.082 |   1.344 |    1.427 | 
     | intadd_1523_U2       | A v -> S ^   | FA_X1     | 0.115 |   1.459 |    1.541 | 
     | U7739                | A ^ -> ZN v  | INV_X1    | 0.008 |   1.467 |    1.550 | 
     | U3705                | A1 v -> ZN v | OR2_X1    | 0.055 |   1.522 |    1.605 | 
     | U7740                | A2 v -> ZN v | AND2_X1   | 0.034 |   1.556 |    1.639 | 
     | U7746                | A v -> ZN ^  | OAI211_X1 | 0.021 |   1.577 |    1.659 | 
     | U4583                | A1 ^ -> ZN v | NAND2_X1  | 0.025 |   1.602 |    1.685 | 
     | U4584                | A2 v -> ZN ^ | NAND2_X1  | 0.020 |   1.622 |    1.704 | 
     | U7751                | B2 ^ -> ZN v | OAI22_X1  | 0.036 |   1.658 |    1.740 | 
     | U4461                | A1 v -> ZN v | AND2_X1   | 0.036 |   1.693 |    1.776 | 
     | U4474                | B1 v -> ZN ^ | OAI21_X1  | 0.064 |   1.757 |    1.840 | 
     | U4578                | A1 ^ -> ZN v | NAND3_X1  | 0.038 |   1.796 |    1.878 | 
     | U4537                | A1 v -> ZN v | AND3_X1   | 0.043 |   1.838 |    1.921 | 
     | U4544                | A1 v -> ZN v | OR2_X1    | 0.052 |   1.891 |    1.973 | 
     | U4427                | A1 v -> ZN ^ | NAND2_X1  | 0.032 |   1.922 |    2.005 | 
     | U4498                | A ^ -> ZN v  | INV_X1    | 0.012 |   1.934 |    2.017 | 
     | U3670                | A1 v -> ZN v | OR2_X1    | 0.048 |   1.982 |    2.064 | 
     | U4576                | A1 v -> ZN ^ | NAND3_X1  | 0.016 |   1.999 |    2.081 | 
     | U4483                | A ^ -> ZN v  | OAI211_X1 | 0.028 |   2.027 |    2.109 | 
     | p_reg_Y_temp_reg_53_ | D v          | DFFS_X1   | 0.000 |   2.027 |    2.109 | 
     +------------------------------------------------------------------------------+ 
Path 5: MET Setup Check with Pin p_reg_Y_temp_reg_58_/CK 
Endpoint:   p_reg_Y_temp_reg_58_/D (^) checked with  leading edge of 'CLK'
Beginpoint: B_reg_Y_temp_reg_11_/Q (v) triggered by  leading edge of 'CLK'
Path Groups: {CLK}
Analysis View: default
Other End Arrival Time          0.050
- Setup                         0.030
+ Phase Shift                   2.135
- Uncertainty                   0.050
= Required Time                 2.105
- Arrival Time                  2.020
= Slack Time                    0.086
     Clock Rise Edge                 0.000
     + Clock Network Latency (Ideal) 0.050
     = Beginpoint Arrival Time       0.050
     +------------------------------------------------------------------------------+ 
     |       Instance       |     Arc      |   Cell    | Delay | Arrival | Required | 
     |                      |              |           |       |  Time   |   Time   | 
     |----------------------+--------------+-----------+-------+---------+----------| 
     | B_reg_Y_temp_reg_11_ | CK ^         |           |       |   0.050 |    0.136 | 
     | B_reg_Y_temp_reg_11_ | CK ^ -> Q v  | DFF_X1    | 0.096 |   0.146 |    0.232 | 
     | U4564                | A2 v -> ZN ^ | NAND2_X1  | 0.019 |   0.165 |    0.251 | 
     | U4360                | A1 ^ -> ZN v | NAND2_X1  | 0.105 |   0.270 |    0.356 | 
     | FE_DBTC11_n4179      | A v -> ZN ^  | INV_X1    | 0.176 |   0.447 |    0.532 | 
     | U4684                | A ^ -> ZN v  | XNOR2_X1  | 0.016 |   0.463 |    0.549 | 
     | FE_OFC16_n4320       | A v -> Z v   | CLKBUF_X1 | 0.116 |   0.579 |    0.665 | 
     | U3813                | B v -> ZN v  | XNOR2_X1  | 0.065 |   0.644 |    0.729 | 
     | FE_OFC24_n7727       | A v -> Z v   | CLKBUF_X1 | 0.121 |   0.765 |    0.851 | 
     | U5894                | A v -> ZN ^  | INV_X1    | 0.066 |   0.831 |    0.917 | 
     | U3922                | A ^ -> ZN ^  | XNOR2_X1  | 0.044 |   0.875 |    0.961 | 
     | FE_OFC29_n7160       | A ^ -> Z ^   | CLKBUF_X1 | 0.085 |   0.960 |    1.046 | 
     | U6468                | A ^ -> ZN v  | INV_X1    | 0.019 |   0.979 |    1.064 | 
     | U6469                | A v -> ZN v  | XNOR2_X2  | 0.074 |   1.053 |    1.139 | 
     | U7728                | B v -> S ^   | FA_X1     | 0.143 |   1.196 |    1.282 | 
     | U7989                | A2 ^ -> ZN v | NOR2_X1   | 0.011 |   1.207 |    1.293 | 
     | U4663                | A2 v -> ZN v | OR2_X1    | 0.055 |   1.263 |    1.348 | 
     | intadd_1523_U3       | A v -> CO v  | FA_X1     | 0.082 |   1.344 |    1.430 | 
     | intadd_1523_U2       | A v -> S ^   | FA_X1     | 0.115 |   1.459 |    1.545 | 
     | U7739                | A ^ -> ZN v  | INV_X1    | 0.008 |   1.468 |    1.553 | 
     | U3705                | A1 v -> ZN v | OR2_X1    | 0.055 |   1.522 |    1.608 | 
     | U7740                | A2 v -> ZN v | AND2_X1   | 0.034 |   1.556 |    1.642 | 
     | U7746                | A v -> ZN ^  | OAI211_X1 | 0.021 |   1.577 |    1.663 | 
     | U4583                | A1 ^ -> ZN v | NAND2_X1  | 0.025 |   1.602 |    1.688 | 
     | U4584                | A2 v -> ZN ^ | NAND2_X1  | 0.020 |   1.622 |    1.707 | 
     | U7751                | B2 ^ -> ZN v | OAI22_X1  | 0.036 |   1.658 |    1.743 | 
     | U4461                | A1 v -> ZN v | AND2_X1   | 0.036 |   1.693 |    1.779 | 
     | U4474                | B1 v -> ZN ^ | OAI21_X1  | 0.064 |   1.757 |    1.843 | 
     | U4578                | A1 ^ -> ZN v | NAND3_X1  | 0.038 |   1.796 |    1.881 | 
     | U4537                | A1 v -> ZN v | AND3_X1   | 0.043 |   1.838 |    1.924 | 
     | U4510                | A1 v -> ZN ^ | NAND2_X1  | 0.015 |   1.853 |    1.939 | 
     | U4512                | A2 ^ -> ZN v | NAND3_X1  | 0.033 |   1.886 |    1.971 | 
     | U4456                | A1 v -> ZN ^ | NAND2_X1  | 0.044 |   1.930 |    2.015 | 
     | U4499                | A1 ^ -> ZN v | NAND2_X1  | 0.020 |   1.950 |    2.036 | 
     | U4502                | A v -> ZN v  | XNOR2_X1  | 0.040 |   1.990 |    2.076 | 
     | U4472                | B2 v -> ZN ^ | OAI21_X1  | 0.030 |   2.020 |    2.105 | 
     | p_reg_Y_temp_reg_58_ | D ^          | DFF_X1    | 0.000 |   2.020 |    2.105 | 
     +------------------------------------------------------------------------------+ 
Path 6: MET Setup Check with Pin p_reg_Y_temp_reg_38_/CK 
Endpoint:   p_reg_Y_temp_reg_38_/D (^) checked with  leading edge of 'CLK'
Beginpoint: B_reg_Y_temp_reg_11_/Q (v) triggered by  leading edge of 'CLK'
Path Groups: {CLK}
Analysis View: default
Other End Arrival Time          0.050
- Setup                         0.032
+ Phase Shift                   2.135
- Uncertainty                   0.050
= Required Time                 2.103
- Arrival Time                  2.017
= Slack Time                    0.086
     Clock Rise Edge                 0.000
     + Clock Network Latency (Ideal) 0.050
     = Beginpoint Arrival Time       0.050
     +------------------------------------------------------------------------------+ 
     |       Instance       |     Arc      |   Cell    | Delay | Arrival | Required | 
     |                      |              |           |       |  Time   |   Time   | 
     |----------------------+--------------+-----------+-------+---------+----------| 
     | B_reg_Y_temp_reg_11_ | CK ^         |           |       |   0.050 |    0.136 | 
     | B_reg_Y_temp_reg_11_ | CK ^ -> Q v  | DFF_X1    | 0.096 |   0.146 |    0.232 | 
     | U4564                | A2 v -> ZN ^ | NAND2_X1  | 0.019 |   0.165 |    0.251 | 
     | U4360                | A1 ^ -> ZN v | NAND2_X1  | 0.105 |   0.270 |    0.357 | 
     | FE_DBTC11_n4179      | A v -> ZN ^  | INV_X1    | 0.176 |   0.447 |    0.533 | 
     | U4684                | A ^ -> ZN v  | XNOR2_X1  | 0.016 |   0.463 |    0.550 | 
     | FE_OFC16_n4320       | A v -> Z v   | CLKBUF_X1 | 0.116 |   0.579 |    0.665 | 
     | U3813                | B v -> ZN v  | XNOR2_X1  | 0.065 |   0.644 |    0.730 | 
     | FE_OFC24_n7727       | A v -> Z v   | CLKBUF_X1 | 0.121 |   0.765 |    0.851 | 
     | U5894                | A v -> ZN ^  | INV_X1    | 0.066 |   0.831 |    0.918 | 
     | U3922                | A ^ -> ZN ^  | XNOR2_X1  | 0.044 |   0.875 |    0.962 | 
     | FE_OFC29_n7160       | A ^ -> Z ^   | CLKBUF_X1 | 0.085 |   0.960 |    1.046 | 
     | U6468                | A ^ -> ZN v  | INV_X1    | 0.019 |   0.979 |    1.065 | 
     | U6469                | A v -> ZN v  | XNOR2_X2  | 0.074 |   1.053 |    1.140 | 
     | U7728                | B v -> S ^   | FA_X1     | 0.143 |   1.196 |    1.282 | 
     | U7989                | A2 ^ -> ZN v | NOR2_X1   | 0.011 |   1.207 |    1.294 | 
     | U4663                | A2 v -> ZN v | OR2_X1    | 0.055 |   1.263 |    1.349 | 
     | intadd_1523_U3       | A v -> CO v  | FA_X1     | 0.082 |   1.344 |    1.431 | 
     | intadd_1523_U2       | A v -> S ^   | FA_X1     | 0.115 |   1.459 |    1.546 | 
     | U7739                | A ^ -> ZN v  | INV_X1    | 0.008 |   1.467 |    1.554 | 
     | U3705                | A1 v -> ZN v | OR2_X1    | 0.055 |   1.522 |    1.609 | 
     | U7740                | A2 v -> ZN v | AND2_X1   | 0.034 |   1.556 |    1.643 | 
     | U7746                | A v -> ZN ^  | OAI211_X1 | 0.021 |   1.577 |    1.664 | 
     | U4583                | A1 ^ -> ZN v | NAND2_X1  | 0.025 |   1.602 |    1.689 | 
     | U4584                | A2 v -> ZN ^ | NAND2_X1  | 0.020 |   1.622 |    1.708 | 
     | U7751                | B2 ^ -> ZN v | OAI22_X1  | 0.036 |   1.658 |    1.744 | 
     | U4461                | A1 v -> ZN v | AND2_X1   | 0.036 |   1.693 |    1.780 | 
     | U4474                | B1 v -> ZN ^ | OAI21_X1  | 0.064 |   1.757 |    1.844 | 
     | U4410                | A1 ^ -> ZN v | NAND2_X1  | 0.017 |   1.775 |    1.861 | 
     | U4588                | A2 v -> ZN v | AND2_X1   | 0.041 |   1.815 |    1.902 | 
     | U8080                | A2 v -> ZN v | OR2_X1    | 0.054 |   1.869 |    1.956 | 
     | U8345                | A1 v -> ZN ^ | NOR2_X1   | 0.032 |   1.901 |    1.988 | 
     | U8695                | A2 ^ -> ZN v | NOR2_X1   | 0.011 |   1.913 |    1.999 | 
     | U8762                | A1 v -> ZN v | OR3_X1    | 0.078 |   1.991 |    2.078 | 
     | U3365                | A v -> ZN ^  | OAI21_X1  | 0.026 |   2.017 |    2.103 | 
     | p_reg_Y_temp_reg_38_ | D ^          | DFF_X1    | 0.000 |   2.017 |    2.103 | 
     +------------------------------------------------------------------------------+ 
Path 7: MET Setup Check with Pin p_reg_Y_temp_reg_39_/CK 
Endpoint:   p_reg_Y_temp_reg_39_/D (^) checked with  leading edge of 'CLK'
Beginpoint: B_reg_Y_temp_reg_11_/Q (v) triggered by  leading edge of 'CLK'
Path Groups: {CLK}
Analysis View: default
Other End Arrival Time          0.050
- Setup                         0.032
+ Phase Shift                   2.135
- Uncertainty                   0.050
= Required Time                 2.103
- Arrival Time                  2.014
= Slack Time                    0.090
     Clock Rise Edge                 0.000
     + Clock Network Latency (Ideal) 0.050
     = Beginpoint Arrival Time       0.050
     +------------------------------------------------------------------------------+ 
     |       Instance       |     Arc      |   Cell    | Delay | Arrival | Required | 
     |                      |              |           |       |  Time   |   Time   | 
     |----------------------+--------------+-----------+-------+---------+----------| 
     | B_reg_Y_temp_reg_11_ | CK ^         |           |       |   0.050 |    0.140 | 
     | B_reg_Y_temp_reg_11_ | CK ^ -> Q v  | DFF_X1    | 0.096 |   0.146 |    0.236 | 
     | U4564                | A2 v -> ZN ^ | NAND2_X1  | 0.019 |   0.165 |    0.255 | 
     | U4360                | A1 ^ -> ZN v | NAND2_X1  | 0.105 |   0.270 |    0.360 | 
     | FE_DBTC11_n4179      | A v -> ZN ^  | INV_X1    | 0.176 |   0.447 |    0.536 | 
     | U4684                | A ^ -> ZN v  | XNOR2_X1  | 0.016 |   0.463 |    0.553 | 
     | FE_OFC16_n4320       | A v -> Z v   | CLKBUF_X1 | 0.116 |   0.579 |    0.669 | 
     | U3813                | B v -> ZN v  | XNOR2_X1  | 0.065 |   0.644 |    0.733 | 
     | FE_OFC24_n7727       | A v -> Z v   | CLKBUF_X1 | 0.121 |   0.765 |    0.855 | 
     | U5894                | A v -> ZN ^  | INV_X1    | 0.066 |   0.831 |    0.921 | 
     | U3922                | A ^ -> ZN ^  | XNOR2_X1  | 0.044 |   0.875 |    0.965 | 
     | FE_OFC29_n7160       | A ^ -> Z ^   | CLKBUF_X1 | 0.085 |   0.960 |    1.050 | 
     | U6468                | A ^ -> ZN v  | INV_X1    | 0.019 |   0.979 |    1.068 | 
     | U6469                | A v -> ZN v  | XNOR2_X2  | 0.074 |   1.053 |    1.143 | 
     | U7728                | B v -> S ^   | FA_X1     | 0.143 |   1.196 |    1.286 | 
     | U7989                | A2 ^ -> ZN v | NOR2_X1   | 0.011 |   1.207 |    1.297 | 
     | U4663                | A2 v -> ZN v | OR2_X1    | 0.055 |   1.263 |    1.352 | 
     | intadd_1523_U3       | A v -> CO v  | FA_X1     | 0.082 |   1.344 |    1.434 | 
     | intadd_1523_U2       | A v -> S ^   | FA_X1     | 0.115 |   1.459 |    1.549 | 
     | U7739                | A ^ -> ZN v  | INV_X1    | 0.008 |   1.468 |    1.557 | 
     | U3705                | A1 v -> ZN v | OR2_X1    | 0.055 |   1.522 |    1.612 | 
     | U7740                | A2 v -> ZN v | AND2_X1   | 0.034 |   1.556 |    1.646 | 
     | U7746                | A v -> ZN ^  | OAI211_X1 | 0.021 |   1.577 |    1.667 | 
     | U4583                | A1 ^ -> ZN v | NAND2_X1  | 0.025 |   1.602 |    1.692 | 
     | U4584                | A2 v -> ZN ^ | NAND2_X1  | 0.020 |   1.622 |    1.711 | 
     | U7751                | B2 ^ -> ZN v | OAI22_X1  | 0.036 |   1.658 |    1.747 | 
     | U4461                | A1 v -> ZN v | AND2_X1   | 0.036 |   1.693 |    1.783 | 
     | U4474                | B1 v -> ZN ^ | OAI21_X1  | 0.064 |   1.757 |    1.847 | 
     | U4410                | A1 ^ -> ZN v | NAND2_X1  | 0.017 |   1.775 |    1.864 | 
     | U4588                | A2 v -> ZN v | AND2_X1   | 0.041 |   1.815 |    1.905 | 
     | U8334                | A1 v -> ZN v | OR3_X1    | 0.073 |   1.888 |    1.978 | 
     | U8699                | A1 v -> ZN ^ | NAND2_X1  | 0.021 |   1.909 |    1.999 | 
     | U8700                | B ^ -> ZN ^  | XNOR2_X1  | 0.052 |   1.961 |    2.051 | 
     | U9031                | A1 ^ -> ZN v | NAND2_X1  | 0.027 |   1.988 |    2.078 | 
     | U3362                | A v -> ZN ^  | OAI21_X1  | 0.025 |   2.014 |    2.103 | 
     | p_reg_Y_temp_reg_39_ | D ^          | DFF_X1    | 0.000 |   2.014 |    2.103 | 
     +------------------------------------------------------------------------------+ 
Path 8: MET Setup Check with Pin p_reg_Y_temp_reg_50_/CK 
Endpoint:   p_reg_Y_temp_reg_50_/D (v) checked with  leading edge of 'CLK'
Beginpoint: B_reg_Y_temp_reg_11_/Q (v) triggered by  leading edge of 'CLK'
Path Groups: {CLK}
Analysis View: default
Other End Arrival Time          0.050
- Setup                         0.031
+ Phase Shift                   2.135
- Uncertainty                   0.050
= Required Time                 2.105
- Arrival Time                  2.014
= Slack Time                    0.091
     Clock Rise Edge                 0.000
     + Clock Network Latency (Ideal) 0.050
     = Beginpoint Arrival Time       0.050
     +------------------------------------------------------------------------------+ 
     |       Instance       |     Arc      |   Cell    | Delay | Arrival | Required | 
     |                      |              |           |       |  Time   |   Time   | 
     |----------------------+--------------+-----------+-------+---------+----------| 
     | B_reg_Y_temp_reg_11_ | CK ^         |           |       |   0.050 |    0.141 | 
     | B_reg_Y_temp_reg_11_ | CK ^ -> Q v  | DFF_X1    | 0.096 |   0.146 |    0.237 | 
     | U4564                | A2 v -> ZN ^ | NAND2_X1  | 0.019 |   0.165 |    0.256 | 
     | U4360                | A1 ^ -> ZN v | NAND2_X1  | 0.105 |   0.270 |    0.361 | 
     | FE_DBTC11_n4179      | A v -> ZN ^  | INV_X1    | 0.176 |   0.447 |    0.537 | 
     | U4684                | A ^ -> ZN v  | XNOR2_X1  | 0.016 |   0.463 |    0.554 | 
     | FE_OFC16_n4320       | A v -> Z v   | CLKBUF_X1 | 0.116 |   0.579 |    0.670 | 
     | U3813                | B v -> ZN v  | XNOR2_X1  | 0.065 |   0.644 |    0.735 | 
     | FE_OFC24_n7727       | A v -> Z v   | CLKBUF_X1 | 0.121 |   0.765 |    0.856 | 
     | U5894                | A v -> ZN ^  | INV_X1    | 0.066 |   0.831 |    0.922 | 
     | U3922                | A ^ -> ZN ^  | XNOR2_X1  | 0.044 |   0.875 |    0.966 | 
     | FE_OFC29_n7160       | A ^ -> Z ^   | CLKBUF_X1 | 0.085 |   0.960 |    1.051 | 
     | U6468                | A ^ -> ZN v  | INV_X1    | 0.019 |   0.979 |    1.069 | 
     | U6469                | A v -> ZN v  | XNOR2_X2  | 0.074 |   1.053 |    1.144 | 
     | U7728                | B v -> S ^   | FA_X1     | 0.143 |   1.196 |    1.287 | 
     | U7989                | A2 ^ -> ZN v | NOR2_X1   | 0.011 |   1.207 |    1.298 | 
     | U4663                | A2 v -> ZN v | OR2_X1    | 0.055 |   1.263 |    1.353 | 
     | intadd_1523_U3       | A v -> CO v  | FA_X1     | 0.082 |   1.344 |    1.435 | 
     | intadd_1523_U2       | A v -> S ^   | FA_X1     | 0.115 |   1.459 |    1.550 | 
     | U7739                | A ^ -> ZN v  | INV_X1    | 0.008 |   1.468 |    1.558 | 
     | U3705                | A1 v -> ZN v | OR2_X1    | 0.055 |   1.522 |    1.613 | 
     | U7740                | A2 v -> ZN v | AND2_X1   | 0.034 |   1.556 |    1.647 | 
     | U7746                | A v -> ZN ^  | OAI211_X1 | 0.021 |   1.577 |    1.668 | 
     | U4583                | A1 ^ -> ZN v | NAND2_X1  | 0.025 |   1.602 |    1.693 | 
     | U4584                | A2 v -> ZN ^ | NAND2_X1  | 0.020 |   1.622 |    1.712 | 
     | U7751                | B2 ^ -> ZN v | OAI22_X1  | 0.036 |   1.658 |    1.748 | 
     | U4461                | A1 v -> ZN v | AND2_X1   | 0.036 |   1.693 |    1.784 | 
     | U4474                | B1 v -> ZN ^ | OAI21_X1  | 0.064 |   1.757 |    1.848 | 
     | U4578                | A1 ^ -> ZN v | NAND3_X1  | 0.038 |   1.796 |    1.886 | 
     | U4537                | A1 v -> ZN v | AND3_X1   | 0.043 |   1.838 |    1.929 | 
     | U4544                | A1 v -> ZN v | OR2_X1    | 0.052 |   1.891 |    1.981 | 
     | U4514                | A1 v -> ZN ^ | NAND2_X1  | 0.024 |   1.915 |    2.006 | 
     | U4524                | A1 ^ -> ZN ^ | AND2_X1   | 0.036 |   1.951 |    2.042 | 
     | U8655                | B ^ -> ZN ^  | XNOR2_X1  | 0.043 |   1.994 |    2.085 | 
     | U9018                | B2 ^ -> ZN v | OAI21_X1  | 0.020 |   2.014 |    2.105 | 
     | p_reg_Y_temp_reg_50_ | D v          | DFF_X1    | 0.000 |   2.014 |    2.105 | 
     +------------------------------------------------------------------------------+ 
Path 9: MET Setup Check with Pin p_reg_Y_temp_reg_59_/CK 
Endpoint:   p_reg_Y_temp_reg_59_/D (^) checked with  leading edge of 'CLK'
Beginpoint: B_reg_Y_temp_reg_11_/Q (v) triggered by  leading edge of 'CLK'
Path Groups: {CLK}
Analysis View: default
Other End Arrival Time          0.050
- Setup                         0.027
+ Phase Shift                   2.135
- Uncertainty                   0.050
= Required Time                 2.108
- Arrival Time                  2.012
= Slack Time                    0.096
     Clock Rise Edge                 0.000
     + Clock Network Latency (Ideal) 0.050
     = Beginpoint Arrival Time       0.050
     +------------------------------------------------------------------------------+ 
     |       Instance       |     Arc      |   Cell    | Delay | Arrival | Required | 
     |                      |              |           |       |  Time   |   Time   | 
     |----------------------+--------------+-----------+-------+---------+----------| 
     | B_reg_Y_temp_reg_11_ | CK ^         |           |       |   0.050 |    0.146 | 
     | B_reg_Y_temp_reg_11_ | CK ^ -> Q v  | DFF_X1    | 0.096 |   0.146 |    0.242 | 
     | U4564                | A2 v -> ZN ^ | NAND2_X1  | 0.019 |   0.165 |    0.261 | 
     | U4360                | A1 ^ -> ZN v | NAND2_X1  | 0.105 |   0.270 |    0.367 | 
     | FE_DBTC11_n4179      | A v -> ZN ^  | INV_X1    | 0.176 |   0.447 |    0.543 | 
     | U4684                | A ^ -> ZN v  | XNOR2_X1  | 0.016 |   0.463 |    0.560 | 
     | FE_OFC16_n4320       | A v -> Z v   | CLKBUF_X1 | 0.116 |   0.579 |    0.675 | 
     | U3813                | B v -> ZN v  | XNOR2_X1  | 0.065 |   0.644 |    0.740 | 
     | FE_OFC24_n7727       | A v -> Z v   | CLKBUF_X1 | 0.121 |   0.765 |    0.861 | 
     | U5894                | A v -> ZN ^  | INV_X1    | 0.066 |   0.831 |    0.928 | 
     | U3922                | A ^ -> ZN ^  | XNOR2_X1  | 0.044 |   0.875 |    0.972 | 
     | FE_OFC29_n7160       | A ^ -> Z ^   | CLKBUF_X1 | 0.085 |   0.960 |    1.056 | 
     | U6468                | A ^ -> ZN v  | INV_X1    | 0.019 |   0.979 |    1.075 | 
     | U6469                | A v -> ZN v  | XNOR2_X2  | 0.074 |   1.053 |    1.150 | 
     | U7728                | B v -> S ^   | FA_X1     | 0.143 |   1.196 |    1.292 | 
     | U7989                | A2 ^ -> ZN v | NOR2_X1   | 0.011 |   1.207 |    1.304 | 
     | U4663                | A2 v -> ZN v | OR2_X1    | 0.055 |   1.263 |    1.359 | 
     | intadd_1523_U3       | A v -> CO v  | FA_X1     | 0.082 |   1.344 |    1.441 | 
     | intadd_1523_U2       | A v -> S ^   | FA_X1     | 0.115 |   1.459 |    1.556 | 
     | U7739                | A ^ -> ZN v  | INV_X1    | 0.008 |   1.468 |    1.564 | 
     | U3705                | A1 v -> ZN v | OR2_X1    | 0.055 |   1.522 |    1.619 | 
     | U7740                | A2 v -> ZN v | AND2_X1   | 0.034 |   1.556 |    1.653 | 
     | U7746                | A v -> ZN ^  | OAI211_X1 | 0.021 |   1.577 |    1.674 | 
     | U4583                | A1 ^ -> ZN v | NAND2_X1  | 0.025 |   1.602 |    1.699 | 
     | U4584                | A2 v -> ZN ^ | NAND2_X1  | 0.020 |   1.622 |    1.718 | 
     | U7751                | B2 ^ -> ZN v | OAI22_X1  | 0.036 |   1.658 |    1.754 | 
     | U4461                | A1 v -> ZN v | AND2_X1   | 0.036 |   1.693 |    1.790 | 
     | U4474                | B1 v -> ZN ^ | OAI21_X1  | 0.064 |   1.757 |    1.854 | 
     | U4578                | A1 ^ -> ZN v | NAND3_X1  | 0.038 |   1.796 |    1.892 | 
     | U4537                | A1 v -> ZN v | AND3_X1   | 0.043 |   1.838 |    1.935 | 
     | U4510                | A1 v -> ZN ^ | NAND2_X1  | 0.015 |   1.853 |    1.949 | 
     | U4512                | A2 ^ -> ZN v | NAND3_X1  | 0.033 |   1.886 |    1.982 | 
     | U4456                | A1 v -> ZN ^ | NAND2_X1  | 0.044 |   1.930 |    2.026 | 
     | U4089                | A2 ^ -> ZN ^ | OR2_X1    | 0.032 |   1.962 |    2.058 | 
     | U4464                | A1 ^ -> ZN v | NAND4_X1  | 0.030 |   1.992 |    2.088 | 
     | U4463                | A1 v -> ZN ^ | NAND2_X1  | 0.020 |   2.012 |    2.108 | 
     | p_reg_Y_temp_reg_59_ | D ^          | DFF_X1    | 0.000 |   2.012 |    2.108 | 
     +------------------------------------------------------------------------------+ 
Path 10: MET Setup Check with Pin p_reg_Y_temp_reg_63_/CK 
Endpoint:   p_reg_Y_temp_reg_63_/D (v) checked with  leading edge of 'CLK'
Beginpoint: B_reg_Y_temp_reg_11_/Q (v) triggered by  leading edge of 'CLK'
Path Groups: {CLK}
Analysis View: default
Other End Arrival Time          0.050
- Setup                         0.025
+ Phase Shift                   2.135
- Uncertainty                   0.050
= Required Time                 2.111
- Arrival Time                  2.010
= Slack Time                    0.101
     Clock Rise Edge                 0.000
     + Clock Network Latency (Ideal) 0.050
     = Beginpoint Arrival Time       0.050
     +------------------------------------------------------------------------------+ 
     |       Instance       |     Arc      |   Cell    | Delay | Arrival | Required | 
     |                      |              |           |       |  Time   |   Time   | 
     |----------------------+--------------+-----------+-------+---------+----------| 
     | B_reg_Y_temp_reg_11_ | CK ^         |           |       |   0.050 |    0.151 | 
     | B_reg_Y_temp_reg_11_ | CK ^ -> Q v  | DFF_X1    | 0.096 |   0.146 |    0.247 | 
     | U4564                | A2 v -> ZN ^ | NAND2_X1  | 0.019 |   0.165 |    0.266 | 
     | U4360                | A1 ^ -> ZN v | NAND2_X1  | 0.105 |   0.270 |    0.371 | 
     | FE_DBTC11_n4179      | A v -> ZN ^  | INV_X1    | 0.176 |   0.447 |    0.547 | 
     | U4684                | A ^ -> ZN v  | XNOR2_X1  | 0.016 |   0.463 |    0.564 | 
     | FE_OFC16_n4320       | A v -> Z v   | CLKBUF_X1 | 0.116 |   0.579 |    0.680 | 
     | U3813                | B v -> ZN v  | XNOR2_X1  | 0.065 |   0.644 |    0.744 | 
     | FE_OFC24_n7727       | A v -> Z v   | CLKBUF_X1 | 0.121 |   0.765 |    0.866 | 
     | U5894                | A v -> ZN ^  | INV_X1    | 0.066 |   0.831 |    0.932 | 
     | U3922                | A ^ -> ZN ^  | XNOR2_X1  | 0.044 |   0.875 |    0.976 | 
     | FE_OFC29_n7160       | A ^ -> Z ^   | CLKBUF_X1 | 0.085 |   0.960 |    1.061 | 
     | U6468                | A ^ -> ZN v  | INV_X1    | 0.019 |   0.979 |    1.079 | 
     | U6469                | A v -> ZN v  | XNOR2_X2  | 0.074 |   1.053 |    1.154 | 
     | U7728                | B v -> S ^   | FA_X1     | 0.143 |   1.196 |    1.297 | 
     | U7989                | A2 ^ -> ZN v | NOR2_X1   | 0.011 |   1.207 |    1.308 | 
     | U4663                | A2 v -> ZN v | OR2_X1    | 0.055 |   1.263 |    1.363 | 
     | intadd_1523_U3       | A v -> CO v  | FA_X1     | 0.082 |   1.344 |    1.445 | 
     | intadd_1523_U2       | A v -> S ^   | FA_X1     | 0.115 |   1.459 |    1.560 | 
     | U7739                | A ^ -> ZN v  | INV_X1    | 0.008 |   1.467 |    1.568 | 
     | U3705                | A1 v -> ZN v | OR2_X1    | 0.055 |   1.522 |    1.623 | 
     | U7740                | A2 v -> ZN v | AND2_X1   | 0.034 |   1.556 |    1.657 | 
     | U7746                | A v -> ZN ^  | OAI211_X1 | 0.021 |   1.577 |    1.678 | 
     | U4583                | A1 ^ -> ZN v | NAND2_X1  | 0.025 |   1.602 |    1.703 | 
     | U4584                | A2 v -> ZN ^ | NAND2_X1  | 0.020 |   1.622 |    1.722 | 
     | U7751                | B2 ^ -> ZN v | OAI22_X1  | 0.036 |   1.658 |    1.758 | 
     | U4461                | A1 v -> ZN v | AND2_X1   | 0.036 |   1.693 |    1.794 | 
     | U4474                | B1 v -> ZN ^ | OAI21_X1  | 0.064 |   1.757 |    1.858 | 
     | U4578                | A1 ^ -> ZN v | NAND3_X1  | 0.038 |   1.796 |    1.896 | 
     | U4537                | A1 v -> ZN v | AND3_X1   | 0.043 |   1.838 |    1.939 | 
     | U4510                | A1 v -> ZN ^ | NAND2_X1  | 0.015 |   1.853 |    1.954 | 
     | U4512                | A2 ^ -> ZN v | NAND3_X1  | 0.033 |   1.886 |    1.986 | 
     | U4436                | A2 v -> ZN v | OR2_X1    | 0.054 |   1.940 |    2.041 | 
     | U4457                | A2 v -> ZN ^ | NAND3_X1  | 0.024 |   1.964 |    2.065 | 
     | U4229                | A2 ^ -> ZN ^ | AND2_X1   | 0.034 |   1.998 |    2.098 | 
     | U9024                | B1 ^ -> ZN v | OAI21_X1  | 0.012 |   2.010 |    2.111 | 
     | p_reg_Y_temp_reg_63_ | D v          | DFF_X1    | 0.000 |   2.010 |    2.111 | 
     +------------------------------------------------------------------------------+ 

