Information: Propagating switching activity (low effort zero delay simulation). (PWR-6)
 
****************************************
Report : power
        -analysis_effort low
Design : boothmul_registered
Version: W-2024.09-SP2
Date   : Wed Sep 30 19:53:19 2026
****************************************


Library(s) Used:

    NangateOpenCellLibrary (File: /home/repository/do/libnandgate/NangateOpenCellLibrary_typical_ecsm.db)


Operating Conditions: typical   Library: NangateOpenCellLibrary
Wire Load Model Mode: top

Design        Wire Load Model            Library
------------------------------------------------
boothmul_registered    5K_hvratio_1_4    NangateOpenCellLibrary


Global Operating Voltage = 1.1  
Power-specific unit information :
    Voltage Units = 1V
    Capacitance Units = 1.000000ff
    Time Units = 1ns
    Dynamic Power Units = 1uW    (derived from V,C,T units)
    Leakage Power Units = 1nW


Attributes
----------
i - Including register clock pin internal power


  Cell Internal Power  = 6.367617 mW   (54%)
  Net Switching Power  = 5.437012 mW   (46%)
                         ---------
Total Dynamic Power    = 11.804629 mW  (100%)

Cell Leakage Power     = 183.5650 uW


                 Internal         Switching           Leakage            Total
Power Group      Power            Power               Power              Power   (   %    )  Attrs
--------------------------------------------------------------------------------------------------
io_pad           0.000000          0.000000          0.000000          0.000000  (   0.00%)
memory           0.000000          0.000000          0.000000          0.000000  (   0.00%)
black_box        0.000000          0.000000          0.000000          0.000000  (   0.00%)
clock_network  317.019348          0.000000          0.000000        317.019348  (   2.64%)  i
register       294.674927        179.918427        1.058362e+04        485.176849
                                                                                 (   4.05%)
sequential       0.000000          0.000000          0.000000          0.000000  (   0.00%)
combinational  5.755926e+03        5.257086e+03        1.729814e+05        1.118600e+04
                                                                                 (  93.31%)
--------------------------------------------------------------------------------------------------
Total          6.367621e+03 uW     5.437005e+03 uW     1.835651e+05 nW     1.198820e+04 uW
1
