Information: Propagating switching activity (low effort zero delay simulation). (PWR-6)
 
****************************************
Report : power
        -analysis_effort low
Design : boothmul_registered
Version: W-2024.09-SP2
Date   : Wed Sep 30 22:04:27 2026
****************************************


Library(s) Used:

    NangateOpenCellLibrary (File: /home/repository/do/libnandgate/NangateOpenCellLibrary_typical_ecsm.db)


Operating Conditions: typical   Library: NangateOpenCellLibrary
Wire Load Model Mode: top

Design        Wire Load Model            Library
------------------------------------------------
boothmul_registered    5K_hvratio_1_4    NangateOpenCellLibrary


Global Operating Voltage = 1.1  
Power-specific unit information :
    Voltage Units = 1V
    Capacitance Units = 1.000000ff
    Time Units = 1ns
    Dynamic Power Units = 1uW    (derived from V,C,T units)
    Leakage Power Units = 1nW


Attributes
----------
i - Including register clock pin internal power


  Cell Internal Power  = 3.588254 mW   (50%)
  Net Switching Power  = 3.532377 mW   (50%)
                         ---------
Total Dynamic Power    = 7.120632 mW  (100%)

Cell Leakage Power     = 132.4693 uW


                 Internal         Switching           Leakage            Total
Power Group      Power            Power               Power              Power   (   %    )  Attrs
--------------------------------------------------------------------------------------------------
io_pad           0.000000          0.000000          0.000000          0.000000  (   0.00%)
memory           0.000000          0.000000          0.000000          0.000000  (   0.00%)
black_box        0.000000          0.000000          0.000000          0.000000  (   0.00%)
clock_network  158.415634          0.000000          0.000000        158.415634  (   2.18%)  i
register       175.596939        122.472008        1.038880e+04        308.457886
                                                                                 (   4.25%)
sequential       0.000000          0.000000          0.000000          0.000000  (   0.00%)
combinational  3.254241e+03        3.409904e+03        1.220805e+05        6.786230e+03
                                                                                 (  93.56%)
--------------------------------------------------------------------------------------------------
Total          3.588254e+03 uW     3.532376e+03 uW     1.324693e+05 nW     7.253104e+03 uW
1
