###############################################################
#  Generated by:      Cadence Innovus 23.35-s106_1
#  OS:                Linux x86_64(Host ID microsys.openstack.polito)
#  Generated on:      Sat Oct 10 22:03:33 2026
#  Design:            boothmul_registered
#  Command:           report_timing -max_paths 10 > reports/10_setup_paths.rpt
###############################################################
Path 1: MET Setup Check with Pin p_reg_Y_temp_reg_62_/CK 
Endpoint:   p_reg_Y_temp_reg_62_/D (^) checked with  leading edge of 'CLK'
Beginpoint: B_reg_Y_temp_reg_8_/Q  (v) triggered by  leading edge of 'CLK'
Path Groups: {CLK}
Analysis View: default
Other End Arrival Time          0.068
- Setup                         0.028
+ Phase Shift                   2.500
+ CPPR Adjustment               0.000
- Uncertainty                   0.050
= Required Time                 2.489
- Arrival Time                  2.152
= Slack Time                    0.337
     Clock Rise Edge                 0.000
     + Clock Network Latency (Prop)  0.048
     = Beginpoint Arrival Time       0.048
     +------------------------------------------------------------------------------+ 
     |       Instance       |     Arc      |   Cell    | Delay | Arrival | Required | 
     |                      |              |           |       |  Time   |   Time   | 
     |----------------------+--------------+-----------+-------+---------+----------| 
     | B_reg_Y_temp_reg_8_  | CK ^         |           |       |   0.048 |    0.385 | 
     | B_reg_Y_temp_reg_8_  | CK ^ -> Q v  | DFF_X1    | 0.129 |   0.176 |    0.513 | 
     | FE_OFC42_B_i_8       | A v -> Z v   | CLKBUF_X1 | 0.149 |   0.325 |    0.662 | 
     | U624                 | A2 v -> ZN ^ | NAND2_X1  | 0.060 |   0.385 |    0.722 | 
     | U625                 | A2 ^ -> ZN v | NAND2_X1  | 0.028 |   0.413 |    0.750 | 
     | U329                 | B2 v -> ZN ^ | AOI21_X1  | 0.053 |   0.466 |    0.803 | 
     | U636                 | B2 ^ -> ZN v | OAI21_X1  | 0.024 |   0.490 |    0.827 | 
     | U637                 | A v -> ZN ^  | AOI21_X1  | 0.066 |   0.556 |    0.893 | 
     | FE_OFC1_n552         | A ^ -> Z ^   | CLKBUF_X1 | 0.130 |   0.686 |    1.023 | 
     | U385                 | B1 ^ -> ZN v | OAI21_X1  | 0.028 |   0.714 |    1.051 | 
     | U384                 | B v -> ZN v  | XNOR2_X1  | 0.046 |   0.760 |    1.097 | 
     | FE_OFC64_n2146       | A v -> Z v   | CLKBUF_X1 | 0.095 |   0.855 |    1.192 | 
     | U1574                | B1 v -> ZN ^ | OAI21_X1  | 0.058 |   0.914 |    1.251 | 
     | U1575                | A ^ -> Z ^   | XOR2_X1   | 0.064 |   0.977 |    1.314 | 
     | U1606                | CI ^ -> S v  | FA_X1     | 0.107 |   1.084 |    1.421 | 
     | U2244                | A v -> CO v  | FA_X1     | 0.079 |   1.163 |    1.500 | 
     | U1673                | CI v -> S ^  | FA_X1     | 0.116 |   1.279 |    1.616 | 
     | U2233                | CI ^ -> S v  | FA_X1     | 0.095 |   1.374 |    1.711 | 
     | U2246                | A1 v -> ZN v | OR2_X1    | 0.055 |   1.429 |    1.766 | 
     | U2274                | B1 v -> ZN ^ | AOI21_X1  | 0.028 |   1.457 |    1.794 | 
     | U2275                | A ^ -> ZN v  | OAI21_X1  | 0.022 |   1.479 |    1.816 | 
     | U2276                | A v -> ZN ^  | AOI21_X1  | 0.053 |   1.531 |    1.868 | 
     | U2284                | B2 ^ -> ZN v | OAI21_X1  | 0.035 |   1.566 |    1.903 | 
     | U2303                | B2 v -> ZN ^ | AOI21_X1  | 0.054 |   1.621 |    1.958 | 
     | U2437                | B1 ^ -> ZN v | OAI21_X1  | 0.028 |   1.648 |    1.985 | 
     | U2466                | B1 v -> ZN ^ | AOI21_X1  | 0.044 |   1.692 |    2.029 | 
     | U2494                | B1 ^ -> ZN v | OAI21_X1  | 0.028 |   1.720 |    2.057 | 
     | U2521                | B1 v -> ZN ^ | AOI21_X1  | 0.044 |   1.764 |    2.101 | 
     | U2545                | B1 ^ -> ZN v | OAI21_X1  | 0.035 |   1.799 |    2.136 | 
     | U447                 | A1 v -> ZN ^ | NAND3_X1  | 0.021 |   1.821 |    2.158 | 
     | U440                 | A ^ -> ZN v  | OAI21_X1  | 0.024 |   1.845 |    2.182 | 
     | U2646                | B1 v -> ZN ^ | AOI21_X1  | 0.042 |   1.886 |    2.223 | 
     | U2662                | B1 ^ -> ZN v | OAI21_X1  | 0.027 |   1.913 |    2.250 | 
     | U2679                | B1 v -> ZN ^ | AOI21_X1  | 0.059 |   1.972 |    2.309 | 
     | U449                 | A1 ^ -> ZN v | NAND2_X1  | 0.019 |   1.991 |    2.328 | 
     | U448                 | A1 v -> ZN ^ | NAND2_X1  | 0.023 |   2.014 |    2.351 | 
     | U2704                | B2 ^ -> ZN v | OAI21_X1  | 0.022 |   2.036 |    2.373 | 
     | U2710                | A1 v -> ZN ^ | NAND2_X1  | 0.016 |   2.053 |    2.390 | 
     | U2711                | A1 ^ -> ZN v | NAND2_X1  | 0.018 |   2.070 |    2.407 | 
     | U2715                | A v -> Z v   | XOR2_X1   | 0.051 |   2.121 |    2.458 | 
     | U561                 | B2 v -> ZN ^ | OAI21_X1  | 0.031 |   2.152 |    2.489 | 
     | p_reg_Y_temp_reg_62_ | D ^          | DFF_X1    | 0.000 |   2.152 |    2.489 | 
     +------------------------------------------------------------------------------+ 
Path 2: MET Setup Check with Pin p_reg_Y_temp_reg_63_/CK 
Endpoint:   p_reg_Y_temp_reg_63_/D (^) checked with  leading edge of 'CLK'
Beginpoint: B_reg_Y_temp_reg_8_/Q  (v) triggered by  leading edge of 'CLK'
Path Groups: {CLK}
Analysis View: default
Other End Arrival Time          0.067
- Setup                         0.026
+ Phase Shift                   2.500
+ CPPR Adjustment               0.000
- Uncertainty                   0.050
= Required Time                 2.490
- Arrival Time                  2.146
= Slack Time                    0.345
     Clock Rise Edge                 0.000
     + Clock Network Latency (Prop)  0.048
     = Beginpoint Arrival Time       0.048
     +------------------------------------------------------------------------------+ 
     |       Instance       |     Arc      |   Cell    | Delay | Arrival | Required | 
     |                      |              |           |       |  Time   |   Time   | 
     |----------------------+--------------+-----------+-------+---------+----------| 
     | B_reg_Y_temp_reg_8_  | CK ^         |           |       |   0.048 |    0.392 | 
     | B_reg_Y_temp_reg_8_  | CK ^ -> Q v  | DFF_X1    | 0.129 |   0.176 |    0.521 | 
     | FE_OFC42_B_i_8       | A v -> Z v   | CLKBUF_X1 | 0.149 |   0.325 |    0.670 | 
     | U624                 | A2 v -> ZN ^ | NAND2_X1  | 0.060 |   0.385 |    0.730 | 
     | U625                 | A2 ^ -> ZN v | NAND2_X1  | 0.028 |   0.413 |    0.757 | 
     | U329                 | B2 v -> ZN ^ | AOI21_X1  | 0.053 |   0.466 |    0.811 | 
     | U636                 | B2 ^ -> ZN v | OAI21_X1  | 0.024 |   0.490 |    0.835 | 
     | U637                 | A v -> ZN ^  | AOI21_X1  | 0.066 |   0.556 |    0.901 | 
     | FE_OFC1_n552         | A ^ -> Z ^   | CLKBUF_X1 | 0.130 |   0.686 |    1.031 | 
     | U385                 | B1 ^ -> ZN v | OAI21_X1  | 0.028 |   0.714 |    1.059 | 
     | U384                 | B v -> ZN v  | XNOR2_X1  | 0.046 |   0.760 |    1.105 | 
     | FE_OFC64_n2146       | A v -> Z v   | CLKBUF_X1 | 0.095 |   0.855 |    1.200 | 
     | U1574                | B1 v -> ZN ^ | OAI21_X1  | 0.058 |   0.914 |    1.258 | 
     | U1575                | A ^ -> Z ^   | XOR2_X1   | 0.064 |   0.977 |    1.322 | 
     | U1606                | CI ^ -> S v  | FA_X1     | 0.107 |   1.084 |    1.429 | 
     | U2244                | A v -> CO v  | FA_X1     | 0.079 |   1.163 |    1.507 | 
     | U1673                | CI v -> S ^  | FA_X1     | 0.116 |   1.279 |    1.624 | 
     | U2233                | CI ^ -> S v  | FA_X1     | 0.095 |   1.374 |    1.719 | 
     | U2246                | A1 v -> ZN v | OR2_X1    | 0.055 |   1.429 |    1.773 | 
     | U2274                | B1 v -> ZN ^ | AOI21_X1  | 0.028 |   1.457 |    1.801 | 
     | U2275                | A ^ -> ZN v  | OAI21_X1  | 0.022 |   1.479 |    1.823 | 
     | U2276                | A v -> ZN ^  | AOI21_X1  | 0.053 |   1.531 |    1.876 | 
     | U2284                | B2 ^ -> ZN v | OAI21_X1  | 0.035 |   1.566 |    1.911 | 
     | U2303                | B2 v -> ZN ^ | AOI21_X1  | 0.054 |   1.621 |    1.965 | 
     | U2437                | B1 ^ -> ZN v | OAI21_X1  | 0.028 |   1.648 |    1.993 | 
     | U2466                | B1 v -> ZN ^ | AOI21_X1  | 0.044 |   1.692 |    2.037 | 
     | U2494                | B1 ^ -> ZN v | OAI21_X1  | 0.028 |   1.720 |    2.065 | 
     | U2521                | B1 v -> ZN ^ | AOI21_X1  | 0.044 |   1.764 |    2.108 | 
     | U2545                | B1 ^ -> ZN v | OAI21_X1  | 0.035 |   1.799 |    2.144 | 
     | U447                 | A1 v -> ZN ^ | NAND3_X1  | 0.021 |   1.821 |    2.165 | 
     | U440                 | A ^ -> ZN v  | OAI21_X1  | 0.024 |   1.845 |    2.189 | 
     | U2646                | B1 v -> ZN ^ | AOI21_X1  | 0.042 |   1.886 |    2.231 | 
     | U2662                | B1 ^ -> ZN v | OAI21_X1  | 0.027 |   1.913 |    2.258 | 
     | U2679                | B1 v -> ZN ^ | AOI21_X1  | 0.059 |   1.972 |    2.317 | 
     | U449                 | A1 ^ -> ZN v | NAND2_X1  | 0.019 |   1.991 |    2.336 | 
     | U448                 | A1 v -> ZN ^ | NAND2_X1  | 0.023 |   2.014 |    2.358 | 
     | U2704                | B2 ^ -> ZN v | OAI21_X1  | 0.022 |   2.036 |    2.381 | 
     | U2710                | A1 v -> ZN ^ | NAND2_X1  | 0.016 |   2.053 |    2.397 | 
     | U2711                | A1 ^ -> ZN v | NAND2_X1  | 0.018 |   2.070 |    2.415 | 
     | U2716                | B1 v -> ZN ^ | AOI22_X1  | 0.044 |   2.114 |    2.459 | 
     | U2923                | A1 ^ -> ZN v | NAND2_X1  | 0.017 |   2.131 |    2.476 | 
     | U3207                | A1 v -> ZN ^ | NAND2_X1  | 0.014 |   2.146 |    2.490 | 
     | p_reg_Y_temp_reg_63_ | D ^          | DFF_X1    | 0.000 |   2.146 |    2.490 | 
     +------------------------------------------------------------------------------+ 
Path 3: MET Setup Check with Pin p_reg_Y_temp_reg_61_/CK 
Endpoint:   p_reg_Y_temp_reg_61_/D (^) checked with  leading edge of 'CLK'
Beginpoint: B_reg_Y_temp_reg_8_/Q  (v) triggered by  leading edge of 'CLK'
Path Groups: {CLK}
Analysis View: default
Other End Arrival Time          0.068
- Setup                         0.028
+ Phase Shift                   2.500
+ CPPR Adjustment               0.000
- Uncertainty                   0.050
= Required Time                 2.489
- Arrival Time                  2.107
= Slack Time                    0.383
     Clock Rise Edge                 0.000
     + Clock Network Latency (Prop)  0.048
     = Beginpoint Arrival Time       0.048
     +------------------------------------------------------------------------------+ 
     |       Instance       |     Arc      |   Cell    | Delay | Arrival | Required | 
     |                      |              |           |       |  Time   |   Time   | 
     |----------------------+--------------+-----------+-------+---------+----------| 
     | B_reg_Y_temp_reg_8_  | CK ^         |           |       |   0.048 |    0.430 | 
     | B_reg_Y_temp_reg_8_  | CK ^ -> Q v  | DFF_X1    | 0.129 |   0.176 |    0.559 | 
     | FE_OFC42_B_i_8       | A v -> Z v   | CLKBUF_X1 | 0.149 |   0.325 |    0.708 | 
     | U624                 | A2 v -> ZN ^ | NAND2_X1  | 0.060 |   0.385 |    0.768 | 
     | U625                 | A2 ^ -> ZN v | NAND2_X1  | 0.028 |   0.413 |    0.796 | 
     | U329                 | B2 v -> ZN ^ | AOI21_X1  | 0.053 |   0.466 |    0.849 | 
     | U636                 | B2 ^ -> ZN v | OAI21_X1  | 0.024 |   0.490 |    0.873 | 
     | U637                 | A v -> ZN ^  | AOI21_X1  | 0.066 |   0.556 |    0.939 | 
     | FE_OFC1_n552         | A ^ -> Z ^   | CLKBUF_X1 | 0.130 |   0.686 |    1.069 | 
     | U385                 | B1 ^ -> ZN v | OAI21_X1  | 0.028 |   0.714 |    1.097 | 
     | U384                 | B v -> ZN v  | XNOR2_X1  | 0.046 |   0.760 |    1.143 | 
     | FE_OFC64_n2146       | A v -> Z v   | CLKBUF_X1 | 0.095 |   0.855 |    1.238 | 
     | U1574                | B1 v -> ZN ^ | OAI21_X1  | 0.058 |   0.914 |    1.296 | 
     | U1575                | A ^ -> Z ^   | XOR2_X1   | 0.064 |   0.977 |    1.360 | 
     | U1606                | CI ^ -> S v  | FA_X1     | 0.107 |   1.084 |    1.467 | 
     | U2244                | A v -> CO v  | FA_X1     | 0.079 |   1.163 |    1.546 | 
     | U1673                | CI v -> S ^  | FA_X1     | 0.116 |   1.279 |    1.662 | 
     | U2233                | CI ^ -> S v  | FA_X1     | 0.095 |   1.374 |    1.757 | 
     | U2246                | A1 v -> ZN v | OR2_X1    | 0.055 |   1.429 |    1.811 | 
     | U2274                | B1 v -> ZN ^ | AOI21_X1  | 0.028 |   1.457 |    1.839 | 
     | U2275                | A ^ -> ZN v  | OAI21_X1  | 0.022 |   1.479 |    1.861 | 
     | U2276                | A v -> ZN ^  | AOI21_X1  | 0.053 |   1.531 |    1.914 | 
     | U2284                | B2 ^ -> ZN v | OAI21_X1  | 0.035 |   1.566 |    1.949 | 
     | U2303                | B2 v -> ZN ^ | AOI21_X1  | 0.054 |   1.621 |    2.003 | 
     | U2437                | B1 ^ -> ZN v | OAI21_X1  | 0.028 |   1.648 |    2.031 | 
     | U2466                | B1 v -> ZN ^ | AOI21_X1  | 0.044 |   1.692 |    2.075 | 
     | U2494                | B1 ^ -> ZN v | OAI21_X1  | 0.028 |   1.720 |    2.103 | 
     | U2521                | B1 v -> ZN ^ | AOI21_X1  | 0.044 |   1.764 |    2.147 | 
     | U2545                | B1 ^ -> ZN v | OAI21_X1  | 0.035 |   1.799 |    2.182 | 
     | U447                 | A1 v -> ZN ^ | NAND3_X1  | 0.021 |   1.821 |    2.203 | 
     | U440                 | A ^ -> ZN v  | OAI21_X1  | 0.024 |   1.845 |    2.227 | 
     | U2646                | B1 v -> ZN ^ | AOI21_X1  | 0.042 |   1.886 |    2.269 | 
     | U2662                | B1 ^ -> ZN v | OAI21_X1  | 0.027 |   1.913 |    2.296 | 
     | U2679                | B1 v -> ZN ^ | AOI21_X1  | 0.059 |   1.972 |    2.355 | 
     | U449                 | A1 ^ -> ZN v | NAND2_X1  | 0.019 |   1.991 |    2.374 | 
     | U448                 | A1 v -> ZN ^ | NAND2_X1  | 0.023 |   2.014 |    2.397 | 
     | U2704                | B2 ^ -> ZN v | OAI21_X1  | 0.022 |   2.036 |    2.419 | 
     | U451                 | A v -> ZN v  | XNOR2_X1  | 0.039 |   2.076 |    2.458 | 
     | U413                 | B2 v -> ZN ^ | OAI21_X1  | 0.031 |   2.107 |    2.489 | 
     | p_reg_Y_temp_reg_61_ | D ^          | DFF_X1    | 0.000 |   2.107 |    2.489 | 
     +------------------------------------------------------------------------------+ 
Path 4: MET Setup Check with Pin p_reg_Y_temp_reg_59_/CK 
Endpoint:   p_reg_Y_temp_reg_59_/D (^) checked with  leading edge of 'CLK'
Beginpoint: B_reg_Y_temp_reg_8_/Q  (v) triggered by  leading edge of 'CLK'
Path Groups: {CLK}
Analysis View: default
Other End Arrival Time          0.068
- Setup                         0.032
+ Phase Shift                   2.500
+ CPPR Adjustment               0.000
- Uncertainty                   0.050
= Required Time                 2.486
- Arrival Time                  2.103
= Slack Time                    0.383
     Clock Rise Edge                 0.000
     + Clock Network Latency (Prop)  0.048
     = Beginpoint Arrival Time       0.048
     +------------------------------------------------------------------------------+ 
     |       Instance       |     Arc      |   Cell    | Delay | Arrival | Required | 
     |                      |              |           |       |  Time   |   Time   | 
     |----------------------+--------------+-----------+-------+---------+----------| 
     | B_reg_Y_temp_reg_8_  | CK ^         |           |       |   0.048 |    0.430 | 
     | B_reg_Y_temp_reg_8_  | CK ^ -> Q v  | DFF_X1    | 0.129 |   0.176 |    0.559 | 
     | FE_OFC42_B_i_8       | A v -> Z v   | CLKBUF_X1 | 0.149 |   0.325 |    0.708 | 
     | U624                 | A2 v -> ZN ^ | NAND2_X1  | 0.060 |   0.385 |    0.768 | 
     | U625                 | A2 ^ -> ZN v | NAND2_X1  | 0.028 |   0.413 |    0.796 | 
     | U329                 | B2 v -> ZN ^ | AOI21_X1  | 0.053 |   0.466 |    0.849 | 
     | U636                 | B2 ^ -> ZN v | OAI21_X1  | 0.024 |   0.490 |    0.873 | 
     | U637                 | A v -> ZN ^  | AOI21_X1  | 0.066 |   0.556 |    0.939 | 
     | FE_OFC1_n552         | A ^ -> Z ^   | CLKBUF_X1 | 0.130 |   0.686 |    1.069 | 
     | U385                 | B1 ^ -> ZN v | OAI21_X1  | 0.028 |   0.714 |    1.097 | 
     | U384                 | B v -> ZN v  | XNOR2_X1  | 0.046 |   0.760 |    1.143 | 
     | FE_OFC64_n2146       | A v -> Z v   | CLKBUF_X1 | 0.095 |   0.855 |    1.238 | 
     | U1574                | B1 v -> ZN ^ | OAI21_X1  | 0.058 |   0.914 |    1.296 | 
     | U1575                | A ^ -> Z ^   | XOR2_X1   | 0.064 |   0.977 |    1.360 | 
     | U1606                | CI ^ -> S v  | FA_X1     | 0.107 |   1.084 |    1.467 | 
     | U2244                | A v -> CO v  | FA_X1     | 0.079 |   1.163 |    1.546 | 
     | U1673                | CI v -> S ^  | FA_X1     | 0.116 |   1.279 |    1.662 | 
     | U2233                | CI ^ -> S v  | FA_X1     | 0.095 |   1.374 |    1.757 | 
     | U2246                | A1 v -> ZN v | OR2_X1    | 0.055 |   1.429 |    1.811 | 
     | U2274                | B1 v -> ZN ^ | AOI21_X1  | 0.028 |   1.457 |    1.839 | 
     | U2275                | A ^ -> ZN v  | OAI21_X1  | 0.022 |   1.479 |    1.861 | 
     | U2276                | A v -> ZN ^  | AOI21_X1  | 0.053 |   1.531 |    1.914 | 
     | U2284                | B2 ^ -> ZN v | OAI21_X1  | 0.035 |   1.566 |    1.949 | 
     | U2303                | B2 v -> ZN ^ | AOI21_X1  | 0.054 |   1.621 |    2.003 | 
     | U2437                | B1 ^ -> ZN v | OAI21_X1  | 0.028 |   1.648 |    2.031 | 
     | U2466                | B1 v -> ZN ^ | AOI21_X1  | 0.044 |   1.692 |    2.075 | 
     | U2494                | B1 ^ -> ZN v | OAI21_X1  | 0.028 |   1.720 |    2.103 | 
     | U2521                | B1 v -> ZN ^ | AOI21_X1  | 0.044 |   1.764 |    2.147 | 
     | U2545                | B1 ^ -> ZN v | OAI21_X1  | 0.035 |   1.799 |    2.182 | 
     | U447                 | A1 v -> ZN ^ | NAND3_X1  | 0.021 |   1.821 |    2.203 | 
     | U440                 | A ^ -> ZN v  | OAI21_X1  | 0.024 |   1.845 |    2.228 | 
     | U2646                | B1 v -> ZN ^ | AOI21_X1  | 0.042 |   1.886 |    2.269 | 
     | U2662                | B1 ^ -> ZN v | OAI21_X1  | 0.027 |   1.913 |    2.296 | 
     | U2679                | B1 v -> ZN ^ | AOI21_X1  | 0.059 |   1.972 |    2.355 | 
     | U380                 | A1 ^ -> ZN ^ | AND2_X1   | 0.042 |   2.014 |    2.397 | 
     | U426                 | A1 ^ -> ZN v | NOR2_X1   | 0.010 |   2.024 |    2.407 | 
     | U466                 | A v -> Z v   | XOR2_X1   | 0.049 |   2.073 |    2.456 | 
     | U3205                | B2 v -> ZN ^ | OAI21_X1  | 0.030 |   2.103 |    2.486 | 
     | p_reg_Y_temp_reg_59_ | D ^          | DFF_X1    | 0.000 |   2.103 |    2.486 | 
     +------------------------------------------------------------------------------+ 
Path 5: MET Setup Check with Pin p_reg_Y_temp_reg_58_/CK 
Endpoint:   p_reg_Y_temp_reg_58_/D (^) checked with  leading edge of 'CLK'
Beginpoint: B_reg_Y_temp_reg_8_/Q  (v) triggered by  leading edge of 'CLK'
Path Groups: {CLK}
Analysis View: default
Other End Arrival Time          0.068
- Setup                         0.032
+ Phase Shift                   2.500
+ CPPR Adjustment               0.000
- Uncertainty                   0.050
= Required Time                 2.486
- Arrival Time                  2.087
= Slack Time                    0.398
     Clock Rise Edge                 0.000
     + Clock Network Latency (Prop)  0.048
     = Beginpoint Arrival Time       0.048
     +------------------------------------------------------------------------------+ 
     |       Instance       |     Arc      |   Cell    | Delay | Arrival | Required | 
     |                      |              |           |       |  Time   |   Time   | 
     |----------------------+--------------+-----------+-------+---------+----------| 
     | B_reg_Y_temp_reg_8_  | CK ^         |           |       |   0.048 |    0.446 | 
     | B_reg_Y_temp_reg_8_  | CK ^ -> Q v  | DFF_X1    | 0.129 |   0.176 |    0.575 | 
     | FE_OFC42_B_i_8       | A v -> Z v   | CLKBUF_X1 | 0.149 |   0.325 |    0.724 | 
     | U624                 | A2 v -> ZN ^ | NAND2_X1  | 0.060 |   0.385 |    0.783 | 
     | U625                 | A2 ^ -> ZN v | NAND2_X1  | 0.028 |   0.413 |    0.811 | 
     | U329                 | B2 v -> ZN ^ | AOI21_X1  | 0.053 |   0.466 |    0.865 | 
     | U636                 | B2 ^ -> ZN v | OAI21_X1  | 0.024 |   0.490 |    0.888 | 
     | U637                 | A v -> ZN ^  | AOI21_X1  | 0.066 |   0.556 |    0.955 | 
     | FE_OFC1_n552         | A ^ -> Z ^   | CLKBUF_X1 | 0.130 |   0.686 |    1.084 | 
     | U385                 | B1 ^ -> ZN v | OAI21_X1  | 0.028 |   0.714 |    1.112 | 
     | U384                 | B v -> ZN v  | XNOR2_X1  | 0.046 |   0.760 |    1.158 | 
     | FE_OFC64_n2146       | A v -> Z v   | CLKBUF_X1 | 0.095 |   0.855 |    1.253 | 
     | U1574                | B1 v -> ZN ^ | OAI21_X1  | 0.058 |   0.914 |    1.312 | 
     | U1575                | A ^ -> Z ^   | XOR2_X1   | 0.064 |   0.977 |    1.376 | 
     | U1606                | CI ^ -> S v  | FA_X1     | 0.107 |   1.084 |    1.482 | 
     | U2244                | A v -> CO v  | FA_X1     | 0.079 |   1.163 |    1.561 | 
     | U1673                | CI v -> S ^  | FA_X1     | 0.116 |   1.279 |    1.678 | 
     | U2233                | CI ^ -> S v  | FA_X1     | 0.095 |   1.374 |    1.772 | 
     | U2246                | A1 v -> ZN v | OR2_X1    | 0.055 |   1.429 |    1.827 | 
     | U2274                | B1 v -> ZN ^ | AOI21_X1  | 0.028 |   1.457 |    1.855 | 
     | U2275                | A ^ -> ZN v  | OAI21_X1  | 0.022 |   1.479 |    1.877 | 
     | U2276                | A v -> ZN ^  | AOI21_X1  | 0.053 |   1.531 |    1.930 | 
     | U2284                | B2 ^ -> ZN v | OAI21_X1  | 0.035 |   1.566 |    1.965 | 
     | U2303                | B2 v -> ZN ^ | AOI21_X1  | 0.054 |   1.621 |    2.019 | 
     | U2437                | B1 ^ -> ZN v | OAI21_X1  | 0.028 |   1.648 |    2.047 | 
     | U2466                | B1 v -> ZN ^ | AOI21_X1  | 0.044 |   1.692 |    2.091 | 
     | U2494                | B1 ^ -> ZN v | OAI21_X1  | 0.028 |   1.720 |    2.119 | 
     | U2521                | B1 v -> ZN ^ | AOI21_X1  | 0.044 |   1.764 |    2.162 | 
     | U2545                | B1 ^ -> ZN v | OAI21_X1  | 0.035 |   1.799 |    2.198 | 
     | U447                 | A1 v -> ZN ^ | NAND3_X1  | 0.021 |   1.821 |    2.219 | 
     | U440                 | A ^ -> ZN v  | OAI21_X1  | 0.024 |   1.845 |    2.243 | 
     | U2646                | B1 v -> ZN ^ | AOI21_X1  | 0.042 |   1.886 |    2.285 | 
     | U2662                | B1 ^ -> ZN v | OAI21_X1  | 0.027 |   1.913 |    2.311 | 
     | U2679                | B1 v -> ZN ^ | AOI21_X1  | 0.059 |   1.972 |    2.370 | 
     | U450                 | B2 ^ -> ZN v | OAI21_X1  | 0.028 |   2.000 |    2.398 | 
     | U467                 | A v -> Z v   | XOR2_X1   | 0.056 |   2.056 |    2.454 | 
     | U3204                | B2 v -> ZN ^ | OAI21_X1  | 0.032 |   2.087 |    2.486 | 
     | p_reg_Y_temp_reg_58_ | D ^          | DFF_X1    | 0.000 |   2.087 |    2.486 | 
     +------------------------------------------------------------------------------+ 
Path 6: MET Setup Check with Pin p_reg_Y_temp_reg_60_/CK 
Endpoint:   p_reg_Y_temp_reg_60_/D (v) checked with  leading edge of 'CLK'
Beginpoint: B_reg_Y_temp_reg_8_/Q  (v) triggered by  leading edge of 'CLK'
Path Groups: {CLK}
Analysis View: default
Other End Arrival Time          0.068
- Setup                         0.027
+ Phase Shift                   2.500
+ CPPR Adjustment               0.000
- Uncertainty                   0.050
= Required Time                 2.491
- Arrival Time                  2.081
= Slack Time                    0.410
     Clock Rise Edge                 0.000
     + Clock Network Latency (Prop)  0.048
     = Beginpoint Arrival Time       0.048
     +------------------------------------------------------------------------------+ 
     |       Instance       |     Arc      |   Cell    | Delay | Arrival | Required | 
     |                      |              |           |       |  Time   |   Time   | 
     |----------------------+--------------+-----------+-------+---------+----------| 
     | B_reg_Y_temp_reg_8_  | CK ^         |           |       |   0.048 |    0.457 | 
     | B_reg_Y_temp_reg_8_  | CK ^ -> Q v  | DFF_X1    | 0.129 |   0.176 |    0.586 | 
     | FE_OFC42_B_i_8       | A v -> Z v   | CLKBUF_X1 | 0.149 |   0.325 |    0.735 | 
     | U624                 | A2 v -> ZN ^ | NAND2_X1  | 0.060 |   0.385 |    0.795 | 
     | U625                 | A2 ^ -> ZN v | NAND2_X1  | 0.028 |   0.413 |    0.823 | 
     | U329                 | B2 v -> ZN ^ | AOI21_X1  | 0.053 |   0.466 |    0.876 | 
     | U636                 | B2 ^ -> ZN v | OAI21_X1  | 0.024 |   0.490 |    0.900 | 
     | U637                 | A v -> ZN ^  | AOI21_X1  | 0.066 |   0.556 |    0.966 | 
     | FE_OFC1_n552         | A ^ -> Z ^   | CLKBUF_X1 | 0.130 |   0.686 |    1.096 | 
     | U385                 | B1 ^ -> ZN v | OAI21_X1  | 0.028 |   0.714 |    1.124 | 
     | U384                 | B v -> ZN v  | XNOR2_X1  | 0.046 |   0.760 |    1.170 | 
     | FE_OFC64_n2146       | A v -> Z v   | CLKBUF_X1 | 0.095 |   0.855 |    1.265 | 
     | U1574                | B1 v -> ZN ^ | OAI21_X1  | 0.058 |   0.914 |    1.323 | 
     | U1575                | A ^ -> Z ^   | XOR2_X1   | 0.064 |   0.977 |    1.387 | 
     | U1606                | CI ^ -> S v  | FA_X1     | 0.107 |   1.084 |    1.494 | 
     | U2244                | A v -> CO v  | FA_X1     | 0.079 |   1.163 |    1.573 | 
     | U1673                | CI v -> S ^  | FA_X1     | 0.116 |   1.279 |    1.689 | 
     | U2233                | CI ^ -> S v  | FA_X1     | 0.095 |   1.374 |    1.784 | 
     | U2246                | A1 v -> ZN v | OR2_X1    | 0.055 |   1.429 |    1.839 | 
     | U2274                | B1 v -> ZN ^ | AOI21_X1  | 0.028 |   1.457 |    1.866 | 
     | U2275                | A ^ -> ZN v  | OAI21_X1  | 0.022 |   1.479 |    1.889 | 
     | U2276                | A v -> ZN ^  | AOI21_X1  | 0.053 |   1.531 |    1.941 | 
     | U2284                | B2 ^ -> ZN v | OAI21_X1  | 0.035 |   1.566 |    1.976 | 
     | U2303                | B2 v -> ZN ^ | AOI21_X1  | 0.054 |   1.621 |    2.030 | 
     | U2437                | B1 ^ -> ZN v | OAI21_X1  | 0.028 |   1.648 |    2.058 | 
     | U2466                | B1 v -> ZN ^ | AOI21_X1  | 0.044 |   1.692 |    2.102 | 
     | U2494                | B1 ^ -> ZN v | OAI21_X1  | 0.028 |   1.720 |    2.130 | 
     | U2521                | B1 v -> ZN ^ | AOI21_X1  | 0.044 |   1.764 |    2.174 | 
     | U2545                | B1 ^ -> ZN v | OAI21_X1  | 0.035 |   1.799 |    2.209 | 
     | U447                 | A1 v -> ZN ^ | NAND3_X1  | 0.021 |   1.821 |    2.230 | 
     | U440                 | A ^ -> ZN v  | OAI21_X1  | 0.024 |   1.845 |    2.255 | 
     | U2646                | B1 v -> ZN ^ | AOI21_X1  | 0.042 |   1.886 |    2.296 | 
     | U2662                | B1 ^ -> ZN v | OAI21_X1  | 0.027 |   1.913 |    2.323 | 
     | U2679                | B1 v -> ZN ^ | AOI21_X1  | 0.059 |   1.972 |    2.382 | 
     | U449                 | A1 ^ -> ZN v | NAND2_X1  | 0.019 |   1.991 |    2.401 | 
     | U448                 | A1 v -> ZN ^ | NAND2_X1  | 0.023 |   2.014 |    2.424 | 
     | U464                 | A ^ -> Z ^   | XOR2_X1   | 0.048 |   2.062 |    2.471 | 
     | U3206                | B2 ^ -> ZN v | OAI21_X1  | 0.019 |   2.081 |    2.491 | 
     | p_reg_Y_temp_reg_60_ | D v          | DFF_X1    | 0.000 |   2.081 |    2.491 | 
     +------------------------------------------------------------------------------+ 
Path 7: MET Setup Check with Pin p_reg_Y_temp_reg_57_/CK 
Endpoint:   p_reg_Y_temp_reg_57_/D (v) checked with  leading edge of 'CLK'
Beginpoint: B_reg_Y_temp_reg_8_/Q  (v) triggered by  leading edge of 'CLK'
Path Groups: {CLK}
Analysis View: default
Other End Arrival Time          0.068
- Setup                         0.033
+ Phase Shift                   2.500
+ CPPR Adjustment               0.000
- Uncertainty                   0.050
= Required Time                 2.485
- Arrival Time                  2.043
= Slack Time                    0.442
     Clock Rise Edge                 0.000
     + Clock Network Latency (Prop)  0.048
     = Beginpoint Arrival Time       0.048
     +------------------------------------------------------------------------------+ 
     |       Instance       |     Arc      |   Cell    | Delay | Arrival | Required | 
     |                      |              |           |       |  Time   |   Time   | 
     |----------------------+--------------+-----------+-------+---------+----------| 
     | B_reg_Y_temp_reg_8_  | CK ^         |           |       |   0.048 |    0.489 | 
     | B_reg_Y_temp_reg_8_  | CK ^ -> Q v  | DFF_X1    | 0.129 |   0.176 |    0.618 | 
     | FE_OFC42_B_i_8       | A v -> Z v   | CLKBUF_X1 | 0.149 |   0.325 |    0.767 | 
     | U624                 | A2 v -> ZN ^ | NAND2_X1  | 0.060 |   0.385 |    0.827 | 
     | U625                 | A2 ^ -> ZN v | NAND2_X1  | 0.028 |   0.413 |    0.855 | 
     | U329                 | B2 v -> ZN ^ | AOI21_X1  | 0.053 |   0.466 |    0.908 | 
     | U636                 | B2 ^ -> ZN v | OAI21_X1  | 0.024 |   0.490 |    0.932 | 
     | U637                 | A v -> ZN ^  | AOI21_X1  | 0.066 |   0.556 |    0.998 | 
     | FE_OFC1_n552         | A ^ -> Z ^   | CLKBUF_X1 | 0.130 |   0.686 |    1.128 | 
     | U385                 | B1 ^ -> ZN v | OAI21_X1  | 0.028 |   0.714 |    1.156 | 
     | U384                 | B v -> ZN v  | XNOR2_X1  | 0.046 |   0.760 |    1.202 | 
     | FE_OFC64_n2146       | A v -> Z v   | CLKBUF_X1 | 0.095 |   0.855 |    1.297 | 
     | U1574                | B1 v -> ZN ^ | OAI21_X1  | 0.058 |   0.914 |    1.355 | 
     | U1575                | A ^ -> Z ^   | XOR2_X1   | 0.064 |   0.977 |    1.419 | 
     | U1606                | CI ^ -> S v  | FA_X1     | 0.107 |   1.084 |    1.526 | 
     | U2244                | A v -> CO v  | FA_X1     | 0.079 |   1.163 |    1.605 | 
     | U1673                | CI v -> S ^  | FA_X1     | 0.116 |   1.279 |    1.721 | 
     | U2233                | CI ^ -> S v  | FA_X1     | 0.095 |   1.374 |    1.816 | 
     | U2246                | A1 v -> ZN v | OR2_X1    | 0.055 |   1.429 |    1.871 | 
     | U2274                | B1 v -> ZN ^ | AOI21_X1  | 0.028 |   1.457 |    1.898 | 
     | U2275                | A ^ -> ZN v  | OAI21_X1  | 0.022 |   1.479 |    1.921 | 
     | U2276                | A v -> ZN ^  | AOI21_X1  | 0.053 |   1.531 |    1.973 | 
     | U2284                | B2 ^ -> ZN v | OAI21_X1  | 0.035 |   1.566 |    2.008 | 
     | U2303                | B2 v -> ZN ^ | AOI21_X1  | 0.054 |   1.621 |    2.062 | 
     | U2437                | B1 ^ -> ZN v | OAI21_X1  | 0.028 |   1.648 |    2.090 | 
     | U2466                | B1 v -> ZN ^ | AOI21_X1  | 0.044 |   1.692 |    2.134 | 
     | U2494                | B1 ^ -> ZN v | OAI21_X1  | 0.028 |   1.720 |    2.162 | 
     | U2521                | B1 v -> ZN ^ | AOI21_X1  | 0.044 |   1.764 |    2.206 | 
     | U2545                | B1 ^ -> ZN v | OAI21_X1  | 0.035 |   1.799 |    2.241 | 
     | U447                 | A1 v -> ZN ^ | NAND3_X1  | 0.021 |   1.821 |    2.262 | 
     | U440                 | A ^ -> ZN v  | OAI21_X1  | 0.024 |   1.845 |    2.287 | 
     | U2646                | B1 v -> ZN ^ | AOI21_X1  | 0.042 |   1.886 |    2.328 | 
     | U2662                | B1 ^ -> ZN v | OAI21_X1  | 0.027 |   1.913 |    2.355 | 
     | U2679                | B1 v -> ZN ^ | AOI21_X1  | 0.059 |   1.972 |    2.414 | 
     | U434                 | A ^ -> ZN ^  | XNOR2_X1  | 0.051 |   2.023 |    2.465 | 
     | U3203                | B2 ^ -> ZN v | OAI21_X1  | 0.020 |   2.043 |    2.485 | 
     | p_reg_Y_temp_reg_57_ | D v          | DFF_X1    | 0.000 |   2.043 |    2.485 | 
     +------------------------------------------------------------------------------+ 
Path 8: MET Setup Check with Pin p_reg_Y_temp_reg_56_/CK 
Endpoint:   p_reg_Y_temp_reg_56_/D (^) checked with  leading edge of 'CLK'
Beginpoint: B_reg_Y_temp_reg_8_/Q  (v) triggered by  leading edge of 'CLK'
Path Groups: {CLK}
Analysis View: default
Other End Arrival Time          0.068
- Setup                         0.032
+ Phase Shift                   2.500
+ CPPR Adjustment               0.000
- Uncertainty                   0.050
= Required Time                 2.486
- Arrival Time                  2.001
= Slack Time                    0.485
     Clock Rise Edge                 0.000
     + Clock Network Latency (Prop)  0.048
     = Beginpoint Arrival Time       0.048
     +------------------------------------------------------------------------------+ 
     |       Instance       |     Arc      |   Cell    | Delay | Arrival | Required | 
     |                      |              |           |       |  Time   |   Time   | 
     |----------------------+--------------+-----------+-------+---------+----------| 
     | B_reg_Y_temp_reg_8_  | CK ^         |           |       |   0.048 |    0.533 | 
     | B_reg_Y_temp_reg_8_  | CK ^ -> Q v  | DFF_X1    | 0.129 |   0.176 |    0.661 | 
     | FE_OFC42_B_i_8       | A v -> Z v   | CLKBUF_X1 | 0.149 |   0.325 |    0.810 | 
     | U624                 | A2 v -> ZN ^ | NAND2_X1  | 0.060 |   0.385 |    0.870 | 
     | U625                 | A2 ^ -> ZN v | NAND2_X1  | 0.028 |   0.413 |    0.898 | 
     | U329                 | B2 v -> ZN ^ | AOI21_X1  | 0.053 |   0.466 |    0.951 | 
     | U636                 | B2 ^ -> ZN v | OAI21_X1  | 0.024 |   0.490 |    0.975 | 
     | U637                 | A v -> ZN ^  | AOI21_X1  | 0.066 |   0.556 |    1.042 | 
     | FE_OFC1_n552         | A ^ -> Z ^   | CLKBUF_X1 | 0.130 |   0.686 |    1.171 | 
     | U385                 | B1 ^ -> ZN v | OAI21_X1  | 0.028 |   0.714 |    1.199 | 
     | U384                 | B v -> ZN v  | XNOR2_X1  | 0.046 |   0.760 |    1.245 | 
     | FE_OFC64_n2146       | A v -> Z v   | CLKBUF_X1 | 0.095 |   0.855 |    1.340 | 
     | U1574                | B1 v -> ZN ^ | OAI21_X1  | 0.058 |   0.914 |    1.399 | 
     | U1575                | A ^ -> Z ^   | XOR2_X1   | 0.064 |   0.977 |    1.462 | 
     | U1606                | CI ^ -> S v  | FA_X1     | 0.107 |   1.084 |    1.569 | 
     | U2244                | A v -> CO v  | FA_X1     | 0.079 |   1.163 |    1.648 | 
     | U1673                | CI v -> S ^  | FA_X1     | 0.116 |   1.279 |    1.764 | 
     | U2233                | CI ^ -> S v  | FA_X1     | 0.095 |   1.374 |    1.859 | 
     | U2246                | A1 v -> ZN v | OR2_X1    | 0.055 |   1.429 |    1.914 | 
     | U2274                | B1 v -> ZN ^ | AOI21_X1  | 0.028 |   1.457 |    1.942 | 
     | U2275                | A ^ -> ZN v  | OAI21_X1  | 0.022 |   1.479 |    1.964 | 
     | U2276                | A v -> ZN ^  | AOI21_X1  | 0.053 |   1.531 |    2.016 | 
     | U2284                | B2 ^ -> ZN v | OAI21_X1  | 0.035 |   1.566 |    2.051 | 
     | U2303                | B2 v -> ZN ^ | AOI21_X1  | 0.054 |   1.621 |    2.106 | 
     | U2437                | B1 ^ -> ZN v | OAI21_X1  | 0.028 |   1.648 |    2.133 | 
     | U2466                | B1 v -> ZN ^ | AOI21_X1  | 0.044 |   1.692 |    2.177 | 
     | U2494                | B1 ^ -> ZN v | OAI21_X1  | 0.028 |   1.720 |    2.205 | 
     | U2521                | B1 v -> ZN ^ | AOI21_X1  | 0.044 |   1.764 |    2.249 | 
     | U2545                | B1 ^ -> ZN v | OAI21_X1  | 0.035 |   1.799 |    2.284 | 
     | U447                 | A1 v -> ZN ^ | NAND3_X1  | 0.021 |   1.821 |    2.306 | 
     | U440                 | A ^ -> ZN v  | OAI21_X1  | 0.024 |   1.845 |    2.330 | 
     | U2646                | B1 v -> ZN ^ | AOI21_X1  | 0.042 |   1.886 |    2.372 | 
     | U2662                | B1 ^ -> ZN v | OAI21_X1  | 0.027 |   1.913 |    2.398 | 
     | U469                 | A v -> Z v   | XOR2_X1   | 0.056 |   1.969 |    2.454 | 
     | U3202                | B2 v -> ZN ^ | OAI21_X1  | 0.032 |   2.001 |    2.486 | 
     | p_reg_Y_temp_reg_56_ | D ^          | DFF_X1    | 0.000 |   2.001 |    2.486 | 
     +------------------------------------------------------------------------------+ 
Path 9: MET Setup Check with Pin p_reg_Y_temp_reg_55_/CK 
Endpoint:   p_reg_Y_temp_reg_55_/D (v) checked with  leading edge of 'CLK'
Beginpoint: B_reg_Y_temp_reg_8_/Q  (v) triggered by  leading edge of 'CLK'
Path Groups: {CLK}
Analysis View: default
Other End Arrival Time          0.068
- Setup                         0.033
+ Phase Shift                   2.500
+ CPPR Adjustment               0.000
- Uncertainty                   0.050
= Required Time                 2.485
- Arrival Time                  1.958
= Slack Time                    0.528
     Clock Rise Edge                 0.000
     + Clock Network Latency (Prop)  0.048
     = Beginpoint Arrival Time       0.048
     +------------------------------------------------------------------------------+ 
     |       Instance       |     Arc      |   Cell    | Delay | Arrival | Required | 
     |                      |              |           |       |  Time   |   Time   | 
     |----------------------+--------------+-----------+-------+---------+----------| 
     | B_reg_Y_temp_reg_8_  | CK ^         |           |       |   0.048 |    0.575 | 
     | B_reg_Y_temp_reg_8_  | CK ^ -> Q v  | DFF_X1    | 0.129 |   0.176 |    0.704 | 
     | FE_OFC42_B_i_8       | A v -> Z v   | CLKBUF_X1 | 0.149 |   0.325 |    0.853 | 
     | U624                 | A2 v -> ZN ^ | NAND2_X1  | 0.060 |   0.385 |    0.913 | 
     | U625                 | A2 ^ -> ZN v | NAND2_X1  | 0.028 |   0.413 |    0.941 | 
     | U329                 | B2 v -> ZN ^ | AOI21_X1  | 0.053 |   0.466 |    0.994 | 
     | U636                 | B2 ^ -> ZN v | OAI21_X1  | 0.024 |   0.490 |    1.018 | 
     | U637                 | A v -> ZN ^  | AOI21_X1  | 0.066 |   0.556 |    1.084 | 
     | FE_OFC1_n552         | A ^ -> Z ^   | CLKBUF_X1 | 0.130 |   0.686 |    1.214 | 
     | U385                 | B1 ^ -> ZN v | OAI21_X1  | 0.028 |   0.714 |    1.242 | 
     | U384                 | B v -> ZN v  | XNOR2_X1  | 0.046 |   0.760 |    1.288 | 
     | FE_OFC64_n2146       | A v -> Z v   | CLKBUF_X1 | 0.095 |   0.855 |    1.383 | 
     | U1574                | B1 v -> ZN ^ | OAI21_X1  | 0.058 |   0.914 |    1.441 | 
     | U1575                | A ^ -> Z ^   | XOR2_X1   | 0.064 |   0.977 |    1.505 | 
     | U1606                | CI ^ -> S v  | FA_X1     | 0.107 |   1.084 |    1.612 | 
     | U2244                | A v -> CO v  | FA_X1     | 0.079 |   1.163 |    1.691 | 
     | U1673                | CI v -> S ^  | FA_X1     | 0.116 |   1.279 |    1.807 | 
     | U2233                | CI ^ -> S v  | FA_X1     | 0.095 |   1.374 |    1.902 | 
     | U2246                | A1 v -> ZN v | OR2_X1    | 0.055 |   1.429 |    1.956 | 
     | U2274                | B1 v -> ZN ^ | AOI21_X1  | 0.028 |   1.457 |    1.984 | 
     | U2275                | A ^ -> ZN v  | OAI21_X1  | 0.022 |   1.479 |    2.006 | 
     | U2276                | A v -> ZN ^  | AOI21_X1  | 0.053 |   1.531 |    2.059 | 
     | U2284                | B2 ^ -> ZN v | OAI21_X1  | 0.035 |   1.566 |    2.094 | 
     | U2303                | B2 v -> ZN ^ | AOI21_X1  | 0.054 |   1.621 |    2.148 | 
     | U2437                | B1 ^ -> ZN v | OAI21_X1  | 0.028 |   1.648 |    2.176 | 
     | U2466                | B1 v -> ZN ^ | AOI21_X1  | 0.044 |   1.692 |    2.220 | 
     | U2494                | B1 ^ -> ZN v | OAI21_X1  | 0.028 |   1.720 |    2.248 | 
     | U2521                | B1 v -> ZN ^ | AOI21_X1  | 0.044 |   1.764 |    2.292 | 
     | U2545                | B1 ^ -> ZN v | OAI21_X1  | 0.035 |   1.799 |    2.327 | 
     | U447                 | A1 v -> ZN ^ | NAND3_X1  | 0.021 |   1.821 |    2.348 | 
     | U440                 | A ^ -> ZN v  | OAI21_X1  | 0.024 |   1.845 |    2.373 | 
     | U2646                | B1 v -> ZN ^ | AOI21_X1  | 0.042 |   1.886 |    2.414 | 
     | U470                 | A ^ -> ZN ^  | XNOR2_X1  | 0.050 |   1.937 |    2.464 | 
     | U3201                | B2 ^ -> ZN v | OAI21_X1  | 0.021 |   1.958 |    2.485 | 
     | p_reg_Y_temp_reg_55_ | D v          | DFF_X1    | 0.000 |   1.958 |    2.485 | 
     +------------------------------------------------------------------------------+ 
Path 10: MET Setup Check with Pin p_reg_Y_temp_reg_52_/CK 
Endpoint:   p_reg_Y_temp_reg_52_/D (^) checked with  leading edge of 'CLK'
Beginpoint: B_reg_Y_temp_reg_8_/Q  (v) triggered by  leading edge of 'CLK'
Path Groups: {CLK}
Analysis View: default
Other End Arrival Time          0.068
- Setup                         0.032
+ Phase Shift                   2.500
+ CPPR Adjustment               0.000
- Uncertainty                   0.050
= Required Time                 2.486
- Arrival Time                  1.941
= Slack Time                    0.545
     Clock Rise Edge                 0.000
     + Clock Network Latency (Prop)  0.048
     = Beginpoint Arrival Time       0.048
     +------------------------------------------------------------------------------+ 
     |       Instance       |     Arc      |   Cell    | Delay | Arrival | Required | 
     |                      |              |           |       |  Time   |   Time   | 
     |----------------------+--------------+-----------+-------+---------+----------| 
     | B_reg_Y_temp_reg_8_  | CK ^         |           |       |   0.048 |    0.592 | 
     | B_reg_Y_temp_reg_8_  | CK ^ -> Q v  | DFF_X1    | 0.129 |   0.176 |    0.721 | 
     | FE_OFC42_B_i_8       | A v -> Z v   | CLKBUF_X1 | 0.149 |   0.325 |    0.870 | 
     | U624                 | A2 v -> ZN ^ | NAND2_X1  | 0.060 |   0.385 |    0.930 | 
     | U625                 | A2 ^ -> ZN v | NAND2_X1  | 0.028 |   0.413 |    0.958 | 
     | U329                 | B2 v -> ZN ^ | AOI21_X1  | 0.053 |   0.466 |    1.011 | 
     | U636                 | B2 ^ -> ZN v | OAI21_X1  | 0.024 |   0.490 |    1.035 | 
     | U637                 | A v -> ZN ^  | AOI21_X1  | 0.066 |   0.556 |    1.101 | 
     | FE_OFC1_n552         | A ^ -> Z ^   | CLKBUF_X1 | 0.130 |   0.686 |    1.231 | 
     | U385                 | B1 ^ -> ZN v | OAI21_X1  | 0.028 |   0.714 |    1.259 | 
     | U384                 | B v -> ZN v  | XNOR2_X1  | 0.046 |   0.760 |    1.305 | 
     | FE_OFC64_n2146       | A v -> Z v   | CLKBUF_X1 | 0.095 |   0.855 |    1.400 | 
     | U1574                | B1 v -> ZN ^ | OAI21_X1  | 0.058 |   0.914 |    1.458 | 
     | U1575                | A ^ -> Z ^   | XOR2_X1   | 0.064 |   0.977 |    1.522 | 
     | U1606                | CI ^ -> S v  | FA_X1     | 0.107 |   1.084 |    1.629 | 
     | U2244                | A v -> CO v  | FA_X1     | 0.079 |   1.163 |    1.708 | 
     | U1673                | CI v -> S ^  | FA_X1     | 0.116 |   1.279 |    1.824 | 
     | U2233                | CI ^ -> S v  | FA_X1     | 0.095 |   1.374 |    1.919 | 
     | U2246                | A1 v -> ZN v | OR2_X1    | 0.055 |   1.429 |    1.973 | 
     | U2274                | B1 v -> ZN ^ | AOI21_X1  | 0.028 |   1.457 |    2.001 | 
     | U2275                | A ^ -> ZN v  | OAI21_X1  | 0.022 |   1.479 |    2.023 | 
     | U2276                | A v -> ZN ^  | AOI21_X1  | 0.053 |   1.531 |    2.076 | 
     | U2284                | B2 ^ -> ZN v | OAI21_X1  | 0.035 |   1.566 |    2.111 | 
     | U2303                | B2 v -> ZN ^ | AOI21_X1  | 0.054 |   1.621 |    2.165 | 
     | U2437                | B1 ^ -> ZN v | OAI21_X1  | 0.028 |   1.648 |    2.193 | 
     | U2466                | B1 v -> ZN ^ | AOI21_X1  | 0.044 |   1.692 |    2.237 | 
     | U2494                | B1 ^ -> ZN v | OAI21_X1  | 0.028 |   1.720 |    2.265 | 
     | U2521                | B1 v -> ZN ^ | AOI21_X1  | 0.044 |   1.764 |    2.309 | 
     | U2545                | B1 ^ -> ZN v | OAI21_X1  | 0.035 |   1.799 |    2.344 | 
     | U376                 | A1 v -> ZN ^ | NAND2_X1  | 0.028 |   1.827 |    2.372 | 
     | U439                 | C1 ^ -> ZN v | OAI211_X1 | 0.023 |   1.850 |    2.395 | 
     | U474                 | A v -> Z v   | XOR2_X1   | 0.059 |   1.909 |    2.454 | 
     | U3198                | B2 v -> ZN ^ | OAI21_X1  | 0.032 |   1.941 |    2.486 | 
     | p_reg_Y_temp_reg_52_ | D ^          | DFF_X1    | 0.000 |   1.941 |    2.486 | 
     +------------------------------------------------------------------------------+ 

