 
****************************************
Report : qor
Design : boothmul_registered
Version: W-2024.09-SP2
Date   : Tue Sep 22 21:23:01 2026
****************************************


  Timing Path Group 'CLK'
  -----------------------------------
  Levels of Logic:              31.00
  Critical Path Length:          1.65
  Critical Path Slack:          -0.93
  Critical Path Clk Period:      0.80
  Total Negative Slack:        -48.18
  No. of Violating Paths:       62.00
  Worst Hold Violation:          0.00
  Total Hold Violation:          0.00
  No. of Hold Violations:        0.00
  -----------------------------------


  Cell Count
  -----------------------------------
  Hierarchical Cell Count:          0
  Hierarchical Port Count:          0
  Leaf Cell Count:               7274
  Buf/Inv Cell Count:            1408
  Buf Cell Count:                 355
  Inv Cell Count:                1053
  CT Buf/Inv Cell Count:            0
  Combinational Cell Count:      7146
  Sequential Cell Count:          128
  Macro Count:                      0
  -----------------------------------


  Area
  -----------------------------------
  Combinational Area:     8458.533951
  Noncombinational Area:   627.493996
  Buf/Inv Area:            868.489999
  Total Buffer Area:           302.71
  Total Inverter Area:         565.78
  Macro/Black Box Area:      0.000000
  Net Area:                  0.000000
  -----------------------------------
  Cell Area:              9086.027947
  Design Area:            9086.027947


  Design Rules
  -----------------------------------
  Total Number of Nets:          7482
  Nets With Violations:             1
  Max Trans Violations:             0
  Max Cap Violations:               1
  -----------------------------------


  Hostname: microsys.openstack.polito

  Compile CPU Statistics
  -----------------------------------------
  Resource Sharing:                    0.64
  Logic Optimization:                 50.33
  Mapping Optimization:               67.11
  -----------------------------------------
  Overall Compile Time:              150.18
  Overall Compile Wall Clock Time:   153.82

  --------------------------------------------------------------------

  Design  WNS: 0.93  TNS: 48.18  Number of Violating Paths: 62


  Design (Hold)  WNS: 0.00  TNS: 0.00  Number of Violating Paths: 0

  --------------------------------------------------------------------


1
