 
****************************************
Report : qor
Design : boothmul_registered
Version: W-2024.09-SP2
Date   : Mon Sep 14 18:44:27 2026
****************************************


  Timing Path Group 'CLK'
  -----------------------------------
  Levels of Logic:              35.00
  Critical Path Length:          2.42
  Critical Path Slack:           0.00
  Critical Path Clk Period:      2.50
  Total Negative Slack:          0.00
  No. of Violating Paths:        0.00
  Worst Hold Violation:          0.00
  Total Hold Violation:          0.00
  No. of Hold Violations:        0.00
  -----------------------------------


  Cell Count
  -----------------------------------
  Hierarchical Cell Count:          0
  Hierarchical Port Count:          0
  Leaf Cell Count:               4101
  Buf/Inv Cell Count:             628
  Buf Cell Count:                  62
  Inv Cell Count:                 566
  CT Buf/Inv Cell Count:            0
  Combinational Cell Count:      3973
  Sequential Cell Count:          128
  Macro Count:                      0
  -----------------------------------


  Area
  -----------------------------------
  Combinational Area:     5368.677981
  Noncombinational Area:   591.051981
  Buf/Inv Area:            362.026002
  Total Buffer Area:            55.59
  Total Inverter Area:         306.43
  Macro/Black Box Area:      0.000000
  Net Area:                  0.000000
  -----------------------------------
  Cell Area:              5959.729962
  Design Area:            5959.729962


  Design Rules
  -----------------------------------
  Total Number of Nets:          4374
  Nets With Violations:             2
  Max Trans Violations:             1
  Max Cap Violations:               2
  -----------------------------------


  Hostname: microsys.openstack.polito

  Compile CPU Statistics
  -----------------------------------------
  Resource Sharing:                    0.56
  Logic Optimization:                  5.15
  Mapping Optimization:               21.62
  -----------------------------------------
  Overall Compile Time:               56.01
  Overall Compile Wall Clock Time:    58.76

  --------------------------------------------------------------------

  Design  WNS: 0.00  TNS: 0.00  Number of Violating Paths: 0


  Design (Hold)  WNS: 0.00  TNS: 0.00  Number of Violating Paths: 0

  --------------------------------------------------------------------


1
