 
****************************************
Report : qor
Design : boothmul_registered
Version: W-2024.09-SP2
Date   : Tue Sep 22 21:17:52 2026
****************************************


  Timing Path Group 'CLK'
  -----------------------------------
  Levels of Logic:              29.00
  Critical Path Length:          1.70
  Critical Path Slack:          -1.18
  Critical Path Clk Period:      0.60
  Total Negative Slack:        -68.24
  No. of Violating Paths:      128.00
  Worst Hold Violation:          0.00
  Total Hold Violation:          0.00
  No. of Hold Violations:        0.00
  -----------------------------------


  Cell Count
  -----------------------------------
  Hierarchical Cell Count:          0
  Hierarchical Port Count:          0
  Leaf Cell Count:               7018
  Buf/Inv Cell Count:            1411
  Buf Cell Count:                 332
  Inv Cell Count:                1079
  CT Buf/Inv Cell Count:            0
  Combinational Cell Count:      6890
  Sequential Cell Count:          128
  Macro Count:                      0
  -----------------------------------


  Area
  -----------------------------------
  Combinational Area:     8296.273955
  Noncombinational Area:   586.795981
  Buf/Inv Area:            859.446000
  Total Buffer Area:           281.69
  Total Inverter Area:         577.75
  Macro/Black Box Area:      0.000000
  Net Area:                  0.000000
  -----------------------------------
  Cell Area:              8883.069936
  Design Area:            8883.069936


  Design Rules
  -----------------------------------
  Total Number of Nets:          7177
  Nets With Violations:             1
  Max Trans Violations:             0
  Max Cap Violations:               1
  -----------------------------------


  Hostname: microsys.openstack.polito

  Compile CPU Statistics
  -----------------------------------------
  Resource Sharing:                    0.64
  Logic Optimization:                 42.46
  Mapping Optimization:               52.36
  -----------------------------------------
  Overall Compile Time:              129.40
  Overall Compile Wall Clock Time:   132.93

  --------------------------------------------------------------------

  Design  WNS: 1.18  TNS: 68.24  Number of Violating Paths: 128


  Design (Hold)  WNS: 0.00  TNS: 0.00  Number of Violating Paths: 0

  --------------------------------------------------------------------


1
