 
****************************************
Report : reference
Design : boothmul_registered
Version: W-2024.09-SP2
Date   : Mon Sep 21 12:58:53 2026
****************************************

Attributes:
    b - black box (unknown)
   bo - allows boundary optimization
    d - dont_touch
   mo - map_only
    h - hierarchical
    n - noncombinational
    r - removable
    s - synthetic operator
    u - contains unmapped logic

Reference          Library       Unit Area   Count    Total Area   Attributes
-----------------------------------------------------------------------------
AND2_X1            NangateOpenCellLibrary
                                  1.064000      94    100.016001  
AND3_X1            NangateOpenCellLibrary
                                  1.330000       5      6.650000  
AND4_X1            NangateOpenCellLibrary
                                  1.596000       1      1.596000  
AOI21_X1           NangateOpenCellLibrary
                                  1.064000     125    133.000001  
AOI21_X4           NangateOpenCellLibrary
                                  3.458000       1      3.458000  
AOI22_X1           NangateOpenCellLibrary
                                  1.330000     489    650.370021  
AOI22_X2           NangateOpenCellLibrary
                                  2.394000       2      4.788000  
AOI211_X1          NangateOpenCellLibrary
                                  1.330000       3      3.990000  
AOI221_X1          NangateOpenCellLibrary
                                  1.596000      21     33.515999  
AOI222_X1          NangateOpenCellLibrary
                                  2.128000     101    214.928002  
BUF_X1             NangateOpenCellLibrary
                                  0.798000      18     14.364000  
BUF_X2             NangateOpenCellLibrary
                                  1.064000       2      2.128000  
BUF_X4             NangateOpenCellLibrary
                                  1.862000       1      1.862000  
CLKBUF_X1          NangateOpenCellLibrary
                                  0.798000      12      9.576000  
DFFS_X1            NangateOpenCellLibrary
                                  5.320000       2     10.640000  n
DFF_X1             NangateOpenCellLibrary
                                  4.522000     121    547.161980  n
DFF_X2             NangateOpenCellLibrary
                                  5.054000       4     20.216000  n
FA_X1              NangateOpenCellLibrary
                                  4.256000     129    549.024005  r
INV_X1             NangateOpenCellLibrary
                                  0.532000     531    282.492003  
INV_X2             NangateOpenCellLibrary
                                  0.798000      11      8.778000  
INV_X4             NangateOpenCellLibrary
                                  1.330000       2      2.660000  
MUX2_X1            NangateOpenCellLibrary
                                  1.862000      23     42.826000  
NAND2_X1           NangateOpenCellLibrary
                                  0.798000     269    214.661994  
NAND2_X2           NangateOpenCellLibrary
                                  1.330000       2      2.660000  
NAND3_X1           NangateOpenCellLibrary
                                  1.064000       8      8.512000  
NAND4_X1           NangateOpenCellLibrary
                                  1.330000       5      6.650000  
NOR2_X1            NangateOpenCellLibrary
                                  0.798000     152    121.295997  
NOR2_X4            NangateOpenCellLibrary
                                  2.394000       2      4.788000  
NOR3_X1            NangateOpenCellLibrary
                                  1.064000       5      5.320000  
OAI21_X1           NangateOpenCellLibrary
                                  1.064000     245    260.680003  
OAI22_X1           NangateOpenCellLibrary
                                  1.330000     263    349.790011  
OAI33_X1           NangateOpenCellLibrary
                                  1.862000       3      5.586000  
OAI211_X1          NangateOpenCellLibrary
                                  1.330000      12     15.960001  
OAI221_X1          NangateOpenCellLibrary
                                  1.596000      55     87.779998  
OAI222_X1          NangateOpenCellLibrary
                                  2.128000      26     55.328001  
OR2_X1             NangateOpenCellLibrary
                                  1.064000     108    114.912001  
OR2_X2             NangateOpenCellLibrary
                                  1.330000       2      2.660000  
OR3_X1             NangateOpenCellLibrary
                                  1.330000       3      3.990000  
SDFF_X1            NangateOpenCellLibrary
                                  6.118000       1      6.118000  n
XNOR2_X1           NangateOpenCellLibrary
                                  1.596000     931   1485.875959  
XNOR2_X2           NangateOpenCellLibrary
                                  2.660000       1      2.660000  
XOR2_X1            NangateOpenCellLibrary
                                  1.596000     287    458.051987  
-----------------------------------------------------------------------------
Total 42 references                                  5857.319964
1
