 
****************************************
Report : reference
Design : boothmul_registered
Version: W-2024.09-SP2
Date   : Tue Sep 22 21:20:11 2026
****************************************

Attributes:
    b - black box (unknown)
   bo - allows boundary optimization
    d - dont_touch
   mo - map_only
    h - hierarchical
    n - noncombinational
    r - removable
    s - synthetic operator
    u - contains unmapped logic

Reference          Library       Unit Area   Count    Total Area   Attributes
-----------------------------------------------------------------------------
AND2_X1            NangateOpenCellLibrary
                                  1.064000     500    532.000005  
AND2_X2            NangateOpenCellLibrary
                                  1.330000      44     58.520002  
AND2_X4            NangateOpenCellLibrary
                                  2.394000       3      7.182000  
AND3_X1            NangateOpenCellLibrary
                                  1.330000      55     73.150002  
AND3_X2            NangateOpenCellLibrary
                                  1.596000       1      1.596000  
AND4_X1            NangateOpenCellLibrary
                                  1.596000      12     19.151999  
AND4_X2            NangateOpenCellLibrary
                                  1.862000       2      3.724000  
AOI21_X1           NangateOpenCellLibrary
                                  1.064000      53     56.392001  
AOI22_X1           NangateOpenCellLibrary
                                  1.330000      90    119.700004  
AOI22_X2           NangateOpenCellLibrary
                                  2.394000       1      2.394000  
BUF_X1             NangateOpenCellLibrary
                                  0.798000     245    195.509995  
BUF_X2             NangateOpenCellLibrary
                                  1.064000      29     30.856000  
BUF_X4             NangateOpenCellLibrary
                                  1.862000       1      1.862000  
CLKBUF_X1          NangateOpenCellLibrary
                                  0.798000      48     38.303999  
CLKBUF_X2          NangateOpenCellLibrary
                                  1.064000       4      4.256000  
DFFS_X1            NangateOpenCellLibrary
                                  5.320000       3     15.960001  n
DFFS_X2            NangateOpenCellLibrary
                                  5.586000       1      5.586000  n
DFF_X1             NangateOpenCellLibrary
                                  4.522000     112    506.463982  n
DFF_X2             NangateOpenCellLibrary
                                  5.054000      11     55.593999  n
FA_X1              NangateOpenCellLibrary
                                  4.256000     265   1127.840011  r
INV_X1             NangateOpenCellLibrary
                                  0.532000    1028    546.896005  
INV_X2             NangateOpenCellLibrary
                                  0.798000      19     15.162000  
MUX2_X1            NangateOpenCellLibrary
                                  1.862000      92    171.303999  
MUX2_X2            NangateOpenCellLibrary
                                  2.394000       1      2.394000  
NAND2_X1           NangateOpenCellLibrary
                                  0.798000    1245    993.509973  
NAND2_X2           NangateOpenCellLibrary
                                  1.330000       2      2.660000  
NAND3_X1           NangateOpenCellLibrary
                                  1.064000      80     85.120001  
NAND3_X2           NangateOpenCellLibrary
                                  1.862000       2      3.724000  
NAND4_X1           NangateOpenCellLibrary
                                  1.330000      20     26.600001  
NAND4_X2           NangateOpenCellLibrary
                                  2.394000       1      2.394000  
NOR2_X1            NangateOpenCellLibrary
                                  0.798000     234    186.731995  
NOR2_X2            NangateOpenCellLibrary
                                  1.330000       2      2.660000  
NOR3_X1            NangateOpenCellLibrary
                                  1.064000       8      8.512000  
NOR4_X1            NangateOpenCellLibrary
                                  1.330000       1      1.330000  
OAI21_X1           NangateOpenCellLibrary
                                  1.064000     347    369.208004  
OAI21_X2           NangateOpenCellLibrary
                                  1.862000       9     16.758000  
OAI22_X1           NangateOpenCellLibrary
                                  1.330000      28     37.240001  
OAI22_X2           NangateOpenCellLibrary
                                  2.394000       1      2.394000  
OAI211_X1          NangateOpenCellLibrary
                                  1.330000      36     47.880002  
OR2_X1             NangateOpenCellLibrary
                                  1.064000     980   1042.720010  
OR2_X2             NangateOpenCellLibrary
                                  1.330000      26     34.580001  
OR2_X4             NangateOpenCellLibrary
                                  2.394000       2      4.788000  
OR3_X1             NangateOpenCellLibrary
                                  1.330000      41     54.530002  
OR3_X2             NangateOpenCellLibrary
                                  1.596000       5      7.980000  
OR3_X4             NangateOpenCellLibrary
                                  2.926000       1      2.926000  
OR4_X1             NangateOpenCellLibrary
                                  1.596000       5      7.980000  
OR4_X2             NangateOpenCellLibrary
                                  1.862000       1      1.862000  
SDFF_X1            NangateOpenCellLibrary
                                  6.118000       1      6.118000  n
XNOR2_X1           NangateOpenCellLibrary
                                  1.596000    1310   2090.759943  
XNOR2_X2           NangateOpenCellLibrary
                                  2.660000      12     31.920001  
XOR2_X1            NangateOpenCellLibrary
                                  1.596000     110    175.559995  
XOR2_X2            NangateOpenCellLibrary
                                  2.394000       2      4.788000  
-----------------------------------------------------------------------------
Total 52 references                                  8845.031931
1
