 
****************************************
Report : timing
        -path full
        -delay max
        -max_paths 1
Design : boothmul_registered
Version: W-2024.09-SP2
Date   : Mon Sep 21 13:02:51 2026
****************************************

Operating Conditions: typical   Library: NangateOpenCellLibrary
Wire Load Model Mode: top

  Startpoint: B_reg_Y_temp_reg_1_
              (rising edge-triggered flip-flop clocked by CLK)
  Endpoint: p_reg_Y_temp_reg_61_
            (rising edge-triggered flip-flop clocked by CLK)
  Path Group: CLK
  Path Type: max

  Des/Clust/Port     Wire Load Model       Library
  ------------------------------------------------
  boothmul_registered
                     5K_hvratio_1_4        NangateOpenCellLibrary

  Point                                    Incr       Path
  -----------------------------------------------------------
  clock CLK (rise edge)                    0.00       0.00
  clock network delay (ideal)              0.05       0.05
  B_reg_Y_temp_reg_1_/CK (DFF_X1)          0.00       0.05 r
  B_reg_Y_temp_reg_1_/QN (DFF_X1)          0.18       0.23 r
  U3673/ZN (NOR2_X1)                       0.05       0.28 f
  U3674/ZN (NOR2_X1)                       0.11       0.39 r
  U3646/ZN (INV_X2)                        0.11       0.50 f
  U3675/ZN (AOI22_X1)                      0.09       0.58 r
  U3650/ZN (INV_X1)                        0.05       0.63 f
  U3645/ZN (INV_X1)                        0.11       0.75 r
  U3706/ZN (AOI22_X1)                      0.06       0.80 f
  U3707/ZN (INV_X1)                        0.12       0.92 r
  U3639/ZN (INV_X2)                        0.14       1.06 f
  U3712/ZN (XNOR2_X1)                      0.11       1.17 f
  U3713/ZN (XNOR2_X1)                      0.09       1.25 r
  U3714/ZN (XNOR2_X1)                      0.08       1.33 r
  U4893/ZN (AOI21_X1)                      0.04       1.37 f
  U4895/S (FA_X1)                          0.14       1.51 r
  U4894/ZN (INV_X1)                        0.03       1.54 f
  U4902/ZN (AND3_X1)                       0.05       1.59 f
  U4903/Z (XOR2_X1)                        0.07       1.66 f
  U4905/ZN (OAI22_X1)                      0.05       1.71 r
  U4906/ZN (INV_X1)                        0.03       1.73 f
  U4907/ZN (AOI22_X1)                      0.11       1.84 r
  U4908/ZN (INV_X1)                        0.05       1.89 f
  U4910/ZN (NOR2_X1)                       0.05       1.94 r
  U4912/ZN (NOR2_X1)                       0.03       1.97 f
  U4919/ZN (AOI21_X1)                      0.09       2.06 r
  U4920/ZN (INV_X1)                        0.05       2.11 f
  U4936/ZN (OAI21_X1)                      0.06       2.17 r
  U4937/ZN (OAI211_X1)                     0.04       2.21 f
  U4940/ZN (OAI221_X1)                     0.13       2.34 r
  U4941/ZN (INV_X1)                        0.05       2.39 f
  U4947/ZN (OAI21_X1)                      0.05       2.45 r
  U4948/ZN (AOI22_X1)                      0.04       2.48 f
  U4952/ZN (AOI21_X1)                      0.10       2.58 r
  U4954/ZN (AOI21_X1)                      0.04       2.63 f
  U4958/ZN (OAI22_X1)                      0.07       2.70 r
  U4960/ZN (OAI221_X1)                     0.08       2.77 f
  U4961/ZN (INV_X1)                        0.07       2.84 r
  U4962/ZN (OAI22_X1)                      0.05       2.89 f
  U4969/ZN (OAI211_X1)                     0.06       2.95 r
  U5517/ZN (AOI221_X1)                     0.04       2.99 f
  U5518/ZN (NOR2_X1)                       0.07       3.06 r
  U5529/ZN (INV_X1)                        0.03       3.08 f
  U5530/ZN (AOI211_X1)                     0.05       3.14 r
  U5531/ZN (AOI211_X1)                     0.04       3.17 f
  U5532/ZN (AOI211_X1)                     0.10       3.27 r
  U5600/ZN (NAND3_X1)                      0.05       3.32 f
  U5937/ZN (NOR3_X1)                       0.07       3.40 r
  U6694/ZN (NAND2_X1)                      0.03       3.43 f
  U6695/ZN (OAI221_X1)                     0.06       3.49 r
  U6696/ZN (NAND2_X1)                      0.05       3.53 f
  U6832/ZN (AOI22_X1)                      0.06       3.60 r
  U6834/ZN (AOI21_X1)                      0.05       3.65 f
  U6986/ZN (AOI221_X1)                     0.12       3.77 r
  U6988/ZN (AOI21_X1)                      0.05       3.81 f
  U7034/ZN (NOR2_X1)                       0.07       3.88 r
  U7053/ZN (INV_X1)                        0.03       3.91 f
  U7054/ZN (AOI22_X1)                      0.06       3.96 r
  U7056/ZN (AOI22_X1)                      0.04       4.00 f
  U7057/ZN (OAI21_X1)                      0.04       4.04 r
  U7058/ZN (OAI21_X1)                      0.04       4.08 f
  U3285/ZN (AND2_X1)                       0.05       4.14 f
  U3292/ZN (AOI222_X1)                     0.10       4.23 r
  U3293/ZN (INV_X1)                        0.02       4.26 f
  p_reg_Y_temp_reg_61_/D (DFF_X1)          0.01       4.27 f
  data arrival time                                   4.27

  clock CLK (rise edge)                    4.50       4.50
  clock network delay (ideal)              0.05       4.55
  clock uncertainty                       -0.05       4.50
  p_reg_Y_temp_reg_61_/CK (DFF_X1)         0.00       4.50 r
  library setup time                      -0.03       4.47
  data required time                                  4.47
  -----------------------------------------------------------
  data required time                                  4.47
  data arrival time                                  -4.27
  -----------------------------------------------------------
  slack (MET)                                         0.21


1
