###############################################################
#  Generated by:      Cadence Innovus 23.35-s106_1
#  OS:                Linux x86_64(Host ID microsys.openstack.polito)
#  Generated on:      Sat Oct 10 20:03:58 2026
#  Design:            boothmul_registered
#  Command:           report_timing -max_paths 10 > reports/04_preCTS_setup_paths.rpt
###############################################################
Path 1: MET Setup Check with Pin p_reg_Y_temp_reg_61_/CK 
Endpoint:   p_reg_Y_temp_reg_61_/D (v) checked with  leading edge of 'CLK'
Beginpoint: B_reg_Y_temp_reg_12_/Q (v) triggered by  leading edge of 'CLK'
Path Groups: {CLK}
Analysis View: default
Other End Arrival Time          0.050
- Setup                         0.028
+ Phase Shift                   2.333
- Uncertainty                   0.050
= Required Time                 2.304
- Arrival Time                  2.272
= Slack Time                    0.033
     Clock Rise Edge                 0.000
     + Clock Network Latency (Ideal) 0.050
     = Beginpoint Arrival Time       0.050
     +------------------------------------------------------------------------------+ 
     |       Instance       |     Arc      |   Cell    | Delay | Arrival | Required | 
     |                      |              |           |       |  Time   |   Time   | 
     |----------------------+--------------+-----------+-------+---------+----------| 
     | B_reg_Y_temp_reg_12_ | CK ^         |           |       |   0.050 |    0.083 | 
     | B_reg_Y_temp_reg_12_ | CK ^ -> Q v  | DFF_X1    | 0.097 |   0.147 |    0.180 | 
     | U5806                | A2 v -> ZN ^ | NAND2_X1  | 0.023 |   0.170 |    0.202 | 
     | U5012                | A1 ^ -> ZN ^ | AND2_X2   | 0.118 |   0.288 |    0.321 | 
     | U5808                | A ^ -> ZN ^  | XNOR2_X1  | 0.086 |   0.374 |    0.407 | 
     | U5809                | B ^ -> Z ^   | XOR2_X1   | 0.119 |   0.493 |    0.526 | 
     | FE_OFC12_n5239       | A ^ -> Z ^   | CLKBUF_X1 | 0.161 |   0.654 |    0.686 | 
     | U5989                | B ^ -> ZN ^  | XNOR2_X1  | 0.058 |   0.712 |    0.744 | 
     | FE_OFC23_n6848       | A ^ -> Z ^   | BUF_X2    | 0.085 |   0.797 |    0.829 | 
     | U5990                | A ^ -> ZN ^  | XNOR2_X1  | 0.057 |   0.854 |    0.887 | 
     | FE_OFC24_n5786       | A ^ -> Z ^   | CLKBUF_X3 | 0.073 |   0.926 |    0.959 | 
     | FE_OFC25_n5786       | A ^ -> ZN v  | INV_X2    | 0.045 |   0.972 |    1.005 | 
     | U8470                | B v -> S ^   | FA_X1     | 0.134 |   1.106 |    1.139 | 
     | U8471                | A ^ -> ZN v  | INV_X1    | 0.010 |   1.116 |    1.149 | 
     | U5214                | A3 v -> ZN v | OR3_X1    | 0.079 |   1.195 |    1.228 | 
     | U8488                | A2 v -> ZN ^ | NAND3_X1  | 0.025 |   1.220 |    1.253 | 
     | U8492                | A1 ^ -> ZN v | NOR2_X1   | 0.012 |   1.232 |    1.264 | 
     | U8494                | B2 v -> ZN ^ | OAI21_X1  | 0.038 |   1.270 |    1.302 | 
     | U8498                | A1 ^ -> ZN ^ | OR2_X1    | 0.030 |   1.300 |    1.332 | 
     | U8577                | A1 ^ -> ZN ^ | AND2_X1   | 0.032 |   1.332 |    1.365 | 
     | U8578                | A ^ -> ZN ^  | XNOR2_X1  | 0.047 |   1.379 |    1.412 | 
     | U8737                | CI ^ -> S v  | FA_X1     | 0.105 |   1.484 |    1.516 | 
     | U9487                | A v -> ZN v  | XNOR2_X1  | 0.055 |   1.538 |    1.571 | 
     | U9489                | A1 v -> ZN ^ | NAND2_X1  | 0.024 |   1.562 |    1.595 | 
     | U9490                | A1 ^ -> ZN v | NAND2_X1  | 0.014 |   1.576 |    1.609 | 
     | U5383                | A1 v -> ZN v | AND2_X1   | 0.032 |   1.609 |    1.641 | 
     | U5200                | A2 v -> ZN v | OR2_X1    | 0.052 |   1.660 |    1.693 | 
     | U5270                | A1 v -> ZN v | AND4_X1   | 0.033 |   1.693 |    1.726 | 
     | U5268                | B2 v -> ZN ^ | AOI21_X1  | 0.039 |   1.732 |    1.765 | 
     | U5451                | B2 ^ -> ZN v | OAI21_X1  | 0.042 |   1.774 |    1.807 | 
     | U9613                | B1 v -> ZN ^ | OAI21_X1  | 0.089 |   1.863 |    1.896 | 
     | U9616                | A1 ^ -> ZN ^ | AND2_X1   | 0.050 |   1.913 |    1.946 | 
     | U9630                | B1 ^ -> ZN v | OAI21_X1  | 0.019 |   1.932 |    1.965 | 
     | U9634                | A1 v -> ZN ^ | NAND2_X1  | 0.038 |   1.970 |    2.003 | 
     | U5598                | A1 ^ -> ZN ^ | AND2_X1   | 0.044 |   2.015 |    2.047 | 
     | U5604                | B2 ^ -> ZN v | OAI21_X1  | 0.017 |   2.032 |    2.065 | 
     | U9656                | A1 v -> ZN ^ | NAND2_X1  | 0.031 |   2.063 |    2.095 | 
     | U9713                | C2 ^ -> ZN v | OAI211_X1 | 0.026 |   2.089 |    2.122 | 
     | U5636                | A1 v -> ZN v | AND2_X1   | 0.041 |   2.130 |    2.162 | 
     | U5633                | A1 v -> ZN v | AND2_X1   | 0.029 |   2.159 |    2.191 | 
     | U10872               | A4 v -> ZN v | OR4_X1    | 0.113 |   2.272 |    2.304 | 
     | p_reg_Y_temp_reg_61_ | D v          | DFF_X1    | 0.000 |   2.272 |    2.304 | 
     +------------------------------------------------------------------------------+ 
Path 2: MET Setup Check with Pin p_reg_Y_temp_reg_63_/CK 
Endpoint:   p_reg_Y_temp_reg_63_/D (^) checked with  leading edge of 'CLK'
Beginpoint: B_reg_Y_temp_reg_12_/Q (v) triggered by  leading edge of 'CLK'
Path Groups: {CLK}
Analysis View: default
Other End Arrival Time          0.050
- Setup                         0.030
+ Phase Shift                   2.333
- Uncertainty                   0.050
= Required Time                 2.303
- Arrival Time                  2.253
= Slack Time                    0.050
     Clock Rise Edge                 0.000
     + Clock Network Latency (Ideal) 0.050
     = Beginpoint Arrival Time       0.050
     +------------------------------------------------------------------------------+ 
     |       Instance       |     Arc      |   Cell    | Delay | Arrival | Required | 
     |                      |              |           |       |  Time   |   Time   | 
     |----------------------+--------------+-----------+-------+---------+----------| 
     | B_reg_Y_temp_reg_12_ | CK ^         |           |       |   0.050 |    0.100 | 
     | B_reg_Y_temp_reg_12_ | CK ^ -> Q v  | DFF_X1    | 0.097 |   0.147 |    0.197 | 
     | U5806                | A2 v -> ZN ^ | NAND2_X1  | 0.023 |   0.170 |    0.220 | 
     | U5012                | A1 ^ -> ZN ^ | AND2_X2   | 0.118 |   0.288 |    0.338 | 
     | U5808                | A ^ -> ZN ^  | XNOR2_X1  | 0.086 |   0.374 |    0.424 | 
     | U5809                | B ^ -> Z ^   | XOR2_X1   | 0.119 |   0.493 |    0.543 | 
     | FE_OFC12_n5239       | A ^ -> Z ^   | CLKBUF_X1 | 0.161 |   0.654 |    0.704 | 
     | U5989                | B ^ -> ZN ^  | XNOR2_X1  | 0.058 |   0.712 |    0.762 | 
     | FE_OFC23_n6848       | A ^ -> Z ^   | BUF_X2    | 0.085 |   0.797 |    0.847 | 
     | U5990                | A ^ -> ZN ^  | XNOR2_X1  | 0.057 |   0.854 |    0.904 | 
     | FE_OFC24_n5786       | A ^ -> Z ^   | CLKBUF_X3 | 0.073 |   0.926 |    0.976 | 
     | FE_OFC25_n5786       | A ^ -> ZN v  | INV_X2    | 0.045 |   0.972 |    1.022 | 
     | U8470                | B v -> S ^   | FA_X1     | 0.134 |   1.106 |    1.156 | 
     | U8471                | A ^ -> ZN v  | INV_X1    | 0.010 |   1.116 |    1.166 | 
     | U5214                | A3 v -> ZN v | OR3_X1    | 0.079 |   1.195 |    1.245 | 
     | U8488                | A2 v -> ZN ^ | NAND3_X1  | 0.025 |   1.220 |    1.270 | 
     | U8492                | A1 ^ -> ZN v | NOR2_X1   | 0.012 |   1.232 |    1.282 | 
     | U8494                | B2 v -> ZN ^ | OAI21_X1  | 0.038 |   1.270 |    1.320 | 
     | U8498                | A1 ^ -> ZN ^ | OR2_X1    | 0.030 |   1.300 |    1.349 | 
     | U8577                | A1 ^ -> ZN ^ | AND2_X1   | 0.032 |   1.332 |    1.382 | 
     | U8578                | A ^ -> ZN ^  | XNOR2_X1  | 0.047 |   1.379 |    1.429 | 
     | U8737                | CI ^ -> S v  | FA_X1     | 0.105 |   1.484 |    1.533 | 
     | U9487                | A v -> ZN v  | XNOR2_X1  | 0.055 |   1.538 |    1.588 | 
     | U9489                | A1 v -> ZN ^ | NAND2_X1  | 0.024 |   1.562 |    1.612 | 
     | U9490                | A1 ^ -> ZN v | NAND2_X1  | 0.014 |   1.576 |    1.626 | 
     | U5383                | A1 v -> ZN v | AND2_X1   | 0.032 |   1.609 |    1.658 | 
     | U5200                | A2 v -> ZN v | OR2_X1    | 0.052 |   1.660 |    1.710 | 
     | U5270                | A1 v -> ZN v | AND4_X1   | 0.033 |   1.693 |    1.743 | 
     | U5268                | B2 v -> ZN ^ | AOI21_X1  | 0.039 |   1.732 |    1.782 | 
     | U5451                | B2 ^ -> ZN v | OAI21_X1  | 0.042 |   1.774 |    1.824 | 
     | U9613                | B1 v -> ZN ^ | OAI21_X1  | 0.089 |   1.863 |    1.913 | 
     | U9616                | A1 ^ -> ZN ^ | AND2_X1   | 0.050 |   1.913 |    1.963 | 
     | U9630                | B1 ^ -> ZN v | OAI21_X1  | 0.019 |   1.932 |    1.982 | 
     | U9634                | A1 v -> ZN ^ | NAND2_X1  | 0.038 |   1.970 |    2.020 | 
     | U5598                | A1 ^ -> ZN ^ | AND2_X1   | 0.044 |   2.015 |    2.064 | 
     | U5604                | B2 ^ -> ZN v | OAI21_X1  | 0.017 |   2.032 |    2.082 | 
     | U9656                | A1 v -> ZN ^ | NAND2_X1  | 0.031 |   2.063 |    2.113 | 
     | U9713                | C2 ^ -> ZN v | OAI211_X1 | 0.026 |   2.089 |    2.139 | 
     | U5636                | A1 v -> ZN v | AND2_X1   | 0.041 |   2.130 |    2.180 | 
     | U4653                | A1 v -> ZN v | OR2_X1    | 0.051 |   2.181 |    2.231 | 
     | U10171               | A v -> ZN v  | XNOR2_X1  | 0.041 |   2.222 |    2.272 | 
     | U10660               | B2 v -> ZN ^ | OAI21_X1  | 0.031 |   2.253 |    2.303 | 
     | p_reg_Y_temp_reg_63_ | D ^          | DFF_X1    | 0.000 |   2.253 |    2.303 | 
     +------------------------------------------------------------------------------+ 
Path 3: MET Setup Check with Pin p_reg_Y_temp_reg_62_/CK 
Endpoint:   p_reg_Y_temp_reg_62_/D (^) checked with  leading edge of 'CLK'
Beginpoint: B_reg_Y_temp_reg_12_/Q (v) triggered by  leading edge of 'CLK'
Path Groups: {CLK}
Analysis View: default
Other End Arrival Time          0.050
- Setup                         0.026
+ Phase Shift                   2.333
- Uncertainty                   0.050
= Required Time                 2.307
- Arrival Time                  2.240
= Slack Time                    0.067
     Clock Rise Edge                 0.000
     + Clock Network Latency (Ideal) 0.050
     = Beginpoint Arrival Time       0.050
     +------------------------------------------------------------------------------+ 
     |       Instance       |     Arc      |   Cell    | Delay | Arrival | Required | 
     |                      |              |           |       |  Time   |   Time   | 
     |----------------------+--------------+-----------+-------+---------+----------| 
     | B_reg_Y_temp_reg_12_ | CK ^         |           |       |   0.050 |    0.117 | 
     | B_reg_Y_temp_reg_12_ | CK ^ -> Q v  | DFF_X1    | 0.097 |   0.147 |    0.214 | 
     | U5806                | A2 v -> ZN ^ | NAND2_X1  | 0.023 |   0.170 |    0.237 | 
     | U5012                | A1 ^ -> ZN ^ | AND2_X2   | 0.118 |   0.288 |    0.355 | 
     | U5808                | A ^ -> ZN ^  | XNOR2_X1  | 0.086 |   0.374 |    0.441 | 
     | U5809                | B ^ -> Z ^   | XOR2_X1   | 0.119 |   0.493 |    0.560 | 
     | FE_OFC12_n5239       | A ^ -> Z ^   | CLKBUF_X1 | 0.161 |   0.654 |    0.721 | 
     | U5989                | B ^ -> ZN ^  | XNOR2_X1  | 0.058 |   0.712 |    0.779 | 
     | FE_OFC23_n6848       | A ^ -> Z ^   | BUF_X2    | 0.085 |   0.797 |    0.864 | 
     | U5990                | A ^ -> ZN ^  | XNOR2_X1  | 0.057 |   0.854 |    0.921 | 
     | FE_OFC24_n5786       | A ^ -> Z ^   | CLKBUF_X3 | 0.073 |   0.926 |    0.993 | 
     | FE_OFC25_n5786       | A ^ -> ZN v  | INV_X2    | 0.045 |   0.972 |    1.039 | 
     | U8470                | B v -> S ^   | FA_X1     | 0.134 |   1.106 |    1.173 | 
     | U8471                | A ^ -> ZN v  | INV_X1    | 0.010 |   1.116 |    1.183 | 
     | U5214                | A3 v -> ZN v | OR3_X1    | 0.079 |   1.195 |    1.262 | 
     | U8488                | A2 v -> ZN ^ | NAND3_X1  | 0.025 |   1.220 |    1.287 | 
     | U8492                | A1 ^ -> ZN v | NOR2_X1   | 0.012 |   1.232 |    1.299 | 
     | U8494                | B2 v -> ZN ^ | OAI21_X1  | 0.038 |   1.270 |    1.337 | 
     | U8498                | A1 ^ -> ZN ^ | OR2_X1    | 0.030 |   1.300 |    1.366 | 
     | U8577                | A1 ^ -> ZN ^ | AND2_X1   | 0.032 |   1.332 |    1.399 | 
     | U8578                | A ^ -> ZN ^  | XNOR2_X1  | 0.047 |   1.379 |    1.446 | 
     | U8737                | CI ^ -> S v  | FA_X1     | 0.105 |   1.484 |    1.550 | 
     | U9487                | A v -> ZN v  | XNOR2_X1  | 0.055 |   1.538 |    1.605 | 
     | U9489                | A1 v -> ZN ^ | NAND2_X1  | 0.024 |   1.562 |    1.629 | 
     | U9490                | A1 ^ -> ZN v | NAND2_X1  | 0.014 |   1.576 |    1.643 | 
     | U5383                | A1 v -> ZN v | AND2_X1   | 0.032 |   1.609 |    1.675 | 
     | U5200                | A2 v -> ZN v | OR2_X1    | 0.052 |   1.660 |    1.727 | 
     | U5270                | A1 v -> ZN v | AND4_X1   | 0.033 |   1.693 |    1.760 | 
     | U5268                | B2 v -> ZN ^ | AOI21_X1  | 0.039 |   1.732 |    1.799 | 
     | U5451                | B2 ^ -> ZN v | OAI21_X1  | 0.042 |   1.774 |    1.841 | 
     | U9613                | B1 v -> ZN ^ | OAI21_X1  | 0.089 |   1.863 |    1.930 | 
     | U9616                | A1 ^ -> ZN ^ | AND2_X1   | 0.050 |   1.913 |    1.980 | 
     | U9630                | B1 ^ -> ZN v | OAI21_X1  | 0.019 |   1.932 |    1.999 | 
     | U9634                | A1 v -> ZN ^ | NAND2_X1  | 0.038 |   1.970 |    2.037 | 
     | U5598                | A1 ^ -> ZN ^ | AND2_X1   | 0.044 |   2.015 |    2.081 | 
     | U5604                | B2 ^ -> ZN v | OAI21_X1  | 0.017 |   2.032 |    2.099 | 
     | U9656                | A1 v -> ZN ^ | NAND2_X1  | 0.031 |   2.063 |    2.130 | 
     | U9713                | C2 ^ -> ZN v | OAI211_X1 | 0.026 |   2.089 |    2.156 | 
     | U5636                | A1 v -> ZN v | AND2_X1   | 0.041 |   2.130 |    2.197 | 
     | U5591                | A1 v -> ZN v | OR2_X1    | 0.044 |   2.174 |    2.240 | 
     | U5631                | A2 v -> ZN v | OR2_X1    | 0.049 |   2.222 |    2.289 | 
     | U5632                | A2 v -> ZN ^ | NAND3_X1  | 0.017 |   2.240 |    2.307 | 
     | p_reg_Y_temp_reg_62_ | D ^          | DFFS_X1   | 0.000 |   2.240 |    2.307 | 
     +------------------------------------------------------------------------------+ 
Path 4: MET Setup Check with Pin p_reg_Y_temp_reg_60_/CK 
Endpoint:   p_reg_Y_temp_reg_60_/D (^) checked with  leading edge of 'CLK'
Beginpoint: B_reg_Y_temp_reg_12_/Q (v) triggered by  leading edge of 'CLK'
Path Groups: {CLK}
Analysis View: default
Other End Arrival Time          0.050
- Setup                         0.026
+ Phase Shift                   2.333
- Uncertainty                   0.050
= Required Time                 2.307
- Arrival Time                  2.235
= Slack Time                    0.072
     Clock Rise Edge                 0.000
     + Clock Network Latency (Ideal) 0.050
     = Beginpoint Arrival Time       0.050
     +------------------------------------------------------------------------------+ 
     |       Instance       |     Arc      |   Cell    | Delay | Arrival | Required | 
     |                      |              |           |       |  Time   |   Time   | 
     |----------------------+--------------+-----------+-------+---------+----------| 
     | B_reg_Y_temp_reg_12_ | CK ^         |           |       |   0.050 |    0.122 | 
     | B_reg_Y_temp_reg_12_ | CK ^ -> Q v  | DFF_X1    | 0.097 |   0.147 |    0.219 | 
     | U5806                | A2 v -> ZN ^ | NAND2_X1  | 0.023 |   0.170 |    0.242 | 
     | U5012                | A1 ^ -> ZN ^ | AND2_X2   | 0.118 |   0.288 |    0.360 | 
     | U5808                | A ^ -> ZN ^  | XNOR2_X1  | 0.086 |   0.374 |    0.447 | 
     | U5809                | B ^ -> Z ^   | XOR2_X1   | 0.119 |   0.493 |    0.565 | 
     | FE_OFC12_n5239       | A ^ -> Z ^   | CLKBUF_X1 | 0.161 |   0.654 |    0.726 | 
     | U5989                | B ^ -> ZN ^  | XNOR2_X1  | 0.058 |   0.712 |    0.784 | 
     | FE_OFC23_n6848       | A ^ -> Z ^   | BUF_X2    | 0.085 |   0.797 |    0.869 | 
     | U5990                | A ^ -> ZN ^  | XNOR2_X1  | 0.057 |   0.854 |    0.926 | 
     | FE_OFC24_n5786       | A ^ -> Z ^   | CLKBUF_X3 | 0.073 |   0.926 |    0.999 | 
     | FE_OFC25_n5786       | A ^ -> ZN v  | INV_X2    | 0.045 |   0.972 |    1.044 | 
     | U8470                | B v -> S ^   | FA_X1     | 0.134 |   1.106 |    1.179 | 
     | U8471                | A ^ -> ZN v  | INV_X1    | 0.010 |   1.116 |    1.188 | 
     | U5214                | A3 v -> ZN v | OR3_X1    | 0.079 |   1.195 |    1.268 | 
     | U8488                | A2 v -> ZN ^ | NAND3_X1  | 0.025 |   1.220 |    1.292 | 
     | U8492                | A1 ^ -> ZN v | NOR2_X1   | 0.012 |   1.232 |    1.304 | 
     | U8494                | B2 v -> ZN ^ | OAI21_X1  | 0.038 |   1.270 |    1.342 | 
     | U8498                | A1 ^ -> ZN ^ | OR2_X1    | 0.030 |   1.299 |    1.372 | 
     | U8577                | A1 ^ -> ZN ^ | AND2_X1   | 0.032 |   1.332 |    1.404 | 
     | U8578                | A ^ -> ZN ^  | XNOR2_X1  | 0.047 |   1.379 |    1.451 | 
     | U8737                | CI ^ -> S v  | FA_X1     | 0.105 |   1.484 |    1.556 | 
     | U9487                | A v -> ZN ^  | XNOR2_X1  | 0.062 |   1.545 |    1.617 | 
     | U9489                | A1 ^ -> ZN v | NAND2_X1  | 0.025 |   1.570 |    1.642 | 
     | U9490                | A1 v -> ZN ^ | NAND2_X1  | 0.019 |   1.589 |    1.661 | 
     | U5383                | A1 ^ -> ZN ^ | AND2_X1   | 0.037 |   1.626 |    1.698 | 
     | U5200                | A2 ^ -> ZN ^ | OR2_X1    | 0.029 |   1.655 |    1.727 | 
     | U5270                | A1 ^ -> ZN ^ | AND4_X1   | 0.049 |   1.704 |    1.776 | 
     | U5268                | B2 ^ -> ZN v | AOI21_X1  | 0.019 |   1.723 |    1.796 | 
     | U5451                | B2 v -> ZN ^ | OAI21_X1  | 0.075 |   1.799 |    1.871 | 
     | U9613                | B1 ^ -> ZN v | OAI21_X1  | 0.056 |   1.854 |    1.927 | 
     | U9616                | A1 v -> ZN v | AND2_X1   | 0.043 |   1.898 |    1.970 | 
     | U9630                | B1 v -> ZN ^ | OAI21_X1  | 0.036 |   1.933 |    2.005 | 
     | U9634                | A1 ^ -> ZN v | NAND2_X1  | 0.039 |   1.972 |    2.045 | 
     | U5598                | A1 v -> ZN v | AND2_X1   | 0.041 |   2.013 |    2.085 | 
     | U5604                | B2 v -> ZN ^ | OAI21_X1  | 0.031 |   2.044 |    2.116 | 
     | U9656                | A1 ^ -> ZN v | NAND2_X1  | 0.030 |   2.074 |    2.147 | 
     | U9713                | C2 v -> ZN ^ | OAI211_X1 | 0.036 |   2.111 |    2.183 | 
     | U5636                | A1 ^ -> ZN ^ | AND2_X1   | 0.049 |   2.160 |    2.232 | 
     | U5635                | A ^ -> ZN ^  | XNOR2_X1  | 0.042 |   2.202 |    2.274 | 
     | U5614                | A1 ^ -> ZN v | NAND2_X1  | 0.016 |   2.218 |    2.290 | 
     | U5613                | A1 v -> ZN ^ | NAND2_X1  | 0.017 |   2.235 |    2.307 | 
     | p_reg_Y_temp_reg_60_ | D ^          | DFFS_X1   | 0.000 |   2.235 |    2.307 | 
     +------------------------------------------------------------------------------+ 
Path 5: MET Setup Check with Pin p_reg_Y_temp_reg_55_/CK 
Endpoint:   p_reg_Y_temp_reg_55_/D (^) checked with  leading edge of 'CLK'
Beginpoint: B_reg_Y_temp_reg_12_/Q (v) triggered by  leading edge of 'CLK'
Path Groups: {CLK}
Analysis View: default
Other End Arrival Time          0.050
- Setup                         0.025
+ Phase Shift                   2.333
- Uncertainty                   0.050
= Required Time                 2.308
- Arrival Time                  2.225
= Slack Time                    0.082
     Clock Rise Edge                 0.000
     + Clock Network Latency (Ideal) 0.050
     = Beginpoint Arrival Time       0.050
     +------------------------------------------------------------------------------+ 
     |       Instance       |     Arc      |   Cell    | Delay | Arrival | Required | 
     |                      |              |           |       |  Time   |   Time   | 
     |----------------------+--------------+-----------+-------+---------+----------| 
     | B_reg_Y_temp_reg_12_ | CK ^         |           |       |   0.050 |    0.132 | 
     | B_reg_Y_temp_reg_12_ | CK ^ -> Q v  | DFF_X1    | 0.097 |   0.147 |    0.229 | 
     | U5806                | A2 v -> ZN ^ | NAND2_X1  | 0.023 |   0.170 |    0.252 | 
     | U5012                | A1 ^ -> ZN ^ | AND2_X2   | 0.118 |   0.288 |    0.370 | 
     | U5808                | A ^ -> ZN ^  | XNOR2_X1  | 0.086 |   0.374 |    0.457 | 
     | U5809                | B ^ -> Z ^   | XOR2_X1   | 0.119 |   0.493 |    0.575 | 
     | FE_OFC12_n5239       | A ^ -> Z ^   | CLKBUF_X1 | 0.161 |   0.654 |    0.736 | 
     | U5989                | B ^ -> ZN ^  | XNOR2_X1  | 0.058 |   0.712 |    0.794 | 
     | FE_OFC23_n6848       | A ^ -> Z ^   | BUF_X2    | 0.085 |   0.797 |    0.879 | 
     | U5990                | A ^ -> ZN ^  | XNOR2_X1  | 0.057 |   0.854 |    0.936 | 
     | FE_OFC24_n5786       | A ^ -> Z ^   | CLKBUF_X3 | 0.073 |   0.926 |    1.009 | 
     | FE_OFC25_n5786       | A ^ -> ZN v  | INV_X2    | 0.045 |   0.972 |    1.054 | 
     | U8470                | B v -> S ^   | FA_X1     | 0.134 |   1.106 |    1.189 | 
     | U8471                | A ^ -> ZN v  | INV_X1    | 0.010 |   1.116 |    1.198 | 
     | U5214                | A3 v -> ZN v | OR3_X1    | 0.079 |   1.195 |    1.278 | 
     | U8488                | A2 v -> ZN ^ | NAND3_X1  | 0.025 |   1.220 |    1.302 | 
     | U8492                | A1 ^ -> ZN v | NOR2_X1   | 0.012 |   1.232 |    1.314 | 
     | U8494                | B2 v -> ZN ^ | OAI21_X1  | 0.038 |   1.270 |    1.352 | 
     | U8498                | A1 ^ -> ZN ^ | OR2_X1    | 0.030 |   1.300 |    1.382 | 
     | U8577                | A1 ^ -> ZN ^ | AND2_X1   | 0.032 |   1.332 |    1.414 | 
     | U8578                | A ^ -> ZN ^  | XNOR2_X1  | 0.047 |   1.379 |    1.461 | 
     | U8737                | CI ^ -> S v  | FA_X1     | 0.105 |   1.484 |    1.566 | 
     | U9487                | A v -> ZN ^  | XNOR2_X1  | 0.062 |   1.545 |    1.627 | 
     | U9489                | A1 ^ -> ZN v | NAND2_X1  | 0.025 |   1.570 |    1.652 | 
     | U9490                | A1 v -> ZN ^ | NAND2_X1  | 0.019 |   1.589 |    1.671 | 
     | U5383                | A1 ^ -> ZN ^ | AND2_X1   | 0.037 |   1.626 |    1.708 | 
     | U5200                | A2 ^ -> ZN ^ | OR2_X1    | 0.029 |   1.655 |    1.737 | 
     | U5270                | A1 ^ -> ZN ^ | AND4_X1   | 0.049 |   1.704 |    1.786 | 
     | U5268                | B2 ^ -> ZN v | AOI21_X1  | 0.019 |   1.723 |    1.806 | 
     | U5451                | B2 v -> ZN ^ | OAI21_X1  | 0.075 |   1.799 |    1.881 | 
     | U9613                | B1 ^ -> ZN v | OAI21_X1  | 0.056 |   1.855 |    1.937 | 
     | U9616                | A1 v -> ZN v | AND2_X1   | 0.043 |   1.898 |    1.980 | 
     | U9630                | B1 v -> ZN ^ | OAI21_X1  | 0.036 |   1.933 |    2.015 | 
     | U9634                | A1 ^ -> ZN v | NAND2_X1  | 0.039 |   1.972 |    2.055 | 
     | U5598                | A1 v -> ZN v | AND2_X1   | 0.041 |   2.013 |    2.095 | 
     | U4728                | A2 v -> ZN v | OR2_X1    | 0.058 |   2.071 |    2.153 | 
     | U10022               | A1 v -> ZN v | AND2_X1   | 0.034 |   2.105 |    2.187 | 
     | U5552                | A1 v -> ZN ^ | NAND2_X1  | 0.015 |   2.120 |    2.202 | 
     | U5551                | A ^ -> ZN ^  | XNOR2_X1  | 0.041 |   2.161 |    2.243 | 
     | U10866               | A1 ^ -> ZN ^ | AND2_X1   | 0.039 |   2.200 |    2.282 | 
     | U10867               | A2 ^ -> ZN ^ | OR2_X1    | 0.025 |   2.225 |    2.307 | 
     | p_reg_Y_temp_reg_55_ | D ^          | DFFS_X1   | 0.000 |   2.225 |    2.308 | 
     +------------------------------------------------------------------------------+ 
Path 6: MET Setup Check with Pin p_reg_Y_temp_reg_58_/CK 
Endpoint:   p_reg_Y_temp_reg_58_/D (^) checked with  leading edge of 'CLK'
Beginpoint: B_reg_Y_temp_reg_12_/Q (v) triggered by  leading edge of 'CLK'
Path Groups: {CLK}
Analysis View: default
Other End Arrival Time          0.050
- Setup                         0.030
+ Phase Shift                   2.333
- Uncertainty                   0.050
= Required Time                 2.303
- Arrival Time                  2.218
= Slack Time                    0.085
     Clock Rise Edge                 0.000
     + Clock Network Latency (Ideal) 0.050
     = Beginpoint Arrival Time       0.050
     +------------------------------------------------------------------------------+ 
     |       Instance       |     Arc      |   Cell    | Delay | Arrival | Required | 
     |                      |              |           |       |  Time   |   Time   | 
     |----------------------+--------------+-----------+-------+---------+----------| 
     | B_reg_Y_temp_reg_12_ | CK ^         |           |       |   0.050 |    0.135 | 
     | B_reg_Y_temp_reg_12_ | CK ^ -> Q v  | DFF_X1    | 0.097 |   0.147 |    0.232 | 
     | U5806                | A2 v -> ZN ^ | NAND2_X1  | 0.023 |   0.170 |    0.255 | 
     | U5012                | A1 ^ -> ZN ^ | AND2_X2   | 0.118 |   0.288 |    0.373 | 
     | U5808                | A ^ -> ZN ^  | XNOR2_X1  | 0.086 |   0.374 |    0.459 | 
     | U5809                | B ^ -> Z ^   | XOR2_X1   | 0.119 |   0.493 |    0.578 | 
     | FE_OFC12_n5239       | A ^ -> Z ^   | CLKBUF_X1 | 0.161 |   0.654 |    0.739 | 
     | U5989                | B ^ -> ZN ^  | XNOR2_X1  | 0.058 |   0.712 |    0.796 | 
     | FE_OFC23_n6848       | A ^ -> Z ^   | BUF_X2    | 0.085 |   0.797 |    0.881 | 
     | U5990                | A ^ -> ZN ^  | XNOR2_X1  | 0.057 |   0.854 |    0.939 | 
     | FE_OFC24_n5786       | A ^ -> Z ^   | CLKBUF_X3 | 0.073 |   0.926 |    1.011 | 
     | FE_OFC25_n5786       | A ^ -> ZN v  | INV_X2    | 0.045 |   0.972 |    1.057 | 
     | U8470                | B v -> S ^   | FA_X1     | 0.134 |   1.106 |    1.191 | 
     | U8471                | A ^ -> ZN v  | INV_X1    | 0.010 |   1.116 |    1.201 | 
     | U5214                | A3 v -> ZN v | OR3_X1    | 0.079 |   1.195 |    1.280 | 
     | U8488                | A2 v -> ZN ^ | NAND3_X1  | 0.025 |   1.220 |    1.305 | 
     | U8492                | A1 ^ -> ZN v | NOR2_X1   | 0.012 |   1.232 |    1.317 | 
     | U8494                | B2 v -> ZN ^ | OAI21_X1  | 0.038 |   1.270 |    1.355 | 
     | U8498                | A1 ^ -> ZN ^ | OR2_X1    | 0.030 |   1.299 |    1.384 | 
     | U8577                | A1 ^ -> ZN ^ | AND2_X1   | 0.032 |   1.332 |    1.417 | 
     | U8578                | A ^ -> ZN ^  | XNOR2_X1  | 0.047 |   1.379 |    1.464 | 
     | U8737                | CI ^ -> S v  | FA_X1     | 0.105 |   1.484 |    1.568 | 
     | U9487                | A v -> ZN ^  | XNOR2_X1  | 0.062 |   1.545 |    1.630 | 
     | U9489                | A1 ^ -> ZN v | NAND2_X1  | 0.025 |   1.570 |    1.655 | 
     | U9490                | A1 v -> ZN ^ | NAND2_X1  | 0.019 |   1.589 |    1.673 | 
     | U5383                | A1 ^ -> ZN ^ | AND2_X1   | 0.037 |   1.626 |    1.711 | 
     | U5200                | A2 ^ -> ZN ^ | OR2_X1    | 0.029 |   1.655 |    1.740 | 
     | U5270                | A1 ^ -> ZN ^ | AND4_X1   | 0.049 |   1.704 |    1.789 | 
     | U5268                | B2 ^ -> ZN v | AOI21_X1  | 0.019 |   1.723 |    1.808 | 
     | U5451                | B2 v -> ZN ^ | OAI21_X1  | 0.075 |   1.799 |    1.883 | 
     | U9613                | B1 ^ -> ZN v | OAI21_X1  | 0.056 |   1.854 |    1.939 | 
     | U9616                | A1 v -> ZN v | AND2_X1   | 0.043 |   1.898 |    1.983 | 
     | U9630                | B1 v -> ZN ^ | OAI21_X1  | 0.036 |   1.933 |    2.018 | 
     | U9634                | A1 ^ -> ZN v | NAND2_X1  | 0.039 |   1.972 |    2.057 | 
     | U5598                | A1 v -> ZN v | AND2_X1   | 0.041 |   2.013 |    2.098 | 
     | U5604                | B2 v -> ZN ^ | OAI21_X1  | 0.031 |   2.044 |    2.129 | 
     | U9656                | A1 ^ -> ZN v | NAND2_X1  | 0.030 |   2.074 |    2.159 | 
     | U9876                | A2 v -> ZN v | AND2_X1   | 0.039 |   2.114 |    2.199 | 
     | U5417                | A3 v -> ZN v | OR3_X1    | 0.080 |   2.194 |    2.279 | 
     | U5626                | B v -> ZN ^  | OAI211_X1 | 0.024 |   2.218 |    2.303 | 
     | p_reg_Y_temp_reg_58_ | D ^          | DFF_X1    | 0.000 |   2.218 |    2.303 | 
     +------------------------------------------------------------------------------+ 
Path 7: MET Setup Check with Pin p_reg_Y_temp_reg_54_/CK 
Endpoint:   p_reg_Y_temp_reg_54_/D (^) checked with  leading edge of 'CLK'
Beginpoint: B_reg_Y_temp_reg_12_/Q (v) triggered by  leading edge of 'CLK'
Path Groups: {CLK}
Analysis View: default
Other End Arrival Time          0.050
- Setup                         0.030
+ Phase Shift                   2.333
- Uncertainty                   0.050
= Required Time                 2.303
- Arrival Time                  2.217
= Slack Time                    0.086
     Clock Rise Edge                 0.000
     + Clock Network Latency (Ideal) 0.050
     = Beginpoint Arrival Time       0.050
     +------------------------------------------------------------------------------+ 
     |       Instance       |     Arc      |   Cell    | Delay | Arrival | Required | 
     |                      |              |           |       |  Time   |   Time   | 
     |----------------------+--------------+-----------+-------+---------+----------| 
     | B_reg_Y_temp_reg_12_ | CK ^         |           |       |   0.050 |    0.136 | 
     | B_reg_Y_temp_reg_12_ | CK ^ -> Q v  | DFF_X1    | 0.097 |   0.147 |    0.233 | 
     | U5806                | A2 v -> ZN ^ | NAND2_X1  | 0.023 |   0.170 |    0.256 | 
     | U5012                | A1 ^ -> ZN ^ | AND2_X2   | 0.118 |   0.288 |    0.374 | 
     | U5808                | A ^ -> ZN ^  | XNOR2_X1  | 0.086 |   0.374 |    0.461 | 
     | U5809                | B ^ -> Z ^   | XOR2_X1   | 0.119 |   0.493 |    0.579 | 
     | FE_OFC12_n5239       | A ^ -> Z ^   | CLKBUF_X1 | 0.161 |   0.654 |    0.740 | 
     | U5989                | B ^ -> ZN ^  | XNOR2_X1  | 0.058 |   0.712 |    0.798 | 
     | FE_OFC23_n6848       | A ^ -> Z ^   | BUF_X2    | 0.085 |   0.797 |    0.883 | 
     | U5990                | A ^ -> ZN ^  | XNOR2_X1  | 0.057 |   0.854 |    0.940 | 
     | FE_OFC24_n5786       | A ^ -> Z ^   | CLKBUF_X3 | 0.073 |   0.926 |    1.013 | 
     | FE_OFC25_n5786       | A ^ -> ZN v  | INV_X2    | 0.045 |   0.972 |    1.058 | 
     | U8470                | B v -> S ^   | FA_X1     | 0.134 |   1.106 |    1.193 | 
     | U8471                | A ^ -> ZN v  | INV_X1    | 0.010 |   1.116 |    1.202 | 
     | U5214                | A3 v -> ZN v | OR3_X1    | 0.079 |   1.195 |    1.282 | 
     | U8488                | A2 v -> ZN ^ | NAND3_X1  | 0.025 |   1.220 |    1.306 | 
     | U8492                | A1 ^ -> ZN v | NOR2_X1   | 0.012 |   1.232 |    1.318 | 
     | U8494                | B2 v -> ZN ^ | OAI21_X1  | 0.038 |   1.270 |    1.356 | 
     | U8498                | A1 ^ -> ZN ^ | OR2_X1    | 0.030 |   1.300 |    1.386 | 
     | U8577                | A1 ^ -> ZN ^ | AND2_X1   | 0.032 |   1.332 |    1.418 | 
     | U8578                | A ^ -> ZN ^  | XNOR2_X1  | 0.047 |   1.379 |    1.465 | 
     | U8737                | CI ^ -> S v  | FA_X1     | 0.105 |   1.484 |    1.570 | 
     | U9487                | A v -> ZN ^  | XNOR2_X1  | 0.062 |   1.545 |    1.631 | 
     | U9489                | A1 ^ -> ZN v | NAND2_X1  | 0.025 |   1.570 |    1.656 | 
     | U9490                | A1 v -> ZN ^ | NAND2_X1  | 0.019 |   1.589 |    1.675 | 
     | U5383                | A1 ^ -> ZN ^ | AND2_X1   | 0.037 |   1.626 |    1.712 | 
     | U5200                | A2 ^ -> ZN ^ | OR2_X1    | 0.029 |   1.655 |    1.741 | 
     | U5270                | A1 ^ -> ZN ^ | AND4_X1   | 0.049 |   1.704 |    1.790 | 
     | U5268                | B2 ^ -> ZN v | AOI21_X1  | 0.019 |   1.723 |    1.810 | 
     | U5451                | B2 v -> ZN ^ | OAI21_X1  | 0.075 |   1.799 |    1.885 | 
     | U9613                | B1 ^ -> ZN v | OAI21_X1  | 0.056 |   1.855 |    1.941 | 
     | U9616                | A1 v -> ZN v | AND2_X1   | 0.043 |   1.898 |    1.984 | 
     | U9630                | B1 v -> ZN ^ | OAI21_X1  | 0.036 |   1.933 |    2.020 | 
     | U9634                | A1 ^ -> ZN v | NAND2_X1  | 0.039 |   1.972 |    2.059 | 
     | U5598                | A1 v -> ZN v | AND2_X1   | 0.041 |   2.013 |    2.099 | 
     | U4728                | A2 v -> ZN v | OR2_X1    | 0.058 |   2.071 |    2.157 | 
     | U10022               | A1 v -> ZN v | AND2_X1   | 0.034 |   2.105 |    2.191 | 
     | U10023               | A v -> ZN ^  | INV_X1    | 0.016 |   2.121 |    2.207 | 
     | U10472               | S ^ -> Z v   | MUX2_X1   | 0.064 |   2.185 |    2.271 | 
     | U10548               | B2 v -> ZN ^ | OAI21_X1  | 0.032 |   2.217 |    2.303 | 
     | p_reg_Y_temp_reg_54_ | D ^          | DFF_X1    | 0.000 |   2.217 |    2.303 | 
     +------------------------------------------------------------------------------+ 
Path 8: MET Setup Check with Pin p_reg_Y_temp_reg_57_/CK 
Endpoint:   p_reg_Y_temp_reg_57_/D (^) checked with  leading edge of 'CLK'
Beginpoint: B_reg_Y_temp_reg_12_/Q (v) triggered by  leading edge of 'CLK'
Path Groups: {CLK}
Analysis View: default
Other End Arrival Time          0.050
- Setup                         0.030
+ Phase Shift                   2.333
- Uncertainty                   0.050
= Required Time                 2.303
- Arrival Time                  2.205
= Slack Time                    0.098
     Clock Rise Edge                 0.000
     + Clock Network Latency (Ideal) 0.050
     = Beginpoint Arrival Time       0.050
     +------------------------------------------------------------------------------+ 
     |       Instance       |     Arc      |   Cell    | Delay | Arrival | Required | 
     |                      |              |           |       |  Time   |   Time   | 
     |----------------------+--------------+-----------+-------+---------+----------| 
     | B_reg_Y_temp_reg_12_ | CK ^         |           |       |   0.050 |    0.148 | 
     | B_reg_Y_temp_reg_12_ | CK ^ -> Q v  | DFF_X1    | 0.097 |   0.147 |    0.245 | 
     | U5806                | A2 v -> ZN ^ | NAND2_X1  | 0.023 |   0.170 |    0.267 | 
     | U5012                | A1 ^ -> ZN ^ | AND2_X2   | 0.118 |   0.288 |    0.386 | 
     | U5808                | A ^ -> ZN ^  | XNOR2_X1  | 0.086 |   0.374 |    0.472 | 
     | U5809                | B ^ -> Z ^   | XOR2_X1   | 0.119 |   0.493 |    0.591 | 
     | FE_OFC12_n5239       | A ^ -> Z ^   | CLKBUF_X1 | 0.161 |   0.654 |    0.751 | 
     | U5989                | B ^ -> ZN ^  | XNOR2_X1  | 0.058 |   0.712 |    0.809 | 
     | FE_OFC23_n6848       | A ^ -> Z ^   | BUF_X2    | 0.085 |   0.797 |    0.894 | 
     | U5990                | A ^ -> ZN ^  | XNOR2_X1  | 0.057 |   0.854 |    0.952 | 
     | FE_OFC24_n5786       | A ^ -> Z ^   | CLKBUF_X3 | 0.073 |   0.926 |    1.024 | 
     | FE_OFC25_n5786       | A ^ -> ZN v  | INV_X2    | 0.045 |   0.972 |    1.070 | 
     | U8470                | B v -> S ^   | FA_X1     | 0.134 |   1.106 |    1.204 | 
     | U8471                | A ^ -> ZN v  | INV_X1    | 0.010 |   1.116 |    1.214 | 
     | U5214                | A3 v -> ZN v | OR3_X1    | 0.079 |   1.195 |    1.293 | 
     | U8488                | A2 v -> ZN ^ | NAND3_X1  | 0.025 |   1.220 |    1.318 | 
     | U8492                | A1 ^ -> ZN v | NOR2_X1   | 0.012 |   1.232 |    1.329 | 
     | U8494                | B2 v -> ZN ^ | OAI21_X1  | 0.038 |   1.270 |    1.367 | 
     | U8498                | A1 ^ -> ZN ^ | OR2_X1    | 0.030 |   1.300 |    1.397 | 
     | U8577                | A1 ^ -> ZN ^ | AND2_X1   | 0.032 |   1.332 |    1.430 | 
     | U8578                | A ^ -> ZN ^  | XNOR2_X1  | 0.047 |   1.379 |    1.477 | 
     | U8737                | CI ^ -> S v  | FA_X1     | 0.105 |   1.484 |    1.581 | 
     | U9487                | A v -> ZN ^  | XNOR2_X1  | 0.062 |   1.545 |    1.643 | 
     | U9489                | A1 ^ -> ZN v | NAND2_X1  | 0.025 |   1.570 |    1.667 | 
     | U9490                | A1 v -> ZN ^ | NAND2_X1  | 0.019 |   1.589 |    1.686 | 
     | U5383                | A1 ^ -> ZN ^ | AND2_X1   | 0.037 |   1.626 |    1.723 | 
     | U5200                | A2 ^ -> ZN ^ | OR2_X1    | 0.029 |   1.655 |    1.752 | 
     | U5270                | A1 ^ -> ZN ^ | AND4_X1   | 0.049 |   1.704 |    1.802 | 
     | U5268                | B2 ^ -> ZN v | AOI21_X1  | 0.019 |   1.723 |    1.821 | 
     | U5451                | B2 v -> ZN ^ | OAI21_X1  | 0.075 |   1.799 |    1.896 | 
     | U9613                | B1 ^ -> ZN v | OAI21_X1  | 0.056 |   1.855 |    1.952 | 
     | U9616                | A1 v -> ZN v | AND2_X1   | 0.043 |   1.898 |    1.995 | 
     | U9630                | B1 v -> ZN ^ | OAI21_X1  | 0.036 |   1.933 |    2.031 | 
     | U9634                | A1 ^ -> ZN v | NAND2_X1  | 0.039 |   1.972 |    2.070 | 
     | U5598                | A1 v -> ZN v | AND2_X1   | 0.041 |   2.013 |    2.111 | 
     | U5604                | B2 v -> ZN ^ | OAI21_X1  | 0.031 |   2.044 |    2.142 | 
     | U9656                | A1 ^ -> ZN v | NAND2_X1  | 0.030 |   2.074 |    2.172 | 
     | U9872                | A v -> ZN ^  | INV_X1    | 0.015 |   2.089 |    2.187 | 
     | U9874                | A1 ^ -> ZN ^ | OR2_X1    | 0.026 |   2.115 |    2.212 | 
     | U10478               | S ^ -> Z v   | MUX2_X1   | 0.060 |   2.175 |    2.272 | 
     | U5746                | B2 v -> ZN ^ | OAI21_X1  | 0.031 |   2.205 |    2.303 | 
     | p_reg_Y_temp_reg_57_ | D ^          | DFF_X1    | 0.000 |   2.205 |    2.303 | 
     +------------------------------------------------------------------------------+ 
Path 9: MET Setup Check with Pin p_reg_Y_temp_reg_53_/CK 
Endpoint:   p_reg_Y_temp_reg_53_/D (^) checked with  leading edge of 'CLK'
Beginpoint: B_reg_Y_temp_reg_12_/Q (v) triggered by  leading edge of 'CLK'
Path Groups: {CLK}
Analysis View: default
Other End Arrival Time          0.050
- Setup                         0.026
+ Phase Shift                   2.333
- Uncertainty                   0.050
= Required Time                 2.306
- Arrival Time                  2.200
= Slack Time                    0.106
     Clock Rise Edge                 0.000
     + Clock Network Latency (Ideal) 0.050
     = Beginpoint Arrival Time       0.050
     +------------------------------------------------------------------------------+ 
     |       Instance       |     Arc      |   Cell    | Delay | Arrival | Required | 
     |                      |              |           |       |  Time   |   Time   | 
     |----------------------+--------------+-----------+-------+---------+----------| 
     | B_reg_Y_temp_reg_12_ | CK ^         |           |       |   0.050 |    0.156 | 
     | B_reg_Y_temp_reg_12_ | CK ^ -> Q v  | DFF_X1    | 0.097 |   0.147 |    0.253 | 
     | U5806                | A2 v -> ZN ^ | NAND2_X1  | 0.023 |   0.170 |    0.276 | 
     | U5012                | A1 ^ -> ZN ^ | AND2_X2   | 0.118 |   0.288 |    0.394 | 
     | U5808                | A ^ -> ZN ^  | XNOR2_X1  | 0.086 |   0.374 |    0.481 | 
     | U5809                | B ^ -> Z ^   | XOR2_X1   | 0.119 |   0.493 |    0.599 | 
     | FE_OFC12_n5239       | A ^ -> Z ^   | CLKBUF_X1 | 0.161 |   0.654 |    0.760 | 
     | U5989                | B ^ -> ZN ^  | XNOR2_X1  | 0.058 |   0.712 |    0.818 | 
     | FE_OFC23_n6848       | A ^ -> Z ^   | BUF_X2    | 0.085 |   0.797 |    0.903 | 
     | U5990                | A ^ -> ZN ^  | XNOR2_X1  | 0.057 |   0.854 |    0.960 | 
     | FE_OFC24_n5786       | A ^ -> Z ^   | CLKBUF_X3 | 0.073 |   0.926 |    1.033 | 
     | FE_OFC25_n5786       | A ^ -> ZN v  | INV_X2    | 0.045 |   0.972 |    1.078 | 
     | U8470                | B v -> S ^   | FA_X1     | 0.134 |   1.106 |    1.213 | 
     | U8471                | A ^ -> ZN v  | INV_X1    | 0.010 |   1.116 |    1.222 | 
     | U5214                | A3 v -> ZN v | OR3_X1    | 0.079 |   1.195 |    1.302 | 
     | U8488                | A2 v -> ZN ^ | NAND3_X1  | 0.025 |   1.220 |    1.326 | 
     | U8492                | A1 ^ -> ZN v | NOR2_X1   | 0.012 |   1.232 |    1.338 | 
     | U8494                | B2 v -> ZN ^ | OAI21_X1  | 0.038 |   1.270 |    1.376 | 
     | U8498                | A1 ^ -> ZN ^ | OR2_X1    | 0.030 |   1.299 |    1.406 | 
     | U8577                | A1 ^ -> ZN ^ | AND2_X1   | 0.032 |   1.332 |    1.438 | 
     | U8578                | A ^ -> ZN ^  | XNOR2_X1  | 0.047 |   1.379 |    1.485 | 
     | U8737                | CI ^ -> S v  | FA_X1     | 0.105 |   1.484 |    1.590 | 
     | U9487                | A v -> ZN ^  | XNOR2_X1  | 0.062 |   1.545 |    1.651 | 
     | U9489                | A1 ^ -> ZN v | NAND2_X1  | 0.025 |   1.570 |    1.676 | 
     | U9490                | A1 v -> ZN ^ | NAND2_X1  | 0.019 |   1.589 |    1.695 | 
     | U5383                | A1 ^ -> ZN ^ | AND2_X1   | 0.037 |   1.626 |    1.732 | 
     | U5200                | A2 ^ -> ZN ^ | OR2_X1    | 0.029 |   1.655 |    1.761 | 
     | U5270                | A1 ^ -> ZN ^ | AND4_X1   | 0.049 |   1.704 |    1.810 | 
     | U5268                | B2 ^ -> ZN v | AOI21_X1  | 0.019 |   1.723 |    1.830 | 
     | U5451                | B2 v -> ZN ^ | OAI21_X1  | 0.075 |   1.799 |    1.905 | 
     | U9613                | B1 ^ -> ZN v | OAI21_X1  | 0.056 |   1.854 |    1.961 | 
     | U9616                | A1 v -> ZN v | AND2_X1   | 0.043 |   1.898 |    2.004 | 
     | U9630                | B1 v -> ZN ^ | OAI21_X1  | 0.036 |   1.933 |    2.039 | 
     | U9634                | A1 ^ -> ZN v | NAND2_X1  | 0.039 |   1.972 |    2.079 | 
     | U5598                | A1 v -> ZN v | AND2_X1   | 0.041 |   2.013 |    2.119 | 
     | U4728                | A2 v -> ZN v | OR2_X1    | 0.058 |   2.071 |    2.177 | 
     | U10022               | A1 v -> ZN v | AND2_X1   | 0.034 |   2.105 |    2.211 | 
     | U10023               | A v -> ZN ^  | INV_X1    | 0.016 |   2.121 |    2.227 | 
     | U10025               | A1 ^ -> ZN v | NAND2_X1  | 0.013 |   2.133 |    2.239 | 
     | U10547               | B1 v -> ZN ^ | AOI21_X1  | 0.037 |   2.171 |    2.277 | 
     | U10546               | A1 ^ -> ZN ^ | OR2_X1    | 0.030 |   2.200 |    2.306 | 
     | p_reg_Y_temp_reg_53_ | D ^          | DFF_X1    | 0.000 |   2.200 |    2.306 | 
     +------------------------------------------------------------------------------+ 
Path 10: MET Setup Check with Pin p_reg_Y_temp_reg_46_/CK 
Endpoint:   p_reg_Y_temp_reg_46_/D (^) checked with  leading edge of 'CLK'
Beginpoint: B_reg_Y_temp_reg_12_/Q (v) triggered by  leading edge of 'CLK'
Path Groups: {CLK}
Analysis View: default
Other End Arrival Time          0.050
- Setup                         0.026
+ Phase Shift                   2.333
- Uncertainty                   0.050
= Required Time                 2.307
- Arrival Time                  2.189
= Slack Time                    0.118
     Clock Rise Edge                 0.000
     + Clock Network Latency (Ideal) 0.050
     = Beginpoint Arrival Time       0.050
     +------------------------------------------------------------------------------+ 
     |       Instance       |     Arc      |   Cell    | Delay | Arrival | Required | 
     |                      |              |           |       |  Time   |   Time   | 
     |----------------------+--------------+-----------+-------+---------+----------| 
     | B_reg_Y_temp_reg_12_ | CK ^         |           |       |   0.050 |    0.168 | 
     | B_reg_Y_temp_reg_12_ | CK ^ -> Q v  | DFF_X1    | 0.097 |   0.147 |    0.265 | 
     | U5806                | A2 v -> ZN ^ | NAND2_X1  | 0.023 |   0.170 |    0.288 | 
     | U5012                | A1 ^ -> ZN ^ | AND2_X2   | 0.118 |   0.288 |    0.406 | 
     | U5808                | A ^ -> ZN ^  | XNOR2_X1  | 0.086 |   0.374 |    0.493 | 
     | U5809                | B ^ -> Z ^   | XOR2_X1   | 0.119 |   0.493 |    0.611 | 
     | FE_OFC12_n5239       | A ^ -> Z ^   | CLKBUF_X1 | 0.161 |   0.654 |    0.772 | 
     | U5989                | B ^ -> ZN ^  | XNOR2_X1  | 0.058 |   0.712 |    0.830 | 
     | FE_OFC23_n6848       | A ^ -> Z ^   | BUF_X2    | 0.085 |   0.797 |    0.915 | 
     | U5990                | A ^ -> ZN ^  | XNOR2_X1  | 0.057 |   0.854 |    0.972 | 
     | FE_OFC24_n5786       | A ^ -> Z ^   | CLKBUF_X3 | 0.073 |   0.926 |    1.045 | 
     | FE_OFC25_n5786       | A ^ -> ZN v  | INV_X2    | 0.045 |   0.972 |    1.090 | 
     | U8470                | B v -> S ^   | FA_X1     | 0.134 |   1.106 |    1.225 | 
     | U8471                | A ^ -> ZN v  | INV_X1    | 0.010 |   1.116 |    1.234 | 
     | U5214                | A3 v -> ZN v | OR3_X1    | 0.079 |   1.195 |    1.314 | 
     | U8488                | A2 v -> ZN ^ | NAND3_X1  | 0.025 |   1.220 |    1.338 | 
     | U8492                | A1 ^ -> ZN v | NOR2_X1   | 0.012 |   1.232 |    1.350 | 
     | U8494                | B2 v -> ZN ^ | OAI21_X1  | 0.038 |   1.270 |    1.388 | 
     | U8498                | A1 ^ -> ZN ^ | OR2_X1    | 0.030 |   1.300 |    1.418 | 
     | U8577                | A1 ^ -> ZN ^ | AND2_X1   | 0.032 |   1.332 |    1.450 | 
     | U8578                | A ^ -> ZN ^  | XNOR2_X1  | 0.047 |   1.379 |    1.497 | 
     | U8737                | CI ^ -> S v  | FA_X1     | 0.105 |   1.484 |    1.602 | 
     | U9487                | A v -> ZN ^  | XNOR2_X1  | 0.062 |   1.545 |    1.663 | 
     | U9489                | A1 ^ -> ZN v | NAND2_X1  | 0.025 |   1.570 |    1.688 | 
     | U9490                | A1 v -> ZN ^ | NAND2_X1  | 0.019 |   1.589 |    1.707 | 
     | U5383                | A1 ^ -> ZN ^ | AND2_X1   | 0.037 |   1.626 |    1.744 | 
     | U5200                | A2 ^ -> ZN ^ | OR2_X1    | 0.029 |   1.655 |    1.773 | 
     | U5270                | A1 ^ -> ZN ^ | AND4_X1   | 0.049 |   1.704 |    1.822 | 
     | U5268                | B2 ^ -> ZN v | AOI21_X1  | 0.019 |   1.723 |    1.842 | 
     | U5451                | B2 v -> ZN ^ | OAI21_X1  | 0.075 |   1.799 |    1.917 | 
     | U9613                | B1 ^ -> ZN v | OAI21_X1  | 0.056 |   1.855 |    1.973 | 
     | U9785                | A2 v -> ZN v | AND2_X1   | 0.046 |   1.901 |    2.019 | 
     | U4621                | A3 v -> ZN v | OR3_X1    | 0.088 |   1.989 |    2.107 | 
     | U9786                | B1 v -> ZN ^ | AOI21_X1  | 0.054 |   2.043 |    2.161 | 
     | U9788                | A2 ^ -> ZN ^ | OR2_X1    | 0.041 |   2.084 |    2.202 | 
     | U9790                | A1 ^ -> ZN v | NAND2_X1  | 0.014 |   2.098 |    2.216 | 
     | U9791                | A v -> ZN ^  | OAI21_X1  | 0.045 |   2.143 |    2.261 | 
     | U9792                | A1 ^ -> ZN v | NAND2_X1  | 0.027 |   2.170 |    2.288 | 
     | U10498               | A1 v -> ZN ^ | NAND2_X1  | 0.019 |   2.189 |    2.307 | 
     | p_reg_Y_temp_reg_46_ | D ^          | DFFS_X1   | 0.000 |   2.189 |    2.307 | 
     +------------------------------------------------------------------------------+ 

