###############################################################
#  Generated by:      Cadence Innovus 23.35-s106_1
#  OS:                Linux x86_64(Host ID microsys.openstack.polito)
#  Generated on:      Sat Oct 10 21:31:31 2026
#  Design:            boothmul_registered
#  Command:           report_timing -max_paths 10 > reports/04_preCTS_setup_paths.rpt
###############################################################
Path 1: MET Setup Check with Pin p_reg_Y_temp_reg_59_/CK 
Endpoint:   p_reg_Y_temp_reg_59_/D (^) checked with  leading edge of 'CLK'
Beginpoint: B_reg_Y_temp_reg_11_/Q (v) triggered by  leading edge of 'CLK'
Path Groups: {CLK}
Analysis View: default
Other End Arrival Time          0.050
- Setup                         0.030
+ Phase Shift                   2.297
- Uncertainty                   0.050
= Required Time                 2.266
- Arrival Time                  2.211
= Slack Time                    0.055
     Clock Rise Edge                 0.000
     + Clock Network Latency (Ideal) 0.050
     = Beginpoint Arrival Time       0.050
     +------------------------------------------------------------------------------+ 
     |       Instance       |     Arc      |   Cell    | Delay | Arrival | Required | 
     |                      |              |           |       |  Time   |   Time   | 
     |----------------------+--------------+-----------+-------+---------+----------| 
     | B_reg_Y_temp_reg_11_ | CK ^         |           |       |   0.050 |    0.105 | 
     | B_reg_Y_temp_reg_11_ | CK ^ -> Q v  | DFF_X1    | 0.108 |   0.158 |    0.213 | 
     | U5002                | A1 v -> ZN ^ | NAND2_X1  | 0.025 |   0.183 |    0.238 | 
     | U4465                | A1 ^ -> ZN ^ | AND2_X2   | 0.120 |   0.303 |    0.357 | 
     | U4432                | A ^ -> ZN v  | INV_X1    | 0.093 |   0.395 |    0.450 | 
     | U5007                | A v -> ZN v  | XNOR2_X1  | 0.066 |   0.461 |    0.516 | 
     | FE_OFC18_n6387       | A v -> ZN ^  | INV_X1    | 0.142 |   0.603 |    0.658 | 
     | U6319                | A ^ -> ZN v  | XNOR2_X1  | 0.021 |   0.624 |    0.679 | 
     | FE_OFC17_n5947       | A v -> Z v   | CLKBUF_X2 | 0.108 |   0.732 |    0.787 | 
     | U6320                | A v -> ZN ^  | INV_X1    | 0.135 |   0.867 |    0.922 | 
     | U6404                | A ^ -> Z ^   | XOR2_X1   | 0.089 |   0.956 |    1.011 | 
     | U6405                | B ^ -> ZN v  | XNOR2_X1  | 0.024 |   0.980 |    1.035 | 
     | FE_OFC6_n7293        | A v -> Z v   | CLKBUF_X2 | 0.095 |   1.076 |    1.130 | 
     | U7837                | A v -> ZN v  | XNOR2_X1  | 0.062 |   1.137 |    1.192 | 
     | U4838                | B v -> ZN v  | XNOR2_X1  | 0.046 |   1.183 |    1.238 | 
     | U4663                | B v -> ZN ^  | XNOR2_X1  | 0.074 |   1.257 |    1.312 | 
     | U7902                | B ^ -> CO ^  | FA_X1     | 0.066 |   1.323 |    1.378 | 
     | U7904                | A ^ -> Z ^   | XOR2_X1   | 0.065 |   1.388 |    1.443 | 
     | U8030                | A ^ -> ZN ^  | XNOR2_X1  | 0.046 |   1.435 |    1.490 | 
     | U4100                | A1 ^ -> ZN ^ | AND2_X1   | 0.047 |   1.482 |    1.537 | 
     | U4464                | B ^ -> Z ^   | XOR2_X1   | 0.051 |   1.533 |    1.588 | 
     | U4965                | A ^ -> ZN ^  | XNOR2_X1  | 0.045 |   1.578 |    1.633 | 
     | U4341                | A1 ^ -> ZN ^ | OR2_X1    | 0.030 |   1.608 |    1.663 | 
     | U4340                | A1 ^ -> ZN v | NAND2_X1  | 0.015 |   1.623 |    1.678 | 
     | U4059                | A1 v -> ZN v | OR2_X1    | 0.049 |   1.672 |    1.727 | 
     | U8277                | A1 v -> ZN ^ | NAND2_X1  | 0.017 |   1.689 |    1.744 | 
     | U8281                | A1 ^ -> ZN v | NAND2_X1  | 0.014 |   1.703 |    1.758 | 
     | U4664                | A1 v -> ZN v | AND2_X1   | 0.031 |   1.733 |    1.788 | 
     | U4677                | A2 v -> ZN ^ | NAND2_X1  | 0.018 |   1.752 |    1.807 | 
     | U4675                | A4 ^ -> ZN v | NAND4_X1  | 0.035 |   1.787 |    1.842 | 
     | U8694                | A1 v -> ZN v | AND2_X1   | 0.035 |   1.822 |    1.877 | 
     | U8793                | C1 v -> ZN ^ | OAI211_X1 | 0.031 |   1.852 |    1.907 | 
     | U8797                | A1 ^ -> ZN v | NAND2_X1  | 0.040 |   1.893 |    1.947 | 
     | U8833                | C2 v -> ZN ^ | OAI211_X1 | 0.056 |   1.949 |    2.004 | 
     | U8866                | A1 ^ -> ZN v | NAND2_X1  | 0.016 |   1.965 |    2.020 | 
     | U4889                | A1 v -> ZN v | AND2_X1   | 0.048 |   2.013 |    2.067 | 
     | U4882                | C2 v -> ZN ^ | OAI211_X1 | 0.063 |   2.075 |    2.130 | 
     | U4847                | A1 ^ -> ZN ^ | AND2_X1   | 0.056 |   2.132 |    2.186 | 
     | U4843                | A1 ^ -> ZN v | NOR2_X1   | 0.012 |   2.144 |    2.199 | 
     | U9380                | A v -> ZN v  | XNOR2_X1  | 0.037 |   2.181 |    2.235 | 
     | U4967                | B2 v -> ZN ^ | OAI21_X1  | 0.031 |   2.211 |    2.266 | 
     | p_reg_Y_temp_reg_59_ | D ^          | DFF_X1    | 0.000 |   2.211 |    2.266 | 
     +------------------------------------------------------------------------------+ 
Path 2: MET Setup Check with Pin p_reg_Y_temp_reg_50_/CK 
Endpoint:   p_reg_Y_temp_reg_50_/D (v) checked with  leading edge of 'CLK'
Beginpoint: B_reg_Y_temp_reg_11_/Q (v) triggered by  leading edge of 'CLK'
Path Groups: {CLK}
Analysis View: default
Other End Arrival Time          0.050
- Setup                         0.026
+ Phase Shift                   2.297
- Uncertainty                   0.050
= Required Time                 2.271
- Arrival Time                  2.197
= Slack Time                    0.074
     Clock Rise Edge                 0.000
     + Clock Network Latency (Ideal) 0.050
     = Beginpoint Arrival Time       0.050
     +------------------------------------------------------------------------------+ 
     |       Instance       |     Arc      |   Cell    | Delay | Arrival | Required | 
     |                      |              |           |       |  Time   |   Time   | 
     |----------------------+--------------+-----------+-------+---------+----------| 
     | B_reg_Y_temp_reg_11_ | CK ^         |           |       |   0.050 |    0.124 | 
     | B_reg_Y_temp_reg_11_ | CK ^ -> Q v  | DFF_X1    | 0.108 |   0.158 |    0.232 | 
     | U5002                | A1 v -> ZN ^ | NAND2_X1  | 0.025 |   0.183 |    0.257 | 
     | U4465                | A1 ^ -> ZN ^ | AND2_X2   | 0.120 |   0.303 |    0.377 | 
     | U4432                | A ^ -> ZN v  | INV_X1    | 0.093 |   0.395 |    0.470 | 
     | U5007                | A v -> ZN v  | XNOR2_X1  | 0.066 |   0.461 |    0.535 | 
     | FE_OFC18_n6387       | A v -> ZN ^  | INV_X1    | 0.142 |   0.603 |    0.677 | 
     | U6319                | A ^ -> ZN v  | XNOR2_X1  | 0.021 |   0.624 |    0.698 | 
     | FE_OFC17_n5947       | A v -> Z v   | CLKBUF_X2 | 0.108 |   0.732 |    0.806 | 
     | U6320                | A v -> ZN ^  | INV_X1    | 0.135 |   0.867 |    0.941 | 
     | U6404                | A ^ -> Z ^   | XOR2_X1   | 0.089 |   0.956 |    1.030 | 
     | U6405                | B ^ -> ZN v  | XNOR2_X1  | 0.024 |   0.980 |    1.055 | 
     | FE_OFC6_n7293        | A v -> Z v   | CLKBUF_X2 | 0.095 |   1.076 |    1.150 | 
     | U7837                | A v -> ZN v  | XNOR2_X1  | 0.062 |   1.137 |    1.212 | 
     | U4838                | B v -> ZN v  | XNOR2_X1  | 0.046 |   1.183 |    1.257 | 
     | U4663                | B v -> ZN ^  | XNOR2_X1  | 0.074 |   1.257 |    1.331 | 
     | U7902                | B ^ -> CO ^  | FA_X1     | 0.066 |   1.323 |    1.397 | 
     | U7904                | A ^ -> Z ^   | XOR2_X1   | 0.065 |   1.388 |    1.463 | 
     | U8030                | A ^ -> ZN ^  | XNOR2_X1  | 0.046 |   1.435 |    1.509 | 
     | U4100                | A1 ^ -> ZN ^ | AND2_X1   | 0.047 |   1.482 |    1.556 | 
     | U4464                | B ^ -> Z ^   | XOR2_X1   | 0.051 |   1.533 |    1.607 | 
     | U4965                | A ^ -> ZN ^  | XNOR2_X1  | 0.045 |   1.578 |    1.652 | 
     | U4341                | A1 ^ -> ZN ^ | OR2_X1    | 0.030 |   1.608 |    1.682 | 
     | U4340                | A1 ^ -> ZN v | NAND2_X1  | 0.015 |   1.623 |    1.697 | 
     | U4059                | A1 v -> ZN v | OR2_X1    | 0.049 |   1.672 |    1.746 | 
     | U8277                | A1 v -> ZN ^ | NAND2_X1  | 0.017 |   1.689 |    1.763 | 
     | U8281                | A1 ^ -> ZN v | NAND2_X1  | 0.014 |   1.703 |    1.777 | 
     | U4664                | A1 v -> ZN v | AND2_X1   | 0.031 |   1.733 |    1.808 | 
     | U4677                | A2 v -> ZN ^ | NAND2_X1  | 0.018 |   1.752 |    1.826 | 
     | U4675                | A4 ^ -> ZN v | NAND4_X1  | 0.035 |   1.787 |    1.861 | 
     | U8694                | A1 v -> ZN v | AND2_X1   | 0.035 |   1.822 |    1.896 | 
     | U8793                | C1 v -> ZN ^ | OAI211_X1 | 0.031 |   1.852 |    1.927 | 
     | U8797                | A1 ^ -> ZN v | NAND2_X1  | 0.040 |   1.893 |    1.967 | 
     | U8833                | C2 v -> ZN ^ | OAI211_X1 | 0.056 |   1.949 |    2.023 | 
     | U8866                | A1 ^ -> ZN v | NAND2_X1  | 0.016 |   1.965 |    2.039 | 
     | U4889                | A1 v -> ZN v | AND2_X1   | 0.048 |   2.013 |    2.087 | 
     | U4787                | A2 v -> ZN v | OR2_X1    | 0.062 |   2.075 |    2.149 | 
     | U4880                | A1 v -> ZN v | AND2_X1   | 0.034 |   2.108 |    2.183 | 
     | U9288                | A2 v -> ZN v | AND2_X1   | 0.030 |   2.139 |    2.213 | 
     | U9919                | B1 v -> ZN ^ | OAI21_X1  | 0.041 |   2.180 |    2.254 | 
     | U9920                | A1 ^ -> ZN v | NAND2_X1  | 0.017 |   2.197 |    2.271 | 
     | p_reg_Y_temp_reg_50_ | D v          | DFF_X1    | 0.000 |   2.197 |    2.271 | 
     +------------------------------------------------------------------------------+ 
Path 3: MET Setup Check with Pin p_reg_Y_temp_reg_56_/CK 
Endpoint:   p_reg_Y_temp_reg_56_/D (v) checked with  leading edge of 'CLK'
Beginpoint: B_reg_Y_temp_reg_11_/Q (v) triggered by  leading edge of 'CLK'
Path Groups: {CLK}
Analysis View: default
Other End Arrival Time          0.050
- Setup                         0.031
+ Phase Shift                   2.297
- Uncertainty                   0.050
= Required Time                 2.266
- Arrival Time                  2.191
= Slack Time                    0.074
     Clock Rise Edge                 0.000
     + Clock Network Latency (Ideal) 0.050
     = Beginpoint Arrival Time       0.050
     +------------------------------------------------------------------------------+ 
     |       Instance       |     Arc      |   Cell    | Delay | Arrival | Required | 
     |                      |              |           |       |  Time   |   Time   | 
     |----------------------+--------------+-----------+-------+---------+----------| 
     | B_reg_Y_temp_reg_11_ | CK ^         |           |       |   0.050 |    0.124 | 
     | B_reg_Y_temp_reg_11_ | CK ^ -> Q v  | DFF_X1    | 0.108 |   0.158 |    0.233 | 
     | U5002                | A1 v -> ZN ^ | NAND2_X1  | 0.025 |   0.183 |    0.257 | 
     | U4465                | A1 ^ -> ZN ^ | AND2_X2   | 0.120 |   0.303 |    0.377 | 
     | U4432                | A ^ -> ZN v  | INV_X1    | 0.093 |   0.395 |    0.470 | 
     | U5007                | A v -> ZN v  | XNOR2_X1  | 0.066 |   0.461 |    0.535 | 
     | FE_OFC18_n6387       | A v -> ZN ^  | INV_X1    | 0.142 |   0.603 |    0.677 | 
     | U6319                | A ^ -> ZN v  | XNOR2_X1  | 0.021 |   0.624 |    0.698 | 
     | FE_OFC17_n5947       | A v -> Z v   | CLKBUF_X2 | 0.108 |   0.732 |    0.806 | 
     | U6320                | A v -> ZN ^  | INV_X1    | 0.135 |   0.867 |    0.942 | 
     | U6404                | A ^ -> Z ^   | XOR2_X1   | 0.089 |   0.956 |    1.031 | 
     | U6405                | B ^ -> ZN v  | XNOR2_X1  | 0.024 |   0.980 |    1.055 | 
     | FE_OFC6_n7293        | A v -> Z v   | CLKBUF_X2 | 0.095 |   1.076 |    1.150 | 
     | U7837                | A v -> ZN v  | XNOR2_X1  | 0.062 |   1.137 |    1.212 | 
     | U4838                | B v -> ZN v  | XNOR2_X1  | 0.046 |   1.183 |    1.258 | 
     | U4663                | B v -> ZN ^  | XNOR2_X1  | 0.074 |   1.257 |    1.331 | 
     | U7902                | B ^ -> CO ^  | FA_X1     | 0.066 |   1.323 |    1.398 | 
     | U7904                | A ^ -> Z ^   | XOR2_X1   | 0.065 |   1.388 |    1.463 | 
     | U8030                | A ^ -> ZN ^  | XNOR2_X1  | 0.046 |   1.435 |    1.509 | 
     | U4100                | A1 ^ -> ZN ^ | AND2_X1   | 0.047 |   1.482 |    1.557 | 
     | U4464                | B ^ -> Z ^   | XOR2_X1   | 0.051 |   1.533 |    1.607 | 
     | U4965                | A ^ -> ZN ^  | XNOR2_X1  | 0.045 |   1.578 |    1.652 | 
     | U4341                | A1 ^ -> ZN ^ | OR2_X1    | 0.030 |   1.608 |    1.682 | 
     | U4340                | A1 ^ -> ZN v | NAND2_X1  | 0.015 |   1.623 |    1.697 | 
     | U4059                | A1 v -> ZN v | OR2_X1    | 0.049 |   1.672 |    1.746 | 
     | U8277                | A1 v -> ZN ^ | NAND2_X1  | 0.017 |   1.689 |    1.764 | 
     | U8281                | A1 ^ -> ZN v | NAND2_X1  | 0.014 |   1.703 |    1.777 | 
     | U4664                | A1 v -> ZN v | AND2_X1   | 0.031 |   1.733 |    1.808 | 
     | U4677                | A2 v -> ZN ^ | NAND2_X1  | 0.018 |   1.752 |    1.826 | 
     | U4675                | A4 ^ -> ZN v | NAND4_X1  | 0.035 |   1.787 |    1.862 | 
     | U8694                | A1 v -> ZN v | AND2_X1   | 0.035 |   1.822 |    1.896 | 
     | U8793                | C1 v -> ZN ^ | OAI211_X1 | 0.031 |   1.852 |    1.927 | 
     | U8797                | A1 ^ -> ZN v | NAND2_X1  | 0.040 |   1.893 |    1.967 | 
     | U8833                | C2 v -> ZN ^ | OAI211_X1 | 0.056 |   1.949 |    2.023 | 
     | U8866                | A1 ^ -> ZN v | NAND2_X1  | 0.016 |   1.965 |    2.039 | 
     | U4889                | A1 v -> ZN v | AND2_X1   | 0.048 |   2.013 |    2.087 | 
     | U4882                | C2 v -> ZN ^ | OAI211_X1 | 0.063 |   2.075 |    2.150 | 
     | U4847                | A1 ^ -> ZN ^ | AND2_X1   | 0.056 |   2.132 |    2.206 | 
     | U4846                | A ^ -> ZN ^  | XNOR2_X1  | 0.041 |   2.173 |    2.247 | 
     | U9924                | B2 ^ -> ZN v | OAI21_X1  | 0.018 |   2.191 |    2.266 | 
     | p_reg_Y_temp_reg_56_ | D v          | DFF_X1    | 0.000 |   2.191 |    2.266 | 
     +------------------------------------------------------------------------------+ 
Path 4: MET Setup Check with Pin p_reg_Y_temp_reg_48_/CK 
Endpoint:   p_reg_Y_temp_reg_48_/D (^) checked with  leading edge of 'CLK'
Beginpoint: B_reg_Y_temp_reg_11_/Q (v) triggered by  leading edge of 'CLK'
Path Groups: {CLK}
Analysis View: default
Other End Arrival Time          0.050
- Setup                         0.030
+ Phase Shift                   2.297
- Uncertainty                   0.050
= Required Time                 2.266
- Arrival Time                  2.187
= Slack Time                    0.080
     Clock Rise Edge                 0.000
     + Clock Network Latency (Ideal) 0.050
     = Beginpoint Arrival Time       0.050
     +------------------------------------------------------------------------------+ 
     |       Instance       |     Arc      |   Cell    | Delay | Arrival | Required | 
     |                      |              |           |       |  Time   |   Time   | 
     |----------------------+--------------+-----------+-------+---------+----------| 
     | B_reg_Y_temp_reg_11_ | CK ^         |           |       |   0.050 |    0.130 | 
     | B_reg_Y_temp_reg_11_ | CK ^ -> Q v  | DFF_X1    | 0.108 |   0.158 |    0.238 | 
     | U5002                | A1 v -> ZN ^ | NAND2_X1  | 0.025 |   0.183 |    0.263 | 
     | U4465                | A1 ^ -> ZN ^ | AND2_X2   | 0.120 |   0.303 |    0.382 | 
     | U4432                | A ^ -> ZN v  | INV_X1    | 0.093 |   0.395 |    0.475 | 
     | U5007                | A v -> ZN v  | XNOR2_X1  | 0.066 |   0.461 |    0.541 | 
     | FE_OFC18_n6387       | A v -> ZN ^  | INV_X1    | 0.142 |   0.603 |    0.683 | 
     | U6319                | A ^ -> ZN v  | XNOR2_X1  | 0.021 |   0.624 |    0.703 | 
     | FE_OFC17_n5947       | A v -> Z v   | CLKBUF_X2 | 0.108 |   0.732 |    0.812 | 
     | U6320                | A v -> ZN ^  | INV_X1    | 0.135 |   0.867 |    0.947 | 
     | U6404                | A ^ -> Z ^   | XOR2_X1   | 0.089 |   0.956 |    1.036 | 
     | U6405                | B ^ -> ZN v  | XNOR2_X1  | 0.024 |   0.980 |    1.060 | 
     | FE_OFC6_n7293        | A v -> Z v   | CLKBUF_X2 | 0.095 |   1.076 |    1.155 | 
     | U7837                | A v -> ZN v  | XNOR2_X1  | 0.062 |   1.137 |    1.217 | 
     | U4838                | B v -> ZN v  | XNOR2_X1  | 0.046 |   1.183 |    1.263 | 
     | U4663                | B v -> ZN ^  | XNOR2_X1  | 0.074 |   1.257 |    1.337 | 
     | U7902                | B ^ -> CO ^  | FA_X1     | 0.066 |   1.323 |    1.403 | 
     | U7904                | A ^ -> Z ^   | XOR2_X1   | 0.065 |   1.389 |    1.468 | 
     | U8030                | A ^ -> ZN ^  | XNOR2_X1  | 0.046 |   1.435 |    1.515 | 
     | U4100                | A1 ^ -> ZN ^ | AND2_X1   | 0.047 |   1.482 |    1.562 | 
     | U4464                | B ^ -> Z ^   | XOR2_X1   | 0.051 |   1.533 |    1.612 | 
     | U4965                | A ^ -> ZN ^  | XNOR2_X1  | 0.045 |   1.578 |    1.657 | 
     | U4341                | A1 ^ -> ZN ^ | OR2_X1    | 0.030 |   1.608 |    1.688 | 
     | U4340                | A1 ^ -> ZN v | NAND2_X1  | 0.015 |   1.623 |    1.703 | 
     | U4059                | A1 v -> ZN v | OR2_X1    | 0.049 |   1.672 |    1.751 | 
     | U8277                | A1 v -> ZN ^ | NAND2_X1  | 0.017 |   1.689 |    1.769 | 
     | U8281                | A1 ^ -> ZN v | NAND2_X1  | 0.014 |   1.703 |    1.782 | 
     | U4664                | A1 v -> ZN v | AND2_X1   | 0.031 |   1.733 |    1.813 | 
     | U4677                | A2 v -> ZN ^ | NAND2_X1  | 0.018 |   1.752 |    1.832 | 
     | U4675                | A4 ^ -> ZN v | NAND4_X1  | 0.035 |   1.787 |    1.867 | 
     | U8694                | A1 v -> ZN v | AND2_X1   | 0.035 |   1.822 |    1.902 | 
     | U8793                | C1 v -> ZN ^ | OAI211_X1 | 0.031 |   1.853 |    1.932 | 
     | U8797                | A1 ^ -> ZN v | NAND2_X1  | 0.040 |   1.893 |    1.972 | 
     | U8833                | C2 v -> ZN ^ | OAI211_X1 | 0.056 |   1.949 |    2.028 | 
     | U8866                | A1 ^ -> ZN v | NAND2_X1  | 0.016 |   1.965 |    2.044 | 
     | U4889                | A1 v -> ZN v | AND2_X1   | 0.048 |   2.013 |    2.092 | 
     | U4787                | A2 v -> ZN v | OR2_X1    | 0.062 |   2.075 |    2.154 | 
     | U4880                | A1 v -> ZN v | AND2_X1   | 0.034 |   2.108 |    2.188 | 
     | U9336                | B v -> ZN v  | XNOR2_X1  | 0.045 |   2.154 |    2.233 | 
     | U9632                | B2 v -> ZN ^ | OAI21_X1  | 0.033 |   2.187 |    2.266 | 
     | p_reg_Y_temp_reg_48_ | D ^          | DFF_X1    | 0.000 |   2.187 |    2.266 | 
     +------------------------------------------------------------------------------+ 
Path 5: MET Setup Check with Pin p_reg_Y_temp_reg_57_/CK 
Endpoint:   p_reg_Y_temp_reg_57_/D (^) checked with  leading edge of 'CLK'
Beginpoint: B_reg_Y_temp_reg_11_/Q (v) triggered by  leading edge of 'CLK'
Path Groups: {CLK}
Analysis View: default
Other End Arrival Time          0.050
- Setup                         0.025
+ Phase Shift                   2.297
- Uncertainty                   0.050
= Required Time                 2.271
- Arrival Time                  2.188
= Slack Time                    0.084
     Clock Rise Edge                 0.000
     + Clock Network Latency (Ideal) 0.050
     = Beginpoint Arrival Time       0.050
     +------------------------------------------------------------------------------+ 
     |       Instance       |     Arc      |   Cell    | Delay | Arrival | Required | 
     |                      |              |           |       |  Time   |   Time   | 
     |----------------------+--------------+-----------+-------+---------+----------| 
     | B_reg_Y_temp_reg_11_ | CK ^         |           |       |   0.050 |    0.134 | 
     | B_reg_Y_temp_reg_11_ | CK ^ -> Q v  | DFF_X1    | 0.108 |   0.158 |    0.242 | 
     | U5002                | A1 v -> ZN ^ | NAND2_X1  | 0.025 |   0.183 |    0.267 | 
     | U4465                | A1 ^ -> ZN ^ | AND2_X2   | 0.120 |   0.303 |    0.386 | 
     | U4432                | A ^ -> ZN v  | INV_X1    | 0.093 |   0.395 |    0.479 | 
     | U5007                | A v -> ZN v  | XNOR2_X1  | 0.066 |   0.461 |    0.545 | 
     | FE_OFC18_n6387       | A v -> ZN ^  | INV_X1    | 0.142 |   0.603 |    0.687 | 
     | U6319                | A ^ -> ZN v  | XNOR2_X1  | 0.021 |   0.624 |    0.708 | 
     | FE_OFC17_n5947       | A v -> Z v   | CLKBUF_X2 | 0.108 |   0.732 |    0.816 | 
     | U6320                | A v -> ZN ^  | INV_X1    | 0.135 |   0.867 |    0.951 | 
     | U6404                | A ^ -> Z ^   | XOR2_X1   | 0.089 |   0.956 |    1.040 | 
     | U6405                | B ^ -> ZN v  | XNOR2_X1  | 0.024 |   0.980 |    1.064 | 
     | FE_OFC6_n7293        | A v -> Z v   | CLKBUF_X2 | 0.095 |   1.076 |    1.159 | 
     | U7837                | A v -> ZN v  | XNOR2_X1  | 0.062 |   1.137 |    1.221 | 
     | U4838                | B v -> ZN v  | XNOR2_X1  | 0.046 |   1.183 |    1.267 | 
     | U4663                | B v -> ZN ^  | XNOR2_X1  | 0.074 |   1.257 |    1.341 | 
     | U7902                | B ^ -> CO ^  | FA_X1     | 0.066 |   1.323 |    1.407 | 
     | U7904                | A ^ -> Z ^   | XOR2_X1   | 0.065 |   1.389 |    1.472 | 
     | U8030                | A ^ -> ZN ^  | XNOR2_X1  | 0.046 |   1.435 |    1.519 | 
     | U4100                | A1 ^ -> ZN ^ | AND2_X1   | 0.047 |   1.482 |    1.566 | 
     | U4464                | B ^ -> Z ^   | XOR2_X1   | 0.051 |   1.533 |    1.617 | 
     | U4965                | A ^ -> ZN ^  | XNOR2_X1  | 0.045 |   1.578 |    1.662 | 
     | U4341                | A1 ^ -> ZN ^ | OR2_X1    | 0.030 |   1.608 |    1.692 | 
     | U4340                | A1 ^ -> ZN v | NAND2_X1  | 0.015 |   1.623 |    1.707 | 
     | U4059                | A1 v -> ZN v | OR2_X1    | 0.049 |   1.672 |    1.756 | 
     | U8277                | A1 v -> ZN ^ | NAND2_X1  | 0.017 |   1.689 |    1.773 | 
     | U8281                | A1 ^ -> ZN v | NAND2_X1  | 0.014 |   1.703 |    1.787 | 
     | U4664                | A1 v -> ZN v | AND2_X1   | 0.031 |   1.733 |    1.817 | 
     | U4677                | A2 v -> ZN ^ | NAND2_X1  | 0.018 |   1.752 |    1.836 | 
     | U4675                | A4 ^ -> ZN v | NAND4_X1  | 0.035 |   1.787 |    1.871 | 
     | U8694                | A1 v -> ZN v | AND2_X1   | 0.035 |   1.822 |    1.906 | 
     | U8793                | C1 v -> ZN ^ | OAI211_X1 | 0.031 |   1.853 |    1.936 | 
     | U8797                | A1 ^ -> ZN v | NAND2_X1  | 0.040 |   1.893 |    1.976 | 
     | U8833                | C2 v -> ZN ^ | OAI211_X1 | 0.056 |   1.949 |    2.032 | 
     | U8866                | A1 ^ -> ZN v | NAND2_X1  | 0.016 |   1.965 |    2.048 | 
     | U4889                | A1 v -> ZN v | AND2_X1   | 0.048 |   2.013 |    2.096 | 
     | U4882                | C2 v -> ZN ^ | OAI211_X1 | 0.063 |   2.075 |    2.159 | 
     | U4847                | A1 ^ -> ZN ^ | AND2_X1   | 0.056 |   2.132 |    2.215 | 
     | U4845                | A ^ -> ZN v  | INV_X1    | 0.009 |   2.141 |    2.224 | 
     | U4596                | A1 v -> ZN ^ | NAND2_X1  | 0.013 |   2.154 |    2.237 | 
     | U4848                | A3 ^ -> ZN v | NAND3_X1  | 0.020 |   2.174 |    2.258 | 
     | U4849                | A1 v -> ZN ^ | NAND2_X1  | 0.014 |   2.188 |    2.271 | 
     | p_reg_Y_temp_reg_57_ | D ^          | DFFS_X1   | 0.000 |   2.188 |    2.271 | 
     +------------------------------------------------------------------------------+ 
Path 6: MET Setup Check with Pin p_reg_Y_temp_reg_44_/CK 
Endpoint:   p_reg_Y_temp_reg_44_/D (v) checked with  leading edge of 'CLK'
Beginpoint: B_reg_Y_temp_reg_11_/Q (v) triggered by  leading edge of 'CLK'
Path Groups: {CLK}
Analysis View: default
Other End Arrival Time          0.050
- Setup                         0.031
+ Phase Shift                   2.297
- Uncertainty                   0.050
= Required Time                 2.266
- Arrival Time                  2.176
= Slack Time                    0.089
     Clock Rise Edge                 0.000
     + Clock Network Latency (Ideal) 0.050
     = Beginpoint Arrival Time       0.050
     +------------------------------------------------------------------------------+ 
     |       Instance       |     Arc      |   Cell    | Delay | Arrival | Required | 
     |                      |              |           |       |  Time   |   Time   | 
     |----------------------+--------------+-----------+-------+---------+----------| 
     | B_reg_Y_temp_reg_11_ | CK ^         |           |       |   0.050 |    0.139 | 
     | B_reg_Y_temp_reg_11_ | CK ^ -> Q v  | DFF_X1    | 0.108 |   0.158 |    0.247 | 
     | U5002                | A1 v -> ZN ^ | NAND2_X1  | 0.025 |   0.183 |    0.272 | 
     | U4465                | A1 ^ -> ZN ^ | AND2_X2   | 0.120 |   0.303 |    0.392 | 
     | U4432                | A ^ -> ZN v  | INV_X1    | 0.093 |   0.395 |    0.485 | 
     | U5007                | A v -> ZN v  | XNOR2_X1  | 0.066 |   0.461 |    0.550 | 
     | FE_OFC18_n6387       | A v -> ZN ^  | INV_X1    | 0.142 |   0.603 |    0.692 | 
     | U6319                | A ^ -> ZN v  | XNOR2_X1  | 0.021 |   0.624 |    0.713 | 
     | FE_OFC17_n5947       | A v -> Z v   | CLKBUF_X2 | 0.108 |   0.732 |    0.821 | 
     | U6320                | A v -> ZN ^  | INV_X1    | 0.135 |   0.867 |    0.957 | 
     | U6404                | A ^ -> Z ^   | XOR2_X1   | 0.089 |   0.956 |    1.046 | 
     | U6405                | B ^ -> ZN v  | XNOR2_X1  | 0.024 |   0.980 |    1.070 | 
     | FE_OFC6_n7293        | A v -> Z v   | CLKBUF_X2 | 0.095 |   1.076 |    1.165 | 
     | U7837                | A v -> ZN v  | XNOR2_X1  | 0.062 |   1.137 |    1.227 | 
     | U4838                | B v -> ZN v  | XNOR2_X1  | 0.046 |   1.183 |    1.273 | 
     | U4663                | B v -> ZN ^  | XNOR2_X1  | 0.074 |   1.257 |    1.346 | 
     | U7902                | B ^ -> CO ^  | FA_X1     | 0.066 |   1.323 |    1.412 | 
     | U7904                | A ^ -> Z ^   | XOR2_X1   | 0.065 |   1.388 |    1.478 | 
     | U8030                | A ^ -> ZN ^  | XNOR2_X1  | 0.046 |   1.435 |    1.524 | 
     | U4100                | A1 ^ -> ZN ^ | AND2_X1   | 0.047 |   1.482 |    1.571 | 
     | U4464                | B ^ -> Z ^   | XOR2_X1   | 0.051 |   1.533 |    1.622 | 
     | U4965                | A ^ -> ZN ^  | XNOR2_X1  | 0.045 |   1.578 |    1.667 | 
     | U4341                | A1 ^ -> ZN ^ | OR2_X1    | 0.030 |   1.608 |    1.697 | 
     | U4340                | A1 ^ -> ZN v | NAND2_X1  | 0.015 |   1.623 |    1.712 | 
     | U4059                | A1 v -> ZN v | OR2_X1    | 0.049 |   1.672 |    1.761 | 
     | U8277                | A1 v -> ZN ^ | NAND2_X1  | 0.017 |   1.689 |    1.778 | 
     | U8281                | A1 ^ -> ZN v | NAND2_X1  | 0.014 |   1.703 |    1.792 | 
     | U4664                | A1 v -> ZN v | AND2_X1   | 0.031 |   1.733 |    1.823 | 
     | U4677                | A2 v -> ZN ^ | NAND2_X1  | 0.018 |   1.752 |    1.841 | 
     | U4675                | A4 ^ -> ZN v | NAND4_X1  | 0.035 |   1.787 |    1.877 | 
     | U8694                | A1 v -> ZN v | AND2_X1   | 0.035 |   1.822 |    1.911 | 
     | U8793                | C1 v -> ZN ^ | OAI211_X1 | 0.031 |   1.852 |    1.942 | 
     | U8797                | A1 ^ -> ZN v | NAND2_X1  | 0.040 |   1.893 |    1.982 | 
     | U8833                | C2 v -> ZN ^ | OAI211_X1 | 0.056 |   1.949 |    2.038 | 
     | U8866                | A1 ^ -> ZN v | NAND2_X1  | 0.016 |   1.965 |    2.054 | 
     | U4889                | A1 v -> ZN v | AND2_X1   | 0.048 |   2.013 |    2.102 | 
     | U4871                | A2 v -> ZN v | OR2_X1    | 0.064 |   2.077 |    2.166 | 
     | U4855                | A1 v -> ZN ^ | NAND2_X1  | 0.019 |   2.096 |    2.185 | 
     | U4626                | A ^ -> ZN ^  | XNOR2_X1  | 0.055 |   2.151 |    2.240 | 
     | U9631                | B2 ^ -> ZN v | OAI21_X1  | 0.025 |   2.176 |    2.266 | 
     | p_reg_Y_temp_reg_44_ | D v          | DFF_X1    | 0.000 |   2.176 |    2.266 | 
     +------------------------------------------------------------------------------+ 
Path 7: MET Setup Check with Pin p_reg_Y_temp_reg_54_/CK 
Endpoint:   p_reg_Y_temp_reg_54_/D (v) checked with  leading edge of 'CLK'
Beginpoint: B_reg_Y_temp_reg_11_/Q (v) triggered by  leading edge of 'CLK'
Path Groups: {CLK}
Analysis View: default
Other End Arrival Time          0.050
- Setup                         0.031
+ Phase Shift                   2.297
- Uncertainty                   0.050
= Required Time                 2.266
- Arrival Time                  2.165
= Slack Time                    0.101
     Clock Rise Edge                 0.000
     + Clock Network Latency (Ideal) 0.050
     = Beginpoint Arrival Time       0.050
     +------------------------------------------------------------------------------+ 
     |       Instance       |     Arc      |   Cell    | Delay | Arrival | Required | 
     |                      |              |           |       |  Time   |   Time   | 
     |----------------------+--------------+-----------+-------+---------+----------| 
     | B_reg_Y_temp_reg_11_ | CK ^         |           |       |   0.050 |    0.151 | 
     | B_reg_Y_temp_reg_11_ | CK ^ -> Q v  | DFF_X1    | 0.108 |   0.158 |    0.259 | 
     | U5002                | A1 v -> ZN ^ | NAND2_X1  | 0.025 |   0.183 |    0.284 | 
     | U4465                | A1 ^ -> ZN ^ | AND2_X2   | 0.120 |   0.303 |    0.403 | 
     | U4432                | A ^ -> ZN v  | INV_X1    | 0.093 |   0.395 |    0.496 | 
     | U5007                | A v -> ZN v  | XNOR2_X1  | 0.066 |   0.461 |    0.562 | 
     | FE_OFC18_n6387       | A v -> ZN ^  | INV_X1    | 0.142 |   0.603 |    0.704 | 
     | U6319                | A ^ -> ZN v  | XNOR2_X1  | 0.021 |   0.624 |    0.725 | 
     | FE_OFC17_n5947       | A v -> Z v   | CLKBUF_X2 | 0.108 |   0.732 |    0.833 | 
     | U6320                | A v -> ZN ^  | INV_X1    | 0.135 |   0.867 |    0.968 | 
     | U6404                | A ^ -> Z ^   | XOR2_X1   | 0.089 |   0.956 |    1.057 | 
     | U6405                | B ^ -> ZN v  | XNOR2_X1  | 0.024 |   0.980 |    1.081 | 
     | FE_OFC6_n7293        | A v -> Z v   | CLKBUF_X2 | 0.095 |   1.076 |    1.176 | 
     | U7837                | A v -> ZN v  | XNOR2_X1  | 0.062 |   1.137 |    1.238 | 
     | U4838                | B v -> ZN v  | XNOR2_X1  | 0.046 |   1.183 |    1.284 | 
     | U4663                | B v -> ZN ^  | XNOR2_X1  | 0.074 |   1.257 |    1.358 | 
     | U7902                | B ^ -> CO ^  | FA_X1     | 0.066 |   1.323 |    1.424 | 
     | U7904                | A ^ -> Z ^   | XOR2_X1   | 0.065 |   1.388 |    1.489 | 
     | U8030                | A ^ -> ZN ^  | XNOR2_X1  | 0.046 |   1.435 |    1.536 | 
     | U4100                | A1 ^ -> ZN ^ | AND2_X1   | 0.047 |   1.482 |    1.583 | 
     | U4464                | B ^ -> Z ^   | XOR2_X1   | 0.051 |   1.533 |    1.634 | 
     | U4965                | A ^ -> ZN ^  | XNOR2_X1  | 0.045 |   1.578 |    1.679 | 
     | U4341                | A1 ^ -> ZN ^ | OR2_X1    | 0.030 |   1.608 |    1.709 | 
     | U4340                | A1 ^ -> ZN v | NAND2_X1  | 0.015 |   1.623 |    1.724 | 
     | U4059                | A1 v -> ZN v | OR2_X1    | 0.049 |   1.672 |    1.773 | 
     | U8277                | A1 v -> ZN ^ | NAND2_X1  | 0.017 |   1.689 |    1.790 | 
     | U8281                | A1 ^ -> ZN v | NAND2_X1  | 0.014 |   1.703 |    1.804 | 
     | U4664                | A1 v -> ZN v | AND2_X1   | 0.031 |   1.733 |    1.834 | 
     | U4677                | A2 v -> ZN ^ | NAND2_X1  | 0.018 |   1.752 |    1.853 | 
     | U4675                | A4 ^ -> ZN v | NAND4_X1  | 0.035 |   1.787 |    1.888 | 
     | U8694                | A1 v -> ZN v | AND2_X1   | 0.035 |   1.822 |    1.923 | 
     | U8793                | C1 v -> ZN ^ | OAI211_X1 | 0.031 |   1.852 |    1.953 | 
     | U8797                | A1 ^ -> ZN v | NAND2_X1  | 0.040 |   1.893 |    1.993 | 
     | U8833                | C2 v -> ZN ^ | OAI211_X1 | 0.056 |   1.949 |    2.049 | 
     | U8866                | A1 ^ -> ZN v | NAND2_X1  | 0.016 |   1.965 |    2.065 | 
     | U4889                | A1 v -> ZN v | AND2_X1   | 0.048 |   2.013 |    2.113 | 
     | U4786                | A2 v -> ZN v | OR2_X1    | 0.059 |   2.072 |    2.172 | 
     | U4528                | A1 v -> ZN ^ | NAND2_X1  | 0.030 |   2.102 |    2.203 | 
     | U9564                | B ^ -> ZN ^  | XNOR2_X1  | 0.044 |   2.146 |    2.247 | 
     | U9921                | B2 ^ -> ZN v | OAI21_X1  | 0.019 |   2.165 |    2.266 | 
     | p_reg_Y_temp_reg_54_ | D v          | DFF_X1    | 0.000 |   2.165 |    2.266 | 
     +------------------------------------------------------------------------------+ 
Path 8: MET Setup Check with Pin p_reg_Y_temp_reg_53_/CK 
Endpoint:   p_reg_Y_temp_reg_53_/D (^) checked with  leading edge of 'CLK'
Beginpoint: B_reg_Y_temp_reg_11_/Q (v) triggered by  leading edge of 'CLK'
Path Groups: {CLK}
Analysis View: default
Other End Arrival Time          0.050
- Setup                         0.031
+ Phase Shift                   2.297
- Uncertainty                   0.050
= Required Time                 2.266
- Arrival Time                  2.163
= Slack Time                    0.103
     Clock Rise Edge                 0.000
     + Clock Network Latency (Ideal) 0.050
     = Beginpoint Arrival Time       0.050
     +------------------------------------------------------------------------------+ 
     |       Instance       |     Arc      |   Cell    | Delay | Arrival | Required | 
     |                      |              |           |       |  Time   |   Time   | 
     |----------------------+--------------+-----------+-------+---------+----------| 
     | B_reg_Y_temp_reg_11_ | CK ^         |           |       |   0.050 |    0.153 | 
     | B_reg_Y_temp_reg_11_ | CK ^ -> Q v  | DFF_X1    | 0.108 |   0.158 |    0.261 | 
     | U5002                | A1 v -> ZN ^ | NAND2_X1  | 0.025 |   0.183 |    0.286 | 
     | U4465                | A1 ^ -> ZN ^ | AND2_X2   | 0.120 |   0.303 |    0.405 | 
     | U4432                | A ^ -> ZN v  | INV_X1    | 0.093 |   0.395 |    0.498 | 
     | U5007                | A v -> ZN v  | XNOR2_X1  | 0.066 |   0.461 |    0.564 | 
     | FE_OFC18_n6387       | A v -> ZN ^  | INV_X1    | 0.142 |   0.603 |    0.705 | 
     | U6319                | A ^ -> ZN v  | XNOR2_X1  | 0.021 |   0.624 |    0.726 | 
     | FE_OFC17_n5947       | A v -> Z v   | CLKBUF_X2 | 0.108 |   0.732 |    0.835 | 
     | U6320                | A v -> ZN ^  | INV_X1    | 0.135 |   0.867 |    0.970 | 
     | U6404                | A ^ -> Z ^   | XOR2_X1   | 0.089 |   0.956 |    1.059 | 
     | U6405                | B ^ -> ZN v  | XNOR2_X1  | 0.024 |   0.980 |    1.083 | 
     | FE_OFC6_n7293        | A v -> Z v   | CLKBUF_X2 | 0.095 |   1.076 |    1.178 | 
     | U7837                | A v -> ZN v  | XNOR2_X1  | 0.062 |   1.137 |    1.240 | 
     | U4838                | B v -> ZN v  | XNOR2_X1  | 0.046 |   1.183 |    1.286 | 
     | U4663                | B v -> ZN v  | XNOR2_X1  | 0.060 |   1.243 |    1.345 | 
     | U7902                | B v -> CO v  | FA_X1     | 0.089 |   1.332 |    1.434 | 
     | U7904                | A v -> Z v   | XOR2_X1   | 0.060 |   1.392 |    1.494 | 
     | U8030                | A v -> ZN v  | XNOR2_X1  | 0.041 |   1.432 |    1.535 | 
     | U4100                | A1 v -> ZN v | AND2_X1   | 0.041 |   1.473 |    1.575 | 
     | U4464                | B v -> Z v   | XOR2_X1   | 0.057 |   1.530 |    1.633 | 
     | U4965                | A v -> ZN v  | XNOR2_X1  | 0.041 |   1.571 |    1.673 | 
     | U4341                | A1 v -> ZN v | OR2_X1    | 0.049 |   1.620 |    1.723 | 
     | U4340                | A1 v -> ZN ^ | NAND2_X1  | 0.018 |   1.638 |    1.741 | 
     | U4059                | A1 ^ -> ZN ^ | OR2_X1    | 0.029 |   1.667 |    1.770 | 
     | U8277                | A1 ^ -> ZN v | NAND2_X1  | 0.015 |   1.682 |    1.784 | 
     | U8281                | A1 v -> ZN ^ | NAND2_X1  | 0.015 |   1.696 |    1.799 | 
     | U4664                | A1 ^ -> ZN ^ | AND2_X1   | 0.035 |   1.731 |    1.834 | 
     | U4677                | A2 ^ -> ZN v | NAND2_X1  | 0.017 |   1.748 |    1.850 | 
     | U4675                | A4 v -> ZN ^ | NAND4_X1  | 0.026 |   1.774 |    1.877 | 
     | U8694                | A1 ^ -> ZN ^ | AND2_X1   | 0.035 |   1.809 |    1.911 | 
     | U8793                | C1 ^ -> ZN v | OAI211_X1 | 0.020 |   1.829 |    1.931 | 
     | U8797                | A1 v -> ZN ^ | NAND2_X1  | 0.043 |   1.871 |    1.974 | 
     | U8833                | C2 ^ -> ZN v | OAI211_X1 | 0.040 |   1.911 |    2.014 | 
     | U8866                | A1 v -> ZN ^ | NAND2_X1  | 0.019 |   1.930 |    2.033 | 
     | U4889                | A1 ^ -> ZN ^ | AND2_X1   | 0.061 |   1.992 |    2.094 | 
     | U4786                | A2 ^ -> ZN ^ | OR2_X1    | 0.039 |   2.031 |    2.133 | 
     | U4861                | A1 ^ -> ZN v | NAND2_X1  | 0.018 |   2.049 |    2.151 | 
     | U4862                | A3 v -> ZN v | OR3_X1    | 0.080 |   2.129 |    2.231 | 
     | U4866                | C2 v -> ZN ^ | OAI211_X1 | 0.034 |   2.163 |    2.266 | 
     | p_reg_Y_temp_reg_53_ | D ^          | DFF_X1    | 0.000 |   2.163 |    2.266 | 
     +------------------------------------------------------------------------------+ 
Path 9: MET Setup Check with Pin p_reg_Y_temp_reg_52_/CK 
Endpoint:   p_reg_Y_temp_reg_52_/D (v) checked with  leading edge of 'CLK'
Beginpoint: B_reg_Y_temp_reg_11_/Q (v) triggered by  leading edge of 'CLK'
Path Groups: {CLK}
Analysis View: default
Other End Arrival Time          0.050
- Setup                         0.031
+ Phase Shift                   2.297
- Uncertainty                   0.050
= Required Time                 2.266
- Arrival Time                  2.158
= Slack Time                    0.108
     Clock Rise Edge                 0.000
     + Clock Network Latency (Ideal) 0.050
     = Beginpoint Arrival Time       0.050
     +------------------------------------------------------------------------------+ 
     |       Instance       |     Arc      |   Cell    | Delay | Arrival | Required | 
     |                      |              |           |       |  Time   |   Time   | 
     |----------------------+--------------+-----------+-------+---------+----------| 
     | B_reg_Y_temp_reg_11_ | CK ^         |           |       |   0.050 |    0.158 | 
     | B_reg_Y_temp_reg_11_ | CK ^ -> Q v  | DFF_X1    | 0.108 |   0.158 |    0.266 | 
     | U5002                | A1 v -> ZN ^ | NAND2_X1  | 0.025 |   0.183 |    0.291 | 
     | U4465                | A1 ^ -> ZN ^ | AND2_X2   | 0.120 |   0.303 |    0.410 | 
     | U4432                | A ^ -> ZN v  | INV_X1    | 0.093 |   0.395 |    0.503 | 
     | U5007                | A v -> ZN v  | XNOR2_X1  | 0.066 |   0.461 |    0.569 | 
     | FE_OFC18_n6387       | A v -> ZN ^  | INV_X1    | 0.142 |   0.603 |    0.711 | 
     | U6319                | A ^ -> ZN v  | XNOR2_X1  | 0.021 |   0.624 |    0.731 | 
     | FE_OFC17_n5947       | A v -> Z v   | CLKBUF_X2 | 0.108 |   0.732 |    0.840 | 
     | U6320                | A v -> ZN ^  | INV_X1    | 0.135 |   0.867 |    0.975 | 
     | U6404                | A ^ -> Z ^   | XOR2_X1   | 0.089 |   0.956 |    1.064 | 
     | U6405                | B ^ -> ZN v  | XNOR2_X1  | 0.024 |   0.980 |    1.088 | 
     | FE_OFC6_n7293        | A v -> Z v   | CLKBUF_X2 | 0.095 |   1.076 |    1.183 | 
     | U7837                | A v -> ZN v  | XNOR2_X1  | 0.062 |   1.137 |    1.245 | 
     | U4838                | B v -> ZN v  | XNOR2_X1  | 0.046 |   1.183 |    1.291 | 
     | U4663                | B v -> ZN ^  | XNOR2_X1  | 0.074 |   1.257 |    1.365 | 
     | U7902                | B ^ -> CO ^  | FA_X1     | 0.066 |   1.323 |    1.431 | 
     | U7904                | A ^ -> Z ^   | XOR2_X1   | 0.065 |   1.388 |    1.496 | 
     | U8030                | A ^ -> ZN ^  | XNOR2_X1  | 0.046 |   1.435 |    1.543 | 
     | U4100                | A1 ^ -> ZN ^ | AND2_X1   | 0.047 |   1.482 |    1.590 | 
     | U4464                | B ^ -> Z ^   | XOR2_X1   | 0.051 |   1.533 |    1.640 | 
     | U4965                | A ^ -> ZN ^  | XNOR2_X1  | 0.045 |   1.578 |    1.685 | 
     | U4341                | A1 ^ -> ZN ^ | OR2_X1    | 0.030 |   1.608 |    1.716 | 
     | U4340                | A1 ^ -> ZN v | NAND2_X1  | 0.015 |   1.623 |    1.731 | 
     | U4059                | A1 v -> ZN v | OR2_X1    | 0.049 |   1.672 |    1.779 | 
     | U8277                | A1 v -> ZN ^ | NAND2_X1  | 0.017 |   1.689 |    1.797 | 
     | U8281                | A1 ^ -> ZN v | NAND2_X1  | 0.014 |   1.703 |    1.810 | 
     | U4664                | A1 v -> ZN v | AND2_X1   | 0.031 |   1.733 |    1.841 | 
     | U4677                | A2 v -> ZN ^ | NAND2_X1  | 0.018 |   1.752 |    1.860 | 
     | U4675                | A4 ^ -> ZN v | NAND4_X1  | 0.035 |   1.787 |    1.895 | 
     | U8694                | A1 v -> ZN v | AND2_X1   | 0.035 |   1.822 |    1.930 | 
     | U8793                | C1 v -> ZN ^ | OAI211_X1 | 0.031 |   1.853 |    1.960 | 
     | U8797                | A1 ^ -> ZN v | NAND2_X1  | 0.040 |   1.893 |    2.000 | 
     | U8833                | C2 v -> ZN ^ | OAI211_X1 | 0.056 |   1.949 |    2.056 | 
     | U8866                | A1 ^ -> ZN v | NAND2_X1  | 0.016 |   1.965 |    2.072 | 
     | U4889                | A1 v -> ZN v | AND2_X1   | 0.048 |   2.013 |    2.120 | 
     | U4786                | A2 v -> ZN v | OR2_X1    | 0.059 |   2.072 |    2.179 | 
     | U4861                | A1 v -> ZN ^ | NAND2_X1  | 0.021 |   2.092 |    2.200 | 
     | U4863                | B ^ -> ZN ^  | XNOR2_X1  | 0.045 |   2.137 |    2.245 | 
     | U4618                | B2 ^ -> ZN v | OAI21_X1  | 0.021 |   2.158 |    2.266 | 
     | p_reg_Y_temp_reg_52_ | D v          | DFF_X1    | 0.000 |   2.158 |    2.266 | 
     +------------------------------------------------------------------------------+ 
Path 10: MET Setup Check with Pin p_reg_Y_temp_reg_41_/CK 
Endpoint:   p_reg_Y_temp_reg_41_/D (^) checked with  leading edge of 'CLK'
Beginpoint: B_reg_Y_temp_reg_11_/Q (v) triggered by  leading edge of 'CLK'
Path Groups: {CLK}
Analysis View: default
Other End Arrival Time          0.050
- Setup                         0.027
+ Phase Shift                   2.297
- Uncertainty                   0.050
= Required Time                 2.270
- Arrival Time                  2.161
= Slack Time                    0.109
     Clock Rise Edge                 0.000
     + Clock Network Latency (Ideal) 0.050
     = Beginpoint Arrival Time       0.050
     +------------------------------------------------------------------------------+ 
     |       Instance       |     Arc      |   Cell    | Delay | Arrival | Required | 
     |                      |              |           |       |  Time   |   Time   | 
     |----------------------+--------------+-----------+-------+---------+----------| 
     | B_reg_Y_temp_reg_11_ | CK ^         |           |       |   0.050 |    0.159 | 
     | B_reg_Y_temp_reg_11_ | CK ^ -> Q v  | DFF_X1    | 0.108 |   0.158 |    0.267 | 
     | U5002                | A1 v -> ZN ^ | NAND2_X1  | 0.025 |   0.183 |    0.292 | 
     | U4465                | A1 ^ -> ZN ^ | AND2_X2   | 0.120 |   0.303 |    0.411 | 
     | U4432                | A ^ -> ZN v  | INV_X1    | 0.093 |   0.395 |    0.504 | 
     | U5007                | A v -> ZN v  | XNOR2_X1  | 0.066 |   0.461 |    0.570 | 
     | FE_OFC18_n6387       | A v -> ZN ^  | INV_X1    | 0.142 |   0.603 |    0.712 | 
     | U6319                | A ^ -> ZN v  | XNOR2_X1  | 0.021 |   0.624 |    0.733 | 
     | FE_OFC17_n5947       | A v -> Z v   | CLKBUF_X2 | 0.108 |   0.732 |    0.841 | 
     | U6320                | A v -> ZN ^  | INV_X1    | 0.135 |   0.867 |    0.976 | 
     | U6404                | A ^ -> Z ^   | XOR2_X1   | 0.089 |   0.956 |    1.065 | 
     | U6405                | B ^ -> ZN v  | XNOR2_X1  | 0.024 |   0.980 |    1.089 | 
     | FE_OFC6_n7293        | A v -> Z v   | CLKBUF_X2 | 0.095 |   1.076 |    1.184 | 
     | U7837                | A v -> ZN v  | XNOR2_X1  | 0.062 |   1.137 |    1.246 | 
     | U4838                | B v -> ZN v  | XNOR2_X1  | 0.046 |   1.183 |    1.292 | 
     | U4663                | B v -> ZN ^  | XNOR2_X1  | 0.074 |   1.257 |    1.366 | 
     | U7902                | B ^ -> CO ^  | FA_X1     | 0.066 |   1.323 |    1.432 | 
     | U7904                | A ^ -> Z ^   | XOR2_X1   | 0.065 |   1.388 |    1.497 | 
     | U8030                | A ^ -> ZN ^  | XNOR2_X1  | 0.046 |   1.435 |    1.544 | 
     | U4100                | A1 ^ -> ZN ^ | AND2_X1   | 0.047 |   1.482 |    1.591 | 
     | U4464                | B ^ -> Z ^   | XOR2_X1   | 0.051 |   1.533 |    1.642 | 
     | U4965                | A ^ -> ZN ^  | XNOR2_X1  | 0.045 |   1.578 |    1.687 | 
     | U4341                | A1 ^ -> ZN ^ | OR2_X1    | 0.030 |   1.608 |    1.717 | 
     | U4340                | A1 ^ -> ZN v | NAND2_X1  | 0.015 |   1.623 |    1.732 | 
     | U4059                | A1 v -> ZN v | OR2_X1    | 0.049 |   1.672 |    1.781 | 
     | U8277                | A1 v -> ZN ^ | NAND2_X1  | 0.017 |   1.689 |    1.798 | 
     | U8281                | A1 ^ -> ZN v | NAND2_X1  | 0.014 |   1.703 |    1.812 | 
     | U4664                | A1 v -> ZN v | AND2_X1   | 0.031 |   1.733 |    1.842 | 
     | U4677                | A2 v -> ZN ^ | NAND2_X1  | 0.018 |   1.752 |    1.861 | 
     | U4675                | A4 ^ -> ZN v | NAND4_X1  | 0.035 |   1.787 |    1.896 | 
     | U8694                | A1 v -> ZN v | AND2_X1   | 0.035 |   1.822 |    1.931 | 
     | U8793                | C1 v -> ZN ^ | OAI211_X1 | 0.031 |   1.853 |    1.961 | 
     | U8797                | A1 ^ -> ZN v | NAND2_X1  | 0.040 |   1.893 |    2.001 | 
     | U8833                | C2 v -> ZN ^ | OAI211_X1 | 0.056 |   1.949 |    2.057 | 
     | U9224                | A1 ^ -> ZN ^ | AND2_X1   | 0.053 |   2.001 |    2.110 | 
     | U4922                | A2 ^ -> ZN v | NOR2_X1   | 0.016 |   2.017 |    2.126 | 
     | U9630                | A v -> ZN ^  | AOI211_X1 | 0.111 |   2.128 |    2.237 | 
     | U9629                | A1 ^ -> ZN ^ | OR2_X1    | 0.034 |   2.161 |    2.270 | 
     | p_reg_Y_temp_reg_41_ | D ^          | DFF_X1    | 0.000 |   2.161 |    2.270 | 
     +------------------------------------------------------------------------------+ 

