###############################################################
#  Generated by:      Cadence Innovus 23.35-s106_1
#  OS:                Linux x86_64(Host ID microsys.openstack.polito)
#  Generated on:      Sat Oct 10 21:35:36 2026
#  Design:            boothmul_registered
#  Command:           report_timing -max_paths 10 > reports/10_setup_paths.rpt
###############################################################
Path 1: MET Setup Check with Pin p_reg_Y_temp_reg_58_/CK 
Endpoint:   p_reg_Y_temp_reg_58_/D (^) checked with  leading edge of 'CLK'
Beginpoint: B_reg_Y_temp_reg_28_/Q (^) triggered by  leading edge of 'CLK'
Path Groups: {CLK}
Analysis View: default
Other End Arrival Time          0.073
- Setup                         0.026
+ Phase Shift                   2.401
+ CPPR Adjustment               0.000
- Uncertainty                   0.050
= Required Time                 2.398
- Arrival Time                  2.142
= Slack Time                    0.255
     Clock Rise Edge                 0.000
     + Clock Network Latency (Prop)  0.051
     = Beginpoint Arrival Time       0.051
     +------------------------------------------------------------------------------+ 
     |       Instance       |     Arc      |   Cell    | Delay | Arrival | Required | 
     |                      |              |           |       |  Time   |   Time   | 
     |----------------------+--------------+-----------+-------+---------+----------| 
     | B_reg_Y_temp_reg_28_ | CK ^         |           |       |   0.051 |    0.306 | 
     | B_reg_Y_temp_reg_28_ | CK ^ -> Q ^  | DFF_X1    | 0.101 |   0.152 |    0.407 | 
     | U2392                | A2 ^ -> ZN ^ | OR2_X1    | 0.025 |   0.176 |    0.432 | 
     | U2083                | A3 ^ -> ZN v | NAND3_X1  | 0.085 |   0.261 |    0.516 | 
     | FE_OFC2_n1121        | A v -> Z v   | CLKBUF_X1 | 0.170 |   0.431 |    0.686 | 
     | U2683                | B2 v -> ZN ^ | OAI22_X1  | 0.118 |   0.549 |    0.804 | 
     | U2521                | A1 ^ -> ZN ^ | OR2_X1    | 0.034 |   0.583 |    0.838 | 
     | U2192                | A2 ^ -> ZN ^ | OR2_X1    | 0.041 |   0.623 |    0.878 | 
     | U3906                | A1 ^ -> ZN v | NOR2_X1   | 0.012 |   0.635 |    0.890 | 
     | U3907                | A v -> ZN v  | XNOR2_X1  | 0.039 |   0.674 |    0.930 | 
     | U3908                | A v -> Z v   | MUX2_X1   | 0.064 |   0.738 |    0.993 | 
     | U3946                | CI v -> CO v | FA_X1     | 0.081 |   0.819 |    1.074 | 
     | U4104                | B v -> S ^   | FA_X1     | 0.139 |   0.958 |    1.213 | 
     | U2381                | B ^ -> S v   | FA_X1     | 0.104 |   1.062 |    1.318 | 
     | U4484                | A v -> CO v  | FA_X1     | 0.082 |   1.145 |    1.400 | 
     | U4483                | B v -> CO v  | FA_X1     | 0.082 |   1.226 |    1.481 | 
     | U4480                | CI v -> CO v | FA_X1     | 0.073 |   1.299 |    1.555 | 
     | U4479                | CI v -> CO v | FA_X1     | 0.072 |   1.372 |    1.627 | 
     | U4474                | CI v -> CO v | FA_X1     | 0.076 |   1.448 |    1.703 | 
     | U4372                | CI v -> S ^  | FA_X1     | 0.120 |   1.568 |    1.823 | 
     | U5954                | A ^ -> S v   | FA_X1     | 0.091 |   1.659 |    1.914 | 
     | U5955                | CI v -> S ^  | FA_X1     | 0.117 |   1.776 |    2.031 | 
     | U2537                | A1 ^ -> ZN v | NOR2_X1   | 0.017 |   1.793 |    2.048 | 
     | U5959                | A2 v -> ZN ^ | NOR2_X1   | 0.037 |   1.830 |    2.085 | 
     | U5967                | A1 ^ -> ZN v | NAND2_X1  | 0.017 |   1.847 |    2.102 | 
     | U5975                | B2 v -> ZN ^ | OAI21_X1  | 0.045 |   1.892 |    2.147 | 
     | U5990                | B2 ^ -> ZN v | AOI21_X1  | 0.018 |   1.910 |    2.165 | 
     | FE_OFC3_n5236        | A v -> Z v   | CLKBUF_X1 | 0.100 |   2.010 |    2.265 | 
     | U6291                | B1 v -> ZN ^ | OAI21_X1  | 0.058 |   2.068 |    2.323 | 
     | U6292                | B ^ -> ZN ^  | XNOR2_X1  | 0.044 |   2.112 |    2.367 | 
     | U6294                | A1 ^ -> ZN v | NAND2_X1  | 0.015 |   2.127 |    2.382 | 
     | U6498                | A1 v -> ZN ^ | NAND2_X1  | 0.015 |   2.142 |    2.398 | 
     | p_reg_Y_temp_reg_58_ | D ^          | DFF_X1    | 0.000 |   2.142 |    2.398 | 
     +------------------------------------------------------------------------------+ 
Path 2: MET Setup Check with Pin p_reg_Y_temp_reg_55_/CK 
Endpoint:   p_reg_Y_temp_reg_55_/D (^) checked with  leading edge of 'CLK'
Beginpoint: B_reg_Y_temp_reg_28_/Q (^) triggered by  leading edge of 'CLK'
Path Groups: {CLK}
Analysis View: default
Other End Arrival Time          0.073
- Setup                         0.026
+ Phase Shift                   2.401
+ CPPR Adjustment               0.000
- Uncertainty                   0.050
= Required Time                 2.397
- Arrival Time                  2.142
= Slack Time                    0.256
     Clock Rise Edge                 0.000
     + Clock Network Latency (Prop)  0.051
     = Beginpoint Arrival Time       0.051
     +------------------------------------------------------------------------------+ 
     |       Instance       |     Arc      |   Cell    | Delay | Arrival | Required | 
     |                      |              |           |       |  Time   |   Time   | 
     |----------------------+--------------+-----------+-------+---------+----------| 
     | B_reg_Y_temp_reg_28_ | CK ^         |           |       |   0.051 |    0.307 | 
     | B_reg_Y_temp_reg_28_ | CK ^ -> Q ^  | DFF_X1    | 0.101 |   0.152 |    0.408 | 
     | U2392                | A2 ^ -> ZN ^ | OR2_X1    | 0.025 |   0.176 |    0.432 | 
     | U2083                | A3 ^ -> ZN v | NAND3_X1  | 0.085 |   0.261 |    0.517 | 
     | FE_OFC2_n1121        | A v -> Z v   | CLKBUF_X1 | 0.170 |   0.431 |    0.687 | 
     | U2683                | B2 v -> ZN ^ | OAI22_X1  | 0.118 |   0.549 |    0.804 | 
     | U2521                | A1 ^ -> ZN ^ | OR2_X1    | 0.034 |   0.583 |    0.838 | 
     | U2192                | A2 ^ -> ZN ^ | OR2_X1    | 0.041 |   0.623 |    0.879 | 
     | U3906                | A1 ^ -> ZN v | NOR2_X1   | 0.012 |   0.635 |    0.891 | 
     | U3907                | A v -> ZN v  | XNOR2_X1  | 0.039 |   0.674 |    0.930 | 
     | U3908                | A v -> Z v   | MUX2_X1   | 0.064 |   0.738 |    0.994 | 
     | U3946                | CI v -> CO v | FA_X1     | 0.081 |   0.819 |    1.074 | 
     | U4104                | B v -> S ^   | FA_X1     | 0.139 |   0.958 |    1.214 | 
     | U2381                | B ^ -> S v   | FA_X1     | 0.104 |   1.062 |    1.318 | 
     | U4484                | A v -> CO v  | FA_X1     | 0.082 |   1.145 |    1.400 | 
     | U4483                | B v -> CO v  | FA_X1     | 0.082 |   1.226 |    1.482 | 
     | U4480                | CI v -> CO v | FA_X1     | 0.073 |   1.299 |    1.555 | 
     | U4479                | CI v -> CO v | FA_X1     | 0.072 |   1.372 |    1.628 | 
     | U4474                | CI v -> CO v | FA_X1     | 0.076 |   1.448 |    1.704 | 
     | U4372                | CI v -> S ^  | FA_X1     | 0.120 |   1.568 |    1.824 | 
     | U5954                | A ^ -> S v   | FA_X1     | 0.091 |   1.659 |    1.915 | 
     | U5955                | CI v -> S ^  | FA_X1     | 0.117 |   1.776 |    2.032 | 
     | U2537                | A1 ^ -> ZN v | NOR2_X1   | 0.017 |   1.793 |    2.049 | 
     | U5959                | A2 v -> ZN ^ | NOR2_X1   | 0.037 |   1.830 |    2.086 | 
     | U5967                | A1 ^ -> ZN v | NAND2_X1  | 0.017 |   1.847 |    2.103 | 
     | U5975                | B2 v -> ZN ^ | OAI21_X1  | 0.045 |   1.892 |    2.148 | 
     | U5990                | B2 ^ -> ZN v | AOI21_X1  | 0.018 |   1.910 |    2.166 | 
     | FE_OFC3_n5236        | A v -> Z v   | CLKBUF_X1 | 0.100 |   2.010 |    2.266 | 
     | U6070                | B1 v -> ZN ^ | OAI21_X1  | 0.057 |   2.067 |    2.323 | 
     | U6071                | A ^ -> ZN ^  | XNOR2_X1  | 0.044 |   2.111 |    2.367 | 
     | U6072                | A1 ^ -> ZN v | NAND2_X1  | 0.015 |   2.126 |    2.382 | 
     | U6491                | A1 v -> ZN ^ | NAND2_X1  | 0.015 |   2.142 |    2.397 | 
     | p_reg_Y_temp_reg_55_ | D ^          | DFF_X1    | 0.000 |   2.142 |    2.397 | 
     +------------------------------------------------------------------------------+ 
Path 3: MET Setup Check with Pin p_reg_Y_temp_reg_53_/CK 
Endpoint:   p_reg_Y_temp_reg_53_/D (^) checked with  leading edge of 'CLK'
Beginpoint: B_reg_Y_temp_reg_28_/Q (^) triggered by  leading edge of 'CLK'
Path Groups: {CLK}
Analysis View: default
Other End Arrival Time          0.073
- Setup                         0.026
+ Phase Shift                   2.401
+ CPPR Adjustment               0.000
- Uncertainty                   0.050
= Required Time                 2.397
- Arrival Time                  2.141
= Slack Time                    0.256
     Clock Rise Edge                 0.000
     + Clock Network Latency (Prop)  0.051
     = Beginpoint Arrival Time       0.051
     +------------------------------------------------------------------------------+ 
     |       Instance       |     Arc      |   Cell    | Delay | Arrival | Required | 
     |                      |              |           |       |  Time   |   Time   | 
     |----------------------+--------------+-----------+-------+---------+----------| 
     | B_reg_Y_temp_reg_28_ | CK ^         |           |       |   0.051 |    0.307 | 
     | B_reg_Y_temp_reg_28_ | CK ^ -> Q ^  | DFF_X1    | 0.101 |   0.152 |    0.408 | 
     | U2392                | A2 ^ -> ZN ^ | OR2_X1    | 0.025 |   0.176 |    0.433 | 
     | U2083                | A3 ^ -> ZN v | NAND3_X1  | 0.085 |   0.261 |    0.517 | 
     | FE_OFC2_n1121        | A v -> Z v   | CLKBUF_X1 | 0.170 |   0.431 |    0.687 | 
     | U2683                | B2 v -> ZN ^ | OAI22_X1  | 0.118 |   0.549 |    0.805 | 
     | U2521                | A1 ^ -> ZN ^ | OR2_X1    | 0.034 |   0.583 |    0.839 | 
     | U2192                | A2 ^ -> ZN ^ | OR2_X1    | 0.041 |   0.623 |    0.879 | 
     | U3906                | A1 ^ -> ZN v | NOR2_X1   | 0.012 |   0.635 |    0.891 | 
     | U3907                | A v -> ZN v  | XNOR2_X1  | 0.039 |   0.674 |    0.931 | 
     | U3908                | A v -> Z v   | MUX2_X1   | 0.064 |   0.738 |    0.994 | 
     | U3946                | CI v -> CO v | FA_X1     | 0.081 |   0.819 |    1.075 | 
     | U4104                | B v -> S ^   | FA_X1     | 0.139 |   0.958 |    1.214 | 
     | U2381                | B ^ -> S v   | FA_X1     | 0.104 |   1.062 |    1.319 | 
     | U4484                | A v -> CO v  | FA_X1     | 0.082 |   1.145 |    1.401 | 
     | U4483                | B v -> CO v  | FA_X1     | 0.082 |   1.226 |    1.482 | 
     | U4480                | CI v -> CO v | FA_X1     | 0.073 |   1.299 |    1.556 | 
     | U4479                | CI v -> CO v | FA_X1     | 0.072 |   1.372 |    1.628 | 
     | U4474                | CI v -> CO v | FA_X1     | 0.076 |   1.448 |    1.704 | 
     | U4372                | CI v -> S ^  | FA_X1     | 0.120 |   1.568 |    1.824 | 
     | U5954                | A ^ -> S v   | FA_X1     | 0.091 |   1.659 |    1.915 | 
     | U5955                | CI v -> S ^  | FA_X1     | 0.117 |   1.776 |    2.032 | 
     | U2537                | A1 ^ -> ZN v | NOR2_X1   | 0.017 |   1.793 |    2.049 | 
     | U5959                | A2 v -> ZN ^ | NOR2_X1   | 0.037 |   1.830 |    2.086 | 
     | U5967                | A1 ^ -> ZN v | NAND2_X1  | 0.017 |   1.847 |    2.103 | 
     | U5975                | B2 v -> ZN ^ | OAI21_X1  | 0.045 |   1.892 |    2.148 | 
     | U5990                | B2 ^ -> ZN v | AOI21_X1  | 0.018 |   1.910 |    2.166 | 
     | FE_OFC3_n5236        | A v -> Z v   | CLKBUF_X1 | 0.100 |   2.010 |    2.266 | 
     | U6306                | B1 v -> ZN ^ | OAI21_X1  | 0.056 |   2.066 |    2.323 | 
     | U6307                | A ^ -> ZN ^  | XNOR2_X1  | 0.044 |   2.111 |    2.367 | 
     | U6308                | A1 ^ -> ZN v | NAND2_X1  | 0.015 |   2.126 |    2.382 | 
     | U6500                | A1 v -> ZN ^ | NAND2_X1  | 0.015 |   2.141 |    2.397 | 
     | p_reg_Y_temp_reg_53_ | D ^          | DFF_X1    | 0.000 |   2.141 |    2.397 | 
     +------------------------------------------------------------------------------+ 
Path 4: MET Setup Check with Pin p_reg_Y_temp_reg_51_/CK 
Endpoint:   p_reg_Y_temp_reg_51_/D (^) checked with  leading edge of 'CLK'
Beginpoint: B_reg_Y_temp_reg_28_/Q (^) triggered by  leading edge of 'CLK'
Path Groups: {CLK}
Analysis View: default
Other End Arrival Time          0.073
- Setup                         0.026
+ Phase Shift                   2.401
+ CPPR Adjustment               0.000
- Uncertainty                   0.050
= Required Time                 2.397
- Arrival Time                  2.141
= Slack Time                    0.256
     Clock Rise Edge                 0.000
     + Clock Network Latency (Prop)  0.051
     = Beginpoint Arrival Time       0.051
     +------------------------------------------------------------------------------+ 
     |       Instance       |     Arc      |   Cell    | Delay | Arrival | Required | 
     |                      |              |           |       |  Time   |   Time   | 
     |----------------------+--------------+-----------+-------+---------+----------| 
     | B_reg_Y_temp_reg_28_ | CK ^         |           |       |   0.051 |    0.307 | 
     | B_reg_Y_temp_reg_28_ | CK ^ -> Q ^  | DFF_X1    | 0.101 |   0.152 |    0.408 | 
     | U2392                | A2 ^ -> ZN ^ | OR2_X1    | 0.025 |   0.176 |    0.433 | 
     | U2083                | A3 ^ -> ZN v | NAND3_X1  | 0.085 |   0.261 |    0.517 | 
     | FE_OFC2_n1121        | A v -> Z v   | CLKBUF_X1 | 0.170 |   0.431 |    0.687 | 
     | U2683                | B2 v -> ZN ^ | OAI22_X1  | 0.118 |   0.549 |    0.805 | 
     | U2521                | A1 ^ -> ZN ^ | OR2_X1    | 0.034 |   0.583 |    0.839 | 
     | U2192                | A2 ^ -> ZN ^ | OR2_X1    | 0.041 |   0.623 |    0.880 | 
     | U3906                | A1 ^ -> ZN v | NOR2_X1   | 0.012 |   0.635 |    0.891 | 
     | U3907                | A v -> ZN v  | XNOR2_X1  | 0.039 |   0.674 |    0.931 | 
     | U3908                | A v -> Z v   | MUX2_X1   | 0.064 |   0.738 |    0.994 | 
     | U3946                | CI v -> CO v | FA_X1     | 0.081 |   0.819 |    1.075 | 
     | U4104                | B v -> S ^   | FA_X1     | 0.139 |   0.958 |    1.214 | 
     | U2381                | B ^ -> S v   | FA_X1     | 0.104 |   1.062 |    1.319 | 
     | U4484                | A v -> CO v  | FA_X1     | 0.082 |   1.145 |    1.401 | 
     | U4483                | B v -> CO v  | FA_X1     | 0.082 |   1.226 |    1.482 | 
     | U4480                | CI v -> CO v | FA_X1     | 0.073 |   1.299 |    1.556 | 
     | U4479                | CI v -> CO v | FA_X1     | 0.072 |   1.372 |    1.628 | 
     | U4474                | CI v -> CO v | FA_X1     | 0.076 |   1.448 |    1.704 | 
     | U4372                | CI v -> S ^  | FA_X1     | 0.120 |   1.568 |    1.825 | 
     | U5954                | A ^ -> S v   | FA_X1     | 0.091 |   1.659 |    1.915 | 
     | U5955                | CI v -> S ^  | FA_X1     | 0.117 |   1.776 |    2.032 | 
     | U2537                | A1 ^ -> ZN v | NOR2_X1   | 0.017 |   1.793 |    2.049 | 
     | U5959                | A2 v -> ZN ^ | NOR2_X1   | 0.037 |   1.830 |    2.087 | 
     | U5967                | A1 ^ -> ZN v | NAND2_X1  | 0.017 |   1.847 |    2.103 | 
     | U5975                | B2 v -> ZN ^ | OAI21_X1  | 0.045 |   1.892 |    2.148 | 
     | U5990                | B2 ^ -> ZN v | AOI21_X1  | 0.018 |   1.910 |    2.166 | 
     | FE_OFC3_n5236        | A v -> Z v   | CLKBUF_X1 | 0.100 |   2.010 |    2.266 | 
     | U6078                | B1 v -> ZN ^ | OAI21_X1  | 0.056 |   2.066 |    2.323 | 
     | U6079                | B ^ -> ZN ^  | XNOR2_X1  | 0.044 |   2.111 |    2.367 | 
     | U6080                | A1 ^ -> ZN v | NAND2_X1  | 0.015 |   2.126 |    2.382 | 
     | U6492                | A1 v -> ZN ^ | NAND2_X1  | 0.015 |   2.141 |    2.397 | 
     | p_reg_Y_temp_reg_51_ | D ^          | DFF_X1    | 0.000 |   2.141 |    2.397 | 
     +------------------------------------------------------------------------------+ 
Path 5: MET Setup Check with Pin p_reg_Y_temp_reg_56_/CK 
Endpoint:   p_reg_Y_temp_reg_56_/D (^) checked with  leading edge of 'CLK'
Beginpoint: B_reg_Y_temp_reg_28_/Q (^) triggered by  leading edge of 'CLK'
Path Groups: {CLK}
Analysis View: default
Other End Arrival Time          0.073
- Setup                         0.026
+ Phase Shift                   2.401
+ CPPR Adjustment               0.000
- Uncertainty                   0.050
= Required Time                 2.398
- Arrival Time                  2.141
= Slack Time                    0.256
     Clock Rise Edge                 0.000
     + Clock Network Latency (Prop)  0.051
     = Beginpoint Arrival Time       0.051
     +------------------------------------------------------------------------------+ 
     |       Instance       |     Arc      |   Cell    | Delay | Arrival | Required | 
     |                      |              |           |       |  Time   |   Time   | 
     |----------------------+--------------+-----------+-------+---------+----------| 
     | B_reg_Y_temp_reg_28_ | CK ^         |           |       |   0.051 |    0.307 | 
     | B_reg_Y_temp_reg_28_ | CK ^ -> Q ^  | DFF_X1    | 0.101 |   0.152 |    0.408 | 
     | U2392                | A2 ^ -> ZN ^ | OR2_X1    | 0.025 |   0.176 |    0.433 | 
     | U2083                | A3 ^ -> ZN v | NAND3_X1  | 0.085 |   0.261 |    0.518 | 
     | FE_OFC2_n1121        | A v -> Z v   | CLKBUF_X1 | 0.170 |   0.431 |    0.687 | 
     | U2683                | B2 v -> ZN ^ | OAI22_X1  | 0.118 |   0.549 |    0.805 | 
     | U2521                | A1 ^ -> ZN ^ | OR2_X1    | 0.034 |   0.583 |    0.839 | 
     | U2192                | A2 ^ -> ZN ^ | OR2_X1    | 0.041 |   0.623 |    0.880 | 
     | U3906                | A1 ^ -> ZN v | NOR2_X1   | 0.012 |   0.635 |    0.892 | 
     | U3907                | A v -> ZN v  | XNOR2_X1  | 0.039 |   0.674 |    0.931 | 
     | U3908                | A v -> Z v   | MUX2_X1   | 0.064 |   0.738 |    0.994 | 
     | U3946                | CI v -> CO v | FA_X1     | 0.081 |   0.819 |    1.075 | 
     | U4104                | B v -> S ^   | FA_X1     | 0.139 |   0.958 |    1.214 | 
     | U2381                | B ^ -> S v   | FA_X1     | 0.104 |   1.062 |    1.319 | 
     | U4484                | A v -> CO v  | FA_X1     | 0.082 |   1.145 |    1.401 | 
     | U4483                | B v -> CO v  | FA_X1     | 0.082 |   1.226 |    1.483 | 
     | U4480                | CI v -> CO v | FA_X1     | 0.073 |   1.299 |    1.556 | 
     | U4479                | CI v -> CO v | FA_X1     | 0.072 |   1.372 |    1.628 | 
     | U4474                | CI v -> CO v | FA_X1     | 0.076 |   1.448 |    1.704 | 
     | U4372                | CI v -> S ^  | FA_X1     | 0.120 |   1.568 |    1.825 | 
     | U5954                | A ^ -> S v   | FA_X1     | 0.091 |   1.659 |    1.916 | 
     | U5955                | CI v -> S ^  | FA_X1     | 0.117 |   1.776 |    2.032 | 
     | U2537                | A1 ^ -> ZN v | NOR2_X1   | 0.017 |   1.793 |    2.049 | 
     | U5959                | A2 v -> ZN ^ | NOR2_X1   | 0.037 |   1.830 |    2.087 | 
     | U5967                | A1 ^ -> ZN v | NAND2_X1  | 0.017 |   1.847 |    2.104 | 
     | U5975                | B2 v -> ZN ^ | OAI21_X1  | 0.045 |   1.892 |    2.148 | 
     | U5990                | B2 ^ -> ZN v | AOI21_X1  | 0.018 |   1.910 |    2.167 | 
     | FE_OFC3_n5236        | A v -> Z v   | CLKBUF_X1 | 0.100 |   2.010 |    2.267 | 
     | U6284                | B1 v -> ZN ^ | OAI21_X1  | 0.057 |   2.067 |    2.324 | 
     | U6285                | B ^ -> ZN ^  | XNOR2_X1  | 0.043 |   2.111 |    2.367 | 
     | U6287                | A1 ^ -> ZN v | NAND2_X1  | 0.015 |   2.126 |    2.382 | 
     | U6497                | A1 v -> ZN ^ | NAND2_X1  | 0.016 |   2.141 |    2.398 | 
     | p_reg_Y_temp_reg_56_ | D ^          | DFF_X1    | 0.000 |   2.141 |    2.398 | 
     +------------------------------------------------------------------------------+ 
Path 6: MET Setup Check with Pin p_reg_Y_temp_reg_54_/CK 
Endpoint:   p_reg_Y_temp_reg_54_/D (^) checked with  leading edge of 'CLK'
Beginpoint: B_reg_Y_temp_reg_28_/Q (^) triggered by  leading edge of 'CLK'
Path Groups: {CLK}
Analysis View: default
Other End Arrival Time          0.073
- Setup                         0.026
+ Phase Shift                   2.401
+ CPPR Adjustment               0.000
- Uncertainty                   0.050
= Required Time                 2.397
- Arrival Time                  2.141
= Slack Time                    0.256
     Clock Rise Edge                 0.000
     + Clock Network Latency (Prop)  0.051
     = Beginpoint Arrival Time       0.051
     +------------------------------------------------------------------------------+ 
     |       Instance       |     Arc      |   Cell    | Delay | Arrival | Required | 
     |                      |              |           |       |  Time   |   Time   | 
     |----------------------+--------------+-----------+-------+---------+----------| 
     | B_reg_Y_temp_reg_28_ | CK ^         |           |       |   0.051 |    0.307 | 
     | B_reg_Y_temp_reg_28_ | CK ^ -> Q ^  | DFF_X1    | 0.101 |   0.152 |    0.408 | 
     | U2392                | A2 ^ -> ZN ^ | OR2_X1    | 0.025 |   0.176 |    0.433 | 
     | U2083                | A3 ^ -> ZN v | NAND3_X1  | 0.085 |   0.261 |    0.518 | 
     | FE_OFC2_n1121        | A v -> Z v   | CLKBUF_X1 | 0.170 |   0.431 |    0.687 | 
     | U2683                | B2 v -> ZN ^ | OAI22_X1  | 0.118 |   0.549 |    0.805 | 
     | U2521                | A1 ^ -> ZN ^ | OR2_X1    | 0.034 |   0.583 |    0.839 | 
     | U2192                | A2 ^ -> ZN ^ | OR2_X1    | 0.041 |   0.623 |    0.880 | 
     | U3906                | A1 ^ -> ZN v | NOR2_X1   | 0.012 |   0.635 |    0.892 | 
     | U3907                | A v -> ZN v  | XNOR2_X1  | 0.039 |   0.674 |    0.931 | 
     | U3908                | A v -> Z v   | MUX2_X1   | 0.064 |   0.738 |    0.994 | 
     | U3946                | CI v -> CO v | FA_X1     | 0.081 |   0.819 |    1.075 | 
     | U4104                | B v -> S ^   | FA_X1     | 0.139 |   0.958 |    1.214 | 
     | U2381                | B ^ -> S v   | FA_X1     | 0.104 |   1.062 |    1.319 | 
     | U4484                | A v -> CO v  | FA_X1     | 0.082 |   1.145 |    1.401 | 
     | U4483                | B v -> CO v  | FA_X1     | 0.082 |   1.226 |    1.483 | 
     | U4480                | CI v -> CO v | FA_X1     | 0.073 |   1.299 |    1.556 | 
     | U4479                | CI v -> CO v | FA_X1     | 0.072 |   1.372 |    1.628 | 
     | U4474                | CI v -> CO v | FA_X1     | 0.076 |   1.448 |    1.704 | 
     | U4372                | CI v -> S ^  | FA_X1     | 0.120 |   1.568 |    1.825 | 
     | U5954                | A ^ -> S v   | FA_X1     | 0.091 |   1.659 |    1.916 | 
     | U5955                | CI v -> S ^  | FA_X1     | 0.117 |   1.776 |    2.032 | 
     | U2537                | A1 ^ -> ZN v | NOR2_X1   | 0.017 |   1.793 |    2.050 | 
     | U5959                | A2 v -> ZN ^ | NOR2_X1   | 0.037 |   1.830 |    2.087 | 
     | U5967                | A1 ^ -> ZN v | NAND2_X1  | 0.017 |   1.847 |    2.104 | 
     | U5975                | B2 v -> ZN ^ | OAI21_X1  | 0.045 |   1.892 |    2.148 | 
     | U5990                | B2 ^ -> ZN v | AOI21_X1  | 0.018 |   1.910 |    2.167 | 
     | FE_OFC3_n5236        | A v -> Z v   | CLKBUF_X1 | 0.100 |   2.010 |    2.267 | 
     | U6095                | B1 v -> ZN ^ | OAI21_X1  | 0.057 |   2.067 |    2.323 | 
     | U6096                | B ^ -> ZN ^  | XNOR2_X1  | 0.044 |   2.111 |    2.367 | 
     | U6097                | A1 ^ -> ZN v | NAND2_X1  | 0.015 |   2.126 |    2.382 | 
     | U6494                | A1 v -> ZN ^ | NAND2_X1  | 0.015 |   2.141 |    2.397 | 
     | p_reg_Y_temp_reg_54_ | D ^          | DFF_X1    | 0.000 |   2.141 |    2.397 | 
     +------------------------------------------------------------------------------+ 
Path 7: MET Setup Check with Pin p_reg_Y_temp_reg_63_/CK 
Endpoint:   p_reg_Y_temp_reg_63_/D (^) checked with  leading edge of 'CLK'
Beginpoint: B_reg_Y_temp_reg_28_/Q (^) triggered by  leading edge of 'CLK'
Path Groups: {CLK}
Analysis View: default
Other End Arrival Time          0.073
- Setup                         0.026
+ Phase Shift                   2.401
+ CPPR Adjustment               0.000
- Uncertainty                   0.050
= Required Time                 2.398
- Arrival Time                  2.141
= Slack Time                    0.257
     Clock Rise Edge                 0.000
     + Clock Network Latency (Prop)  0.051
     = Beginpoint Arrival Time       0.051
     +------------------------------------------------------------------------------+ 
     |       Instance       |     Arc      |   Cell    | Delay | Arrival | Required | 
     |                      |              |           |       |  Time   |   Time   | 
     |----------------------+--------------+-----------+-------+---------+----------| 
     | B_reg_Y_temp_reg_28_ | CK ^         |           |       |   0.051 |    0.307 | 
     | B_reg_Y_temp_reg_28_ | CK ^ -> Q ^  | DFF_X1    | 0.101 |   0.152 |    0.408 | 
     | U2392                | A2 ^ -> ZN ^ | OR2_X1    | 0.025 |   0.176 |    0.433 | 
     | U2083                | A3 ^ -> ZN v | NAND3_X1  | 0.085 |   0.261 |    0.518 | 
     | FE_OFC2_n1121        | A v -> Z v   | CLKBUF_X1 | 0.170 |   0.431 |    0.687 | 
     | U2683                | B2 v -> ZN ^ | OAI22_X1  | 0.118 |   0.549 |    0.805 | 
     | U2521                | A1 ^ -> ZN ^ | OR2_X1    | 0.034 |   0.583 |    0.839 | 
     | U2192                | A2 ^ -> ZN ^ | OR2_X1    | 0.041 |   0.623 |    0.880 | 
     | U3906                | A1 ^ -> ZN v | NOR2_X1   | 0.012 |   0.635 |    0.892 | 
     | U3907                | A v -> ZN v  | XNOR2_X1  | 0.039 |   0.674 |    0.931 | 
     | U3908                | A v -> Z v   | MUX2_X1   | 0.064 |   0.738 |    0.994 | 
     | U3946                | CI v -> CO v | FA_X1     | 0.081 |   0.819 |    1.075 | 
     | U4104                | B v -> S ^   | FA_X1     | 0.139 |   0.958 |    1.214 | 
     | U2381                | B ^ -> S v   | FA_X1     | 0.104 |   1.062 |    1.319 | 
     | U4484                | A v -> CO v  | FA_X1     | 0.082 |   1.145 |    1.401 | 
     | U4483                | B v -> CO v  | FA_X1     | 0.082 |   1.226 |    1.483 | 
     | U4480                | CI v -> CO v | FA_X1     | 0.073 |   1.299 |    1.556 | 
     | U4479                | CI v -> CO v | FA_X1     | 0.072 |   1.372 |    1.628 | 
     | U4474                | CI v -> CO v | FA_X1     | 0.076 |   1.448 |    1.704 | 
     | U4372                | CI v -> S ^  | FA_X1     | 0.120 |   1.568 |    1.825 | 
     | U5954                | A ^ -> S v   | FA_X1     | 0.091 |   1.659 |    1.916 | 
     | U5955                | CI v -> S ^  | FA_X1     | 0.117 |   1.776 |    2.032 | 
     | U2537                | A1 ^ -> ZN v | NOR2_X1   | 0.017 |   1.793 |    2.050 | 
     | U5959                | A2 v -> ZN ^ | NOR2_X1   | 0.037 |   1.830 |    2.087 | 
     | U5967                | A1 ^ -> ZN v | NAND2_X1  | 0.017 |   1.847 |    2.104 | 
     | U5975                | B2 v -> ZN ^ | OAI21_X1  | 0.045 |   1.892 |    2.148 | 
     | U5990                | B2 ^ -> ZN v | AOI21_X1  | 0.018 |   1.910 |    2.167 | 
     | FE_OFC3_n5236        | A v -> Z v   | CLKBUF_X1 | 0.100 |   2.010 |    2.267 | 
     | U6273                | B1 v -> ZN ^ | OAI21_X1  | 0.058 |   2.068 |    2.324 | 
     | U6274                | B ^ -> ZN ^  | XNOR2_X1  | 0.043 |   2.111 |    2.368 | 
     | U6275                | A1 ^ -> ZN v | NAND2_X1  | 0.015 |   2.126 |    2.383 | 
     | U6496                | A1 v -> ZN ^ | NAND2_X1  | 0.015 |   2.141 |    2.398 | 
     | p_reg_Y_temp_reg_63_ | D ^          | DFF_X1    | 0.000 |   2.141 |    2.398 | 
     +------------------------------------------------------------------------------+ 
Path 8: MET Setup Check with Pin p_reg_Y_temp_reg_61_/CK 
Endpoint:   p_reg_Y_temp_reg_61_/D (^) checked with  leading edge of 'CLK'
Beginpoint: B_reg_Y_temp_reg_28_/Q (^) triggered by  leading edge of 'CLK'
Path Groups: {CLK}
Analysis View: default
Other End Arrival Time          0.073
- Setup                         0.026
+ Phase Shift                   2.401
+ CPPR Adjustment               0.000
- Uncertainty                   0.050
= Required Time                 2.398
- Arrival Time                  2.141
= Slack Time                    0.257
     Clock Rise Edge                 0.000
     + Clock Network Latency (Prop)  0.051
     = Beginpoint Arrival Time       0.051
     +------------------------------------------------------------------------------+ 
     |       Instance       |     Arc      |   Cell    | Delay | Arrival | Required | 
     |                      |              |           |       |  Time   |   Time   | 
     |----------------------+--------------+-----------+-------+---------+----------| 
     | B_reg_Y_temp_reg_28_ | CK ^         |           |       |   0.051 |    0.307 | 
     | B_reg_Y_temp_reg_28_ | CK ^ -> Q ^  | DFF_X1    | 0.101 |   0.152 |    0.408 | 
     | U2392                | A2 ^ -> ZN ^ | OR2_X1    | 0.025 |   0.176 |    0.433 | 
     | U2083                | A3 ^ -> ZN v | NAND3_X1  | 0.085 |   0.261 |    0.518 | 
     | FE_OFC2_n1121        | A v -> Z v   | CLKBUF_X1 | 0.170 |   0.431 |    0.688 | 
     | U2683                | B2 v -> ZN ^ | OAI22_X1  | 0.118 |   0.549 |    0.805 | 
     | U2521                | A1 ^ -> ZN ^ | OR2_X1    | 0.034 |   0.583 |    0.839 | 
     | U2192                | A2 ^ -> ZN ^ | OR2_X1    | 0.041 |   0.623 |    0.880 | 
     | U3906                | A1 ^ -> ZN v | NOR2_X1   | 0.012 |   0.635 |    0.892 | 
     | U3907                | A v -> ZN v  | XNOR2_X1  | 0.039 |   0.674 |    0.931 | 
     | U3908                | A v -> Z v   | MUX2_X1   | 0.064 |   0.738 |    0.995 | 
     | U3946                | CI v -> CO v | FA_X1     | 0.081 |   0.819 |    1.075 | 
     | U4104                | B v -> S ^   | FA_X1     | 0.139 |   0.958 |    1.215 | 
     | U2381                | B ^ -> S v   | FA_X1     | 0.104 |   1.062 |    1.319 | 
     | U4484                | A v -> CO v  | FA_X1     | 0.082 |   1.145 |    1.401 | 
     | U4483                | B v -> CO v  | FA_X1     | 0.082 |   1.226 |    1.483 | 
     | U4480                | CI v -> CO v | FA_X1     | 0.073 |   1.299 |    1.556 | 
     | U4479                | CI v -> CO v | FA_X1     | 0.072 |   1.372 |    1.628 | 
     | U4474                | CI v -> CO v | FA_X1     | 0.076 |   1.448 |    1.705 | 
     | U4372                | CI v -> S ^  | FA_X1     | 0.120 |   1.568 |    1.825 | 
     | U5954                | A ^ -> S v   | FA_X1     | 0.091 |   1.659 |    1.916 | 
     | U5955                | CI v -> S ^  | FA_X1     | 0.117 |   1.776 |    2.032 | 
     | U2537                | A1 ^ -> ZN v | NOR2_X1   | 0.017 |   1.793 |    2.050 | 
     | U5959                | A2 v -> ZN ^ | NOR2_X1   | 0.037 |   1.830 |    2.087 | 
     | U5967                | A1 ^ -> ZN v | NAND2_X1  | 0.017 |   1.847 |    2.104 | 
     | U5975                | B2 v -> ZN ^ | OAI21_X1  | 0.045 |   1.892 |    2.148 | 
     | U5990                | B2 ^ -> ZN v | AOI21_X1  | 0.018 |   1.910 |    2.167 | 
     | FE_OFC3_n5236        | A v -> Z v   | CLKBUF_X1 | 0.100 |   2.010 |    2.267 | 
     | U6301                | B1 v -> ZN ^ | OAI21_X1  | 0.057 |   2.068 |    2.324 | 
     | U6302                | B ^ -> ZN ^  | XNOR2_X1  | 0.044 |   2.111 |    2.368 | 
     | U6304                | A1 ^ -> ZN v | NAND2_X1  | 0.015 |   2.126 |    2.382 | 
     | U6499                | A1 v -> ZN ^ | NAND2_X1  | 0.015 |   2.141 |    2.398 | 
     | p_reg_Y_temp_reg_61_ | D ^          | DFF_X1    | 0.000 |   2.141 |    2.398 | 
     +------------------------------------------------------------------------------+ 
Path 9: MET Setup Check with Pin p_reg_Y_temp_reg_57_/CK 
Endpoint:   p_reg_Y_temp_reg_57_/D (^) checked with  leading edge of 'CLK'
Beginpoint: B_reg_Y_temp_reg_28_/Q (^) triggered by  leading edge of 'CLK'
Path Groups: {CLK}
Analysis View: default
Other End Arrival Time          0.073
- Setup                         0.026
+ Phase Shift                   2.401
+ CPPR Adjustment               0.000
- Uncertainty                   0.050
= Required Time                 2.398
- Arrival Time                  2.141
= Slack Time                    0.257
     Clock Rise Edge                 0.000
     + Clock Network Latency (Prop)  0.051
     = Beginpoint Arrival Time       0.051
     +------------------------------------------------------------------------------+ 
     |       Instance       |     Arc      |   Cell    | Delay | Arrival | Required | 
     |                      |              |           |       |  Time   |   Time   | 
     |----------------------+--------------+-----------+-------+---------+----------| 
     | B_reg_Y_temp_reg_28_ | CK ^         |           |       |   0.051 |    0.307 | 
     | B_reg_Y_temp_reg_28_ | CK ^ -> Q ^  | DFF_X1    | 0.101 |   0.152 |    0.408 | 
     | U2392                | A2 ^ -> ZN ^ | OR2_X1    | 0.025 |   0.176 |    0.433 | 
     | U2083                | A3 ^ -> ZN v | NAND3_X1  | 0.085 |   0.261 |    0.518 | 
     | FE_OFC2_n1121        | A v -> Z v   | CLKBUF_X1 | 0.170 |   0.431 |    0.688 | 
     | U2683                | B2 v -> ZN ^ | OAI22_X1  | 0.118 |   0.549 |    0.805 | 
     | U2521                | A1 ^ -> ZN ^ | OR2_X1    | 0.034 |   0.583 |    0.839 | 
     | U2192                | A2 ^ -> ZN ^ | OR2_X1    | 0.041 |   0.623 |    0.880 | 
     | U3906                | A1 ^ -> ZN v | NOR2_X1   | 0.012 |   0.635 |    0.892 | 
     | U3907                | A v -> ZN v  | XNOR2_X1  | 0.039 |   0.674 |    0.931 | 
     | U3908                | A v -> Z v   | MUX2_X1   | 0.064 |   0.738 |    0.995 | 
     | U3946                | CI v -> CO v | FA_X1     | 0.081 |   0.819 |    1.075 | 
     | U4104                | B v -> S ^   | FA_X1     | 0.139 |   0.958 |    1.215 | 
     | U2381                | B ^ -> S v   | FA_X1     | 0.104 |   1.062 |    1.319 | 
     | U4484                | A v -> CO v  | FA_X1     | 0.082 |   1.145 |    1.401 | 
     | U4483                | B v -> CO v  | FA_X1     | 0.082 |   1.226 |    1.483 | 
     | U4480                | CI v -> CO v | FA_X1     | 0.073 |   1.299 |    1.556 | 
     | U4479                | CI v -> CO v | FA_X1     | 0.072 |   1.372 |    1.628 | 
     | U4474                | CI v -> CO v | FA_X1     | 0.076 |   1.448 |    1.705 | 
     | U4372                | CI v -> S ^  | FA_X1     | 0.120 |   1.568 |    1.825 | 
     | U5954                | A ^ -> S v   | FA_X1     | 0.091 |   1.659 |    1.916 | 
     | U5955                | CI v -> S ^  | FA_X1     | 0.117 |   1.776 |    2.032 | 
     | U2537                | A1 ^ -> ZN v | NOR2_X1   | 0.017 |   1.793 |    2.050 | 
     | U5959                | A2 v -> ZN ^ | NOR2_X1   | 0.037 |   1.830 |    2.087 | 
     | U5967                | A1 ^ -> ZN v | NAND2_X1  | 0.017 |   1.847 |    2.104 | 
     | U5975                | B2 v -> ZN ^ | OAI21_X1  | 0.045 |   1.892 |    2.148 | 
     | U5990                | B2 ^ -> ZN v | AOI21_X1  | 0.018 |   1.910 |    2.167 | 
     | FE_OFC3_n5236        | A v -> Z v   | CLKBUF_X1 | 0.100 |   2.010 |    2.267 | 
     | U6150                | B1 v -> ZN ^ | OAI21_X1  | 0.057 |   2.067 |    2.324 | 
     | U1740                | B ^ -> ZN ^  | XNOR2_X1  | 0.044 |   2.111 |    2.367 | 
     | U1739                | A1 ^ -> ZN v | NAND2_X1  | 0.015 |   2.126 |    2.382 | 
     | U1738                | A1 v -> ZN ^ | NAND2_X1  | 0.015 |   2.141 |    2.398 | 
     | p_reg_Y_temp_reg_57_ | D ^          | DFF_X1    | 0.000 |   2.141 |    2.398 | 
     +------------------------------------------------------------------------------+ 
Path 10: MET Setup Check with Pin p_reg_Y_temp_reg_52_/CK 
Endpoint:   p_reg_Y_temp_reg_52_/D (^) checked with  leading edge of 'CLK'
Beginpoint: B_reg_Y_temp_reg_28_/Q (^) triggered by  leading edge of 'CLK'
Path Groups: {CLK}
Analysis View: default
Other End Arrival Time          0.073
- Setup                         0.026
+ Phase Shift                   2.401
+ CPPR Adjustment               0.000
- Uncertainty                   0.050
= Required Time                 2.397
- Arrival Time                  2.141
= Slack Time                    0.257
     Clock Rise Edge                 0.000
     + Clock Network Latency (Prop)  0.051
     = Beginpoint Arrival Time       0.051
     +------------------------------------------------------------------------------+ 
     |       Instance       |     Arc      |   Cell    | Delay | Arrival | Required | 
     |                      |              |           |       |  Time   |   Time   | 
     |----------------------+--------------+-----------+-------+---------+----------| 
     | B_reg_Y_temp_reg_28_ | CK ^         |           |       |   0.051 |    0.308 | 
     | B_reg_Y_temp_reg_28_ | CK ^ -> Q ^  | DFF_X1    | 0.101 |   0.152 |    0.408 | 
     | U2392                | A2 ^ -> ZN ^ | OR2_X1    | 0.025 |   0.176 |    0.433 | 
     | U2083                | A3 ^ -> ZN v | NAND3_X1  | 0.085 |   0.261 |    0.518 | 
     | FE_OFC2_n1121        | A v -> Z v   | CLKBUF_X1 | 0.170 |   0.431 |    0.688 | 
     | U2683                | B2 v -> ZN ^ | OAI22_X1  | 0.118 |   0.549 |    0.805 | 
     | U2521                | A1 ^ -> ZN ^ | OR2_X1    | 0.034 |   0.583 |    0.839 | 
     | U2192                | A2 ^ -> ZN ^ | OR2_X1    | 0.041 |   0.623 |    0.880 | 
     | U3906                | A1 ^ -> ZN v | NOR2_X1   | 0.012 |   0.635 |    0.892 | 
     | U3907                | A v -> ZN v  | XNOR2_X1  | 0.039 |   0.674 |    0.931 | 
     | U3908                | A v -> Z v   | MUX2_X1   | 0.064 |   0.738 |    0.995 | 
     | U3946                | CI v -> CO v | FA_X1     | 0.081 |   0.819 |    1.075 | 
     | U4104                | B v -> S ^   | FA_X1     | 0.139 |   0.958 |    1.215 | 
     | U2381                | B ^ -> S v   | FA_X1     | 0.104 |   1.062 |    1.319 | 
     | U4484                | A v -> CO v  | FA_X1     | 0.082 |   1.145 |    1.401 | 
     | U4483                | B v -> CO v  | FA_X1     | 0.082 |   1.226 |    1.483 | 
     | U4480                | CI v -> CO v | FA_X1     | 0.073 |   1.299 |    1.556 | 
     | U4479                | CI v -> CO v | FA_X1     | 0.072 |   1.372 |    1.629 | 
     | U4474                | CI v -> CO v | FA_X1     | 0.076 |   1.448 |    1.705 | 
     | U4372                | CI v -> S ^  | FA_X1     | 0.120 |   1.568 |    1.825 | 
     | U5954                | A ^ -> S v   | FA_X1     | 0.091 |   1.659 |    1.916 | 
     | U5955                | CI v -> S ^  | FA_X1     | 0.117 |   1.776 |    2.032 | 
     | U2537                | A1 ^ -> ZN v | NOR2_X1   | 0.017 |   1.793 |    2.050 | 
     | U5959                | A2 v -> ZN ^ | NOR2_X1   | 0.037 |   1.830 |    2.087 | 
     | U5967                | A1 ^ -> ZN v | NAND2_X1  | 0.017 |   1.847 |    2.104 | 
     | U5975                | B2 v -> ZN ^ | OAI21_X1  | 0.045 |   1.892 |    2.149 | 
     | U5990                | B2 ^ -> ZN v | AOI21_X1  | 0.018 |   1.910 |    2.167 | 
     | FE_OFC3_n5236        | A v -> Z v   | CLKBUF_X1 | 0.100 |   2.010 |    2.267 | 
     | U6086                | B1 v -> ZN ^ | OAI21_X1  | 0.055 |   2.065 |    2.322 | 
     | U6087                | B ^ -> ZN ^  | XNOR2_X1  | 0.045 |   2.110 |    2.367 | 
     | U6088                | A1 ^ -> ZN v | NAND2_X1  | 0.015 |   2.125 |    2.382 | 
     | U6493                | A1 v -> ZN ^ | NAND2_X1  | 0.015 |   2.141 |    2.397 | 
     | p_reg_Y_temp_reg_52_ | D ^          | DFF_X1    | 0.000 |   2.141 |    2.397 | 
     +------------------------------------------------------------------------------+ 

