###############################################################
#  Generated by:      Cadence Innovus 23.35-s106_1
#  OS:                Linux x86_64(Host ID microsys.openstack.polito)
#  Generated on:      Sat Oct 10 21:48:31 2026
#  Design:            boothmul_registered
#  Command:           report_ccopt_skew_groups -file reports/05_skew_groups.rpt
###############################################################

Skew Group Structure:
=====================

-----------------------------------------------------------------------------
Skew Group                Sources    Constrained Sinks    Unconstrained Sinks
-----------------------------------------------------------------------------
CLK/coherent-synthesis       1              128                    0
-----------------------------------------------------------------------------

Skew Group Summary:
===================

---------------------------------------------------------------------------------------------------------------------------------------------------------------------------
Timing Corner         Skew Group                ID Target    Min ID    Max ID    Avg ID    Std.Dev. ID    Skew Target Type    Skew Target    Skew     Skew window occupancy
---------------------------------------------------------------------------------------------------------------------------------------------------------------------------
std-typ:both.early    CLK/coherent-synthesis        -        0.066     0.078     0.074        0.003       ignored                  -         0.012              -
std-typ:both.late     CLK/coherent-synthesis    *0.050       0.066     0.078     0.074        0.003       explicit             0.050         0.012    100% {0.066, 0.078}
---------------------------------------------------------------------------------------------------------------------------------------------------------------------------

* - indicates that target was not met.

Skew Group Min/Max path pins:
=============================

------------------------------------------------------------------------------------
Timing Corner         Skew Group                Min ID    PathID    Max ID    PathID
------------------------------------------------------------------------------------
std-typ:both.early    CLK/coherent-synthesis    0.066       1       0.078       2
-    min A_reg_Y_temp_reg_8_/CK
-    max p_reg_Y_temp_reg_46_/CK
std-typ:both.late     CLK/coherent-synthesis    0.066       3       0.078       4
-    min A_reg_Y_temp_reg_8_/CK
-    max p_reg_Y_temp_reg_46_/CK
------------------------------------------------------------------------------------

Timing for timing corner std-typ:both.early, min clock_path:
============================================================

PathID    : 1
Path type : skew group CLK/coherent-synthesis (path 1 of 1)
Start     : CLK
End       : A_reg_Y_temp_reg_8_/CK
Delay     : 0.066

------------------------------------------------------------------------------------------------
Name  Lib cell   Event  Incr   Arrival  Slew   Cap     Location         Distance  Fanout  Status
                        (ns)   (ns)     (ns)   (fF)                     (um)              
-- Clockpath trace -----------------------------------------------------------------------------
CLK
-     -          rise   -       0.000   0.002  15.067  (68.785,0.000)   -            3    
CTS_ccl_a_buf_00003/A
-     CLKBUF_X3  rise   0.001   0.001   0.002  -       (60.360,45.115)   53.540   -       
CTS_ccl_a_buf_00003/Z
-     CLKBUF_X3  rise   0.062   0.063   0.048  56.548  (59.995,45.460)    0.710     40    
A_reg_Y_temp_reg_8_/CK
-     DFF_X1     rise   0.003   0.066   0.048  -       (45.830,45.110)   14.515   -       
------------------------------------------------------------------------------------------------

Timing for timing corner std-typ:both.early, max clock_path:
============================================================

PathID    : 2
Path type : skew group CLK/coherent-synthesis (path 1 of 1)
Start     : CLK
End       : p_reg_Y_temp_reg_46_/CK
Delay     : 0.078

-------------------------------------------------------------------------------------------------
Name  Lib cell   Event  Incr   Arrival  Slew   Cap     Location          Distance  Fanout  Status
                        (ns)   (ns)     (ns)   (fF)                      (um)              
-- Clockpath trace ------------------------------------------------------------------------------
CLK
-     -          rise   -       0.000   0.002  15.067  (68.785,0.000)    -            3    
CTS_ccl_a_buf_00001/A
-     CLKBUF_X3  rise   0.002   0.002   0.002  -       (114.700,47.915)   93.830   -       
CTS_ccl_a_buf_00001/Z
-     CLKBUF_X3  rise   0.073   0.075   0.048  62.195  (114.335,48.260)    0.710     49    
p_reg_Y_temp_reg_46_/CK
-     DFF_X1     rise   0.003   0.078   0.048  -       (102.830,12.570)   47.195   -       
-------------------------------------------------------------------------------------------------

Timing for timing corner std-typ:both.late, min clock_path:
===========================================================

PathID    : 3
Path type : skew group CLK/coherent-synthesis (path 1 of 1)
Start     : CLK
End       : A_reg_Y_temp_reg_8_/CK
Delay     : 0.066

------------------------------------------------------------------------------------------------
Name  Lib cell   Event  Incr   Arrival  Slew   Cap     Location         Distance  Fanout  Status
                        (ns)   (ns)     (ns)   (fF)                     (um)              
-- Clockpath trace -----------------------------------------------------------------------------
CLK
-     -          rise   -       0.000   0.002  15.067  (68.785,0.000)   -            3    
CTS_ccl_a_buf_00003/A
-     CLKBUF_X3  rise   0.001   0.001   0.002  -       (60.360,45.115)   53.540   -       
CTS_ccl_a_buf_00003/Z
-     CLKBUF_X3  rise   0.062   0.063   0.048  56.548  (59.995,45.460)    0.710     40    
A_reg_Y_temp_reg_8_/CK
-     DFF_X1     rise   0.003   0.066   0.048  -       (45.830,45.110)   14.515   -       
------------------------------------------------------------------------------------------------

Timing for timing corner std-typ:both.late, max clock_path:
===========================================================

PathID    : 4
Path type : skew group CLK/coherent-synthesis (path 1 of 1)
Start     : CLK
End       : p_reg_Y_temp_reg_46_/CK
Delay     : 0.078

-------------------------------------------------------------------------------------------------
Name  Lib cell   Event  Incr   Arrival  Slew   Cap     Location          Distance  Fanout  Status
                        (ns)   (ns)     (ns)   (fF)                      (um)              
-- Clockpath trace ------------------------------------------------------------------------------
CLK
-     -          rise   -       0.000   0.002  15.067  (68.785,0.000)    -            3    
CTS_ccl_a_buf_00001/A
-     CLKBUF_X3  rise   0.002   0.002   0.002  -       (114.700,47.915)   93.830   -       
CTS_ccl_a_buf_00001/Z
-     CLKBUF_X3  rise   0.073   0.075   0.049  62.195  (114.335,48.260)    0.710     49    
p_reg_Y_temp_reg_46_/CK
-     DFF_X1     rise   0.003   0.078   0.049  -       (102.830,12.570)   47.195   -       
-------------------------------------------------------------------------------------------------

