###############################################################
#  Generated by:      Cadence Innovus 23.35-s106_1
#  OS:                Linux x86_64(Host ID microsys.openstack.polito)
#  Generated on:      Sat Oct 10 21:59:00 2026
#  Design:            boothmul_registered
#  Command:           report_timing -max_paths 10 > reports/10_setup_paths.rpt
###############################################################
Path 1: MET Setup Check with Pin p_reg_Y_temp_reg_61_/CK 
Endpoint:   p_reg_Y_temp_reg_61_/D (v) checked with  leading edge of 'CLK'
Beginpoint: B_reg_Y_temp_reg_1_/QN (^) triggered by  leading edge of 'CLK'
Path Groups: {CLK}
Analysis View: default
Other End Arrival Time          0.066
- Setup                         0.025
+ Phase Shift                   2.555
+ CPPR Adjustment               0.000
- Uncertainty                   0.050
= Required Time                 2.546
- Arrival Time                  2.189
= Slack Time                    0.357
     Clock Rise Edge                 0.000
     + Clock Network Latency (Prop)  0.047
     = Beginpoint Arrival Time       0.047
     +------------------------------------------------------------------------------------------+ 
     |             Instance             |     Arc      |   Cell    | Delay | Arrival | Required | 
     |                                  |              |           |       |  Time   |   Time   | 
     |----------------------------------+--------------+-----------+-------+---------+----------| 
     | B_reg_Y_temp_reg_1_              | CK ^         |           |       |   0.047 |    0.404 | 
     | B_reg_Y_temp_reg_1_              | CK ^ -> QN ^ | DFF_X1    | 0.083 |   0.130 |    0.487 | 
     | FE_OFC0_DP_OP_213J91_122_2655_I3 | A ^ -> Z ^   | CLKBUF_X2 | 0.133 |   0.264 |    0.620 | 
     | U1853                            | A2 ^ -> ZN v | NAND2_X1  | 0.044 |   0.307 |    0.664 | 
     | U3980                            | A2 v -> ZN ^ | NAND2_X2  | 0.097 |   0.405 |    0.762 | 
     | U4031                            | A2 ^ -> ZN v | OAI22_X1  | 0.057 |   0.462 |    0.819 | 
     | U1769                            | A2 v -> ZN v | OR2_X1    | 0.065 |   0.527 |    0.883 | 
     | U4037                            | A1 v -> ZN ^ | NOR2_X1   | 0.042 |   0.569 |    0.926 | 
     | U4049                            | A1 ^ -> ZN v | NAND2_X1  | 0.017 |   0.586 |    0.942 | 
     | U4069                            | A1 v -> ZN ^ | NOR2_X1   | 0.054 |   0.639 |    0.996 | 
     | U4396                            | A ^ -> ZN v  | INV_X1    | 0.057 |   0.696 |    1.053 | 
     | U1891                            | A2 v -> ZN v | OR2_X1    | 0.061 |   0.758 |    1.114 | 
     | U1890                            | A v -> ZN v  | XNOR2_X1  | 0.039 |   0.796 |    1.153 | 
     | U2703                            | B2 v -> ZN ^ | OAI21_X1  | 0.078 |   0.874 |    1.231 | 
     | U1816                            | A ^ -> ZN ^  | XNOR2_X1  | 0.062 |   0.937 |    1.294 | 
     | U4469                            | A ^ -> S v   | FA_X1     | 0.108 |   1.045 |    1.401 | 
     | U1809                            | A v -> Z v   | XOR2_X1   | 0.057 |   1.101 |    1.458 | 
     | U1810                            | B v -> Z v   | XOR2_X1   | 0.062 |   1.164 |    1.520 | 
     | U4918                            | A v -> CO v  | FA_X1     | 0.079 |   1.243 |    1.600 | 
     | U4906                            | CI v -> CO v | FA_X1     | 0.075 |   1.317 |    1.674 | 
     | U4905                            | B v -> CO v  | FA_X1     | 0.082 |   1.399 |    1.756 | 
     | U4923                            | CI v -> CO v | FA_X1     | 0.079 |   1.479 |    1.836 | 
     | U4902                            | B v -> CO v  | FA_X1     | 0.083 |   1.562 |    1.918 | 
     | U4900                            | CI v -> S ^  | FA_X1     | 0.116 |   1.677 |    2.034 | 
     | U4901                            | CI ^ -> S v  | FA_X1     | 0.094 |   1.771 |    2.128 | 
     | U5908                            | A1 v -> ZN ^ | NAND2_X1  | 0.026 |   1.797 |    2.154 | 
     | U5910                            | B2 ^ -> ZN v | OAI21_X1  | 0.019 |   1.816 |    2.173 | 
     | U5911                            | A v -> ZN ^  | AOI21_X1  | 0.055 |   1.871 |    2.228 | 
     | U5916                            | B1 ^ -> ZN v | OAI21_X1  | 0.025 |   1.897 |    2.253 | 
     | U5920                            | B1 v -> ZN ^ | AOI21_X1  | 0.038 |   1.935 |    2.291 | 
     | U5948                            | B1 ^ -> ZN v | OAI21_X1  | 0.030 |   1.964 |    2.321 | 
     | U5964                            | B2 v -> ZN ^ | AOI21_X1  | 0.121 |   2.085 |    2.442 | 
     | U6137                            | B1 ^ -> ZN v | OAI21_X1  | 0.025 |   2.110 |    2.467 | 
     | U6149                            | A v -> ZN v  | XNOR2_X1  | 0.048 |   2.158 |    2.515 | 
     | U6398                            | A1 v -> ZN ^ | NAND2_X1  | 0.017 |   2.175 |    2.532 | 
     | U6701                            | A1 ^ -> ZN v | NAND2_X1  | 0.013 |   2.189 |    2.546 | 
     | p_reg_Y_temp_reg_61_             | D v          | DFF_X1    | 0.000 |   2.189 |    2.546 | 
     +------------------------------------------------------------------------------------------+ 
Path 2: MET Setup Check with Pin p_reg_Y_temp_reg_62_/CK 
Endpoint:   p_reg_Y_temp_reg_62_/D (v) checked with  leading edge of 'CLK'
Beginpoint: B_reg_Y_temp_reg_1_/QN (^) triggered by  leading edge of 'CLK'
Path Groups: {CLK}
Analysis View: default
Other End Arrival Time          0.066
- Setup                         0.025
+ Phase Shift                   2.555
+ CPPR Adjustment               0.000
- Uncertainty                   0.050
= Required Time                 2.546
- Arrival Time                  2.189
= Slack Time                    0.357
     Clock Rise Edge                 0.000
     + Clock Network Latency (Prop)  0.047
     = Beginpoint Arrival Time       0.047
     +------------------------------------------------------------------------------------------+ 
     |             Instance             |     Arc      |   Cell    | Delay | Arrival | Required | 
     |                                  |              |           |       |  Time   |   Time   | 
     |----------------------------------+--------------+-----------+-------+---------+----------| 
     | B_reg_Y_temp_reg_1_              | CK ^         |           |       |   0.047 |    0.404 | 
     | B_reg_Y_temp_reg_1_              | CK ^ -> QN ^ | DFF_X1    | 0.083 |   0.130 |    0.487 | 
     | FE_OFC0_DP_OP_213J91_122_2655_I3 | A ^ -> Z ^   | CLKBUF_X2 | 0.133 |   0.264 |    0.621 | 
     | U1853                            | A2 ^ -> ZN v | NAND2_X1  | 0.044 |   0.307 |    0.664 | 
     | U3980                            | A2 v -> ZN ^ | NAND2_X2  | 0.097 |   0.405 |    0.762 | 
     | U4031                            | A2 ^ -> ZN v | OAI22_X1  | 0.057 |   0.462 |    0.819 | 
     | U1769                            | A2 v -> ZN v | OR2_X1    | 0.065 |   0.527 |    0.884 | 
     | U4037                            | A1 v -> ZN ^ | NOR2_X1   | 0.042 |   0.569 |    0.926 | 
     | U4049                            | A1 ^ -> ZN v | NAND2_X1  | 0.017 |   0.586 |    0.943 | 
     | U4069                            | A1 v -> ZN ^ | NOR2_X1   | 0.054 |   0.639 |    0.996 | 
     | U4396                            | A ^ -> ZN v  | INV_X1    | 0.057 |   0.696 |    1.053 | 
     | U1891                            | A2 v -> ZN v | OR2_X1    | 0.061 |   0.758 |    1.115 | 
     | U1890                            | A v -> ZN v  | XNOR2_X1  | 0.039 |   0.796 |    1.153 | 
     | U2703                            | B2 v -> ZN ^ | OAI21_X1  | 0.078 |   0.874 |    1.231 | 
     | U1816                            | A ^ -> ZN ^  | XNOR2_X1  | 0.062 |   0.937 |    1.294 | 
     | U4469                            | A ^ -> S v   | FA_X1     | 0.108 |   1.045 |    1.402 | 
     | U1809                            | A v -> Z v   | XOR2_X1   | 0.057 |   1.101 |    1.458 | 
     | U1810                            | B v -> Z v   | XOR2_X1   | 0.062 |   1.164 |    1.521 | 
     | U4918                            | A v -> CO v  | FA_X1     | 0.079 |   1.243 |    1.600 | 
     | U4906                            | CI v -> CO v | FA_X1     | 0.075 |   1.317 |    1.674 | 
     | U4905                            | B v -> CO v  | FA_X1     | 0.082 |   1.399 |    1.756 | 
     | U4923                            | CI v -> CO v | FA_X1     | 0.079 |   1.479 |    1.836 | 
     | U4902                            | B v -> CO v  | FA_X1     | 0.083 |   1.562 |    1.919 | 
     | U4900                            | CI v -> S ^  | FA_X1     | 0.116 |   1.677 |    2.034 | 
     | U4901                            | CI ^ -> S v  | FA_X1     | 0.094 |   1.771 |    2.128 | 
     | U5908                            | A1 v -> ZN ^ | NAND2_X1  | 0.026 |   1.797 |    2.154 | 
     | U5910                            | B2 ^ -> ZN v | OAI21_X1  | 0.019 |   1.816 |    2.173 | 
     | U5911                            | A v -> ZN ^  | AOI21_X1  | 0.055 |   1.871 |    2.228 | 
     | U5916                            | B1 ^ -> ZN v | OAI21_X1  | 0.025 |   1.897 |    2.254 | 
     | U5920                            | B1 v -> ZN ^ | AOI21_X1  | 0.038 |   1.935 |    2.292 | 
     | U5948                            | B1 ^ -> ZN v | OAI21_X1  | 0.030 |   1.964 |    2.321 | 
     | U5964                            | B2 v -> ZN ^ | AOI21_X1  | 0.121 |   2.085 |    2.442 | 
     | U6154                            | B1 ^ -> ZN v | OAI21_X1  | 0.025 |   2.110 |    2.467 | 
     | U6165                            | A v -> ZN v  | XNOR2_X1  | 0.048 |   2.159 |    2.516 | 
     | U6399                            | A1 v -> ZN ^ | NAND2_X1  | 0.017 |   2.175 |    2.532 | 
     | U6702                            | A1 ^ -> ZN v | NAND2_X1  | 0.013 |   2.189 |    2.546 | 
     | p_reg_Y_temp_reg_62_             | D v          | DFF_X1    | 0.000 |   2.189 |    2.546 | 
     +------------------------------------------------------------------------------------------+ 
Path 3: MET Setup Check with Pin p_reg_Y_temp_reg_63_/CK 
Endpoint:   p_reg_Y_temp_reg_63_/D (v) checked with  leading edge of 'CLK'
Beginpoint: B_reg_Y_temp_reg_1_/QN (^) triggered by  leading edge of 'CLK'
Path Groups: {CLK}
Analysis View: default
Other End Arrival Time          0.066
- Setup                         0.025
+ Phase Shift                   2.555
+ CPPR Adjustment               0.000
- Uncertainty                   0.050
= Required Time                 2.546
- Arrival Time                  2.189
= Slack Time                    0.357
     Clock Rise Edge                 0.000
     + Clock Network Latency (Prop)  0.047
     = Beginpoint Arrival Time       0.047
     +------------------------------------------------------------------------------------------+ 
     |             Instance             |     Arc      |   Cell    | Delay | Arrival | Required | 
     |                                  |              |           |       |  Time   |   Time   | 
     |----------------------------------+--------------+-----------+-------+---------+----------| 
     | B_reg_Y_temp_reg_1_              | CK ^         |           |       |   0.047 |    0.404 | 
     | B_reg_Y_temp_reg_1_              | CK ^ -> QN ^ | DFF_X1    | 0.083 |   0.130 |    0.488 | 
     | FE_OFC0_DP_OP_213J91_122_2655_I3 | A ^ -> Z ^   | CLKBUF_X2 | 0.133 |   0.264 |    0.621 | 
     | U1853                            | A2 ^ -> ZN v | NAND2_X1  | 0.044 |   0.307 |    0.665 | 
     | U3980                            | A2 v -> ZN ^ | NAND2_X2  | 0.097 |   0.405 |    0.762 | 
     | U4031                            | A2 ^ -> ZN v | OAI22_X1  | 0.057 |   0.462 |    0.819 | 
     | U1769                            | A2 v -> ZN v | OR2_X1    | 0.065 |   0.527 |    0.884 | 
     | U4037                            | A1 v -> ZN ^ | NOR2_X1   | 0.042 |   0.569 |    0.926 | 
     | U4049                            | A1 ^ -> ZN v | NAND2_X1  | 0.017 |   0.586 |    0.943 | 
     | U4069                            | A1 v -> ZN ^ | NOR2_X1   | 0.054 |   0.639 |    0.997 | 
     | U4396                            | A ^ -> ZN v  | INV_X1    | 0.057 |   0.696 |    1.054 | 
     | U1891                            | A2 v -> ZN v | OR2_X1    | 0.061 |   0.758 |    1.115 | 
     | U1890                            | A v -> ZN v  | XNOR2_X1  | 0.039 |   0.796 |    1.153 | 
     | U2703                            | B2 v -> ZN ^ | OAI21_X1  | 0.078 |   0.874 |    1.232 | 
     | U1816                            | A ^ -> ZN ^  | XNOR2_X1  | 0.062 |   0.937 |    1.294 | 
     | U4469                            | A ^ -> S v   | FA_X1     | 0.108 |   1.045 |    1.402 | 
     | U1809                            | A v -> Z v   | XOR2_X1   | 0.057 |   1.101 |    1.459 | 
     | U1810                            | B v -> Z v   | XOR2_X1   | 0.062 |   1.164 |    1.521 | 
     | U4918                            | A v -> CO v  | FA_X1     | 0.079 |   1.243 |    1.600 | 
     | U4906                            | CI v -> CO v | FA_X1     | 0.075 |   1.317 |    1.675 | 
     | U4905                            | B v -> CO v  | FA_X1     | 0.082 |   1.399 |    1.757 | 
     | U4923                            | CI v -> CO v | FA_X1     | 0.079 |   1.479 |    1.836 | 
     | U4902                            | B v -> CO v  | FA_X1     | 0.083 |   1.562 |    1.919 | 
     | U4900                            | CI v -> S ^  | FA_X1     | 0.116 |   1.677 |    2.035 | 
     | U4901                            | CI ^ -> S v  | FA_X1     | 0.094 |   1.771 |    2.128 | 
     | U5908                            | A1 v -> ZN ^ | NAND2_X1  | 0.026 |   1.797 |    2.155 | 
     | U5910                            | B2 ^ -> ZN v | OAI21_X1  | 0.019 |   1.816 |    2.173 | 
     | U5911                            | A v -> ZN ^  | AOI21_X1  | 0.055 |   1.871 |    2.228 | 
     | U5916                            | B1 ^ -> ZN v | OAI21_X1  | 0.025 |   1.897 |    2.254 | 
     | U5920                            | B1 v -> ZN ^ | AOI21_X1  | 0.038 |   1.935 |    2.292 | 
     | U5948                            | B1 ^ -> ZN v | OAI21_X1  | 0.030 |   1.964 |    2.321 | 
     | U5964                            | B2 v -> ZN ^ | AOI21_X1  | 0.121 |   2.085 |    2.443 | 
     | U6195                            | B1 ^ -> ZN v | OAI21_X1  | 0.026 |   2.111 |    2.468 | 
     | U6197                            | A v -> ZN v  | XNOR2_X1  | 0.048 |   2.159 |    2.516 | 
     | U6402                            | A1 v -> ZN ^ | NAND2_X1  | 0.017 |   2.175 |    2.533 | 
     | U6703                            | A1 ^ -> ZN v | NAND2_X1  | 0.013 |   2.189 |    2.546 | 
     | p_reg_Y_temp_reg_63_             | D v          | DFF_X1    | 0.000 |   2.189 |    2.546 | 
     +------------------------------------------------------------------------------------------+ 
Path 4: MET Setup Check with Pin p_reg_Y_temp_reg_60_/CK 
Endpoint:   p_reg_Y_temp_reg_60_/D (v) checked with  leading edge of 'CLK'
Beginpoint: B_reg_Y_temp_reg_1_/QN (^) triggered by  leading edge of 'CLK'
Path Groups: {CLK}
Analysis View: default
Other End Arrival Time          0.066
- Setup                         0.025
+ Phase Shift                   2.555
+ CPPR Adjustment               0.000
- Uncertainty                   0.050
= Required Time                 2.546
- Arrival Time                  2.188
= Slack Time                    0.358
     Clock Rise Edge                 0.000
     + Clock Network Latency (Prop)  0.047
     = Beginpoint Arrival Time       0.047
     +------------------------------------------------------------------------------------------+ 
     |             Instance             |     Arc      |   Cell    | Delay | Arrival | Required | 
     |                                  |              |           |       |  Time   |   Time   | 
     |----------------------------------+--------------+-----------+-------+---------+----------| 
     | B_reg_Y_temp_reg_1_              | CK ^         |           |       |   0.047 |    0.405 | 
     | B_reg_Y_temp_reg_1_              | CK ^ -> QN ^ | DFF_X1    | 0.083 |   0.130 |    0.488 | 
     | FE_OFC0_DP_OP_213J91_122_2655_I3 | A ^ -> Z ^   | CLKBUF_X2 | 0.133 |   0.264 |    0.621 | 
     | U1853                            | A2 ^ -> ZN v | NAND2_X1  | 0.044 |   0.307 |    0.665 | 
     | U3980                            | A2 v -> ZN ^ | NAND2_X2  | 0.097 |   0.405 |    0.762 | 
     | U4031                            | A2 ^ -> ZN v | OAI22_X1  | 0.057 |   0.462 |    0.819 | 
     | U1769                            | A2 v -> ZN v | OR2_X1    | 0.065 |   0.527 |    0.884 | 
     | U4037                            | A1 v -> ZN ^ | NOR2_X1   | 0.042 |   0.569 |    0.926 | 
     | U4049                            | A1 ^ -> ZN v | NAND2_X1  | 0.017 |   0.586 |    0.943 | 
     | U4069                            | A1 v -> ZN ^ | NOR2_X1   | 0.054 |   0.639 |    0.997 | 
     | U4396                            | A ^ -> ZN v  | INV_X1    | 0.057 |   0.696 |    1.054 | 
     | U1891                            | A2 v -> ZN v | OR2_X1    | 0.061 |   0.758 |    1.115 | 
     | U1890                            | A v -> ZN v  | XNOR2_X1  | 0.039 |   0.796 |    1.154 | 
     | U2703                            | B2 v -> ZN ^ | OAI21_X1  | 0.078 |   0.874 |    1.232 | 
     | U1816                            | A ^ -> ZN ^  | XNOR2_X1  | 0.062 |   0.937 |    1.295 | 
     | U4469                            | A ^ -> S v   | FA_X1     | 0.108 |   1.045 |    1.402 | 
     | U1809                            | A v -> Z v   | XOR2_X1   | 0.057 |   1.101 |    1.459 | 
     | U1810                            | B v -> Z v   | XOR2_X1   | 0.062 |   1.164 |    1.521 | 
     | U4918                            | A v -> CO v  | FA_X1     | 0.079 |   1.243 |    1.600 | 
     | U4906                            | CI v -> CO v | FA_X1     | 0.075 |   1.317 |    1.675 | 
     | U4905                            | B v -> CO v  | FA_X1     | 0.082 |   1.399 |    1.757 | 
     | U4923                            | CI v -> CO v | FA_X1     | 0.079 |   1.479 |    1.836 | 
     | U4902                            | B v -> CO v  | FA_X1     | 0.083 |   1.562 |    1.919 | 
     | U4900                            | CI v -> S ^  | FA_X1     | 0.116 |   1.677 |    2.035 | 
     | U4901                            | CI ^ -> S v  | FA_X1     | 0.094 |   1.771 |    2.129 | 
     | U5908                            | A1 v -> ZN ^ | NAND2_X1  | 0.026 |   1.797 |    2.155 | 
     | U5910                            | B2 ^ -> ZN v | OAI21_X1  | 0.019 |   1.816 |    2.174 | 
     | U5911                            | A v -> ZN ^  | AOI21_X1  | 0.055 |   1.871 |    2.229 | 
     | U5916                            | B1 ^ -> ZN v | OAI21_X1  | 0.025 |   1.897 |    2.254 | 
     | U5920                            | B1 v -> ZN ^ | AOI21_X1  | 0.038 |   1.935 |    2.292 | 
     | U5948                            | B1 ^ -> ZN v | OAI21_X1  | 0.030 |   1.964 |    2.322 | 
     | U5964                            | B2 v -> ZN ^ | AOI21_X1  | 0.121 |   2.085 |    2.443 | 
     | U6167                            | B1 ^ -> ZN v | OAI21_X1  | 0.024 |   2.110 |    2.467 | 
     | U6169                            | A v -> ZN v  | XNOR2_X1  | 0.048 |   2.158 |    2.516 | 
     | U6400                            | A1 v -> ZN ^ | NAND2_X1  | 0.017 |   2.175 |    2.532 | 
     | U6700                            | A1 ^ -> ZN v | NAND2_X1  | 0.014 |   2.188 |    2.546 | 
     | p_reg_Y_temp_reg_60_             | D v          | DFF_X1    | 0.000 |   2.188 |    2.546 | 
     +------------------------------------------------------------------------------------------+ 
Path 5: MET Setup Check with Pin p_reg_Y_temp_reg_59_/CK 
Endpoint:   p_reg_Y_temp_reg_59_/D (v) checked with  leading edge of 'CLK'
Beginpoint: B_reg_Y_temp_reg_1_/QN (^) triggered by  leading edge of 'CLK'
Path Groups: {CLK}
Analysis View: default
Other End Arrival Time          0.066
- Setup                         0.025
+ Phase Shift                   2.555
+ CPPR Adjustment               0.000
- Uncertainty                   0.050
= Required Time                 2.546
- Arrival Time                  2.186
= Slack Time                    0.361
     Clock Rise Edge                 0.000
     + Clock Network Latency (Prop)  0.047
     = Beginpoint Arrival Time       0.047
     +------------------------------------------------------------------------------------------+ 
     |             Instance             |     Arc      |   Cell    | Delay | Arrival | Required | 
     |                                  |              |           |       |  Time   |   Time   | 
     |----------------------------------+--------------+-----------+-------+---------+----------| 
     | B_reg_Y_temp_reg_1_              | CK ^         |           |       |   0.047 |    0.408 | 
     | B_reg_Y_temp_reg_1_              | CK ^ -> QN ^ | DFF_X1    | 0.083 |   0.130 |    0.491 | 
     | FE_OFC0_DP_OP_213J91_122_2655_I3 | A ^ -> Z ^   | CLKBUF_X2 | 0.133 |   0.264 |    0.624 | 
     | U1853                            | A2 ^ -> ZN v | NAND2_X1  | 0.044 |   0.307 |    0.668 | 
     | U3980                            | A2 v -> ZN ^ | NAND2_X2  | 0.097 |   0.405 |    0.765 | 
     | U4031                            | A2 ^ -> ZN v | OAI22_X1  | 0.057 |   0.462 |    0.822 | 
     | U1769                            | A2 v -> ZN v | OR2_X1    | 0.065 |   0.527 |    0.887 | 
     | U4037                            | A1 v -> ZN ^ | NOR2_X1   | 0.042 |   0.569 |    0.929 | 
     | U4049                            | A1 ^ -> ZN v | NAND2_X1  | 0.017 |   0.586 |    0.946 | 
     | U4069                            | A1 v -> ZN ^ | NOR2_X1   | 0.054 |   0.639 |    1.000 | 
     | U4396                            | A ^ -> ZN v  | INV_X1    | 0.057 |   0.696 |    1.057 | 
     | U1891                            | A2 v -> ZN v | OR2_X1    | 0.061 |   0.758 |    1.118 | 
     | U1890                            | A v -> ZN v  | XNOR2_X1  | 0.039 |   0.796 |    1.157 | 
     | U2703                            | B2 v -> ZN ^ | OAI21_X1  | 0.078 |   0.874 |    1.235 | 
     | U1816                            | A ^ -> ZN ^  | XNOR2_X1  | 0.062 |   0.937 |    1.297 | 
     | U4469                            | A ^ -> S v   | FA_X1     | 0.108 |   1.045 |    1.405 | 
     | U1809                            | A v -> Z v   | XOR2_X1   | 0.057 |   1.101 |    1.462 | 
     | U1810                            | B v -> Z v   | XOR2_X1   | 0.062 |   1.164 |    1.524 | 
     | U4918                            | A v -> CO v  | FA_X1     | 0.079 |   1.243 |    1.603 | 
     | U4906                            | CI v -> CO v | FA_X1     | 0.075 |   1.317 |    1.678 | 
     | U4905                            | B v -> CO v  | FA_X1     | 0.082 |   1.399 |    1.760 | 
     | U4923                            | CI v -> CO v | FA_X1     | 0.079 |   1.479 |    1.839 | 
     | U4902                            | B v -> CO v  | FA_X1     | 0.083 |   1.562 |    1.922 | 
     | U4900                            | CI v -> S ^  | FA_X1     | 0.116 |   1.677 |    2.038 | 
     | U4901                            | CI ^ -> S v  | FA_X1     | 0.094 |   1.771 |    2.132 | 
     | U5908                            | A1 v -> ZN ^ | NAND2_X1  | 0.026 |   1.797 |    2.158 | 
     | U5910                            | B2 ^ -> ZN v | OAI21_X1  | 0.019 |   1.816 |    2.176 | 
     | U5911                            | A v -> ZN ^  | AOI21_X1  | 0.055 |   1.871 |    2.232 | 
     | U5916                            | B1 ^ -> ZN v | OAI21_X1  | 0.025 |   1.897 |    2.257 | 
     | U5920                            | B1 v -> ZN ^ | AOI21_X1  | 0.038 |   1.935 |    2.295 | 
     | U5948                            | B1 ^ -> ZN v | OAI21_X1  | 0.030 |   1.964 |    2.325 | 
     | U5964                            | B2 v -> ZN ^ | AOI21_X1  | 0.121 |   2.085 |    2.446 | 
     | U6170                            | B1 ^ -> ZN v | OAI21_X1  | 0.025 |   2.110 |    2.471 | 
     | U6172                            | A v -> ZN v  | XNOR2_X1  | 0.047 |   2.157 |    2.517 | 
     | U6401                            | A1 v -> ZN ^ | NAND2_X1  | 0.015 |   2.172 |    2.533 | 
     | U6699                            | A1 ^ -> ZN v | NAND2_X1  | 0.013 |   2.186 |    2.546 | 
     | p_reg_Y_temp_reg_59_             | D v          | DFF_X1    | 0.000 |   2.186 |    2.546 | 
     +------------------------------------------------------------------------------------------+ 
Path 6: MET Setup Check with Pin p_reg_Y_temp_reg_58_/CK 
Endpoint:   p_reg_Y_temp_reg_58_/D (v) checked with  leading edge of 'CLK'
Beginpoint: B_reg_Y_temp_reg_1_/QN (^) triggered by  leading edge of 'CLK'
Path Groups: {CLK}
Analysis View: default
Other End Arrival Time          0.066
- Setup                         0.025
+ Phase Shift                   2.555
+ CPPR Adjustment               0.000
- Uncertainty                   0.050
= Required Time                 2.546
- Arrival Time                  2.185
= Slack Time                    0.362
     Clock Rise Edge                 0.000
     + Clock Network Latency (Prop)  0.047
     = Beginpoint Arrival Time       0.047
     +------------------------------------------------------------------------------------------+ 
     |             Instance             |     Arc      |   Cell    | Delay | Arrival | Required | 
     |                                  |              |           |       |  Time   |   Time   | 
     |----------------------------------+--------------+-----------+-------+---------+----------| 
     | B_reg_Y_temp_reg_1_              | CK ^         |           |       |   0.047 |    0.409 | 
     | B_reg_Y_temp_reg_1_              | CK ^ -> QN ^ | DFF_X1    | 0.083 |   0.130 |    0.492 | 
     | FE_OFC0_DP_OP_213J91_122_2655_I3 | A ^ -> Z ^   | CLKBUF_X2 | 0.133 |   0.264 |    0.625 | 
     | U1853                            | A2 ^ -> ZN v | NAND2_X1  | 0.044 |   0.307 |    0.669 | 
     | U3980                            | A2 v -> ZN ^ | NAND2_X2  | 0.097 |   0.405 |    0.766 | 
     | U4031                            | A2 ^ -> ZN v | OAI22_X1  | 0.057 |   0.462 |    0.823 | 
     | U1769                            | A2 v -> ZN v | OR2_X1    | 0.065 |   0.527 |    0.888 | 
     | U4037                            | A1 v -> ZN ^ | NOR2_X1   | 0.042 |   0.569 |    0.930 | 
     | U4049                            | A1 ^ -> ZN v | NAND2_X1  | 0.017 |   0.586 |    0.947 | 
     | U4069                            | A1 v -> ZN ^ | NOR2_X1   | 0.054 |   0.639 |    1.001 | 
     | U4396                            | A ^ -> ZN v  | INV_X1    | 0.057 |   0.696 |    1.058 | 
     | U1891                            | A2 v -> ZN v | OR2_X1    | 0.061 |   0.758 |    1.119 | 
     | U1890                            | A v -> ZN v  | XNOR2_X1  | 0.039 |   0.796 |    1.158 | 
     | U2703                            | B2 v -> ZN ^ | OAI21_X1  | 0.078 |   0.874 |    1.236 | 
     | U1816                            | A ^ -> ZN ^  | XNOR2_X1  | 0.062 |   0.937 |    1.298 | 
     | U4469                            | A ^ -> S v   | FA_X1     | 0.108 |   1.045 |    1.406 | 
     | U1809                            | A v -> Z v   | XOR2_X1   | 0.057 |   1.101 |    1.463 | 
     | U1810                            | B v -> Z v   | XOR2_X1   | 0.062 |   1.164 |    1.525 | 
     | U4918                            | A v -> CO v  | FA_X1     | 0.079 |   1.243 |    1.604 | 
     | U4906                            | CI v -> CO v | FA_X1     | 0.075 |   1.317 |    1.679 | 
     | U4905                            | B v -> CO v  | FA_X1     | 0.082 |   1.399 |    1.761 | 
     | U4923                            | CI v -> CO v | FA_X1     | 0.079 |   1.479 |    1.840 | 
     | U4902                            | B v -> CO v  | FA_X1     | 0.083 |   1.562 |    1.923 | 
     | U4900                            | CI v -> S ^  | FA_X1     | 0.116 |   1.677 |    2.039 | 
     | U4901                            | CI ^ -> S v  | FA_X1     | 0.094 |   1.771 |    2.133 | 
     | U5908                            | A1 v -> ZN ^ | NAND2_X1  | 0.026 |   1.797 |    2.159 | 
     | U5910                            | B2 ^ -> ZN v | OAI21_X1  | 0.019 |   1.816 |    2.177 | 
     | U5911                            | A v -> ZN ^  | AOI21_X1  | 0.055 |   1.871 |    2.233 | 
     | U5916                            | B1 ^ -> ZN v | OAI21_X1  | 0.025 |   1.897 |    2.258 | 
     | U5920                            | B1 v -> ZN ^ | AOI21_X1  | 0.038 |   1.935 |    2.296 | 
     | U5948                            | B1 ^ -> ZN v | OAI21_X1  | 0.030 |   1.964 |    2.326 | 
     | U5964                            | B2 v -> ZN ^ | AOI21_X1  | 0.121 |   2.085 |    2.447 | 
     | U6176                            | B1 ^ -> ZN v | OAI21_X1  | 0.025 |   2.110 |    2.472 | 
     | U6179                            | A v -> ZN v  | XNOR2_X1  | 0.046 |   2.157 |    2.518 | 
     | U6395                            | A1 v -> ZN ^ | NAND2_X1  | 0.015 |   2.171 |    2.533 | 
     | U6698                            | A1 ^ -> ZN v | NAND2_X1  | 0.013 |   2.185 |    2.546 | 
     | p_reg_Y_temp_reg_58_             | D v          | DFF_X1    | 0.000 |   2.185 |    2.546 | 
     +------------------------------------------------------------------------------------------+ 
Path 7: MET Setup Check with Pin p_reg_Y_temp_reg_56_/CK 
Endpoint:   p_reg_Y_temp_reg_56_/D (v) checked with  leading edge of 'CLK'
Beginpoint: B_reg_Y_temp_reg_1_/QN (^) triggered by  leading edge of 'CLK'
Path Groups: {CLK}
Analysis View: default
Other End Arrival Time          0.066
- Setup                         0.025
+ Phase Shift                   2.555
+ CPPR Adjustment               0.000
- Uncertainty                   0.050
= Required Time                 2.546
- Arrival Time                  2.184
= Slack Time                    0.362
     Clock Rise Edge                 0.000
     + Clock Network Latency (Prop)  0.047
     = Beginpoint Arrival Time       0.047
     +------------------------------------------------------------------------------------------+ 
     |             Instance             |     Arc      |   Cell    | Delay | Arrival | Required | 
     |                                  |              |           |       |  Time   |   Time   | 
     |----------------------------------+--------------+-----------+-------+---------+----------| 
     | B_reg_Y_temp_reg_1_              | CK ^         |           |       |   0.047 |    0.409 | 
     | B_reg_Y_temp_reg_1_              | CK ^ -> QN ^ | DFF_X1    | 0.083 |   0.130 |    0.492 | 
     | FE_OFC0_DP_OP_213J91_122_2655_I3 | A ^ -> Z ^   | CLKBUF_X2 | 0.133 |   0.264 |    0.626 | 
     | U1853                            | A2 ^ -> ZN v | NAND2_X1  | 0.044 |   0.307 |    0.669 | 
     | U3980                            | A2 v -> ZN ^ | NAND2_X2  | 0.097 |   0.405 |    0.767 | 
     | U4031                            | A2 ^ -> ZN v | OAI22_X1  | 0.057 |   0.462 |    0.824 | 
     | U1769                            | A2 v -> ZN v | OR2_X1    | 0.065 |   0.527 |    0.889 | 
     | U4037                            | A1 v -> ZN ^ | NOR2_X1   | 0.042 |   0.569 |    0.931 | 
     | U4049                            | A1 ^ -> ZN v | NAND2_X1  | 0.017 |   0.586 |    0.948 | 
     | U4069                            | A1 v -> ZN ^ | NOR2_X1   | 0.054 |   0.639 |    1.001 | 
     | U4396                            | A ^ -> ZN v  | INV_X1    | 0.057 |   0.696 |    1.058 | 
     | U1891                            | A2 v -> ZN v | OR2_X1    | 0.061 |   0.758 |    1.120 | 
     | U1890                            | A v -> ZN v  | XNOR2_X1  | 0.039 |   0.796 |    1.158 | 
     | U2703                            | B2 v -> ZN ^ | OAI21_X1  | 0.078 |   0.874 |    1.236 | 
     | U1816                            | A ^ -> ZN ^  | XNOR2_X1  | 0.062 |   0.937 |    1.299 | 
     | U4469                            | A ^ -> S v   | FA_X1     | 0.108 |   1.045 |    1.407 | 
     | U1809                            | A v -> Z v   | XOR2_X1   | 0.057 |   1.101 |    1.463 | 
     | U1810                            | B v -> Z v   | XOR2_X1   | 0.062 |   1.164 |    1.526 | 
     | U4918                            | A v -> CO v  | FA_X1     | 0.079 |   1.243 |    1.605 | 
     | U4906                            | CI v -> CO v | FA_X1     | 0.075 |   1.317 |    1.679 | 
     | U4905                            | B v -> CO v  | FA_X1     | 0.082 |   1.399 |    1.761 | 
     | U4923                            | CI v -> CO v | FA_X1     | 0.079 |   1.479 |    1.841 | 
     | U4902                            | B v -> CO v  | FA_X1     | 0.083 |   1.562 |    1.924 | 
     | U4900                            | CI v -> S ^  | FA_X1     | 0.116 |   1.677 |    2.039 | 
     | U4901                            | CI ^ -> S v  | FA_X1     | 0.094 |   1.771 |    2.133 | 
     | U5908                            | A1 v -> ZN ^ | NAND2_X1  | 0.026 |   1.797 |    2.159 | 
     | U5910                            | B2 ^ -> ZN v | OAI21_X1  | 0.019 |   1.816 |    2.178 | 
     | U5911                            | A v -> ZN ^  | AOI21_X1  | 0.055 |   1.871 |    2.233 | 
     | U5916                            | B1 ^ -> ZN v | OAI21_X1  | 0.025 |   1.897 |    2.259 | 
     | U5920                            | B1 v -> ZN ^ | AOI21_X1  | 0.038 |   1.935 |    2.297 | 
     | U5948                            | B1 ^ -> ZN v | OAI21_X1  | 0.030 |   1.964 |    2.326 | 
     | U5964                            | B2 v -> ZN ^ | AOI21_X1  | 0.121 |   2.085 |    2.447 | 
     | U6185                            | B1 ^ -> ZN v | OAI21_X1  | 0.024 |   2.110 |    2.472 | 
     | U6188                            | A v -> ZN v  | XNOR2_X1  | 0.046 |   2.156 |    2.518 | 
     | U6396                            | A1 v -> ZN ^ | NAND2_X1  | 0.015 |   2.171 |    2.533 | 
     | U6696                            | A1 ^ -> ZN v | NAND2_X1  | 0.013 |   2.184 |    2.546 | 
     | p_reg_Y_temp_reg_56_             | D v          | DFF_X1    | 0.000 |   2.184 |    2.546 | 
     +------------------------------------------------------------------------------------------+ 
Path 8: MET Setup Check with Pin p_reg_Y_temp_reg_57_/CK 
Endpoint:   p_reg_Y_temp_reg_57_/D (v) checked with  leading edge of 'CLK'
Beginpoint: B_reg_Y_temp_reg_1_/QN (^) triggered by  leading edge of 'CLK'
Path Groups: {CLK}
Analysis View: default
Other End Arrival Time          0.066
- Setup                         0.025
+ Phase Shift                   2.555
+ CPPR Adjustment               0.000
- Uncertainty                   0.050
= Required Time                 2.546
- Arrival Time                  2.184
= Slack Time                    0.363
     Clock Rise Edge                 0.000
     + Clock Network Latency (Prop)  0.047
     = Beginpoint Arrival Time       0.047
     +------------------------------------------------------------------------------------------+ 
     |             Instance             |     Arc      |   Cell    | Delay | Arrival | Required | 
     |                                  |              |           |       |  Time   |   Time   | 
     |----------------------------------+--------------+-----------+-------+---------+----------| 
     | B_reg_Y_temp_reg_1_              | CK ^         |           |       |   0.047 |    0.410 | 
     | B_reg_Y_temp_reg_1_              | CK ^ -> QN ^ | DFF_X1    | 0.083 |   0.130 |    0.493 | 
     | FE_OFC0_DP_OP_213J91_122_2655_I3 | A ^ -> Z ^   | CLKBUF_X2 | 0.133 |   0.264 |    0.626 | 
     | U1853                            | A2 ^ -> ZN v | NAND2_X1  | 0.044 |   0.307 |    0.670 | 
     | U3980                            | A2 v -> ZN ^ | NAND2_X2  | 0.097 |   0.405 |    0.767 | 
     | U4031                            | A2 ^ -> ZN v | OAI22_X1  | 0.057 |   0.462 |    0.824 | 
     | U1769                            | A2 v -> ZN v | OR2_X1    | 0.065 |   0.527 |    0.889 | 
     | U4037                            | A1 v -> ZN ^ | NOR2_X1   | 0.042 |   0.569 |    0.931 | 
     | U4049                            | A1 ^ -> ZN v | NAND2_X1  | 0.017 |   0.586 |    0.948 | 
     | U4069                            | A1 v -> ZN ^ | NOR2_X1   | 0.054 |   0.639 |    1.002 | 
     | U4396                            | A ^ -> ZN v  | INV_X1    | 0.057 |   0.696 |    1.059 | 
     | U1891                            | A2 v -> ZN v | OR2_X1    | 0.061 |   0.758 |    1.120 | 
     | U1890                            | A v -> ZN v  | XNOR2_X1  | 0.039 |   0.796 |    1.159 | 
     | U2703                            | B2 v -> ZN ^ | OAI21_X1  | 0.078 |   0.874 |    1.237 | 
     | U1816                            | A ^ -> ZN ^  | XNOR2_X1  | 0.062 |   0.937 |    1.300 | 
     | U4469                            | A ^ -> S v   | FA_X1     | 0.108 |   1.045 |    1.407 | 
     | U1809                            | A v -> Z v   | XOR2_X1   | 0.057 |   1.101 |    1.464 | 
     | U1810                            | B v -> Z v   | XOR2_X1   | 0.062 |   1.164 |    1.526 | 
     | U4918                            | A v -> CO v  | FA_X1     | 0.079 |   1.243 |    1.605 | 
     | U4906                            | CI v -> CO v | FA_X1     | 0.075 |   1.317 |    1.680 | 
     | U4905                            | B v -> CO v  | FA_X1     | 0.082 |   1.399 |    1.762 | 
     | U4923                            | CI v -> CO v | FA_X1     | 0.079 |   1.479 |    1.841 | 
     | U4902                            | B v -> CO v  | FA_X1     | 0.083 |   1.562 |    1.924 | 
     | U4900                            | CI v -> S ^  | FA_X1     | 0.116 |   1.677 |    2.040 | 
     | U4901                            | CI ^ -> S v  | FA_X1     | 0.094 |   1.771 |    2.134 | 
     | U5908                            | A1 v -> ZN ^ | NAND2_X1  | 0.026 |   1.797 |    2.160 | 
     | U5910                            | B2 ^ -> ZN v | OAI21_X1  | 0.019 |   1.816 |    2.179 | 
     | U5911                            | A v -> ZN ^  | AOI21_X1  | 0.055 |   1.871 |    2.234 | 
     | U5916                            | B1 ^ -> ZN v | OAI21_X1  | 0.025 |   1.897 |    2.259 | 
     | U5920                            | B1 v -> ZN ^ | AOI21_X1  | 0.038 |   1.935 |    2.297 | 
     | U5948                            | B1 ^ -> ZN v | OAI21_X1  | 0.030 |   1.964 |    2.327 | 
     | U5964                            | B2 v -> ZN ^ | AOI21_X1  | 0.121 |   2.085 |    2.448 | 
     | U6182                            | B1 ^ -> ZN v | OAI21_X1  | 0.024 |   2.110 |    2.472 | 
     | U6184                            | A v -> ZN v  | XNOR2_X1  | 0.045 |   2.155 |    2.518 | 
     | U6397                            | A1 v -> ZN ^ | NAND2_X1  | 0.015 |   2.170 |    2.533 | 
     | U6697                            | A1 ^ -> ZN v | NAND2_X1  | 0.013 |   2.184 |    2.546 | 
     | p_reg_Y_temp_reg_57_             | D v          | DFF_X1    | 0.000 |   2.184 |    2.546 | 
     +------------------------------------------------------------------------------------------+ 
Path 9: MET Setup Check with Pin p_reg_Y_temp_reg_55_/CK 
Endpoint:   p_reg_Y_temp_reg_55_/D (v) checked with  leading edge of 'CLK'
Beginpoint: B_reg_Y_temp_reg_1_/QN (^) triggered by  leading edge of 'CLK'
Path Groups: {CLK}
Analysis View: default
Other End Arrival Time          0.066
- Setup                         0.024
+ Phase Shift                   2.555
+ CPPR Adjustment               0.000
- Uncertainty                   0.050
= Required Time                 2.547
- Arrival Time                  2.178
= Slack Time                    0.368
     Clock Rise Edge                 0.000
     + Clock Network Latency (Prop)  0.047
     = Beginpoint Arrival Time       0.047
     +------------------------------------------------------------------------------------------+ 
     |             Instance             |     Arc      |   Cell    | Delay | Arrival | Required | 
     |                                  |              |           |       |  Time   |   Time   | 
     |----------------------------------+--------------+-----------+-------+---------+----------| 
     | B_reg_Y_temp_reg_1_              | CK ^         |           |       |   0.047 |    0.416 | 
     | B_reg_Y_temp_reg_1_              | CK ^ -> QN ^ | DFF_X1    | 0.083 |   0.130 |    0.499 | 
     | FE_OFC0_DP_OP_213J91_122_2655_I3 | A ^ -> Z ^   | CLKBUF_X2 | 0.133 |   0.264 |    0.632 | 
     | U1853                            | A2 ^ -> ZN v | NAND2_X1  | 0.044 |   0.307 |    0.676 | 
     | U3980                            | A2 v -> ZN ^ | NAND2_X2  | 0.097 |   0.405 |    0.773 | 
     | U4031                            | A2 ^ -> ZN v | OAI22_X1  | 0.057 |   0.462 |    0.830 | 
     | U1769                            | A2 v -> ZN v | OR2_X1    | 0.065 |   0.527 |    0.895 | 
     | U4037                            | A1 v -> ZN ^ | NOR2_X1   | 0.042 |   0.569 |    0.937 | 
     | U4049                            | A1 ^ -> ZN v | NAND2_X1  | 0.017 |   0.586 |    0.954 | 
     | U4069                            | A1 v -> ZN ^ | NOR2_X1   | 0.054 |   0.639 |    1.008 | 
     | U4396                            | A ^ -> ZN v  | INV_X1    | 0.057 |   0.696 |    1.065 | 
     | U1891                            | A2 v -> ZN v | OR2_X1    | 0.061 |   0.758 |    1.126 | 
     | U1890                            | A v -> ZN v  | XNOR2_X1  | 0.039 |   0.796 |    1.165 | 
     | U2703                            | B2 v -> ZN ^ | OAI21_X1  | 0.078 |   0.874 |    1.243 | 
     | U1816                            | A ^ -> ZN ^  | XNOR2_X1  | 0.062 |   0.937 |    1.305 | 
     | U4469                            | A ^ -> S v   | FA_X1     | 0.108 |   1.045 |    1.413 | 
     | U1809                            | A v -> Z v   | XOR2_X1   | 0.057 |   1.101 |    1.470 | 
     | U1810                            | B v -> Z v   | XOR2_X1   | 0.062 |   1.164 |    1.532 | 
     | U4918                            | A v -> CO v  | FA_X1     | 0.079 |   1.243 |    1.611 | 
     | U4906                            | CI v -> CO v | FA_X1     | 0.075 |   1.317 |    1.686 | 
     | U4905                            | B v -> CO v  | FA_X1     | 0.082 |   1.399 |    1.768 | 
     | U4923                            | CI v -> CO v | FA_X1     | 0.079 |   1.479 |    1.847 | 
     | U4902                            | B v -> CO v  | FA_X1     | 0.083 |   1.562 |    1.930 | 
     | U4900                            | CI v -> S ^  | FA_X1     | 0.116 |   1.677 |    2.046 | 
     | U4901                            | CI ^ -> S v  | FA_X1     | 0.094 |   1.771 |    2.139 | 
     | U5908                            | A1 v -> ZN ^ | NAND2_X1  | 0.026 |   1.797 |    2.166 | 
     | U5910                            | B2 ^ -> ZN v | OAI21_X1  | 0.019 |   1.816 |    2.184 | 
     | U5911                            | A v -> ZN ^  | AOI21_X1  | 0.055 |   1.871 |    2.240 | 
     | U5916                            | B1 ^ -> ZN v | OAI21_X1  | 0.025 |   1.897 |    2.265 | 
     | U5920                            | B1 v -> ZN ^ | AOI21_X1  | 0.038 |   1.935 |    2.303 | 
     | U5948                            | B1 ^ -> ZN v | OAI21_X1  | 0.030 |   1.964 |    2.332 | 
     | U5964                            | B2 v -> ZN ^ | AOI21_X1  | 0.121 |   2.085 |    2.454 | 
     | U2750                            | A ^ -> ZN ^  | XNOR2_X1  | 0.055 |   2.141 |    2.509 | 
     | U6694                            | A1 ^ -> ZN ^ | OR2_X1    | 0.026 |   2.167 |    2.535 | 
     | U6695                            | A1 ^ -> ZN v | NAND2_X1  | 0.011 |   2.178 |    2.547 | 
     | p_reg_Y_temp_reg_55_             | D v          | DFF_X1    | 0.000 |   2.178 |    2.547 | 
     +------------------------------------------------------------------------------------------+ 
Path 10: MET Setup Check with Pin p_reg_Y_temp_reg_54_/CK 
Endpoint:   p_reg_Y_temp_reg_54_/D (^) checked with  leading edge of 'CLK'
Beginpoint: B_reg_Y_temp_reg_1_/QN (^) triggered by  leading edge of 'CLK'
Path Groups: {CLK}
Analysis View: default
Other End Arrival Time          0.066
- Setup                         0.026
+ Phase Shift                   2.555
+ CPPR Adjustment               0.000
- Uncertainty                   0.050
= Required Time                 2.544
- Arrival Time                  2.110
= Slack Time                    0.434
     Clock Rise Edge                 0.000
     + Clock Network Latency (Prop)  0.047
     = Beginpoint Arrival Time       0.047
     +------------------------------------------------------------------------------------------+ 
     |             Instance             |     Arc      |   Cell    | Delay | Arrival | Required | 
     |                                  |              |           |       |  Time   |   Time   | 
     |----------------------------------+--------------+-----------+-------+---------+----------| 
     | B_reg_Y_temp_reg_1_              | CK ^         |           |       |   0.047 |    0.482 | 
     | B_reg_Y_temp_reg_1_              | CK ^ -> QN ^ | DFF_X1    | 0.083 |   0.130 |    0.565 | 
     | FE_OFC0_DP_OP_213J91_122_2655_I3 | A ^ -> Z ^   | CLKBUF_X2 | 0.133 |   0.264 |    0.698 | 
     | U1853                            | A2 ^ -> ZN v | NAND2_X1  | 0.044 |   0.307 |    0.742 | 
     | U3980                            | A2 v -> ZN ^ | NAND2_X2  | 0.097 |   0.405 |    0.839 | 
     | U4031                            | A2 ^ -> ZN v | OAI22_X1  | 0.057 |   0.462 |    0.896 | 
     | U1769                            | A2 v -> ZN v | OR2_X1    | 0.065 |   0.527 |    0.961 | 
     | U4037                            | A1 v -> ZN ^ | NOR2_X1   | 0.042 |   0.569 |    1.003 | 
     | U4049                            | A1 ^ -> ZN v | NAND2_X1  | 0.017 |   0.586 |    1.020 | 
     | U4069                            | A1 v -> ZN ^ | NOR2_X1   | 0.054 |   0.639 |    1.074 | 
     | U4396                            | A ^ -> ZN v  | INV_X1    | 0.057 |   0.696 |    1.131 | 
     | U1891                            | A2 v -> ZN v | OR2_X1    | 0.061 |   0.758 |    1.192 | 
     | U1890                            | A v -> ZN v  | XNOR2_X1  | 0.039 |   0.796 |    1.231 | 
     | U2703                            | B2 v -> ZN ^ | OAI21_X1  | 0.078 |   0.874 |    1.309 | 
     | U1816                            | A ^ -> ZN ^  | XNOR2_X1  | 0.062 |   0.937 |    1.371 | 
     | U4469                            | A ^ -> S v   | FA_X1     | 0.108 |   1.045 |    1.479 | 
     | U1809                            | A v -> Z v   | XOR2_X1   | 0.057 |   1.101 |    1.536 | 
     | U1810                            | B v -> Z v   | XOR2_X1   | 0.062 |   1.164 |    1.598 | 
     | U4918                            | A v -> CO v  | FA_X1     | 0.079 |   1.243 |    1.677 | 
     | U4906                            | CI v -> CO v | FA_X1     | 0.075 |   1.317 |    1.752 | 
     | U4905                            | B v -> CO v  | FA_X1     | 0.082 |   1.399 |    1.834 | 
     | U4923                            | CI v -> CO v | FA_X1     | 0.079 |   1.479 |    1.913 | 
     | U4902                            | B v -> CO v  | FA_X1     | 0.083 |   1.562 |    1.996 | 
     | U4900                            | CI v -> CO v | FA_X1     | 0.074 |   1.636 |    2.070 | 
     | U4856                            | B v -> CO v  | FA_X1     | 0.082 |   1.718 |    2.152 | 
     | U5912                            | CI v -> S ^  | FA_X1     | 0.117 |   1.834 |    2.268 | 
     | U5914                            | A1 ^ -> ZN v | NOR2_X1   | 0.013 |   1.847 |    2.281 | 
     | U5916                            | B2 v -> ZN ^ | OAI21_X1  | 0.042 |   1.889 |    2.323 | 
     | U5920                            | B1 ^ -> ZN v | AOI21_X1  | 0.023 |   1.912 |    2.347 | 
     | U5948                            | B1 v -> ZN ^ | OAI21_X1  | 0.050 |   1.962 |    2.396 | 
     | U5997                            | A ^ -> ZN v  | INV_X1    | 0.035 |   1.997 |    2.432 | 
     | U6002                            | B2 v -> ZN ^ | OAI21_X1  | 0.040 |   2.038 |    2.472 | 
     | U6005                            | A ^ -> ZN ^  | XNOR2_X1  | 0.042 |   2.079 |    2.514 | 
     | U6394                            | A1 ^ -> ZN v | NAND2_X1  | 0.015 |   2.094 |    2.529 | 
     | U6693                            | A1 v -> ZN ^ | NAND2_X1  | 0.016 |   2.110 |    2.544 | 
     | p_reg_Y_temp_reg_54_             | D ^          | DFF_X1    | 0.000 |   2.110 |    2.544 | 
     +------------------------------------------------------------------------------------------+ 

