###############################################################
#  Generated by:      Cadence Innovus 23.35-s106_1
#  OS:                Linux x86_64(Host ID microsys.openstack.polito)
#  Generated on:      Sat Oct 10 21:16:19 2026
#  Design:            boothmul_registered
#  Command:           report_timing -max_paths 10 > reports/04_preCTS_setup_paths.rpt
###############################################################
Path 1: MET Setup Check with Pin p_reg_Y_temp_reg_44_/CK 
Endpoint:   p_reg_Y_temp_reg_44_/D (^) checked with  leading edge of 'CLK'
Beginpoint: B_reg_Y_temp_reg_7_/Q  (v) triggered by  leading edge of 'CLK'
Path Groups: {CLK}
Analysis View: default
Other End Arrival Time          0.050
- Setup                         0.027
+ Phase Shift                   1.778
- Uncertainty                   0.050
= Required Time                 1.751
- Arrival Time                  1.726
= Slack Time                    0.025
     Clock Rise Edge                 0.000
     + Clock Network Latency (Ideal) 0.050
     = Beginpoint Arrival Time       0.050
     +------------------------------------------------------------------------------+ 
     |       Instance       |     Arc      |   Cell    | Delay | Arrival | Required | 
     |                      |              |           |       |  Time   |   Time   | 
     |----------------------+--------------+-----------+-------+---------+----------| 
     | B_reg_Y_temp_reg_7_  | CK ^         |           |       |   0.050 |    0.075 | 
     | B_reg_Y_temp_reg_7_  | CK ^ -> Q v  | DFF_X1    | 0.134 |   0.184 |    0.209 | 
     | FE_OFC38_B_i_7       | A v -> Z v   | CLKBUF_X1 | 0.152 |   0.336 |    0.361 | 
     | U962                 | A2 v -> ZN ^ | NAND2_X1  | 0.051 |   0.387 |    0.412 | 
     | U964                 | A1 ^ -> ZN v | NAND2_X1  | 0.016 |   0.404 |    0.429 | 
     | U965                 | A v -> ZN ^  | AOI21_X1  | 0.039 |   0.443 |    0.468 | 
     | U966                 | A ^ -> ZN v  | OAI21_X1  | 0.027 |   0.469 |    0.495 | 
     | U991                 | B2 v -> ZN ^ | AOI21_X1  | 0.042 |   0.512 |    0.537 | 
     | FE_OFC55_n651        | A ^ -> Z ^   | BUF_X4    | 0.042 |   0.553 |    0.579 | 
     | U1208                | B1 ^ -> ZN v | OAI21_X1  | 0.022 |   0.575 |    0.601 | 
     | U343                 | A v -> ZN v  | XNOR2_X1  | 0.038 |   0.614 |    0.639 | 
     | FE_OFC45_n424        | A v -> Z v   | CLKBUF_X1 | 0.104 |   0.718 |    0.743 | 
     | U1611                | B1 v -> ZN ^ | OAI21_X1  | 0.059 |   0.777 |    0.802 | 
     | U1612                | A ^ -> Z ^   | XOR2_X1   | 0.070 |   0.847 |    0.872 | 
     | U303                 | A ^ -> Z ^   | XOR2_X1   | 0.058 |   0.905 |    0.930 | 
     | U302                 | B ^ -> ZN ^  | XNOR2_X1  | 0.049 |   0.954 |    0.979 | 
     | U1755                | A ^ -> S v   | FA_X1     | 0.103 |   1.057 |    1.082 | 
     | U1774                | A v -> Z v   | XOR2_X1   | 0.057 |   1.114 |    1.139 | 
     | U1775                | A v -> ZN v  | XNOR2_X1  | 0.042 |   1.156 |    1.181 | 
     | U1776                | CI v -> S ^  | FA_X1     | 0.127 |   1.282 |    1.307 | 
     | U860                 | A1 ^ -> ZN v | NOR2_X1   | 0.022 |   1.304 |    1.330 | 
     | U1801                | A2 v -> ZN ^ | NOR2_X1   | 0.037 |   1.341 |    1.366 | 
     | U1890                | A1 ^ -> ZN v | NAND2_X1  | 0.016 |   1.357 |    1.383 | 
     | U2452                | B1 v -> ZN ^ | OAI21_X1  | 0.084 |   1.441 |    1.466 | 
     | U607                 | B2 ^ -> ZN v | AOI21_X1  | 0.040 |   1.482 |    1.507 | 
     | FE_OFC8_n3003        | A v -> Z v   | CLKBUF_X1 | 0.098 |   1.580 |    1.605 | 
     | U3084                | B1 v -> ZN ^ | OAI21_X1  | 0.053 |   1.633 |    1.658 | 
     | U3085                | B ^ -> ZN ^  | XNOR2_X1  | 0.050 |   1.683 |    1.708 | 
     | U3086                | A1 ^ -> ZN v | NAND2_X1  | 0.024 |   1.707 |    1.732 | 
     | U3334                | A1 v -> ZN ^ | NAND2_X1  | 0.018 |   1.726 |    1.751 | 
     | p_reg_Y_temp_reg_44_ | D ^          | DFF_X1    | 0.000 |   1.726 |    1.751 | 
     +------------------------------------------------------------------------------+ 
Path 2: MET Setup Check with Pin p_reg_Y_temp_reg_43_/CK 
Endpoint:   p_reg_Y_temp_reg_43_/D (^) checked with  leading edge of 'CLK'
Beginpoint: B_reg_Y_temp_reg_7_/Q  (v) triggered by  leading edge of 'CLK'
Path Groups: {CLK}
Analysis View: default
Other End Arrival Time          0.050
- Setup                         0.027
+ Phase Shift                   1.778
- Uncertainty                   0.050
= Required Time                 1.751
- Arrival Time                  1.723
= Slack Time                    0.028
     Clock Rise Edge                 0.000
     + Clock Network Latency (Ideal) 0.050
     = Beginpoint Arrival Time       0.050
     +------------------------------------------------------------------------------+ 
     |       Instance       |     Arc      |   Cell    | Delay | Arrival | Required | 
     |                      |              |           |       |  Time   |   Time   | 
     |----------------------+--------------+-----------+-------+---------+----------| 
     | B_reg_Y_temp_reg_7_  | CK ^         |           |       |   0.050 |    0.078 | 
     | B_reg_Y_temp_reg_7_  | CK ^ -> Q v  | DFF_X1    | 0.134 |   0.184 |    0.212 | 
     | FE_OFC38_B_i_7       | A v -> Z v   | CLKBUF_X1 | 0.152 |   0.336 |    0.364 | 
     | U962                 | A2 v -> ZN ^ | NAND2_X1  | 0.051 |   0.387 |    0.415 | 
     | U964                 | A1 ^ -> ZN v | NAND2_X1  | 0.016 |   0.404 |    0.432 | 
     | U965                 | A v -> ZN ^  | AOI21_X1  | 0.039 |   0.443 |    0.471 | 
     | U966                 | A ^ -> ZN v  | OAI21_X1  | 0.027 |   0.469 |    0.497 | 
     | U991                 | B2 v -> ZN ^ | AOI21_X1  | 0.042 |   0.512 |    0.540 | 
     | FE_OFC55_n651        | A ^ -> Z ^   | BUF_X4    | 0.042 |   0.553 |    0.582 | 
     | U1208                | B1 ^ -> ZN v | OAI21_X1  | 0.022 |   0.575 |    0.604 | 
     | U343                 | A v -> ZN v  | XNOR2_X1  | 0.038 |   0.614 |    0.642 | 
     | FE_OFC45_n424        | A v -> Z v   | CLKBUF_X1 | 0.104 |   0.718 |    0.746 | 
     | U1611                | B1 v -> ZN ^ | OAI21_X1  | 0.059 |   0.777 |    0.805 | 
     | U1612                | A ^ -> Z ^   | XOR2_X1   | 0.070 |   0.847 |    0.875 | 
     | U303                 | A ^ -> Z ^   | XOR2_X1   | 0.058 |   0.905 |    0.933 | 
     | U302                 | B ^ -> ZN ^  | XNOR2_X1  | 0.049 |   0.954 |    0.982 | 
     | U1755                | A ^ -> S v   | FA_X1     | 0.103 |   1.057 |    1.085 | 
     | U1774                | A v -> Z v   | XOR2_X1   | 0.057 |   1.114 |    1.142 | 
     | U1775                | A v -> ZN v  | XNOR2_X1  | 0.042 |   1.156 |    1.184 | 
     | U1776                | CI v -> S ^  | FA_X1     | 0.127 |   1.282 |    1.310 | 
     | U860                 | A1 ^ -> ZN v | NOR2_X1   | 0.022 |   1.304 |    1.332 | 
     | U1801                | A2 v -> ZN ^ | NOR2_X1   | 0.037 |   1.341 |    1.369 | 
     | U1890                | A1 ^ -> ZN v | NAND2_X1  | 0.016 |   1.357 |    1.385 | 
     | U2452                | B1 v -> ZN ^ | OAI21_X1  | 0.084 |   1.441 |    1.469 | 
     | U607                 | B2 ^ -> ZN v | AOI21_X1  | 0.040 |   1.482 |    1.510 | 
     | FE_OFC0_n360         | A v -> Z v   | CLKBUF_X1 | 0.096 |   1.578 |    1.606 | 
     | U3009                | B1 v -> ZN ^ | OAI21_X1  | 0.052 |   1.630 |    1.658 | 
     | U3010                | A ^ -> ZN ^  | XNOR2_X1  | 0.050 |   1.680 |    1.708 | 
     | U3012                | A1 ^ -> ZN v | NAND2_X1  | 0.025 |   1.705 |    1.733 | 
     | U3327                | A1 v -> ZN ^ | NAND2_X1  | 0.018 |   1.723 |    1.751 | 
     | p_reg_Y_temp_reg_43_ | D ^          | DFF_X1    | 0.000 |   1.723 |    1.751 | 
     +------------------------------------------------------------------------------+ 
Path 3: MET Setup Check with Pin p_reg_Y_temp_reg_45_/CK 
Endpoint:   p_reg_Y_temp_reg_45_/D (^) checked with  leading edge of 'CLK'
Beginpoint: B_reg_Y_temp_reg_7_/Q  (v) triggered by  leading edge of 'CLK'
Path Groups: {CLK}
Analysis View: default
Other End Arrival Time          0.050
- Setup                         0.027
+ Phase Shift                   1.778
- Uncertainty                   0.050
= Required Time                 1.751
- Arrival Time                  1.719
= Slack Time                    0.032
     Clock Rise Edge                 0.000
     + Clock Network Latency (Ideal) 0.050
     = Beginpoint Arrival Time       0.050
     +------------------------------------------------------------------------------+ 
     |       Instance       |     Arc      |   Cell    | Delay | Arrival | Required | 
     |                      |              |           |       |  Time   |   Time   | 
     |----------------------+--------------+-----------+-------+---------+----------| 
     | B_reg_Y_temp_reg_7_  | CK ^         |           |       |   0.050 |    0.082 | 
     | B_reg_Y_temp_reg_7_  | CK ^ -> Q v  | DFF_X1    | 0.134 |   0.184 |    0.215 | 
     | FE_OFC38_B_i_7       | A v -> Z v   | CLKBUF_X1 | 0.152 |   0.336 |    0.368 | 
     | U962                 | A2 v -> ZN ^ | NAND2_X1  | 0.051 |   0.387 |    0.419 | 
     | U964                 | A1 ^ -> ZN v | NAND2_X1  | 0.016 |   0.404 |    0.435 | 
     | U965                 | A v -> ZN ^  | AOI21_X1  | 0.039 |   0.443 |    0.474 | 
     | U966                 | A ^ -> ZN v  | OAI21_X1  | 0.027 |   0.469 |    0.501 | 
     | U991                 | B2 v -> ZN ^ | AOI21_X1  | 0.042 |   0.512 |    0.543 | 
     | FE_OFC55_n651        | A ^ -> Z ^   | BUF_X4    | 0.042 |   0.553 |    0.585 | 
     | U1208                | B1 ^ -> ZN v | OAI21_X1  | 0.022 |   0.575 |    0.607 | 
     | U343                 | A v -> ZN v  | XNOR2_X1  | 0.038 |   0.614 |    0.645 | 
     | FE_OFC45_n424        | A v -> Z v   | CLKBUF_X1 | 0.104 |   0.718 |    0.750 | 
     | U1611                | B1 v -> ZN ^ | OAI21_X1  | 0.059 |   0.777 |    0.809 | 
     | U1612                | A ^ -> Z ^   | XOR2_X1   | 0.070 |   0.847 |    0.879 | 
     | U303                 | A ^ -> Z ^   | XOR2_X1   | 0.058 |   0.905 |    0.937 | 
     | U302                 | B ^ -> ZN ^  | XNOR2_X1  | 0.049 |   0.954 |    0.986 | 
     | U1755                | A ^ -> S v   | FA_X1     | 0.103 |   1.057 |    1.089 | 
     | U1774                | A v -> Z v   | XOR2_X1   | 0.057 |   1.114 |    1.145 | 
     | U1775                | A v -> ZN v  | XNOR2_X1  | 0.042 |   1.156 |    1.187 | 
     | U1776                | CI v -> S ^  | FA_X1     | 0.127 |   1.282 |    1.314 | 
     | U860                 | A1 ^ -> ZN v | NOR2_X1   | 0.022 |   1.304 |    1.336 | 
     | U1801                | A2 v -> ZN ^ | NOR2_X1   | 0.037 |   1.341 |    1.373 | 
     | U1890                | A1 ^ -> ZN v | NAND2_X1  | 0.016 |   1.357 |    1.389 | 
     | U2452                | B1 v -> ZN ^ | OAI21_X1  | 0.084 |   1.441 |    1.473 | 
     | U607                 | B2 ^ -> ZN v | AOI21_X1  | 0.040 |   1.482 |    1.513 | 
     | FE_OFC0_n360         | A v -> Z v   | CLKBUF_X1 | 0.096 |   1.578 |    1.609 | 
     | U3057                | B1 v -> ZN ^ | OAI21_X1  | 0.052 |   1.630 |    1.661 | 
     | U3058                | B ^ -> ZN ^  | XNOR2_X1  | 0.050 |   1.680 |    1.711 | 
     | U3059                | A1 ^ -> ZN v | NAND2_X1  | 0.022 |   1.702 |    1.734 | 
     | U3330                | A1 v -> ZN ^ | NAND2_X1  | 0.017 |   1.719 |    1.751 | 
     | p_reg_Y_temp_reg_45_ | D ^          | DFF_X1    | 0.000 |   1.719 |    1.751 | 
     +------------------------------------------------------------------------------+ 
Path 4: MET Setup Check with Pin p_reg_Y_temp_reg_58_/CK 
Endpoint:   p_reg_Y_temp_reg_58_/D (^) checked with  leading edge of 'CLK'
Beginpoint: B_reg_Y_temp_reg_7_/Q  (v) triggered by  leading edge of 'CLK'
Path Groups: {CLK}
Analysis View: default
Other End Arrival Time          0.050
- Setup                         0.027
+ Phase Shift                   1.778
- Uncertainty                   0.050
= Required Time                 1.751
- Arrival Time                  1.714
= Slack Time                    0.037
     Clock Rise Edge                 0.000
     + Clock Network Latency (Ideal) 0.050
     = Beginpoint Arrival Time       0.050
     +------------------------------------------------------------------------------+ 
     |       Instance       |     Arc      |   Cell    | Delay | Arrival | Required | 
     |                      |              |           |       |  Time   |   Time   | 
     |----------------------+--------------+-----------+-------+---------+----------| 
     | B_reg_Y_temp_reg_7_  | CK ^         |           |       |   0.050 |    0.087 | 
     | B_reg_Y_temp_reg_7_  | CK ^ -> Q v  | DFF_X1    | 0.134 |   0.184 |    0.221 | 
     | FE_OFC38_B_i_7       | A v -> Z v   | CLKBUF_X1 | 0.152 |   0.336 |    0.373 | 
     | U962                 | A2 v -> ZN ^ | NAND2_X1  | 0.051 |   0.387 |    0.424 | 
     | U964                 | A1 ^ -> ZN v | NAND2_X1  | 0.016 |   0.404 |    0.441 | 
     | U965                 | A v -> ZN ^  | AOI21_X1  | 0.039 |   0.443 |    0.480 | 
     | U966                 | A ^ -> ZN v  | OAI21_X1  | 0.027 |   0.469 |    0.506 | 
     | U991                 | B2 v -> ZN ^ | AOI21_X1  | 0.042 |   0.512 |    0.549 | 
     | FE_OFC55_n651        | A ^ -> Z ^   | BUF_X4    | 0.042 |   0.553 |    0.591 | 
     | U1208                | B1 ^ -> ZN v | OAI21_X1  | 0.022 |   0.575 |    0.613 | 
     | U343                 | A v -> ZN v  | XNOR2_X1  | 0.038 |   0.614 |    0.651 | 
     | FE_OFC45_n424        | A v -> Z v   | CLKBUF_X1 | 0.104 |   0.718 |    0.755 | 
     | U1611                | B1 v -> ZN ^ | OAI21_X1  | 0.059 |   0.777 |    0.814 | 
     | U1612                | A ^ -> Z ^   | XOR2_X1   | 0.070 |   0.847 |    0.884 | 
     | U303                 | A ^ -> Z ^   | XOR2_X1   | 0.058 |   0.905 |    0.942 | 
     | U302                 | B ^ -> ZN ^  | XNOR2_X1  | 0.049 |   0.954 |    0.991 | 
     | U1755                | A ^ -> S v   | FA_X1     | 0.103 |   1.057 |    1.094 | 
     | U1774                | A v -> Z v   | XOR2_X1   | 0.057 |   1.114 |    1.151 | 
     | U1775                | A v -> ZN v  | XNOR2_X1  | 0.042 |   1.156 |    1.193 | 
     | U1776                | CI v -> S ^  | FA_X1     | 0.127 |   1.282 |    1.319 | 
     | U860                 | A1 ^ -> ZN v | NOR2_X1   | 0.022 |   1.304 |    1.341 | 
     | U1801                | A2 v -> ZN ^ | NOR2_X1   | 0.037 |   1.341 |    1.378 | 
     | U1890                | A1 ^ -> ZN v | NAND2_X1  | 0.016 |   1.357 |    1.394 | 
     | U2452                | B1 v -> ZN ^ | OAI21_X1  | 0.084 |   1.441 |    1.478 | 
     | U607                 | B2 ^ -> ZN v | AOI21_X1  | 0.040 |   1.482 |    1.519 | 
     | FE_OFC8_n3003        | A v -> Z v   | CLKBUF_X1 | 0.098 |   1.580 |    1.617 | 
     | U3126                | B1 v -> ZN ^ | OAI21_X1  | 0.054 |   1.634 |    1.671 | 
     | U3127                | B ^ -> ZN ^  | XNOR2_X1  | 0.046 |   1.680 |    1.717 | 
     | U3129                | A1 ^ -> ZN v | NAND2_X1  | 0.017 |   1.697 |    1.734 | 
     | U3341                | A1 v -> ZN ^ | NAND2_X1  | 0.017 |   1.714 |    1.751 | 
     | p_reg_Y_temp_reg_58_ | D ^          | DFF_X1    | 0.000 |   1.714 |    1.751 | 
     +------------------------------------------------------------------------------+ 
Path 5: MET Setup Check with Pin p_reg_Y_temp_reg_55_/CK 
Endpoint:   p_reg_Y_temp_reg_55_/D (^) checked with  leading edge of 'CLK'
Beginpoint: B_reg_Y_temp_reg_7_/Q  (v) triggered by  leading edge of 'CLK'
Path Groups: {CLK}
Analysis View: default
Other End Arrival Time          0.050
- Setup                         0.027
+ Phase Shift                   1.778
- Uncertainty                   0.050
= Required Time                 1.751
- Arrival Time                  1.714
= Slack Time                    0.037
     Clock Rise Edge                 0.000
     + Clock Network Latency (Ideal) 0.050
     = Beginpoint Arrival Time       0.050
     +------------------------------------------------------------------------------+ 
     |       Instance       |     Arc      |   Cell    | Delay | Arrival | Required | 
     |                      |              |           |       |  Time   |   Time   | 
     |----------------------+--------------+-----------+-------+---------+----------| 
     | B_reg_Y_temp_reg_7_  | CK ^         |           |       |   0.050 |    0.087 | 
     | B_reg_Y_temp_reg_7_  | CK ^ -> Q v  | DFF_X1    | 0.134 |   0.184 |    0.221 | 
     | FE_OFC38_B_i_7       | A v -> Z v   | CLKBUF_X1 | 0.152 |   0.336 |    0.373 | 
     | U962                 | A2 v -> ZN ^ | NAND2_X1  | 0.051 |   0.387 |    0.425 | 
     | U964                 | A1 ^ -> ZN v | NAND2_X1  | 0.016 |   0.404 |    0.441 | 
     | U965                 | A v -> ZN ^  | AOI21_X1  | 0.039 |   0.443 |    0.480 | 
     | U966                 | A ^ -> ZN v  | OAI21_X1  | 0.027 |   0.469 |    0.507 | 
     | U991                 | B2 v -> ZN ^ | AOI21_X1  | 0.042 |   0.512 |    0.549 | 
     | FE_OFC55_n651        | A ^ -> Z ^   | BUF_X4    | 0.042 |   0.553 |    0.591 | 
     | U1208                | B1 ^ -> ZN v | OAI21_X1  | 0.022 |   0.575 |    0.613 | 
     | U343                 | A v -> ZN v  | XNOR2_X1  | 0.038 |   0.614 |    0.651 | 
     | FE_OFC45_n424        | A v -> Z v   | CLKBUF_X1 | 0.104 |   0.718 |    0.756 | 
     | U1611                | B1 v -> ZN ^ | OAI21_X1  | 0.059 |   0.777 |    0.815 | 
     | U1612                | A ^ -> Z ^   | XOR2_X1   | 0.070 |   0.847 |    0.885 | 
     | U303                 | A ^ -> Z ^   | XOR2_X1   | 0.058 |   0.905 |    0.943 | 
     | U302                 | B ^ -> ZN ^  | XNOR2_X1  | 0.049 |   0.954 |    0.992 | 
     | U1755                | A ^ -> S v   | FA_X1     | 0.103 |   1.057 |    1.095 | 
     | U1774                | A v -> Z v   | XOR2_X1   | 0.057 |   1.114 |    1.151 | 
     | U1775                | A v -> ZN v  | XNOR2_X1  | 0.042 |   1.156 |    1.193 | 
     | U1776                | CI v -> S ^  | FA_X1     | 0.127 |   1.282 |    1.320 | 
     | U860                 | A1 ^ -> ZN v | NOR2_X1   | 0.022 |   1.304 |    1.342 | 
     | U1801                | A2 v -> ZN ^ | NOR2_X1   | 0.037 |   1.341 |    1.379 | 
     | U1890                | A1 ^ -> ZN v | NAND2_X1  | 0.016 |   1.357 |    1.395 | 
     | U2452                | B1 v -> ZN ^ | OAI21_X1  | 0.084 |   1.441 |    1.479 | 
     | U607                 | B2 ^ -> ZN v | AOI21_X1  | 0.040 |   1.482 |    1.519 | 
     | FE_OFC8_n3003        | A v -> Z v   | CLKBUF_X1 | 0.098 |   1.580 |    1.617 | 
     | U3120                | B1 v -> ZN ^ | OAI21_X1  | 0.055 |   1.635 |    1.672 | 
     | U3121                | B ^ -> ZN ^  | XNOR2_X1  | 0.046 |   1.680 |    1.718 | 
     | U3122                | A1 ^ -> ZN v | NAND2_X1  | 0.017 |   1.697 |    1.734 | 
     | U3340                | A1 v -> ZN ^ | NAND2_X1  | 0.016 |   1.714 |    1.751 | 
     | p_reg_Y_temp_reg_55_ | D ^          | DFF_X1    | 0.000 |   1.714 |    1.751 | 
     +------------------------------------------------------------------------------+ 
Path 6: MET Setup Check with Pin p_reg_Y_temp_reg_48_/CK 
Endpoint:   p_reg_Y_temp_reg_48_/D (^) checked with  leading edge of 'CLK'
Beginpoint: B_reg_Y_temp_reg_7_/Q  (v) triggered by  leading edge of 'CLK'
Path Groups: {CLK}
Analysis View: default
Other End Arrival Time          0.050
- Setup                         0.027
+ Phase Shift                   1.778
- Uncertainty                   0.050
= Required Time                 1.751
- Arrival Time                  1.713
= Slack Time                    0.038
     Clock Rise Edge                 0.000
     + Clock Network Latency (Ideal) 0.050
     = Beginpoint Arrival Time       0.050
     +------------------------------------------------------------------------------+ 
     |       Instance       |     Arc      |   Cell    | Delay | Arrival | Required | 
     |                      |              |           |       |  Time   |   Time   | 
     |----------------------+--------------+-----------+-------+---------+----------| 
     | B_reg_Y_temp_reg_7_  | CK ^         |           |       |   0.050 |    0.088 | 
     | B_reg_Y_temp_reg_7_  | CK ^ -> Q v  | DFF_X1    | 0.134 |   0.184 |    0.221 | 
     | FE_OFC38_B_i_7       | A v -> Z v   | CLKBUF_X1 | 0.152 |   0.336 |    0.374 | 
     | U962                 | A2 v -> ZN ^ | NAND2_X1  | 0.051 |   0.387 |    0.425 | 
     | U964                 | A1 ^ -> ZN v | NAND2_X1  | 0.016 |   0.404 |    0.441 | 
     | U965                 | A v -> ZN ^  | AOI21_X1  | 0.039 |   0.443 |    0.480 | 
     | U966                 | A ^ -> ZN v  | OAI21_X1  | 0.027 |   0.469 |    0.507 | 
     | U991                 | B2 v -> ZN ^ | AOI21_X1  | 0.042 |   0.512 |    0.549 | 
     | FE_OFC55_n651        | A ^ -> Z ^   | BUF_X4    | 0.042 |   0.553 |    0.591 | 
     | U1208                | B1 ^ -> ZN v | OAI21_X1  | 0.022 |   0.575 |    0.613 | 
     | U343                 | A v -> ZN v  | XNOR2_X1  | 0.038 |   0.614 |    0.651 | 
     | FE_OFC45_n424        | A v -> Z v   | CLKBUF_X1 | 0.104 |   0.718 |    0.756 | 
     | U1611                | B1 v -> ZN ^ | OAI21_X1  | 0.059 |   0.777 |    0.815 | 
     | U1612                | A ^ -> Z ^   | XOR2_X1   | 0.070 |   0.847 |    0.885 | 
     | U303                 | A ^ -> Z ^   | XOR2_X1   | 0.058 |   0.905 |    0.943 | 
     | U302                 | B ^ -> ZN ^  | XNOR2_X1  | 0.049 |   0.954 |    0.992 | 
     | U1755                | A ^ -> S v   | FA_X1     | 0.103 |   1.057 |    1.095 | 
     | U1774                | A v -> Z v   | XOR2_X1   | 0.057 |   1.114 |    1.151 | 
     | U1775                | A v -> ZN v  | XNOR2_X1  | 0.042 |   1.156 |    1.193 | 
     | U1776                | CI v -> S ^  | FA_X1     | 0.127 |   1.282 |    1.320 | 
     | U860                 | A1 ^ -> ZN v | NOR2_X1   | 0.022 |   1.304 |    1.342 | 
     | U1801                | A2 v -> ZN ^ | NOR2_X1   | 0.037 |   1.341 |    1.379 | 
     | U1890                | A1 ^ -> ZN v | NAND2_X1  | 0.016 |   1.357 |    1.395 | 
     | U2452                | B1 v -> ZN ^ | OAI21_X1  | 0.084 |   1.441 |    1.479 | 
     | U607                 | B2 ^ -> ZN v | AOI21_X1  | 0.040 |   1.482 |    1.519 | 
     | FE_OFC8_n3003        | A v -> Z v   | CLKBUF_X1 | 0.098 |   1.580 |    1.617 | 
     | U3095                | B1 v -> ZN ^ | OAI21_X1  | 0.055 |   1.635 |    1.673 | 
     | U3096                | B ^ -> ZN ^  | XNOR2_X1  | 0.045 |   1.680 |    1.718 | 
     | U3097                | A1 ^ -> ZN v | NAND2_X1  | 0.016 |   1.697 |    1.734 | 
     | U3336                | A1 v -> ZN ^ | NAND2_X1  | 0.016 |   1.713 |    1.751 | 
     | p_reg_Y_temp_reg_48_ | D ^          | DFF_X1    | 0.000 |   1.713 |    1.751 | 
     +------------------------------------------------------------------------------+ 
Path 7: MET Setup Check with Pin p_reg_Y_temp_reg_46_/CK 
Endpoint:   p_reg_Y_temp_reg_46_/D (^) checked with  leading edge of 'CLK'
Beginpoint: B_reg_Y_temp_reg_7_/Q  (v) triggered by  leading edge of 'CLK'
Path Groups: {CLK}
Analysis View: default
Other End Arrival Time          0.050
- Setup                         0.027
+ Phase Shift                   1.778
- Uncertainty                   0.050
= Required Time                 1.751
- Arrival Time                  1.713
= Slack Time                    0.038
     Clock Rise Edge                 0.000
     + Clock Network Latency (Ideal) 0.050
     = Beginpoint Arrival Time       0.050
     +------------------------------------------------------------------------------+ 
     |       Instance       |     Arc      |   Cell    | Delay | Arrival | Required | 
     |                      |              |           |       |  Time   |   Time   | 
     |----------------------+--------------+-----------+-------+---------+----------| 
     | B_reg_Y_temp_reg_7_  | CK ^         |           |       |   0.050 |    0.088 | 
     | B_reg_Y_temp_reg_7_  | CK ^ -> Q v  | DFF_X1    | 0.134 |   0.184 |    0.222 | 
     | FE_OFC38_B_i_7       | A v -> Z v   | CLKBUF_X1 | 0.152 |   0.336 |    0.374 | 
     | U962                 | A2 v -> ZN ^ | NAND2_X1  | 0.051 |   0.387 |    0.425 | 
     | U964                 | A1 ^ -> ZN v | NAND2_X1  | 0.016 |   0.404 |    0.442 | 
     | U965                 | A v -> ZN ^  | AOI21_X1  | 0.039 |   0.443 |    0.481 | 
     | U966                 | A ^ -> ZN v  | OAI21_X1  | 0.027 |   0.469 |    0.507 | 
     | U991                 | B2 v -> ZN ^ | AOI21_X1  | 0.042 |   0.512 |    0.550 | 
     | FE_OFC55_n651        | A ^ -> Z ^   | BUF_X4    | 0.042 |   0.553 |    0.591 | 
     | U1208                | B1 ^ -> ZN v | OAI21_X1  | 0.022 |   0.575 |    0.613 | 
     | U343                 | A v -> ZN v  | XNOR2_X1  | 0.038 |   0.614 |    0.652 | 
     | FE_OFC45_n424        | A v -> Z v   | CLKBUF_X1 | 0.104 |   0.718 |    0.756 | 
     | U1611                | B1 v -> ZN ^ | OAI21_X1  | 0.059 |   0.777 |    0.815 | 
     | U1612                | A ^ -> Z ^   | XOR2_X1   | 0.070 |   0.847 |    0.885 | 
     | U303                 | A ^ -> Z ^   | XOR2_X1   | 0.058 |   0.905 |    0.943 | 
     | U302                 | B ^ -> ZN ^  | XNOR2_X1  | 0.049 |   0.954 |    0.992 | 
     | U1755                | A ^ -> S v   | FA_X1     | 0.103 |   1.057 |    1.095 | 
     | U1774                | A v -> Z v   | XOR2_X1   | 0.057 |   1.114 |    1.152 | 
     | U1775                | A v -> ZN v  | XNOR2_X1  | 0.042 |   1.156 |    1.194 | 
     | U1776                | CI v -> S ^  | FA_X1     | 0.127 |   1.282 |    1.320 | 
     | U860                 | A1 ^ -> ZN v | NOR2_X1   | 0.022 |   1.304 |    1.342 | 
     | U1801                | A2 v -> ZN ^ | NOR2_X1   | 0.037 |   1.341 |    1.379 | 
     | U1890                | A1 ^ -> ZN v | NAND2_X1  | 0.016 |   1.357 |    1.395 | 
     | U2452                | B1 v -> ZN ^ | OAI21_X1  | 0.084 |   1.441 |    1.479 | 
     | U607                 | B2 ^ -> ZN v | AOI21_X1  | 0.040 |   1.482 |    1.519 | 
     | FE_OFC0_n360         | A v -> Z v   | CLKBUF_X1 | 0.096 |   1.578 |    1.615 | 
     | U3088                | B1 v -> ZN ^ | OAI21_X1  | 0.055 |   1.632 |    1.670 | 
     | U3089                | B ^ -> ZN ^  | XNOR2_X1  | 0.045 |   1.677 |    1.715 | 
     | U3090                | A1 ^ -> ZN v | NAND2_X1  | 0.018 |   1.696 |    1.734 | 
     | U3335                | A1 v -> ZN ^ | NAND2_X1  | 0.017 |   1.713 |    1.751 | 
     | p_reg_Y_temp_reg_46_ | D ^          | DFF_X1    | 0.000 |   1.713 |    1.751 | 
     +------------------------------------------------------------------------------+ 
Path 8: MET Setup Check with Pin p_reg_Y_temp_reg_51_/CK 
Endpoint:   p_reg_Y_temp_reg_51_/D (^) checked with  leading edge of 'CLK'
Beginpoint: B_reg_Y_temp_reg_7_/Q  (v) triggered by  leading edge of 'CLK'
Path Groups: {CLK}
Analysis View: default
Other End Arrival Time          0.050
- Setup                         0.027
+ Phase Shift                   1.778
- Uncertainty                   0.050
= Required Time                 1.751
- Arrival Time                  1.713
= Slack Time                    0.038
     Clock Rise Edge                 0.000
     + Clock Network Latency (Ideal) 0.050
     = Beginpoint Arrival Time       0.050
     +------------------------------------------------------------------------------+ 
     |       Instance       |     Arc      |   Cell    | Delay | Arrival | Required | 
     |                      |              |           |       |  Time   |   Time   | 
     |----------------------+--------------+-----------+-------+---------+----------| 
     | B_reg_Y_temp_reg_7_  | CK ^         |           |       |   0.050 |    0.088 | 
     | B_reg_Y_temp_reg_7_  | CK ^ -> Q v  | DFF_X1    | 0.134 |   0.184 |    0.222 | 
     | FE_OFC38_B_i_7       | A v -> Z v   | CLKBUF_X1 | 0.152 |   0.336 |    0.374 | 
     | U962                 | A2 v -> ZN ^ | NAND2_X1  | 0.051 |   0.387 |    0.425 | 
     | U964                 | A1 ^ -> ZN v | NAND2_X1  | 0.016 |   0.404 |    0.442 | 
     | U965                 | A v -> ZN ^  | AOI21_X1  | 0.039 |   0.443 |    0.481 | 
     | U966                 | A ^ -> ZN v  | OAI21_X1  | 0.027 |   0.469 |    0.507 | 
     | U991                 | B2 v -> ZN ^ | AOI21_X1  | 0.042 |   0.512 |    0.550 | 
     | FE_OFC55_n651        | A ^ -> Z ^   | BUF_X4    | 0.042 |   0.553 |    0.591 | 
     | U1208                | B1 ^ -> ZN v | OAI21_X1  | 0.022 |   0.575 |    0.613 | 
     | U343                 | A v -> ZN v  | XNOR2_X1  | 0.038 |   0.614 |    0.652 | 
     | FE_OFC45_n424        | A v -> Z v   | CLKBUF_X1 | 0.104 |   0.718 |    0.756 | 
     | U1611                | B1 v -> ZN ^ | OAI21_X1  | 0.059 |   0.777 |    0.815 | 
     | U1612                | A ^ -> Z ^   | XOR2_X1   | 0.070 |   0.847 |    0.885 | 
     | U303                 | A ^ -> Z ^   | XOR2_X1   | 0.058 |   0.905 |    0.943 | 
     | U302                 | B ^ -> ZN ^  | XNOR2_X1  | 0.049 |   0.954 |    0.992 | 
     | U1755                | A ^ -> S v   | FA_X1     | 0.103 |   1.057 |    1.095 | 
     | U1774                | A v -> Z v   | XOR2_X1   | 0.057 |   1.114 |    1.152 | 
     | U1775                | A v -> ZN v  | XNOR2_X1  | 0.042 |   1.156 |    1.194 | 
     | U1776                | CI v -> S ^  | FA_X1     | 0.127 |   1.282 |    1.320 | 
     | U860                 | A1 ^ -> ZN v | NOR2_X1   | 0.022 |   1.304 |    1.342 | 
     | U1801                | A2 v -> ZN ^ | NOR2_X1   | 0.037 |   1.341 |    1.379 | 
     | U1890                | A1 ^ -> ZN v | NAND2_X1  | 0.016 |   1.357 |    1.395 | 
     | U2452                | B1 v -> ZN ^ | OAI21_X1  | 0.084 |   1.441 |    1.479 | 
     | U607                 | B2 ^ -> ZN v | AOI21_X1  | 0.040 |   1.482 |    1.519 | 
     | FE_OFC8_n3003        | A v -> Z v   | CLKBUF_X1 | 0.098 |   1.580 |    1.617 | 
     | U3075                | B1 v -> ZN ^ | OAI21_X1  | 0.055 |   1.635 |    1.673 | 
     | U3076                | B ^ -> ZN ^  | XNOR2_X1  | 0.045 |   1.680 |    1.718 | 
     | U3077                | A1 ^ -> ZN v | NAND2_X1  | 0.016 |   1.696 |    1.734 | 
     | U3332                | A1 v -> ZN ^ | NAND2_X1  | 0.017 |   1.713 |    1.751 | 
     | p_reg_Y_temp_reg_51_ | D ^          | DFF_X1    | 0.000 |   1.713 |    1.751 | 
     +------------------------------------------------------------------------------+ 
Path 9: MET Setup Check with Pin p_reg_Y_temp_reg_57_/CK 
Endpoint:   p_reg_Y_temp_reg_57_/D (^) checked with  leading edge of 'CLK'
Beginpoint: B_reg_Y_temp_reg_7_/Q  (v) triggered by  leading edge of 'CLK'
Path Groups: {CLK}
Analysis View: default
Other End Arrival Time          0.050
- Setup                         0.027
+ Phase Shift                   1.778
- Uncertainty                   0.050
= Required Time                 1.751
- Arrival Time                  1.713
= Slack Time                    0.038
     Clock Rise Edge                 0.000
     + Clock Network Latency (Ideal) 0.050
     = Beginpoint Arrival Time       0.050
     +------------------------------------------------------------------------------+ 
     |       Instance       |     Arc      |   Cell    | Delay | Arrival | Required | 
     |                      |              |           |       |  Time   |   Time   | 
     |----------------------+--------------+-----------+-------+---------+----------| 
     | B_reg_Y_temp_reg_7_  | CK ^         |           |       |   0.050 |    0.088 | 
     | B_reg_Y_temp_reg_7_  | CK ^ -> Q v  | DFF_X1    | 0.134 |   0.184 |    0.222 | 
     | FE_OFC38_B_i_7       | A v -> Z v   | CLKBUF_X1 | 0.152 |   0.336 |    0.374 | 
     | U962                 | A2 v -> ZN ^ | NAND2_X1  | 0.051 |   0.387 |    0.426 | 
     | U964                 | A1 ^ -> ZN v | NAND2_X1  | 0.016 |   0.404 |    0.442 | 
     | U965                 | A v -> ZN ^  | AOI21_X1  | 0.039 |   0.443 |    0.481 | 
     | U966                 | A ^ -> ZN v  | OAI21_X1  | 0.027 |   0.469 |    0.508 | 
     | U991                 | B2 v -> ZN ^ | AOI21_X1  | 0.042 |   0.512 |    0.550 | 
     | FE_OFC55_n651        | A ^ -> Z ^   | BUF_X4    | 0.042 |   0.553 |    0.592 | 
     | U1208                | B1 ^ -> ZN v | OAI21_X1  | 0.022 |   0.575 |    0.614 | 
     | U343                 | A v -> ZN v  | XNOR2_X1  | 0.038 |   0.614 |    0.652 | 
     | FE_OFC45_n424        | A v -> Z v   | CLKBUF_X1 | 0.104 |   0.718 |    0.756 | 
     | U1611                | B1 v -> ZN ^ | OAI21_X1  | 0.059 |   0.777 |    0.815 | 
     | U1612                | A ^ -> Z ^   | XOR2_X1   | 0.070 |   0.847 |    0.886 | 
     | U303                 | A ^ -> Z ^   | XOR2_X1   | 0.058 |   0.905 |    0.943 | 
     | U302                 | B ^ -> ZN ^  | XNOR2_X1  | 0.049 |   0.954 |    0.992 | 
     | U1755                | A ^ -> S v   | FA_X1     | 0.103 |   1.057 |    1.095 | 
     | U1774                | A v -> Z v   | XOR2_X1   | 0.057 |   1.114 |    1.152 | 
     | U1775                | A v -> ZN v  | XNOR2_X1  | 0.042 |   1.156 |    1.194 | 
     | U1776                | CI v -> S ^  | FA_X1     | 0.127 |   1.282 |    1.321 | 
     | U860                 | A1 ^ -> ZN v | NOR2_X1   | 0.022 |   1.304 |    1.343 | 
     | U1801                | A2 v -> ZN ^ | NOR2_X1   | 0.037 |   1.341 |    1.380 | 
     | U1890                | A1 ^ -> ZN v | NAND2_X1  | 0.016 |   1.357 |    1.396 | 
     | U2452                | B1 v -> ZN ^ | OAI21_X1  | 0.084 |   1.441 |    1.480 | 
     | U607                 | B2 ^ -> ZN v | AOI21_X1  | 0.040 |   1.482 |    1.520 | 
     | FE_OFC8_n3003        | A v -> Z v   | CLKBUF_X1 | 0.098 |   1.580 |    1.618 | 
     | U2941                | B1 v -> ZN ^ | OAI21_X1  | 0.055 |   1.634 |    1.673 | 
     | U2942                | B ^ -> ZN ^  | XNOR2_X1  | 0.044 |   1.679 |    1.717 | 
     | U2944                | A1 ^ -> ZN v | NAND2_X1  | 0.017 |   1.696 |    1.734 | 
     | U3324                | A1 v -> ZN ^ | NAND2_X1  | 0.017 |   1.713 |    1.751 | 
     | p_reg_Y_temp_reg_57_ | D ^          | DFF_X1    | 0.000 |   1.713 |    1.751 | 
     +------------------------------------------------------------------------------+ 
Path 10: MET Setup Check with Pin p_reg_Y_temp_reg_52_/CK 
Endpoint:   p_reg_Y_temp_reg_52_/D (^) checked with  leading edge of 'CLK'
Beginpoint: B_reg_Y_temp_reg_7_/Q  (v) triggered by  leading edge of 'CLK'
Path Groups: {CLK}
Analysis View: default
Other End Arrival Time          0.050
- Setup                         0.027
+ Phase Shift                   1.778
- Uncertainty                   0.050
= Required Time                 1.751
- Arrival Time                  1.712
= Slack Time                    0.039
     Clock Rise Edge                 0.000
     + Clock Network Latency (Ideal) 0.050
     = Beginpoint Arrival Time       0.050
     +------------------------------------------------------------------------------+ 
     |       Instance       |     Arc      |   Cell    | Delay | Arrival | Required | 
     |                      |              |           |       |  Time   |   Time   | 
     |----------------------+--------------+-----------+-------+---------+----------| 
     | B_reg_Y_temp_reg_7_  | CK ^         |           |       |   0.050 |    0.089 | 
     | B_reg_Y_temp_reg_7_  | CK ^ -> Q v  | DFF_X1    | 0.134 |   0.184 |    0.223 | 
     | FE_OFC38_B_i_7       | A v -> Z v   | CLKBUF_X1 | 0.152 |   0.336 |    0.375 | 
     | U962                 | A2 v -> ZN ^ | NAND2_X1  | 0.051 |   0.387 |    0.426 | 
     | U964                 | A1 ^ -> ZN v | NAND2_X1  | 0.016 |   0.404 |    0.443 | 
     | U965                 | A v -> ZN ^  | AOI21_X1  | 0.039 |   0.443 |    0.482 | 
     | U966                 | A ^ -> ZN v  | OAI21_X1  | 0.027 |   0.469 |    0.508 | 
     | U991                 | B2 v -> ZN ^ | AOI21_X1  | 0.042 |   0.512 |    0.551 | 
     | FE_OFC55_n651        | A ^ -> Z ^   | BUF_X4    | 0.042 |   0.553 |    0.593 | 
     | U1208                | B1 ^ -> ZN v | OAI21_X1  | 0.022 |   0.575 |    0.615 | 
     | U343                 | A v -> ZN v  | XNOR2_X1  | 0.038 |   0.614 |    0.653 | 
     | FE_OFC45_n424        | A v -> Z v   | CLKBUF_X1 | 0.104 |   0.718 |    0.757 | 
     | U1611                | B1 v -> ZN ^ | OAI21_X1  | 0.059 |   0.777 |    0.816 | 
     | U1612                | A ^ -> Z ^   | XOR2_X1   | 0.070 |   0.847 |    0.886 | 
     | U303                 | A ^ -> Z ^   | XOR2_X1   | 0.058 |   0.905 |    0.944 | 
     | U302                 | B ^ -> ZN ^  | XNOR2_X1  | 0.049 |   0.954 |    0.993 | 
     | U1755                | A ^ -> S v   | FA_X1     | 0.103 |   1.057 |    1.096 | 
     | U1774                | A v -> Z v   | XOR2_X1   | 0.057 |   1.114 |    1.153 | 
     | U1775                | A v -> ZN v  | XNOR2_X1  | 0.042 |   1.156 |    1.195 | 
     | U1776                | CI v -> S ^  | FA_X1     | 0.127 |   1.282 |    1.321 | 
     | U860                 | A1 ^ -> ZN v | NOR2_X1   | 0.022 |   1.304 |    1.343 | 
     | U1801                | A2 v -> ZN ^ | NOR2_X1   | 0.037 |   1.341 |    1.380 | 
     | U1890                | A1 ^ -> ZN v | NAND2_X1  | 0.016 |   1.357 |    1.396 | 
     | U2452                | B1 v -> ZN ^ | OAI21_X1  | 0.084 |   1.441 |    1.480 | 
     | U607                 | B2 ^ -> ZN v | AOI21_X1  | 0.040 |   1.482 |    1.521 | 
     | FE_OFC8_n3003        | A v -> Z v   | CLKBUF_X1 | 0.098 |   1.580 |    1.619 | 
     | U3109                | B1 v -> ZN ^ | OAI21_X1  | 0.054 |   1.633 |    1.672 | 
     | U3110                | A ^ -> ZN ^  | XNOR2_X1  | 0.046 |   1.679 |    1.718 | 
     | U3111                | A1 ^ -> ZN v | NAND2_X1  | 0.017 |   1.695 |    1.734 | 
     | U3338                | A1 v -> ZN ^ | NAND2_X1  | 0.016 |   1.712 |    1.751 | 
     | p_reg_Y_temp_reg_52_ | D ^          | DFF_X1    | 0.000 |   1.712 |    1.751 | 
     +------------------------------------------------------------------------------+ 

