###############################################################
#  Generated by:      Cadence Innovus 23.35-s106_1
#  OS:                Linux x86_64(Host ID microsys.openstack.polito)
#  Generated on:      Sat Oct 10 21:14:09 2026
#  Design:            boothmul_registered
#  Command:           report_ccopt_skew_groups -file reports/05_skew_groups.rpt
###############################################################

Skew Group Structure:
=====================

-----------------------------------------------------------------------------
Skew Group                Sources    Constrained Sinks    Unconstrained Sinks
-----------------------------------------------------------------------------
CLK/coherent-synthesis       1              128                    0
-----------------------------------------------------------------------------

Skew Group Summary:
===================

---------------------------------------------------------------------------------------------------------------------------------------------------------------------------
Timing Corner         Skew Group                ID Target    Min ID    Max ID    Avg ID    Std.Dev. ID    Skew Target Type    Skew Target    Skew     Skew window occupancy
---------------------------------------------------------------------------------------------------------------------------------------------------------------------------
std-typ:both.early    CLK/coherent-synthesis        -        0.063     0.078     0.074        0.004       ignored                  -         0.015              -
std-typ:both.late     CLK/coherent-synthesis    *0.050       0.063     0.079     0.075        0.004       explicit             0.050         0.016    100% {0.063, 0.079}
---------------------------------------------------------------------------------------------------------------------------------------------------------------------------

* - indicates that target was not met.

Skew Group Min/Max path pins:
=============================

------------------------------------------------------------------------------------
Timing Corner         Skew Group                Min ID    PathID    Max ID    PathID
------------------------------------------------------------------------------------
std-typ:both.early    CLK/coherent-synthesis    0.063       1       0.078       2
-    min A_reg_Y_temp_reg_25_/CK
-    max p_reg_Y_temp_reg_19_/CK
std-typ:both.late     CLK/coherent-synthesis    0.063       3       0.079       4
-    min A_reg_Y_temp_reg_25_/CK
-    max p_reg_Y_temp_reg_19_/CK
------------------------------------------------------------------------------------

Timing for timing corner std-typ:both.early, min clock_path:
============================================================

PathID    : 1
Path type : skew group CLK/coherent-synthesis (path 1 of 1)
Start     : CLK
End       : A_reg_Y_temp_reg_25_/CK
Delay     : 0.063

------------------------------------------------------------------------------------------------
Name  Lib cell   Event  Incr   Arrival  Slew   Cap     Location         Distance  Fanout  Status
                        (ns)   (ns)     (ns)   (fF)                     (um)              
-- Clockpath trace -----------------------------------------------------------------------------
CLK
-     -          rise   -       0.000   0.002  17.705  (66.265,0.000)   -            3    
CTS_ccl_a_buf_00001/A
-     CLKBUF_X3  rise   0.001   0.001   0.002  -       (57.890,32.165)   40.540   -       
CTS_ccl_a_buf_00001/Z
-     CLKBUF_X3  rise   0.061   0.062   0.045  53.136  (57.525,31.820)    0.710     35    
A_reg_Y_temp_reg_25_/CK
-     DFF_X1     rise   0.001   0.063   0.045  -       (52.860,31.110)    5.375   -       
------------------------------------------------------------------------------------------------

Timing for timing corner std-typ:both.early, max clock_path:
============================================================

PathID    : 2
Path type : skew group CLK/coherent-synthesis (path 1 of 1)
Start     : CLK
End       : p_reg_Y_temp_reg_19_/CK
Delay     : 0.078

-------------------------------------------------------------------------------------------------
Name  Lib cell   Event  Incr   Arrival  Slew   Cap     Location          Distance  Fanout  Status
                        (ns)   (ns)     (ns)   (fF)                      (um)              
-- Clockpath trace ------------------------------------------------------------------------------
CLK
-     -          rise   -       0.000   0.002  17.705  (66.265,0.000)    -            3    
CTS_ccl_a_buf_00002/A
-     CLKBUF_X3  rise   0.001   0.001   0.002  -       (103.230,12.565)   49.530   -       
CTS_ccl_a_buf_00002/Z
-     CLKBUF_X3  rise   0.072   0.073   0.049  61.167  (103.595,12.220)    0.710     49    
p_reg_Y_temp_reg_19_/CK
-     DFF_X1     rise   0.006   0.078   0.049  -       (107.390,81.510)   73.085   -       
-------------------------------------------------------------------------------------------------

Timing for timing corner std-typ:both.late, min clock_path:
===========================================================

PathID    : 3
Path type : skew group CLK/coherent-synthesis (path 1 of 1)
Start     : CLK
End       : A_reg_Y_temp_reg_25_/CK
Delay     : 0.063

------------------------------------------------------------------------------------------------
Name  Lib cell   Event  Incr   Arrival  Slew   Cap     Location         Distance  Fanout  Status
                        (ns)   (ns)     (ns)   (fF)                     (um)              
-- Clockpath trace -----------------------------------------------------------------------------
CLK
-     -          rise   -       0.000   0.002  17.705  (66.265,0.000)   -            3    
CTS_ccl_a_buf_00001/A
-     CLKBUF_X3  rise   0.001   0.001   0.002  -       (57.890,32.165)   40.540   -       
CTS_ccl_a_buf_00001/Z
-     CLKBUF_X3  rise   0.061   0.062   0.045  53.136  (57.525,31.820)    0.710     35    
A_reg_Y_temp_reg_25_/CK
-     DFF_X1     rise   0.001   0.063   0.045  -       (52.860,31.110)    5.375   -       
------------------------------------------------------------------------------------------------

Timing for timing corner std-typ:both.late, max clock_path:
===========================================================

PathID    : 4
Path type : skew group CLK/coherent-synthesis (path 1 of 1)
Start     : CLK
End       : p_reg_Y_temp_reg_19_/CK
Delay     : 0.079

-------------------------------------------------------------------------------------------------
Name  Lib cell   Event  Incr   Arrival  Slew   Cap     Location          Distance  Fanout  Status
                        (ns)   (ns)     (ns)   (fF)                      (um)              
-- Clockpath trace ------------------------------------------------------------------------------
CLK
-     -          rise   -       0.000   0.002  17.705  (66.265,0.000)    -            3    
CTS_ccl_a_buf_00002/A
-     CLKBUF_X3  rise   0.001   0.001   0.002  -       (103.230,12.565)   49.530   -       
CTS_ccl_a_buf_00002/Z
-     CLKBUF_X3  rise   0.072   0.073   0.049  61.167  (103.595,12.220)    0.710     49    
p_reg_Y_temp_reg_19_/CK
-     DFF_X1     rise   0.006   0.079   0.049  -       (107.390,81.510)   73.085   -       
-------------------------------------------------------------------------------------------------

