###############################################################
#  Generated by:      Cadence Innovus 23.35-s106_1
#  OS:                Linux x86_64(Host ID microsys.openstack.polito)
#  Generated on:      Sat Oct 10 21:02:34 2026
#  Design:            boothmul_registered
#  Command:           report_timing -max_paths 10 > reports/10_setup_paths.rpt
###############################################################
Path 1: MET Setup Check with Pin p_reg_Y_temp_reg_37_/CK 
Endpoint:   p_reg_Y_temp_reg_37_/D (^) checked with  leading edge of 'CLK'
Beginpoint: B_reg_Y_temp_reg_4_/Q  (v) triggered by  leading edge of 'CLK'
Path Groups: {CLK}
Analysis View: default
Other End Arrival Time          0.072
- Setup                         0.026
+ Phase Shift                   1.914
+ CPPR Adjustment               0.000
- Uncertainty                   0.050
= Required Time                 1.910
- Arrival Time                  1.790
= Slack Time                    0.119
     Clock Rise Edge                 0.000
     + Clock Network Latency (Prop)  0.043
     = Beginpoint Arrival Time       0.043
     +------------------------------------------------------------------------------+ 
     |       Instance       |     Arc      |   Cell    | Delay | Arrival | Required | 
     |                      |              |           |       |  Time   |   Time   | 
     |----------------------+--------------+-----------+-------+---------+----------| 
     | B_reg_Y_temp_reg_4_  | CK ^         |           |       |   0.043 |    0.162 | 
     | B_reg_Y_temp_reg_4_  | CK ^ -> Q v  | DFF_X1    | 0.094 |   0.136 |    0.256 | 
     | U5473                | A2 v -> ZN ^ | NAND2_X1  | 0.024 |   0.161 |    0.280 | 
     | U4118                | A1 ^ -> ZN ^ | AND2_X1   | 0.138 |   0.298 |    0.418 | 
     | U4524                | B ^ -> ZN ^  | XNOR2_X1  | 0.055 |   0.353 |    0.473 | 
     | FE_OFC20_n5490       | A ^ -> Z ^   | BUF_X2    | 0.110 |   0.463 |    0.583 | 
     | FE_OFC21_n5490       | A ^ -> ZN v  | INV_X2    | 0.075 |   0.538 |    0.657 | 
     | U4547                | A v -> ZN ^  | XNOR2_X1  | 0.108 |   0.646 |    0.765 | 
     | U6852                | A ^ -> ZN v  | XNOR2_X1  | 0.073 |   0.719 |    0.838 | 
     | U4784                | B v -> ZN v  | XNOR2_X1  | 0.055 |   0.773 |    0.893 | 
     | FE_OFC16_n8490       | A v -> Z v   | CLKBUF_X1 | 0.115 |   0.888 |    1.008 | 
     | U7350                | B v -> S ^   | FA_X1     | 0.162 |   1.050 |    1.170 | 
     | U8781                | B ^ -> CO ^  | FA_X1     | 0.059 |   1.109 |    1.229 | 
     | U8782                | A ^ -> ZN v  | INV_X1    | 0.012 |   1.121 |    1.241 | 
     | U4862                | A1 v -> ZN ^ | NAND2_X1  | 0.013 |   1.135 |    1.254 | 
     | U4864                | A2 ^ -> ZN v | NAND3_X1  | 0.034 |   1.169 |    1.288 | 
     | U8087                | A v -> ZN v  | XNOR2_X1  | 0.051 |   1.220 |    1.339 | 
     | U4591                | A v -> Z v   | XOR2_X1   | 0.053 |   1.273 |    1.392 | 
     | U4669                | A1 v -> ZN v | OR2_X1    | 0.054 |   1.327 |    1.447 | 
     | U5184                | A1 v -> ZN v | AND2_X1   | 0.030 |   1.358 |    1.477 | 
     | U8088                | B v -> ZN ^  | OAI211_X1 | 0.030 |   1.388 |    1.507 | 
     | U8093                | A1 ^ -> ZN v | NAND4_X1  | 0.036 |   1.423 |    1.543 | 
     | U3838                | A1 v -> ZN v | AND3_X1   | 0.040 |   1.463 |    1.583 | 
     | U3922                | C1 v -> ZN ^ | OAI211_X1 | 0.050 |   1.513 |    1.632 | 
     | U8688                | A1 ^ -> ZN ^ | AND2_X1   | 0.047 |   1.560 |    1.680 | 
     | U3636                | A2 ^ -> ZN ^ | OR2_X1    | 0.038 |   1.599 |    1.718 | 
     | U8712                | A1 ^ -> ZN ^ | AND2_X1   | 0.038 |   1.637 |    1.756 | 
     | U8716                | A2 ^ -> ZN v | NOR2_X1   | 0.011 |   1.648 |    1.767 | 
     | U9224                | A v -> ZN ^  | AOI211_X1 | 0.105 |   1.753 |    1.873 | 
     | U9223                | A2 ^ -> ZN ^ | OR2_X1    | 0.037 |   1.790 |    1.910 | 
     | p_reg_Y_temp_reg_37_ | D ^          | DFF_X1    | 0.000 |   1.790 |    1.910 | 
     +------------------------------------------------------------------------------+ 
Path 2: MET Setup Check with Pin p_reg_Y_temp_reg_58_/CK 
Endpoint:   p_reg_Y_temp_reg_58_/D (^) checked with  leading edge of 'CLK'
Beginpoint: B_reg_Y_temp_reg_4_/Q  (v) triggered by  leading edge of 'CLK'
Path Groups: {CLK}
Analysis View: default
Other End Arrival Time          0.071
- Setup                         0.028
+ Phase Shift                   1.914
+ CPPR Adjustment               0.000
- Uncertainty                   0.050
= Required Time                 1.908
- Arrival Time                  1.788
= Slack Time                    0.120
     Clock Rise Edge                 0.000
     + Clock Network Latency (Prop)  0.043
     = Beginpoint Arrival Time       0.043
     +------------------------------------------------------------------------------+ 
     |       Instance       |     Arc      |   Cell    | Delay | Arrival | Required | 
     |                      |              |           |       |  Time   |   Time   | 
     |----------------------+--------------+-----------+-------+---------+----------| 
     | B_reg_Y_temp_reg_4_  | CK ^         |           |       |   0.043 |    0.162 | 
     | B_reg_Y_temp_reg_4_  | CK ^ -> Q v  | DFF_X1    | 0.094 |   0.136 |    0.256 | 
     | U5473                | A2 v -> ZN ^ | NAND2_X1  | 0.024 |   0.161 |    0.280 | 
     | U4118                | A1 ^ -> ZN ^ | AND2_X1   | 0.138 |   0.298 |    0.418 | 
     | U4524                | B ^ -> ZN ^  | XNOR2_X1  | 0.055 |   0.353 |    0.473 | 
     | FE_OFC20_n5490       | A ^ -> Z ^   | BUF_X2    | 0.110 |   0.463 |    0.583 | 
     | FE_OFC21_n5490       | A ^ -> ZN v  | INV_X2    | 0.075 |   0.538 |    0.657 | 
     | U4547                | A v -> ZN ^  | XNOR2_X1  | 0.108 |   0.646 |    0.766 | 
     | U6852                | A ^ -> ZN v  | XNOR2_X1  | 0.073 |   0.719 |    0.838 | 
     | U4784                | B v -> ZN v  | XNOR2_X1  | 0.055 |   0.773 |    0.893 | 
     | FE_OFC16_n8490       | A v -> Z v   | CLKBUF_X1 | 0.115 |   0.888 |    1.008 | 
     | U7350                | B v -> S ^   | FA_X1     | 0.162 |   1.050 |    1.170 | 
     | U8781                | B ^ -> CO ^  | FA_X1     | 0.059 |   1.109 |    1.229 | 
     | U8782                | A ^ -> ZN v  | INV_X1    | 0.012 |   1.121 |    1.241 | 
     | U4862                | A1 v -> ZN ^ | NAND2_X1  | 0.013 |   1.135 |    1.254 | 
     | U4864                | A2 ^ -> ZN v | NAND3_X1  | 0.034 |   1.169 |    1.288 | 
     | U8087                | A v -> ZN v  | XNOR2_X1  | 0.051 |   1.220 |    1.339 | 
     | U4591                | A v -> Z v   | XOR2_X1   | 0.053 |   1.273 |    1.392 | 
     | U4669                | A1 v -> ZN v | OR2_X1    | 0.054 |   1.327 |    1.447 | 
     | U5184                | A1 v -> ZN v | AND2_X1   | 0.030 |   1.358 |    1.477 | 
     | U8088                | B v -> ZN ^  | OAI211_X1 | 0.030 |   1.388 |    1.507 | 
     | U8093                | A1 ^ -> ZN v | NAND4_X1  | 0.036 |   1.423 |    1.543 | 
     | U3839                | A2 v -> ZN v | AND3_X1   | 0.040 |   1.464 |    1.583 | 
     | U8104                | C1 v -> ZN ^ | OAI211_X1 | 0.052 |   1.516 |    1.635 | 
     | U8111                | A1 ^ -> ZN v | NAND4_X1  | 0.031 |   1.546 |    1.666 | 
     | U4179                | A1 v -> ZN v | AND2_X1   | 0.039 |   1.585 |    1.705 | 
     | U3958                | A1 v -> ZN v | OR2_X1    | 0.055 |   1.640 |    1.760 | 
     | U8399                | A1 v -> ZN ^ | NAND2_X1  | 0.021 |   1.662 |    1.781 | 
     | U8447                | A1 ^ -> ZN v | NAND2_X1  | 0.022 |   1.684 |    1.803 | 
     | U9415                | A3 v -> ZN v | OR3_X1    | 0.082 |   1.765 |    1.885 | 
     | U4186                | A3 v -> ZN ^ | NAND4_X1  | 0.023 |   1.788 |    1.908 | 
     | p_reg_Y_temp_reg_58_ | D ^          | DFF_X1    | 0.000 |   1.788 |    1.908 | 
     +------------------------------------------------------------------------------+ 
Path 3: MET Setup Check with Pin p_reg_Y_temp_reg_47_/CK 
Endpoint:   p_reg_Y_temp_reg_47_/D (^) checked with  leading edge of 'CLK'
Beginpoint: B_reg_Y_temp_reg_4_/Q  (v) triggered by  leading edge of 'CLK'
Path Groups: {CLK}
Analysis View: default
Other End Arrival Time          0.069
- Setup                         0.028
+ Phase Shift                   1.914
+ CPPR Adjustment               0.000
- Uncertainty                   0.050
= Required Time                 1.904
- Arrival Time                  1.779
= Slack Time                    0.125
     Clock Rise Edge                 0.000
     + Clock Network Latency (Prop)  0.043
     = Beginpoint Arrival Time       0.043
     +------------------------------------------------------------------------------+ 
     |       Instance       |     Arc      |   Cell    | Delay | Arrival | Required | 
     |                      |              |           |       |  Time   |   Time   | 
     |----------------------+--------------+-----------+-------+---------+----------| 
     | B_reg_Y_temp_reg_4_  | CK ^         |           |       |   0.043 |    0.168 | 
     | B_reg_Y_temp_reg_4_  | CK ^ -> Q v  | DFF_X1    | 0.094 |   0.136 |    0.261 | 
     | U5473                | A2 v -> ZN ^ | NAND2_X1  | 0.024 |   0.161 |    0.286 | 
     | U4118                | A1 ^ -> ZN ^ | AND2_X1   | 0.138 |   0.298 |    0.423 | 
     | U4524                | B ^ -> ZN ^  | XNOR2_X1  | 0.055 |   0.353 |    0.478 | 
     | FE_OFC20_n5490       | A ^ -> Z ^   | BUF_X2    | 0.110 |   0.463 |    0.588 | 
     | FE_OFC21_n5490       | A ^ -> ZN v  | INV_X2    | 0.075 |   0.538 |    0.663 | 
     | U4547                | A v -> ZN ^  | XNOR2_X1  | 0.108 |   0.646 |    0.771 | 
     | U6852                | A ^ -> ZN v  | XNOR2_X1  | 0.073 |   0.719 |    0.844 | 
     | U4784                | B v -> ZN v  | XNOR2_X1  | 0.055 |   0.773 |    0.898 | 
     | FE_OFC16_n8490       | A v -> Z v   | CLKBUF_X1 | 0.115 |   0.888 |    1.013 | 
     | U8827                | B v -> S ^   | FA_X1     | 0.153 |   1.041 |    1.166 | 
     | U8829                | A ^ -> CO ^  | FA_X1     | 0.050 |   1.091 |    1.216 | 
     | U8830                | A ^ -> ZN v  | INV_X1    | 0.012 |   1.103 |    1.228 | 
     | intadd_1418_U4       | A v -> CO v  | FA_X1     | 0.078 |   1.181 |    1.306 | 
     | intadd_1418_U3       | A v -> S ^   | FA_X1     | 0.126 |   1.307 |    1.432 | 
     | U4978                | A ^ -> ZN ^  | XNOR2_X1  | 0.044 |   1.351 |    1.476 | 
     | U4977                | A ^ -> ZN ^  | XNOR2_X1  | 0.050 |   1.401 |    1.526 | 
     | U8101                | A1 ^ -> ZN ^ | OR2_X1    | 0.043 |   1.444 |    1.569 | 
     | U8102                | A1 ^ -> ZN v | NAND2_X1  | 0.015 |   1.459 |    1.584 | 
     | U8103                | A1 v -> ZN ^ | NAND2_X1  | 0.018 |   1.477 |    1.602 | 
     | U3922                | A ^ -> ZN v  | OAI211_X1 | 0.040 |   1.517 |    1.642 | 
     | U8688                | A1 v -> ZN v | AND2_X1   | 0.041 |   1.558 |    1.682 | 
     | U8960                | A2 v -> ZN v | AND2_X1   | 0.029 |   1.587 |    1.711 | 
     | U8961                | A3 v -> ZN v | OR3_X1    | 0.084 |   1.671 |    1.796 | 
     | U4171                | A1 v -> ZN v | AND3_X1   | 0.035 |   1.706 |    1.831 | 
     | U9155                | A v -> ZN v  | XNOR2_X1  | 0.041 |   1.747 |    1.872 | 
     | U9179                | B2 v -> ZN ^ | OAI21_X1  | 0.032 |   1.779 |    1.904 | 
     | p_reg_Y_temp_reg_47_ | D ^          | DFFS_X1   | 0.000 |   1.779 |    1.904 | 
     +------------------------------------------------------------------------------+ 
Path 4: MET Setup Check with Pin p_reg_Y_temp_reg_46_/CK 
Endpoint:   p_reg_Y_temp_reg_46_/D (^) checked with  leading edge of 'CLK'
Beginpoint: B_reg_Y_temp_reg_4_/Q  (v) triggered by  leading edge of 'CLK'
Path Groups: {CLK}
Analysis View: default
Other End Arrival Time          0.069
- Setup                         0.029
+ Phase Shift                   1.914
+ CPPR Adjustment               0.000
- Uncertainty                   0.050
= Required Time                 1.903
- Arrival Time                  1.776
= Slack Time                    0.127
     Clock Rise Edge                 0.000
     + Clock Network Latency (Prop)  0.043
     = Beginpoint Arrival Time       0.043
     +------------------------------------------------------------------------------+ 
     |       Instance       |     Arc      |   Cell    | Delay | Arrival | Required | 
     |                      |              |           |       |  Time   |   Time   | 
     |----------------------+--------------+-----------+-------+---------+----------| 
     | B_reg_Y_temp_reg_4_  | CK ^         |           |       |   0.043 |    0.170 | 
     | B_reg_Y_temp_reg_4_  | CK ^ -> Q v  | DFF_X1    | 0.094 |   0.136 |    0.264 | 
     | U5473                | A2 v -> ZN ^ | NAND2_X1  | 0.024 |   0.161 |    0.288 | 
     | U4118                | A1 ^ -> ZN ^ | AND2_X1   | 0.138 |   0.298 |    0.426 | 
     | U4524                | B ^ -> ZN ^  | XNOR2_X1  | 0.055 |   0.353 |    0.481 | 
     | FE_OFC20_n5490       | A ^ -> Z ^   | BUF_X2    | 0.110 |   0.463 |    0.590 | 
     | FE_OFC21_n5490       | A ^ -> ZN v  | INV_X2    | 0.075 |   0.538 |    0.665 | 
     | U4547                | A v -> ZN ^  | XNOR2_X1  | 0.108 |   0.646 |    0.773 | 
     | U6852                | A ^ -> ZN v  | XNOR2_X1  | 0.073 |   0.719 |    0.846 | 
     | U4784                | B v -> ZN v  | XNOR2_X1  | 0.055 |   0.773 |    0.901 | 
     | FE_OFC16_n8490       | A v -> Z v   | CLKBUF_X1 | 0.115 |   0.888 |    1.016 | 
     | U8827                | B v -> S ^   | FA_X1     | 0.153 |   1.041 |    1.168 | 
     | U8829                | A ^ -> CO ^  | FA_X1     | 0.050 |   1.091 |    1.218 | 
     | U8830                | A ^ -> ZN v  | INV_X1    | 0.012 |   1.103 |    1.230 | 
     | intadd_1418_U4       | A v -> CO v  | FA_X1     | 0.078 |   1.181 |    1.309 | 
     | intadd_1418_U3       | A v -> S ^   | FA_X1     | 0.126 |   1.307 |    1.435 | 
     | U4978                | A ^ -> ZN ^  | XNOR2_X1  | 0.044 |   1.351 |    1.478 | 
     | U4977                | A ^ -> ZN ^  | XNOR2_X1  | 0.050 |   1.401 |    1.528 | 
     | U8101                | A1 ^ -> ZN ^ | OR2_X1    | 0.043 |   1.444 |    1.571 | 
     | U8102                | A1 ^ -> ZN v | NAND2_X1  | 0.015 |   1.459 |    1.586 | 
     | U8103                | A1 v -> ZN ^ | NAND2_X1  | 0.018 |   1.477 |    1.604 | 
     | U3922                | A ^ -> ZN v  | OAI211_X1 | 0.040 |   1.517 |    1.644 | 
     | U8688                | A1 v -> ZN v | AND2_X1   | 0.041 |   1.558 |    1.685 | 
     | U8960                | A2 v -> ZN v | AND2_X1   | 0.029 |   1.587 |    1.714 | 
     | U8961                | A3 v -> ZN v | OR3_X1    | 0.084 |   1.671 |    1.798 | 
     | U4170                | A1 v -> ZN v | AND2_X1   | 0.033 |   1.704 |    1.831 | 
     | U9152                | A v -> ZN v  | XNOR2_X1  | 0.040 |   1.744 |    1.871 | 
     | U5132                | B2 v -> ZN ^ | OAI21_X1  | 0.032 |   1.776 |    1.903 | 
     | p_reg_Y_temp_reg_46_ | D ^          | DFF_X1    | 0.000 |   1.776 |    1.903 | 
     +------------------------------------------------------------------------------+ 
Path 5: MET Setup Check with Pin p_reg_Y_temp_reg_45_/CK 
Endpoint:   p_reg_Y_temp_reg_45_/D (v) checked with  leading edge of 'CLK'
Beginpoint: B_reg_Y_temp_reg_4_/Q  (v) triggered by  leading edge of 'CLK'
Path Groups: {CLK}
Analysis View: default
Other End Arrival Time          0.072
- Setup                         0.029
+ Phase Shift                   1.914
+ CPPR Adjustment               0.000
- Uncertainty                   0.050
= Required Time                 1.906
- Arrival Time                  1.778
= Slack Time                    0.128
     Clock Rise Edge                 0.000
     + Clock Network Latency (Prop)  0.043
     = Beginpoint Arrival Time       0.043
     +------------------------------------------------------------------------------+ 
     |       Instance       |     Arc      |   Cell    | Delay | Arrival | Required | 
     |                      |              |           |       |  Time   |   Time   | 
     |----------------------+--------------+-----------+-------+---------+----------| 
     | B_reg_Y_temp_reg_4_  | CK ^         |           |       |   0.043 |    0.171 | 
     | B_reg_Y_temp_reg_4_  | CK ^ -> Q v  | DFF_X1    | 0.094 |   0.136 |    0.265 | 
     | U5473                | A2 v -> ZN ^ | NAND2_X1  | 0.024 |   0.161 |    0.289 | 
     | U4118                | A1 ^ -> ZN ^ | AND2_X1   | 0.138 |   0.298 |    0.427 | 
     | U4524                | B ^ -> ZN ^  | XNOR2_X1  | 0.055 |   0.353 |    0.481 | 
     | FE_OFC20_n5490       | A ^ -> Z ^   | BUF_X2    | 0.110 |   0.463 |    0.591 | 
     | FE_OFC21_n5490       | A ^ -> ZN v  | INV_X2    | 0.075 |   0.538 |    0.666 | 
     | U4547                | A v -> ZN ^  | XNOR2_X1  | 0.108 |   0.646 |    0.774 | 
     | U6852                | A ^ -> ZN v  | XNOR2_X1  | 0.073 |   0.719 |    0.847 | 
     | U4784                | B v -> ZN v  | XNOR2_X1  | 0.055 |   0.773 |    0.902 | 
     | FE_OFC16_n8490       | A v -> Z v   | CLKBUF_X1 | 0.115 |   0.888 |    1.016 | 
     | U8827                | B v -> S ^   | FA_X1     | 0.153 |   1.041 |    1.169 | 
     | U8829                | A ^ -> CO ^  | FA_X1     | 0.050 |   1.091 |    1.219 | 
     | U8830                | A ^ -> ZN v  | INV_X1    | 0.012 |   1.103 |    1.231 | 
     | intadd_1418_U4       | A v -> CO v  | FA_X1     | 0.078 |   1.181 |    1.310 | 
     | intadd_1418_U3       | A v -> S ^   | FA_X1     | 0.126 |   1.307 |    1.436 | 
     | U4978                | A ^ -> ZN ^  | XNOR2_X1  | 0.044 |   1.351 |    1.479 | 
     | U4977                | A ^ -> ZN ^  | XNOR2_X1  | 0.050 |   1.401 |    1.529 | 
     | U8101                | A1 ^ -> ZN ^ | OR2_X1    | 0.043 |   1.444 |    1.572 | 
     | U8102                | A1 ^ -> ZN v | NAND2_X1  | 0.015 |   1.459 |    1.587 | 
     | U8103                | A1 v -> ZN ^ | NAND2_X1  | 0.018 |   1.477 |    1.605 | 
     | U3922                | A ^ -> ZN v  | OAI211_X1 | 0.040 |   1.517 |    1.645 | 
     | U8688                | A1 v -> ZN v | AND2_X1   | 0.041 |   1.558 |    1.686 | 
     | U8960                | A2 v -> ZN v | AND2_X1   | 0.029 |   1.587 |    1.715 | 
     | U8961                | A3 v -> ZN v | OR3_X1    | 0.084 |   1.671 |    1.799 | 
     | U8962                | A1 v -> ZN ^ | NOR2_X1   | 0.032 |   1.703 |    1.831 | 
     | U8963                | A ^ -> ZN ^  | XNOR2_X1  | 0.052 |   1.755 |    1.883 | 
     | U3955                | B2 ^ -> ZN v | OAI21_X1  | 0.023 |   1.778 |    1.906 | 
     | p_reg_Y_temp_reg_45_ | D v          | DFFS_X1   | 0.000 |   1.778 |    1.906 | 
     +------------------------------------------------------------------------------+ 
Path 6: MET Setup Check with Pin p_reg_Y_temp_reg_57_/CK 
Endpoint:   p_reg_Y_temp_reg_57_/D (^) checked with  leading edge of 'CLK'
Beginpoint: B_reg_Y_temp_reg_4_/Q  (v) triggered by  leading edge of 'CLK'
Path Groups: {CLK}
Analysis View: default
Other End Arrival Time          0.072
- Setup                         0.028
+ Phase Shift                   1.914
+ CPPR Adjustment               0.000
- Uncertainty                   0.050
= Required Time                 1.907
- Arrival Time                  1.777
= Slack Time                    0.130
     Clock Rise Edge                 0.000
     + Clock Network Latency (Prop)  0.043
     = Beginpoint Arrival Time       0.043
     +------------------------------------------------------------------------------+ 
     |       Instance       |     Arc      |   Cell    | Delay | Arrival | Required | 
     |                      |              |           |       |  Time   |   Time   | 
     |----------------------+--------------+-----------+-------+---------+----------| 
     | B_reg_Y_temp_reg_4_  | CK ^         |           |       |   0.043 |    0.173 | 
     | B_reg_Y_temp_reg_4_  | CK ^ -> Q v  | DFF_X1    | 0.094 |   0.136 |    0.266 | 
     | U5473                | A2 v -> ZN ^ | NAND2_X1  | 0.024 |   0.161 |    0.291 | 
     | U4118                | A1 ^ -> ZN ^ | AND2_X1   | 0.138 |   0.298 |    0.428 | 
     | U4524                | B ^ -> ZN ^  | XNOR2_X1  | 0.055 |   0.353 |    0.483 | 
     | FE_OFC20_n5490       | A ^ -> Z ^   | BUF_X2    | 0.110 |   0.463 |    0.593 | 
     | FE_OFC21_n5490       | A ^ -> ZN v  | INV_X2    | 0.075 |   0.538 |    0.668 | 
     | U4547                | A v -> ZN ^  | XNOR2_X1  | 0.108 |   0.646 |    0.776 | 
     | U6852                | A ^ -> ZN v  | XNOR2_X1  | 0.073 |   0.719 |    0.849 | 
     | U4784                | B v -> ZN v  | XNOR2_X1  | 0.055 |   0.773 |    0.903 | 
     | FE_OFC16_n8490       | A v -> Z v   | CLKBUF_X1 | 0.115 |   0.888 |    1.018 | 
     | U7350                | B v -> S ^   | FA_X1     | 0.162 |   1.050 |    1.180 | 
     | U8781                | B ^ -> CO ^  | FA_X1     | 0.059 |   1.109 |    1.239 | 
     | U8782                | A ^ -> ZN v  | INV_X1    | 0.012 |   1.121 |    1.251 | 
     | U4862                | A1 v -> ZN ^ | NAND2_X1  | 0.013 |   1.135 |    1.265 | 
     | U4864                | A2 ^ -> ZN v | NAND3_X1  | 0.034 |   1.169 |    1.299 | 
     | U8087                | A v -> ZN v  | XNOR2_X1  | 0.051 |   1.220 |    1.350 | 
     | U4591                | A v -> Z v   | XOR2_X1   | 0.053 |   1.273 |    1.403 | 
     | U4669                | A1 v -> ZN v | OR2_X1    | 0.054 |   1.327 |    1.457 | 
     | U5184                | A1 v -> ZN v | AND2_X1   | 0.030 |   1.358 |    1.488 | 
     | U8088                | B v -> ZN ^  | OAI211_X1 | 0.030 |   1.388 |    1.518 | 
     | U8093                | A1 ^ -> ZN v | NAND4_X1  | 0.036 |   1.423 |    1.554 | 
     | U3839                | A2 v -> ZN v | AND3_X1   | 0.040 |   1.464 |    1.594 | 
     | U8104                | C1 v -> ZN ^ | OAI211_X1 | 0.052 |   1.516 |    1.646 | 
     | U8111                | A1 ^ -> ZN v | NAND4_X1  | 0.031 |   1.546 |    1.676 | 
     | U4179                | A1 v -> ZN v | AND2_X1   | 0.039 |   1.585 |    1.715 | 
     | U3958                | A1 v -> ZN v | OR2_X1    | 0.055 |   1.640 |    1.770 | 
     | U8399                | A1 v -> ZN ^ | NAND2_X1  | 0.021 |   1.662 |    1.792 | 
     | U8447                | A1 ^ -> ZN v | NAND2_X1  | 0.022 |   1.684 |    1.814 | 
     | U9164                | A1 v -> ZN v | AND2_X1   | 0.032 |   1.716 |    1.846 | 
     | U9165                | B v -> ZN v  | XNOR2_X1  | 0.037 |   1.753 |    1.883 | 
     | U5204                | B1 v -> ZN ^ | OAI21_X1  | 0.025 |   1.777 |    1.907 | 
     | p_reg_Y_temp_reg_57_ | D ^          | DFFS_X1   | 0.000 |   1.777 |    1.907 | 
     +------------------------------------------------------------------------------+ 
Path 7: MET Setup Check with Pin p_reg_Y_temp_reg_44_/CK 
Endpoint:   p_reg_Y_temp_reg_44_/D (^) checked with  leading edge of 'CLK'
Beginpoint: B_reg_Y_temp_reg_4_/Q  (v) triggered by  leading edge of 'CLK'
Path Groups: {CLK}
Analysis View: default
Other End Arrival Time          0.072
- Setup                         0.031
+ Phase Shift                   1.914
+ CPPR Adjustment               0.000
- Uncertainty                   0.050
= Required Time                 1.905
- Arrival Time                  1.772
= Slack Time                    0.133
     Clock Rise Edge                 0.000
     + Clock Network Latency (Prop)  0.043
     = Beginpoint Arrival Time       0.043
     +------------------------------------------------------------------------------+ 
     |       Instance       |     Arc      |   Cell    | Delay | Arrival | Required | 
     |                      |              |           |       |  Time   |   Time   | 
     |----------------------+--------------+-----------+-------+---------+----------| 
     | B_reg_Y_temp_reg_4_  | CK ^         |           |       |   0.043 |    0.176 | 
     | B_reg_Y_temp_reg_4_  | CK ^ -> Q v  | DFF_X1    | 0.094 |   0.136 |    0.269 | 
     | U5473                | A2 v -> ZN ^ | NAND2_X1  | 0.024 |   0.161 |    0.293 | 
     | U4118                | A1 ^ -> ZN ^ | AND2_X1   | 0.138 |   0.298 |    0.431 | 
     | U4524                | B ^ -> ZN ^  | XNOR2_X1  | 0.055 |   0.353 |    0.486 | 
     | FE_OFC20_n5490       | A ^ -> Z ^   | BUF_X2    | 0.110 |   0.463 |    0.596 | 
     | FE_OFC21_n5490       | A ^ -> ZN v  | INV_X2    | 0.075 |   0.538 |    0.671 | 
     | U4547                | A v -> ZN ^  | XNOR2_X1  | 0.108 |   0.646 |    0.779 | 
     | U6852                | A ^ -> ZN v  | XNOR2_X1  | 0.073 |   0.719 |    0.852 | 
     | U4784                | B v -> ZN v  | XNOR2_X1  | 0.055 |   0.773 |    0.906 | 
     | FE_OFC16_n8490       | A v -> Z v   | CLKBUF_X1 | 0.115 |   0.888 |    1.021 | 
     | U7350                | B v -> S ^   | FA_X1     | 0.162 |   1.050 |    1.183 | 
     | U8781                | B ^ -> CO ^  | FA_X1     | 0.059 |   1.109 |    1.242 | 
     | U8782                | A ^ -> ZN v  | INV_X1    | 0.012 |   1.121 |    1.254 | 
     | U4862                | A1 v -> ZN ^ | NAND2_X1  | 0.013 |   1.135 |    1.268 | 
     | U4864                | A2 ^ -> ZN v | NAND3_X1  | 0.034 |   1.169 |    1.302 | 
     | U8087                | A v -> ZN v  | XNOR2_X1  | 0.051 |   1.220 |    1.352 | 
     | U4591                | A v -> Z v   | XOR2_X1   | 0.053 |   1.273 |    1.406 | 
     | U4669                | A1 v -> ZN v | OR2_X1    | 0.054 |   1.327 |    1.460 | 
     | U5184                | A1 v -> ZN v | AND2_X1   | 0.030 |   1.358 |    1.490 | 
     | U8088                | B v -> ZN ^  | OAI211_X1 | 0.030 |   1.388 |    1.520 | 
     | U8093                | A1 ^ -> ZN v | NAND4_X1  | 0.036 |   1.423 |    1.556 | 
     | U3838                | A1 v -> ZN v | AND3_X1   | 0.040 |   1.463 |    1.596 | 
     | U3922                | C1 v -> ZN ^ | OAI211_X1 | 0.050 |   1.513 |    1.646 | 
     | U8688                | A1 ^ -> ZN ^ | AND2_X1   | 0.047 |   1.560 |    1.693 | 
     | U8756                | A1 ^ -> ZN v | NAND2_X1  | 0.016 |   1.576 |    1.709 | 
     | U8757                | A3 v -> ZN v | OR3_X1    | 0.078 |   1.654 |    1.786 | 
     | U8758                | A3 v -> ZN v | AND3_X1   | 0.038 |   1.692 |    1.824 | 
     | U8761                | A v -> ZN v  | XNOR2_X1  | 0.046 |   1.738 |    1.871 | 
     | U9226                | B2 v -> ZN ^ | OAI21_X1  | 0.034 |   1.772 |    1.905 | 
     | p_reg_Y_temp_reg_44_ | D ^          | DFFS_X1   | 0.000 |   1.772 |    1.905 | 
     +------------------------------------------------------------------------------+ 
Path 8: MET Setup Check with Pin p_reg_Y_temp_reg_43_/CK 
Endpoint:   p_reg_Y_temp_reg_43_/D (v) checked with  leading edge of 'CLK'
Beginpoint: B_reg_Y_temp_reg_4_/Q  (v) triggered by  leading edge of 'CLK'
Path Groups: {CLK}
Analysis View: default
Other End Arrival Time          0.068
- Setup                         0.026
+ Phase Shift                   1.914
+ CPPR Adjustment               0.000
- Uncertainty                   0.050
= Required Time                 1.906
- Arrival Time                  1.770
= Slack Time                    0.136
     Clock Rise Edge                 0.000
     + Clock Network Latency (Prop)  0.043
     = Beginpoint Arrival Time       0.043
     +------------------------------------------------------------------------------+ 
     |       Instance       |     Arc      |   Cell    | Delay | Arrival | Required | 
     |                      |              |           |       |  Time   |   Time   | 
     |----------------------+--------------+-----------+-------+---------+----------| 
     | B_reg_Y_temp_reg_4_  | CK ^         |           |       |   0.043 |    0.178 | 
     | B_reg_Y_temp_reg_4_  | CK ^ -> Q v  | DFF_X1    | 0.094 |   0.136 |    0.272 | 
     | U5473                | A2 v -> ZN ^ | NAND2_X1  | 0.024 |   0.161 |    0.296 | 
     | U4118                | A1 ^ -> ZN ^ | AND2_X1   | 0.138 |   0.298 |    0.434 | 
     | U4524                | B ^ -> ZN ^  | XNOR2_X1  | 0.055 |   0.353 |    0.489 | 
     | FE_OFC20_n5490       | A ^ -> Z ^   | BUF_X2    | 0.110 |   0.463 |    0.599 | 
     | FE_OFC21_n5490       | A ^ -> ZN v  | INV_X2    | 0.075 |   0.538 |    0.673 | 
     | U4547                | A v -> ZN ^  | XNOR2_X1  | 0.108 |   0.646 |    0.782 | 
     | U6852                | A ^ -> ZN v  | XNOR2_X1  | 0.073 |   0.719 |    0.854 | 
     | U4784                | B v -> ZN v  | XNOR2_X1  | 0.055 |   0.773 |    0.909 | 
     | FE_OFC16_n8490       | A v -> Z v   | CLKBUF_X1 | 0.115 |   0.888 |    1.024 | 
     | U7350                | B v -> S ^   | FA_X1     | 0.162 |   1.050 |    1.186 | 
     | U8781                | B ^ -> CO ^  | FA_X1     | 0.059 |   1.109 |    1.245 | 
     | U8782                | A ^ -> ZN v  | INV_X1    | 0.012 |   1.121 |    1.257 | 
     | U4862                | A1 v -> ZN ^ | NAND2_X1  | 0.013 |   1.135 |    1.270 | 
     | U4864                | A2 ^ -> ZN v | NAND3_X1  | 0.034 |   1.169 |    1.304 | 
     | U8087                | A v -> ZN v  | XNOR2_X1  | 0.051 |   1.220 |    1.355 | 
     | U4591                | A v -> Z v   | XOR2_X1   | 0.053 |   1.273 |    1.408 | 
     | U4669                | A1 v -> ZN v | OR2_X1    | 0.054 |   1.327 |    1.463 | 
     | U5184                | A1 v -> ZN v | AND2_X1   | 0.030 |   1.358 |    1.493 | 
     | U8088                | B v -> ZN ^  | OAI211_X1 | 0.030 |   1.388 |    1.523 | 
     | U8093                | A1 ^ -> ZN v | NAND4_X1  | 0.036 |   1.423 |    1.559 | 
     | U3838                | A1 v -> ZN v | AND3_X1   | 0.040 |   1.463 |    1.599 | 
     | U3922                | C1 v -> ZN ^ | OAI211_X1 | 0.050 |   1.513 |    1.649 | 
     | U8688                | A1 ^ -> ZN ^ | AND2_X1   | 0.047 |   1.560 |    1.696 | 
     | U8756                | A1 ^ -> ZN v | NAND2_X1  | 0.016 |   1.576 |    1.711 | 
     | U3668                | A1 v -> ZN v | AND2_X1   | 0.034 |   1.610 |    1.746 | 
     | U3667                | A2 v -> ZN ^ | NOR2_X1   | 0.058 |   1.668 |    1.804 | 
     | U9244                | A2 ^ -> ZN ^ | OR2_X1    | 0.034 |   1.702 |    1.838 | 
     | U9243                | A ^ -> ZN v  | INV_X1    | 0.006 |   1.708 |    1.844 | 
     | U9238                | A1 v -> ZN v | OR3_X1    | 0.062 |   1.770 |    1.906 | 
     | p_reg_Y_temp_reg_43_ | D v          | DFFS_X1   | 0.000 |   1.770 |    1.906 | 
     +------------------------------------------------------------------------------+ 
Path 9: MET Setup Check with Pin p_reg_Y_temp_reg_63_/CK 
Endpoint:   p_reg_Y_temp_reg_63_/D (v) checked with  leading edge of 'CLK'
Beginpoint: B_reg_Y_temp_reg_4_/Q  (v) triggered by  leading edge of 'CLK'
Path Groups: {CLK}
Analysis View: default
Other End Arrival Time          0.070
- Setup                         0.024
+ Phase Shift                   1.914
+ CPPR Adjustment               0.000
- Uncertainty                   0.050
= Required Time                 1.910
- Arrival Time                  1.769
= Slack Time                    0.141
     Clock Rise Edge                 0.000
     + Clock Network Latency (Prop)  0.043
     = Beginpoint Arrival Time       0.043
     +------------------------------------------------------------------------------+ 
     |       Instance       |     Arc      |   Cell    | Delay | Arrival | Required | 
     |                      |              |           |       |  Time   |   Time   | 
     |----------------------+--------------+-----------+-------+---------+----------| 
     | B_reg_Y_temp_reg_4_  | CK ^         |           |       |   0.043 |    0.184 | 
     | B_reg_Y_temp_reg_4_  | CK ^ -> Q v  | DFF_X1    | 0.094 |   0.136 |    0.277 | 
     | U5473                | A2 v -> ZN ^ | NAND2_X1  | 0.024 |   0.161 |    0.301 | 
     | U4118                | A1 ^ -> ZN ^ | AND2_X1   | 0.138 |   0.298 |    0.439 | 
     | U4524                | B ^ -> ZN ^  | XNOR2_X1  | 0.055 |   0.353 |    0.494 | 
     | FE_OFC20_n5490       | A ^ -> Z ^   | BUF_X2    | 0.110 |   0.463 |    0.604 | 
     | FE_OFC21_n5490       | A ^ -> ZN v  | INV_X2    | 0.075 |   0.538 |    0.679 | 
     | U4547                | A v -> ZN ^  | XNOR2_X1  | 0.108 |   0.646 |    0.787 | 
     | U6852                | A ^ -> ZN v  | XNOR2_X1  | 0.073 |   0.719 |    0.860 | 
     | U4784                | B v -> ZN v  | XNOR2_X1  | 0.055 |   0.773 |    0.914 | 
     | FE_OFC16_n8490       | A v -> Z v   | CLKBUF_X1 | 0.115 |   0.888 |    1.029 | 
     | U7350                | B v -> S ^   | FA_X1     | 0.162 |   1.050 |    1.191 | 
     | U8781                | B ^ -> CO ^  | FA_X1     | 0.059 |   1.109 |    1.250 | 
     | U8782                | A ^ -> ZN v  | INV_X1    | 0.012 |   1.121 |    1.262 | 
     | U4862                | A1 v -> ZN ^ | NAND2_X1  | 0.013 |   1.135 |    1.276 | 
     | U4864                | A2 ^ -> ZN v | NAND3_X1  | 0.034 |   1.169 |    1.310 | 
     | U8087                | A v -> ZN v  | XNOR2_X1  | 0.051 |   1.220 |    1.360 | 
     | U4591                | A v -> Z v   | XOR2_X1   | 0.053 |   1.273 |    1.414 | 
     | U4669                | A1 v -> ZN v | OR2_X1    | 0.054 |   1.327 |    1.468 | 
     | U5184                | A1 v -> ZN v | AND2_X1   | 0.030 |   1.358 |    1.498 | 
     | U8088                | B v -> ZN ^  | OAI211_X1 | 0.030 |   1.388 |    1.528 | 
     | U8093                | A1 ^ -> ZN v | NAND4_X1  | 0.036 |   1.423 |    1.564 | 
     | U3839                | A2 v -> ZN v | AND3_X1   | 0.040 |   1.464 |    1.605 | 
     | U8104                | C1 v -> ZN ^ | OAI211_X1 | 0.052 |   1.516 |    1.656 | 
     | U8111                | A1 ^ -> ZN v | NAND4_X1  | 0.031 |   1.546 |    1.687 | 
     | U4179                | A1 v -> ZN v | AND2_X1   | 0.039 |   1.585 |    1.726 | 
     | U3958                | A1 v -> ZN v | OR2_X1    | 0.055 |   1.640 |    1.781 | 
     | U4178                | A1 v -> ZN v | OR2_X1    | 0.044 |   1.685 |    1.825 | 
     | U4177                | A1 v -> ZN v | AND3_X1   | 0.038 |   1.723 |    1.864 | 
     | U9178                | B1 v -> ZN ^ | OAI21_X1  | 0.031 |   1.754 |    1.894 | 
     | U9428                | A1 ^ -> ZN v | NAND2_X1  | 0.015 |   1.769 |    1.910 | 
     | p_reg_Y_temp_reg_63_ | D v          | DFFS_X1   | 0.000 |   1.769 |    1.910 | 
     +------------------------------------------------------------------------------+ 
Path 10: MET Setup Check with Pin p_reg_Y_temp_reg_61_/CK 
Endpoint:   p_reg_Y_temp_reg_61_/D (v) checked with  leading edge of 'CLK'
Beginpoint: B_reg_Y_temp_reg_4_/Q  (v) triggered by  leading edge of 'CLK'
Path Groups: {CLK}
Analysis View: default
Other End Arrival Time          0.071
- Setup                         0.025
+ Phase Shift                   1.914
+ CPPR Adjustment               0.000
- Uncertainty                   0.050
= Required Time                 1.910
- Arrival Time                  1.766
= Slack Time                    0.143
     Clock Rise Edge                 0.000
     + Clock Network Latency (Prop)  0.043
     = Beginpoint Arrival Time       0.043
     +------------------------------------------------------------------------------+ 
     |       Instance       |     Arc      |   Cell    | Delay | Arrival | Required | 
     |                      |              |           |       |  Time   |   Time   | 
     |----------------------+--------------+-----------+-------+---------+----------| 
     | B_reg_Y_temp_reg_4_  | CK ^         |           |       |   0.043 |    0.186 | 
     | B_reg_Y_temp_reg_4_  | CK ^ -> Q v  | DFF_X1    | 0.094 |   0.136 |    0.280 | 
     | U5473                | A2 v -> ZN ^ | NAND2_X1  | 0.024 |   0.161 |    0.304 | 
     | U4118                | A1 ^ -> ZN ^ | AND2_X1   | 0.138 |   0.298 |    0.442 | 
     | U4524                | B ^ -> ZN ^  | XNOR2_X1  | 0.055 |   0.353 |    0.497 | 
     | FE_OFC20_n5490       | A ^ -> Z ^   | BUF_X2    | 0.110 |   0.463 |    0.606 | 
     | FE_OFC21_n5490       | A ^ -> ZN v  | INV_X2    | 0.075 |   0.538 |    0.681 | 
     | U4547                | A v -> ZN ^  | XNOR2_X1  | 0.108 |   0.646 |    0.789 | 
     | U6852                | A ^ -> ZN v  | XNOR2_X1  | 0.073 |   0.719 |    0.862 | 
     | U4784                | B v -> ZN v  | XNOR2_X1  | 0.055 |   0.773 |    0.917 | 
     | FE_OFC16_n8490       | A v -> Z v   | CLKBUF_X1 | 0.115 |   0.888 |    1.032 | 
     | U7350                | B v -> S ^   | FA_X1     | 0.162 |   1.050 |    1.194 | 
     | U8781                | B ^ -> CO ^  | FA_X1     | 0.059 |   1.109 |    1.253 | 
     | U8782                | A ^ -> ZN v  | INV_X1    | 0.012 |   1.121 |    1.265 | 
     | U4862                | A1 v -> ZN ^ | NAND2_X1  | 0.013 |   1.135 |    1.278 | 
     | U4864                | A2 ^ -> ZN v | NAND3_X1  | 0.034 |   1.169 |    1.312 | 
     | U8087                | A v -> ZN v  | XNOR2_X1  | 0.051 |   1.220 |    1.363 | 
     | U4591                | A v -> Z v   | XOR2_X1   | 0.053 |   1.273 |    1.416 | 
     | U4669                | A1 v -> ZN v | OR2_X1    | 0.054 |   1.327 |    1.471 | 
     | U5184                | A1 v -> ZN v | AND2_X1   | 0.030 |   1.358 |    1.501 | 
     | U8088                | B v -> ZN ^  | OAI211_X1 | 0.030 |   1.388 |    1.531 | 
     | U8093                | A1 ^ -> ZN v | NAND4_X1  | 0.036 |   1.423 |    1.567 | 
     | U3839                | A2 v -> ZN v | AND3_X1   | 0.040 |   1.464 |    1.607 | 
     | U8104                | C1 v -> ZN ^ | OAI211_X1 | 0.052 |   1.516 |    1.659 | 
     | U8111                | A1 ^ -> ZN v | NAND4_X1  | 0.031 |   1.546 |    1.689 | 
     | U4179                | A1 v -> ZN v | AND2_X1   | 0.039 |   1.585 |    1.728 | 
     | U3958                | A1 v -> ZN v | OR2_X1    | 0.055 |   1.640 |    1.784 | 
     | U4178                | A1 v -> ZN v | OR2_X1    | 0.044 |   1.685 |    1.828 | 
     | U4177                | A1 v -> ZN v | AND3_X1   | 0.038 |   1.723 |    1.866 | 
     | U5454                | B1 v -> ZN ^ | OAI21_X1  | 0.028 |   1.751 |    1.895 | 
     | U9180                | A1 ^ -> ZN v | NAND2_X1  | 0.015 |   1.766 |    1.909 | 
     | p_reg_Y_temp_reg_61_ | D v          | DFF_X1    | 0.000 |   1.766 |    1.910 | 
     +------------------------------------------------------------------------------+ 

