 
****************************************
Report : area
Design : boothmul_registered
Version: W-2024.09-SP2
Date   : Mon Sep 14 18:46:45 2026
****************************************

Library(s) Used:

    NangateOpenCellLibrary (File: /home/repository/do/libnandgate/NangateOpenCellLibrary_typical_ecsm.db)

Number of ports:                          131
Number of nets:                          5869
Number of cells:                         5276
Number of combinational cells:           5145
Number of sequential cells:               128
Number of macros/black boxes:               0
Number of buf/inv:                        960
Number of references:                      38

Combinational area:               6912.009990
Buf/Inv area:                      579.614002
Noncombinational area:             593.977981
Macro/Black Box area:                0.000000
Net Interconnect area:      undefined  (Wire load has zero net area)

Total cell area:                  7505.987971
Total area:                 undefined
1
