 
****************************************
Report : qor
Design : boothmul_registered
Version: W-2024.09-SP2
Date   : Thu Aug 27 05:18:10 2026
****************************************


  Timing Path Group 'CLK'
  -----------------------------------
  Levels of Logic:              67.00
  Critical Path Length:          4.42
  Critical Path Slack:           0.00
  Critical Path Clk Period:      4.50
  Total Negative Slack:          0.00
  No. of Violating Paths:        0.00
  Worst Hold Violation:          0.00
  Total Hold Violation:          0.00
  No. of Hold Violations:        0.00
  -----------------------------------


  Cell Count
  -----------------------------------
  Hierarchical Cell Count:          0
  Hierarchical Port Count:          0
  Leaf Cell Count:               3891
  Buf/Inv Cell Count:             442
  Buf Cell Count:                  11
  Inv Cell Count:                 431
  CT Buf/Inv Cell Count:            0
  Combinational Cell Count:      3763
  Sequential Cell Count:          128
  Macro Count:                      0
  -----------------------------------


  Area
  -----------------------------------
  Combinational Area:     5816.622002
  Noncombinational Area:   586.795982
  Buf/Inv Area:            240.996002
  Total Buffer Area:            10.37
  Total Inverter Area:         230.62
  Macro/Black Box Area:      0.000000
  Net Area:                  0.000000
  -----------------------------------
  Cell Area:              6403.417984
  Design Area:            6403.417984


  Design Rules
  -----------------------------------
  Total Number of Nets:          4570
  Nets With Violations:             2
  Max Trans Violations:             2
  Max Cap Violations:               2
  -----------------------------------


  Hostname: microsys.openstack.polito

  Compile CPU Statistics
  -----------------------------------------
  Resource Sharing:                    2.30
  Logic Optimization:                  2.22
  Mapping Optimization:               12.76
  -----------------------------------------
  Overall Compile Time:               36.72
  Overall Compile Wall Clock Time:    39.75

  --------------------------------------------------------------------

  Design  WNS: 0.00  TNS: 0.00  Number of Violating Paths: 0


  Design (Hold)  WNS: 0.00  TNS: 0.00  Number of Violating Paths: 0

  --------------------------------------------------------------------


1
