
Power Net Detected:
        Voltage	    Name
             0V	    gnd
           1.1V	    vdd
Using Power View: default.
AAE_INFO: opIsDesignInPostRouteState() is 1
#################################################################################
# Design Stage: PostRoute
# Design Name: boothmul_registered
# Design Mode: 45nm
# Analysis Mode: MMMC OCV 
# Parasitics Mode: SPEF/RCDB 
# Signoff Settings: SI Off 
#################################################################################
Start delay calculation (fullDC) (4 T). (MEM=3435.41)
Total number of fetched objects 3396
AAE_INFO: Total number of nets for which stage creation was skipped for all views 0
End delay calculation. (MEM=3479.49 CPU=0:00:01.4 REAL=0:00:00.0)
End delay calculation (fullDC). (MEM=3479.49 CPU=0:00:01.6 REAL=0:00:00.0)
Load RC corner of view default

Begin Power Analysis

             0V	    gnd
           1.1V	    vdd

Begin Processing Timing Library for Power Calculation

Ended Processing Timing Library for Power Calculation: (cpu=0:00:00, real=0:00:00, mem(process/total/peak)=3445.51MB/7976.56MB/3445.51MB)



Begin Processing Power Net/Grid for Power Calculation

Ended Processing Power Net/Grid for Power Calculation: (cpu=0:00:00, real=0:00:00, mem(process/total/peak)=3445.51MB/7976.56MB/3445.51MB)

Begin Processing Timing Window Data for Power Calculation

CLK(223.095MHz) CK: assigning clock CLK to net CLK
Ended Processing Timing Window Data for Power Calculation: (cpu=0:00:00, real=0:00:00, mem(process/total/peak)=3449.26MB/8240.58MB/3449.26MB)

Begin Processing User Attributes

Ended Processing User Attributes: (cpu=0:00:00, real=0:00:00, mem(process/total/peak)=3449.26MB/8240.58MB/3449.26MB)

Begin Processing Signal Activity


Starting Levelizing
2026-Oct-10 22:36:37 (2026-Oct-10 20:36:37 GMT)
2026-Oct-10 22:36:37 (2026-Oct-10 20:36:37 GMT): 10%
2026-Oct-10 22:36:37 (2026-Oct-10 20:36:37 GMT): 20%
2026-Oct-10 22:36:37 (2026-Oct-10 20:36:37 GMT): 30%
2026-Oct-10 22:36:37 (2026-Oct-10 20:36:37 GMT): 40%
2026-Oct-10 22:36:37 (2026-Oct-10 20:36:37 GMT): 50%
2026-Oct-10 22:36:37 (2026-Oct-10 20:36:37 GMT): 60%
2026-Oct-10 22:36:37 (2026-Oct-10 20:36:37 GMT): 70%
2026-Oct-10 22:36:37 (2026-Oct-10 20:36:37 GMT): 80%
2026-Oct-10 22:36:37 (2026-Oct-10 20:36:37 GMT): 90%

Finished Levelizing
2026-Oct-10 22:36:37 (2026-Oct-10 20:36:37 GMT)

Starting Activity Propagation
2026-Oct-10 22:36:37 (2026-Oct-10 20:36:37 GMT)
** INFO:  (VOLTUS_POWR-1356): No default input activity has been set. Defaulting to 0.2.
Use 'set_default_switching_activity -input_activity' command to change the default activity value.

2026-Oct-10 22:36:37 (2026-Oct-10 20:36:37 GMT): 10%
2026-Oct-10 22:36:37 (2026-Oct-10 20:36:37 GMT): 20%
2026-Oct-10 22:36:37 (2026-Oct-10 20:36:37 GMT): 30%

Finished Activity Propagation
2026-Oct-10 22:36:37 (2026-Oct-10 20:36:37 GMT)
Ended Processing Signal Activity: (cpu=0:00:00, real=0:00:00, mem(process/total/peak)=3449.51MB/8240.58MB/3449.51MB)

Begin Power Computation

      ----------------------------------------------------------
      # of cell(s) missing both power/leakage table: 0
      # of cell(s) missing power table: 0
      # of cell(s) missing leakage table: 0
      ----------------------------------------------------------



Starting Calculating power
2026-Oct-10 22:36:37 (2026-Oct-10 20:36:37 GMT)
2026-Oct-10 22:36:37 (2026-Oct-10 20:36:37 GMT): 10%
2026-Oct-10 22:36:37 (2026-Oct-10 20:36:37 GMT): 20%
2026-Oct-10 22:36:37 (2026-Oct-10 20:36:37 GMT): 30%
2026-Oct-10 22:36:37 (2026-Oct-10 20:36:37 GMT): 40%
2026-Oct-10 22:36:37 (2026-Oct-10 20:36:37 GMT): 50%
2026-Oct-10 22:36:37 (2026-Oct-10 20:36:37 GMT): 60%
2026-Oct-10 22:36:37 (2026-Oct-10 20:36:37 GMT): 70%
2026-Oct-10 22:36:37 (2026-Oct-10 20:36:37 GMT): 80%
2026-Oct-10 22:36:37 (2026-Oct-10 20:36:37 GMT): 90%

Finished Calculating power
2026-Oct-10 22:36:37 (2026-Oct-10 20:36:37 GMT)
      # of MSMV cell(s) missing power_level: 0
Ended Power Computation: (cpu=0:00:00, real=0:00:00, mem(process/total/peak)=3462.49MB/8280.60MB/3462.49MB)

Begin Processing User Attributes

Begin Processing set_power
Ended Processing set_power: (cpu=0:00:00, real=0:00:00,
mem(process/total/peak)=3462.49MB/8280.60MB/3462.49MB)
Ended Processing User Attributes: (cpu=0:00:00, real=0:00:00, mem(process/total/peak)=3462.49MB/8280.60MB/3462.49MB)

Ended Power Analysis: (cpu=0:00:00, real=0:00:00, mem(process/total/peak)=3462.49MB/8280.60MB/3462.49MB)

Begin Boundary Leakage Calculation
Ended Boundary Leakage Calculation: (cpu=0:00:00, real=0:00:00,
mem(process/total/peak)=3462.49MB/8280.60MB/3462.49MB)
Begin Static Power Report Generation
*----------------------------------------------------------------------------------------
*	Innovus 23.35-s106_1 (64bit) 07/16/2025 17:52 (Linux 3.10.0-693.el7.x86_64)
*	
*
* 	Date & Time:	2026-Oct-10 22:36:37 (2026-Oct-10 20:36:37 GMT)
*
*----------------------------------------------------------------------------------------
*
*	Design: boothmul_registered
*
*	Liberty Libraries used:
*	        default: /eda/dk/nangate45/liberty/NangateOpenCellLibrary_typical_ecsm_nowlm.lib
*
*	Parasitic Files used:
*
*       Power View : default
*
*       User-Defined Activity : N.A.
*
*       Activity File: N.A.
*
*       Hierarchical Global Activity: N.A.
*
*       Global Activity: N.A.
*
*       Sequential Element Activity: 0.200000
*
*       Primary Input Activity: 0.200000
*
*       Default icg ratio: N.A.
*
*       Global Comb ClockGate Ratio: N.A.
*
*	Power Units = 1mW
*
*	Time Units = 1e-09 secs
*
*       report_power
*
-----------------------------------------------------------------------------------------
*



Total Power
-----------------------------------------------------------------------------------------
Total Internal Power:        1.32102656 	   48.3017%
Total Switching Power:       1.30290001 	   47.6390%
Total Leakage Power:         0.11102022 	    4.0593%
Total Power:                 2.73494679
-----------------------------------------------------------------------------------------


Group                           Internal   Switching     Leakage       Total  Percentage 
                                Power      Power         Power         Power  (%)        
-----------------------------------------------------------------------------------------
Sequential                        0.1822      0.1144     0.01071      0.3072       11.23
Macro                                  0           0           0           0           0
IO                                     0           0           0           0           0
Combinational                      1.132       1.144      0.1002       2.376       86.87
Clock (Combinational)           0.007168     0.04475   9.167e-05     0.05201       1.902
Clock (Sequential)                     0           0           0           0           0
-----------------------------------------------------------------------------------------
Total                              1.321       1.303       0.111       2.735         100
-----------------------------------------------------------------------------------------


Rail                  Voltage   Internal   Switching     Leakage       Total  Percentage 
                                Power      Power         Power         Power  (%)        
-----------------------------------------------------------------------------------------
vdd                       1.1      1.321       1.303       0.111       2.735         100


Clock                           Internal   Switching     Leakage       Total  Percentage 
                                Power      Power         Power         Power  (%)        
-----------------------------------------------------------------------------------------
CLK                             0.007168     0.04475   9.167e-05     0.05201       1.902
-----------------------------------------------------------------------------------------
Total                           0.007168     0.04475   9.167e-05     0.05201       1.902
-----------------------------------------------------------------------------------------
Clock: CLK
Clock Period: 0.004482 usec 
Clock Toggle Rate:   446.1895 Mhz 
Clock Static Probability:  0.5000
  
 
 
-----------------------------------------------------------------------------------------
*	Power Distribution Summary: 
*              Highest Average Power:       CTS_ccl_a_buf_00003 (CLKBUF_X3):          0.01795
*              Highest Leakage Power:                     U2495 (AOI211_X4):        0.0001229
*                Total Cap:      2.10274e-11 F
*                Total instances in design:  2753
*                Total instances in design with no power:     0
*                Total instances in design with no activty:     0

*                Total Fillers and Decap:     0
-----------------------------------------------------------------------------------------
 
** INFO:  (VOLTUS_POWR-3465): There are 0 decaps and 0 fillers in the design

Ended Static Power Report Generation: (cpu=0:00:00, real=0:00:00,
mem(process/total/peak)=3463.99MB/8280.60MB/3463.99MB)

