###############################################################
#  Generated by:      Cadence Innovus 23.35-s106_1
#  OS:                Linux x86_64(Host ID microsys.openstack.polito)
#  Generated on:      Sat Oct 10 21:27:56 2026
#  Design:            boothmul_registered
#  Command:           report_timing -max_paths 10 > reports/10_setup_paths.rpt
###############################################################
Path 1: MET Setup Check with Pin p_reg_Y_temp_reg_45_/CK 
Endpoint:   p_reg_Y_temp_reg_45_/D (v) checked with  leading edge of 'CLK'
Beginpoint: B_reg_Y_temp_reg_9_/Q  (v) triggered by  leading edge of 'CLK'
Path Groups: {CLK}
Analysis View: default
Other End Arrival Time          0.068
- Setup                         0.033
+ Phase Shift                   1.762
+ CPPR Adjustment               0.000
- Uncertainty                   0.050
= Required Time                 1.747
- Arrival Time                  1.671
= Slack Time                    0.077
     Clock Rise Edge                 0.000
     + Clock Network Latency (Prop)  0.049
     = Beginpoint Arrival Time       0.049
     +------------------------------------------------------------------------------+ 
     |       Instance       |     Arc      |   Cell    | Delay | Arrival | Required | 
     |                      |              |           |       |  Time   |   Time   | 
     |----------------------+--------------+-----------+-------+---------+----------| 
     | B_reg_Y_temp_reg_9_  | CK ^         |           |       |   0.049 |    0.125 | 
     | B_reg_Y_temp_reg_9_  | CK ^ -> Q v  | DFF_X1    | 0.093 |   0.141 |    0.218 | 
     | FE_OFC38_B_i_9       | A v -> Z v   | CLKBUF_X2 | 0.114 |   0.255 |    0.332 | 
     | U929                 | A2 v -> ZN ^ | NAND2_X1  | 0.046 |   0.302 |    0.378 | 
     | U930                 | A1 ^ -> ZN v | NAND2_X1  | 0.025 |   0.327 |    0.403 | 
     | U638                 | B2 v -> ZN ^ | AOI21_X1  | 0.053 |   0.379 |    0.456 | 
     | U1018                | B1 ^ -> ZN v | OAI21_X1  | 0.019 |   0.399 |    0.476 | 
     | U1019                | A v -> ZN ^  | AOI21_X1  | 0.038 |   0.437 |    0.513 | 
     | FE_OFC1_n745         | A ^ -> Z ^   | CLKBUF_X1 | 0.114 |   0.551 |    0.627 | 
     | U1095                | B2 ^ -> ZN v | OAI21_X1  | 0.032 |   0.583 |    0.660 | 
     | U1099                | A v -> ZN v  | XNOR2_X1  | 0.044 |   0.627 |    0.703 | 
     | FE_OFC47_n2001       | A v -> Z v   | CLKBUF_X1 | 0.100 |   0.727 |    0.804 | 
     | U1719                | B1 v -> ZN ^ | OAI21_X1  | 0.063 |   0.791 |    0.867 | 
     | U1720                | A ^ -> Z ^   | XOR2_X1   | 0.060 |   0.851 |    0.927 | 
     | U1794                | CI ^ -> S v  | FA_X1     | 0.104 |   0.954 |    1.031 | 
     | U1836                | CI v -> CO v | FA_X1     | 0.075 |   1.029 |    1.105 | 
     | U1830                | CI v -> S ^  | FA_X1     | 0.116 |   1.145 |    1.222 | 
     | U1832                | CI ^ -> S v  | FA_X1     | 0.091 |   1.236 |    1.312 | 
     | U307                 | A1 v -> ZN v | OR2_X1    | 0.054 |   1.290 |    1.367 | 
     | U1837                | A2 v -> ZN ^ | NAND2_X1  | 0.023 |   1.313 |    1.390 | 
     | U1858                | B2 ^ -> ZN v | OAI21_X1  | 0.017 |   1.331 |    1.407 | 
     | U1859                | A v -> ZN ^  | AOI21_X1  | 0.057 |   1.387 |    1.464 | 
     | U2094                | B1 ^ -> ZN v | OAI21_X1  | 0.037 |   1.424 |    1.500 | 
     | U822                 | A1 v -> ZN ^ | NAND2_X1  | 0.018 |   1.442 |    1.518 | 
     | U475                 | A1 ^ -> ZN ^ | AND2_X1   | 0.084 |   1.526 |    1.603 | 
     | U2793                | B1 ^ -> ZN v | OAI21_X1  | 0.034 |   1.560 |    1.637 | 
     | U2794                | B1 v -> ZN ^ | AOI21_X1  | 0.036 |   1.596 |    1.672 | 
     | U2796                | A ^ -> ZN ^  | XNOR2_X1  | 0.052 |   1.648 |    1.725 | 
     | U3448                | B2 ^ -> ZN v | OAI21_X1  | 0.023 |   1.671 |    1.747 | 
     | p_reg_Y_temp_reg_45_ | D v          | DFF_X1    | 0.000 |   1.671 |    1.747 | 
     +------------------------------------------------------------------------------+ 
Path 2: MET Setup Check with Pin p_reg_Y_temp_reg_59_/CK 
Endpoint:   p_reg_Y_temp_reg_59_/D (v) checked with  leading edge of 'CLK'
Beginpoint: B_reg_Y_temp_reg_9_/Q  (v) triggered by  leading edge of 'CLK'
Path Groups: {CLK}
Analysis View: default
Other End Arrival Time          0.067
- Setup                         0.033
+ Phase Shift                   1.762
+ CPPR Adjustment               0.000
- Uncertainty                   0.050
= Required Time                 1.746
- Arrival Time                  1.666
= Slack Time                    0.079
     Clock Rise Edge                 0.000
     + Clock Network Latency (Prop)  0.049
     = Beginpoint Arrival Time       0.049
     +------------------------------------------------------------------------------+ 
     |       Instance       |     Arc      |   Cell    | Delay | Arrival | Required | 
     |                      |              |           |       |  Time   |   Time   | 
     |----------------------+--------------+-----------+-------+---------+----------| 
     | B_reg_Y_temp_reg_9_  | CK ^         |           |       |   0.049 |    0.128 | 
     | B_reg_Y_temp_reg_9_  | CK ^ -> Q v  | DFF_X1    | 0.093 |   0.141 |    0.221 | 
     | FE_OFC38_B_i_9       | A v -> Z v   | CLKBUF_X2 | 0.114 |   0.255 |    0.335 | 
     | U929                 | A2 v -> ZN ^ | NAND2_X1  | 0.046 |   0.302 |    0.381 | 
     | U930                 | A1 ^ -> ZN v | NAND2_X1  | 0.025 |   0.327 |    0.406 | 
     | U638                 | B2 v -> ZN ^ | AOI21_X1  | 0.053 |   0.379 |    0.459 | 
     | U1018                | B1 ^ -> ZN v | OAI21_X1  | 0.019 |   0.399 |    0.478 | 
     | U1019                | A v -> ZN ^  | AOI21_X1  | 0.038 |   0.437 |    0.516 | 
     | FE_OFC1_n745         | A ^ -> Z ^   | CLKBUF_X1 | 0.114 |   0.551 |    0.630 | 
     | U1095                | B2 ^ -> ZN v | OAI21_X1  | 0.032 |   0.583 |    0.662 | 
     | U1099                | A v -> ZN v  | XNOR2_X1  | 0.044 |   0.627 |    0.706 | 
     | FE_OFC47_n2001       | A v -> Z v   | CLKBUF_X1 | 0.100 |   0.727 |    0.806 | 
     | U1719                | B1 v -> ZN ^ | OAI21_X1  | 0.063 |   0.791 |    0.870 | 
     | U1720                | A ^ -> Z ^   | XOR2_X1   | 0.060 |   0.851 |    0.930 | 
     | U1794                | CI ^ -> S v  | FA_X1     | 0.104 |   0.954 |    1.034 | 
     | U1836                | CI v -> CO v | FA_X1     | 0.075 |   1.029 |    1.108 | 
     | U1830                | CI v -> S ^  | FA_X1     | 0.116 |   1.145 |    1.224 | 
     | U1832                | CI ^ -> S v  | FA_X1     | 0.091 |   1.236 |    1.315 | 
     | U307                 | A1 v -> ZN v | OR2_X1    | 0.054 |   1.290 |    1.369 | 
     | U1837                | A2 v -> ZN ^ | NAND2_X1  | 0.023 |   1.313 |    1.393 | 
     | U1858                | B2 ^ -> ZN v | OAI21_X1  | 0.017 |   1.331 |    1.410 | 
     | U1859                | A v -> ZN ^  | AOI21_X1  | 0.057 |   1.387 |    1.467 | 
     | U2094                | B1 ^ -> ZN v | OAI21_X1  | 0.037 |   1.424 |    1.503 | 
     | U822                 | A1 v -> ZN ^ | NAND2_X1  | 0.018 |   1.442 |    1.521 | 
     | U475                 | A1 ^ -> ZN ^ | AND2_X1   | 0.084 |   1.526 |    1.605 | 
     | U2892                | B1 ^ -> ZN v | OAI21_X1  | 0.041 |   1.567 |    1.646 | 
     | U2919                | B1 v -> ZN ^ | AOI21_X1  | 0.037 |   1.603 |    1.683 | 
     | U2932                | A ^ -> ZN ^  | XNOR2_X1  | 0.046 |   1.649 |    1.729 | 
     | U3460                | B1 ^ -> ZN v | OAI21_X1  | 0.017 |   1.666 |    1.746 | 
     | p_reg_Y_temp_reg_59_ | D v          | DFF_X1    | 0.000 |   1.666 |    1.746 | 
     +------------------------------------------------------------------------------+ 
Path 3: MET Setup Check with Pin p_reg_Y_temp_reg_43_/CK 
Endpoint:   p_reg_Y_temp_reg_43_/D (v) checked with  leading edge of 'CLK'
Beginpoint: B_reg_Y_temp_reg_9_/Q  (v) triggered by  leading edge of 'CLK'
Path Groups: {CLK}
Analysis View: default
Other End Arrival Time          0.069
- Setup                         0.033
+ Phase Shift                   1.762
+ CPPR Adjustment               0.000
- Uncertainty                   0.050
= Required Time                 1.747
- Arrival Time                  1.667
= Slack Time                    0.080
     Clock Rise Edge                 0.000
     + Clock Network Latency (Prop)  0.049
     = Beginpoint Arrival Time       0.049
     +------------------------------------------------------------------------------+ 
     |       Instance       |     Arc      |   Cell    | Delay | Arrival | Required | 
     |                      |              |           |       |  Time   |   Time   | 
     |----------------------+--------------+-----------+-------+---------+----------| 
     | B_reg_Y_temp_reg_9_  | CK ^         |           |       |   0.049 |    0.128 | 
     | B_reg_Y_temp_reg_9_  | CK ^ -> Q v  | DFF_X1    | 0.093 |   0.141 |    0.221 | 
     | FE_OFC38_B_i_9       | A v -> Z v   | CLKBUF_X2 | 0.114 |   0.255 |    0.335 | 
     | U929                 | A2 v -> ZN ^ | NAND2_X1  | 0.046 |   0.302 |    0.381 | 
     | U930                 | A1 ^ -> ZN v | NAND2_X1  | 0.025 |   0.327 |    0.406 | 
     | U638                 | B2 v -> ZN ^ | AOI21_X1  | 0.053 |   0.379 |    0.459 | 
     | U1018                | B1 ^ -> ZN v | OAI21_X1  | 0.019 |   0.399 |    0.479 | 
     | U1019                | A v -> ZN ^  | AOI21_X1  | 0.038 |   0.437 |    0.516 | 
     | FE_OFC1_n745         | A ^ -> Z ^   | CLKBUF_X1 | 0.114 |   0.551 |    0.630 | 
     | U1095                | B2 ^ -> ZN v | OAI21_X1  | 0.032 |   0.583 |    0.663 | 
     | U1099                | A v -> ZN v  | XNOR2_X1  | 0.044 |   0.627 |    0.706 | 
     | FE_OFC47_n2001       | A v -> Z v   | CLKBUF_X1 | 0.100 |   0.727 |    0.807 | 
     | U1719                | B1 v -> ZN ^ | OAI21_X1  | 0.063 |   0.791 |    0.870 | 
     | U1720                | A ^ -> Z ^   | XOR2_X1   | 0.060 |   0.851 |    0.930 | 
     | U1794                | CI ^ -> S v  | FA_X1     | 0.104 |   0.954 |    1.034 | 
     | U1836                | CI v -> CO v | FA_X1     | 0.075 |   1.029 |    1.108 | 
     | U1830                | CI v -> S ^  | FA_X1     | 0.116 |   1.145 |    1.225 | 
     | U1832                | CI ^ -> S v  | FA_X1     | 0.091 |   1.236 |    1.315 | 
     | U307                 | A1 v -> ZN v | OR2_X1    | 0.054 |   1.290 |    1.370 | 
     | U1837                | A2 v -> ZN ^ | NAND2_X1  | 0.023 |   1.313 |    1.393 | 
     | U1858                | B2 ^ -> ZN v | OAI21_X1  | 0.017 |   1.331 |    1.410 | 
     | U1859                | A v -> ZN ^  | AOI21_X1  | 0.057 |   1.387 |    1.467 | 
     | U2094                | B1 ^ -> ZN v | OAI21_X1  | 0.037 |   1.424 |    1.503 | 
     | U822                 | A1 v -> ZN ^ | NAND2_X1  | 0.018 |   1.442 |    1.521 | 
     | U475                 | A1 ^ -> ZN ^ | AND2_X1   | 0.084 |   1.526 |    1.606 | 
     | U821                 | A ^ -> ZN v  | INV_X1    | 0.035 |   1.560 |    1.640 | 
     | U2982                | B1 v -> ZN ^ | AOI21_X1  | 0.036 |   1.596 |    1.676 | 
     | U2984                | A ^ -> ZN ^  | XNOR2_X1  | 0.052 |   1.648 |    1.728 | 
     | U3446                | B1 ^ -> ZN v | OAI21_X1  | 0.019 |   1.667 |    1.747 | 
     | p_reg_Y_temp_reg_43_ | D v          | DFF_X1    | 0.000 |   1.667 |    1.747 | 
     +------------------------------------------------------------------------------+ 
Path 4: MET Setup Check with Pin p_reg_Y_temp_reg_58_/CK 
Endpoint:   p_reg_Y_temp_reg_58_/D (v) checked with  leading edge of 'CLK'
Beginpoint: B_reg_Y_temp_reg_9_/Q  (v) triggered by  leading edge of 'CLK'
Path Groups: {CLK}
Analysis View: default
Other End Arrival Time          0.067
- Setup                         0.033
+ Phase Shift                   1.762
+ CPPR Adjustment               0.000
- Uncertainty                   0.050
= Required Time                 1.746
- Arrival Time                  1.664
= Slack Time                    0.082
     Clock Rise Edge                 0.000
     + Clock Network Latency (Prop)  0.049
     = Beginpoint Arrival Time       0.049
     +------------------------------------------------------------------------------+ 
     |       Instance       |     Arc      |   Cell    | Delay | Arrival | Required | 
     |                      |              |           |       |  Time   |   Time   | 
     |----------------------+--------------+-----------+-------+---------+----------| 
     | B_reg_Y_temp_reg_9_  | CK ^         |           |       |   0.049 |    0.131 | 
     | B_reg_Y_temp_reg_9_  | CK ^ -> Q v  | DFF_X1    | 0.093 |   0.141 |    0.223 | 
     | FE_OFC38_B_i_9       | A v -> Z v   | CLKBUF_X2 | 0.114 |   0.255 |    0.337 | 
     | U929                 | A2 v -> ZN ^ | NAND2_X1  | 0.046 |   0.302 |    0.384 | 
     | U930                 | A1 ^ -> ZN v | NAND2_X1  | 0.025 |   0.327 |    0.409 | 
     | U638                 | B2 v -> ZN ^ | AOI21_X1  | 0.053 |   0.379 |    0.461 | 
     | U1018                | B1 ^ -> ZN v | OAI21_X1  | 0.019 |   0.399 |    0.481 | 
     | U1019                | A v -> ZN ^  | AOI21_X1  | 0.038 |   0.437 |    0.518 | 
     | FE_OFC1_n745         | A ^ -> Z ^   | CLKBUF_X1 | 0.114 |   0.551 |    0.633 | 
     | U1095                | B2 ^ -> ZN v | OAI21_X1  | 0.032 |   0.583 |    0.665 | 
     | U1099                | A v -> ZN v  | XNOR2_X1  | 0.044 |   0.627 |    0.708 | 
     | FE_OFC47_n2001       | A v -> Z v   | CLKBUF_X1 | 0.100 |   0.727 |    0.809 | 
     | U1719                | B1 v -> ZN ^ | OAI21_X1  | 0.063 |   0.791 |    0.872 | 
     | U1720                | A ^ -> Z ^   | XOR2_X1   | 0.060 |   0.851 |    0.933 | 
     | U1794                | CI ^ -> S v  | FA_X1     | 0.104 |   0.954 |    1.036 | 
     | U1836                | CI v -> CO v | FA_X1     | 0.075 |   1.029 |    1.111 | 
     | U1830                | CI v -> S ^  | FA_X1     | 0.116 |   1.145 |    1.227 | 
     | U1832                | CI ^ -> S v  | FA_X1     | 0.091 |   1.236 |    1.318 | 
     | U307                 | A1 v -> ZN v | OR2_X1    | 0.054 |   1.290 |    1.372 | 
     | U1837                | A2 v -> ZN ^ | NAND2_X1  | 0.023 |   1.313 |    1.395 | 
     | U1858                | B2 ^ -> ZN v | OAI21_X1  | 0.017 |   1.331 |    1.412 | 
     | U1859                | A v -> ZN ^  | AOI21_X1  | 0.057 |   1.387 |    1.469 | 
     | U2094                | B1 ^ -> ZN v | OAI21_X1  | 0.037 |   1.424 |    1.506 | 
     | U822                 | A1 v -> ZN ^ | NAND2_X1  | 0.018 |   1.442 |    1.524 | 
     | U475                 | A1 ^ -> ZN ^ | AND2_X1   | 0.084 |   1.526 |    1.608 | 
     | U2892                | B1 ^ -> ZN v | OAI21_X1  | 0.041 |   1.567 |    1.648 | 
     | U2935                | B1 v -> ZN ^ | AOI21_X1  | 0.037 |   1.604 |    1.685 | 
     | U2938                | A ^ -> ZN ^  | XNOR2_X1  | 0.044 |   1.648 |    1.729 | 
     | U3339                | B1 ^ -> ZN v | OAI21_X1  | 0.016 |   1.664 |    1.746 | 
     | p_reg_Y_temp_reg_58_ | D v          | DFF_X1    | 0.000 |   1.664 |    1.746 | 
     +------------------------------------------------------------------------------+ 
Path 5: MET Setup Check with Pin p_reg_Y_temp_reg_48_/CK 
Endpoint:   p_reg_Y_temp_reg_48_/D (v) checked with  leading edge of 'CLK'
Beginpoint: B_reg_Y_temp_reg_9_/Q  (v) triggered by  leading edge of 'CLK'
Path Groups: {CLK}
Analysis View: default
Other End Arrival Time          0.068
- Setup                         0.033
+ Phase Shift                   1.762
+ CPPR Adjustment               0.000
- Uncertainty                   0.050
= Required Time                 1.747
- Arrival Time                  1.665
= Slack Time                    0.082
     Clock Rise Edge                 0.000
     + Clock Network Latency (Prop)  0.049
     = Beginpoint Arrival Time       0.049
     +------------------------------------------------------------------------------+ 
     |       Instance       |     Arc      |   Cell    | Delay | Arrival | Required | 
     |                      |              |           |       |  Time   |   Time   | 
     |----------------------+--------------+-----------+-------+---------+----------| 
     | B_reg_Y_temp_reg_9_  | CK ^         |           |       |   0.049 |    0.131 | 
     | B_reg_Y_temp_reg_9_  | CK ^ -> Q v  | DFF_X1    | 0.093 |   0.141 |    0.224 | 
     | FE_OFC38_B_i_9       | A v -> Z v   | CLKBUF_X2 | 0.114 |   0.255 |    0.338 | 
     | U929                 | A2 v -> ZN ^ | NAND2_X1  | 0.046 |   0.302 |    0.384 | 
     | U930                 | A1 ^ -> ZN v | NAND2_X1  | 0.025 |   0.327 |    0.409 | 
     | U638                 | B2 v -> ZN ^ | AOI21_X1  | 0.053 |   0.379 |    0.462 | 
     | U1018                | B1 ^ -> ZN v | OAI21_X1  | 0.019 |   0.399 |    0.481 | 
     | U1019                | A v -> ZN ^  | AOI21_X1  | 0.038 |   0.437 |    0.519 | 
     | FE_OFC1_n745         | A ^ -> Z ^   | CLKBUF_X1 | 0.114 |   0.551 |    0.633 | 
     | U1095                | B2 ^ -> ZN v | OAI21_X1  | 0.032 |   0.583 |    0.665 | 
     | U1099                | A v -> ZN v  | XNOR2_X1  | 0.044 |   0.627 |    0.709 | 
     | FE_OFC47_n2001       | A v -> Z v   | CLKBUF_X1 | 0.100 |   0.727 |    0.809 | 
     | U1719                | B1 v -> ZN ^ | OAI21_X1  | 0.063 |   0.791 |    0.873 | 
     | U1720                | A ^ -> Z ^   | XOR2_X1   | 0.060 |   0.851 |    0.933 | 
     | U1794                | CI ^ -> S v  | FA_X1     | 0.104 |   0.954 |    1.036 | 
     | U1836                | CI v -> CO v | FA_X1     | 0.075 |   1.029 |    1.111 | 
     | U1830                | CI v -> S ^  | FA_X1     | 0.116 |   1.145 |    1.227 | 
     | U1832                | CI ^ -> S v  | FA_X1     | 0.091 |   1.236 |    1.318 | 
     | U307                 | A1 v -> ZN v | OR2_X1    | 0.054 |   1.290 |    1.372 | 
     | U1837                | A2 v -> ZN ^ | NAND2_X1  | 0.023 |   1.313 |    1.395 | 
     | U1858                | B2 ^ -> ZN v | OAI21_X1  | 0.017 |   1.331 |    1.413 | 
     | U1859                | A v -> ZN ^  | AOI21_X1  | 0.057 |   1.387 |    1.469 | 
     | U2094                | B1 ^ -> ZN v | OAI21_X1  | 0.037 |   1.424 |    1.506 | 
     | U822                 | A1 v -> ZN ^ | NAND2_X1  | 0.018 |   1.442 |    1.524 | 
     | U475                 | A1 ^ -> ZN ^ | AND2_X1   | 0.084 |   1.526 |    1.608 | 
     | U2786                | B1 ^ -> ZN v | OAI21_X1  | 0.034 |   1.560 |    1.642 | 
     | U2789                | B1 v -> ZN ^ | AOI21_X1  | 0.036 |   1.596 |    1.678 | 
     | U2792                | A ^ -> ZN ^  | XNOR2_X1  | 0.050 |   1.646 |    1.728 | 
     | U3451                | B1 ^ -> ZN v | OAI21_X1  | 0.019 |   1.665 |    1.747 | 
     | p_reg_Y_temp_reg_48_ | D v          | DFF_X1    | 0.000 |   1.665 |    1.747 | 
     +------------------------------------------------------------------------------+ 
Path 6: MET Setup Check with Pin p_reg_Y_temp_reg_46_/CK 
Endpoint:   p_reg_Y_temp_reg_46_/D (v) checked with  leading edge of 'CLK'
Beginpoint: B_reg_Y_temp_reg_9_/Q  (v) triggered by  leading edge of 'CLK'
Path Groups: {CLK}
Analysis View: default
Other End Arrival Time          0.068
- Setup                         0.033
+ Phase Shift                   1.762
+ CPPR Adjustment               0.000
- Uncertainty                   0.050
= Required Time                 1.747
- Arrival Time                  1.665
= Slack Time                    0.082
     Clock Rise Edge                 0.000
     + Clock Network Latency (Prop)  0.049
     = Beginpoint Arrival Time       0.049
     +------------------------------------------------------------------------------+ 
     |       Instance       |     Arc      |   Cell    | Delay | Arrival | Required | 
     |                      |              |           |       |  Time   |   Time   | 
     |----------------------+--------------+-----------+-------+---------+----------| 
     | B_reg_Y_temp_reg_9_  | CK ^         |           |       |   0.049 |    0.131 | 
     | B_reg_Y_temp_reg_9_  | CK ^ -> Q v  | DFF_X1    | 0.093 |   0.141 |    0.224 | 
     | FE_OFC38_B_i_9       | A v -> Z v   | CLKBUF_X2 | 0.114 |   0.255 |    0.338 | 
     | U929                 | A2 v -> ZN ^ | NAND2_X1  | 0.046 |   0.302 |    0.384 | 
     | U930                 | A1 ^ -> ZN v | NAND2_X1  | 0.025 |   0.327 |    0.409 | 
     | U638                 | B2 v -> ZN ^ | AOI21_X1  | 0.053 |   0.379 |    0.462 | 
     | U1018                | B1 ^ -> ZN v | OAI21_X1  | 0.019 |   0.399 |    0.481 | 
     | U1019                | A v -> ZN ^  | AOI21_X1  | 0.038 |   0.437 |    0.519 | 
     | FE_OFC1_n745         | A ^ -> Z ^   | CLKBUF_X1 | 0.114 |   0.551 |    0.633 | 
     | U1095                | B2 ^ -> ZN v | OAI21_X1  | 0.032 |   0.583 |    0.665 | 
     | U1099                | A v -> ZN v  | XNOR2_X1  | 0.044 |   0.627 |    0.709 | 
     | FE_OFC47_n2001       | A v -> Z v   | CLKBUF_X1 | 0.100 |   0.727 |    0.809 | 
     | U1719                | B1 v -> ZN ^ | OAI21_X1  | 0.063 |   0.791 |    0.873 | 
     | U1720                | A ^ -> Z ^   | XOR2_X1   | 0.060 |   0.851 |    0.933 | 
     | U1794                | CI ^ -> S v  | FA_X1     | 0.104 |   0.954 |    1.037 | 
     | U1836                | CI v -> CO v | FA_X1     | 0.075 |   1.029 |    1.111 | 
     | U1830                | CI v -> S ^  | FA_X1     | 0.116 |   1.145 |    1.227 | 
     | U1832                | CI ^ -> S v  | FA_X1     | 0.091 |   1.236 |    1.318 | 
     | U307                 | A1 v -> ZN v | OR2_X1    | 0.054 |   1.290 |    1.372 | 
     | U1837                | A2 v -> ZN ^ | NAND2_X1  | 0.023 |   1.313 |    1.395 | 
     | U1858                | B2 ^ -> ZN v | OAI21_X1  | 0.017 |   1.331 |    1.413 | 
     | U1859                | A v -> ZN ^  | AOI21_X1  | 0.057 |   1.387 |    1.470 | 
     | U2094                | B1 ^ -> ZN v | OAI21_X1  | 0.037 |   1.424 |    1.506 | 
     | U822                 | A1 v -> ZN ^ | NAND2_X1  | 0.018 |   1.442 |    1.524 | 
     | U475                 | A1 ^ -> ZN ^ | AND2_X1   | 0.084 |   1.526 |    1.608 | 
     | U821                 | A ^ -> ZN v  | INV_X1    | 0.035 |   1.560 |    1.643 | 
     | U3019                | B1 v -> ZN ^ | AOI21_X1  | 0.036 |   1.596 |    1.678 | 
     | U3021                | A ^ -> ZN ^  | XNOR2_X1  | 0.050 |   1.646 |    1.729 | 
     | U3449                | B1 ^ -> ZN v | OAI21_X1  | 0.018 |   1.665 |    1.747 | 
     | p_reg_Y_temp_reg_46_ | D v          | DFF_X1    | 0.000 |   1.665 |    1.747 | 
     +------------------------------------------------------------------------------+ 
Path 7: MET Setup Check with Pin p_reg_Y_temp_reg_50_/CK 
Endpoint:   p_reg_Y_temp_reg_50_/D (v) checked with  leading edge of 'CLK'
Beginpoint: B_reg_Y_temp_reg_9_/Q  (v) triggered by  leading edge of 'CLK'
Path Groups: {CLK}
Analysis View: default
Other End Arrival Time          0.067
- Setup                         0.033
+ Phase Shift                   1.762
+ CPPR Adjustment               0.000
- Uncertainty                   0.050
= Required Time                 1.746
- Arrival Time                  1.660
= Slack Time                    0.086
     Clock Rise Edge                 0.000
     + Clock Network Latency (Prop)  0.049
     = Beginpoint Arrival Time       0.049
     +------------------------------------------------------------------------------+ 
     |       Instance       |     Arc      |   Cell    | Delay | Arrival | Required | 
     |                      |              |           |       |  Time   |   Time   | 
     |----------------------+--------------+-----------+-------+---------+----------| 
     | B_reg_Y_temp_reg_9_  | CK ^         |           |       |   0.049 |    0.135 | 
     | B_reg_Y_temp_reg_9_  | CK ^ -> Q v  | DFF_X1    | 0.093 |   0.141 |    0.227 | 
     | FE_OFC38_B_i_9       | A v -> Z v   | CLKBUF_X2 | 0.114 |   0.255 |    0.341 | 
     | U929                 | A2 v -> ZN ^ | NAND2_X1  | 0.046 |   0.302 |    0.388 | 
     | U930                 | A1 ^ -> ZN v | NAND2_X1  | 0.025 |   0.327 |    0.413 | 
     | U638                 | B2 v -> ZN ^ | AOI21_X1  | 0.053 |   0.379 |    0.465 | 
     | U1018                | B1 ^ -> ZN v | OAI21_X1  | 0.019 |   0.399 |    0.485 | 
     | U1019                | A v -> ZN ^  | AOI21_X1  | 0.038 |   0.437 |    0.523 | 
     | FE_OFC1_n745         | A ^ -> Z ^   | CLKBUF_X1 | 0.114 |   0.551 |    0.637 | 
     | U1095                | B2 ^ -> ZN v | OAI21_X1  | 0.032 |   0.583 |    0.669 | 
     | U1099                | A v -> ZN v  | XNOR2_X1  | 0.044 |   0.627 |    0.713 | 
     | FE_OFC47_n2001       | A v -> Z v   | CLKBUF_X1 | 0.100 |   0.727 |    0.813 | 
     | U1719                | B1 v -> ZN ^ | OAI21_X1  | 0.063 |   0.791 |    0.877 | 
     | U1720                | A ^ -> Z ^   | XOR2_X1   | 0.060 |   0.851 |    0.937 | 
     | U1794                | CI ^ -> S v  | FA_X1     | 0.104 |   0.954 |    1.040 | 
     | U1836                | CI v -> CO v | FA_X1     | 0.075 |   1.029 |    1.115 | 
     | U1830                | CI v -> S ^  | FA_X1     | 0.116 |   1.145 |    1.231 | 
     | U1832                | CI ^ -> S v  | FA_X1     | 0.091 |   1.236 |    1.322 | 
     | U307                 | A1 v -> ZN v | OR2_X1    | 0.054 |   1.290 |    1.376 | 
     | U1837                | A2 v -> ZN ^ | NAND2_X1  | 0.023 |   1.313 |    1.399 | 
     | U1858                | B2 ^ -> ZN v | OAI21_X1  | 0.017 |   1.331 |    1.417 | 
     | U1859                | A v -> ZN ^  | AOI21_X1  | 0.057 |   1.387 |    1.473 | 
     | U2094                | B1 ^ -> ZN v | OAI21_X1  | 0.037 |   1.424 |    1.510 | 
     | U822                 | A1 v -> ZN ^ | NAND2_X1  | 0.018 |   1.442 |    1.528 | 
     | U475                 | A1 ^ -> ZN ^ | AND2_X1   | 0.084 |   1.526 |    1.612 | 
     | U2681                | B1 ^ -> ZN v | OAI21_X1  | 0.033 |   1.558 |    1.644 | 
     | U2706                | B1 v -> ZN ^ | AOI21_X1  | 0.036 |   1.594 |    1.680 | 
     | U2731                | A ^ -> ZN ^  | XNOR2_X1  | 0.046 |   1.640 |    1.726 | 
     | U3453                | B2 ^ -> ZN v | OAI21_X1  | 0.020 |   1.660 |    1.746 | 
     | p_reg_Y_temp_reg_50_ | D v          | DFF_X1    | 0.000 |   1.660 |    1.746 | 
     +------------------------------------------------------------------------------+ 
Path 8: MET Setup Check with Pin p_reg_Y_temp_reg_61_/CK 
Endpoint:   p_reg_Y_temp_reg_61_/D (v) checked with  leading edge of 'CLK'
Beginpoint: B_reg_Y_temp_reg_9_/Q  (v) triggered by  leading edge of 'CLK'
Path Groups: {CLK}
Analysis View: default
Other End Arrival Time          0.067
- Setup                         0.033
+ Phase Shift                   1.762
+ CPPR Adjustment               0.000
- Uncertainty                   0.050
= Required Time                 1.746
- Arrival Time                  1.659
= Slack Time                    0.087
     Clock Rise Edge                 0.000
     + Clock Network Latency (Prop)  0.049
     = Beginpoint Arrival Time       0.049
     +------------------------------------------------------------------------------+ 
     |       Instance       |     Arc      |   Cell    | Delay | Arrival | Required | 
     |                      |              |           |       |  Time   |   Time   | 
     |----------------------+--------------+-----------+-------+---------+----------| 
     | B_reg_Y_temp_reg_9_  | CK ^         |           |       |   0.049 |    0.135 | 
     | B_reg_Y_temp_reg_9_  | CK ^ -> Q v  | DFF_X1    | 0.093 |   0.141 |    0.228 | 
     | FE_OFC38_B_i_9       | A v -> Z v   | CLKBUF_X2 | 0.114 |   0.255 |    0.342 | 
     | U929                 | A2 v -> ZN ^ | NAND2_X1  | 0.046 |   0.302 |    0.388 | 
     | U930                 | A1 ^ -> ZN v | NAND2_X1  | 0.025 |   0.327 |    0.413 | 
     | U638                 | B2 v -> ZN ^ | AOI21_X1  | 0.053 |   0.379 |    0.466 | 
     | U1018                | B1 ^ -> ZN v | OAI21_X1  | 0.019 |   0.399 |    0.486 | 
     | U1019                | A v -> ZN ^  | AOI21_X1  | 0.038 |   0.437 |    0.523 | 
     | FE_OFC1_n745         | A ^ -> Z ^   | CLKBUF_X1 | 0.114 |   0.551 |    0.637 | 
     | U1095                | B2 ^ -> ZN v | OAI21_X1  | 0.032 |   0.583 |    0.670 | 
     | U1099                | A v -> ZN v  | XNOR2_X1  | 0.044 |   0.627 |    0.713 | 
     | FE_OFC47_n2001       | A v -> Z v   | CLKBUF_X1 | 0.100 |   0.727 |    0.814 | 
     | U1719                | B1 v -> ZN ^ | OAI21_X1  | 0.063 |   0.791 |    0.877 | 
     | U1720                | A ^ -> Z ^   | XOR2_X1   | 0.060 |   0.851 |    0.937 | 
     | U1794                | CI ^ -> S v  | FA_X1     | 0.104 |   0.954 |    1.041 | 
     | U1836                | CI v -> CO v | FA_X1     | 0.075 |   1.029 |    1.115 | 
     | U1830                | CI v -> S ^  | FA_X1     | 0.116 |   1.145 |    1.232 | 
     | U1832                | CI ^ -> S v  | FA_X1     | 0.091 |   1.236 |    1.322 | 
     | U307                 | A1 v -> ZN v | OR2_X1    | 0.054 |   1.290 |    1.377 | 
     | U1837                | A2 v -> ZN ^ | NAND2_X1  | 0.023 |   1.313 |    1.400 | 
     | U1858                | B2 ^ -> ZN v | OAI21_X1  | 0.017 |   1.331 |    1.417 | 
     | U1859                | A v -> ZN ^  | AOI21_X1  | 0.057 |   1.387 |    1.474 | 
     | U2094                | B1 ^ -> ZN v | OAI21_X1  | 0.037 |   1.424 |    1.510 | 
     | U822                 | A1 v -> ZN ^ | NAND2_X1  | 0.018 |   1.442 |    1.528 | 
     | U475                 | A1 ^ -> ZN ^ | AND2_X1   | 0.084 |   1.526 |    1.613 | 
     | U821                 | A ^ -> ZN v  | INV_X1    | 0.035 |   1.560 |    1.647 | 
     | U3007                | B1 v -> ZN ^ | AOI21_X1  | 0.036 |   1.597 |    1.683 | 
     | U3016                | A ^ -> ZN ^  | XNOR2_X1  | 0.044 |   1.640 |    1.727 | 
     | U3342                | B2 ^ -> ZN v | OAI21_X1  | 0.019 |   1.659 |    1.746 | 
     | p_reg_Y_temp_reg_61_ | D v          | DFF_X1    | 0.000 |   1.659 |    1.746 | 
     +------------------------------------------------------------------------------+ 
Path 9: MET Setup Check with Pin p_reg_Y_temp_reg_52_/CK 
Endpoint:   p_reg_Y_temp_reg_52_/D (v) checked with  leading edge of 'CLK'
Beginpoint: B_reg_Y_temp_reg_9_/Q  (v) triggered by  leading edge of 'CLK'
Path Groups: {CLK}
Analysis View: default
Other End Arrival Time          0.068
- Setup                         0.033
+ Phase Shift                   1.762
+ CPPR Adjustment               0.000
- Uncertainty                   0.050
= Required Time                 1.746
- Arrival Time                  1.659
= Slack Time                    0.087
     Clock Rise Edge                 0.000
     + Clock Network Latency (Prop)  0.049
     = Beginpoint Arrival Time       0.049
     +------------------------------------------------------------------------------+ 
     |       Instance       |     Arc      |   Cell    | Delay | Arrival | Required | 
     |                      |              |           |       |  Time   |   Time   | 
     |----------------------+--------------+-----------+-------+---------+----------| 
     | B_reg_Y_temp_reg_9_  | CK ^         |           |       |   0.049 |    0.136 | 
     | B_reg_Y_temp_reg_9_  | CK ^ -> Q v  | DFF_X1    | 0.093 |   0.141 |    0.229 | 
     | FE_OFC38_B_i_9       | A v -> Z v   | CLKBUF_X2 | 0.114 |   0.255 |    0.343 | 
     | U929                 | A2 v -> ZN ^ | NAND2_X1  | 0.046 |   0.302 |    0.389 | 
     | U930                 | A1 ^ -> ZN v | NAND2_X1  | 0.025 |   0.327 |    0.414 | 
     | U638                 | B2 v -> ZN ^ | AOI21_X1  | 0.053 |   0.379 |    0.467 | 
     | U1018                | B1 ^ -> ZN v | OAI21_X1  | 0.019 |   0.399 |    0.486 | 
     | U1019                | A v -> ZN ^  | AOI21_X1  | 0.038 |   0.437 |    0.524 | 
     | FE_OFC1_n745         | A ^ -> Z ^   | CLKBUF_X1 | 0.114 |   0.551 |    0.638 | 
     | U1095                | B2 ^ -> ZN v | OAI21_X1  | 0.032 |   0.583 |    0.670 | 
     | U1099                | A v -> ZN v  | XNOR2_X1  | 0.044 |   0.627 |    0.714 | 
     | FE_OFC47_n2001       | A v -> Z v   | CLKBUF_X1 | 0.100 |   0.727 |    0.814 | 
     | U1719                | B1 v -> ZN ^ | OAI21_X1  | 0.063 |   0.791 |    0.878 | 
     | U1720                | A ^ -> Z ^   | XOR2_X1   | 0.060 |   0.851 |    0.938 | 
     | U1794                | CI ^ -> S v  | FA_X1     | 0.104 |   0.954 |    1.041 | 
     | U1836                | CI v -> CO v | FA_X1     | 0.075 |   1.029 |    1.116 | 
     | U1830                | CI v -> S ^  | FA_X1     | 0.116 |   1.145 |    1.232 | 
     | U1832                | CI ^ -> S v  | FA_X1     | 0.091 |   1.236 |    1.323 | 
     | U307                 | A1 v -> ZN v | OR2_X1    | 0.054 |   1.290 |    1.377 | 
     | U1837                | A2 v -> ZN ^ | NAND2_X1  | 0.023 |   1.313 |    1.400 | 
     | U1858                | B2 ^ -> ZN v | OAI21_X1  | 0.017 |   1.331 |    1.418 | 
     | U1859                | A v -> ZN ^  | AOI21_X1  | 0.057 |   1.387 |    1.474 | 
     | U2094                | B1 ^ -> ZN v | OAI21_X1  | 0.037 |   1.424 |    1.511 | 
     | U822                 | A1 v -> ZN ^ | NAND2_X1  | 0.018 |   1.442 |    1.529 | 
     | U475                 | A1 ^ -> ZN ^ | AND2_X1   | 0.084 |   1.526 |    1.613 | 
     | U2739                | B1 ^ -> ZN v | OAI21_X1  | 0.033 |   1.559 |    1.646 | 
     | U2762                | B1 v -> ZN ^ | AOI21_X1  | 0.036 |   1.595 |    1.682 | 
     | U2783                | A ^ -> ZN ^  | XNOR2_X1  | 0.045 |   1.639 |    1.727 | 
     | U3455                | B2 ^ -> ZN v | OAI21_X1  | 0.020 |   1.659 |    1.746 | 
     | p_reg_Y_temp_reg_52_ | D v          | DFF_X1    | 0.000 |   1.659 |    1.746 | 
     +------------------------------------------------------------------------------+ 
Path 10: MET Setup Check with Pin p_reg_Y_temp_reg_56_/CK 
Endpoint:   p_reg_Y_temp_reg_56_/D (v) checked with  leading edge of 'CLK'
Beginpoint: B_reg_Y_temp_reg_9_/Q  (v) triggered by  leading edge of 'CLK'
Path Groups: {CLK}
Analysis View: default
Other End Arrival Time          0.068
- Setup                         0.033
+ Phase Shift                   1.762
+ CPPR Adjustment               0.000
- Uncertainty                   0.050
= Required Time                 1.746
- Arrival Time                  1.659
= Slack Time                    0.087
     Clock Rise Edge                 0.000
     + Clock Network Latency (Prop)  0.049
     = Beginpoint Arrival Time       0.049
     +------------------------------------------------------------------------------+ 
     |       Instance       |     Arc      |   Cell    | Delay | Arrival | Required | 
     |                      |              |           |       |  Time   |   Time   | 
     |----------------------+--------------+-----------+-------+---------+----------| 
     | B_reg_Y_temp_reg_9_  | CK ^         |           |       |   0.049 |    0.136 | 
     | B_reg_Y_temp_reg_9_  | CK ^ -> Q v  | DFF_X1    | 0.093 |   0.141 |    0.229 | 
     | FE_OFC38_B_i_9       | A v -> Z v   | CLKBUF_X2 | 0.114 |   0.255 |    0.343 | 
     | U929                 | A2 v -> ZN ^ | NAND2_X1  | 0.046 |   0.302 |    0.389 | 
     | U930                 | A1 ^ -> ZN v | NAND2_X1  | 0.025 |   0.327 |    0.414 | 
     | U638                 | B2 v -> ZN ^ | AOI21_X1  | 0.053 |   0.379 |    0.467 | 
     | U1018                | B1 ^ -> ZN v | OAI21_X1  | 0.019 |   0.399 |    0.486 | 
     | U1019                | A v -> ZN ^  | AOI21_X1  | 0.038 |   0.437 |    0.524 | 
     | FE_OFC1_n745         | A ^ -> Z ^   | CLKBUF_X1 | 0.114 |   0.551 |    0.638 | 
     | U1095                | B2 ^ -> ZN v | OAI21_X1  | 0.032 |   0.583 |    0.670 | 
     | U1099                | A v -> ZN v  | XNOR2_X1  | 0.044 |   0.627 |    0.714 | 
     | FE_OFC47_n2001       | A v -> Z v   | CLKBUF_X1 | 0.100 |   0.727 |    0.814 | 
     | U1719                | B1 v -> ZN ^ | OAI21_X1  | 0.063 |   0.791 |    0.878 | 
     | U1720                | A ^ -> Z ^   | XOR2_X1   | 0.060 |   0.851 |    0.938 | 
     | U1794                | CI ^ -> S v  | FA_X1     | 0.104 |   0.954 |    1.042 | 
     | U1836                | CI v -> CO v | FA_X1     | 0.075 |   1.029 |    1.116 | 
     | U1830                | CI v -> S ^  | FA_X1     | 0.116 |   1.145 |    1.232 | 
     | U1832                | CI ^ -> S v  | FA_X1     | 0.091 |   1.236 |    1.323 | 
     | U307                 | A1 v -> ZN v | OR2_X1    | 0.054 |   1.290 |    1.377 | 
     | U1837                | A2 v -> ZN ^ | NAND2_X1  | 0.023 |   1.313 |    1.400 | 
     | U1858                | B2 ^ -> ZN v | OAI21_X1  | 0.017 |   1.331 |    1.418 | 
     | U1859                | A v -> ZN ^  | AOI21_X1  | 0.057 |   1.387 |    1.475 | 
     | U2094                | B1 ^ -> ZN v | OAI21_X1  | 0.037 |   1.424 |    1.511 | 
     | U822                 | A1 v -> ZN ^ | NAND2_X1  | 0.018 |   1.442 |    1.529 | 
     | U475                 | A1 ^ -> ZN ^ | AND2_X1   | 0.084 |   1.526 |    1.613 | 
     | U2945                | B1 ^ -> ZN v | OAI21_X1  | 0.035 |   1.561 |    1.648 | 
     | U2946                | B1 v -> ZN ^ | AOI21_X1  | 0.037 |   1.598 |    1.685 | 
     | U2948                | A ^ -> ZN ^  | XNOR2_X1  | 0.044 |   1.642 |    1.730 | 
     | U3458                | B1 ^ -> ZN v | OAI21_X1  | 0.017 |   1.659 |    1.746 | 
     | p_reg_Y_temp_reg_56_ | D v          | DFF_X1    | 0.000 |   1.659 |    1.746 | 
     +------------------------------------------------------------------------------+ 

