###############################################################
#  Generated by:      Cadence Innovus 23.35-s106_1
#  OS:                Linux x86_64(Host ID microsys.openstack.polito)
#  Generated on:      Sat Oct 10 23:01:57 2026
#  Design:            boothmul_registered
#  Command:           report_timing -max_paths 10 > reports/10_setup_paths.rpt
###############################################################
Path 1: MET Setup Check with Pin p_reg_Y_temp_reg_62_/CK 
Endpoint:   p_reg_Y_temp_reg_62_/D (^) checked with  leading edge of 'CLK'
Beginpoint: B_reg_Y_temp_reg_1_/QN (^) triggered by  leading edge of 'CLK'
Path Groups: {CLK}
Analysis View: default
Other End Arrival Time          0.062
- Setup                         0.030
+ Phase Shift                   5.492
+ CPPR Adjustment               0.000
- Uncertainty                   0.050
= Required Time                 5.474
- Arrival Time                  4.302
= Slack Time                    1.172
     Clock Rise Edge                 0.000
     + Clock Network Latency (Prop)  0.053
     = Beginpoint Arrival Time       0.053
     +------------------------------------------------------------------------------+ 
     |       Instance       |     Arc      |   Cell    | Delay | Arrival | Required | 
     |                      |              |           |       |  Time   |   Time   | 
     |----------------------+--------------+-----------+-------+---------+----------| 
     | B_reg_Y_temp_reg_1_  | CK ^         |           |       |   0.053 |    1.224 | 
     | B_reg_Y_temp_reg_1_  | CK ^ -> QN ^ | SDFF_X1   | 0.111 |   0.164 |    1.335 | 
     | FE_OFC74_B_i_1       | A ^ -> Z ^   | CLKBUF_X1 | 0.132 |   0.296 |    1.468 | 
     | U1650                | A1 ^ -> ZN ^ | AND2_X1   | 0.129 |   0.425 |    1.597 | 
     | FE_DBTC2_n645        | A ^ -> ZN v  | INV_X1    | 0.080 |   0.505 |    1.676 | 
     | U1653                | A2 v -> ZN ^ | OAI22_X1  | 0.071 |   0.576 |    1.747 | 
     | U1654                | A2 ^ -> ZN v | NOR2_X1   | 0.020 |   0.596 |    1.767 | 
     | U1655                | A1 v -> ZN ^ | NOR2_X1   | 0.032 |   0.627 |    1.799 | 
     | U1656                | B ^ -> Z ^   | XOR2_X1   | 0.058 |   0.685 |    1.857 | 
     | U1660                | A1 ^ -> ZN v | NOR2_X1   | 0.017 |   0.702 |    1.874 | 
     | intadd_1838_U61      | CI v -> CO v | FA_X1     | 0.071 |   0.773 |    1.945 | 
     | intadd_1838_U60      | CI v -> CO v | FA_X1     | 0.072 |   0.845 |    2.017 | 
     | intadd_1838_U59      | CI v -> CO v | FA_X1     | 0.075 |   0.920 |    2.092 | 
     | intadd_1838_U58      | A v -> CO v  | FA_X1     | 0.079 |   0.999 |    2.171 | 
     | intadd_1838_U57      | CI v -> CO v | FA_X1     | 0.072 |   1.071 |    2.243 | 
     | intadd_1838_U56      | CI v -> CO v | FA_X1     | 0.079 |   1.150 |    2.321 | 
     | U3438                | A2 v -> ZN ^ | NAND2_X1  | 0.022 |   1.172 |    2.343 | 
     | U3441                | A1 ^ -> ZN v | NAND3_X1  | 0.021 |   1.193 |    2.365 | 
     | intadd_1838_U54      | CI v -> CO v | FA_X1     | 0.071 |   1.264 |    2.436 | 
     | intadd_1838_U53      | CI v -> CO v | FA_X1     | 0.072 |   1.335 |    2.507 | 
     | intadd_1838_U52      | CI v -> CO v | FA_X1     | 0.071 |   1.407 |    2.578 | 
     | intadd_1838_U51      | CI v -> CO v | FA_X1     | 0.072 |   1.478 |    2.650 | 
     | intadd_1838_U50      | CI v -> CO v | FA_X1     | 0.072 |   1.550 |    2.722 | 
     | intadd_1838_U49      | CI v -> CO v | FA_X1     | 0.072 |   1.622 |    2.794 | 
     | intadd_1838_U48      | CI v -> CO v | FA_X1     | 0.073 |   1.695 |    2.867 | 
     | intadd_1838_U47      | CI v -> CO v | FA_X1     | 0.072 |   1.767 |    2.939 | 
     | intadd_1838_U46      | CI v -> CO v | FA_X1     | 0.072 |   1.839 |    3.011 | 
     | intadd_1838_U45      | CI v -> CO v | FA_X1     | 0.071 |   1.910 |    3.082 | 
     | intadd_1838_U44      | CI v -> CO v | FA_X1     | 0.072 |   1.982 |    3.154 | 
     | intadd_1838_U43      | CI v -> CO v | FA_X1     | 0.072 |   2.054 |    3.226 | 
     | intadd_1838_U42      | CI v -> CO v | FA_X1     | 0.080 |   2.134 |    3.306 | 
     | intadd_1838_U41      | CI v -> CO v | FA_X1     | 0.076 |   2.210 |    3.382 | 
     | intadd_1838_U40      | CI v -> CO v | FA_X1     | 0.072 |   2.283 |    3.454 | 
     | intadd_1838_U39      | CI v -> CO v | FA_X1     | 0.072 |   2.355 |    3.526 | 
     | intadd_1838_U38      | CI v -> CO v | FA_X1     | 0.072 |   2.427 |    3.599 | 
     | intadd_1838_U37      | CI v -> CO v | FA_X1     | 0.072 |   2.499 |    3.671 | 
     | intadd_1838_U36      | CI v -> CO v | FA_X1     | 0.074 |   2.573 |    3.745 | 
     | intadd_1838_U35      | CI v -> CO v | FA_X1     | 0.073 |   2.646 |    3.818 | 
     | intadd_1838_U34      | CI v -> CO v | FA_X1     | 0.075 |   2.721 |    3.893 | 
     | intadd_1838_U33      | CI v -> CO v | FA_X1     | 0.077 |   2.799 |    3.970 | 
     | intadd_1838_U32      | CI v -> CO v | FA_X1     | 0.076 |   2.875 |    4.046 | 
     | intadd_1838_U31      | CI v -> CO v | FA_X1     | 0.074 |   2.949 |    4.121 | 
     | intadd_1838_U30      | CI v -> CO v | FA_X1     | 0.073 |   3.022 |    4.194 | 
     | intadd_1838_U29      | CI v -> CO v | FA_X1     | 0.072 |   3.094 |    4.265 | 
     | intadd_1838_U28      | CI v -> CO v | FA_X1     | 0.072 |   3.166 |    4.338 | 
     | intadd_1838_U27      | CI v -> CO v | FA_X1     | 0.072 |   3.238 |    4.410 | 
     | intadd_1838_U26      | CI v -> CO v | FA_X1     | 0.072 |   3.310 |    4.482 | 
     | intadd_1838_U25      | CI v -> CO v | FA_X1     | 0.074 |   3.385 |    4.556 | 
     | intadd_1838_U24      | CI v -> CO v | FA_X1     | 0.081 |   3.466 |    4.638 | 
     | U2961                | A1 v -> ZN ^ | NAND2_X1  | 0.018 |   3.484 |    4.655 | 
     | U1568                | A2 ^ -> ZN ^ | AND3_X1   | 0.051 |   3.535 |    4.706 | 
     | U2963                | B2 ^ -> ZN v | OAI21_X1  | 0.021 |   3.556 |    4.727 | 
     | intadd_1838_U21      | CI v -> CO v | FA_X1     | 0.076 |   3.631 |    4.803 | 
     | U1662                | A v -> ZN ^  | OAI21_X1  | 0.025 |   3.656 |    4.828 | 
     | U1663                | A1 ^ -> ZN v | NAND2_X1  | 0.023 |   3.679 |    4.850 | 
     | U1673                | A1 v -> ZN ^ | NAND2_X1  | 0.022 |   3.701 |    4.873 | 
     | U1565                | C2 ^ -> ZN v | OAI211_X1 | 0.032 |   3.733 |    4.905 | 
     | U1675                | A1 v -> ZN ^ | NAND2_X1  | 0.026 |   3.759 |    4.931 | 
     | U1557                | C1 ^ -> ZN v | OAI211_X1 | 0.028 |   3.787 |    4.959 | 
     | U1677                | A1 v -> ZN ^ | NAND2_X1  | 0.019 |   3.806 |    4.978 | 
     | U1678                | A1 ^ -> ZN v | NAND2_X1  | 0.021 |   3.827 |    4.999 | 
     | U1616                | A1 v -> ZN ^ | NAND2_X1  | 0.017 |   3.844 |    5.016 | 
     | U1617                | A1 ^ -> ZN v | NAND4_X1  | 0.039 |   3.884 |    5.055 | 
     | U1680                | A2 v -> ZN ^ | NAND2_X1  | 0.027 |   3.910 |    5.082 | 
     | U1681                | A3 ^ -> ZN v | NAND3_X1  | 0.033 |   3.943 |    5.115 | 
     | U1623                | A1 v -> ZN ^ | NAND2_X1  | 0.020 |   3.963 |    5.134 | 
     | U1559                | A1 ^ -> ZN v | NAND2_X1  | 0.022 |   3.985 |    5.156 | 
     | U1688                | A2 v -> ZN ^ | NAND2_X1  | 0.019 |   4.004 |    5.176 | 
     | U1690                | A2 ^ -> ZN v | NAND3_X1  | 0.032 |   4.036 |    5.208 | 
     | U1692                | A2 v -> ZN ^ | NAND2_X1  | 0.022 |   4.059 |    5.230 | 
     | U1693                | A3 ^ -> ZN v | NAND3_X1  | 0.028 |   4.086 |    5.258 | 
     | U1696                | A1 v -> ZN ^ | NAND2_X1  | 0.018 |   4.105 |    5.276 | 
     | U1697                | A1 ^ -> ZN v | NAND2_X1  | 0.017 |   4.122 |    5.294 | 
     | U1700                | A1 v -> ZN ^ | NAND2_X1  | 0.015 |   4.137 |    5.309 | 
     | U1701                | A1 ^ -> ZN v | NAND2_X1  | 0.021 |   4.158 |    5.330 | 
     | U1703                | A2 v -> ZN ^ | NAND2_X1  | 0.019 |   4.178 |    5.349 | 
     | U1705                | A2 ^ -> ZN v | NAND3_X1  | 0.032 |   4.210 |    5.382 | 
     | U1626                | B v -> ZN v  | XNOR2_X1  | 0.049 |   4.259 |    5.431 | 
     | U4456                | B2 v -> ZN ^ | OAI22_X1  | 0.043 |   4.302 |    5.474 | 
     | p_reg_Y_temp_reg_62_ | D ^          | DFFS_X1   | 0.000 |   4.302 |    5.474 | 
     +------------------------------------------------------------------------------+ 
Path 2: MET Setup Check with Pin p_reg_Y_temp_reg_63_/CK 
Endpoint:   p_reg_Y_temp_reg_63_/D (^) checked with  leading edge of 'CLK'
Beginpoint: B_reg_Y_temp_reg_1_/QN (^) triggered by  leading edge of 'CLK'
Path Groups: {CLK}
Analysis View: default
Other End Arrival Time          0.062
- Setup                         0.026
+ Phase Shift                   5.492
+ CPPR Adjustment               0.000
- Uncertainty                   0.050
= Required Time                 5.478
- Arrival Time                  4.280
= Slack Time                    1.198
     Clock Rise Edge                 0.000
     + Clock Network Latency (Prop)  0.053
     = Beginpoint Arrival Time       0.053
     +------------------------------------------------------------------------------+ 
     |       Instance       |     Arc      |   Cell    | Delay | Arrival | Required | 
     |                      |              |           |       |  Time   |   Time   | 
     |----------------------+--------------+-----------+-------+---------+----------| 
     | B_reg_Y_temp_reg_1_  | CK ^         |           |       |   0.053 |    1.250 | 
     | B_reg_Y_temp_reg_1_  | CK ^ -> QN ^ | SDFF_X1   | 0.111 |   0.164 |    1.361 | 
     | FE_OFC74_B_i_1       | A ^ -> Z ^   | CLKBUF_X1 | 0.132 |   0.296 |    1.494 | 
     | U1650                | A1 ^ -> ZN ^ | AND2_X1   | 0.129 |   0.425 |    1.623 | 
     | FE_DBTC2_n645        | A ^ -> ZN v  | INV_X1    | 0.080 |   0.505 |    1.703 | 
     | U1653                | A2 v -> ZN ^ | OAI22_X1  | 0.071 |   0.576 |    1.773 | 
     | U1654                | A2 ^ -> ZN v | NOR2_X1   | 0.020 |   0.596 |    1.793 | 
     | U1655                | A1 v -> ZN ^ | NOR2_X1   | 0.032 |   0.627 |    1.825 | 
     | U1656                | B ^ -> Z ^   | XOR2_X1   | 0.058 |   0.685 |    1.883 | 
     | U1660                | A1 ^ -> ZN v | NOR2_X1   | 0.017 |   0.702 |    1.900 | 
     | intadd_1838_U61      | CI v -> CO v | FA_X1     | 0.071 |   0.773 |    1.971 | 
     | intadd_1838_U60      | CI v -> CO v | FA_X1     | 0.072 |   0.845 |    2.043 | 
     | intadd_1838_U59      | CI v -> CO v | FA_X1     | 0.075 |   0.920 |    2.118 | 
     | intadd_1838_U58      | A v -> CO v  | FA_X1     | 0.079 |   0.999 |    2.197 | 
     | intadd_1838_U57      | CI v -> CO v | FA_X1     | 0.072 |   1.071 |    2.269 | 
     | intadd_1838_U56      | CI v -> CO v | FA_X1     | 0.079 |   1.150 |    2.347 | 
     | U3438                | A2 v -> ZN ^ | NAND2_X1  | 0.022 |   1.172 |    2.369 | 
     | U3441                | A1 ^ -> ZN v | NAND3_X1  | 0.021 |   1.193 |    2.391 | 
     | intadd_1838_U54      | CI v -> CO v | FA_X1     | 0.071 |   1.264 |    2.462 | 
     | intadd_1838_U53      | CI v -> CO v | FA_X1     | 0.072 |   1.335 |    2.533 | 
     | intadd_1838_U52      | CI v -> CO v | FA_X1     | 0.071 |   1.407 |    2.604 | 
     | intadd_1838_U51      | CI v -> CO v | FA_X1     | 0.072 |   1.478 |    2.676 | 
     | intadd_1838_U50      | CI v -> CO v | FA_X1     | 0.072 |   1.550 |    2.748 | 
     | intadd_1838_U49      | CI v -> CO v | FA_X1     | 0.072 |   1.622 |    2.820 | 
     | intadd_1838_U48      | CI v -> CO v | FA_X1     | 0.073 |   1.695 |    2.893 | 
     | intadd_1838_U47      | CI v -> CO v | FA_X1     | 0.072 |   1.767 |    2.965 | 
     | intadd_1838_U46      | CI v -> CO v | FA_X1     | 0.072 |   1.839 |    3.037 | 
     | intadd_1838_U45      | CI v -> CO v | FA_X1     | 0.071 |   1.910 |    3.108 | 
     | intadd_1838_U44      | CI v -> CO v | FA_X1     | 0.072 |   1.982 |    3.180 | 
     | intadd_1838_U43      | CI v -> CO v | FA_X1     | 0.072 |   2.054 |    3.252 | 
     | intadd_1838_U42      | CI v -> CO v | FA_X1     | 0.080 |   2.134 |    3.332 | 
     | intadd_1838_U41      | CI v -> CO v | FA_X1     | 0.076 |   2.210 |    3.408 | 
     | intadd_1838_U40      | CI v -> CO v | FA_X1     | 0.072 |   2.283 |    3.480 | 
     | intadd_1838_U39      | CI v -> CO v | FA_X1     | 0.072 |   2.355 |    3.553 | 
     | intadd_1838_U38      | CI v -> CO v | FA_X1     | 0.072 |   2.427 |    3.625 | 
     | intadd_1838_U37      | CI v -> CO v | FA_X1     | 0.072 |   2.499 |    3.697 | 
     | intadd_1838_U36      | CI v -> CO v | FA_X1     | 0.074 |   2.573 |    3.771 | 
     | intadd_1838_U35      | CI v -> CO v | FA_X1     | 0.073 |   2.646 |    3.844 | 
     | intadd_1838_U34      | CI v -> CO v | FA_X1     | 0.075 |   2.721 |    3.919 | 
     | intadd_1838_U33      | CI v -> CO v | FA_X1     | 0.077 |   2.799 |    3.996 | 
     | intadd_1838_U32      | CI v -> CO v | FA_X1     | 0.076 |   2.875 |    4.073 | 
     | intadd_1838_U31      | CI v -> CO v | FA_X1     | 0.074 |   2.949 |    4.147 | 
     | intadd_1838_U30      | CI v -> CO v | FA_X1     | 0.073 |   3.022 |    4.220 | 
     | intadd_1838_U29      | CI v -> CO v | FA_X1     | 0.072 |   3.094 |    4.292 | 
     | intadd_1838_U28      | CI v -> CO v | FA_X1     | 0.072 |   3.166 |    4.364 | 
     | intadd_1838_U27      | CI v -> CO v | FA_X1     | 0.072 |   3.238 |    4.436 | 
     | intadd_1838_U26      | CI v -> CO v | FA_X1     | 0.072 |   3.310 |    4.508 | 
     | intadd_1838_U25      | CI v -> CO v | FA_X1     | 0.074 |   3.385 |    4.582 | 
     | intadd_1838_U24      | CI v -> CO v | FA_X1     | 0.081 |   3.466 |    4.664 | 
     | U2961                | A1 v -> ZN ^ | NAND2_X1  | 0.018 |   3.484 |    4.681 | 
     | U1568                | A2 ^ -> ZN ^ | AND3_X1   | 0.051 |   3.535 |    4.733 | 
     | U2963                | B2 ^ -> ZN v | OAI21_X1  | 0.021 |   3.556 |    4.753 | 
     | intadd_1838_U21      | CI v -> CO v | FA_X1     | 0.076 |   3.631 |    4.829 | 
     | U1662                | A v -> ZN ^  | OAI21_X1  | 0.025 |   3.656 |    4.854 | 
     | U1663                | A1 ^ -> ZN v | NAND2_X1  | 0.023 |   3.679 |    4.876 | 
     | U1673                | A1 v -> ZN ^ | NAND2_X1  | 0.022 |   3.701 |    4.899 | 
     | U1565                | C2 ^ -> ZN v | OAI211_X1 | 0.032 |   3.733 |    4.931 | 
     | U1675                | A1 v -> ZN ^ | NAND2_X1  | 0.026 |   3.759 |    4.957 | 
     | U1557                | C1 ^ -> ZN v | OAI211_X1 | 0.028 |   3.787 |    4.985 | 
     | U1677                | A1 v -> ZN ^ | NAND2_X1  | 0.019 |   3.806 |    5.004 | 
     | U1678                | A1 ^ -> ZN v | NAND2_X1  | 0.021 |   3.827 |    5.025 | 
     | U1616                | A1 v -> ZN ^ | NAND2_X1  | 0.017 |   3.844 |    5.042 | 
     | U1617                | A1 ^ -> ZN v | NAND4_X1  | 0.039 |   3.884 |    5.081 | 
     | U1680                | A2 v -> ZN ^ | NAND2_X1  | 0.027 |   3.910 |    5.108 | 
     | U1681                | A3 ^ -> ZN v | NAND3_X1  | 0.033 |   3.943 |    5.141 | 
     | U1623                | A1 v -> ZN ^ | NAND2_X1  | 0.020 |   3.963 |    5.160 | 
     | U1559                | A1 ^ -> ZN v | NAND2_X1  | 0.022 |   3.985 |    5.182 | 
     | U1688                | A2 v -> ZN ^ | NAND2_X1  | 0.019 |   4.004 |    5.202 | 
     | U1690                | A2 ^ -> ZN v | NAND3_X1  | 0.032 |   4.036 |    5.234 | 
     | U1692                | A2 v -> ZN ^ | NAND2_X1  | 0.022 |   4.059 |    5.256 | 
     | U1693                | A3 ^ -> ZN v | NAND3_X1  | 0.028 |   4.086 |    5.284 | 
     | U1696                | A1 v -> ZN ^ | NAND2_X1  | 0.018 |   4.105 |    5.302 | 
     | U1697                | A1 ^ -> ZN v | NAND2_X1  | 0.017 |   4.122 |    5.320 | 
     | U1700                | A1 v -> ZN ^ | NAND2_X1  | 0.015 |   4.137 |    5.335 | 
     | U1701                | A1 ^ -> ZN v | NAND2_X1  | 0.021 |   4.158 |    5.356 | 
     | U1703                | A2 v -> ZN ^ | NAND2_X1  | 0.019 |   4.178 |    5.375 | 
     | U1705                | A2 ^ -> ZN v | NAND3_X1  | 0.032 |   4.210 |    5.408 | 
     | U1620                | A1 v -> ZN ^ | NAND2_X1  | 0.020 |   4.230 |    5.427 | 
     | U1621                | A ^ -> ZN v  | OAI211_X1 | 0.033 |   4.262 |    5.460 | 
     | U4457                | A1 v -> ZN ^ | NAND2_X1  | 0.018 |   4.280 |    5.478 | 
     | p_reg_Y_temp_reg_63_ | D ^          | DFFS_X1   | 0.000 |   4.280 |    5.478 | 
     +------------------------------------------------------------------------------+ 
Path 3: MET Setup Check with Pin p_reg_Y_temp_reg_61_/CK 
Endpoint:   p_reg_Y_temp_reg_61_/D (^) checked with  leading edge of 'CLK'
Beginpoint: B_reg_Y_temp_reg_1_/QN (^) triggered by  leading edge of 'CLK'
Path Groups: {CLK}
Analysis View: default
Other End Arrival Time          0.062
- Setup                         0.032
+ Phase Shift                   5.492
+ CPPR Adjustment               0.000
- Uncertainty                   0.050
= Required Time                 5.473
- Arrival Time                  4.264
= Slack Time                    1.209
     Clock Rise Edge                 0.000
     + Clock Network Latency (Prop)  0.053
     = Beginpoint Arrival Time       0.053
     +------------------------------------------------------------------------------+ 
     |       Instance       |     Arc      |   Cell    | Delay | Arrival | Required | 
     |                      |              |           |       |  Time   |   Time   | 
     |----------------------+--------------+-----------+-------+---------+----------| 
     | B_reg_Y_temp_reg_1_  | CK ^         |           |       |   0.053 |    1.261 | 
     | B_reg_Y_temp_reg_1_  | CK ^ -> QN ^ | SDFF_X1   | 0.111 |   0.164 |    1.372 | 
     | FE_OFC74_B_i_1       | A ^ -> Z ^   | CLKBUF_X1 | 0.132 |   0.296 |    1.505 | 
     | U1650                | A1 ^ -> ZN ^ | AND2_X1   | 0.129 |   0.425 |    1.634 | 
     | FE_DBTC2_n645        | A ^ -> ZN v  | INV_X1    | 0.080 |   0.505 |    1.714 | 
     | U1653                | A2 v -> ZN ^ | OAI22_X1  | 0.071 |   0.576 |    1.784 | 
     | U1654                | A2 ^ -> ZN v | NOR2_X1   | 0.020 |   0.596 |    1.804 | 
     | U1655                | A1 v -> ZN ^ | NOR2_X1   | 0.032 |   0.627 |    1.836 | 
     | U1656                | B ^ -> Z ^   | XOR2_X1   | 0.058 |   0.685 |    1.894 | 
     | U1660                | A1 ^ -> ZN v | NOR2_X1   | 0.017 |   0.702 |    1.911 | 
     | intadd_1838_U61      | CI v -> CO v | FA_X1     | 0.071 |   0.773 |    1.982 | 
     | intadd_1838_U60      | CI v -> CO v | FA_X1     | 0.072 |   0.845 |    2.054 | 
     | intadd_1838_U59      | CI v -> CO v | FA_X1     | 0.075 |   0.920 |    2.129 | 
     | intadd_1838_U58      | A v -> CO v  | FA_X1     | 0.079 |   0.999 |    2.208 | 
     | intadd_1838_U57      | CI v -> CO v | FA_X1     | 0.072 |   1.071 |    2.280 | 
     | intadd_1838_U56      | CI v -> CO v | FA_X1     | 0.079 |   1.150 |    2.358 | 
     | U3438                | A2 v -> ZN ^ | NAND2_X1  | 0.022 |   1.172 |    2.380 | 
     | U3441                | A1 ^ -> ZN v | NAND3_X1  | 0.021 |   1.193 |    2.402 | 
     | intadd_1838_U54      | CI v -> CO v | FA_X1     | 0.071 |   1.264 |    2.473 | 
     | intadd_1838_U53      | CI v -> CO v | FA_X1     | 0.072 |   1.335 |    2.544 | 
     | intadd_1838_U52      | CI v -> CO v | FA_X1     | 0.071 |   1.407 |    2.615 | 
     | intadd_1838_U51      | CI v -> CO v | FA_X1     | 0.072 |   1.478 |    2.687 | 
     | intadd_1838_U50      | CI v -> CO v | FA_X1     | 0.072 |   1.550 |    2.759 | 
     | intadd_1838_U49      | CI v -> CO v | FA_X1     | 0.072 |   1.622 |    2.831 | 
     | intadd_1838_U48      | CI v -> CO v | FA_X1     | 0.073 |   1.695 |    2.904 | 
     | intadd_1838_U47      | CI v -> CO v | FA_X1     | 0.072 |   1.767 |    2.976 | 
     | intadd_1838_U46      | CI v -> CO v | FA_X1     | 0.072 |   1.839 |    3.048 | 
     | intadd_1838_U45      | CI v -> CO v | FA_X1     | 0.071 |   1.910 |    3.119 | 
     | intadd_1838_U44      | CI v -> CO v | FA_X1     | 0.072 |   1.982 |    3.191 | 
     | intadd_1838_U43      | CI v -> CO v | FA_X1     | 0.072 |   2.054 |    3.263 | 
     | intadd_1838_U42      | CI v -> CO v | FA_X1     | 0.080 |   2.134 |    3.343 | 
     | intadd_1838_U41      | CI v -> CO v | FA_X1     | 0.076 |   2.210 |    3.419 | 
     | intadd_1838_U40      | CI v -> CO v | FA_X1     | 0.072 |   2.283 |    3.491 | 
     | intadd_1838_U39      | CI v -> CO v | FA_X1     | 0.072 |   2.355 |    3.564 | 
     | intadd_1838_U38      | CI v -> CO v | FA_X1     | 0.072 |   2.427 |    3.636 | 
     | intadd_1838_U37      | CI v -> CO v | FA_X1     | 0.072 |   2.499 |    3.708 | 
     | intadd_1838_U36      | CI v -> CO v | FA_X1     | 0.074 |   2.573 |    3.782 | 
     | intadd_1838_U35      | CI v -> CO v | FA_X1     | 0.073 |   2.646 |    3.855 | 
     | intadd_1838_U34      | CI v -> CO v | FA_X1     | 0.075 |   2.721 |    3.930 | 
     | intadd_1838_U33      | CI v -> CO v | FA_X1     | 0.077 |   2.799 |    4.007 | 
     | intadd_1838_U32      | CI v -> CO v | FA_X1     | 0.076 |   2.875 |    4.084 | 
     | intadd_1838_U31      | CI v -> CO v | FA_X1     | 0.074 |   2.949 |    4.158 | 
     | intadd_1838_U30      | CI v -> CO v | FA_X1     | 0.073 |   3.022 |    4.231 | 
     | intadd_1838_U29      | CI v -> CO v | FA_X1     | 0.072 |   3.094 |    4.303 | 
     | intadd_1838_U28      | CI v -> CO v | FA_X1     | 0.072 |   3.166 |    4.375 | 
     | intadd_1838_U27      | CI v -> CO v | FA_X1     | 0.072 |   3.238 |    4.447 | 
     | intadd_1838_U26      | CI v -> CO v | FA_X1     | 0.072 |   3.310 |    4.519 | 
     | intadd_1838_U25      | CI v -> CO v | FA_X1     | 0.074 |   3.385 |    4.593 | 
     | intadd_1838_U24      | CI v -> CO v | FA_X1     | 0.081 |   3.466 |    4.675 | 
     | U2961                | A1 v -> ZN ^ | NAND2_X1  | 0.018 |   3.484 |    4.692 | 
     | U1568                | A2 ^ -> ZN ^ | AND3_X1   | 0.051 |   3.535 |    4.744 | 
     | U2963                | B2 ^ -> ZN v | OAI21_X1  | 0.021 |   3.556 |    4.764 | 
     | intadd_1838_U21      | CI v -> CO v | FA_X1     | 0.076 |   3.631 |    4.840 | 
     | U1662                | A v -> ZN ^  | OAI21_X1  | 0.025 |   3.656 |    4.865 | 
     | U1663                | A1 ^ -> ZN v | NAND2_X1  | 0.023 |   3.679 |    4.887 | 
     | U1673                | A1 v -> ZN ^ | NAND2_X1  | 0.022 |   3.701 |    4.910 | 
     | U1565                | C2 ^ -> ZN v | OAI211_X1 | 0.032 |   3.733 |    4.942 | 
     | U1675                | A1 v -> ZN ^ | NAND2_X1  | 0.026 |   3.759 |    4.968 | 
     | U1557                | C1 ^ -> ZN v | OAI211_X1 | 0.028 |   3.787 |    4.996 | 
     | U1677                | A1 v -> ZN ^ | NAND2_X1  | 0.019 |   3.806 |    5.015 | 
     | U1678                | A1 ^ -> ZN v | NAND2_X1  | 0.021 |   3.827 |    5.036 | 
     | U1616                | A1 v -> ZN ^ | NAND2_X1  | 0.017 |   3.844 |    5.053 | 
     | U1617                | A1 ^ -> ZN v | NAND4_X1  | 0.039 |   3.884 |    5.092 | 
     | U1680                | A2 v -> ZN ^ | NAND2_X1  | 0.027 |   3.910 |    5.119 | 
     | U1681                | A3 ^ -> ZN v | NAND3_X1  | 0.033 |   3.943 |    5.152 | 
     | U1623                | A1 v -> ZN ^ | NAND2_X1  | 0.020 |   3.963 |    5.171 | 
     | U1559                | A1 ^ -> ZN v | NAND2_X1  | 0.022 |   3.985 |    5.193 | 
     | U1688                | A2 v -> ZN ^ | NAND2_X1  | 0.019 |   4.004 |    5.213 | 
     | U1690                | A2 ^ -> ZN v | NAND3_X1  | 0.032 |   4.036 |    5.245 | 
     | U1692                | A2 v -> ZN ^ | NAND2_X1  | 0.022 |   4.059 |    5.267 | 
     | U1693                | A3 ^ -> ZN v | NAND3_X1  | 0.028 |   4.086 |    5.295 | 
     | U1696                | A1 v -> ZN ^ | NAND2_X1  | 0.018 |   4.105 |    5.313 | 
     | U1697                | A1 ^ -> ZN v | NAND2_X1  | 0.017 |   4.122 |    5.331 | 
     | U1700                | A1 v -> ZN ^ | NAND2_X1  | 0.015 |   4.137 |    5.346 | 
     | U1701                | A1 ^ -> ZN v | NAND2_X1  | 0.021 |   4.158 |    5.367 | 
     | U3449                | B v -> Z v   | XOR2_X1   | 0.060 |   4.218 |    5.427 | 
     | U7                   | B2 v -> ZN ^ | AOI22_X1  | 0.046 |   4.264 |    5.473 | 
     | p_reg_Y_temp_reg_61_ | D ^          | DFFS_X1   | 0.000 |   4.264 |    5.473 | 
     +------------------------------------------------------------------------------+ 
Path 4: MET Setup Check with Pin p_reg_Y_temp_reg_60_/CK 
Endpoint:   p_reg_Y_temp_reg_60_/D (^) checked with  leading edge of 'CLK'
Beginpoint: B_reg_Y_temp_reg_1_/QN (^) triggered by  leading edge of 'CLK'
Path Groups: {CLK}
Analysis View: default
Other End Arrival Time          0.062
- Setup                         0.032
+ Phase Shift                   5.492
+ CPPR Adjustment               0.000
- Uncertainty                   0.050
= Required Time                 5.473
- Arrival Time                  4.206
= Slack Time                    1.267
     Clock Rise Edge                 0.000
     + Clock Network Latency (Prop)  0.053
     = Beginpoint Arrival Time       0.053
     +------------------------------------------------------------------------------+ 
     |       Instance       |     Arc      |   Cell    | Delay | Arrival | Required | 
     |                      |              |           |       |  Time   |   Time   | 
     |----------------------+--------------+-----------+-------+---------+----------| 
     | B_reg_Y_temp_reg_1_  | CK ^         |           |       |   0.053 |    1.319 | 
     | B_reg_Y_temp_reg_1_  | CK ^ -> QN ^ | SDFF_X1   | 0.111 |   0.164 |    1.430 | 
     | FE_OFC74_B_i_1       | A ^ -> Z ^   | CLKBUF_X1 | 0.132 |   0.296 |    1.563 | 
     | U1650                | A1 ^ -> ZN ^ | AND2_X1   | 0.129 |   0.425 |    1.692 | 
     | FE_DBTC2_n645        | A ^ -> ZN v  | INV_X1    | 0.080 |   0.505 |    1.771 | 
     | U1653                | A2 v -> ZN ^ | OAI22_X1  | 0.071 |   0.576 |    1.842 | 
     | U1654                | A2 ^ -> ZN v | NOR2_X1   | 0.020 |   0.596 |    1.862 | 
     | U1655                | A1 v -> ZN ^ | NOR2_X1   | 0.032 |   0.627 |    1.894 | 
     | U1656                | B ^ -> Z ^   | XOR2_X1   | 0.058 |   0.685 |    1.952 | 
     | U1660                | A1 ^ -> ZN v | NOR2_X1   | 0.017 |   0.702 |    1.969 | 
     | intadd_1838_U61      | CI v -> CO v | FA_X1     | 0.071 |   0.773 |    2.040 | 
     | intadd_1838_U60      | CI v -> CO v | FA_X1     | 0.072 |   0.845 |    2.112 | 
     | intadd_1838_U59      | CI v -> CO v | FA_X1     | 0.075 |   0.920 |    2.187 | 
     | intadd_1838_U58      | A v -> CO v  | FA_X1     | 0.079 |   0.999 |    2.266 | 
     | intadd_1838_U57      | CI v -> CO v | FA_X1     | 0.072 |   1.071 |    2.337 | 
     | intadd_1838_U56      | CI v -> CO v | FA_X1     | 0.079 |   1.150 |    2.416 | 
     | U3438                | A2 v -> ZN ^ | NAND2_X1  | 0.022 |   1.172 |    2.438 | 
     | U3441                | A1 ^ -> ZN v | NAND3_X1  | 0.021 |   1.193 |    2.460 | 
     | intadd_1838_U54      | CI v -> CO v | FA_X1     | 0.071 |   1.264 |    2.531 | 
     | intadd_1838_U53      | CI v -> CO v | FA_X1     | 0.072 |   1.335 |    2.602 | 
     | intadd_1838_U52      | CI v -> CO v | FA_X1     | 0.071 |   1.407 |    2.673 | 
     | intadd_1838_U51      | CI v -> CO v | FA_X1     | 0.072 |   1.478 |    2.745 | 
     | intadd_1838_U50      | CI v -> CO v | FA_X1     | 0.072 |   1.550 |    2.817 | 
     | intadd_1838_U49      | CI v -> CO v | FA_X1     | 0.072 |   1.622 |    2.889 | 
     | intadd_1838_U48      | CI v -> CO v | FA_X1     | 0.073 |   1.695 |    2.961 | 
     | intadd_1838_U47      | CI v -> CO v | FA_X1     | 0.072 |   1.767 |    3.034 | 
     | intadd_1838_U46      | CI v -> CO v | FA_X1     | 0.072 |   1.839 |    3.105 | 
     | intadd_1838_U45      | CI v -> CO v | FA_X1     | 0.071 |   1.910 |    3.177 | 
     | intadd_1838_U44      | CI v -> CO v | FA_X1     | 0.072 |   1.982 |    3.248 | 
     | intadd_1838_U43      | CI v -> CO v | FA_X1     | 0.072 |   2.054 |    3.321 | 
     | intadd_1838_U42      | CI v -> CO v | FA_X1     | 0.080 |   2.134 |    3.401 | 
     | intadd_1838_U41      | CI v -> CO v | FA_X1     | 0.076 |   2.210 |    3.477 | 
     | intadd_1838_U40      | CI v -> CO v | FA_X1     | 0.072 |   2.283 |    3.549 | 
     | intadd_1838_U39      | CI v -> CO v | FA_X1     | 0.072 |   2.355 |    3.621 | 
     | intadd_1838_U38      | CI v -> CO v | FA_X1     | 0.072 |   2.427 |    3.694 | 
     | intadd_1838_U37      | CI v -> CO v | FA_X1     | 0.072 |   2.499 |    3.766 | 
     | intadd_1838_U36      | CI v -> CO v | FA_X1     | 0.074 |   2.573 |    3.840 | 
     | intadd_1838_U35      | CI v -> CO v | FA_X1     | 0.073 |   2.646 |    3.913 | 
     | intadd_1838_U34      | CI v -> CO v | FA_X1     | 0.075 |   2.721 |    3.988 | 
     | intadd_1838_U33      | CI v -> CO v | FA_X1     | 0.077 |   2.799 |    4.065 | 
     | intadd_1838_U32      | CI v -> CO v | FA_X1     | 0.076 |   2.875 |    4.141 | 
     | intadd_1838_U31      | CI v -> CO v | FA_X1     | 0.074 |   2.949 |    4.216 | 
     | intadd_1838_U30      | CI v -> CO v | FA_X1     | 0.073 |   3.022 |    4.289 | 
     | intadd_1838_U29      | CI v -> CO v | FA_X1     | 0.072 |   3.094 |    4.360 | 
     | intadd_1838_U28      | CI v -> CO v | FA_X1     | 0.072 |   3.166 |    4.433 | 
     | intadd_1838_U27      | CI v -> CO v | FA_X1     | 0.072 |   3.238 |    4.504 | 
     | intadd_1838_U26      | CI v -> CO v | FA_X1     | 0.072 |   3.310 |    4.577 | 
     | intadd_1838_U25      | CI v -> CO v | FA_X1     | 0.074 |   3.385 |    4.651 | 
     | intadd_1838_U24      | CI v -> CO v | FA_X1     | 0.081 |   3.466 |    4.732 | 
     | U2961                | A1 v -> ZN ^ | NAND2_X1  | 0.018 |   3.484 |    4.750 | 
     | U1568                | A2 ^ -> ZN ^ | AND3_X1   | 0.051 |   3.535 |    4.801 | 
     | U2963                | B2 ^ -> ZN v | OAI21_X1  | 0.021 |   3.556 |    4.822 | 
     | intadd_1838_U21      | CI v -> CO v | FA_X1     | 0.076 |   3.631 |    4.898 | 
     | U1662                | A v -> ZN ^  | OAI21_X1  | 0.025 |   3.656 |    4.922 | 
     | U1663                | A1 ^ -> ZN v | NAND2_X1  | 0.023 |   3.679 |    4.945 | 
     | U1673                | A1 v -> ZN ^ | NAND2_X1  | 0.022 |   3.701 |    4.968 | 
     | U1565                | C2 ^ -> ZN v | OAI211_X1 | 0.032 |   3.733 |    5.000 | 
     | U1675                | A1 v -> ZN ^ | NAND2_X1  | 0.026 |   3.759 |    5.026 | 
     | U1557                | C1 ^ -> ZN v | OAI211_X1 | 0.028 |   3.787 |    5.053 | 
     | U1677                | A1 v -> ZN ^ | NAND2_X1  | 0.019 |   3.806 |    5.073 | 
     | U1678                | A1 ^ -> ZN v | NAND2_X1  | 0.021 |   3.827 |    5.094 | 
     | U1616                | A1 v -> ZN ^ | NAND2_X1  | 0.017 |   3.844 |    5.111 | 
     | U1617                | A1 ^ -> ZN v | NAND4_X1  | 0.039 |   3.884 |    5.150 | 
     | U1680                | A2 v -> ZN ^ | NAND2_X1  | 0.027 |   3.910 |    5.177 | 
     | U1681                | A3 ^ -> ZN v | NAND3_X1  | 0.033 |   3.943 |    5.210 | 
     | U1623                | A1 v -> ZN ^ | NAND2_X1  | 0.020 |   3.963 |    5.229 | 
     | U1559                | A1 ^ -> ZN v | NAND2_X1  | 0.022 |   3.985 |    5.251 | 
     | U1688                | A2 v -> ZN ^ | NAND2_X1  | 0.019 |   4.004 |    5.270 | 
     | U1690                | A2 ^ -> ZN v | NAND3_X1  | 0.032 |   4.036 |    5.303 | 
     | U1692                | A2 v -> ZN ^ | NAND2_X1  | 0.022 |   4.059 |    5.325 | 
     | U1693                | A3 ^ -> ZN v | NAND3_X1  | 0.028 |   4.086 |    5.353 | 
     | U1696                | A1 v -> ZN ^ | NAND2_X1  | 0.018 |   4.105 |    5.371 | 
     | U1697                | A1 ^ -> ZN v | NAND2_X1  | 0.017 |   4.122 |    5.389 | 
     | U2951                | A v -> ZN v  | XNOR2_X1  | 0.039 |   4.161 |    5.428 | 
     | U9                   | B2 v -> ZN ^ | AOI22_X1  | 0.045 |   4.206 |    5.473 | 
     | p_reg_Y_temp_reg_60_ | D ^          | DFFS_X1   | 0.000 |   4.206 |    5.473 | 
     +------------------------------------------------------------------------------+ 
Path 5: MET Setup Check with Pin p_reg_Y_temp_reg_59_/CK 
Endpoint:   p_reg_Y_temp_reg_59_/D (^) checked with  leading edge of 'CLK'
Beginpoint: B_reg_Y_temp_reg_1_/QN (^) triggered by  leading edge of 'CLK'
Path Groups: {CLK}
Analysis View: default
Other End Arrival Time          0.061
- Setup                         0.032
+ Phase Shift                   5.492
+ CPPR Adjustment               0.000
- Uncertainty                   0.050
= Required Time                 5.472
- Arrival Time                  4.172
= Slack Time                    1.300
     Clock Rise Edge                 0.000
     + Clock Network Latency (Prop)  0.053
     = Beginpoint Arrival Time       0.053
     +------------------------------------------------------------------------------+ 
     |       Instance       |     Arc      |   Cell    | Delay | Arrival | Required | 
     |                      |              |           |       |  Time   |   Time   | 
     |----------------------+--------------+-----------+-------+---------+----------| 
     | B_reg_Y_temp_reg_1_  | CK ^         |           |       |   0.053 |    1.352 | 
     | B_reg_Y_temp_reg_1_  | CK ^ -> QN ^ | SDFF_X1   | 0.111 |   0.164 |    1.464 | 
     | FE_OFC74_B_i_1       | A ^ -> Z ^   | CLKBUF_X1 | 0.132 |   0.296 |    1.596 | 
     | U1650                | A1 ^ -> ZN ^ | AND2_X1   | 0.129 |   0.425 |    1.725 | 
     | FE_DBTC2_n645        | A ^ -> ZN v  | INV_X1    | 0.080 |   0.505 |    1.805 | 
     | U1653                | A2 v -> ZN ^ | OAI22_X1  | 0.071 |   0.576 |    1.876 | 
     | U1654                | A2 ^ -> ZN v | NOR2_X1   | 0.020 |   0.596 |    1.895 | 
     | U1655                | A1 v -> ZN ^ | NOR2_X1   | 0.032 |   0.627 |    1.927 | 
     | U1656                | B ^ -> Z ^   | XOR2_X1   | 0.058 |   0.685 |    1.985 | 
     | U1660                | A1 ^ -> ZN v | NOR2_X1   | 0.017 |   0.702 |    2.002 | 
     | intadd_1838_U61      | CI v -> CO v | FA_X1     | 0.071 |   0.773 |    2.073 | 
     | intadd_1838_U60      | CI v -> CO v | FA_X1     | 0.072 |   0.845 |    2.145 | 
     | intadd_1838_U59      | CI v -> CO v | FA_X1     | 0.075 |   0.920 |    2.220 | 
     | intadd_1838_U58      | A v -> CO v  | FA_X1     | 0.079 |   0.999 |    2.299 | 
     | intadd_1838_U57      | CI v -> CO v | FA_X1     | 0.072 |   1.071 |    2.371 | 
     | intadd_1838_U56      | CI v -> CO v | FA_X1     | 0.079 |   1.150 |    2.450 | 
     | U3438                | A2 v -> ZN ^ | NAND2_X1  | 0.022 |   1.172 |    2.472 | 
     | U3441                | A1 ^ -> ZN v | NAND3_X1  | 0.021 |   1.193 |    2.493 | 
     | intadd_1838_U54      | CI v -> CO v | FA_X1     | 0.071 |   1.264 |    2.564 | 
     | intadd_1838_U53      | CI v -> CO v | FA_X1     | 0.072 |   1.335 |    2.635 | 
     | intadd_1838_U52      | CI v -> CO v | FA_X1     | 0.071 |   1.407 |    2.707 | 
     | intadd_1838_U51      | CI v -> CO v | FA_X1     | 0.072 |   1.478 |    2.778 | 
     | intadd_1838_U50      | CI v -> CO v | FA_X1     | 0.072 |   1.550 |    2.850 | 
     | intadd_1838_U49      | CI v -> CO v | FA_X1     | 0.072 |   1.622 |    2.922 | 
     | intadd_1838_U48      | CI v -> CO v | FA_X1     | 0.073 |   1.695 |    2.995 | 
     | intadd_1838_U47      | CI v -> CO v | FA_X1     | 0.072 |   1.767 |    3.067 | 
     | intadd_1838_U46      | CI v -> CO v | FA_X1     | 0.072 |   1.839 |    3.139 | 
     | intadd_1838_U45      | CI v -> CO v | FA_X1     | 0.071 |   1.910 |    3.210 | 
     | intadd_1838_U44      | CI v -> CO v | FA_X1     | 0.072 |   1.982 |    3.282 | 
     | intadd_1838_U43      | CI v -> CO v | FA_X1     | 0.072 |   2.054 |    3.354 | 
     | intadd_1838_U42      | CI v -> CO v | FA_X1     | 0.080 |   2.134 |    3.434 | 
     | intadd_1838_U41      | CI v -> CO v | FA_X1     | 0.076 |   2.210 |    3.510 | 
     | intadd_1838_U40      | CI v -> CO v | FA_X1     | 0.072 |   2.283 |    3.583 | 
     | intadd_1838_U39      | CI v -> CO v | FA_X1     | 0.072 |   2.355 |    3.655 | 
     | intadd_1838_U38      | CI v -> CO v | FA_X1     | 0.072 |   2.427 |    3.727 | 
     | intadd_1838_U37      | CI v -> CO v | FA_X1     | 0.072 |   2.499 |    3.799 | 
     | intadd_1838_U36      | CI v -> CO v | FA_X1     | 0.074 |   2.573 |    3.873 | 
     | intadd_1838_U35      | CI v -> CO v | FA_X1     | 0.073 |   2.646 |    3.946 | 
     | intadd_1838_U34      | CI v -> CO v | FA_X1     | 0.075 |   2.721 |    4.021 | 
     | intadd_1838_U33      | CI v -> CO v | FA_X1     | 0.077 |   2.799 |    4.098 | 
     | intadd_1838_U32      | CI v -> CO v | FA_X1     | 0.076 |   2.875 |    4.175 | 
     | intadd_1838_U31      | CI v -> CO v | FA_X1     | 0.074 |   2.949 |    4.249 | 
     | intadd_1838_U30      | CI v -> CO v | FA_X1     | 0.073 |   3.022 |    4.322 | 
     | intadd_1838_U29      | CI v -> CO v | FA_X1     | 0.072 |   3.094 |    4.394 | 
     | intadd_1838_U28      | CI v -> CO v | FA_X1     | 0.072 |   3.166 |    4.466 | 
     | intadd_1838_U27      | CI v -> CO v | FA_X1     | 0.072 |   3.238 |    4.538 | 
     | intadd_1838_U26      | CI v -> CO v | FA_X1     | 0.072 |   3.310 |    4.610 | 
     | intadd_1838_U25      | CI v -> CO v | FA_X1     | 0.074 |   3.385 |    4.685 | 
     | intadd_1838_U24      | CI v -> CO v | FA_X1     | 0.081 |   3.466 |    4.766 | 
     | U2961                | A1 v -> ZN ^ | NAND2_X1  | 0.018 |   3.484 |    4.783 | 
     | U1568                | A2 ^ -> ZN ^ | AND3_X1   | 0.051 |   3.535 |    4.835 | 
     | U2963                | B2 ^ -> ZN v | OAI21_X1  | 0.021 |   3.556 |    4.855 | 
     | intadd_1838_U21      | CI v -> CO v | FA_X1     | 0.076 |   3.631 |    4.931 | 
     | U1662                | A v -> ZN ^  | OAI21_X1  | 0.025 |   3.656 |    4.956 | 
     | U1663                | A1 ^ -> ZN v | NAND2_X1  | 0.023 |   3.679 |    4.979 | 
     | U1673                | A1 v -> ZN ^ | NAND2_X1  | 0.022 |   3.701 |    5.001 | 
     | U1565                | C2 ^ -> ZN v | OAI211_X1 | 0.032 |   3.733 |    5.033 | 
     | U1675                | A1 v -> ZN ^ | NAND2_X1  | 0.026 |   3.759 |    5.059 | 
     | U1557                | C1 ^ -> ZN v | OAI211_X1 | 0.028 |   3.787 |    5.087 | 
     | U1677                | A1 v -> ZN ^ | NAND2_X1  | 0.019 |   3.806 |    5.106 | 
     | U1678                | A1 ^ -> ZN v | NAND2_X1  | 0.021 |   3.827 |    5.127 | 
     | U1616                | A1 v -> ZN ^ | NAND2_X1  | 0.017 |   3.844 |    5.144 | 
     | U1617                | A1 ^ -> ZN v | NAND4_X1  | 0.039 |   3.884 |    5.183 | 
     | U1680                | A2 v -> ZN ^ | NAND2_X1  | 0.027 |   3.910 |    5.210 | 
     | U1681                | A3 ^ -> ZN v | NAND3_X1  | 0.033 |   3.943 |    5.243 | 
     | U1623                | A1 v -> ZN ^ | NAND2_X1  | 0.020 |   3.963 |    5.263 | 
     | U1559                | A1 ^ -> ZN v | NAND2_X1  | 0.022 |   3.985 |    5.284 | 
     | U1688                | A2 v -> ZN ^ | NAND2_X1  | 0.019 |   4.004 |    5.304 | 
     | U1690                | A2 ^ -> ZN v | NAND3_X1  | 0.032 |   4.036 |    5.336 | 
     | U1692                | A2 v -> ZN ^ | NAND2_X1  | 0.022 |   4.059 |    5.358 | 
     | U1693                | A3 ^ -> ZN v | NAND3_X1  | 0.028 |   4.086 |    5.386 | 
     | U2949                | A v -> ZN v  | XNOR2_X1  | 0.041 |   4.127 |    5.427 | 
     | U11                  | B2 v -> ZN ^ | AOI22_X1  | 0.044 |   4.172 |    5.472 | 
     | p_reg_Y_temp_reg_59_ | D ^          | DFFS_X1   | 0.000 |   4.172 |    5.472 | 
     +------------------------------------------------------------------------------+ 
Path 6: MET Setup Check with Pin p_reg_Y_temp_reg_58_/CK 
Endpoint:   p_reg_Y_temp_reg_58_/D (^) checked with  leading edge of 'CLK'
Beginpoint: B_reg_Y_temp_reg_1_/QN (^) triggered by  leading edge of 'CLK'
Path Groups: {CLK}
Analysis View: default
Other End Arrival Time          0.063
- Setup                         0.033
+ Phase Shift                   5.492
+ CPPR Adjustment               0.000
- Uncertainty                   0.050
= Required Time                 5.472
- Arrival Time                  4.141
= Slack Time                    1.331
     Clock Rise Edge                 0.000
     + Clock Network Latency (Prop)  0.053
     = Beginpoint Arrival Time       0.053
     +------------------------------------------------------------------------------+ 
     |       Instance       |     Arc      |   Cell    | Delay | Arrival | Required | 
     |                      |              |           |       |  Time   |   Time   | 
     |----------------------+--------------+-----------+-------+---------+----------| 
     | B_reg_Y_temp_reg_1_  | CK ^         |           |       |   0.053 |    1.384 | 
     | B_reg_Y_temp_reg_1_  | CK ^ -> QN ^ | SDFF_X1   | 0.111 |   0.164 |    1.495 | 
     | FE_OFC74_B_i_1       | A ^ -> Z ^   | CLKBUF_X1 | 0.132 |   0.296 |    1.627 | 
     | U1650                | A1 ^ -> ZN ^ | AND2_X1   | 0.129 |   0.425 |    1.756 | 
     | FE_DBTC2_n645        | A ^ -> ZN v  | INV_X1    | 0.080 |   0.505 |    1.836 | 
     | U1653                | A2 v -> ZN ^ | OAI22_X1  | 0.071 |   0.576 |    1.907 | 
     | U1654                | A2 ^ -> ZN v | NOR2_X1   | 0.020 |   0.596 |    1.927 | 
     | U1655                | A1 v -> ZN ^ | NOR2_X1   | 0.032 |   0.627 |    1.958 | 
     | U1656                | B ^ -> Z ^   | XOR2_X1   | 0.058 |   0.685 |    2.016 | 
     | U1660                | A1 ^ -> ZN v | NOR2_X1   | 0.017 |   0.702 |    2.033 | 
     | intadd_1838_U61      | CI v -> CO v | FA_X1     | 0.071 |   0.773 |    2.104 | 
     | intadd_1838_U60      | CI v -> CO v | FA_X1     | 0.072 |   0.845 |    2.176 | 
     | intadd_1838_U59      | CI v -> CO v | FA_X1     | 0.075 |   0.920 |    2.251 | 
     | intadd_1838_U58      | A v -> CO v  | FA_X1     | 0.079 |   0.999 |    2.330 | 
     | intadd_1838_U57      | CI v -> CO v | FA_X1     | 0.072 |   1.071 |    2.402 | 
     | intadd_1838_U56      | CI v -> CO v | FA_X1     | 0.079 |   1.150 |    2.481 | 
     | U3438                | A2 v -> ZN ^ | NAND2_X1  | 0.022 |   1.172 |    2.503 | 
     | U3441                | A1 ^ -> ZN v | NAND3_X1  | 0.021 |   1.193 |    2.524 | 
     | intadd_1838_U54      | CI v -> CO v | FA_X1     | 0.071 |   1.264 |    2.595 | 
     | intadd_1838_U53      | CI v -> CO v | FA_X1     | 0.072 |   1.335 |    2.666 | 
     | intadd_1838_U52      | CI v -> CO v | FA_X1     | 0.071 |   1.407 |    2.738 | 
     | intadd_1838_U51      | CI v -> CO v | FA_X1     | 0.072 |   1.478 |    2.809 | 
     | intadd_1838_U50      | CI v -> CO v | FA_X1     | 0.072 |   1.550 |    2.881 | 
     | intadd_1838_U49      | CI v -> CO v | FA_X1     | 0.072 |   1.622 |    2.953 | 
     | intadd_1838_U48      | CI v -> CO v | FA_X1     | 0.073 |   1.695 |    3.026 | 
     | intadd_1838_U47      | CI v -> CO v | FA_X1     | 0.072 |   1.767 |    3.098 | 
     | intadd_1838_U46      | CI v -> CO v | FA_X1     | 0.072 |   1.839 |    3.170 | 
     | intadd_1838_U45      | CI v -> CO v | FA_X1     | 0.071 |   1.910 |    3.241 | 
     | intadd_1838_U44      | CI v -> CO v | FA_X1     | 0.072 |   1.982 |    3.313 | 
     | intadd_1838_U43      | CI v -> CO v | FA_X1     | 0.072 |   2.054 |    3.385 | 
     | intadd_1838_U42      | CI v -> CO v | FA_X1     | 0.080 |   2.134 |    3.465 | 
     | intadd_1838_U41      | CI v -> CO v | FA_X1     | 0.076 |   2.210 |    3.541 | 
     | intadd_1838_U40      | CI v -> CO v | FA_X1     | 0.072 |   2.283 |    3.614 | 
     | intadd_1838_U39      | CI v -> CO v | FA_X1     | 0.072 |   2.355 |    3.686 | 
     | intadd_1838_U38      | CI v -> CO v | FA_X1     | 0.072 |   2.427 |    3.758 | 
     | intadd_1838_U37      | CI v -> CO v | FA_X1     | 0.072 |   2.499 |    3.830 | 
     | intadd_1838_U36      | CI v -> CO v | FA_X1     | 0.074 |   2.573 |    3.904 | 
     | intadd_1838_U35      | CI v -> CO v | FA_X1     | 0.073 |   2.646 |    3.977 | 
     | intadd_1838_U34      | CI v -> CO v | FA_X1     | 0.075 |   2.721 |    4.052 | 
     | intadd_1838_U33      | CI v -> CO v | FA_X1     | 0.077 |   2.799 |    4.130 | 
     | intadd_1838_U32      | CI v -> CO v | FA_X1     | 0.076 |   2.875 |    4.206 | 
     | intadd_1838_U31      | CI v -> CO v | FA_X1     | 0.074 |   2.949 |    4.280 | 
     | intadd_1838_U30      | CI v -> CO v | FA_X1     | 0.073 |   3.022 |    4.353 | 
     | intadd_1838_U29      | CI v -> CO v | FA_X1     | 0.072 |   3.094 |    4.425 | 
     | intadd_1838_U28      | CI v -> CO v | FA_X1     | 0.072 |   3.166 |    4.497 | 
     | intadd_1838_U27      | CI v -> CO v | FA_X1     | 0.072 |   3.238 |    4.569 | 
     | intadd_1838_U26      | CI v -> CO v | FA_X1     | 0.072 |   3.310 |    4.641 | 
     | intadd_1838_U25      | CI v -> CO v | FA_X1     | 0.074 |   3.385 |    4.716 | 
     | intadd_1838_U24      | CI v -> CO v | FA_X1     | 0.081 |   3.466 |    4.797 | 
     | U2961                | A1 v -> ZN ^ | NAND2_X1  | 0.018 |   3.484 |    4.815 | 
     | U1568                | A2 ^ -> ZN ^ | AND3_X1   | 0.051 |   3.535 |    4.866 | 
     | U2963                | B2 ^ -> ZN v | OAI21_X1  | 0.021 |   3.556 |    4.887 | 
     | intadd_1838_U21      | CI v -> CO v | FA_X1     | 0.076 |   3.631 |    4.962 | 
     | U1662                | A v -> ZN ^  | OAI21_X1  | 0.025 |   3.656 |    4.987 | 
     | U1663                | A1 ^ -> ZN v | NAND2_X1  | 0.023 |   3.679 |    5.010 | 
     | U1673                | A1 v -> ZN ^ | NAND2_X1  | 0.022 |   3.701 |    5.032 | 
     | U1565                | C2 ^ -> ZN v | OAI211_X1 | 0.032 |   3.733 |    5.064 | 
     | U1675                | A1 v -> ZN ^ | NAND2_X1  | 0.026 |   3.759 |    5.090 | 
     | U1557                | C1 ^ -> ZN v | OAI211_X1 | 0.028 |   3.787 |    5.118 | 
     | U1677                | A1 v -> ZN ^ | NAND2_X1  | 0.019 |   3.806 |    5.137 | 
     | U1678                | A1 ^ -> ZN v | NAND2_X1  | 0.021 |   3.827 |    5.158 | 
     | U1616                | A1 v -> ZN ^ | NAND2_X1  | 0.017 |   3.844 |    5.175 | 
     | U1617                | A1 ^ -> ZN v | NAND4_X1  | 0.039 |   3.884 |    5.215 | 
     | U1680                | A2 v -> ZN ^ | NAND2_X1  | 0.027 |   3.910 |    5.241 | 
     | U1681                | A3 ^ -> ZN v | NAND3_X1  | 0.033 |   3.943 |    5.274 | 
     | U1623                | A1 v -> ZN ^ | NAND2_X1  | 0.020 |   3.963 |    5.294 | 
     | U1559                | A1 ^ -> ZN v | NAND2_X1  | 0.022 |   3.985 |    5.316 | 
     | U1688                | A2 v -> ZN ^ | NAND2_X1  | 0.019 |   4.004 |    5.335 | 
     | U1690                | A2 ^ -> ZN v | NAND3_X1  | 0.032 |   4.036 |    5.367 | 
     | U3447                | B v -> Z v   | XOR2_X1   | 0.060 |   4.096 |    5.427 | 
     | U13                  | B2 v -> ZN ^ | AOI22_X1  | 0.045 |   4.141 |    5.472 | 
     | p_reg_Y_temp_reg_58_ | D ^          | DFF_X1    | 0.000 |   4.141 |    5.472 | 
     +------------------------------------------------------------------------------+ 
Path 7: MET Setup Check with Pin p_reg_Y_temp_reg_57_/CK 
Endpoint:   p_reg_Y_temp_reg_57_/D (v) checked with  leading edge of 'CLK'
Beginpoint: B_reg_Y_temp_reg_1_/QN (^) triggered by  leading edge of 'CLK'
Path Groups: {CLK}
Analysis View: default
Other End Arrival Time          0.063
- Setup                         0.027
+ Phase Shift                   5.492
+ CPPR Adjustment               0.000
- Uncertainty                   0.050
= Required Time                 5.478
- Arrival Time                  4.098
= Slack Time                    1.380
     Clock Rise Edge                 0.000
     + Clock Network Latency (Prop)  0.053
     = Beginpoint Arrival Time       0.053
     +------------------------------------------------------------------------------+ 
     |       Instance       |     Arc      |   Cell    | Delay | Arrival | Required | 
     |                      |              |           |       |  Time   |   Time   | 
     |----------------------+--------------+-----------+-------+---------+----------| 
     | B_reg_Y_temp_reg_1_  | CK ^         |           |       |   0.053 |    1.432 | 
     | B_reg_Y_temp_reg_1_  | CK ^ -> QN ^ | SDFF_X1   | 0.111 |   0.164 |    1.543 | 
     | FE_OFC74_B_i_1       | A ^ -> Z ^   | CLKBUF_X1 | 0.132 |   0.296 |    1.676 | 
     | U1650                | A1 ^ -> ZN ^ | AND2_X1   | 0.129 |   0.425 |    1.805 | 
     | FE_DBTC2_n645        | A ^ -> ZN v  | INV_X1    | 0.080 |   0.505 |    1.885 | 
     | U1653                | A2 v -> ZN ^ | OAI22_X1  | 0.071 |   0.576 |    1.955 | 
     | U1654                | A2 ^ -> ZN v | NOR2_X1   | 0.020 |   0.596 |    1.975 | 
     | U1655                | A1 v -> ZN ^ | NOR2_X1   | 0.032 |   0.627 |    2.007 | 
     | U1656                | B ^ -> Z ^   | XOR2_X1   | 0.058 |   0.685 |    2.065 | 
     | U1660                | A1 ^ -> ZN v | NOR2_X1   | 0.017 |   0.702 |    2.082 | 
     | intadd_1838_U61      | CI v -> CO v | FA_X1     | 0.071 |   0.773 |    2.153 | 
     | intadd_1838_U60      | CI v -> CO v | FA_X1     | 0.072 |   0.845 |    2.225 | 
     | intadd_1838_U59      | CI v -> CO v | FA_X1     | 0.075 |   0.920 |    2.300 | 
     | intadd_1838_U58      | A v -> CO v  | FA_X1     | 0.079 |   0.999 |    2.379 | 
     | intadd_1838_U57      | CI v -> CO v | FA_X1     | 0.072 |   1.071 |    2.451 | 
     | intadd_1838_U56      | CI v -> CO v | FA_X1     | 0.079 |   1.150 |    2.529 | 
     | U3438                | A2 v -> ZN ^ | NAND2_X1  | 0.022 |   1.172 |    2.551 | 
     | U3441                | A1 ^ -> ZN v | NAND3_X1  | 0.021 |   1.193 |    2.573 | 
     | intadd_1838_U54      | CI v -> CO v | FA_X1     | 0.071 |   1.264 |    2.644 | 
     | intadd_1838_U53      | CI v -> CO v | FA_X1     | 0.072 |   1.335 |    2.715 | 
     | intadd_1838_U52      | CI v -> CO v | FA_X1     | 0.071 |   1.407 |    2.786 | 
     | intadd_1838_U51      | CI v -> CO v | FA_X1     | 0.072 |   1.478 |    2.858 | 
     | intadd_1838_U50      | CI v -> CO v | FA_X1     | 0.072 |   1.550 |    2.930 | 
     | intadd_1838_U49      | CI v -> CO v | FA_X1     | 0.072 |   1.622 |    3.002 | 
     | intadd_1838_U48      | CI v -> CO v | FA_X1     | 0.073 |   1.695 |    3.075 | 
     | intadd_1838_U47      | CI v -> CO v | FA_X1     | 0.072 |   1.767 |    3.147 | 
     | intadd_1838_U46      | CI v -> CO v | FA_X1     | 0.072 |   1.839 |    3.219 | 
     | intadd_1838_U45      | CI v -> CO v | FA_X1     | 0.071 |   1.910 |    3.290 | 
     | intadd_1838_U44      | CI v -> CO v | FA_X1     | 0.072 |   1.982 |    3.362 | 
     | intadd_1838_U43      | CI v -> CO v | FA_X1     | 0.072 |   2.054 |    3.434 | 
     | intadd_1838_U42      | CI v -> CO v | FA_X1     | 0.080 |   2.134 |    3.514 | 
     | intadd_1838_U41      | CI v -> CO v | FA_X1     | 0.076 |   2.210 |    3.590 | 
     | intadd_1838_U40      | CI v -> CO v | FA_X1     | 0.072 |   2.283 |    3.662 | 
     | intadd_1838_U39      | CI v -> CO v | FA_X1     | 0.072 |   2.355 |    3.735 | 
     | intadd_1838_U38      | CI v -> CO v | FA_X1     | 0.072 |   2.427 |    3.807 | 
     | intadd_1838_U37      | CI v -> CO v | FA_X1     | 0.072 |   2.499 |    3.879 | 
     | intadd_1838_U36      | CI v -> CO v | FA_X1     | 0.074 |   2.573 |    3.953 | 
     | intadd_1838_U35      | CI v -> CO v | FA_X1     | 0.073 |   2.646 |    4.026 | 
     | intadd_1838_U34      | CI v -> CO v | FA_X1     | 0.075 |   2.721 |    4.101 | 
     | intadd_1838_U33      | CI v -> CO v | FA_X1     | 0.077 |   2.799 |    4.178 | 
     | intadd_1838_U32      | CI v -> CO v | FA_X1     | 0.076 |   2.875 |    4.255 | 
     | intadd_1838_U31      | CI v -> CO v | FA_X1     | 0.074 |   2.949 |    4.329 | 
     | intadd_1838_U30      | CI v -> CO v | FA_X1     | 0.073 |   3.022 |    4.402 | 
     | intadd_1838_U29      | CI v -> CO v | FA_X1     | 0.072 |   3.094 |    4.474 | 
     | intadd_1838_U28      | CI v -> CO v | FA_X1     | 0.072 |   3.166 |    4.546 | 
     | intadd_1838_U27      | CI v -> CO v | FA_X1     | 0.072 |   3.238 |    4.618 | 
     | intadd_1838_U26      | CI v -> CO v | FA_X1     | 0.072 |   3.310 |    4.690 | 
     | intadd_1838_U25      | CI v -> CO v | FA_X1     | 0.074 |   3.385 |    4.764 | 
     | intadd_1838_U24      | CI v -> CO v | FA_X1     | 0.081 |   3.466 |    4.846 | 
     | U2961                | A1 v -> ZN ^ | NAND2_X1  | 0.018 |   3.484 |    4.863 | 
     | U1568                | A2 ^ -> ZN ^ | AND3_X1   | 0.051 |   3.535 |    4.915 | 
     | U2963                | B2 ^ -> ZN v | OAI21_X1  | 0.021 |   3.556 |    4.935 | 
     | intadd_1838_U21      | CI v -> CO v | FA_X1     | 0.076 |   3.631 |    5.011 | 
     | U1662                | A v -> ZN ^  | OAI21_X1  | 0.025 |   3.656 |    5.036 | 
     | U1663                | A1 ^ -> ZN v | NAND2_X1  | 0.023 |   3.679 |    5.058 | 
     | U1673                | A1 v -> ZN ^ | NAND2_X1  | 0.022 |   3.701 |    5.081 | 
     | U1565                | C2 ^ -> ZN v | OAI211_X1 | 0.032 |   3.733 |    5.113 | 
     | U1675                | A1 v -> ZN ^ | NAND2_X1  | 0.026 |   3.759 |    5.139 | 
     | U1557                | C1 ^ -> ZN v | OAI211_X1 | 0.028 |   3.787 |    5.167 | 
     | U1677                | A1 v -> ZN ^ | NAND2_X1  | 0.019 |   3.806 |    5.186 | 
     | U1678                | A1 ^ -> ZN v | NAND2_X1  | 0.021 |   3.827 |    5.207 | 
     | U1616                | A1 v -> ZN ^ | NAND2_X1  | 0.017 |   3.844 |    5.224 | 
     | U1617                | A1 ^ -> ZN v | NAND4_X1  | 0.039 |   3.884 |    5.263 | 
     | U1680                | A2 v -> ZN ^ | NAND2_X1  | 0.027 |   3.910 |    5.290 | 
     | U1681                | A3 ^ -> ZN v | NAND3_X1  | 0.033 |   3.943 |    5.323 | 
     | U1623                | A1 v -> ZN ^ | NAND2_X1  | 0.020 |   3.963 |    5.342 | 
     | U1559                | A1 ^ -> ZN v | NAND2_X1  | 0.022 |   3.985 |    5.364 | 
     | U3445                | B v -> Z v   | XOR2_X1   | 0.058 |   4.042 |    5.422 | 
     | U15                  | B2 v -> ZN ^ | AOI22_X1  | 0.048 |   4.090 |    5.470 | 
     | U16                  | A ^ -> ZN v  | INV_X1    | 0.008 |   4.098 |    5.478 | 
     | p_reg_Y_temp_reg_57_ | D v          | DFF_X1    | 0.000 |   4.098 |    5.478 | 
     +------------------------------------------------------------------------------+ 
Path 8: MET Setup Check with Pin p_reg_Y_temp_reg_56_/CK 
Endpoint:   p_reg_Y_temp_reg_56_/D (v) checked with  leading edge of 'CLK'
Beginpoint: B_reg_Y_temp_reg_1_/QN (^) triggered by  leading edge of 'CLK'
Path Groups: {CLK}
Analysis View: default
Other End Arrival Time          0.061
- Setup                         0.027
+ Phase Shift                   5.492
+ CPPR Adjustment               0.000
- Uncertainty                   0.050
= Required Time                 5.477
- Arrival Time                  4.070
= Slack Time                    1.406
     Clock Rise Edge                 0.000
     + Clock Network Latency (Prop)  0.053
     = Beginpoint Arrival Time       0.053
     +------------------------------------------------------------------------------+ 
     |       Instance       |     Arc      |   Cell    | Delay | Arrival | Required | 
     |                      |              |           |       |  Time   |   Time   | 
     |----------------------+--------------+-----------+-------+---------+----------| 
     | B_reg_Y_temp_reg_1_  | CK ^         |           |       |   0.053 |    1.459 | 
     | B_reg_Y_temp_reg_1_  | CK ^ -> QN ^ | SDFF_X1   | 0.111 |   0.164 |    1.570 | 
     | FE_OFC74_B_i_1       | A ^ -> Z ^   | CLKBUF_X1 | 0.132 |   0.296 |    1.702 | 
     | U1650                | A1 ^ -> ZN ^ | AND2_X1   | 0.129 |   0.425 |    1.832 | 
     | FE_DBTC2_n645        | A ^ -> ZN v  | INV_X1    | 0.080 |   0.505 |    1.911 | 
     | U1653                | A2 v -> ZN ^ | OAI22_X1  | 0.071 |   0.576 |    1.982 | 
     | U1654                | A2 ^ -> ZN v | NOR2_X1   | 0.020 |   0.596 |    2.002 | 
     | U1655                | A1 v -> ZN ^ | NOR2_X1   | 0.032 |   0.627 |    2.033 | 
     | U1656                | B ^ -> Z ^   | XOR2_X1   | 0.058 |   0.685 |    2.091 | 
     | U1660                | A1 ^ -> ZN v | NOR2_X1   | 0.017 |   0.702 |    2.109 | 
     | intadd_1838_U61      | CI v -> CO v | FA_X1     | 0.071 |   0.773 |    2.180 | 
     | intadd_1838_U60      | CI v -> CO v | FA_X1     | 0.072 |   0.845 |    2.252 | 
     | intadd_1838_U59      | CI v -> CO v | FA_X1     | 0.075 |   0.920 |    2.327 | 
     | intadd_1838_U58      | A v -> CO v  | FA_X1     | 0.079 |   0.999 |    2.406 | 
     | intadd_1838_U57      | CI v -> CO v | FA_X1     | 0.072 |   1.071 |    2.477 | 
     | intadd_1838_U56      | CI v -> CO v | FA_X1     | 0.079 |   1.150 |    2.556 | 
     | U3438                | A2 v -> ZN ^ | NAND2_X1  | 0.022 |   1.172 |    2.578 | 
     | U3441                | A1 ^ -> ZN v | NAND3_X1  | 0.021 |   1.193 |    2.599 | 
     | intadd_1838_U54      | CI v -> CO v | FA_X1     | 0.071 |   1.264 |    2.670 | 
     | intadd_1838_U53      | CI v -> CO v | FA_X1     | 0.072 |   1.335 |    2.742 | 
     | intadd_1838_U52      | CI v -> CO v | FA_X1     | 0.071 |   1.407 |    2.813 | 
     | intadd_1838_U51      | CI v -> CO v | FA_X1     | 0.072 |   1.478 |    2.885 | 
     | intadd_1838_U50      | CI v -> CO v | FA_X1     | 0.072 |   1.550 |    2.957 | 
     | intadd_1838_U49      | CI v -> CO v | FA_X1     | 0.072 |   1.622 |    3.029 | 
     | intadd_1838_U48      | CI v -> CO v | FA_X1     | 0.073 |   1.695 |    3.101 | 
     | intadd_1838_U47      | CI v -> CO v | FA_X1     | 0.072 |   1.767 |    3.173 | 
     | intadd_1838_U46      | CI v -> CO v | FA_X1     | 0.072 |   1.839 |    3.245 | 
     | intadd_1838_U45      | CI v -> CO v | FA_X1     | 0.071 |   1.910 |    3.317 | 
     | intadd_1838_U44      | CI v -> CO v | FA_X1     | 0.072 |   1.982 |    3.388 | 
     | intadd_1838_U43      | CI v -> CO v | FA_X1     | 0.072 |   2.054 |    3.460 | 
     | intadd_1838_U42      | CI v -> CO v | FA_X1     | 0.080 |   2.134 |    3.541 | 
     | intadd_1838_U41      | CI v -> CO v | FA_X1     | 0.076 |   2.210 |    3.617 | 
     | intadd_1838_U40      | CI v -> CO v | FA_X1     | 0.072 |   2.283 |    3.689 | 
     | intadd_1838_U39      | CI v -> CO v | FA_X1     | 0.072 |   2.355 |    3.761 | 
     | intadd_1838_U38      | CI v -> CO v | FA_X1     | 0.072 |   2.427 |    3.834 | 
     | intadd_1838_U37      | CI v -> CO v | FA_X1     | 0.072 |   2.499 |    3.906 | 
     | intadd_1838_U36      | CI v -> CO v | FA_X1     | 0.074 |   2.573 |    3.980 | 
     | intadd_1838_U35      | CI v -> CO v | FA_X1     | 0.073 |   2.646 |    4.053 | 
     | intadd_1838_U34      | CI v -> CO v | FA_X1     | 0.075 |   2.721 |    4.128 | 
     | intadd_1838_U33      | CI v -> CO v | FA_X1     | 0.077 |   2.799 |    4.205 | 
     | intadd_1838_U32      | CI v -> CO v | FA_X1     | 0.076 |   2.875 |    4.281 | 
     | intadd_1838_U31      | CI v -> CO v | FA_X1     | 0.074 |   2.949 |    4.356 | 
     | intadd_1838_U30      | CI v -> CO v | FA_X1     | 0.073 |   3.022 |    4.429 | 
     | intadd_1838_U29      | CI v -> CO v | FA_X1     | 0.072 |   3.094 |    4.500 | 
     | intadd_1838_U28      | CI v -> CO v | FA_X1     | 0.072 |   3.166 |    4.573 | 
     | intadd_1838_U27      | CI v -> CO v | FA_X1     | 0.072 |   3.238 |    4.644 | 
     | intadd_1838_U26      | CI v -> CO v | FA_X1     | 0.072 |   3.310 |    4.717 | 
     | intadd_1838_U25      | CI v -> CO v | FA_X1     | 0.074 |   3.385 |    4.791 | 
     | intadd_1838_U24      | CI v -> CO v | FA_X1     | 0.081 |   3.466 |    4.872 | 
     | U2961                | A1 v -> ZN ^ | NAND2_X1  | 0.018 |   3.484 |    4.890 | 
     | U1568                | A2 ^ -> ZN ^ | AND3_X1   | 0.051 |   3.535 |    4.941 | 
     | U2963                | B2 ^ -> ZN v | OAI21_X1  | 0.021 |   3.556 |    4.962 | 
     | intadd_1838_U21      | CI v -> CO v | FA_X1     | 0.076 |   3.631 |    5.038 | 
     | U1662                | A v -> ZN ^  | OAI21_X1  | 0.025 |   3.656 |    5.062 | 
     | U1663                | A1 ^ -> ZN v | NAND2_X1  | 0.023 |   3.679 |    5.085 | 
     | U1673                | A1 v -> ZN ^ | NAND2_X1  | 0.022 |   3.701 |    5.107 | 
     | U1565                | C2 ^ -> ZN v | OAI211_X1 | 0.032 |   3.733 |    5.139 | 
     | U1675                | A1 v -> ZN ^ | NAND2_X1  | 0.026 |   3.759 |    5.165 | 
     | U1557                | C1 ^ -> ZN v | OAI211_X1 | 0.028 |   3.787 |    5.193 | 
     | U1677                | A1 v -> ZN ^ | NAND2_X1  | 0.019 |   3.806 |    5.213 | 
     | U1678                | A1 ^ -> ZN v | NAND2_X1  | 0.021 |   3.827 |    5.234 | 
     | U1616                | A1 v -> ZN ^ | NAND2_X1  | 0.017 |   3.844 |    5.251 | 
     | U1617                | A1 ^ -> ZN v | NAND4_X1  | 0.039 |   3.884 |    5.290 | 
     | U1680                | A2 v -> ZN ^ | NAND2_X1  | 0.027 |   3.910 |    5.317 | 
     | U1681                | A3 ^ -> ZN v | NAND3_X1  | 0.033 |   3.943 |    5.350 | 
     | U1543                | A1 v -> ZN ^ | NAND2_X1  | 0.019 |   3.962 |    5.369 | 
     | U1560                | A1 ^ -> ZN v | NAND2_X1  | 0.014 |   3.977 |    5.383 | 
     | U1642                | A v -> ZN v  | XNOR2_X1  | 0.037 |   4.014 |    5.421 | 
     | U17                  | B2 v -> ZN ^ | AOI22_X1  | 0.048 |   4.062 |    5.468 | 
     | U18                  | A ^ -> ZN v  | INV_X1    | 0.009 |   4.070 |    5.477 | 
     | p_reg_Y_temp_reg_56_ | D v          | DFF_X1    | 0.000 |   4.070 |    5.477 | 
     +------------------------------------------------------------------------------+ 
Path 9: MET Setup Check with Pin p_reg_Y_temp_reg_55_/CK 
Endpoint:   p_reg_Y_temp_reg_55_/D (v) checked with  leading edge of 'CLK'
Beginpoint: B_reg_Y_temp_reg_1_/QN (^) triggered by  leading edge of 'CLK'
Path Groups: {CLK}
Analysis View: default
Other End Arrival Time          0.063
- Setup                         0.027
+ Phase Shift                   5.492
+ CPPR Adjustment               0.000
- Uncertainty                   0.050
= Required Time                 5.478
- Arrival Time                  4.044
= Slack Time                    1.434
     Clock Rise Edge                 0.000
     + Clock Network Latency (Prop)  0.053
     = Beginpoint Arrival Time       0.053
     +------------------------------------------------------------------------------+ 
     |       Instance       |     Arc      |   Cell    | Delay | Arrival | Required | 
     |                      |              |           |       |  Time   |   Time   | 
     |----------------------+--------------+-----------+-------+---------+----------| 
     | B_reg_Y_temp_reg_1_  | CK ^         |           |       |   0.053 |    1.486 | 
     | B_reg_Y_temp_reg_1_  | CK ^ -> QN ^ | SDFF_X1   | 0.111 |   0.164 |    1.597 | 
     | FE_OFC74_B_i_1       | A ^ -> Z ^   | CLKBUF_X1 | 0.132 |   0.296 |    1.730 | 
     | U1650                | A1 ^ -> ZN ^ | AND2_X1   | 0.129 |   0.425 |    1.859 | 
     | FE_DBTC2_n645        | A ^ -> ZN v  | INV_X1    | 0.080 |   0.505 |    1.938 | 
     | U1653                | A2 v -> ZN ^ | OAI22_X1  | 0.071 |   0.576 |    2.009 | 
     | U1654                | A2 ^ -> ZN v | NOR2_X1   | 0.020 |   0.596 |    2.029 | 
     | U1655                | A1 v -> ZN ^ | NOR2_X1   | 0.032 |   0.627 |    2.061 | 
     | U1656                | B ^ -> Z ^   | XOR2_X1   | 0.058 |   0.685 |    2.119 | 
     | U1660                | A1 ^ -> ZN v | NOR2_X1   | 0.017 |   0.702 |    2.136 | 
     | intadd_1838_U61      | CI v -> CO v | FA_X1     | 0.071 |   0.773 |    2.207 | 
     | intadd_1838_U60      | CI v -> CO v | FA_X1     | 0.072 |   0.845 |    2.279 | 
     | intadd_1838_U59      | CI v -> CO v | FA_X1     | 0.075 |   0.920 |    2.354 | 
     | intadd_1838_U58      | A v -> CO v  | FA_X1     | 0.079 |   0.999 |    2.433 | 
     | intadd_1838_U57      | CI v -> CO v | FA_X1     | 0.072 |   1.071 |    2.504 | 
     | intadd_1838_U56      | CI v -> CO v | FA_X1     | 0.079 |   1.150 |    2.583 | 
     | U3438                | A2 v -> ZN ^ | NAND2_X1  | 0.022 |   1.172 |    2.605 | 
     | U3441                | A1 ^ -> ZN v | NAND3_X1  | 0.021 |   1.193 |    2.627 | 
     | intadd_1838_U54      | CI v -> CO v | FA_X1     | 0.071 |   1.264 |    2.698 | 
     | intadd_1838_U53      | CI v -> CO v | FA_X1     | 0.072 |   1.335 |    2.769 | 
     | intadd_1838_U52      | CI v -> CO v | FA_X1     | 0.071 |   1.407 |    2.840 | 
     | intadd_1838_U51      | CI v -> CO v | FA_X1     | 0.072 |   1.478 |    2.912 | 
     | intadd_1838_U50      | CI v -> CO v | FA_X1     | 0.072 |   1.550 |    2.984 | 
     | intadd_1838_U49      | CI v -> CO v | FA_X1     | 0.072 |   1.622 |    3.056 | 
     | intadd_1838_U48      | CI v -> CO v | FA_X1     | 0.073 |   1.695 |    3.128 | 
     | intadd_1838_U47      | CI v -> CO v | FA_X1     | 0.072 |   1.767 |    3.201 | 
     | intadd_1838_U46      | CI v -> CO v | FA_X1     | 0.072 |   1.839 |    3.272 | 
     | intadd_1838_U45      | CI v -> CO v | FA_X1     | 0.071 |   1.910 |    3.344 | 
     | intadd_1838_U44      | CI v -> CO v | FA_X1     | 0.072 |   1.982 |    3.415 | 
     | intadd_1838_U43      | CI v -> CO v | FA_X1     | 0.072 |   2.054 |    3.488 | 
     | intadd_1838_U42      | CI v -> CO v | FA_X1     | 0.080 |   2.134 |    3.568 | 
     | intadd_1838_U41      | CI v -> CO v | FA_X1     | 0.076 |   2.210 |    3.644 | 
     | intadd_1838_U40      | CI v -> CO v | FA_X1     | 0.072 |   2.283 |    3.716 | 
     | intadd_1838_U39      | CI v -> CO v | FA_X1     | 0.072 |   2.355 |    3.788 | 
     | intadd_1838_U38      | CI v -> CO v | FA_X1     | 0.072 |   2.427 |    3.861 | 
     | intadd_1838_U37      | CI v -> CO v | FA_X1     | 0.072 |   2.499 |    3.933 | 
     | intadd_1838_U36      | CI v -> CO v | FA_X1     | 0.074 |   2.573 |    4.007 | 
     | intadd_1838_U35      | CI v -> CO v | FA_X1     | 0.073 |   2.646 |    4.080 | 
     | intadd_1838_U34      | CI v -> CO v | FA_X1     | 0.075 |   2.721 |    4.155 | 
     | intadd_1838_U33      | CI v -> CO v | FA_X1     | 0.077 |   2.799 |    4.232 | 
     | intadd_1838_U32      | CI v -> CO v | FA_X1     | 0.076 |   2.875 |    4.308 | 
     | intadd_1838_U31      | CI v -> CO v | FA_X1     | 0.074 |   2.949 |    4.383 | 
     | intadd_1838_U30      | CI v -> CO v | FA_X1     | 0.073 |   3.022 |    4.456 | 
     | intadd_1838_U29      | CI v -> CO v | FA_X1     | 0.072 |   3.094 |    4.527 | 
     | intadd_1838_U28      | CI v -> CO v | FA_X1     | 0.072 |   3.166 |    4.600 | 
     | intadd_1838_U27      | CI v -> CO v | FA_X1     | 0.072 |   3.238 |    4.671 | 
     | intadd_1838_U26      | CI v -> CO v | FA_X1     | 0.072 |   3.310 |    4.744 | 
     | intadd_1838_U25      | CI v -> CO v | FA_X1     | 0.074 |   3.385 |    4.818 | 
     | intadd_1838_U24      | CI v -> CO v | FA_X1     | 0.081 |   3.466 |    4.899 | 
     | U2961                | A1 v -> ZN ^ | NAND2_X1  | 0.018 |   3.484 |    4.917 | 
     | U1568                | A2 ^ -> ZN ^ | AND3_X1   | 0.051 |   3.535 |    4.968 | 
     | U2963                | B2 ^ -> ZN v | OAI21_X1  | 0.021 |   3.556 |    4.989 | 
     | intadd_1838_U21      | CI v -> CO v | FA_X1     | 0.076 |   3.631 |    5.065 | 
     | U1662                | A v -> ZN ^  | OAI21_X1  | 0.025 |   3.656 |    5.089 | 
     | U1663                | A1 ^ -> ZN v | NAND2_X1  | 0.023 |   3.679 |    5.112 | 
     | U1673                | A1 v -> ZN ^ | NAND2_X1  | 0.022 |   3.701 |    5.135 | 
     | U1565                | C2 ^ -> ZN v | OAI211_X1 | 0.032 |   3.733 |    5.167 | 
     | U1675                | A1 v -> ZN ^ | NAND2_X1  | 0.026 |   3.759 |    5.193 | 
     | U1557                | C1 ^ -> ZN v | OAI211_X1 | 0.028 |   3.787 |    5.220 | 
     | U1677                | A1 v -> ZN ^ | NAND2_X1  | 0.019 |   3.806 |    5.240 | 
     | U1678                | A1 ^ -> ZN v | NAND2_X1  | 0.021 |   3.827 |    5.261 | 
     | U1616                | A1 v -> ZN ^ | NAND2_X1  | 0.017 |   3.844 |    5.278 | 
     | U1617                | A1 ^ -> ZN v | NAND4_X1  | 0.039 |   3.884 |    5.317 | 
     | U1680                | A2 v -> ZN ^ | NAND2_X1  | 0.027 |   3.910 |    5.344 | 
     | U1681                | A3 ^ -> ZN v | NAND3_X1  | 0.033 |   3.943 |    5.377 | 
     | U1549                | A v -> ZN v  | XNOR2_X1  | 0.044 |   3.988 |    5.421 | 
     | U19                  | B2 v -> ZN ^ | AOI22_X1  | 0.048 |   4.036 |    5.469 | 
     | U20                  | A ^ -> ZN v  | INV_X1    | 0.009 |   4.044 |    5.478 | 
     | p_reg_Y_temp_reg_55_ | D v          | DFF_X1    | 0.000 |   4.044 |    5.478 | 
     +------------------------------------------------------------------------------+ 
Path 10: MET Setup Check with Pin p_reg_Y_temp_reg_54_/CK 
Endpoint:   p_reg_Y_temp_reg_54_/D (v) checked with  leading edge of 'CLK'
Beginpoint: B_reg_Y_temp_reg_1_/QN (^) triggered by  leading edge of 'CLK'
Path Groups: {CLK}
Analysis View: default
Other End Arrival Time          0.061
- Setup                         0.027
+ Phase Shift                   5.492
+ CPPR Adjustment               0.000
- Uncertainty                   0.050
= Required Time                 5.477
- Arrival Time                  4.003
= Slack Time                    1.474
     Clock Rise Edge                 0.000
     + Clock Network Latency (Prop)  0.053
     = Beginpoint Arrival Time       0.053
     +------------------------------------------------------------------------------+ 
     |       Instance       |     Arc      |   Cell    | Delay | Arrival | Required | 
     |                      |              |           |       |  Time   |   Time   | 
     |----------------------+--------------+-----------+-------+---------+----------| 
     | B_reg_Y_temp_reg_1_  | CK ^         |           |       |   0.053 |    1.527 | 
     | B_reg_Y_temp_reg_1_  | CK ^ -> QN ^ | SDFF_X1   | 0.111 |   0.164 |    1.638 | 
     | FE_OFC74_B_i_1       | A ^ -> Z ^   | CLKBUF_X1 | 0.132 |   0.296 |    1.770 | 
     | U1650                | A1 ^ -> ZN ^ | AND2_X1   | 0.129 |   0.425 |    1.899 | 
     | FE_DBTC2_n645        | A ^ -> ZN v  | INV_X1    | 0.080 |   0.505 |    1.979 | 
     | U1653                | A2 v -> ZN ^ | OAI22_X1  | 0.071 |   0.576 |    2.050 | 
     | U1654                | A2 ^ -> ZN v | NOR2_X1   | 0.020 |   0.596 |    2.070 | 
     | U1655                | A1 v -> ZN ^ | NOR2_X1   | 0.032 |   0.627 |    2.101 | 
     | U1656                | B ^ -> Z ^   | XOR2_X1   | 0.058 |   0.685 |    2.159 | 
     | U1660                | A1 ^ -> ZN v | NOR2_X1   | 0.017 |   0.702 |    2.176 | 
     | intadd_1838_U61      | CI v -> CO v | FA_X1     | 0.071 |   0.773 |    2.247 | 
     | intadd_1838_U60      | CI v -> CO v | FA_X1     | 0.072 |   0.845 |    2.319 | 
     | intadd_1838_U59      | CI v -> CO v | FA_X1     | 0.075 |   0.920 |    2.394 | 
     | intadd_1838_U58      | A v -> CO v  | FA_X1     | 0.079 |   0.999 |    2.473 | 
     | intadd_1838_U57      | CI v -> CO v | FA_X1     | 0.072 |   1.071 |    2.545 | 
     | intadd_1838_U56      | CI v -> CO v | FA_X1     | 0.079 |   1.150 |    2.624 | 
     | U3438                | A2 v -> ZN ^ | NAND2_X1  | 0.022 |   1.172 |    2.646 | 
     | U3441                | A1 ^ -> ZN v | NAND3_X1  | 0.021 |   1.193 |    2.667 | 
     | intadd_1838_U54      | CI v -> CO v | FA_X1     | 0.071 |   1.264 |    2.738 | 
     | intadd_1838_U53      | CI v -> CO v | FA_X1     | 0.072 |   1.335 |    2.809 | 
     | intadd_1838_U52      | CI v -> CO v | FA_X1     | 0.071 |   1.407 |    2.881 | 
     | intadd_1838_U51      | CI v -> CO v | FA_X1     | 0.072 |   1.478 |    2.952 | 
     | intadd_1838_U50      | CI v -> CO v | FA_X1     | 0.072 |   1.550 |    3.024 | 
     | intadd_1838_U49      | CI v -> CO v | FA_X1     | 0.072 |   1.622 |    3.096 | 
     | intadd_1838_U48      | CI v -> CO v | FA_X1     | 0.073 |   1.695 |    3.169 | 
     | intadd_1838_U47      | CI v -> CO v | FA_X1     | 0.072 |   1.767 |    3.241 | 
     | intadd_1838_U46      | CI v -> CO v | FA_X1     | 0.072 |   1.839 |    3.313 | 
     | intadd_1838_U45      | CI v -> CO v | FA_X1     | 0.071 |   1.910 |    3.384 | 
     | intadd_1838_U44      | CI v -> CO v | FA_X1     | 0.072 |   1.982 |    3.456 | 
     | intadd_1838_U43      | CI v -> CO v | FA_X1     | 0.072 |   2.054 |    3.528 | 
     | intadd_1838_U42      | CI v -> CO v | FA_X1     | 0.080 |   2.134 |    3.608 | 
     | intadd_1838_U41      | CI v -> CO v | FA_X1     | 0.076 |   2.210 |    3.684 | 
     | intadd_1838_U40      | CI v -> CO v | FA_X1     | 0.072 |   2.283 |    3.757 | 
     | intadd_1838_U39      | CI v -> CO v | FA_X1     | 0.072 |   2.355 |    3.829 | 
     | intadd_1838_U38      | CI v -> CO v | FA_X1     | 0.072 |   2.427 |    3.901 | 
     | intadd_1838_U37      | CI v -> CO v | FA_X1     | 0.072 |   2.499 |    3.973 | 
     | intadd_1838_U36      | CI v -> CO v | FA_X1     | 0.074 |   2.573 |    4.047 | 
     | intadd_1838_U35      | CI v -> CO v | FA_X1     | 0.073 |   2.646 |    4.120 | 
     | intadd_1838_U34      | CI v -> CO v | FA_X1     | 0.075 |   2.721 |    4.195 | 
     | intadd_1838_U33      | CI v -> CO v | FA_X1     | 0.077 |   2.799 |    4.273 | 
     | intadd_1838_U32      | CI v -> CO v | FA_X1     | 0.076 |   2.875 |    4.349 | 
     | intadd_1838_U31      | CI v -> CO v | FA_X1     | 0.074 |   2.949 |    4.423 | 
     | intadd_1838_U30      | CI v -> CO v | FA_X1     | 0.073 |   3.022 |    4.496 | 
     | intadd_1838_U29      | CI v -> CO v | FA_X1     | 0.072 |   3.094 |    4.568 | 
     | intadd_1838_U28      | CI v -> CO v | FA_X1     | 0.072 |   3.166 |    4.640 | 
     | intadd_1838_U27      | CI v -> CO v | FA_X1     | 0.072 |   3.238 |    4.712 | 
     | intadd_1838_U26      | CI v -> CO v | FA_X1     | 0.072 |   3.310 |    4.784 | 
     | intadd_1838_U25      | CI v -> CO v | FA_X1     | 0.074 |   3.385 |    4.859 | 
     | intadd_1838_U24      | CI v -> CO v | FA_X1     | 0.081 |   3.466 |    4.940 | 
     | U2961                | A1 v -> ZN ^ | NAND2_X1  | 0.018 |   3.484 |    4.958 | 
     | U1568                | A2 ^ -> ZN ^ | AND3_X1   | 0.051 |   3.535 |    5.009 | 
     | U2963                | B2 ^ -> ZN v | OAI21_X1  | 0.021 |   3.556 |    5.030 | 
     | intadd_1838_U21      | CI v -> CO v | FA_X1     | 0.076 |   3.631 |    5.105 | 
     | U1662                | A v -> ZN ^  | OAI21_X1  | 0.025 |   3.656 |    5.130 | 
     | U1663                | A1 ^ -> ZN v | NAND2_X1  | 0.023 |   3.679 |    5.153 | 
     | U1673                | A1 v -> ZN ^ | NAND2_X1  | 0.022 |   3.701 |    5.175 | 
     | U1565                | C2 ^ -> ZN v | OAI211_X1 | 0.032 |   3.733 |    5.207 | 
     | U1675                | A1 v -> ZN ^ | NAND2_X1  | 0.026 |   3.759 |    5.233 | 
     | U1557                | C1 ^ -> ZN v | OAI211_X1 | 0.028 |   3.787 |    5.261 | 
     | U1677                | A1 v -> ZN ^ | NAND2_X1  | 0.019 |   3.806 |    5.280 | 
     | U1678                | A1 ^ -> ZN v | NAND2_X1  | 0.021 |   3.827 |    5.301 | 
     | U1616                | A1 v -> ZN ^ | NAND2_X1  | 0.017 |   3.844 |    5.318 | 
     | U1617                | A1 ^ -> ZN v | NAND4_X1  | 0.039 |   3.884 |    5.358 | 
     | U3406                | B v -> Z v   | XOR2_X1   | 0.064 |   3.947 |    5.421 | 
     | U21                  | B2 v -> ZN ^ | AOI22_X1  | 0.047 |   3.995 |    5.469 | 
     | U22                  | A ^ -> ZN v  | INV_X1    | 0.008 |   4.003 |    5.477 | 
     | p_reg_Y_temp_reg_54_ | D v          | DFF_X1    | 0.000 |   4.003 |    5.477 | 
     +------------------------------------------------------------------------------+ 

