 
****************************************
Report : area
Design : boothmul_registered
Version: W-2024.09-SP2
Date   : Mon Sep 21 18:02:32 2026
****************************************

Library(s) Used:

    NangateOpenCellLibrary (File: /home/repository/do/libnandgate/NangateOpenCellLibrary_typical_ecsm.db)

Number of ports:                          131
Number of nets:                          6638
Number of cells:                         6433
Number of combinational cells:           6294
Number of sequential cells:               128
Number of macros/black boxes:               0
Number of buf/inv:                       1057
Number of references:                      51

Combinational area:               7884.771951
Buf/Inv area:                      618.716002
Noncombinational area:             595.307982
Macro/Black Box area:                0.000000
Net Interconnect area:      undefined  (Wire load has zero net area)

Total cell area:                  8480.079933
Total area:                 undefined
1
