 
****************************************
Report : qor
Design : boothmul_registered
Version: W-2024.09-SP2
Date   : Mon Sep 21 12:28:45 2026
****************************************


  Timing Path Group 'CLK'
  -----------------------------------
  Levels of Logic:              61.00
  Critical Path Length:          4.39
  Critical Path Slack:           0.04
  Critical Path Clk Period:      4.50
  Total Negative Slack:          0.00
  No. of Violating Paths:        0.00
  Worst Hold Violation:          0.00
  Total Hold Violation:          0.00
  No. of Hold Violations:        0.00
  -----------------------------------


  Cell Count
  -----------------------------------
  Hierarchical Cell Count:          0
  Hierarchical Port Count:          0
  Leaf Cell Count:               4488
  Buf/Inv Cell Count:             581
  Buf Cell Count:                  11
  Inv Cell Count:                 570
  CT Buf/Inv Cell Count:            0
  Combinational Cell Count:      4360
  Sequential Cell Count:          128
  Macro Count:                      0
  -----------------------------------


  Area
  -----------------------------------
  Combinational Area:     5776.455981
  Noncombinational Area:   578.815979
  Buf/Inv Area:            317.338002
  Total Buffer Area:             8.78
  Total Inverter Area:         308.56
  Macro/Black Box Area:      0.000000
  Net Area:                  0.000000
  -----------------------------------
  Cell Area:              6355.271960
  Design Area:            6355.271960


  Design Rules
  -----------------------------------
  Total Number of Nets:          4762
  Nets With Violations:             2
  Max Trans Violations:             0
  Max Cap Violations:               2
  -----------------------------------


  Hostname: microsys.openstack.polito

  Compile CPU Statistics
  -----------------------------------------
  Resource Sharing:                    0.70
  Logic Optimization:                  2.22
  Mapping Optimization:                4.37
  -----------------------------------------
  Overall Compile Time:               45.44
  Overall Compile Wall Clock Time:    48.43

  --------------------------------------------------------------------

  Design  WNS: 0.00  TNS: 0.00  Number of Violating Paths: 0


  Design (Hold)  WNS: 0.00  TNS: 0.00  Number of Violating Paths: 0

  --------------------------------------------------------------------


1
