 
****************************************
Report : qor
Design : boothmul_registered
Version: W-2024.09-SP2
Date   : Mon Sep 21 18:06:16 2026
****************************************


  Timing Path Group 'CLK'
  -----------------------------------
  Levels of Logic:              44.00
  Critical Path Length:          2.23
  Critical Path Slack:          -0.20
  Critical Path Clk Period:      2.10
  Total Negative Slack:         -4.11
  No. of Violating Paths:       32.00
  Worst Hold Violation:          0.00
  Total Hold Violation:          0.00
  No. of Hold Violations:        0.00
  -----------------------------------


  Cell Count
  -----------------------------------
  Hierarchical Cell Count:          0
  Hierarchical Port Count:          0
  Leaf Cell Count:               6342
  Buf/Inv Cell Count:             956
  Buf Cell Count:                 105
  Inv Cell Count:                 851
  CT Buf/Inv Cell Count:            0
  Combinational Cell Count:      6214
  Sequential Cell Count:          128
  Macro Count:                      0
  -----------------------------------


  Area
  -----------------------------------
  Combinational Area:     7571.689946
  Noncombinational Area:   589.721981
  Buf/Inv Area:            552.216002
  Total Buffer Area:            91.50
  Total Inverter Area:         460.71
  Macro/Black Box Area:      0.000000
  Net Area:                  0.000000
  -----------------------------------
  Cell Area:              8161.411927
  Design Area:            8161.411927


  Design Rules
  -----------------------------------
  Total Number of Nets:          6568
  Nets With Violations:             0
  Max Trans Violations:             0
  Max Cap Violations:               0
  -----------------------------------


  Hostname: microsys.openstack.polito

  Compile CPU Statistics
  -----------------------------------------
  Resource Sharing:                    0.69
  Logic Optimization:                  6.18
  Mapping Optimization:               54.92
  -----------------------------------------
  Overall Compile Time:              102.08
  Overall Compile Wall Clock Time:   105.76

  --------------------------------------------------------------------

  Design  WNS: 0.20  TNS: 4.11  Number of Violating Paths: 32


  Design (Hold)  WNS: 0.00  TNS: 0.00  Number of Violating Paths: 0

  --------------------------------------------------------------------


1
