 
****************************************
Report : reference
Design : boothmul_registered
Version: W-2024.09-SP2
Date   : Mon Sep 21 12:29:36 2026
****************************************

Attributes:
    b - black box (unknown)
   bo - allows boundary optimization
    d - dont_touch
   mo - map_only
    h - hierarchical
    n - noncombinational
    r - removable
    s - synthetic operator
    u - contains unmapped logic

Reference          Library       Unit Area   Count    Total Area   Attributes
-----------------------------------------------------------------------------
AND2_X1            NangateOpenCellLibrary
                                  1.064000      42     44.688000  
AND3_X1            NangateOpenCellLibrary
                                  1.330000       6      7.980000  
AOI21_X1           NangateOpenCellLibrary
                                  1.064000     268    285.152003  
AOI21_X2           NangateOpenCellLibrary
                                  1.862000       5      9.310000  
AOI21_X4           NangateOpenCellLibrary
                                  3.458000       1      3.458000  
AOI22_X1           NangateOpenCellLibrary
                                  1.330000     555    738.150024  
AOI22_X2           NangateOpenCellLibrary
                                  2.394000       1      2.394000  
AOI211_X1          NangateOpenCellLibrary
                                  1.330000       9     11.970000  
AOI221_X1          NangateOpenCellLibrary
                                  1.596000      20     31.919999  
AOI221_X2          NangateOpenCellLibrary
                                  2.926000       1      2.926000  
AOI222_X1          NangateOpenCellLibrary
                                  2.128000     141    300.048003  
BUF_X1             NangateOpenCellLibrary
                                  0.798000       1      0.798000  
CLKBUF_X1          NangateOpenCellLibrary
                                  0.798000       9      7.182000  
DFF_X1             NangateOpenCellLibrary
                                  4.522000     124    560.727980  n
DFF_X2             NangateOpenCellLibrary
                                  5.054000       4     20.216000  n
FA_X1              NangateOpenCellLibrary
                                  4.256000     130    553.280005  r
INV_X1             NangateOpenCellLibrary
                                  0.532000     548    291.536003  
INV_X2             NangateOpenCellLibrary
                                  0.798000      15     11.970000  
INV_X4             NangateOpenCellLibrary
                                  1.330000       2      2.660000  
MUX2_X1            NangateOpenCellLibrary
                                  1.862000      17     31.654000  
NAND2_X1           NangateOpenCellLibrary
                                  0.798000     237    189.125995  
NAND2_X2           NangateOpenCellLibrary
                                  1.330000       2      2.660000  
NAND3_X1           NangateOpenCellLibrary
                                  1.064000      10     10.640000  
NOR2_X1            NangateOpenCellLibrary
                                  0.798000     284    226.631994  
NOR2_X2            NangateOpenCellLibrary
                                  1.330000       2      2.660000  
NOR2_X4            NangateOpenCellLibrary
                                  2.394000       3      7.182000  
NOR3_X1            NangateOpenCellLibrary
                                  1.064000       7      7.448000  
NOR4_X1            NangateOpenCellLibrary
                                  1.330000       3      3.990000  
OAI21_X1           NangateOpenCellLibrary
                                  1.064000     327    347.928003  
OAI21_X2           NangateOpenCellLibrary
                                  1.862000       1      1.862000  
OAI22_X1           NangateOpenCellLibrary
                                  1.330000     259    344.470011  
OAI33_X1           NangateOpenCellLibrary
                                  1.862000       4      7.448000  
OAI211_X1          NangateOpenCellLibrary
                                  1.330000      12     15.960001  
OAI221_X1          NangateOpenCellLibrary
                                  1.596000      39     62.243998  
OAI222_X1          NangateOpenCellLibrary
                                  2.128000      12     25.536000  
OR2_X1             NangateOpenCellLibrary
                                  1.064000      20     21.280000  
XNOR2_X1           NangateOpenCellLibrary
                                  1.596000    1008   1608.767956  
XNOR2_X2           NangateOpenCellLibrary
                                  2.660000       2      5.320000  
XOR2_X1            NangateOpenCellLibrary
                                  1.596000     335    534.659985  
XOR2_X2            NangateOpenCellLibrary
                                  2.394000       1      2.394000  
-----------------------------------------------------------------------------
Total 40 references                                  6346.227961
1
