 
****************************************
Report : reference
Design : boothmul_registered
Version: W-2024.09-SP2
Date   : Mon Sep 21 12:28:45 2026
****************************************

Attributes:
    b - black box (unknown)
   bo - allows boundary optimization
    d - dont_touch
   mo - map_only
    h - hierarchical
    n - noncombinational
    r - removable
    s - synthetic operator
    u - contains unmapped logic

Reference          Library       Unit Area   Count    Total Area   Attributes
-----------------------------------------------------------------------------
AND2_X1            NangateOpenCellLibrary
                                  1.064000      45     47.880000  
AND2_X2            NangateOpenCellLibrary
                                  1.330000       1      1.330000  
AND3_X1            NangateOpenCellLibrary
                                  1.330000       7      9.310000  
AOI21_X1           NangateOpenCellLibrary
                                  1.064000     269    286.216003  
AOI21_X2           NangateOpenCellLibrary
                                  1.862000       5      9.310000  
AOI21_X4           NangateOpenCellLibrary
                                  3.458000       1      3.458000  
AOI22_X1           NangateOpenCellLibrary
                                  1.330000     555    738.150024  
AOI22_X2           NangateOpenCellLibrary
                                  2.394000       1      2.394000  
AOI211_X1          NangateOpenCellLibrary
                                  1.330000       9     11.970000  
AOI221_X1          NangateOpenCellLibrary
                                  1.596000      19     30.323999  
AOI221_X2          NangateOpenCellLibrary
                                  2.926000       1      2.926000  
AOI222_X1          NangateOpenCellLibrary
                                  2.128000     139    295.792003  
BUF_X1             NangateOpenCellLibrary
                                  0.798000       7      5.586000  
CLKBUF_X1          NangateOpenCellLibrary
                                  0.798000       4      3.192000  
DFF_X1             NangateOpenCellLibrary
                                  4.522000     128    578.815979  n
FA_X1              NangateOpenCellLibrary
                                  4.256000     129    549.024005  r
INV_X1             NangateOpenCellLibrary
                                  0.532000     554    294.728003  
INV_X2             NangateOpenCellLibrary
                                  0.798000      14     11.172000  
INV_X4             NangateOpenCellLibrary
                                  1.330000       2      2.660000  
MUX2_X1            NangateOpenCellLibrary
                                  1.862000      17     31.654000  
NAND2_X1           NangateOpenCellLibrary
                                  0.798000     246    196.307995  
NAND2_X2           NangateOpenCellLibrary
                                  1.330000       1      1.330000  
NAND3_X1           NangateOpenCellLibrary
                                  1.064000      11     11.704000  
NOR2_X1            NangateOpenCellLibrary
                                  0.798000     284    226.631994  
NOR2_X2            NangateOpenCellLibrary
                                  1.330000       2      2.660000  
NOR2_X4            NangateOpenCellLibrary
                                  2.394000       3      7.182000  
NOR3_X1            NangateOpenCellLibrary
                                  1.064000       8      8.512000  
NOR4_X1            NangateOpenCellLibrary
                                  1.330000       3      3.990000  
OAI21_X1           NangateOpenCellLibrary
                                  1.064000     324    344.736003  
OAI21_X2           NangateOpenCellLibrary
                                  1.862000       1      1.862000  
OAI22_X1           NangateOpenCellLibrary
                                  1.330000     259    344.470011  
OAI33_X1           NangateOpenCellLibrary
                                  1.862000       4      7.448000  
OAI211_X1          NangateOpenCellLibrary
                                  1.330000      12     15.960001  
OAI221_X1          NangateOpenCellLibrary
                                  1.596000      39     62.243998  
OAI222_X1          NangateOpenCellLibrary
                                  2.128000      12     25.536000  
OR2_X1             NangateOpenCellLibrary
                                  1.064000      24     25.536000  
XNOR2_X1           NangateOpenCellLibrary
                                  1.596000    1006   1605.575956  
XNOR2_X2           NangateOpenCellLibrary
                                  2.660000       1      2.660000  
XOR2_X1            NangateOpenCellLibrary
                                  1.596000     340    542.639985  
XOR2_X2            NangateOpenCellLibrary
                                  2.394000       1      2.394000  
-----------------------------------------------------------------------------
Total 40 references                                  6355.271960
1
