 
****************************************
Report : reference
Design : boothmul_registered
Version: W-2024.09-SP2
Date   : Mon Sep 21 12:15:45 2026
****************************************

Attributes:
    b - black box (unknown)
   bo - allows boundary optimization
    d - dont_touch
   mo - map_only
    h - hierarchical
    n - noncombinational
    r - removable
    s - synthetic operator
    u - contains unmapped logic

Reference          Library       Unit Area   Count    Total Area   Attributes
-----------------------------------------------------------------------------
AND2_X1            NangateOpenCellLibrary
                                  1.064000     660    702.240007  
AND2_X2            NangateOpenCellLibrary
                                  1.330000      48     63.840002  
AND2_X4            NangateOpenCellLibrary
                                  2.394000       2      4.788000  
AND3_X1            NangateOpenCellLibrary
                                  1.330000      65     86.450003  
AND3_X2            NangateOpenCellLibrary
                                  1.596000      11     17.556000  
AND4_X1            NangateOpenCellLibrary
                                  1.596000       9     14.364000  
AND4_X2            NangateOpenCellLibrary
                                  1.862000       4      7.448000  
AOI21_X1           NangateOpenCellLibrary
                                  1.064000      44     46.816000  
AOI21_X2           NangateOpenCellLibrary
                                  1.862000       2      3.724000  
AOI22_X1           NangateOpenCellLibrary
                                  1.330000      92    122.360004  
AOI22_X2           NangateOpenCellLibrary
                                  2.394000       1      2.394000  
AOI211_X1          NangateOpenCellLibrary
                                  1.330000       1      1.330000  
BUF_X1             NangateOpenCellLibrary
                                  0.798000     238    189.923995  
BUF_X2             NangateOpenCellLibrary
                                  1.064000      61     64.904001  
BUF_X4             NangateOpenCellLibrary
                                  1.862000       6     11.172000  
CLKBUF_X1          NangateOpenCellLibrary
                                  0.798000      56     44.687999  
CLKBUF_X2          NangateOpenCellLibrary
                                  1.064000       3      3.192000  
DFFS_X1            NangateOpenCellLibrary
                                  5.320000      46    244.720008  n
DFFS_X2            NangateOpenCellLibrary
                                  5.586000       1      5.586000  n
DFF_X1             NangateOpenCellLibrary
                                  4.522000      74    334.627988  n
DFF_X2             NangateOpenCellLibrary
                                  5.054000       5     25.270000  n
FA_X1              NangateOpenCellLibrary
                                  4.256000     290   1234.240012  r
INV_X1             NangateOpenCellLibrary
                                  0.532000    1199    637.868006  
INV_X2             NangateOpenCellLibrary
                                  0.798000      24     19.151999  
INV_X4             NangateOpenCellLibrary
                                  1.330000       2      2.660000  
MUX2_X1            NangateOpenCellLibrary
                                  1.862000      93    173.165999  
MUX2_X2            NangateOpenCellLibrary
                                  2.394000       3      7.182000  
NAND2_X1           NangateOpenCellLibrary
                                  0.798000    1478   1179.443968  
NAND2_X2           NangateOpenCellLibrary
                                  1.330000       5      6.650000  
NAND3_X1           NangateOpenCellLibrary
                                  1.064000     123    130.872001  
NAND4_X1           NangateOpenCellLibrary
                                  1.330000      39     51.870002  
NOR2_X1            NangateOpenCellLibrary
                                  0.798000     316    252.167993  
NOR2_X2            NangateOpenCellLibrary
                                  1.330000       1      1.330000  
NOR3_X1            NangateOpenCellLibrary
                                  1.064000       2      2.128000  
NOR4_X1            NangateOpenCellLibrary
                                  1.330000       1      1.330000  
OAI21_X1           NangateOpenCellLibrary
                                  1.064000     351    373.464004  
OAI21_X2           NangateOpenCellLibrary
                                  1.862000       6     11.172000  
OAI22_X1           NangateOpenCellLibrary
                                  1.330000      29     38.570001  
OAI22_X2           NangateOpenCellLibrary
                                  2.394000       1      2.394000  
OAI33_X1           NangateOpenCellLibrary
                                  1.862000       1      1.862000  
OAI211_X1          NangateOpenCellLibrary
                                  1.330000      50     66.500002  
OAI222_X1          NangateOpenCellLibrary
                                  2.128000       1      2.128000  
OR2_X1             NangateOpenCellLibrary
                                  1.064000     946   1006.544010  
OR2_X2             NangateOpenCellLibrary
                                  1.330000      50     66.500002  
OR2_X4             NangateOpenCellLibrary
                                  2.394000       2      4.788000  
OR3_X1             NangateOpenCellLibrary
                                  1.330000      33     43.890001  
OR3_X2             NangateOpenCellLibrary
                                  1.596000       4      6.384000  
OR4_X1             NangateOpenCellLibrary
                                  1.596000       1      1.596000  
OR4_X2             NangateOpenCellLibrary
                                  1.862000       1      1.862000  
SDFF_X1            NangateOpenCellLibrary
                                  6.118000       2     12.236000  n
XNOR2_X1           NangateOpenCellLibrary
                                  1.596000    1504   2400.383934  
XNOR2_X2           NangateOpenCellLibrary
                                  2.660000      13     34.580001  
XOR2_X1            NangateOpenCellLibrary
                                  1.596000     116    185.135995  
-----------------------------------------------------------------------------
Total 53 references                                  9957.443936
1
