###############################################################
#  Generated by:      Cadence Innovus 23.35-s106_1
#  OS:                Linux x86_64(Host ID microsys.openstack.polito)
#  Generated on:      Sat Oct 10 22:46:12 2026
#  Design:            boothmul_registered
#  Command:           report_timing -max_paths 10 > reports/10_setup_paths.rpt
###############################################################
Path 1: MET Setup Check with Pin p_reg_Y_temp_reg_62_/CK 
Endpoint:   p_reg_Y_temp_reg_62_/D (v) checked with  leading edge of 'CLK'
Beginpoint: A_reg_Y_temp_reg_5_/Q  (v) triggered by  leading edge of 'CLK'
Path Groups: {CLK}
Analysis View: default
Other End Arrival Time          0.067
- Setup                         0.025
+ Phase Shift                   5.496
+ CPPR Adjustment               0.000
- Uncertainty                   0.050
= Required Time                 5.487
- Arrival Time                  4.126
= Slack Time                    1.362
     Clock Rise Edge                 0.000
     + Clock Network Latency (Prop)  0.046
     = Beginpoint Arrival Time       0.046
     +------------------------------------------------------------------------------+ 
     |       Instance       |     Arc      |   Cell    | Delay | Arrival | Required | 
     |                      |              |           |       |  Time   |   Time   | 
     |----------------------+--------------+-----------+-------+---------+----------| 
     | A_reg_Y_temp_reg_5_  | CK ^         |           |       |   0.046 |    1.407 | 
     | A_reg_Y_temp_reg_5_  | CK ^ -> Q v  | DFF_X1    | 0.100 |   0.145 |    1.507 | 
     | FE_OFC45_A_i_5       | A v -> Z v   | CLKBUF_X2 | 0.141 |   0.286 |    1.648 | 
     | U500                 | B v -> ZN v  | XNOR2_X1  | 0.092 |   0.379 |    1.740 | 
     | U501                 | A v -> ZN ^  | INV_X1    | 0.038 |   0.417 |    1.778 | 
     | U265                 | A2 ^ -> ZN v | NAND2_X1  | 0.082 |   0.499 |    1.860 | 
     | U507                 | A v -> ZN ^  | INV_X1    | 0.119 |   0.617 |    1.979 | 
     | U508                 | B1 ^ -> ZN v | AOI222_X1 | 0.049 |   0.667 |    2.028 | 
     | U511                 | A v -> Z v   | XOR2_X1   | 0.070 |   0.736 |    2.098 | 
     | mul_intadd_71_U27    | A v -> CO v  | FA_X1     | 0.082 |   0.818 |    2.180 | 
     | mul_intadd_71_U26    | CI v -> CO v | FA_X1     | 0.072 |   0.891 |    2.252 | 
     | mul_intadd_71_U25    | CI v -> CO v | FA_X1     | 0.072 |   0.963 |    2.324 | 
     | mul_intadd_71_U24    | CI v -> CO v | FA_X1     | 0.072 |   1.035 |    2.396 | 
     | mul_intadd_71_U23    | CI v -> CO v | FA_X1     | 0.072 |   1.107 |    2.469 | 
     | mul_intadd_71_U22    | CI v -> CO v | FA_X1     | 0.072 |   1.179 |    2.541 | 
     | mul_intadd_71_U21    | CI v -> CO v | FA_X1     | 0.072 |   1.251 |    2.613 | 
     | mul_intadd_71_U20    | CI v -> CO v | FA_X1     | 0.072 |   1.323 |    2.684 | 
     | mul_intadd_71_U19    | CI v -> CO v | FA_X1     | 0.072 |   1.395 |    2.756 | 
     | mul_intadd_71_U18    | CI v -> CO v | FA_X1     | 0.073 |   1.468 |    2.829 | 
     | mul_intadd_71_U17    | CI v -> CO v | FA_X1     | 0.073 |   1.540 |    2.902 | 
     | mul_intadd_71_U16    | CI v -> CO v | FA_X1     | 0.072 |   1.612 |    2.974 | 
     | mul_intadd_71_U15    | CI v -> CO v | FA_X1     | 0.072 |   1.684 |    3.046 | 
     | mul_intadd_71_U14    | CI v -> CO v | FA_X1     | 0.073 |   1.757 |    3.119 | 
     | mul_intadd_71_U13    | CI v -> CO v | FA_X1     | 0.073 |   1.830 |    3.191 | 
     | mul_intadd_71_U12    | CI v -> CO v | FA_X1     | 0.072 |   1.902 |    3.264 | 
     | mul_intadd_71_U11    | CI v -> CO v | FA_X1     | 0.072 |   1.974 |    3.335 | 
     | mul_intadd_71_U10    | CI v -> CO v | FA_X1     | 0.073 |   2.046 |    3.408 | 
     | mul_intadd_71_U9     | CI v -> CO v | FA_X1     | 0.072 |   2.118 |    3.480 | 
     | mul_intadd_71_U8     | CI v -> CO v | FA_X1     | 0.072 |   2.191 |    3.552 | 
     | mul_intadd_71_U7     | CI v -> CO v | FA_X1     | 0.072 |   2.263 |    3.624 | 
     | mul_intadd_71_U6     | CI v -> CO v | FA_X1     | 0.072 |   2.335 |    3.696 | 
     | mul_intadd_71_U5     | CI v -> CO v | FA_X1     | 0.072 |   2.406 |    3.768 | 
     | mul_intadd_71_U4     | CI v -> CO v | FA_X1     | 0.074 |   2.480 |    3.842 | 
     | mul_intadd_71_U3     | CI v -> S v  | FA_X1     | 0.094 |   2.574 |    3.936 | 
     | mul_intadd_69_U33    | A v -> CO v  | FA_X1     | 0.079 |   2.653 |    4.015 | 
     | mul_intadd_69_U32    | CI v -> CO v | FA_X1     | 0.071 |   2.725 |    4.086 | 
     | mul_intadd_69_U31    | CI v -> CO v | FA_X1     | 0.072 |   2.796 |    4.158 | 
     | mul_intadd_69_U30    | CI v -> CO v | FA_X1     | 0.072 |   2.868 |    4.229 | 
     | mul_intadd_69_U29    | CI v -> CO v | FA_X1     | 0.072 |   2.940 |    4.301 | 
     | mul_intadd_69_U28    | CI v -> CO v | FA_X1     | 0.072 |   3.011 |    4.373 | 
     | mul_intadd_69_U27    | CI v -> CO v | FA_X1     | 0.080 |   3.091 |    4.453 | 
     | U331                 | A1 v -> ZN ^ | NAND2_X1  | 0.020 |   3.112 |    4.473 | 
     | U333                 | A2 ^ -> ZN v | NAND3_X1  | 0.032 |   3.144 |    4.505 | 
     | U621                 | A1 v -> ZN ^ | NAND2_X1  | 0.019 |   3.163 |    4.524 | 
     | U623                 | A2 ^ -> ZN v | NAND3_X1  | 0.032 |   3.195 |    4.556 | 
     | U625                 | A1 v -> ZN ^ | NAND2_X1  | 0.018 |   3.213 |    4.574 | 
     | U627                 | A2 ^ -> ZN ^ | AND3_X1   | 0.050 |   3.262 |    4.624 | 
     | U628                 | B2 ^ -> ZN v | OAI21_X1  | 0.024 |   3.287 |    4.648 | 
     | U630                 | A1 v -> ZN ^ | NAND2_X1  | 0.015 |   3.302 |    4.663 | 
     | U282                 | A1 ^ -> ZN ^ | AND2_X1   | 0.036 |   3.338 |    4.699 | 
     | U631                 | B2 ^ -> ZN v | OAI21_X1  | 0.022 |   3.360 |    4.721 | 
     | U639                 | A1 v -> ZN ^ | NAND2_X1  | 0.016 |   3.376 |    4.738 | 
     | U640                 | A1 ^ -> ZN v | NAND2_X1  | 0.020 |   3.396 |    4.758 | 
     | U643                 | A1 v -> ZN ^ | NAND2_X1  | 0.014 |   3.411 |    4.772 | 
     | U645                 | A2 ^ -> ZN ^ | AND3_X1   | 0.050 |   3.461 |    4.823 | 
     | U646                 | B2 ^ -> ZN v | OAI21_X1  | 0.023 |   3.485 |    4.846 | 
     | U648                 | A1 v -> ZN ^ | NAND2_X1  | 0.015 |   3.499 |    4.861 | 
     | U281                 | A1 ^ -> ZN ^ | AND2_X1   | 0.036 |   3.535 |    4.896 | 
     | U650                 | B2 ^ -> ZN v | OAI21_X1  | 0.022 |   3.557 |    4.919 | 
     | U651                 | A1 v -> ZN ^ | NAND2_X1  | 0.016 |   3.573 |    4.935 | 
     | U652                 | A1 ^ -> ZN v | NAND2_X1  | 0.020 |   3.594 |    4.955 | 
     | U655                 | A1 v -> ZN ^ | NAND2_X1  | 0.015 |   3.608 |    4.970 | 
     | U657                 | A2 ^ -> ZN ^ | AND3_X1   | 0.050 |   3.658 |    5.020 | 
     | U658                 | B2 ^ -> ZN v | OAI21_X1  | 0.026 |   3.684 |    5.046 | 
     | U660                 | A1 v -> ZN ^ | NAND2_X1  | 0.016 |   3.700 |    5.062 | 
     | U662                 | A2 ^ -> ZN ^ | AND3_X1   | 0.050 |   3.750 |    5.112 | 
     | U663                 | B2 ^ -> ZN v | OAI21_X1  | 0.029 |   3.779 |    5.140 | 
     | U319                 | A1 v -> ZN ^ | NAND2_X1  | 0.017 |   3.796 |    5.157 | 
     | U320                 | A1 ^ -> ZN ^ | AND2_X1   | 0.030 |   3.826 |    5.187 | 
     | U666                 | A1 ^ -> ZN v | NAND2_X1  | 0.017 |   3.843 |    5.204 | 
     | U683                 | A1 v -> ZN ^ | NAND2_X1  | 0.015 |   3.858 |    5.219 | 
     | U684                 | A1 ^ -> ZN v | NAND2_X1  | 0.018 |   3.875 |    5.237 | 
     | U686                 | A1 v -> ZN ^ | NAND2_X1  | 0.015 |   3.890 |    5.252 | 
     | U687                 | A1 ^ -> ZN v | NAND2_X1  | 0.018 |   3.908 |    5.270 | 
     | U701                 | A1 v -> ZN ^ | NAND2_X1  | 0.015 |   3.923 |    5.285 | 
     | U702                 | A1 ^ -> ZN v | NAND2_X1  | 0.018 |   3.941 |    5.302 | 
     | U709                 | A1 v -> ZN ^ | NAND2_X1  | 0.015 |   3.956 |    5.318 | 
     | U710                 | A1 ^ -> ZN v | NAND2_X1  | 0.020 |   3.976 |    5.338 | 
     | U716                 | A1 v -> ZN ^ | NAND2_X1  | 0.016 |   3.993 |    5.354 | 
     | U717                 | A1 ^ -> ZN v | NAND2_X1  | 0.017 |   4.009 |    5.371 | 
     | U719                 | A1 v -> ZN ^ | NAND2_X1  | 0.013 |   4.022 |    5.384 | 
     | U268                 | A1 ^ -> ZN ^ | AND3_X1   | 0.047 |   4.070 |    5.431 | 
     | U722                 | B ^ -> ZN ^  | XNOR2_X1  | 0.040 |   4.110 |    5.472 | 
     | U2004                | B1 ^ -> ZN v | OAI21_X1  | 0.016 |   4.126 |    5.487 | 
     | p_reg_Y_temp_reg_62_ | D v          | DFF_X1    | 0.000 |   4.126 |    5.487 | 
     +------------------------------------------------------------------------------+ 
Path 2: MET Setup Check with Pin p_reg_Y_temp_reg_63_/CK 
Endpoint:   p_reg_Y_temp_reg_63_/D (v) checked with  leading edge of 'CLK'
Beginpoint: A_reg_Y_temp_reg_5_/Q  (v) triggered by  leading edge of 'CLK'
Path Groups: {CLK}
Analysis View: default
Other End Arrival Time          0.067
- Setup                         0.026
+ Phase Shift                   5.496
+ CPPR Adjustment               0.000
- Uncertainty                   0.050
= Required Time                 5.487
- Arrival Time                  4.120
= Slack Time                    1.367
     Clock Rise Edge                 0.000
     + Clock Network Latency (Prop)  0.046
     = Beginpoint Arrival Time       0.046
     +------------------------------------------------------------------------------+ 
     |       Instance       |     Arc      |   Cell    | Delay | Arrival | Required | 
     |                      |              |           |       |  Time   |   Time   | 
     |----------------------+--------------+-----------+-------+---------+----------| 
     | A_reg_Y_temp_reg_5_  | CK ^         |           |       |   0.046 |    1.413 | 
     | A_reg_Y_temp_reg_5_  | CK ^ -> Q v  | DFF_X1    | 0.100 |   0.145 |    1.513 | 
     | FE_OFC45_A_i_5       | A v -> Z v   | CLKBUF_X2 | 0.141 |   0.286 |    1.653 | 
     | U500                 | B v -> ZN v  | XNOR2_X1  | 0.092 |   0.379 |    1.746 | 
     | U501                 | A v -> ZN ^  | INV_X1    | 0.038 |   0.417 |    1.784 | 
     | U265                 | A2 ^ -> ZN v | NAND2_X1  | 0.082 |   0.499 |    1.866 | 
     | U507                 | A v -> ZN ^  | INV_X1    | 0.119 |   0.617 |    1.985 | 
     | U508                 | B1 ^ -> ZN v | AOI222_X1 | 0.049 |   0.667 |    2.034 | 
     | U511                 | A v -> Z v   | XOR2_X1   | 0.070 |   0.736 |    2.103 | 
     | mul_intadd_71_U27    | A v -> CO v  | FA_X1     | 0.082 |   0.818 |    2.185 | 
     | mul_intadd_71_U26    | CI v -> CO v | FA_X1     | 0.072 |   0.891 |    2.258 | 
     | mul_intadd_71_U25    | CI v -> CO v | FA_X1     | 0.072 |   0.963 |    2.330 | 
     | mul_intadd_71_U24    | CI v -> CO v | FA_X1     | 0.072 |   1.035 |    2.402 | 
     | mul_intadd_71_U23    | CI v -> CO v | FA_X1     | 0.072 |   1.107 |    2.474 | 
     | mul_intadd_71_U22    | CI v -> CO v | FA_X1     | 0.072 |   1.179 |    2.546 | 
     | mul_intadd_71_U21    | CI v -> CO v | FA_X1     | 0.072 |   1.251 |    2.618 | 
     | mul_intadd_71_U20    | CI v -> CO v | FA_X1     | 0.072 |   1.323 |    2.690 | 
     | mul_intadd_71_U19    | CI v -> CO v | FA_X1     | 0.072 |   1.395 |    2.762 | 
     | mul_intadd_71_U18    | CI v -> CO v | FA_X1     | 0.073 |   1.468 |    2.835 | 
     | mul_intadd_71_U17    | CI v -> CO v | FA_X1     | 0.073 |   1.540 |    2.907 | 
     | mul_intadd_71_U16    | CI v -> CO v | FA_X1     | 0.072 |   1.612 |    2.979 | 
     | mul_intadd_71_U15    | CI v -> CO v | FA_X1     | 0.072 |   1.684 |    3.051 | 
     | mul_intadd_71_U14    | CI v -> CO v | FA_X1     | 0.073 |   1.757 |    3.124 | 
     | mul_intadd_71_U13    | CI v -> CO v | FA_X1     | 0.073 |   1.830 |    3.197 | 
     | mul_intadd_71_U12    | CI v -> CO v | FA_X1     | 0.072 |   1.902 |    3.269 | 
     | mul_intadd_71_U11    | CI v -> CO v | FA_X1     | 0.072 |   1.974 |    3.341 | 
     | mul_intadd_71_U10    | CI v -> CO v | FA_X1     | 0.073 |   2.046 |    3.413 | 
     | mul_intadd_71_U9     | CI v -> CO v | FA_X1     | 0.072 |   2.118 |    3.485 | 
     | mul_intadd_71_U8     | CI v -> CO v | FA_X1     | 0.072 |   2.191 |    3.558 | 
     | mul_intadd_71_U7     | CI v -> CO v | FA_X1     | 0.072 |   2.263 |    3.630 | 
     | mul_intadd_71_U6     | CI v -> CO v | FA_X1     | 0.072 |   2.335 |    3.702 | 
     | mul_intadd_71_U5     | CI v -> CO v | FA_X1     | 0.072 |   2.406 |    3.773 | 
     | mul_intadd_71_U4     | CI v -> CO v | FA_X1     | 0.074 |   2.480 |    3.848 | 
     | mul_intadd_71_U3     | CI v -> S v  | FA_X1     | 0.094 |   2.574 |    3.941 | 
     | mul_intadd_69_U33    | A v -> CO v  | FA_X1     | 0.079 |   2.653 |    4.020 | 
     | mul_intadd_69_U32    | CI v -> CO v | FA_X1     | 0.071 |   2.725 |    4.092 | 
     | mul_intadd_69_U31    | CI v -> CO v | FA_X1     | 0.072 |   2.796 |    4.163 | 
     | mul_intadd_69_U30    | CI v -> CO v | FA_X1     | 0.072 |   2.868 |    4.235 | 
     | mul_intadd_69_U29    | CI v -> CO v | FA_X1     | 0.072 |   2.940 |    4.307 | 
     | mul_intadd_69_U28    | CI v -> CO v | FA_X1     | 0.072 |   3.011 |    4.378 | 
     | mul_intadd_69_U27    | CI v -> CO v | FA_X1     | 0.080 |   3.091 |    4.459 | 
     | U331                 | A1 v -> ZN ^ | NAND2_X1  | 0.020 |   3.112 |    4.479 | 
     | U333                 | A2 ^ -> ZN v | NAND3_X1  | 0.032 |   3.144 |    4.511 | 
     | U621                 | A1 v -> ZN ^ | NAND2_X1  | 0.019 |   3.163 |    4.530 | 
     | U623                 | A2 ^ -> ZN v | NAND3_X1  | 0.032 |   3.195 |    4.562 | 
     | U625                 | A1 v -> ZN ^ | NAND2_X1  | 0.018 |   3.213 |    4.580 | 
     | U627                 | A2 ^ -> ZN ^ | AND3_X1   | 0.050 |   3.262 |    4.629 | 
     | U628                 | B2 ^ -> ZN v | OAI21_X1  | 0.024 |   3.287 |    4.654 | 
     | U630                 | A1 v -> ZN ^ | NAND2_X1  | 0.015 |   3.302 |    4.669 | 
     | U282                 | A1 ^ -> ZN ^ | AND2_X1   | 0.036 |   3.338 |    4.705 | 
     | U631                 | B2 ^ -> ZN v | OAI21_X1  | 0.022 |   3.360 |    4.727 | 
     | U639                 | A1 v -> ZN ^ | NAND2_X1  | 0.016 |   3.376 |    4.743 | 
     | U640                 | A1 ^ -> ZN v | NAND2_X1  | 0.020 |   3.396 |    4.764 | 
     | U643                 | A1 v -> ZN ^ | NAND2_X1  | 0.014 |   3.411 |    4.778 | 
     | U645                 | A2 ^ -> ZN ^ | AND3_X1   | 0.050 |   3.461 |    4.828 | 
     | U646                 | B2 ^ -> ZN v | OAI21_X1  | 0.023 |   3.485 |    4.852 | 
     | U648                 | A1 v -> ZN ^ | NAND2_X1  | 0.015 |   3.499 |    4.866 | 
     | U281                 | A1 ^ -> ZN ^ | AND2_X1   | 0.036 |   3.535 |    4.902 | 
     | U650                 | B2 ^ -> ZN v | OAI21_X1  | 0.022 |   3.557 |    4.924 | 
     | U651                 | A1 v -> ZN ^ | NAND2_X1  | 0.016 |   3.573 |    4.940 | 
     | U652                 | A1 ^ -> ZN v | NAND2_X1  | 0.020 |   3.594 |    4.961 | 
     | U655                 | A1 v -> ZN ^ | NAND2_X1  | 0.015 |   3.608 |    4.975 | 
     | U657                 | A2 ^ -> ZN ^ | AND3_X1   | 0.050 |   3.658 |    5.025 | 
     | U658                 | B2 ^ -> ZN v | OAI21_X1  | 0.026 |   3.684 |    5.052 | 
     | U660                 | A1 v -> ZN ^ | NAND2_X1  | 0.016 |   3.700 |    5.068 | 
     | U662                 | A2 ^ -> ZN ^ | AND3_X1   | 0.050 |   3.750 |    5.117 | 
     | U663                 | B2 ^ -> ZN v | OAI21_X1  | 0.029 |   3.779 |    5.146 | 
     | U319                 | A1 v -> ZN ^ | NAND2_X1  | 0.017 |   3.796 |    5.163 | 
     | U320                 | A1 ^ -> ZN ^ | AND2_X1   | 0.030 |   3.826 |    5.193 | 
     | U666                 | A1 ^ -> ZN v | NAND2_X1  | 0.017 |   3.843 |    5.210 | 
     | U683                 | A1 v -> ZN ^ | NAND2_X1  | 0.015 |   3.858 |    5.225 | 
     | U684                 | A1 ^ -> ZN v | NAND2_X1  | 0.018 |   3.875 |    5.242 | 
     | U686                 | A1 v -> ZN ^ | NAND2_X1  | 0.015 |   3.890 |    5.257 | 
     | U687                 | A1 ^ -> ZN v | NAND2_X1  | 0.018 |   3.908 |    5.275 | 
     | U701                 | A1 v -> ZN ^ | NAND2_X1  | 0.015 |   3.923 |    5.290 | 
     | U702                 | A1 ^ -> ZN v | NAND2_X1  | 0.018 |   3.941 |    5.308 | 
     | U709                 | A1 v -> ZN ^ | NAND2_X1  | 0.015 |   3.956 |    5.323 | 
     | U710                 | A1 ^ -> ZN v | NAND2_X1  | 0.020 |   3.976 |    5.344 | 
     | U716                 | A1 v -> ZN ^ | NAND2_X1  | 0.016 |   3.993 |    5.360 | 
     | U717                 | A1 ^ -> ZN v | NAND2_X1  | 0.017 |   4.009 |    5.377 | 
     | U719                 | A1 v -> ZN ^ | NAND2_X1  | 0.013 |   4.022 |    5.390 | 
     | U268                 | A1 ^ -> ZN ^ | AND3_X1   | 0.047 |   4.070 |    5.437 | 
     | U726                 | B2 ^ -> ZN v | OAI21_X1  | 0.018 |   4.088 |    5.455 | 
     | U727                 | A v -> ZN ^  | INV_X1    | 0.013 |   4.101 |    5.468 | 
     | U2005                | B2 ^ -> ZN v | OAI22_X1  | 0.019 |   4.120 |    5.487 | 
     | p_reg_Y_temp_reg_63_ | D v          | DFF_X1    | 0.000 |   4.120 |    5.487 | 
     +------------------------------------------------------------------------------+ 
Path 3: MET Setup Check with Pin p_reg_Y_temp_reg_61_/CK 
Endpoint:   p_reg_Y_temp_reg_61_/D (v) checked with  leading edge of 'CLK'
Beginpoint: A_reg_Y_temp_reg_5_/Q  (v) triggered by  leading edge of 'CLK'
Path Groups: {CLK}
Analysis View: default
Other End Arrival Time          0.067
- Setup                         0.025
+ Phase Shift                   5.496
+ CPPR Adjustment               0.000
- Uncertainty                   0.050
= Required Time                 5.488
- Arrival Time                  4.102
= Slack Time                    1.386
     Clock Rise Edge                 0.000
     + Clock Network Latency (Prop)  0.046
     = Beginpoint Arrival Time       0.046
     +------------------------------------------------------------------------------+ 
     |       Instance       |     Arc      |   Cell    | Delay | Arrival | Required | 
     |                      |              |           |       |  Time   |   Time   | 
     |----------------------+--------------+-----------+-------+---------+----------| 
     | A_reg_Y_temp_reg_5_  | CK ^         |           |       |   0.046 |    1.432 | 
     | A_reg_Y_temp_reg_5_  | CK ^ -> Q v  | DFF_X1    | 0.100 |   0.145 |    1.531 | 
     | FE_OFC45_A_i_5       | A v -> Z v   | CLKBUF_X2 | 0.141 |   0.286 |    1.672 | 
     | U500                 | B v -> ZN v  | XNOR2_X1  | 0.092 |   0.379 |    1.765 | 
     | U501                 | A v -> ZN ^  | INV_X1    | 0.038 |   0.417 |    1.803 | 
     | U265                 | A2 ^ -> ZN v | NAND2_X1  | 0.082 |   0.499 |    1.885 | 
     | U507                 | A v -> ZN ^  | INV_X1    | 0.119 |   0.617 |    2.003 | 
     | U508                 | B1 ^ -> ZN v | AOI222_X1 | 0.049 |   0.667 |    2.053 | 
     | U511                 | A v -> Z v   | XOR2_X1   | 0.070 |   0.736 |    2.122 | 
     | mul_intadd_71_U27    | A v -> CO v  | FA_X1     | 0.082 |   0.818 |    2.204 | 
     | mul_intadd_71_U26    | CI v -> CO v | FA_X1     | 0.072 |   0.891 |    2.277 | 
     | mul_intadd_71_U25    | CI v -> CO v | FA_X1     | 0.072 |   0.963 |    2.349 | 
     | mul_intadd_71_U24    | CI v -> CO v | FA_X1     | 0.072 |   1.035 |    2.421 | 
     | mul_intadd_71_U23    | CI v -> CO v | FA_X1     | 0.072 |   1.107 |    2.493 | 
     | mul_intadd_71_U22    | CI v -> CO v | FA_X1     | 0.072 |   1.179 |    2.565 | 
     | mul_intadd_71_U21    | CI v -> CO v | FA_X1     | 0.072 |   1.251 |    2.637 | 
     | mul_intadd_71_U20    | CI v -> CO v | FA_X1     | 0.072 |   1.323 |    2.709 | 
     | mul_intadd_71_U19    | CI v -> CO v | FA_X1     | 0.072 |   1.395 |    2.781 | 
     | mul_intadd_71_U18    | CI v -> CO v | FA_X1     | 0.073 |   1.468 |    2.854 | 
     | mul_intadd_71_U17    | CI v -> CO v | FA_X1     | 0.073 |   1.540 |    2.926 | 
     | mul_intadd_71_U16    | CI v -> CO v | FA_X1     | 0.072 |   1.612 |    2.998 | 
     | mul_intadd_71_U15    | CI v -> CO v | FA_X1     | 0.072 |   1.684 |    3.070 | 
     | mul_intadd_71_U14    | CI v -> CO v | FA_X1     | 0.073 |   1.757 |    3.143 | 
     | mul_intadd_71_U13    | CI v -> CO v | FA_X1     | 0.073 |   1.830 |    3.216 | 
     | mul_intadd_71_U12    | CI v -> CO v | FA_X1     | 0.072 |   1.902 |    3.288 | 
     | mul_intadd_71_U11    | CI v -> CO v | FA_X1     | 0.072 |   1.974 |    3.360 | 
     | mul_intadd_71_U10    | CI v -> CO v | FA_X1     | 0.073 |   2.046 |    3.432 | 
     | mul_intadd_71_U9     | CI v -> CO v | FA_X1     | 0.072 |   2.118 |    3.504 | 
     | mul_intadd_71_U8     | CI v -> CO v | FA_X1     | 0.072 |   2.191 |    3.577 | 
     | mul_intadd_71_U7     | CI v -> CO v | FA_X1     | 0.072 |   2.263 |    3.649 | 
     | mul_intadd_71_U6     | CI v -> CO v | FA_X1     | 0.072 |   2.335 |    3.721 | 
     | mul_intadd_71_U5     | CI v -> CO v | FA_X1     | 0.072 |   2.406 |    3.792 | 
     | mul_intadd_71_U4     | CI v -> CO v | FA_X1     | 0.074 |   2.480 |    3.866 | 
     | mul_intadd_71_U3     | CI v -> S v  | FA_X1     | 0.094 |   2.574 |    3.960 | 
     | mul_intadd_69_U33    | A v -> CO v  | FA_X1     | 0.079 |   2.653 |    4.039 | 
     | mul_intadd_69_U32    | CI v -> CO v | FA_X1     | 0.071 |   2.725 |    4.111 | 
     | mul_intadd_69_U31    | CI v -> CO v | FA_X1     | 0.072 |   2.796 |    4.182 | 
     | mul_intadd_69_U30    | CI v -> CO v | FA_X1     | 0.072 |   2.868 |    4.254 | 
     | mul_intadd_69_U29    | CI v -> CO v | FA_X1     | 0.072 |   2.940 |    4.326 | 
     | mul_intadd_69_U28    | CI v -> CO v | FA_X1     | 0.072 |   3.011 |    4.397 | 
     | mul_intadd_69_U27    | CI v -> CO v | FA_X1     | 0.080 |   3.091 |    4.477 | 
     | U331                 | A1 v -> ZN ^ | NAND2_X1  | 0.020 |   3.112 |    4.498 | 
     | U333                 | A2 ^ -> ZN v | NAND3_X1  | 0.032 |   3.144 |    4.530 | 
     | U621                 | A1 v -> ZN ^ | NAND2_X1  | 0.019 |   3.163 |    4.549 | 
     | U623                 | A2 ^ -> ZN v | NAND3_X1  | 0.032 |   3.195 |    4.581 | 
     | U625                 | A1 v -> ZN ^ | NAND2_X1  | 0.018 |   3.213 |    4.599 | 
     | U627                 | A2 ^ -> ZN ^ | AND3_X1   | 0.050 |   3.262 |    4.648 | 
     | U628                 | B2 ^ -> ZN v | OAI21_X1  | 0.024 |   3.287 |    4.673 | 
     | U630                 | A1 v -> ZN ^ | NAND2_X1  | 0.015 |   3.302 |    4.688 | 
     | U282                 | A1 ^ -> ZN ^ | AND2_X1   | 0.036 |   3.338 |    4.724 | 
     | U631                 | B2 ^ -> ZN v | OAI21_X1  | 0.022 |   3.360 |    4.746 | 
     | U639                 | A1 v -> ZN ^ | NAND2_X1  | 0.016 |   3.376 |    4.762 | 
     | U640                 | A1 ^ -> ZN v | NAND2_X1  | 0.020 |   3.396 |    4.782 | 
     | U643                 | A1 v -> ZN ^ | NAND2_X1  | 0.014 |   3.411 |    4.797 | 
     | U645                 | A2 ^ -> ZN ^ | AND3_X1   | 0.050 |   3.461 |    4.847 | 
     | U646                 | B2 ^ -> ZN v | OAI21_X1  | 0.023 |   3.485 |    4.871 | 
     | U648                 | A1 v -> ZN ^ | NAND2_X1  | 0.015 |   3.499 |    4.885 | 
     | U281                 | A1 ^ -> ZN ^ | AND2_X1   | 0.036 |   3.535 |    4.921 | 
     | U650                 | B2 ^ -> ZN v | OAI21_X1  | 0.022 |   3.557 |    4.943 | 
     | U651                 | A1 v -> ZN ^ | NAND2_X1  | 0.016 |   3.573 |    4.959 | 
     | U652                 | A1 ^ -> ZN v | NAND2_X1  | 0.020 |   3.594 |    4.980 | 
     | U655                 | A1 v -> ZN ^ | NAND2_X1  | 0.015 |   3.608 |    4.994 | 
     | U657                 | A2 ^ -> ZN ^ | AND3_X1   | 0.050 |   3.658 |    5.044 | 
     | U658                 | B2 ^ -> ZN v | OAI21_X1  | 0.026 |   3.684 |    5.070 | 
     | U660                 | A1 v -> ZN ^ | NAND2_X1  | 0.016 |   3.700 |    5.086 | 
     | U662                 | A2 ^ -> ZN ^ | AND3_X1   | 0.050 |   3.750 |    5.136 | 
     | U663                 | B2 ^ -> ZN v | OAI21_X1  | 0.029 |   3.779 |    5.165 | 
     | U319                 | A1 v -> ZN ^ | NAND2_X1  | 0.017 |   3.796 |    5.182 | 
     | U320                 | A1 ^ -> ZN ^ | AND2_X1   | 0.030 |   3.826 |    5.212 | 
     | U666                 | A1 ^ -> ZN v | NAND2_X1  | 0.017 |   3.843 |    5.229 | 
     | U683                 | A1 v -> ZN ^ | NAND2_X1  | 0.015 |   3.858 |    5.244 | 
     | U684                 | A1 ^ -> ZN v | NAND2_X1  | 0.018 |   3.875 |    5.261 | 
     | U686                 | A1 v -> ZN ^ | NAND2_X1  | 0.015 |   3.890 |    5.276 | 
     | U687                 | A1 ^ -> ZN v | NAND2_X1  | 0.018 |   3.908 |    5.294 | 
     | U701                 | A1 v -> ZN ^ | NAND2_X1  | 0.015 |   3.923 |    5.309 | 
     | U702                 | A1 ^ -> ZN v | NAND2_X1  | 0.018 |   3.941 |    5.327 | 
     | U709                 | A1 v -> ZN ^ | NAND2_X1  | 0.015 |   3.956 |    5.342 | 
     | U710                 | A1 ^ -> ZN v | NAND2_X1  | 0.020 |   3.976 |    5.362 | 
     | U716                 | A1 v -> ZN ^ | NAND2_X1  | 0.016 |   3.993 |    5.379 | 
     | U717                 | A1 ^ -> ZN v | NAND2_X1  | 0.017 |   4.009 |    5.395 | 
     | U934                 | A v -> ZN v  | XNOR2_X1  | 0.037 |   4.046 |    5.432 | 
     | U7                   | B2 v -> ZN ^ | AOI22_X1  | 0.047 |   4.094 |    5.480 | 
     | U8                   | A ^ -> ZN v  | INV_X1    | 0.008 |   4.102 |    5.488 | 
     | p_reg_Y_temp_reg_61_ | D v          | DFF_X1    | 0.000 |   4.102 |    5.488 | 
     +------------------------------------------------------------------------------+ 
Path 4: MET Setup Check with Pin p_reg_Y_temp_reg_60_/CK 
Endpoint:   p_reg_Y_temp_reg_60_/D (v) checked with  leading edge of 'CLK'
Beginpoint: A_reg_Y_temp_reg_5_/Q  (v) triggered by  leading edge of 'CLK'
Path Groups: {CLK}
Analysis View: default
Other End Arrival Time          0.067
- Setup                         0.025
+ Phase Shift                   5.496
+ CPPR Adjustment               0.000
- Uncertainty                   0.050
= Required Time                 5.487
- Arrival Time                  4.082
= Slack Time                    1.405
     Clock Rise Edge                 0.000
     + Clock Network Latency (Prop)  0.046
     = Beginpoint Arrival Time       0.046
     +------------------------------------------------------------------------------+ 
     |       Instance       |     Arc      |   Cell    | Delay | Arrival | Required | 
     |                      |              |           |       |  Time   |   Time   | 
     |----------------------+--------------+-----------+-------+---------+----------| 
     | A_reg_Y_temp_reg_5_  | CK ^         |           |       |   0.046 |    1.451 | 
     | A_reg_Y_temp_reg_5_  | CK ^ -> Q v  | DFF_X1    | 0.100 |   0.145 |    1.551 | 
     | FE_OFC45_A_i_5       | A v -> Z v   | CLKBUF_X2 | 0.141 |   0.286 |    1.692 | 
     | U500                 | B v -> ZN v  | XNOR2_X1  | 0.092 |   0.379 |    1.784 | 
     | U501                 | A v -> ZN ^  | INV_X1    | 0.038 |   0.417 |    1.822 | 
     | U265                 | A2 ^ -> ZN v | NAND2_X1  | 0.082 |   0.499 |    1.904 | 
     | U507                 | A v -> ZN ^  | INV_X1    | 0.119 |   0.617 |    2.023 | 
     | U508                 | B1 ^ -> ZN v | AOI222_X1 | 0.049 |   0.667 |    2.072 | 
     | U511                 | A v -> Z v   | XOR2_X1   | 0.070 |   0.736 |    2.141 | 
     | mul_intadd_71_U27    | A v -> CO v  | FA_X1     | 0.082 |   0.818 |    2.224 | 
     | mul_intadd_71_U26    | CI v -> CO v | FA_X1     | 0.072 |   0.891 |    2.296 | 
     | mul_intadd_71_U25    | CI v -> CO v | FA_X1     | 0.072 |   0.963 |    2.368 | 
     | mul_intadd_71_U24    | CI v -> CO v | FA_X1     | 0.072 |   1.035 |    2.440 | 
     | mul_intadd_71_U23    | CI v -> CO v | FA_X1     | 0.072 |   1.107 |    2.512 | 
     | mul_intadd_71_U22    | CI v -> CO v | FA_X1     | 0.072 |   1.179 |    2.584 | 
     | mul_intadd_71_U21    | CI v -> CO v | FA_X1     | 0.072 |   1.251 |    2.657 | 
     | mul_intadd_71_U20    | CI v -> CO v | FA_X1     | 0.072 |   1.323 |    2.728 | 
     | mul_intadd_71_U19    | CI v -> CO v | FA_X1     | 0.072 |   1.395 |    2.800 | 
     | mul_intadd_71_U18    | CI v -> CO v | FA_X1     | 0.073 |   1.468 |    2.873 | 
     | mul_intadd_71_U17    | CI v -> CO v | FA_X1     | 0.073 |   1.540 |    2.945 | 
     | mul_intadd_71_U16    | CI v -> CO v | FA_X1     | 0.072 |   1.612 |    3.017 | 
     | mul_intadd_71_U15    | CI v -> CO v | FA_X1     | 0.072 |   1.684 |    3.089 | 
     | mul_intadd_71_U14    | CI v -> CO v | FA_X1     | 0.073 |   1.757 |    3.162 | 
     | mul_intadd_71_U13    | CI v -> CO v | FA_X1     | 0.073 |   1.830 |    3.235 | 
     | mul_intadd_71_U12    | CI v -> CO v | FA_X1     | 0.072 |   1.902 |    3.307 | 
     | mul_intadd_71_U11    | CI v -> CO v | FA_X1     | 0.072 |   1.974 |    3.379 | 
     | mul_intadd_71_U10    | CI v -> CO v | FA_X1     | 0.073 |   2.046 |    3.452 | 
     | mul_intadd_71_U9     | CI v -> CO v | FA_X1     | 0.072 |   2.118 |    3.524 | 
     | mul_intadd_71_U8     | CI v -> CO v | FA_X1     | 0.072 |   2.191 |    3.596 | 
     | mul_intadd_71_U7     | CI v -> CO v | FA_X1     | 0.072 |   2.263 |    3.668 | 
     | mul_intadd_71_U6     | CI v -> CO v | FA_X1     | 0.072 |   2.335 |    3.740 | 
     | mul_intadd_71_U5     | CI v -> CO v | FA_X1     | 0.072 |   2.406 |    3.811 | 
     | mul_intadd_71_U4     | CI v -> CO v | FA_X1     | 0.074 |   2.480 |    3.886 | 
     | mul_intadd_71_U3     | CI v -> S v  | FA_X1     | 0.094 |   2.574 |    3.979 | 
     | mul_intadd_69_U33    | A v -> CO v  | FA_X1     | 0.079 |   2.653 |    4.058 | 
     | mul_intadd_69_U32    | CI v -> CO v | FA_X1     | 0.071 |   2.725 |    4.130 | 
     | mul_intadd_69_U31    | CI v -> CO v | FA_X1     | 0.072 |   2.796 |    4.201 | 
     | mul_intadd_69_U30    | CI v -> CO v | FA_X1     | 0.072 |   2.868 |    4.273 | 
     | mul_intadd_69_U29    | CI v -> CO v | FA_X1     | 0.072 |   2.940 |    4.345 | 
     | mul_intadd_69_U28    | CI v -> CO v | FA_X1     | 0.072 |   3.011 |    4.416 | 
     | mul_intadd_69_U27    | CI v -> CO v | FA_X1     | 0.080 |   3.091 |    4.497 | 
     | U331                 | A1 v -> ZN ^ | NAND2_X1  | 0.020 |   3.112 |    4.517 | 
     | U333                 | A2 ^ -> ZN v | NAND3_X1  | 0.032 |   3.144 |    4.549 | 
     | U621                 | A1 v -> ZN ^ | NAND2_X1  | 0.019 |   3.163 |    4.568 | 
     | U623                 | A2 ^ -> ZN v | NAND3_X1  | 0.032 |   3.195 |    4.600 | 
     | U625                 | A1 v -> ZN ^ | NAND2_X1  | 0.018 |   3.213 |    4.618 | 
     | U627                 | A2 ^ -> ZN ^ | AND3_X1   | 0.050 |   3.262 |    4.668 | 
     | U628                 | B2 ^ -> ZN v | OAI21_X1  | 0.024 |   3.287 |    4.692 | 
     | U630                 | A1 v -> ZN ^ | NAND2_X1  | 0.015 |   3.302 |    4.707 | 
     | U282                 | A1 ^ -> ZN ^ | AND2_X1   | 0.036 |   3.338 |    4.743 | 
     | U631                 | B2 ^ -> ZN v | OAI21_X1  | 0.022 |   3.360 |    4.765 | 
     | U639                 | A1 v -> ZN ^ | NAND2_X1  | 0.016 |   3.376 |    4.781 | 
     | U640                 | A1 ^ -> ZN v | NAND2_X1  | 0.020 |   3.396 |    4.802 | 
     | U643                 | A1 v -> ZN ^ | NAND2_X1  | 0.014 |   3.411 |    4.816 | 
     | U645                 | A2 ^ -> ZN ^ | AND3_X1   | 0.050 |   3.461 |    4.867 | 
     | U646                 | B2 ^ -> ZN v | OAI21_X1  | 0.023 |   3.485 |    4.890 | 
     | U648                 | A1 v -> ZN ^ | NAND2_X1  | 0.015 |   3.499 |    4.904 | 
     | U281                 | A1 ^ -> ZN ^ | AND2_X1   | 0.036 |   3.535 |    4.940 | 
     | U650                 | B2 ^ -> ZN v | OAI21_X1  | 0.022 |   3.557 |    4.962 | 
     | U651                 | A1 v -> ZN ^ | NAND2_X1  | 0.016 |   3.573 |    4.978 | 
     | U652                 | A1 ^ -> ZN v | NAND2_X1  | 0.020 |   3.594 |    4.999 | 
     | U655                 | A1 v -> ZN ^ | NAND2_X1  | 0.015 |   3.608 |    5.013 | 
     | U657                 | A2 ^ -> ZN ^ | AND3_X1   | 0.050 |   3.658 |    5.063 | 
     | U658                 | B2 ^ -> ZN v | OAI21_X1  | 0.026 |   3.684 |    5.090 | 
     | U660                 | A1 v -> ZN ^ | NAND2_X1  | 0.016 |   3.700 |    5.106 | 
     | U662                 | A2 ^ -> ZN ^ | AND3_X1   | 0.050 |   3.750 |    5.156 | 
     | U663                 | B2 ^ -> ZN v | OAI21_X1  | 0.029 |   3.779 |    5.184 | 
     | U319                 | A1 v -> ZN ^ | NAND2_X1  | 0.017 |   3.796 |    5.201 | 
     | U320                 | A1 ^ -> ZN ^ | AND2_X1   | 0.030 |   3.826 |    5.231 | 
     | U666                 | A1 ^ -> ZN v | NAND2_X1  | 0.017 |   3.843 |    5.248 | 
     | U683                 | A1 v -> ZN ^ | NAND2_X1  | 0.015 |   3.858 |    5.263 | 
     | U684                 | A1 ^ -> ZN v | NAND2_X1  | 0.018 |   3.875 |    5.280 | 
     | U686                 | A1 v -> ZN ^ | NAND2_X1  | 0.015 |   3.890 |    5.295 | 
     | U687                 | A1 ^ -> ZN v | NAND2_X1  | 0.018 |   3.908 |    5.313 | 
     | U701                 | A1 v -> ZN ^ | NAND2_X1  | 0.015 |   3.923 |    5.328 | 
     | U702                 | A1 ^ -> ZN v | NAND2_X1  | 0.018 |   3.941 |    5.346 | 
     | U709                 | A1 v -> ZN ^ | NAND2_X1  | 0.015 |   3.956 |    5.361 | 
     | U710                 | A1 ^ -> ZN v | NAND2_X1  | 0.020 |   3.976 |    5.382 | 
     | U421                 | A v -> Z v   | XOR2_X1   | 0.051 |   4.027 |    5.432 | 
     | U9                   | B2 v -> ZN ^ | AOI22_X1  | 0.047 |   4.074 |    5.479 | 
     | U10                  | A ^ -> ZN v  | INV_X1    | 0.008 |   4.082 |    5.487 | 
     | p_reg_Y_temp_reg_60_ | D v          | DFF_X1    | 0.000 |   4.082 |    5.487 | 
     +------------------------------------------------------------------------------+ 
Path 5: MET Setup Check with Pin p_reg_Y_temp_reg_59_/CK 
Endpoint:   p_reg_Y_temp_reg_59_/D (v) checked with  leading edge of 'CLK'
Beginpoint: A_reg_Y_temp_reg_5_/Q  (v) triggered by  leading edge of 'CLK'
Path Groups: {CLK}
Analysis View: default
Other End Arrival Time          0.068
- Setup                         0.025
+ Phase Shift                   5.496
+ CPPR Adjustment               0.000
- Uncertainty                   0.050
= Required Time                 5.488
- Arrival Time                  4.047
= Slack Time                    1.441
     Clock Rise Edge                 0.000
     + Clock Network Latency (Prop)  0.046
     = Beginpoint Arrival Time       0.046
     +------------------------------------------------------------------------------+ 
     |       Instance       |     Arc      |   Cell    | Delay | Arrival | Required | 
     |                      |              |           |       |  Time   |   Time   | 
     |----------------------+--------------+-----------+-------+---------+----------| 
     | A_reg_Y_temp_reg_5_  | CK ^         |           |       |   0.046 |    1.486 | 
     | A_reg_Y_temp_reg_5_  | CK ^ -> Q v  | DFF_X1    | 0.100 |   0.145 |    1.586 | 
     | FE_OFC45_A_i_5       | A v -> Z v   | CLKBUF_X2 | 0.141 |   0.286 |    1.727 | 
     | U500                 | B v -> ZN v  | XNOR2_X1  | 0.092 |   0.379 |    1.820 | 
     | U501                 | A v -> ZN ^  | INV_X1    | 0.038 |   0.417 |    1.857 | 
     | U265                 | A2 ^ -> ZN v | NAND2_X1  | 0.082 |   0.499 |    1.940 | 
     | U507                 | A v -> ZN ^  | INV_X1    | 0.119 |   0.617 |    2.058 | 
     | U508                 | B1 ^ -> ZN v | AOI222_X1 | 0.049 |   0.667 |    2.107 | 
     | U511                 | A v -> Z v   | XOR2_X1   | 0.070 |   0.736 |    2.177 | 
     | mul_intadd_71_U27    | A v -> CO v  | FA_X1     | 0.082 |   0.818 |    2.259 | 
     | mul_intadd_71_U26    | CI v -> CO v | FA_X1     | 0.072 |   0.891 |    2.332 | 
     | mul_intadd_71_U25    | CI v -> CO v | FA_X1     | 0.072 |   0.963 |    2.404 | 
     | mul_intadd_71_U24    | CI v -> CO v | FA_X1     | 0.072 |   1.035 |    2.476 | 
     | mul_intadd_71_U23    | CI v -> CO v | FA_X1     | 0.072 |   1.107 |    2.548 | 
     | mul_intadd_71_U22    | CI v -> CO v | FA_X1     | 0.072 |   1.179 |    2.620 | 
     | mul_intadd_71_U21    | CI v -> CO v | FA_X1     | 0.072 |   1.251 |    2.692 | 
     | mul_intadd_71_U20    | CI v -> CO v | FA_X1     | 0.072 |   1.323 |    2.764 | 
     | mul_intadd_71_U19    | CI v -> CO v | FA_X1     | 0.072 |   1.395 |    2.836 | 
     | mul_intadd_71_U18    | CI v -> CO v | FA_X1     | 0.073 |   1.468 |    2.908 | 
     | mul_intadd_71_U17    | CI v -> CO v | FA_X1     | 0.073 |   1.540 |    2.981 | 
     | mul_intadd_71_U16    | CI v -> CO v | FA_X1     | 0.072 |   1.612 |    3.053 | 
     | mul_intadd_71_U15    | CI v -> CO v | FA_X1     | 0.072 |   1.684 |    3.125 | 
     | mul_intadd_71_U14    | CI v -> CO v | FA_X1     | 0.073 |   1.757 |    3.198 | 
     | mul_intadd_71_U13    | CI v -> CO v | FA_X1     | 0.073 |   1.830 |    3.271 | 
     | mul_intadd_71_U12    | CI v -> CO v | FA_X1     | 0.072 |   1.902 |    3.343 | 
     | mul_intadd_71_U11    | CI v -> CO v | FA_X1     | 0.072 |   1.974 |    3.415 | 
     | mul_intadd_71_U10    | CI v -> CO v | FA_X1     | 0.073 |   2.046 |    3.487 | 
     | mul_intadd_71_U9     | CI v -> CO v | FA_X1     | 0.072 |   2.118 |    3.559 | 
     | mul_intadd_71_U8     | CI v -> CO v | FA_X1     | 0.072 |   2.191 |    3.632 | 
     | mul_intadd_71_U7     | CI v -> CO v | FA_X1     | 0.072 |   2.263 |    3.703 | 
     | mul_intadd_71_U6     | CI v -> CO v | FA_X1     | 0.072 |   2.335 |    3.776 | 
     | mul_intadd_71_U5     | CI v -> CO v | FA_X1     | 0.072 |   2.406 |    3.847 | 
     | mul_intadd_71_U4     | CI v -> CO v | FA_X1     | 0.074 |   2.480 |    3.921 | 
     | mul_intadd_71_U3     | CI v -> S v  | FA_X1     | 0.094 |   2.574 |    4.015 | 
     | mul_intadd_69_U33    | A v -> CO v  | FA_X1     | 0.079 |   2.653 |    4.094 | 
     | mul_intadd_69_U32    | CI v -> CO v | FA_X1     | 0.071 |   2.725 |    4.165 | 
     | mul_intadd_69_U31    | CI v -> CO v | FA_X1     | 0.072 |   2.796 |    4.237 | 
     | mul_intadd_69_U30    | CI v -> CO v | FA_X1     | 0.072 |   2.868 |    4.309 | 
     | mul_intadd_69_U29    | CI v -> CO v | FA_X1     | 0.072 |   2.940 |    4.380 | 
     | mul_intadd_69_U28    | CI v -> CO v | FA_X1     | 0.072 |   3.011 |    4.452 | 
     | mul_intadd_69_U27    | CI v -> CO v | FA_X1     | 0.080 |   3.091 |    4.532 | 
     | U331                 | A1 v -> ZN ^ | NAND2_X1  | 0.020 |   3.112 |    4.553 | 
     | U333                 | A2 ^ -> ZN v | NAND3_X1  | 0.032 |   3.144 |    4.584 | 
     | U621                 | A1 v -> ZN ^ | NAND2_X1  | 0.019 |   3.163 |    4.604 | 
     | U623                 | A2 ^ -> ZN v | NAND3_X1  | 0.032 |   3.195 |    4.636 | 
     | U625                 | A1 v -> ZN ^ | NAND2_X1  | 0.018 |   3.213 |    4.653 | 
     | U627                 | A2 ^ -> ZN ^ | AND3_X1   | 0.050 |   3.262 |    4.703 | 
     | U628                 | B2 ^ -> ZN v | OAI21_X1  | 0.024 |   3.287 |    4.727 | 
     | U630                 | A1 v -> ZN ^ | NAND2_X1  | 0.015 |   3.302 |    4.742 | 
     | U282                 | A1 ^ -> ZN ^ | AND2_X1   | 0.036 |   3.338 |    4.779 | 
     | U631                 | B2 ^ -> ZN v | OAI21_X1  | 0.022 |   3.360 |    4.801 | 
     | U639                 | A1 v -> ZN ^ | NAND2_X1  | 0.016 |   3.376 |    4.817 | 
     | U640                 | A1 ^ -> ZN v | NAND2_X1  | 0.020 |   3.396 |    4.837 | 
     | U643                 | A1 v -> ZN ^ | NAND2_X1  | 0.014 |   3.411 |    4.852 | 
     | U645                 | A2 ^ -> ZN ^ | AND3_X1   | 0.050 |   3.461 |    4.902 | 
     | U646                 | B2 ^ -> ZN v | OAI21_X1  | 0.023 |   3.485 |    4.926 | 
     | U648                 | A1 v -> ZN ^ | NAND2_X1  | 0.015 |   3.499 |    4.940 | 
     | U281                 | A1 ^ -> ZN ^ | AND2_X1   | 0.036 |   3.535 |    4.976 | 
     | U650                 | B2 ^ -> ZN v | OAI21_X1  | 0.022 |   3.557 |    4.998 | 
     | U651                 | A1 v -> ZN ^ | NAND2_X1  | 0.016 |   3.573 |    5.014 | 
     | U652                 | A1 ^ -> ZN v | NAND2_X1  | 0.020 |   3.594 |    5.034 | 
     | U655                 | A1 v -> ZN ^ | NAND2_X1  | 0.015 |   3.608 |    5.049 | 
     | U657                 | A2 ^ -> ZN ^ | AND3_X1   | 0.050 |   3.658 |    5.099 | 
     | U658                 | B2 ^ -> ZN v | OAI21_X1  | 0.026 |   3.684 |    5.125 | 
     | U660                 | A1 v -> ZN ^ | NAND2_X1  | 0.016 |   3.700 |    5.141 | 
     | U662                 | A2 ^ -> ZN ^ | AND3_X1   | 0.050 |   3.750 |    5.191 | 
     | U663                 | B2 ^ -> ZN v | OAI21_X1  | 0.029 |   3.779 |    5.220 | 
     | U319                 | A1 v -> ZN ^ | NAND2_X1  | 0.017 |   3.796 |    5.237 | 
     | U320                 | A1 ^ -> ZN ^ | AND2_X1   | 0.030 |   3.826 |    5.267 | 
     | U666                 | A1 ^ -> ZN v | NAND2_X1  | 0.017 |   3.843 |    5.284 | 
     | U683                 | A1 v -> ZN ^ | NAND2_X1  | 0.015 |   3.858 |    5.298 | 
     | U684                 | A1 ^ -> ZN v | NAND2_X1  | 0.018 |   3.875 |    5.316 | 
     | U686                 | A1 v -> ZN ^ | NAND2_X1  | 0.015 |   3.890 |    5.331 | 
     | U687                 | A1 ^ -> ZN v | NAND2_X1  | 0.018 |   3.908 |    5.349 | 
     | U701                 | A1 v -> ZN ^ | NAND2_X1  | 0.015 |   3.923 |    5.364 | 
     | U702                 | A1 ^ -> ZN v | NAND2_X1  | 0.018 |   3.941 |    5.382 | 
     | U420                 | A v -> Z v   | XOR2_X1   | 0.051 |   3.992 |    5.432 | 
     | U11                  | B2 v -> ZN ^ | AOI22_X1  | 0.047 |   4.039 |    5.480 | 
     | U12                  | A ^ -> ZN v  | INV_X1    | 0.008 |   4.047 |    5.488 | 
     | p_reg_Y_temp_reg_59_ | D v          | DFF_X1    | 0.000 |   4.047 |    5.488 | 
     +------------------------------------------------------------------------------+ 
Path 6: MET Setup Check with Pin p_reg_Y_temp_reg_58_/CK 
Endpoint:   p_reg_Y_temp_reg_58_/D (v) checked with  leading edge of 'CLK'
Beginpoint: A_reg_Y_temp_reg_5_/Q  (v) triggered by  leading edge of 'CLK'
Path Groups: {CLK}
Analysis View: default
Other End Arrival Time          0.068
- Setup                         0.025
+ Phase Shift                   5.496
+ CPPR Adjustment               0.000
- Uncertainty                   0.050
= Required Time                 5.488
- Arrival Time                  4.015
= Slack Time                    1.473
     Clock Rise Edge                 0.000
     + Clock Network Latency (Prop)  0.046
     = Beginpoint Arrival Time       0.046
     +------------------------------------------------------------------------------+ 
     |       Instance       |     Arc      |   Cell    | Delay | Arrival | Required | 
     |                      |              |           |       |  Time   |   Time   | 
     |----------------------+--------------+-----------+-------+---------+----------| 
     | A_reg_Y_temp_reg_5_  | CK ^         |           |       |   0.046 |    1.519 | 
     | A_reg_Y_temp_reg_5_  | CK ^ -> Q v  | DFF_X1    | 0.100 |   0.145 |    1.619 | 
     | FE_OFC45_A_i_5       | A v -> Z v   | CLKBUF_X2 | 0.141 |   0.286 |    1.759 | 
     | U500                 | B v -> ZN v  | XNOR2_X1  | 0.092 |   0.379 |    1.852 | 
     | U501                 | A v -> ZN ^  | INV_X1    | 0.038 |   0.417 |    1.890 | 
     | U265                 | A2 ^ -> ZN v | NAND2_X1  | 0.082 |   0.499 |    1.972 | 
     | U507                 | A v -> ZN ^  | INV_X1    | 0.119 |   0.617 |    2.091 | 
     | U508                 | B1 ^ -> ZN v | AOI222_X1 | 0.049 |   0.667 |    2.140 | 
     | U511                 | A v -> Z v   | XOR2_X1   | 0.070 |   0.736 |    2.209 | 
     | mul_intadd_71_U27    | A v -> CO v  | FA_X1     | 0.082 |   0.818 |    2.291 | 
     | mul_intadd_71_U26    | CI v -> CO v | FA_X1     | 0.072 |   0.891 |    2.364 | 
     | mul_intadd_71_U25    | CI v -> CO v | FA_X1     | 0.072 |   0.963 |    2.436 | 
     | mul_intadd_71_U24    | CI v -> CO v | FA_X1     | 0.072 |   1.035 |    2.508 | 
     | mul_intadd_71_U23    | CI v -> CO v | FA_X1     | 0.072 |   1.107 |    2.580 | 
     | mul_intadd_71_U22    | CI v -> CO v | FA_X1     | 0.072 |   1.179 |    2.652 | 
     | mul_intadd_71_U21    | CI v -> CO v | FA_X1     | 0.072 |   1.251 |    2.724 | 
     | mul_intadd_71_U20    | CI v -> CO v | FA_X1     | 0.072 |   1.323 |    2.796 | 
     | mul_intadd_71_U19    | CI v -> CO v | FA_X1     | 0.072 |   1.395 |    2.868 | 
     | mul_intadd_71_U18    | CI v -> CO v | FA_X1     | 0.073 |   1.468 |    2.941 | 
     | mul_intadd_71_U17    | CI v -> CO v | FA_X1     | 0.073 |   1.540 |    3.013 | 
     | mul_intadd_71_U16    | CI v -> CO v | FA_X1     | 0.072 |   1.612 |    3.085 | 
     | mul_intadd_71_U15    | CI v -> CO v | FA_X1     | 0.072 |   1.684 |    3.157 | 
     | mul_intadd_71_U14    | CI v -> CO v | FA_X1     | 0.073 |   1.757 |    3.230 | 
     | mul_intadd_71_U13    | CI v -> CO v | FA_X1     | 0.073 |   1.830 |    3.303 | 
     | mul_intadd_71_U12    | CI v -> CO v | FA_X1     | 0.072 |   1.902 |    3.375 | 
     | mul_intadd_71_U11    | CI v -> CO v | FA_X1     | 0.072 |   1.974 |    3.447 | 
     | mul_intadd_71_U10    | CI v -> CO v | FA_X1     | 0.073 |   2.046 |    3.519 | 
     | mul_intadd_71_U9     | CI v -> CO v | FA_X1     | 0.072 |   2.118 |    3.591 | 
     | mul_intadd_71_U8     | CI v -> CO v | FA_X1     | 0.072 |   2.191 |    3.664 | 
     | mul_intadd_71_U7     | CI v -> CO v | FA_X1     | 0.072 |   2.263 |    3.736 | 
     | mul_intadd_71_U6     | CI v -> CO v | FA_X1     | 0.072 |   2.335 |    3.808 | 
     | mul_intadd_71_U5     | CI v -> CO v | FA_X1     | 0.072 |   2.406 |    3.879 | 
     | mul_intadd_71_U4     | CI v -> CO v | FA_X1     | 0.074 |   2.480 |    3.954 | 
     | mul_intadd_71_U3     | CI v -> S v  | FA_X1     | 0.094 |   2.574 |    4.047 | 
     | mul_intadd_69_U33    | A v -> CO v  | FA_X1     | 0.079 |   2.653 |    4.126 | 
     | mul_intadd_69_U32    | CI v -> CO v | FA_X1     | 0.071 |   2.725 |    4.198 | 
     | mul_intadd_69_U31    | CI v -> CO v | FA_X1     | 0.072 |   2.796 |    4.269 | 
     | mul_intadd_69_U30    | CI v -> CO v | FA_X1     | 0.072 |   2.868 |    4.341 | 
     | mul_intadd_69_U29    | CI v -> CO v | FA_X1     | 0.072 |   2.940 |    4.413 | 
     | mul_intadd_69_U28    | CI v -> CO v | FA_X1     | 0.072 |   3.011 |    4.484 | 
     | mul_intadd_69_U27    | CI v -> CO v | FA_X1     | 0.080 |   3.091 |    4.565 | 
     | U331                 | A1 v -> ZN ^ | NAND2_X1  | 0.020 |   3.112 |    4.585 | 
     | U333                 | A2 ^ -> ZN v | NAND3_X1  | 0.032 |   3.144 |    4.617 | 
     | U621                 | A1 v -> ZN ^ | NAND2_X1  | 0.019 |   3.163 |    4.636 | 
     | U623                 | A2 ^ -> ZN v | NAND3_X1  | 0.032 |   3.195 |    4.668 | 
     | U625                 | A1 v -> ZN ^ | NAND2_X1  | 0.018 |   3.213 |    4.686 | 
     | U627                 | A2 ^ -> ZN ^ | AND3_X1   | 0.050 |   3.262 |    4.735 | 
     | U628                 | B2 ^ -> ZN v | OAI21_X1  | 0.024 |   3.287 |    4.760 | 
     | U630                 | A1 v -> ZN ^ | NAND2_X1  | 0.015 |   3.302 |    4.775 | 
     | U282                 | A1 ^ -> ZN ^ | AND2_X1   | 0.036 |   3.338 |    4.811 | 
     | U631                 | B2 ^ -> ZN v | OAI21_X1  | 0.022 |   3.360 |    4.833 | 
     | U639                 | A1 v -> ZN ^ | NAND2_X1  | 0.016 |   3.376 |    4.849 | 
     | U640                 | A1 ^ -> ZN v | NAND2_X1  | 0.020 |   3.396 |    4.870 | 
     | U643                 | A1 v -> ZN ^ | NAND2_X1  | 0.014 |   3.411 |    4.884 | 
     | U645                 | A2 ^ -> ZN ^ | AND3_X1   | 0.050 |   3.461 |    4.934 | 
     | U646                 | B2 ^ -> ZN v | OAI21_X1  | 0.023 |   3.485 |    4.958 | 
     | U648                 | A1 v -> ZN ^ | NAND2_X1  | 0.015 |   3.499 |    4.972 | 
     | U281                 | A1 ^ -> ZN ^ | AND2_X1   | 0.036 |   3.535 |    5.008 | 
     | U650                 | B2 ^ -> ZN v | OAI21_X1  | 0.022 |   3.557 |    5.030 | 
     | U651                 | A1 v -> ZN ^ | NAND2_X1  | 0.016 |   3.573 |    5.046 | 
     | U652                 | A1 ^ -> ZN v | NAND2_X1  | 0.020 |   3.594 |    5.067 | 
     | U655                 | A1 v -> ZN ^ | NAND2_X1  | 0.015 |   3.608 |    5.081 | 
     | U657                 | A2 ^ -> ZN ^ | AND3_X1   | 0.050 |   3.658 |    5.131 | 
     | U658                 | B2 ^ -> ZN v | OAI21_X1  | 0.026 |   3.684 |    5.158 | 
     | U660                 | A1 v -> ZN ^ | NAND2_X1  | 0.016 |   3.700 |    5.174 | 
     | U662                 | A2 ^ -> ZN ^ | AND3_X1   | 0.050 |   3.750 |    5.223 | 
     | U663                 | B2 ^ -> ZN v | OAI21_X1  | 0.029 |   3.779 |    5.252 | 
     | U319                 | A1 v -> ZN ^ | NAND2_X1  | 0.017 |   3.796 |    5.269 | 
     | U320                 | A1 ^ -> ZN ^ | AND2_X1   | 0.030 |   3.826 |    5.299 | 
     | U666                 | A1 ^ -> ZN v | NAND2_X1  | 0.017 |   3.843 |    5.316 | 
     | U683                 | A1 v -> ZN ^ | NAND2_X1  | 0.015 |   3.858 |    5.331 | 
     | U684                 | A1 ^ -> ZN v | NAND2_X1  | 0.018 |   3.875 |    5.348 | 
     | U686                 | A1 v -> ZN ^ | NAND2_X1  | 0.015 |   3.890 |    5.363 | 
     | U687                 | A1 ^ -> ZN v | NAND2_X1  | 0.018 |   3.908 |    5.381 | 
     | U406                 | A v -> Z v   | XOR2_X1   | 0.051 |   3.959 |    5.432 | 
     | U13                  | B2 v -> ZN ^ | AOI22_X1  | 0.047 |   4.007 |    5.480 | 
     | U14                  | A ^ -> ZN v  | INV_X1    | 0.009 |   4.015 |    5.488 | 
     | p_reg_Y_temp_reg_58_ | D v          | DFF_X1    | 0.000 |   4.015 |    5.488 | 
     +------------------------------------------------------------------------------+ 
Path 7: MET Setup Check with Pin p_reg_Y_temp_reg_57_/CK 
Endpoint:   p_reg_Y_temp_reg_57_/D (v) checked with  leading edge of 'CLK'
Beginpoint: A_reg_Y_temp_reg_5_/Q  (v) triggered by  leading edge of 'CLK'
Path Groups: {CLK}
Analysis View: default
Other End Arrival Time          0.067
- Setup                         0.025
+ Phase Shift                   5.496
+ CPPR Adjustment               0.000
- Uncertainty                   0.050
= Required Time                 5.487
- Arrival Time                  3.983
= Slack Time                    1.504
     Clock Rise Edge                 0.000
     + Clock Network Latency (Prop)  0.046
     = Beginpoint Arrival Time       0.046
     +------------------------------------------------------------------------------+ 
     |       Instance       |     Arc      |   Cell    | Delay | Arrival | Required | 
     |                      |              |           |       |  Time   |   Time   | 
     |----------------------+--------------+-----------+-------+---------+----------| 
     | A_reg_Y_temp_reg_5_  | CK ^         |           |       |   0.046 |    1.550 | 
     | A_reg_Y_temp_reg_5_  | CK ^ -> Q v  | DFF_X1    | 0.100 |   0.145 |    1.650 | 
     | FE_OFC45_A_i_5       | A v -> Z v   | CLKBUF_X2 | 0.141 |   0.286 |    1.791 | 
     | U500                 | B v -> ZN v  | XNOR2_X1  | 0.092 |   0.379 |    1.883 | 
     | U501                 | A v -> ZN ^  | INV_X1    | 0.038 |   0.417 |    1.921 | 
     | U265                 | A2 ^ -> ZN v | NAND2_X1  | 0.082 |   0.499 |    2.003 | 
     | U507                 | A v -> ZN ^  | INV_X1    | 0.119 |   0.617 |    2.122 | 
     | U508                 | B1 ^ -> ZN v | AOI222_X1 | 0.049 |   0.667 |    2.171 | 
     | U511                 | A v -> Z v   | XOR2_X1   | 0.070 |   0.736 |    2.240 | 
     | mul_intadd_71_U27    | A v -> CO v  | FA_X1     | 0.082 |   0.818 |    2.323 | 
     | mul_intadd_71_U26    | CI v -> CO v | FA_X1     | 0.072 |   0.891 |    2.395 | 
     | mul_intadd_71_U25    | CI v -> CO v | FA_X1     | 0.072 |   0.963 |    2.467 | 
     | mul_intadd_71_U24    | CI v -> CO v | FA_X1     | 0.072 |   1.035 |    2.539 | 
     | mul_intadd_71_U23    | CI v -> CO v | FA_X1     | 0.072 |   1.107 |    2.611 | 
     | mul_intadd_71_U22    | CI v -> CO v | FA_X1     | 0.072 |   1.179 |    2.683 | 
     | mul_intadd_71_U21    | CI v -> CO v | FA_X1     | 0.072 |   1.251 |    2.756 | 
     | mul_intadd_71_U20    | CI v -> CO v | FA_X1     | 0.072 |   1.323 |    2.827 | 
     | mul_intadd_71_U19    | CI v -> CO v | FA_X1     | 0.072 |   1.395 |    2.899 | 
     | mul_intadd_71_U18    | CI v -> CO v | FA_X1     | 0.073 |   1.468 |    2.972 | 
     | mul_intadd_71_U17    | CI v -> CO v | FA_X1     | 0.073 |   1.540 |    3.044 | 
     | mul_intadd_71_U16    | CI v -> CO v | FA_X1     | 0.072 |   1.612 |    3.116 | 
     | mul_intadd_71_U15    | CI v -> CO v | FA_X1     | 0.072 |   1.684 |    3.189 | 
     | mul_intadd_71_U14    | CI v -> CO v | FA_X1     | 0.073 |   1.757 |    3.262 | 
     | mul_intadd_71_U13    | CI v -> CO v | FA_X1     | 0.073 |   1.830 |    3.334 | 
     | mul_intadd_71_U12    | CI v -> CO v | FA_X1     | 0.072 |   1.902 |    3.406 | 
     | mul_intadd_71_U11    | CI v -> CO v | FA_X1     | 0.072 |   1.974 |    3.478 | 
     | mul_intadd_71_U10    | CI v -> CO v | FA_X1     | 0.073 |   2.046 |    3.551 | 
     | mul_intadd_71_U9     | CI v -> CO v | FA_X1     | 0.072 |   2.118 |    3.623 | 
     | mul_intadd_71_U8     | CI v -> CO v | FA_X1     | 0.072 |   2.191 |    3.695 | 
     | mul_intadd_71_U7     | CI v -> CO v | FA_X1     | 0.072 |   2.263 |    3.767 | 
     | mul_intadd_71_U6     | CI v -> CO v | FA_X1     | 0.072 |   2.335 |    3.839 | 
     | mul_intadd_71_U5     | CI v -> CO v | FA_X1     | 0.072 |   2.406 |    3.911 | 
     | mul_intadd_71_U4     | CI v -> CO v | FA_X1     | 0.074 |   2.480 |    3.985 | 
     | mul_intadd_71_U3     | CI v -> S v  | FA_X1     | 0.094 |   2.574 |    4.079 | 
     | mul_intadd_69_U33    | A v -> CO v  | FA_X1     | 0.079 |   2.653 |    4.157 | 
     | mul_intadd_69_U32    | CI v -> CO v | FA_X1     | 0.071 |   2.725 |    4.229 | 
     | mul_intadd_69_U31    | CI v -> CO v | FA_X1     | 0.072 |   2.796 |    4.301 | 
     | mul_intadd_69_U30    | CI v -> CO v | FA_X1     | 0.072 |   2.868 |    4.372 | 
     | mul_intadd_69_U29    | CI v -> CO v | FA_X1     | 0.072 |   2.940 |    4.444 | 
     | mul_intadd_69_U28    | CI v -> CO v | FA_X1     | 0.072 |   3.011 |    4.516 | 
     | mul_intadd_69_U27    | CI v -> CO v | FA_X1     | 0.080 |   3.091 |    4.596 | 
     | U331                 | A1 v -> ZN ^ | NAND2_X1  | 0.020 |   3.112 |    4.616 | 
     | U333                 | A2 ^ -> ZN v | NAND3_X1  | 0.032 |   3.144 |    4.648 | 
     | U621                 | A1 v -> ZN ^ | NAND2_X1  | 0.019 |   3.163 |    4.667 | 
     | U623                 | A2 ^ -> ZN v | NAND3_X1  | 0.032 |   3.195 |    4.699 | 
     | U625                 | A1 v -> ZN ^ | NAND2_X1  | 0.018 |   3.213 |    4.717 | 
     | U627                 | A2 ^ -> ZN ^ | AND3_X1   | 0.050 |   3.262 |    4.767 | 
     | U628                 | B2 ^ -> ZN v | OAI21_X1  | 0.024 |   3.287 |    4.791 | 
     | U630                 | A1 v -> ZN ^ | NAND2_X1  | 0.015 |   3.302 |    4.806 | 
     | U282                 | A1 ^ -> ZN ^ | AND2_X1   | 0.036 |   3.338 |    4.842 | 
     | U631                 | B2 ^ -> ZN v | OAI21_X1  | 0.022 |   3.360 |    4.864 | 
     | U639                 | A1 v -> ZN ^ | NAND2_X1  | 0.016 |   3.376 |    4.880 | 
     | U640                 | A1 ^ -> ZN v | NAND2_X1  | 0.020 |   3.396 |    4.901 | 
     | U643                 | A1 v -> ZN ^ | NAND2_X1  | 0.014 |   3.411 |    4.915 | 
     | U645                 | A2 ^ -> ZN ^ | AND3_X1   | 0.050 |   3.461 |    4.966 | 
     | U646                 | B2 ^ -> ZN v | OAI21_X1  | 0.023 |   3.485 |    4.989 | 
     | U648                 | A1 v -> ZN ^ | NAND2_X1  | 0.015 |   3.499 |    5.004 | 
     | U281                 | A1 ^ -> ZN ^ | AND2_X1   | 0.036 |   3.535 |    5.039 | 
     | U650                 | B2 ^ -> ZN v | OAI21_X1  | 0.022 |   3.557 |    5.062 | 
     | U651                 | A1 v -> ZN ^ | NAND2_X1  | 0.016 |   3.573 |    5.078 | 
     | U652                 | A1 ^ -> ZN v | NAND2_X1  | 0.020 |   3.594 |    5.098 | 
     | U655                 | A1 v -> ZN ^ | NAND2_X1  | 0.015 |   3.608 |    5.113 | 
     | U657                 | A2 ^ -> ZN ^ | AND3_X1   | 0.050 |   3.658 |    5.162 | 
     | U658                 | B2 ^ -> ZN v | OAI21_X1  | 0.026 |   3.684 |    5.189 | 
     | U660                 | A1 v -> ZN ^ | NAND2_X1  | 0.016 |   3.700 |    5.205 | 
     | U662                 | A2 ^ -> ZN ^ | AND3_X1   | 0.050 |   3.750 |    5.255 | 
     | U663                 | B2 ^ -> ZN v | OAI21_X1  | 0.029 |   3.779 |    5.283 | 
     | U319                 | A1 v -> ZN ^ | NAND2_X1  | 0.017 |   3.796 |    5.300 | 
     | U320                 | A1 ^ -> ZN ^ | AND2_X1   | 0.030 |   3.826 |    5.330 | 
     | U666                 | A1 ^ -> ZN v | NAND2_X1  | 0.017 |   3.843 |    5.347 | 
     | U683                 | A1 v -> ZN ^ | NAND2_X1  | 0.015 |   3.858 |    5.362 | 
     | U684                 | A1 ^ -> ZN v | NAND2_X1  | 0.018 |   3.875 |    5.380 | 
     | U419                 | A v -> Z v   | XOR2_X1   | 0.052 |   3.927 |    5.431 | 
     | U15                  | B2 v -> ZN ^ | AOI22_X1  | 0.047 |   3.974 |    5.479 | 
     | U16                  | A ^ -> ZN v  | INV_X1    | 0.009 |   3.983 |    5.487 | 
     | p_reg_Y_temp_reg_57_ | D v          | DFF_X1    | 0.000 |   3.983 |    5.487 | 
     +------------------------------------------------------------------------------+ 
Path 8: MET Setup Check with Pin p_reg_Y_temp_reg_56_/CK 
Endpoint:   p_reg_Y_temp_reg_56_/D (v) checked with  leading edge of 'CLK'
Beginpoint: A_reg_Y_temp_reg_5_/Q  (v) triggered by  leading edge of 'CLK'
Path Groups: {CLK}
Analysis View: default
Other End Arrival Time          0.068
- Setup                         0.025
+ Phase Shift                   5.496
+ CPPR Adjustment               0.000
- Uncertainty                   0.050
= Required Time                 5.488
- Arrival Time                  3.952
= Slack Time                    1.536
     Clock Rise Edge                 0.000
     + Clock Network Latency (Prop)  0.046
     = Beginpoint Arrival Time       0.046
     +------------------------------------------------------------------------------+ 
     |       Instance       |     Arc      |   Cell    | Delay | Arrival | Required | 
     |                      |              |           |       |  Time   |   Time   | 
     |----------------------+--------------+-----------+-------+---------+----------| 
     | A_reg_Y_temp_reg_5_  | CK ^         |           |       |   0.046 |    1.582 | 
     | A_reg_Y_temp_reg_5_  | CK ^ -> Q v  | DFF_X1    | 0.100 |   0.145 |    1.682 | 
     | FE_OFC45_A_i_5       | A v -> Z v   | CLKBUF_X2 | 0.141 |   0.286 |    1.822 | 
     | U500                 | B v -> ZN v  | XNOR2_X1  | 0.092 |   0.379 |    1.915 | 
     | U501                 | A v -> ZN ^  | INV_X1    | 0.038 |   0.417 |    1.953 | 
     | U265                 | A2 ^ -> ZN v | NAND2_X1  | 0.082 |   0.499 |    2.035 | 
     | U507                 | A v -> ZN ^  | INV_X1    | 0.119 |   0.617 |    2.154 | 
     | U508                 | B1 ^ -> ZN v | AOI222_X1 | 0.049 |   0.667 |    2.203 | 
     | U511                 | A v -> Z v   | XOR2_X1   | 0.070 |   0.736 |    2.272 | 
     | mul_intadd_71_U27    | A v -> CO v  | FA_X1     | 0.082 |   0.818 |    2.354 | 
     | mul_intadd_71_U26    | CI v -> CO v | FA_X1     | 0.072 |   0.891 |    2.427 | 
     | mul_intadd_71_U25    | CI v -> CO v | FA_X1     | 0.072 |   0.963 |    2.499 | 
     | mul_intadd_71_U24    | CI v -> CO v | FA_X1     | 0.072 |   1.035 |    2.571 | 
     | mul_intadd_71_U23    | CI v -> CO v | FA_X1     | 0.072 |   1.107 |    2.643 | 
     | mul_intadd_71_U22    | CI v -> CO v | FA_X1     | 0.072 |   1.179 |    2.715 | 
     | mul_intadd_71_U21    | CI v -> CO v | FA_X1     | 0.072 |   1.251 |    2.787 | 
     | mul_intadd_71_U20    | CI v -> CO v | FA_X1     | 0.072 |   1.323 |    2.859 | 
     | mul_intadd_71_U19    | CI v -> CO v | FA_X1     | 0.072 |   1.395 |    2.931 | 
     | mul_intadd_71_U18    | CI v -> CO v | FA_X1     | 0.073 |   1.468 |    3.004 | 
     | mul_intadd_71_U17    | CI v -> CO v | FA_X1     | 0.073 |   1.540 |    3.076 | 
     | mul_intadd_71_U16    | CI v -> CO v | FA_X1     | 0.072 |   1.612 |    3.148 | 
     | mul_intadd_71_U15    | CI v -> CO v | FA_X1     | 0.072 |   1.684 |    3.220 | 
     | mul_intadd_71_U14    | CI v -> CO v | FA_X1     | 0.073 |   1.757 |    3.293 | 
     | mul_intadd_71_U13    | CI v -> CO v | FA_X1     | 0.073 |   1.830 |    3.366 | 
     | mul_intadd_71_U12    | CI v -> CO v | FA_X1     | 0.072 |   1.902 |    3.438 | 
     | mul_intadd_71_U11    | CI v -> CO v | FA_X1     | 0.072 |   1.974 |    3.510 | 
     | mul_intadd_71_U10    | CI v -> CO v | FA_X1     | 0.073 |   2.046 |    3.582 | 
     | mul_intadd_71_U9     | CI v -> CO v | FA_X1     | 0.072 |   2.118 |    3.654 | 
     | mul_intadd_71_U8     | CI v -> CO v | FA_X1     | 0.072 |   2.191 |    3.727 | 
     | mul_intadd_71_U7     | CI v -> CO v | FA_X1     | 0.072 |   2.263 |    3.799 | 
     | mul_intadd_71_U6     | CI v -> CO v | FA_X1     | 0.072 |   2.335 |    3.871 | 
     | mul_intadd_71_U5     | CI v -> CO v | FA_X1     | 0.072 |   2.406 |    3.942 | 
     | mul_intadd_71_U4     | CI v -> CO v | FA_X1     | 0.074 |   2.480 |    4.017 | 
     | mul_intadd_71_U3     | CI v -> S v  | FA_X1     | 0.094 |   2.574 |    4.110 | 
     | mul_intadd_69_U33    | A v -> CO v  | FA_X1     | 0.079 |   2.653 |    4.189 | 
     | mul_intadd_69_U32    | CI v -> CO v | FA_X1     | 0.071 |   2.725 |    4.261 | 
     | mul_intadd_69_U31    | CI v -> CO v | FA_X1     | 0.072 |   2.796 |    4.332 | 
     | mul_intadd_69_U30    | CI v -> CO v | FA_X1     | 0.072 |   2.868 |    4.404 | 
     | mul_intadd_69_U29    | CI v -> CO v | FA_X1     | 0.072 |   2.940 |    4.476 | 
     | mul_intadd_69_U28    | CI v -> CO v | FA_X1     | 0.072 |   3.011 |    4.547 | 
     | mul_intadd_69_U27    | CI v -> CO v | FA_X1     | 0.080 |   3.091 |    4.628 | 
     | U331                 | A1 v -> ZN ^ | NAND2_X1  | 0.020 |   3.112 |    4.648 | 
     | U333                 | A2 ^ -> ZN v | NAND3_X1  | 0.032 |   3.144 |    4.680 | 
     | U621                 | A1 v -> ZN ^ | NAND2_X1  | 0.019 |   3.163 |    4.699 | 
     | U623                 | A2 ^ -> ZN v | NAND3_X1  | 0.032 |   3.195 |    4.731 | 
     | U625                 | A1 v -> ZN ^ | NAND2_X1  | 0.018 |   3.213 |    4.749 | 
     | U627                 | A2 ^ -> ZN ^ | AND3_X1   | 0.050 |   3.262 |    4.798 | 
     | U628                 | B2 ^ -> ZN v | OAI21_X1  | 0.024 |   3.287 |    4.823 | 
     | U630                 | A1 v -> ZN ^ | NAND2_X1  | 0.015 |   3.302 |    4.838 | 
     | U282                 | A1 ^ -> ZN ^ | AND2_X1   | 0.036 |   3.338 |    4.874 | 
     | U631                 | B2 ^ -> ZN v | OAI21_X1  | 0.022 |   3.360 |    4.896 | 
     | U639                 | A1 v -> ZN ^ | NAND2_X1  | 0.016 |   3.376 |    4.912 | 
     | U640                 | A1 ^ -> ZN v | NAND2_X1  | 0.020 |   3.396 |    4.933 | 
     | U643                 | A1 v -> ZN ^ | NAND2_X1  | 0.014 |   3.411 |    4.947 | 
     | U645                 | A2 ^ -> ZN ^ | AND3_X1   | 0.050 |   3.461 |    4.997 | 
     | U646                 | B2 ^ -> ZN v | OAI21_X1  | 0.023 |   3.485 |    5.021 | 
     | U648                 | A1 v -> ZN ^ | NAND2_X1  | 0.015 |   3.499 |    5.035 | 
     | U281                 | A1 ^ -> ZN ^ | AND2_X1   | 0.036 |   3.535 |    5.071 | 
     | U650                 | B2 ^ -> ZN v | OAI21_X1  | 0.022 |   3.557 |    5.093 | 
     | U651                 | A1 v -> ZN ^ | NAND2_X1  | 0.016 |   3.573 |    5.109 | 
     | U652                 | A1 ^ -> ZN v | NAND2_X1  | 0.020 |   3.594 |    5.130 | 
     | U655                 | A1 v -> ZN ^ | NAND2_X1  | 0.015 |   3.608 |    5.144 | 
     | U657                 | A2 ^ -> ZN ^ | AND3_X1   | 0.050 |   3.658 |    5.194 | 
     | U658                 | B2 ^ -> ZN v | OAI21_X1  | 0.026 |   3.684 |    5.221 | 
     | U660                 | A1 v -> ZN ^ | NAND2_X1  | 0.016 |   3.700 |    5.237 | 
     | U662                 | A2 ^ -> ZN ^ | AND3_X1   | 0.050 |   3.750 |    5.286 | 
     | U663                 | B2 ^ -> ZN v | OAI21_X1  | 0.029 |   3.779 |    5.315 | 
     | U319                 | A1 v -> ZN ^ | NAND2_X1  | 0.017 |   3.796 |    5.332 | 
     | U320                 | A1 ^ -> ZN ^ | AND2_X1   | 0.030 |   3.826 |    5.362 | 
     | U666                 | A1 ^ -> ZN v | NAND2_X1  | 0.017 |   3.843 |    5.379 | 
     | U407                 | A v -> Z v   | XOR2_X1   | 0.053 |   3.895 |    5.431 | 
     | U17                  | B2 v -> ZN ^ | AOI22_X1  | 0.049 |   3.944 |    5.480 | 
     | U18                  | A ^ -> ZN v  | INV_X1    | 0.008 |   3.952 |    5.488 | 
     | p_reg_Y_temp_reg_56_ | D v          | DFF_X1    | 0.000 |   3.952 |    5.488 | 
     +------------------------------------------------------------------------------+ 
Path 9: MET Setup Check with Pin p_reg_Y_temp_reg_55_/CK 
Endpoint:   p_reg_Y_temp_reg_55_/D (v) checked with  leading edge of 'CLK'
Beginpoint: A_reg_Y_temp_reg_5_/Q  (v) triggered by  leading edge of 'CLK'
Path Groups: {CLK}
Analysis View: default
Other End Arrival Time          0.068
- Setup                         0.025
+ Phase Shift                   5.496
+ CPPR Adjustment               0.000
- Uncertainty                   0.050
= Required Time                 5.488
- Arrival Time                  3.919
= Slack Time                    1.569
     Clock Rise Edge                 0.000
     + Clock Network Latency (Prop)  0.046
     = Beginpoint Arrival Time       0.046
     +------------------------------------------------------------------------------+ 
     |       Instance       |     Arc      |   Cell    | Delay | Arrival | Required | 
     |                      |              |           |       |  Time   |   Time   | 
     |----------------------+--------------+-----------+-------+---------+----------| 
     | A_reg_Y_temp_reg_5_  | CK ^         |           |       |   0.046 |    1.615 | 
     | A_reg_Y_temp_reg_5_  | CK ^ -> Q v  | DFF_X1    | 0.100 |   0.145 |    1.715 | 
     | FE_OFC45_A_i_5       | A v -> Z v   | CLKBUF_X2 | 0.141 |   0.286 |    1.856 | 
     | U500                 | B v -> ZN v  | XNOR2_X1  | 0.092 |   0.379 |    1.948 | 
     | U501                 | A v -> ZN ^  | INV_X1    | 0.038 |   0.417 |    1.986 | 
     | U265                 | A2 ^ -> ZN v | NAND2_X1  | 0.082 |   0.499 |    2.068 | 
     | U507                 | A v -> ZN ^  | INV_X1    | 0.119 |   0.617 |    2.187 | 
     | U508                 | B1 ^ -> ZN v | AOI222_X1 | 0.049 |   0.667 |    2.236 | 
     | U511                 | A v -> Z v   | XOR2_X1   | 0.070 |   0.736 |    2.305 | 
     | mul_intadd_71_U27    | A v -> CO v  | FA_X1     | 0.082 |   0.818 |    2.388 | 
     | mul_intadd_71_U26    | CI v -> CO v | FA_X1     | 0.072 |   0.891 |    2.460 | 
     | mul_intadd_71_U25    | CI v -> CO v | FA_X1     | 0.072 |   0.963 |    2.532 | 
     | mul_intadd_71_U24    | CI v -> CO v | FA_X1     | 0.072 |   1.035 |    2.604 | 
     | mul_intadd_71_U23    | CI v -> CO v | FA_X1     | 0.072 |   1.107 |    2.676 | 
     | mul_intadd_71_U22    | CI v -> CO v | FA_X1     | 0.072 |   1.179 |    2.748 | 
     | mul_intadd_71_U21    | CI v -> CO v | FA_X1     | 0.072 |   1.251 |    2.821 | 
     | mul_intadd_71_U20    | CI v -> CO v | FA_X1     | 0.072 |   1.323 |    2.892 | 
     | mul_intadd_71_U19    | CI v -> CO v | FA_X1     | 0.072 |   1.395 |    2.964 | 
     | mul_intadd_71_U18    | CI v -> CO v | FA_X1     | 0.073 |   1.468 |    3.037 | 
     | mul_intadd_71_U17    | CI v -> CO v | FA_X1     | 0.073 |   1.540 |    3.109 | 
     | mul_intadd_71_U16    | CI v -> CO v | FA_X1     | 0.072 |   1.612 |    3.181 | 
     | mul_intadd_71_U15    | CI v -> CO v | FA_X1     | 0.072 |   1.684 |    3.254 | 
     | mul_intadd_71_U14    | CI v -> CO v | FA_X1     | 0.073 |   1.757 |    3.327 | 
     | mul_intadd_71_U13    | CI v -> CO v | FA_X1     | 0.073 |   1.830 |    3.399 | 
     | mul_intadd_71_U12    | CI v -> CO v | FA_X1     | 0.072 |   1.902 |    3.471 | 
     | mul_intadd_71_U11    | CI v -> CO v | FA_X1     | 0.072 |   1.974 |    3.543 | 
     | mul_intadd_71_U10    | CI v -> CO v | FA_X1     | 0.073 |   2.046 |    3.616 | 
     | mul_intadd_71_U9     | CI v -> CO v | FA_X1     | 0.072 |   2.118 |    3.688 | 
     | mul_intadd_71_U8     | CI v -> CO v | FA_X1     | 0.072 |   2.191 |    3.760 | 
     | mul_intadd_71_U7     | CI v -> CO v | FA_X1     | 0.072 |   2.263 |    3.832 | 
     | mul_intadd_71_U6     | CI v -> CO v | FA_X1     | 0.072 |   2.335 |    3.904 | 
     | mul_intadd_71_U5     | CI v -> CO v | FA_X1     | 0.072 |   2.406 |    3.976 | 
     | mul_intadd_71_U4     | CI v -> CO v | FA_X1     | 0.074 |   2.480 |    4.050 | 
     | mul_intadd_71_U3     | CI v -> S v  | FA_X1     | 0.094 |   2.574 |    4.144 | 
     | mul_intadd_69_U33    | A v -> CO v  | FA_X1     | 0.079 |   2.653 |    4.222 | 
     | mul_intadd_69_U32    | CI v -> CO v | FA_X1     | 0.071 |   2.725 |    4.294 | 
     | mul_intadd_69_U31    | CI v -> CO v | FA_X1     | 0.072 |   2.796 |    4.366 | 
     | mul_intadd_69_U30    | CI v -> CO v | FA_X1     | 0.072 |   2.868 |    4.437 | 
     | mul_intadd_69_U29    | CI v -> CO v | FA_X1     | 0.072 |   2.940 |    4.509 | 
     | mul_intadd_69_U28    | CI v -> CO v | FA_X1     | 0.072 |   3.011 |    4.581 | 
     | mul_intadd_69_U27    | CI v -> CO v | FA_X1     | 0.080 |   3.091 |    4.661 | 
     | U331                 | A1 v -> ZN ^ | NAND2_X1  | 0.020 |   3.112 |    4.681 | 
     | U333                 | A2 ^ -> ZN v | NAND3_X1  | 0.032 |   3.144 |    4.713 | 
     | U621                 | A1 v -> ZN ^ | NAND2_X1  | 0.019 |   3.163 |    4.732 | 
     | U623                 | A2 ^ -> ZN v | NAND3_X1  | 0.032 |   3.195 |    4.764 | 
     | U625                 | A1 v -> ZN ^ | NAND2_X1  | 0.018 |   3.213 |    4.782 | 
     | U627                 | A2 ^ -> ZN ^ | AND3_X1   | 0.050 |   3.262 |    4.832 | 
     | U628                 | B2 ^ -> ZN v | OAI21_X1  | 0.024 |   3.287 |    4.856 | 
     | U630                 | A1 v -> ZN ^ | NAND2_X1  | 0.015 |   3.302 |    4.871 | 
     | U282                 | A1 ^ -> ZN ^ | AND2_X1   | 0.036 |   3.338 |    4.907 | 
     | U631                 | B2 ^ -> ZN v | OAI21_X1  | 0.022 |   3.360 |    4.929 | 
     | U639                 | A1 v -> ZN ^ | NAND2_X1  | 0.016 |   3.376 |    4.946 | 
     | U640                 | A1 ^ -> ZN v | NAND2_X1  | 0.020 |   3.396 |    4.966 | 
     | U643                 | A1 v -> ZN ^ | NAND2_X1  | 0.014 |   3.411 |    4.980 | 
     | U645                 | A2 ^ -> ZN ^ | AND3_X1   | 0.050 |   3.461 |    5.031 | 
     | U646                 | B2 ^ -> ZN v | OAI21_X1  | 0.023 |   3.485 |    5.054 | 
     | U648                 | A1 v -> ZN ^ | NAND2_X1  | 0.015 |   3.499 |    5.069 | 
     | U281                 | A1 ^ -> ZN ^ | AND2_X1   | 0.036 |   3.535 |    5.104 | 
     | U650                 | B2 ^ -> ZN v | OAI21_X1  | 0.022 |   3.557 |    5.127 | 
     | U651                 | A1 v -> ZN ^ | NAND2_X1  | 0.016 |   3.573 |    5.143 | 
     | U652                 | A1 ^ -> ZN v | NAND2_X1  | 0.020 |   3.594 |    5.163 | 
     | U655                 | A1 v -> ZN ^ | NAND2_X1  | 0.015 |   3.608 |    5.178 | 
     | U657                 | A2 ^ -> ZN ^ | AND3_X1   | 0.050 |   3.658 |    5.227 | 
     | U658                 | B2 ^ -> ZN v | OAI21_X1  | 0.026 |   3.684 |    5.254 | 
     | U660                 | A1 v -> ZN ^ | NAND2_X1  | 0.016 |   3.700 |    5.270 | 
     | U662                 | A2 ^ -> ZN ^ | AND3_X1   | 0.050 |   3.750 |    5.320 | 
     | U663                 | B2 ^ -> ZN v | OAI21_X1  | 0.029 |   3.779 |    5.348 | 
     | U665                 | A1 v -> ZN ^ | NAND2_X1  | 0.018 |   3.797 |    5.366 | 
     | U476                 | A1 ^ -> ZN v | NAND2_X1  | 0.014 |   3.811 |    5.380 | 
     | U418                 | A v -> Z v   | XOR2_X1   | 0.052 |   3.863 |    5.432 | 
     | U19                  | B2 v -> ZN ^ | AOI22_X1  | 0.048 |   3.911 |    5.480 | 
     | U20                  | A ^ -> ZN v  | INV_X1    | 0.008 |   3.919 |    5.488 | 
     | p_reg_Y_temp_reg_55_ | D v          | DFF_X1    | 0.000 |   3.919 |    5.488 | 
     +------------------------------------------------------------------------------+ 
Path 10: MET Setup Check with Pin p_reg_Y_temp_reg_54_/CK 
Endpoint:   p_reg_Y_temp_reg_54_/D (v) checked with  leading edge of 'CLK'
Beginpoint: A_reg_Y_temp_reg_5_/Q  (v) triggered by  leading edge of 'CLK'
Path Groups: {CLK}
Analysis View: default
Other End Arrival Time          0.068
- Setup                         0.025
+ Phase Shift                   5.496
+ CPPR Adjustment               0.000
- Uncertainty                   0.050
= Required Time                 5.488
- Arrival Time                  3.890
= Slack Time                    1.599
     Clock Rise Edge                 0.000
     + Clock Network Latency (Prop)  0.046
     = Beginpoint Arrival Time       0.046
     +------------------------------------------------------------------------------+ 
     |       Instance       |     Arc      |   Cell    | Delay | Arrival | Required | 
     |                      |              |           |       |  Time   |   Time   | 
     |----------------------+--------------+-----------+-------+---------+----------| 
     | A_reg_Y_temp_reg_5_  | CK ^         |           |       |   0.046 |    1.644 | 
     | A_reg_Y_temp_reg_5_  | CK ^ -> Q v  | DFF_X1    | 0.100 |   0.145 |    1.744 | 
     | FE_OFC45_A_i_5       | A v -> Z v   | CLKBUF_X2 | 0.141 |   0.286 |    1.885 | 
     | U500                 | B v -> ZN v  | XNOR2_X1  | 0.092 |   0.379 |    1.977 | 
     | U501                 | A v -> ZN ^  | INV_X1    | 0.038 |   0.417 |    2.015 | 
     | U265                 | A2 ^ -> ZN v | NAND2_X1  | 0.082 |   0.499 |    2.097 | 
     | U507                 | A v -> ZN ^  | INV_X1    | 0.119 |   0.617 |    2.216 | 
     | U508                 | B1 ^ -> ZN v | AOI222_X1 | 0.049 |   0.667 |    2.265 | 
     | U511                 | A v -> Z v   | XOR2_X1   | 0.070 |   0.736 |    2.335 | 
     | mul_intadd_71_U27    | A v -> CO v  | FA_X1     | 0.082 |   0.818 |    2.417 | 
     | mul_intadd_71_U26    | CI v -> CO v | FA_X1     | 0.072 |   0.891 |    2.489 | 
     | mul_intadd_71_U25    | CI v -> CO v | FA_X1     | 0.072 |   0.963 |    2.561 | 
     | mul_intadd_71_U24    | CI v -> CO v | FA_X1     | 0.072 |   1.035 |    2.634 | 
     | mul_intadd_71_U23    | CI v -> CO v | FA_X1     | 0.072 |   1.107 |    2.706 | 
     | mul_intadd_71_U22    | CI v -> CO v | FA_X1     | 0.072 |   1.179 |    2.778 | 
     | mul_intadd_71_U21    | CI v -> CO v | FA_X1     | 0.072 |   1.251 |    2.850 | 
     | mul_intadd_71_U20    | CI v -> CO v | FA_X1     | 0.072 |   1.323 |    2.921 | 
     | mul_intadd_71_U19    | CI v -> CO v | FA_X1     | 0.072 |   1.395 |    2.994 | 
     | mul_intadd_71_U18    | CI v -> CO v | FA_X1     | 0.073 |   1.468 |    3.066 | 
     | mul_intadd_71_U17    | CI v -> CO v | FA_X1     | 0.073 |   1.540 |    3.139 | 
     | mul_intadd_71_U16    | CI v -> CO v | FA_X1     | 0.072 |   1.612 |    3.211 | 
     | mul_intadd_71_U15    | CI v -> CO v | FA_X1     | 0.072 |   1.684 |    3.283 | 
     | mul_intadd_71_U14    | CI v -> CO v | FA_X1     | 0.073 |   1.757 |    3.356 | 
     | mul_intadd_71_U13    | CI v -> CO v | FA_X1     | 0.073 |   1.830 |    3.429 | 
     | mul_intadd_71_U12    | CI v -> CO v | FA_X1     | 0.072 |   1.902 |    3.501 | 
     | mul_intadd_71_U11    | CI v -> CO v | FA_X1     | 0.072 |   1.974 |    3.572 | 
     | mul_intadd_71_U10    | CI v -> CO v | FA_X1     | 0.073 |   2.046 |    3.645 | 
     | mul_intadd_71_U9     | CI v -> CO v | FA_X1     | 0.072 |   2.118 |    3.717 | 
     | mul_intadd_71_U8     | CI v -> CO v | FA_X1     | 0.072 |   2.191 |    3.789 | 
     | mul_intadd_71_U7     | CI v -> CO v | FA_X1     | 0.072 |   2.263 |    3.861 | 
     | mul_intadd_71_U6     | CI v -> CO v | FA_X1     | 0.072 |   2.335 |    3.933 | 
     | mul_intadd_71_U5     | CI v -> CO v | FA_X1     | 0.072 |   2.406 |    4.005 | 
     | mul_intadd_71_U4     | CI v -> CO v | FA_X1     | 0.074 |   2.480 |    4.079 | 
     | mul_intadd_71_U3     | CI v -> S v  | FA_X1     | 0.094 |   2.574 |    4.173 | 
     | mul_intadd_69_U33    | A v -> CO v  | FA_X1     | 0.079 |   2.653 |    4.252 | 
     | mul_intadd_69_U32    | CI v -> CO v | FA_X1     | 0.071 |   2.725 |    4.323 | 
     | mul_intadd_69_U31    | CI v -> CO v | FA_X1     | 0.072 |   2.796 |    4.395 | 
     | mul_intadd_69_U30    | CI v -> CO v | FA_X1     | 0.072 |   2.868 |    4.466 | 
     | mul_intadd_69_U29    | CI v -> CO v | FA_X1     | 0.072 |   2.940 |    4.538 | 
     | mul_intadd_69_U28    | CI v -> CO v | FA_X1     | 0.072 |   3.011 |    4.610 | 
     | mul_intadd_69_U27    | CI v -> CO v | FA_X1     | 0.080 |   3.091 |    4.690 | 
     | U331                 | A1 v -> ZN ^ | NAND2_X1  | 0.020 |   3.112 |    4.710 | 
     | U333                 | A2 ^ -> ZN v | NAND3_X1  | 0.032 |   3.144 |    4.742 | 
     | U621                 | A1 v -> ZN ^ | NAND2_X1  | 0.019 |   3.163 |    4.762 | 
     | U623                 | A2 ^ -> ZN v | NAND3_X1  | 0.032 |   3.195 |    4.793 | 
     | U625                 | A1 v -> ZN ^ | NAND2_X1  | 0.018 |   3.213 |    4.811 | 
     | U627                 | A2 ^ -> ZN ^ | AND3_X1   | 0.050 |   3.262 |    4.861 | 
     | U628                 | B2 ^ -> ZN v | OAI21_X1  | 0.024 |   3.287 |    4.885 | 
     | U630                 | A1 v -> ZN ^ | NAND2_X1  | 0.015 |   3.302 |    4.900 | 
     | U282                 | A1 ^ -> ZN ^ | AND2_X1   | 0.036 |   3.338 |    4.936 | 
     | U631                 | B2 ^ -> ZN v | OAI21_X1  | 0.022 |   3.360 |    4.959 | 
     | U639                 | A1 v -> ZN ^ | NAND2_X1  | 0.016 |   3.376 |    4.975 | 
     | U640                 | A1 ^ -> ZN v | NAND2_X1  | 0.020 |   3.396 |    4.995 | 
     | U643                 | A1 v -> ZN ^ | NAND2_X1  | 0.014 |   3.411 |    5.010 | 
     | U645                 | A2 ^ -> ZN ^ | AND3_X1   | 0.050 |   3.461 |    5.060 | 
     | U646                 | B2 ^ -> ZN v | OAI21_X1  | 0.023 |   3.485 |    5.083 | 
     | U648                 | A1 v -> ZN ^ | NAND2_X1  | 0.015 |   3.499 |    5.098 | 
     | U281                 | A1 ^ -> ZN ^ | AND2_X1   | 0.036 |   3.535 |    5.134 | 
     | U650                 | B2 ^ -> ZN v | OAI21_X1  | 0.022 |   3.557 |    5.156 | 
     | U651                 | A1 v -> ZN ^ | NAND2_X1  | 0.016 |   3.573 |    5.172 | 
     | U652                 | A1 ^ -> ZN v | NAND2_X1  | 0.020 |   3.594 |    5.192 | 
     | U655                 | A1 v -> ZN ^ | NAND2_X1  | 0.015 |   3.608 |    5.207 | 
     | U657                 | A2 ^ -> ZN ^ | AND3_X1   | 0.050 |   3.658 |    5.257 | 
     | U658                 | B2 ^ -> ZN v | OAI21_X1  | 0.026 |   3.684 |    5.283 | 
     | U660                 | A1 v -> ZN ^ | NAND2_X1  | 0.016 |   3.700 |    5.299 | 
     | U662                 | A2 ^ -> ZN ^ | AND3_X1   | 0.050 |   3.750 |    5.349 | 
     | U663                 | B2 ^ -> ZN v | OAI21_X1  | 0.029 |   3.779 |    5.378 | 
     | U408                 | A v -> Z v   | XOR2_X1   | 0.054 |   3.833 |    5.432 | 
     | U21                  | B2 v -> ZN ^ | AOI22_X1  | 0.049 |   3.882 |    5.480 | 
     | U22                  | A ^ -> ZN v  | INV_X1    | 0.008 |   3.890 |    5.488 | 
     | p_reg_Y_temp_reg_54_ | D v          | DFF_X1    | 0.000 |   3.890 |    5.488 | 
     +------------------------------------------------------------------------------+ 

