 ------------------------------------------------------------------------------------------------------------------------------------------------------- 
| Snapshot                | WNS                  | TNS                  | Density (%) | Hotspot                   | Resource               | DRVs       |
|                         | HEPG (ns) | ALL (ns) | HEPG (ns) | ALL (ns) |             | Max (bins) | Total (bins) | Real (s) | Memory (MB) | Tran | Cap |
|-------------------------+-----------+----------+-----------+----------+-------------+------------+--------------+----------+-------------+------+-----|
| initial_summary         |           |    0.289 |           |        0 |       59.77 |            |              | 0:00:03  |        4223 |   30 |  35 |
| simplify_netlist        |           |          |           |          |             |            |              | 0:00:01  |        4328 |      |     |
| drv_fixing              |           |          |           |          |             |            |              | 0:00:01  |        4328 |      |     |
| drv_fixing_2            |     0.000 |    1.408 |         0 |        0 |       60.28 |            |              | 0:00:03  |        4376 |    0 |   0 |
| global_opt              |           |    1.408 |           |        0 |       60.28 |            |              | 0:00:01  |        4376 |      |     |
| area_reclaiming         |     0.000 |    1.408 |         0 |        0 |       60.28 |            |              | 0:00:02  |        4376 |      |     |
| incremental_replacement |           |          |           |          |             |       0.00 |         0.00 | 0:00:11  |        4464 |      |     |
| area_reclaiming_2       |     1.371 |    1.371 |         0 |        0 |       60.28 |            |              | 0:00:01  |        4488 |      |     |
| drv_eco_fixing          |     1.371 |    1.371 |         0 |        0 |       60.28 |            |              | 0:00:00  |        4488 |    0 |   0 |
| final_summary           |     1.369 |    1.369 |           |        0 |       60.28 |            |              | 0:00:04  |        4488 |    0 |   0 |
 ------------------------------------------------------------------------------------------------------------------------------------------------------- 
