 
****************************************
Report : area
Design : boothmul_registered
Version: W-2024.09-SP2
Date   : Thu Aug 27 04:56:02 2026
****************************************

Library(s) Used:

    NangateOpenCellLibrary (File: /home/repository/do/libnandgate/NangateOpenCellLibrary_typical_ecsm.db)

Number of ports:                          131
Number of nets:                          4322
Number of cells:                         4072
Number of combinational cells:           3944
Number of sequential cells:               128
Number of macros/black boxes:               0
Number of buf/inv:                        527
Number of references:                      35

Combinational area:               5262.011981
Buf/Inv area:                      289.408002
Noncombinational area:             586.263980
Macro/Black Box area:                0.000000
Net Interconnect area:      undefined  (Wire load has zero net area)

Total cell area:                  5848.275961
Total area:                 undefined
1
