###############################################################
#  Generated by:      Cadence Innovus 23.35-s106_1
#  OS:                Linux x86_64(Host ID microsys.openstack.polito)
#  Generated on:      Sat Oct 10 21:28:19 2026
#  Design:            boothmul_registered
#  Command:           report_timing -max_paths 10 > reports/10_setup_paths.rpt
###############################################################
Path 1: MET Setup Check with Pin p_reg_Y_temp_reg_44_/CK 
Endpoint:   p_reg_Y_temp_reg_44_/D  (v) checked with  leading edge of 'CLK'
Beginpoint: B_reg_Y_temp_reg_15_/QN (^) triggered by  leading edge of 'CLK'
Path Groups: {CLK}
Analysis View: default
Other End Arrival Time          0.068
- Setup                         0.025
+ Phase Shift                   2.187
+ CPPR Adjustment               0.000
- Uncertainty                   0.050
= Required Time                 2.180
- Arrival Time                  2.082
= Slack Time                    0.098
     Clock Rise Edge                 0.000
     + Clock Network Latency (Prop)  0.051
     = Beginpoint Arrival Time       0.051
     +------------------------------------------------------------------------------+ 
     |       Instance       |     Arc      |   Cell    | Delay | Arrival | Required | 
     |                      |              |           |       |  Time   |   Time   | 
     |----------------------+--------------+-----------+-------+---------+----------| 
     | B_reg_Y_temp_reg_15_ | CK ^         |           |       |   0.051 |    0.148 | 
     | B_reg_Y_temp_reg_15_ | CK ^ -> QN ^ | DFF_X1    | 0.088 |   0.139 |    0.237 | 
     | U4058                | A1 ^ -> ZN ^ | OR2_X1    | 0.045 |   0.183 |    0.281 | 
     | U5190                | A1 ^ -> ZN ^ | AND2_X1   | 0.132 |   0.315 |    0.413 | 
     | U5191                | B ^ -> ZN ^  | XNOR2_X1  | 0.064 |   0.379 |    0.477 | 
     | U4444                | A ^ -> ZN ^  | XNOR2_X1  | 0.068 |   0.447 |    0.545 | 
     | FE_OFC1_n4221        | A ^ -> Z ^   | CLKBUF_X1 | 0.148 |   0.595 |    0.693 | 
     | U5674                | A ^ -> ZN ^  | XNOR2_X1  | 0.065 |   0.660 |    0.758 | 
     | FE_OFC18_n5083       | A ^ -> Z ^   | BUF_X2    | 0.086 |   0.746 |    0.844 | 
     | U5734                | B ^ -> ZN v  | XNOR2_X1  | 0.062 |   0.808 |    0.906 | 
     | U5097                | B v -> ZN v  | XNOR2_X1  | 0.048 |   0.856 |    0.954 | 
     | FE_OFC17_n6286       | A v -> Z v   | CLKBUF_X1 | 0.142 |   0.998 |    1.096 | 
     | U6956                | A v -> ZN v  | XNOR2_X1  | 0.076 |   1.074 |    1.172 | 
     | U6957                | B v -> ZN v  | XNOR2_X1  | 0.049 |   1.123 |    1.221 | 
     | U6959                | A v -> ZN v  | XNOR2_X1  | 0.051 |   1.175 |    1.273 | 
     | U4818                | A2 v -> ZN v | OR2_X1    | 0.057 |   1.231 |    1.329 | 
     | U4581                | A v -> ZN ^  | OAI21_X1  | 0.025 |   1.256 |    1.354 | 
     | U4952                | B2 ^ -> ZN v | OAI21_X1  | 0.020 |   1.276 |    1.373 | 
     | U4231                | A1 v -> ZN v | AND2_X1   | 0.041 |   1.316 |    1.414 | 
     | U4366                | B v -> S ^   | FA_X1     | 0.129 |   1.445 |    1.543 | 
     | U4219                | B ^ -> ZN ^  | XNOR2_X1  | 0.043 |   1.489 |    1.586 | 
     | U8125                | A1 ^ -> ZN ^ | OR2_X1    | 0.027 |   1.516 |    1.613 | 
     | U8126                | A2 ^ -> ZN v | NAND2_X1  | 0.022 |   1.538 |    1.635 | 
     | U4207                | A2 v -> ZN v | OR2_X1    | 0.055 |   1.593 |    1.691 | 
     | U8128                | A1 v -> ZN ^ | NAND2_X1  | 0.019 |   1.612 |    1.709 | 
     | U8132                | A1 ^ -> ZN v | NAND2_X1  | 0.015 |   1.627 |    1.725 | 
     | U4909                | A1 v -> ZN v | AND2_X1   | 0.030 |   1.657 |    1.755 | 
     | U4904                | A1 v -> ZN ^ | NAND2_X1  | 0.016 |   1.673 |    1.770 | 
     | U4932                | B2 ^ -> ZN v | AOI21_X1  | 0.015 |   1.687 |    1.785 | 
     | U4081                | A1 v -> ZN v | OR3_X1    | 0.064 |   1.751 |    1.849 | 
     | U4080                | A1 v -> ZN v | OR2_X2    | 0.044 |   1.795 |    1.893 | 
     | U4509                | B1 v -> ZN ^ | OAI21_X1  | 0.064 |   1.860 |    1.957 | 
     | U8395                | A1 ^ -> ZN v | NAND2_X1  | 0.030 |   1.890 |    1.988 | 
     | U4510                | A1 v -> ZN v | AND2_X1   | 0.044 |   1.934 |    2.032 | 
     | U4519                | A1 v -> ZN v | OR2_X1    | 0.054 |   1.989 |    2.086 | 
     | U4613                | A2 v -> ZN v | OR2_X1    | 0.052 |   2.040 |    2.138 | 
     | U4738                | A4 v -> ZN ^ | NAND4_X1  | 0.025 |   2.065 |    2.163 | 
     | U4998                | A1 ^ -> ZN v | NAND2_X1  | 0.016 |   2.082 |    2.180 | 
     | p_reg_Y_temp_reg_44_ | D v          | DFFS_X1   | 0.000 |   2.082 |    2.180 | 
     +------------------------------------------------------------------------------+ 
Path 2: MET Setup Check with Pin p_reg_Y_temp_reg_42_/CK 
Endpoint:   p_reg_Y_temp_reg_42_/D  (^) checked with  leading edge of 'CLK'
Beginpoint: B_reg_Y_temp_reg_15_/QN (^) triggered by  leading edge of 'CLK'
Path Groups: {CLK}
Analysis View: default
Other End Arrival Time          0.070
- Setup                         0.025
+ Phase Shift                   2.187
+ CPPR Adjustment               0.000
- Uncertainty                   0.050
= Required Time                 2.182
- Arrival Time                  2.078
= Slack Time                    0.104
     Clock Rise Edge                 0.000
     + Clock Network Latency (Prop)  0.051
     = Beginpoint Arrival Time       0.051
     +------------------------------------------------------------------------------+ 
     |       Instance       |     Arc      |   Cell    | Delay | Arrival | Required | 
     |                      |              |           |       |  Time   |   Time   | 
     |----------------------+--------------+-----------+-------+---------+----------| 
     | B_reg_Y_temp_reg_15_ | CK ^         |           |       |   0.051 |    0.154 | 
     | B_reg_Y_temp_reg_15_ | CK ^ -> QN ^ | DFF_X1    | 0.088 |   0.139 |    0.243 | 
     | U4058                | A1 ^ -> ZN ^ | OR2_X1    | 0.045 |   0.183 |    0.287 | 
     | U5190                | A1 ^ -> ZN ^ | AND2_X1   | 0.132 |   0.315 |    0.419 | 
     | U5191                | B ^ -> ZN ^  | XNOR2_X1  | 0.064 |   0.379 |    0.483 | 
     | U4444                | A ^ -> ZN ^  | XNOR2_X1  | 0.068 |   0.447 |    0.551 | 
     | FE_OFC1_n4221        | A ^ -> Z ^   | CLKBUF_X1 | 0.148 |   0.595 |    0.699 | 
     | U5674                | A ^ -> ZN ^  | XNOR2_X1  | 0.065 |   0.660 |    0.764 | 
     | FE_OFC18_n5083       | A ^ -> Z ^   | BUF_X2    | 0.086 |   0.746 |    0.850 | 
     | U5734                | B ^ -> ZN v  | XNOR2_X1  | 0.062 |   0.808 |    0.912 | 
     | U5097                | B v -> ZN v  | XNOR2_X1  | 0.048 |   0.856 |    0.960 | 
     | FE_OFC17_n6286       | A v -> Z v   | CLKBUF_X1 | 0.142 |   0.998 |    1.102 | 
     | U6956                | A v -> ZN v  | XNOR2_X1  | 0.076 |   1.074 |    1.178 | 
     | U6957                | B v -> ZN v  | XNOR2_X1  | 0.049 |   1.123 |    1.227 | 
     | U6959                | A v -> ZN v  | XNOR2_X1  | 0.051 |   1.175 |    1.279 | 
     | U4818                | A2 v -> ZN v | OR2_X1    | 0.057 |   1.231 |    1.335 | 
     | U4581                | A v -> ZN ^  | OAI21_X1  | 0.025 |   1.256 |    1.360 | 
     | U4952                | B2 ^ -> ZN v | OAI21_X1  | 0.020 |   1.276 |    1.379 | 
     | U4231                | A1 v -> ZN v | AND2_X1   | 0.041 |   1.316 |    1.420 | 
     | U4366                | B v -> S ^   | FA_X1     | 0.129 |   1.445 |    1.549 | 
     | U4219                | B ^ -> ZN ^  | XNOR2_X1  | 0.043 |   1.489 |    1.593 | 
     | U8125                | A1 ^ -> ZN ^ | OR2_X1    | 0.027 |   1.516 |    1.619 | 
     | U8126                | A2 ^ -> ZN v | NAND2_X1  | 0.022 |   1.538 |    1.641 | 
     | U4207                | A2 v -> ZN v | OR2_X1    | 0.055 |   1.593 |    1.697 | 
     | U8128                | A1 v -> ZN ^ | NAND2_X1  | 0.019 |   1.612 |    1.716 | 
     | U8132                | A1 ^ -> ZN v | NAND2_X1  | 0.015 |   1.627 |    1.731 | 
     | U4909                | A1 v -> ZN v | AND2_X1   | 0.030 |   1.657 |    1.761 | 
     | U4904                | A1 v -> ZN ^ | NAND2_X1  | 0.016 |   1.673 |    1.776 | 
     | U4932                | B2 ^ -> ZN v | AOI21_X1  | 0.015 |   1.687 |    1.791 | 
     | U4081                | A1 v -> ZN v | OR3_X1    | 0.064 |   1.751 |    1.855 | 
     | U4080                | A1 v -> ZN v | OR2_X2    | 0.044 |   1.795 |    1.899 | 
     | U4509                | B1 v -> ZN ^ | OAI21_X1  | 0.064 |   1.860 |    1.963 | 
     | U5007                | A1 ^ -> ZN v | NAND2_X1  | 0.035 |   1.895 |    1.999 | 
     | U4719                | A2 v -> ZN v | AND2_X1   | 0.036 |   1.931 |    2.035 | 
     | U4187                | A3 v -> ZN v | OR3_X1    | 0.079 |   2.010 |    2.114 | 
     | U9749                | B2 v -> ZN ^ | AOI21_X1  | 0.038 |   2.048 |    2.152 | 
     | U9748                | A2 ^ -> ZN ^ | OR2_X1    | 0.030 |   2.078 |    2.182 | 
     | p_reg_Y_temp_reg_42_ | D ^          | DFFS_X1   | 0.000 |   2.078 |    2.182 | 
     +------------------------------------------------------------------------------+ 
Path 3: MET Setup Check with Pin p_reg_Y_temp_reg_49_/CK 
Endpoint:   p_reg_Y_temp_reg_49_/D  (^) checked with  leading edge of 'CLK'
Beginpoint: B_reg_Y_temp_reg_15_/QN (^) triggered by  leading edge of 'CLK'
Path Groups: {CLK}
Analysis View: default
Other End Arrival Time          0.067
- Setup                         0.027
+ Phase Shift                   2.187
+ CPPR Adjustment               0.000
- Uncertainty                   0.050
= Required Time                 2.177
- Arrival Time                  2.070
= Slack Time                    0.107
     Clock Rise Edge                 0.000
     + Clock Network Latency (Prop)  0.051
     = Beginpoint Arrival Time       0.051
     +------------------------------------------------------------------------------+ 
     |       Instance       |     Arc      |   Cell    | Delay | Arrival | Required | 
     |                      |              |           |       |  Time   |   Time   | 
     |----------------------+--------------+-----------+-------+---------+----------| 
     | B_reg_Y_temp_reg_15_ | CK ^         |           |       |   0.051 |    0.158 | 
     | B_reg_Y_temp_reg_15_ | CK ^ -> QN ^ | DFF_X1    | 0.088 |   0.139 |    0.246 | 
     | U4058                | A1 ^ -> ZN ^ | OR2_X1    | 0.045 |   0.183 |    0.291 | 
     | U5190                | A1 ^ -> ZN ^ | AND2_X1   | 0.132 |   0.315 |    0.422 | 
     | U5191                | B ^ -> ZN ^  | XNOR2_X1  | 0.064 |   0.379 |    0.486 | 
     | U4444                | A ^ -> ZN ^  | XNOR2_X1  | 0.068 |   0.447 |    0.554 | 
     | FE_OFC1_n4221        | A ^ -> Z ^   | CLKBUF_X1 | 0.148 |   0.595 |    0.702 | 
     | U5674                | A ^ -> ZN ^  | XNOR2_X1  | 0.065 |   0.660 |    0.767 | 
     | FE_OFC18_n5083       | A ^ -> Z ^   | BUF_X2    | 0.086 |   0.746 |    0.853 | 
     | U5734                | B ^ -> ZN v  | XNOR2_X1  | 0.062 |   0.808 |    0.915 | 
     | U5097                | B v -> ZN v  | XNOR2_X1  | 0.048 |   0.856 |    0.963 | 
     | FE_OFC17_n6286       | A v -> Z v   | CLKBUF_X1 | 0.142 |   0.998 |    1.105 | 
     | U6956                | A v -> ZN v  | XNOR2_X1  | 0.076 |   1.074 |    1.181 | 
     | U6957                | B v -> ZN v  | XNOR2_X1  | 0.049 |   1.123 |    1.230 | 
     | U6959                | A v -> ZN v  | XNOR2_X1  | 0.051 |   1.175 |    1.282 | 
     | U4818                | A2 v -> ZN v | OR2_X1    | 0.057 |   1.231 |    1.338 | 
     | U4581                | A v -> ZN ^  | OAI21_X1  | 0.025 |   1.256 |    1.363 | 
     | U4952                | B2 ^ -> ZN v | OAI21_X1  | 0.020 |   1.276 |    1.383 | 
     | U4231                | A1 v -> ZN v | AND2_X1   | 0.041 |   1.316 |    1.423 | 
     | U4366                | B v -> S ^   | FA_X1     | 0.129 |   1.445 |    1.552 | 
     | U4219                | B ^ -> ZN ^  | XNOR2_X1  | 0.043 |   1.489 |    1.596 | 
     | U8125                | A1 ^ -> ZN ^ | OR2_X1    | 0.027 |   1.516 |    1.623 | 
     | U8126                | A2 ^ -> ZN v | NAND2_X1  | 0.022 |   1.538 |    1.645 | 
     | U4207                | A2 v -> ZN v | OR2_X1    | 0.055 |   1.593 |    1.700 | 
     | U8128                | A1 v -> ZN ^ | NAND2_X1  | 0.019 |   1.612 |    1.719 | 
     | U8132                | A1 ^ -> ZN v | NAND2_X1  | 0.015 |   1.627 |    1.734 | 
     | U4909                | A1 v -> ZN v | AND2_X1   | 0.030 |   1.657 |    1.764 | 
     | U4904                | A1 v -> ZN ^ | NAND2_X1  | 0.016 |   1.673 |    1.780 | 
     | U4932                | B2 ^ -> ZN v | AOI21_X1  | 0.015 |   1.687 |    1.794 | 
     | U4081                | A1 v -> ZN v | OR3_X1    | 0.064 |   1.751 |    1.858 | 
     | U4080                | A1 v -> ZN v | OR2_X2    | 0.044 |   1.795 |    1.902 | 
     | U4509                | B1 v -> ZN ^ | OAI21_X1  | 0.064 |   1.860 |    1.967 | 
     | U8395                | A1 ^ -> ZN v | NAND2_X1  | 0.030 |   1.890 |    1.997 | 
     | U4510                | A1 v -> ZN v | AND2_X1   | 0.044 |   1.934 |    2.041 | 
     | U5024                | A v -> ZN ^  | INV_X1    | 0.014 |   1.948 |    2.055 | 
     | U4082                | B1 ^ -> ZN v | AOI21_X1  | 0.030 |   1.978 |    2.085 | 
     | U9245                | A1 v -> ZN v | AND2_X1   | 0.036 |   2.015 |    2.122 | 
     | U5030                | A1 v -> ZN v | AND2_X1   | 0.027 |   2.041 |    2.149 | 
     | U5114                | B2 v -> ZN ^ | OAI21_X1  | 0.028 |   2.070 |    2.177 | 
     | p_reg_Y_temp_reg_49_ | D ^          | DFFS_X1   | 0.000 |   2.070 |    2.177 | 
     +------------------------------------------------------------------------------+ 
Path 4: MET Setup Check with Pin p_reg_Y_temp_reg_51_/CK 
Endpoint:   p_reg_Y_temp_reg_51_/D  (v) checked with  leading edge of 'CLK'
Beginpoint: B_reg_Y_temp_reg_15_/QN (^) triggered by  leading edge of 'CLK'
Path Groups: {CLK}
Analysis View: default
Other End Arrival Time          0.069
- Setup                         0.026
+ Phase Shift                   2.187
+ CPPR Adjustment               0.000
- Uncertainty                   0.050
= Required Time                 2.180
- Arrival Time                  2.073
= Slack Time                    0.107
     Clock Rise Edge                 0.000
     + Clock Network Latency (Prop)  0.051
     = Beginpoint Arrival Time       0.051
     +------------------------------------------------------------------------------+ 
     |       Instance       |     Arc      |   Cell    | Delay | Arrival | Required | 
     |                      |              |           |       |  Time   |   Time   | 
     |----------------------+--------------+-----------+-------+---------+----------| 
     | B_reg_Y_temp_reg_15_ | CK ^         |           |       |   0.051 |    0.158 | 
     | B_reg_Y_temp_reg_15_ | CK ^ -> QN ^ | DFF_X1    | 0.088 |   0.139 |    0.246 | 
     | U4058                | A1 ^ -> ZN ^ | OR2_X1    | 0.045 |   0.183 |    0.291 | 
     | U5190                | A1 ^ -> ZN ^ | AND2_X1   | 0.132 |   0.315 |    0.422 | 
     | U5191                | B ^ -> ZN ^  | XNOR2_X1  | 0.064 |   0.379 |    0.486 | 
     | U4444                | A ^ -> ZN ^  | XNOR2_X1  | 0.068 |   0.447 |    0.554 | 
     | FE_OFC1_n4221        | A ^ -> Z ^   | CLKBUF_X1 | 0.148 |   0.595 |    0.702 | 
     | U5674                | A ^ -> ZN ^  | XNOR2_X1  | 0.065 |   0.660 |    0.767 | 
     | FE_OFC18_n5083       | A ^ -> Z ^   | BUF_X2    | 0.086 |   0.746 |    0.853 | 
     | U5734                | B ^ -> ZN v  | XNOR2_X1  | 0.062 |   0.808 |    0.915 | 
     | U5097                | B v -> ZN v  | XNOR2_X1  | 0.048 |   0.856 |    0.963 | 
     | FE_OFC17_n6286       | A v -> Z v   | CLKBUF_X1 | 0.142 |   0.998 |    1.105 | 
     | U6956                | A v -> ZN v  | XNOR2_X1  | 0.076 |   1.074 |    1.181 | 
     | U6957                | B v -> ZN v  | XNOR2_X1  | 0.049 |   1.123 |    1.230 | 
     | U6959                | A v -> ZN v  | XNOR2_X1  | 0.051 |   1.175 |    1.282 | 
     | U4818                | A2 v -> ZN v | OR2_X1    | 0.057 |   1.231 |    1.339 | 
     | U4581                | A v -> ZN ^  | OAI21_X1  | 0.025 |   1.256 |    1.363 | 
     | U4952                | B2 ^ -> ZN v | OAI21_X1  | 0.020 |   1.276 |    1.383 | 
     | U4231                | A1 v -> ZN v | AND2_X1   | 0.041 |   1.316 |    1.424 | 
     | U4366                | B v -> S ^   | FA_X1     | 0.129 |   1.445 |    1.553 | 
     | U4219                | B ^ -> ZN ^  | XNOR2_X1  | 0.043 |   1.489 |    1.596 | 
     | U8125                | A1 ^ -> ZN ^ | OR2_X1    | 0.027 |   1.516 |    1.623 | 
     | U8126                | A2 ^ -> ZN v | NAND2_X1  | 0.022 |   1.538 |    1.645 | 
     | U4207                | A2 v -> ZN v | OR2_X1    | 0.055 |   1.593 |    1.700 | 
     | U8128                | A1 v -> ZN ^ | NAND2_X1  | 0.019 |   1.612 |    1.719 | 
     | U8132                | A1 ^ -> ZN v | NAND2_X1  | 0.015 |   1.627 |    1.734 | 
     | U4909                | A1 v -> ZN v | AND2_X1   | 0.030 |   1.657 |    1.764 | 
     | U4904                | A1 v -> ZN ^ | NAND2_X1  | 0.016 |   1.673 |    1.780 | 
     | U4932                | B2 ^ -> ZN v | AOI21_X1  | 0.015 |   1.687 |    1.795 | 
     | U4081                | A1 v -> ZN v | OR3_X1    | 0.064 |   1.751 |    1.858 | 
     | U4080                | A1 v -> ZN v | OR2_X2    | 0.044 |   1.795 |    1.903 | 
     | U4509                | B1 v -> ZN ^ | OAI21_X1  | 0.064 |   1.860 |    1.967 | 
     | U8395                | A1 ^ -> ZN v | NAND2_X1  | 0.030 |   1.890 |    1.997 | 
     | U4510                | A1 v -> ZN v | AND2_X1   | 0.044 |   1.934 |    2.041 | 
     | U5024                | A v -> ZN ^  | INV_X1    | 0.014 |   1.948 |    2.055 | 
     | U4082                | B1 ^ -> ZN v | AOI21_X1  | 0.030 |   1.978 |    2.086 | 
     | U5002                | A2 v -> ZN v | OR2_X1    | 0.055 |   2.033 |    2.141 | 
     | U4052                | A2 v -> ZN ^ | NAND4_X1  | 0.023 |   2.056 |    2.163 | 
     | U4051                | A1 ^ -> ZN v | NAND2_X1  | 0.016 |   2.073 |    2.180 | 
     | p_reg_Y_temp_reg_51_ | D v          | DFF_X1    | 0.000 |   2.073 |    2.180 | 
     +------------------------------------------------------------------------------+ 
Path 5: MET Setup Check with Pin p_reg_Y_temp_reg_52_/CK 
Endpoint:   p_reg_Y_temp_reg_52_/D  (v) checked with  leading edge of 'CLK'
Beginpoint: B_reg_Y_temp_reg_15_/QN (^) triggered by  leading edge of 'CLK'
Path Groups: {CLK}
Analysis View: default
Other End Arrival Time          0.069
- Setup                         0.029
+ Phase Shift                   2.187
+ CPPR Adjustment               0.000
- Uncertainty                   0.050
= Required Time                 2.178
- Arrival Time                  2.068
= Slack Time                    0.110
     Clock Rise Edge                 0.000
     + Clock Network Latency (Prop)  0.051
     = Beginpoint Arrival Time       0.051
     +------------------------------------------------------------------------------+ 
     |       Instance       |     Arc      |   Cell    | Delay | Arrival | Required | 
     |                      |              |           |       |  Time   |   Time   | 
     |----------------------+--------------+-----------+-------+---------+----------| 
     | B_reg_Y_temp_reg_15_ | CK ^         |           |       |   0.051 |    0.160 | 
     | B_reg_Y_temp_reg_15_ | CK ^ -> QN ^ | DFF_X1    | 0.088 |   0.139 |    0.249 | 
     | U4058                | A1 ^ -> ZN ^ | OR2_X1    | 0.045 |   0.183 |    0.293 | 
     | U5190                | A1 ^ -> ZN ^ | AND2_X1   | 0.132 |   0.315 |    0.425 | 
     | U5191                | B ^ -> ZN ^  | XNOR2_X1  | 0.064 |   0.379 |    0.489 | 
     | U4444                | A ^ -> ZN ^  | XNOR2_X1  | 0.068 |   0.447 |    0.557 | 
     | FE_OFC1_n4221        | A ^ -> Z ^   | CLKBUF_X1 | 0.148 |   0.595 |    0.705 | 
     | U5674                | A ^ -> ZN ^  | XNOR2_X1  | 0.065 |   0.660 |    0.770 | 
     | FE_OFC18_n5083       | A ^ -> Z ^   | BUF_X2    | 0.086 |   0.746 |    0.856 | 
     | U5734                | B ^ -> ZN v  | XNOR2_X1  | 0.062 |   0.808 |    0.917 | 
     | U5097                | B v -> ZN v  | XNOR2_X1  | 0.048 |   0.856 |    0.966 | 
     | FE_OFC17_n6286       | A v -> Z v   | CLKBUF_X1 | 0.142 |   0.998 |    1.108 | 
     | U6956                | A v -> ZN v  | XNOR2_X1  | 0.076 |   1.074 |    1.184 | 
     | U6957                | B v -> ZN v  | XNOR2_X1  | 0.049 |   1.123 |    1.233 | 
     | U6959                | A v -> ZN v  | XNOR2_X1  | 0.051 |   1.175 |    1.284 | 
     | U4818                | A2 v -> ZN v | OR2_X1    | 0.057 |   1.231 |    1.341 | 
     | U4581                | A v -> ZN ^  | OAI21_X1  | 0.025 |   1.256 |    1.366 | 
     | U4952                | B2 ^ -> ZN v | OAI21_X1  | 0.020 |   1.276 |    1.385 | 
     | U4231                | A1 v -> ZN v | AND2_X1   | 0.041 |   1.316 |    1.426 | 
     | U4366                | B v -> S ^   | FA_X1     | 0.129 |   1.445 |    1.555 | 
     | U4219                | B ^ -> ZN ^  | XNOR2_X1  | 0.043 |   1.489 |    1.598 | 
     | U8125                | A1 ^ -> ZN ^ | OR2_X1    | 0.027 |   1.516 |    1.625 | 
     | U8126                | A2 ^ -> ZN v | NAND2_X1  | 0.022 |   1.538 |    1.647 | 
     | U4207                | A2 v -> ZN v | OR2_X1    | 0.055 |   1.593 |    1.702 | 
     | U8128                | A1 v -> ZN ^ | NAND2_X1  | 0.019 |   1.612 |    1.721 | 
     | U8132                | A1 ^ -> ZN v | NAND2_X1  | 0.015 |   1.627 |    1.737 | 
     | U4909                | A1 v -> ZN v | AND2_X1   | 0.030 |   1.657 |    1.767 | 
     | U4904                | A1 v -> ZN ^ | NAND2_X1  | 0.016 |   1.673 |    1.782 | 
     | U4932                | B2 ^ -> ZN v | AOI21_X1  | 0.015 |   1.687 |    1.797 | 
     | U4081                | A1 v -> ZN v | OR3_X1    | 0.064 |   1.751 |    1.861 | 
     | U4080                | A1 v -> ZN v | OR2_X2    | 0.044 |   1.795 |    1.905 | 
     | U4509                | B1 v -> ZN ^ | OAI21_X1  | 0.064 |   1.860 |    1.969 | 
     | U8395                | A1 ^ -> ZN v | NAND2_X1  | 0.030 |   1.890 |    2.000 | 
     | U4510                | A1 v -> ZN v | AND2_X1   | 0.044 |   1.934 |    2.044 | 
     | U4384                | A2 v -> ZN v | OR2_X1    | 0.055 |   1.989 |    2.098 | 
     | U4387                | A1 v -> ZN ^ | NAND2_X1  | 0.018 |   2.007 |    2.116 | 
     | U9523                | B ^ -> ZN ^  | XNOR2_X1  | 0.042 |   2.048 |    2.158 | 
     | U5032                | B2 ^ -> ZN v | OAI21_X1  | 0.020 |   2.068 |    2.178 | 
     | p_reg_Y_temp_reg_52_ | D v          | DFF_X1    | 0.000 |   2.068 |    2.178 | 
     +------------------------------------------------------------------------------+ 
Path 6: MET Setup Check with Pin p_reg_Y_temp_reg_54_/CK 
Endpoint:   p_reg_Y_temp_reg_54_/D  (v) checked with  leading edge of 'CLK'
Beginpoint: B_reg_Y_temp_reg_15_/QN (^) triggered by  leading edge of 'CLK'
Path Groups: {CLK}
Analysis View: default
Other End Arrival Time          0.067
- Setup                         0.028
+ Phase Shift                   2.187
+ CPPR Adjustment               0.000
- Uncertainty                   0.050
= Required Time                 2.175
- Arrival Time                  2.064
= Slack Time                    0.111
     Clock Rise Edge                 0.000
     + Clock Network Latency (Prop)  0.051
     = Beginpoint Arrival Time       0.051
     +------------------------------------------------------------------------------+ 
     |       Instance       |     Arc      |   Cell    | Delay | Arrival | Required | 
     |                      |              |           |       |  Time   |   Time   | 
     |----------------------+--------------+-----------+-------+---------+----------| 
     | B_reg_Y_temp_reg_15_ | CK ^         |           |       |   0.051 |    0.162 | 
     | B_reg_Y_temp_reg_15_ | CK ^ -> QN ^ | DFF_X1    | 0.088 |   0.139 |    0.250 | 
     | U4058                | A1 ^ -> ZN ^ | OR2_X1    | 0.045 |   0.183 |    0.295 | 
     | U5190                | A1 ^ -> ZN ^ | AND2_X1   | 0.132 |   0.315 |    0.427 | 
     | U5191                | B ^ -> ZN ^  | XNOR2_X1  | 0.064 |   0.379 |    0.490 | 
     | U4444                | A ^ -> ZN ^  | XNOR2_X1  | 0.068 |   0.447 |    0.558 | 
     | FE_OFC1_n4221        | A ^ -> Z ^   | CLKBUF_X1 | 0.148 |   0.595 |    0.707 | 
     | U5674                | A ^ -> ZN ^  | XNOR2_X1  | 0.065 |   0.660 |    0.771 | 
     | FE_OFC18_n5083       | A ^ -> Z ^   | BUF_X2    | 0.086 |   0.746 |    0.857 | 
     | U5734                | B ^ -> ZN v  | XNOR2_X1  | 0.062 |   0.808 |    0.919 | 
     | U5097                | B v -> ZN v  | XNOR2_X1  | 0.048 |   0.856 |    0.968 | 
     | FE_OFC17_n6286       | A v -> Z v   | CLKBUF_X1 | 0.142 |   0.998 |    1.110 | 
     | U6956                | A v -> ZN v  | XNOR2_X1  | 0.076 |   1.074 |    1.185 | 
     | U6957                | B v -> ZN v  | XNOR2_X1  | 0.049 |   1.123 |    1.235 | 
     | U6959                | A v -> ZN v  | XNOR2_X1  | 0.051 |   1.175 |    1.286 | 
     | U4818                | A2 v -> ZN v | OR2_X1    | 0.057 |   1.231 |    1.343 | 
     | U4581                | A v -> ZN ^  | OAI21_X1  | 0.025 |   1.256 |    1.367 | 
     | U4952                | B2 ^ -> ZN v | OAI21_X1  | 0.020 |   1.276 |    1.387 | 
     | U4231                | A1 v -> ZN v | AND2_X1   | 0.041 |   1.316 |    1.428 | 
     | U4366                | B v -> S ^   | FA_X1     | 0.129 |   1.445 |    1.557 | 
     | U4219                | B ^ -> ZN ^  | XNOR2_X1  | 0.043 |   1.489 |    1.600 | 
     | U8125                | A1 ^ -> ZN ^ | OR2_X1    | 0.027 |   1.516 |    1.627 | 
     | U8126                | A2 ^ -> ZN v | NAND2_X1  | 0.022 |   1.538 |    1.649 | 
     | U4207                | A2 v -> ZN v | OR2_X1    | 0.055 |   1.593 |    1.704 | 
     | U8128                | A1 v -> ZN ^ | NAND2_X1  | 0.019 |   1.612 |    1.723 | 
     | U8132                | A1 ^ -> ZN v | NAND2_X1  | 0.015 |   1.627 |    1.738 | 
     | U4909                | A1 v -> ZN v | AND2_X1   | 0.030 |   1.657 |    1.768 | 
     | U4904                | A1 v -> ZN ^ | NAND2_X1  | 0.016 |   1.673 |    1.784 | 
     | U4932                | B2 ^ -> ZN v | AOI21_X1  | 0.015 |   1.687 |    1.799 | 
     | U4081                | A1 v -> ZN v | OR3_X1    | 0.064 |   1.751 |    1.862 | 
     | U4080                | A1 v -> ZN v | OR2_X2    | 0.044 |   1.795 |    1.907 | 
     | U4509                | B1 v -> ZN ^ | OAI21_X1  | 0.064 |   1.860 |    1.971 | 
     | U8395                | A1 ^ -> ZN v | NAND2_X1  | 0.030 |   1.890 |    2.001 | 
     | U4510                | A1 v -> ZN v | AND2_X1   | 0.044 |   1.934 |    2.046 | 
     | U4508                | B2 v -> ZN ^ | OAI21_X1  | 0.030 |   1.964 |    2.075 | 
     | U4386                | A2 ^ -> ZN ^ | OR2_X1    | 0.041 |   2.005 |    2.116 | 
     | U9531                | A ^ -> ZN ^  | XNOR2_X1  | 0.041 |   2.046 |    2.157 | 
     | U10041               | B2 ^ -> ZN v | OAI21_X1  | 0.018 |   2.064 |    2.175 | 
     | p_reg_Y_temp_reg_54_ | D v          | DFF_X1    | 0.000 |   2.064 |    2.175 | 
     +------------------------------------------------------------------------------+ 
Path 7: MET Setup Check with Pin p_reg_Y_temp_reg_48_/CK 
Endpoint:   p_reg_Y_temp_reg_48_/D  (^) checked with  leading edge of 'CLK'
Beginpoint: B_reg_Y_temp_reg_15_/QN (^) triggered by  leading edge of 'CLK'
Path Groups: {CLK}
Analysis View: default
Other End Arrival Time          0.070
- Setup                         0.030
+ Phase Shift                   2.187
+ CPPR Adjustment               0.000
- Uncertainty                   0.050
= Required Time                 2.178
- Arrival Time                  2.063
= Slack Time                    0.115
     Clock Rise Edge                 0.000
     + Clock Network Latency (Prop)  0.051
     = Beginpoint Arrival Time       0.051
     +------------------------------------------------------------------------------+ 
     |       Instance       |     Arc      |   Cell    | Delay | Arrival | Required | 
     |                      |              |           |       |  Time   |   Time   | 
     |----------------------+--------------+-----------+-------+---------+----------| 
     | B_reg_Y_temp_reg_15_ | CK ^         |           |       |   0.051 |    0.165 | 
     | B_reg_Y_temp_reg_15_ | CK ^ -> QN ^ | DFF_X1    | 0.088 |   0.139 |    0.254 | 
     | U4058                | A1 ^ -> ZN ^ | OR2_X1    | 0.045 |   0.183 |    0.298 | 
     | U5190                | A1 ^ -> ZN ^ | AND2_X1   | 0.132 |   0.315 |    0.430 | 
     | U5191                | B ^ -> ZN ^  | XNOR2_X1  | 0.064 |   0.379 |    0.494 | 
     | U4444                | A ^ -> ZN ^  | XNOR2_X1  | 0.068 |   0.447 |    0.562 | 
     | FE_OFC1_n4221        | A ^ -> Z ^   | CLKBUF_X1 | 0.148 |   0.595 |    0.710 | 
     | U5674                | A ^ -> ZN ^  | XNOR2_X1  | 0.065 |   0.660 |    0.775 | 
     | FE_OFC18_n5083       | A ^ -> Z ^   | BUF_X2    | 0.086 |   0.746 |    0.861 | 
     | U5734                | B ^ -> ZN v  | XNOR2_X1  | 0.062 |   0.808 |    0.923 | 
     | U5097                | B v -> ZN v  | XNOR2_X1  | 0.048 |   0.856 |    0.971 | 
     | FE_OFC17_n6286       | A v -> Z v   | CLKBUF_X1 | 0.142 |   0.998 |    1.113 | 
     | U6956                | A v -> ZN v  | XNOR2_X1  | 0.076 |   1.074 |    1.189 | 
     | U6957                | B v -> ZN v  | XNOR2_X1  | 0.049 |   1.123 |    1.238 | 
     | U6959                | A v -> ZN v  | XNOR2_X1  | 0.051 |   1.175 |    1.290 | 
     | U4818                | A2 v -> ZN v | OR2_X1    | 0.057 |   1.231 |    1.346 | 
     | U4581                | A v -> ZN ^  | OAI21_X1  | 0.025 |   1.256 |    1.371 | 
     | U4952                | B2 ^ -> ZN v | OAI21_X1  | 0.020 |   1.276 |    1.390 | 
     | U4231                | A1 v -> ZN v | AND2_X1   | 0.041 |   1.316 |    1.431 | 
     | U4366                | B v -> S ^   | FA_X1     | 0.129 |   1.445 |    1.560 | 
     | U4219                | B ^ -> ZN ^  | XNOR2_X1  | 0.043 |   1.489 |    1.603 | 
     | U8125                | A1 ^ -> ZN ^ | OR2_X1    | 0.027 |   1.516 |    1.630 | 
     | U8126                | A2 ^ -> ZN v | NAND2_X1  | 0.022 |   1.538 |    1.652 | 
     | U4207                | A2 v -> ZN v | OR2_X1    | 0.055 |   1.593 |    1.708 | 
     | U8128                | A1 v -> ZN ^ | NAND2_X1  | 0.019 |   1.612 |    1.726 | 
     | U8132                | A1 ^ -> ZN v | NAND2_X1  | 0.015 |   1.627 |    1.742 | 
     | U4909                | A1 v -> ZN v | AND2_X1   | 0.030 |   1.657 |    1.772 | 
     | U4904                | A1 v -> ZN ^ | NAND2_X1  | 0.016 |   1.673 |    1.787 | 
     | U4932                | B2 ^ -> ZN v | AOI21_X1  | 0.015 |   1.687 |    1.802 | 
     | U4081                | A1 v -> ZN v | OR3_X1    | 0.064 |   1.751 |    1.866 | 
     | U4080                | A1 v -> ZN v | OR2_X2    | 0.044 |   1.795 |    1.910 | 
     | U4509                | B1 v -> ZN ^ | OAI21_X1  | 0.064 |   1.860 |    1.974 | 
     | U8395                | A1 ^ -> ZN v | NAND2_X1  | 0.030 |   1.890 |    2.005 | 
     | U4510                | A1 v -> ZN v | AND2_X1   | 0.044 |   1.934 |    2.049 | 
     | U5024                | A v -> ZN ^  | INV_X1    | 0.014 |   1.948 |    2.063 | 
     | U4082                | B1 ^ -> ZN v | AOI21_X1  | 0.030 |   1.978 |    2.093 | 
     | U9524                | A v -> ZN v  | XNOR2_X1  | 0.049 |   2.027 |    2.142 | 
     | U10040               | B2 v -> ZN ^ | OAI21_X1  | 0.036 |   2.063 |    2.178 | 
     | p_reg_Y_temp_reg_48_ | D ^          | DFF_X1    | 0.000 |   2.063 |    2.178 | 
     +------------------------------------------------------------------------------+ 
Path 8: MET Setup Check with Pin p_reg_Y_temp_reg_46_/CK 
Endpoint:   p_reg_Y_temp_reg_46_/D  (v) checked with  leading edge of 'CLK'
Beginpoint: B_reg_Y_temp_reg_15_/QN (^) triggered by  leading edge of 'CLK'
Path Groups: {CLK}
Analysis View: default
Other End Arrival Time          0.068
- Setup                         0.028
+ Phase Shift                   2.187
+ CPPR Adjustment               0.000
- Uncertainty                   0.050
= Required Time                 2.178
- Arrival Time                  2.055
= Slack Time                    0.122
     Clock Rise Edge                 0.000
     + Clock Network Latency (Prop)  0.051
     = Beginpoint Arrival Time       0.051
     +------------------------------------------------------------------------------+ 
     |       Instance       |     Arc      |   Cell    | Delay | Arrival | Required | 
     |                      |              |           |       |  Time   |   Time   | 
     |----------------------+--------------+-----------+-------+---------+----------| 
     | B_reg_Y_temp_reg_15_ | CK ^         |           |       |   0.051 |    0.173 | 
     | B_reg_Y_temp_reg_15_ | CK ^ -> QN ^ | DFF_X1    | 0.088 |   0.139 |    0.261 | 
     | U4058                | A1 ^ -> ZN ^ | OR2_X1    | 0.045 |   0.183 |    0.306 | 
     | U5190                | A1 ^ -> ZN ^ | AND2_X1   | 0.132 |   0.315 |    0.438 | 
     | U5191                | B ^ -> ZN ^  | XNOR2_X1  | 0.064 |   0.379 |    0.501 | 
     | U4444                | A ^ -> ZN ^  | XNOR2_X1  | 0.068 |   0.447 |    0.569 | 
     | FE_OFC1_n4221        | A ^ -> Z ^   | CLKBUF_X1 | 0.148 |   0.595 |    0.717 | 
     | U5674                | A ^ -> ZN ^  | XNOR2_X1  | 0.065 |   0.660 |    0.782 | 
     | FE_OFC18_n5083       | A ^ -> Z ^   | BUF_X2    | 0.086 |   0.746 |    0.868 | 
     | U5734                | B ^ -> ZN v  | XNOR2_X1  | 0.062 |   0.808 |    0.930 | 
     | U5097                | B v -> ZN v  | XNOR2_X1  | 0.048 |   0.856 |    0.978 | 
     | FE_OFC17_n6286       | A v -> Z v   | CLKBUF_X1 | 0.142 |   0.998 |    1.120 | 
     | U6956                | A v -> ZN v  | XNOR2_X1  | 0.076 |   1.074 |    1.196 | 
     | U6957                | B v -> ZN v  | XNOR2_X1  | 0.049 |   1.123 |    1.246 | 
     | U6959                | A v -> ZN v  | XNOR2_X1  | 0.051 |   1.175 |    1.297 | 
     | U4818                | A2 v -> ZN v | OR2_X1    | 0.057 |   1.231 |    1.354 | 
     | U4581                | A v -> ZN ^  | OAI21_X1  | 0.025 |   1.256 |    1.378 | 
     | U4952                | B2 ^ -> ZN v | OAI21_X1  | 0.020 |   1.276 |    1.398 | 
     | U4231                | A1 v -> ZN v | AND2_X1   | 0.041 |   1.316 |    1.439 | 
     | U4366                | B v -> S ^   | FA_X1     | 0.129 |   1.445 |    1.568 | 
     | U4219                | B ^ -> ZN ^  | XNOR2_X1  | 0.043 |   1.489 |    1.611 | 
     | U8125                | A1 ^ -> ZN ^ | OR2_X1    | 0.027 |   1.516 |    1.638 | 
     | U8126                | A2 ^ -> ZN v | NAND2_X1  | 0.022 |   1.538 |    1.660 | 
     | U4207                | A2 v -> ZN v | OR2_X1    | 0.055 |   1.593 |    1.715 | 
     | U8128                | A1 v -> ZN ^ | NAND2_X1  | 0.019 |   1.612 |    1.734 | 
     | U8132                | A1 ^ -> ZN v | NAND2_X1  | 0.015 |   1.627 |    1.749 | 
     | U4909                | A1 v -> ZN v | AND2_X1   | 0.030 |   1.657 |    1.779 | 
     | U4904                | A1 v -> ZN ^ | NAND2_X1  | 0.016 |   1.673 |    1.795 | 
     | U4932                | B2 ^ -> ZN v | AOI21_X1  | 0.015 |   1.687 |    1.810 | 
     | U4081                | A1 v -> ZN v | OR3_X1    | 0.064 |   1.751 |    1.873 | 
     | U4080                | A1 v -> ZN v | OR2_X2    | 0.044 |   1.795 |    1.918 | 
     | U4509                | B1 v -> ZN ^ | OAI21_X1  | 0.064 |   1.860 |    1.982 | 
     | U8395                | A1 ^ -> ZN v | NAND2_X1  | 0.030 |   1.890 |    2.012 | 
     | U4510                | A1 v -> ZN v | AND2_X1   | 0.044 |   1.934 |    2.056 | 
     | U5023                | A1 v -> ZN ^ | NAND2_X1  | 0.015 |   1.949 |    2.071 | 
     | U4143                | A1 ^ -> ZN ^ | AND3_X1   | 0.042 |   1.991 |    2.113 | 
     | U4186                | A ^ -> ZN ^  | XNOR2_X1  | 0.043 |   2.034 |    2.156 | 
     | U4183                | B2 ^ -> ZN v | OAI21_X1  | 0.021 |   2.055 |    2.178 | 
     | p_reg_Y_temp_reg_46_ | D v          | DFFS_X1   | 0.000 |   2.055 |    2.178 | 
     +------------------------------------------------------------------------------+ 
Path 9: MET Setup Check with Pin p_reg_Y_temp_reg_45_/CK 
Endpoint:   p_reg_Y_temp_reg_45_/D  (v) checked with  leading edge of 'CLK'
Beginpoint: B_reg_Y_temp_reg_15_/QN (^) triggered by  leading edge of 'CLK'
Path Groups: {CLK}
Analysis View: default
Other End Arrival Time          0.066
- Setup                         0.026
+ Phase Shift                   2.187
+ CPPR Adjustment               0.000
- Uncertainty                   0.050
= Required Time                 2.177
- Arrival Time                  2.053
= Slack Time                    0.124
     Clock Rise Edge                 0.000
     + Clock Network Latency (Prop)  0.051
     = Beginpoint Arrival Time       0.051
     +------------------------------------------------------------------------------+ 
     |       Instance       |     Arc      |   Cell    | Delay | Arrival | Required | 
     |                      |              |           |       |  Time   |   Time   | 
     |----------------------+--------------+-----------+-------+---------+----------| 
     | B_reg_Y_temp_reg_15_ | CK ^         |           |       |   0.051 |    0.175 | 
     | B_reg_Y_temp_reg_15_ | CK ^ -> QN ^ | DFF_X1    | 0.088 |   0.139 |    0.263 | 
     | U4058                | A1 ^ -> ZN ^ | OR2_X1    | 0.045 |   0.183 |    0.308 | 
     | U5190                | A1 ^ -> ZN ^ | AND2_X1   | 0.132 |   0.315 |    0.439 | 
     | U5191                | B ^ -> ZN ^  | XNOR2_X1  | 0.064 |   0.379 |    0.503 | 
     | U4444                | A ^ -> ZN ^  | XNOR2_X1  | 0.068 |   0.447 |    0.571 | 
     | FE_OFC1_n4221        | A ^ -> Z ^   | CLKBUF_X1 | 0.148 |   0.595 |    0.719 | 
     | U5674                | A ^ -> ZN ^  | XNOR2_X1  | 0.065 |   0.660 |    0.784 | 
     | FE_OFC18_n5083       | A ^ -> Z ^   | BUF_X2    | 0.086 |   0.746 |    0.870 | 
     | U5734                | B ^ -> ZN v  | XNOR2_X1  | 0.062 |   0.808 |    0.932 | 
     | U5097                | B v -> ZN v  | XNOR2_X1  | 0.048 |   0.856 |    0.980 | 
     | FE_OFC17_n6286       | A v -> Z v   | CLKBUF_X1 | 0.142 |   0.998 |    1.122 | 
     | U6956                | A v -> ZN v  | XNOR2_X1  | 0.076 |   1.074 |    1.198 | 
     | U6957                | B v -> ZN v  | XNOR2_X1  | 0.049 |   1.123 |    1.247 | 
     | U6959                | A v -> ZN v  | XNOR2_X1  | 0.051 |   1.175 |    1.299 | 
     | U4818                | A2 v -> ZN v | OR2_X1    | 0.057 |   1.231 |    1.355 | 
     | U4581                | A v -> ZN ^  | OAI21_X1  | 0.025 |   1.256 |    1.380 | 
     | U4952                | B2 ^ -> ZN v | OAI21_X1  | 0.020 |   1.276 |    1.400 | 
     | U4231                | A1 v -> ZN v | AND2_X1   | 0.041 |   1.316 |    1.440 | 
     | U4366                | B v -> S ^   | FA_X1     | 0.129 |   1.445 |    1.569 | 
     | U4219                | B ^ -> ZN ^  | XNOR2_X1  | 0.043 |   1.489 |    1.613 | 
     | U8125                | A1 ^ -> ZN ^ | OR2_X1    | 0.027 |   1.516 |    1.640 | 
     | U8126                | A2 ^ -> ZN v | NAND2_X1  | 0.022 |   1.538 |    1.662 | 
     | U4207                | A2 v -> ZN v | OR2_X1    | 0.055 |   1.593 |    1.717 | 
     | U8128                | A1 v -> ZN ^ | NAND2_X1  | 0.019 |   1.612 |    1.736 | 
     | U8132                | A1 ^ -> ZN v | NAND2_X1  | 0.015 |   1.627 |    1.751 | 
     | U4909                | A1 v -> ZN v | AND2_X1   | 0.030 |   1.657 |    1.781 | 
     | U4904                | A1 v -> ZN ^ | NAND2_X1  | 0.016 |   1.673 |    1.797 | 
     | U4932                | B2 ^ -> ZN v | AOI21_X1  | 0.015 |   1.687 |    1.811 | 
     | U4081                | A1 v -> ZN v | OR3_X1    | 0.064 |   1.751 |    1.875 | 
     | U4080                | A1 v -> ZN v | OR2_X2    | 0.044 |   1.795 |    1.919 | 
     | U4509                | B1 v -> ZN ^ | OAI21_X1  | 0.064 |   1.860 |    1.984 | 
     | U8395                | A1 ^ -> ZN v | NAND2_X1  | 0.030 |   1.890 |    2.014 | 
     | U4510                | A1 v -> ZN v | AND2_X1   | 0.044 |   1.934 |    2.058 | 
     | U4519                | A1 v -> ZN v | OR2_X1    | 0.054 |   1.989 |    2.113 | 
     | U4948                | A1 v -> ZN ^ | NAND3_X1  | 0.017 |   2.006 |    2.130 | 
     | U4874                | A2 ^ -> ZN ^ | OR2_X1    | 0.027 |   2.033 |    2.158 | 
     | U4876                | A3 ^ -> ZN v | NAND3_X1  | 0.020 |   2.053 |    2.177 | 
     | p_reg_Y_temp_reg_45_ | D v          | DFF_X1    | 0.000 |   2.053 |    2.177 | 
     +------------------------------------------------------------------------------+ 
Path 10: MET Setup Check with Pin p_reg_Y_temp_reg_55_/CK 
Endpoint:   p_reg_Y_temp_reg_55_/D  (v) checked with  leading edge of 'CLK'
Beginpoint: B_reg_Y_temp_reg_15_/QN (^) triggered by  leading edge of 'CLK'
Path Groups: {CLK}
Analysis View: default
Other End Arrival Time          0.067
- Setup                         0.027
+ Phase Shift                   2.187
+ CPPR Adjustment               0.000
- Uncertainty                   0.050
= Required Time                 2.177
- Arrival Time                  2.051
= Slack Time                    0.127
     Clock Rise Edge                 0.000
     + Clock Network Latency (Prop)  0.051
     = Beginpoint Arrival Time       0.051
     +------------------------------------------------------------------------------+ 
     |       Instance       |     Arc      |   Cell    | Delay | Arrival | Required | 
     |                      |              |           |       |  Time   |   Time   | 
     |----------------------+--------------+-----------+-------+---------+----------| 
     | B_reg_Y_temp_reg_15_ | CK ^         |           |       |   0.051 |    0.177 | 
     | B_reg_Y_temp_reg_15_ | CK ^ -> QN ^ | DFF_X1    | 0.088 |   0.139 |    0.265 | 
     | U4058                | A1 ^ -> ZN ^ | OR2_X1    | 0.045 |   0.183 |    0.310 | 
     | U5190                | A1 ^ -> ZN ^ | AND2_X1   | 0.132 |   0.315 |    0.442 | 
     | U5191                | B ^ -> ZN ^  | XNOR2_X1  | 0.064 |   0.379 |    0.506 | 
     | U4444                | A ^ -> ZN ^  | XNOR2_X1  | 0.068 |   0.447 |    0.573 | 
     | FE_OFC1_n4221        | A ^ -> Z ^   | CLKBUF_X1 | 0.148 |   0.595 |    0.722 | 
     | U5674                | A ^ -> ZN ^  | XNOR2_X1  | 0.065 |   0.660 |    0.787 | 
     | FE_OFC18_n5083       | A ^ -> Z ^   | BUF_X2    | 0.086 |   0.746 |    0.873 | 
     | U5734                | B ^ -> ZN v  | XNOR2_X1  | 0.062 |   0.808 |    0.934 | 
     | U5097                | B v -> ZN v  | XNOR2_X1  | 0.048 |   0.856 |    0.983 | 
     | FE_OFC17_n6286       | A v -> Z v   | CLKBUF_X1 | 0.142 |   0.998 |    1.125 | 
     | U6956                | A v -> ZN v  | XNOR2_X1  | 0.076 |   1.074 |    1.200 | 
     | U6957                | B v -> ZN v  | XNOR2_X1  | 0.049 |   1.123 |    1.250 | 
     | U6959                | A v -> ZN v  | XNOR2_X1  | 0.051 |   1.175 |    1.301 | 
     | U4818                | A2 v -> ZN v | OR2_X1    | 0.057 |   1.231 |    1.358 | 
     | U4581                | A v -> ZN ^  | OAI21_X1  | 0.025 |   1.256 |    1.382 | 
     | U4952                | B2 ^ -> ZN v | OAI21_X1  | 0.020 |   1.276 |    1.402 | 
     | U4231                | A1 v -> ZN v | AND2_X1   | 0.041 |   1.316 |    1.443 | 
     | U4366                | B v -> S ^   | FA_X1     | 0.129 |   1.445 |    1.572 | 
     | U4219                | B ^ -> ZN ^  | XNOR2_X1  | 0.043 |   1.489 |    1.615 | 
     | U8125                | A1 ^ -> ZN ^ | OR2_X1    | 0.027 |   1.516 |    1.642 | 
     | U8126                | A2 ^ -> ZN v | NAND2_X1  | 0.022 |   1.538 |    1.664 | 
     | U4207                | A2 v -> ZN v | OR2_X1    | 0.055 |   1.593 |    1.719 | 
     | U8128                | A1 v -> ZN ^ | NAND2_X1  | 0.019 |   1.612 |    1.738 | 
     | U8132                | A1 ^ -> ZN v | NAND2_X1  | 0.015 |   1.627 |    1.753 | 
     | U4909                | A1 v -> ZN v | AND2_X1   | 0.030 |   1.657 |    1.783 | 
     | U4904                | A1 v -> ZN ^ | NAND2_X1  | 0.016 |   1.673 |    1.799 | 
     | U4932                | B2 ^ -> ZN v | AOI21_X1  | 0.015 |   1.687 |    1.814 | 
     | U4081                | A1 v -> ZN v | OR3_X1    | 0.064 |   1.751 |    1.878 | 
     | U4080                | A1 v -> ZN v | OR2_X2    | 0.044 |   1.795 |    1.922 | 
     | U4509                | B1 v -> ZN ^ | OAI21_X1  | 0.064 |   1.860 |    1.986 | 
     | U8395                | A1 ^ -> ZN v | NAND2_X1  | 0.030 |   1.890 |    2.016 | 
     | U4510                | A1 v -> ZN v | AND2_X1   | 0.044 |   1.934 |    2.061 | 
     | U4508                | B2 v -> ZN ^ | OAI21_X1  | 0.030 |   1.964 |    2.090 | 
     | U4386                | A2 ^ -> ZN ^ | OR2_X1    | 0.041 |   2.005 |    2.131 | 
     | U5112                | A2 ^ -> ZN ^ | OR2_X1    | 0.029 |   2.034 |    2.161 | 
     | U5115                | C1 ^ -> ZN v | OAI211_X1 | 0.016 |   2.051 |    2.177 | 
     | p_reg_Y_temp_reg_55_ | D v          | DFF_X1    | 0.000 |   2.051 |    2.177 | 
     +------------------------------------------------------------------------------+ 

