 
****************************************
Report : area
Design : boothmul_registered
Version: W-2024.09-SP2
Date   : Mon Sep 21 18:47:03 2026
****************************************

Library(s) Used:

    NangateOpenCellLibrary (File: /home/repository/do/libnandgate/NangateOpenCellLibrary_typical_ecsm.db)

Number of ports:                          131
Number of nets:                          5997
Number of cells:                         5480
Number of combinational cells:           5348
Number of sequential cells:               128
Number of macros/black boxes:               0
Number of buf/inv:                       1022
Number of references:                      45

Combinational area:               7110.179990
Buf/Inv area:                      598.500002
Noncombinational area:             590.519981
Macro/Black Box area:                0.000000
Net Interconnect area:      undefined  (Wire load has zero net area)

Total cell area:                  7700.699971
Total area:                 undefined
1
