 
****************************************
Report : qor
Design : boothmul_registered
Version: W-2024.09-SP2
Date   : Mon Sep 21 13:07:04 2026
****************************************


  Timing Path Group 'CLK'
  -----------------------------------
  Levels of Logic:              30.00
  Critical Path Length:          1.93
  Critical Path Slack:          -1.01
  Critical Path Clk Period:      1.00
  Total Negative Slack:        -47.15
  No. of Violating Paths:       59.00
  Worst Hold Violation:          0.00
  Total Hold Violation:          0.00
  No. of Hold Violations:        0.00
  -----------------------------------


  Cell Count
  -----------------------------------
  Hierarchical Cell Count:          0
  Hierarchical Port Count:          0
  Leaf Cell Count:               6279
  Buf/Inv Cell Count:            1110
  Buf Cell Count:                 270
  Inv Cell Count:                 840
  CT Buf/Inv Cell Count:            0
  Combinational Cell Count:      6151
  Sequential Cell Count:          128
  Macro Count:                      0
  -----------------------------------


  Area
  -----------------------------------
  Combinational Area:     7677.291962
  Noncombinational Area:   591.317981
  Buf/Inv Area:            683.088000
  Total Buffer Area:           233.55
  Total Inverter Area:         449.54
  Macro/Black Box Area:      0.000000
  Net Area:                  0.000000
  -----------------------------------
  Cell Area:              8268.609942
  Design Area:            8268.609942


  Design Rules
  -----------------------------------
  Total Number of Nets:          6838
  Nets With Violations:             0
  Max Trans Violations:             0
  Max Cap Violations:               0
  -----------------------------------


  Hostname: microsys.openstack.polito

  Compile CPU Statistics
  -----------------------------------------
  Resource Sharing:                    2.44
  Logic Optimization:                 25.79
  Mapping Optimization:               42.01
  -----------------------------------------
  Overall Compile Time:               83.24
  Overall Compile Wall Clock Time:    84.37

  --------------------------------------------------------------------

  Design  WNS: 1.01  TNS: 47.15  Number of Violating Paths: 59


  Design (Hold)  WNS: 0.00  TNS: 0.00  Number of Violating Paths: 0

  --------------------------------------------------------------------


1
