 
****************************************
Report : qor
Design : boothmul_registered
Version: W-2024.09-SP2
Date   : Mon Sep 21 13:16:41 2026
****************************************


  Timing Path Group 'CLK'
  -----------------------------------
  Levels of Logic:              76.00
  Critical Path Length:          5.41
  Critical Path Slack:           0.01
  Critical Path Clk Period:      5.50
  Total Negative Slack:          0.00
  No. of Violating Paths:        0.00
  Worst Hold Violation:          0.00
  Total Hold Violation:          0.00
  No. of Hold Violations:        0.00
  -----------------------------------


  Cell Count
  -----------------------------------
  Hierarchical Cell Count:          0
  Hierarchical Port Count:          0
  Leaf Cell Count:               3723
  Buf/Inv Cell Count:             414
  Buf Cell Count:                  15
  Inv Cell Count:                 399
  CT Buf/Inv Cell Count:            0
  Combinational Cell Count:      3595
  Sequential Cell Count:          128
  Macro Count:                      0
  -----------------------------------


  Area
  -----------------------------------
  Combinational Area:     5664.204003
  Noncombinational Area:   584.933981
  Buf/Inv Area:            225.568002
  Total Buffer Area:            13.03
  Total Inverter Area:         212.53
  Macro/Black Box Area:      0.000000
  Net Area:                  0.000000
  -----------------------------------
  Cell Area:              6249.137984
  Design Area:            6249.137984


  Design Rules
  -----------------------------------
  Total Number of Nets:          4421
  Nets With Violations:             2
  Max Trans Violations:             2
  Max Cap Violations:               2
  -----------------------------------


  Hostname: microsys.openstack.polito

  Compile CPU Statistics
  -----------------------------------------
  Resource Sharing:                    2.36
  Logic Optimization:                  2.54
  Mapping Optimization:                8.67
  -----------------------------------------
  Overall Compile Time:               33.97
  Overall Compile Wall Clock Time:    36.91

  --------------------------------------------------------------------

  Design  WNS: 0.00  TNS: 0.00  Number of Violating Paths: 0


  Design (Hold)  WNS: 0.00  TNS: 0.00  Number of Violating Paths: 0

  --------------------------------------------------------------------


1
