 
****************************************
Report : reference
Design : boothmul_registered
Version: W-2024.09-SP2
Date   : Mon Sep 21 18:44:27 2026
****************************************

Attributes:
    b - black box (unknown)
   bo - allows boundary optimization
    d - dont_touch
   mo - map_only
    h - hierarchical
    n - noncombinational
    r - removable
    s - synthetic operator
    u - contains unmapped logic

Reference          Library       Unit Area   Count    Total Area   Attributes
-----------------------------------------------------------------------------
AND2_X1            NangateOpenCellLibrary
                                  1.064000     119    126.616001  
AND2_X2            NangateOpenCellLibrary
                                  1.330000       9     11.970000  
AND3_X1            NangateOpenCellLibrary
                                  1.330000       9     11.970000  
AND3_X2            NangateOpenCellLibrary
                                  1.596000       1      1.596000  
AND4_X1            NangateOpenCellLibrary
                                  1.596000       1      1.596000  
AOI21_X1           NangateOpenCellLibrary
                                  1.064000      58     61.712001  
BUF_X1             NangateOpenCellLibrary
                                  0.798000      47     37.505999  
BUF_X2             NangateOpenCellLibrary
                                  1.064000      26     27.664000  
BUF_X4             NangateOpenCellLibrary
                                  1.862000       2      3.724000  
CLKBUF_X1          NangateOpenCellLibrary
                                  0.798000      65     51.869999  
CLKBUF_X2          NangateOpenCellLibrary
                                  1.064000      15     15.960000  
DFFS_X1            NangateOpenCellLibrary
                                  5.320000       2     10.640000  n
DFFS_X2            NangateOpenCellLibrary
                                  5.586000       1      5.586000  n
DFF_X1             NangateOpenCellLibrary
                                  4.522000     103    465.765983  n
DFF_X2             NangateOpenCellLibrary
                                  5.054000      21    106.133998  n
FA_X1              NangateOpenCellLibrary
                                  4.256000     374   1591.744016  r
HA_X1              NangateOpenCellLibrary
                                  2.660000      94    250.040008  r
INV_X1             NangateOpenCellLibrary
                                  0.532000     785    417.620004  
INV_X2             NangateOpenCellLibrary
                                  0.798000       4      3.192000  
MUX2_X1            NangateOpenCellLibrary
                                  1.862000     458    852.795995  
MUX2_X2            NangateOpenCellLibrary
                                  2.394000       2      4.788000  
NAND2_X1           NangateOpenCellLibrary
                                  0.798000     798    636.803982  
NAND2_X2           NangateOpenCellLibrary
                                  1.330000       8     10.640000  
NAND3_X1           NangateOpenCellLibrary
                                  1.064000      79     84.056001  
NAND4_X1           NangateOpenCellLibrary
                                  1.330000       3      3.990000  
NOR2_X1            NangateOpenCellLibrary
                                  0.798000     428    341.543991  
NOR2_X2            NangateOpenCellLibrary
                                  1.330000       5      6.650000  
NOR3_X1            NangateOpenCellLibrary
                                  1.064000      14     14.896000  
OAI21_X1           NangateOpenCellLibrary
                                  1.064000     245    260.680003  
OAI22_X1           NangateOpenCellLibrary
                                  1.330000     418    555.940018  
OAI211_X1          NangateOpenCellLibrary
                                  1.330000       2      2.660000  
OR2_X1             NangateOpenCellLibrary
                                  1.064000     383    407.512004  
OR2_X2             NangateOpenCellLibrary
                                  1.330000      10     13.300000  
OR3_X1             NangateOpenCellLibrary
                                  1.330000      13     17.290001  
OR3_X2             NangateOpenCellLibrary
                                  1.596000       3      4.788000  
OR3_X4             NangateOpenCellLibrary
                                  2.926000       2      5.852000  
SDFF_X1            NangateOpenCellLibrary
                                  6.118000       1      6.118000  n
XNOR2_X1           NangateOpenCellLibrary
                                  1.596000     349    557.003985  
XNOR2_X2           NangateOpenCellLibrary
                                  2.660000       1      2.660000  
XOR2_X1            NangateOpenCellLibrary
                                  1.596000     334    533.063985  
-----------------------------------------------------------------------------
Total 40 references                                  7525.937975
1
