 
****************************************
Report : reference
Design : boothmul_registered
Version: W-2024.09-SP2
Date   : Mon Sep 21 18:45:53 2026
****************************************

Attributes:
    b - black box (unknown)
   bo - allows boundary optimization
    d - dont_touch
   mo - map_only
    h - hierarchical
    n - noncombinational
    r - removable
    s - synthetic operator
    u - contains unmapped logic

Reference          Library       Unit Area   Count    Total Area   Attributes
-----------------------------------------------------------------------------
AND2_X1            NangateOpenCellLibrary
                                  1.064000     194    206.416002  
AND2_X2            NangateOpenCellLibrary
                                  1.330000       6      7.980000  
AND3_X1            NangateOpenCellLibrary
                                  1.330000      36     47.880002  
AND4_X1            NangateOpenCellLibrary
                                  1.596000      11     17.556000  
AND4_X2            NangateOpenCellLibrary
                                  1.862000       3      5.586000  
AOI21_X1           NangateOpenCellLibrary
                                  1.064000      45     47.880000  
BUF_X1             NangateOpenCellLibrary
                                  0.798000      52     41.495999  
BUF_X2             NangateOpenCellLibrary
                                  1.064000      30     31.920000  
BUF_X4             NangateOpenCellLibrary
                                  1.862000       4      7.448000  
CLKBUF_X1          NangateOpenCellLibrary
                                  0.798000      89     71.021998  
CLKBUF_X2          NangateOpenCellLibrary
                                  1.064000       8      8.512000  
DFFS_X1            NangateOpenCellLibrary
                                  5.320000       2     10.640000  n
DFF_X1             NangateOpenCellLibrary
                                  4.522000     104    470.287983  n
DFF_X2             NangateOpenCellLibrary
                                  5.054000      22    111.187998  n
FA_X1              NangateOpenCellLibrary
                                  4.256000     417   1774.752017  r
HA_X1              NangateOpenCellLibrary
                                  2.660000      50    133.000004  r
INV_X1             NangateOpenCellLibrary
                                  0.532000     797    424.004004  
INV_X2             NangateOpenCellLibrary
                                  0.798000       7      5.586000  
MUX2_X1            NangateOpenCellLibrary
                                  1.862000     438    815.555995  
MUX2_X2            NangateOpenCellLibrary
                                  2.394000      16     38.304001  
NAND2_X1           NangateOpenCellLibrary
                                  0.798000     707    564.185984  
NAND2_X2           NangateOpenCellLibrary
                                  1.330000       8     10.640000  
NAND2_X4           NangateOpenCellLibrary
                                  2.394000       2      4.788000  
NAND3_X1           NangateOpenCellLibrary
                                  1.064000      26     27.664000  
NAND3_X2           NangateOpenCellLibrary
                                  1.862000       1      1.862000  
NAND4_X1           NangateOpenCellLibrary
                                  1.330000       2      2.660000  
NOR2_X1            NangateOpenCellLibrary
                                  0.798000     389    310.421991  
NOR2_X2            NangateOpenCellLibrary
                                  1.330000       5      6.650000  
NOR2_X4            NangateOpenCellLibrary
                                  2.394000       1      2.394000  
NOR3_X1            NangateOpenCellLibrary
                                  1.064000      14     14.896000  
OAI21_X1           NangateOpenCellLibrary
                                  1.064000     209    222.376002  
OAI22_X1           NangateOpenCellLibrary
                                  1.330000     458    609.140020  
OAI211_X1          NangateOpenCellLibrary
                                  1.330000       5      6.650000  
OR2_X1             NangateOpenCellLibrary
                                  1.064000     382    406.448004  
OR2_X2             NangateOpenCellLibrary
                                  1.330000      20     26.600001  
OR2_X4             NangateOpenCellLibrary
                                  2.394000       1      2.394000  
OR3_X1             NangateOpenCellLibrary
                                  1.330000       5      6.650000  
OR3_X2             NangateOpenCellLibrary
                                  1.596000      10     15.960000  
OR3_X4             NangateOpenCellLibrary
                                  2.926000       1      2.926000  
XNOR2_X1           NangateOpenCellLibrary
                                  1.596000     361    576.155984  
XNOR2_X2           NangateOpenCellLibrary
                                  2.660000       1      2.660000  
XOR2_X1            NangateOpenCellLibrary
                                  1.596000     307    489.971987  
-----------------------------------------------------------------------------
Total 42 references                                  7591.107979
1
