###############################################################
#  Generated by:      Cadence Innovus 23.35-s106_1
#  OS:                Linux x86_64(Host ID microsys.openstack.polito)
#  Generated on:      Sat Oct 10 22:18:01 2026
#  Design:            boothmul_registered
#  Command:           report_timing -max_paths 10 > reports/04_preCTS_setup_paths.rpt
###############################################################
Path 1: MET Setup Check with Pin p_reg_Y_temp_reg_61_/CK 
Endpoint:   p_reg_Y_temp_reg_61_/D (v) checked with  leading edge of 'CLK'
Beginpoint: B_reg_Y_temp_reg_1_/QN (^) triggered by  leading edge of 'CLK'
Path Groups: {CLK}
Analysis View: default
Other End Arrival Time          0.050
- Setup                         0.025
+ Phase Shift                   2.997
- Uncertainty                   0.050
= Required Time                 2.973
- Arrival Time                  2.330
= Slack Time                    0.643
     Clock Rise Edge                 0.000
     + Clock Network Latency (Ideal) 0.050
     = Beginpoint Arrival Time       0.050
     +------------------------------------------------------------------------------+ 
     |       Instance       |     Arc      |   Cell    | Delay | Arrival | Required | 
     |                      |              |           |       |  Time   |   Time   | 
     |----------------------+--------------+-----------+-------+---------+----------| 
     | B_reg_Y_temp_reg_1_  | CK ^         |           |       |   0.050 |    0.693 | 
     | B_reg_Y_temp_reg_1_  | CK ^ -> QN ^ | DFF_X1    | 0.199 |   0.249 |    0.893 | 
     | U1498                | A1 ^ -> ZN ^ | OR2_X1    | 0.150 |   0.399 |    1.042 | 
     | U1715                | A2 ^ -> ZN ^ | OR2_X1    | 0.040 |   0.439 |    1.082 | 
     | U2212                | A2 ^ -> ZN ^ | AND2_X1   | 0.035 |   0.474 |    1.117 | 
     | U3192                | B ^ -> Z ^   | XOR2_X1   | 0.067 |   0.541 |    1.184 | 
     | U3640                | A ^ -> CO ^  | HA_X1     | 0.045 |   0.586 |    1.229 | 
     | U3505                | CI ^ -> CO ^ | FA_X1     | 0.048 |   0.634 |    1.278 | 
     | U3465                | CI ^ -> S v  | FA_X1     | 0.096 |   0.730 |    1.374 | 
     | U3510                | A v -> S ^   | FA_X1     | 0.120 |   0.850 |    1.493 | 
     | U3691                | CI ^ -> S v  | FA_X1     | 0.098 |   0.948 |    1.591 | 
     | U3895                | B v -> CO v  | FA_X1     | 0.085 |   1.033 |    1.677 | 
     | U3894                | B v -> CO v  | FA_X1     | 0.088 |   1.121 |    1.764 | 
     | U3893                | B v -> CO v  | FA_X1     | 0.086 |   1.207 |    1.850 | 
     | U3892                | B v -> CO v  | FA_X1     | 0.083 |   1.290 |    1.933 | 
     | U4336                | CI v -> CO v | FA_X1     | 0.073 |   1.363 |    2.006 | 
     | U5257                | CI v -> CO v | FA_X1     | 0.073 |   1.436 |    2.080 | 
     | U5247                | CI v -> CO v | FA_X1     | 0.075 |   1.511 |    2.155 | 
     | U5259                | CI v -> CO v | FA_X1     | 0.073 |   1.584 |    2.227 | 
     | U3844                | CI v -> S v  | FA_X1     | 0.090 |   1.675 |    2.318 | 
     | U5246                | CI v -> S ^  | FA_X1     | 0.117 |   1.791 |    2.435 | 
     | U2006                | A1 ^ -> ZN v | NOR2_X1   | 0.016 |   1.807 |    2.450 | 
     | U5268                | A1 v -> ZN ^ | NOR2_X1   | 0.031 |   1.839 |    2.482 | 
     | U5277                | A1 ^ -> ZN v | NAND2_X1  | 0.016 |   1.855 |    2.498 | 
     | U5285                | B2 v -> ZN ^ | OAI21_X1  | 0.047 |   1.902 |    2.545 | 
     | U2068                | A2 ^ -> ZN v | NAND2_X1  | 0.022 |   1.924 |    2.567 | 
     | U2024                | C2 v -> ZN ^ | OAI211_X1 | 0.085 |   2.009 |    2.652 | 
     | U1691                | A1 ^ -> ZN v | NAND2_X1  | 0.017 |   2.026 |    2.669 | 
     | U1690                | A1 v -> ZN v | AND2_X1   | 0.036 |   2.062 |    2.705 | 
     | U1684                | A2 v -> ZN v | OR2_X1    | 0.049 |   2.111 |    2.754 | 
     | U1910                | C2 v -> ZN ^ | OAI211_X1 | 0.044 |   2.155 |    2.798 | 
     | U5712                | CI ^ -> CO ^ | FA_X1     | 0.062 |   2.217 |    2.860 | 
     | U2037                | A1 ^ -> ZN v | NAND2_X1  | 0.024 |   2.241 |    2.884 | 
     | U2035                | A2 v -> ZN v | OR2_X1    | 0.051 |   2.292 |    2.935 | 
     | U1926                | A4 v -> ZN ^ | NAND4_X1  | 0.024 |   2.316 |    2.959 | 
     | U6170                | A2 ^ -> ZN v | NAND2_X1  | 0.014 |   2.330 |    2.973 | 
     | p_reg_Y_temp_reg_61_ | D v          | DFFS_X1   | 0.000 |   2.330 |    2.973 | 
     +------------------------------------------------------------------------------+ 
Path 2: MET Setup Check with Pin p_reg_Y_temp_reg_63_/CK 
Endpoint:   p_reg_Y_temp_reg_63_/D (v) checked with  leading edge of 'CLK'
Beginpoint: B_reg_Y_temp_reg_1_/QN (^) triggered by  leading edge of 'CLK'
Path Groups: {CLK}
Analysis View: default
Other End Arrival Time          0.050
- Setup                         0.025
+ Phase Shift                   2.997
- Uncertainty                   0.050
= Required Time                 2.973
- Arrival Time                  2.329
= Slack Time                    0.644
     Clock Rise Edge                 0.000
     + Clock Network Latency (Ideal) 0.050
     = Beginpoint Arrival Time       0.050
     +------------------------------------------------------------------------------+ 
     |       Instance       |     Arc      |   Cell    | Delay | Arrival | Required | 
     |                      |              |           |       |  Time   |   Time   | 
     |----------------------+--------------+-----------+-------+---------+----------| 
     | B_reg_Y_temp_reg_1_  | CK ^         |           |       |   0.050 |    0.694 | 
     | B_reg_Y_temp_reg_1_  | CK ^ -> QN ^ | DFF_X1    | 0.199 |   0.249 |    0.893 | 
     | U1498                | A1 ^ -> ZN ^ | OR2_X1    | 0.150 |   0.399 |    1.043 | 
     | U1715                | A2 ^ -> ZN ^ | OR2_X1    | 0.040 |   0.439 |    1.082 | 
     | U2212                | A2 ^ -> ZN ^ | AND2_X1   | 0.035 |   0.474 |    1.117 | 
     | U3192                | B ^ -> Z ^   | XOR2_X1   | 0.067 |   0.541 |    1.185 | 
     | U3640                | A ^ -> CO ^  | HA_X1     | 0.045 |   0.586 |    1.230 | 
     | U3505                | CI ^ -> CO ^ | FA_X1     | 0.048 |   0.634 |    1.278 | 
     | U3465                | CI ^ -> S v  | FA_X1     | 0.096 |   0.730 |    1.374 | 
     | U3510                | A v -> S ^   | FA_X1     | 0.120 |   0.850 |    1.494 | 
     | U3691                | CI ^ -> S v  | FA_X1     | 0.098 |   0.948 |    1.592 | 
     | U3895                | B v -> CO v  | FA_X1     | 0.085 |   1.033 |    1.677 | 
     | U3894                | B v -> CO v  | FA_X1     | 0.088 |   1.121 |    1.765 | 
     | U3893                | B v -> CO v  | FA_X1     | 0.086 |   1.207 |    1.850 | 
     | U3892                | B v -> CO v  | FA_X1     | 0.083 |   1.290 |    1.933 | 
     | U4336                | CI v -> CO v | FA_X1     | 0.073 |   1.363 |    2.007 | 
     | U5257                | CI v -> CO v | FA_X1     | 0.073 |   1.436 |    2.080 | 
     | U5247                | CI v -> CO v | FA_X1     | 0.075 |   1.511 |    2.155 | 
     | U5259                | CI v -> CO v | FA_X1     | 0.073 |   1.584 |    2.228 | 
     | U3844                | CI v -> S v  | FA_X1     | 0.090 |   1.675 |    2.318 | 
     | U5246                | CI v -> S ^  | FA_X1     | 0.117 |   1.791 |    2.435 | 
     | U2006                | A1 ^ -> ZN v | NOR2_X1   | 0.016 |   1.807 |    2.451 | 
     | U5268                | A1 v -> ZN ^ | NOR2_X1   | 0.031 |   1.839 |    2.482 | 
     | U5277                | A1 ^ -> ZN v | NAND2_X1  | 0.016 |   1.855 |    2.498 | 
     | U5285                | B2 v -> ZN ^ | OAI21_X1  | 0.047 |   1.902 |    2.545 | 
     | U2068                | A2 ^ -> ZN v | NAND2_X1  | 0.022 |   1.924 |    2.567 | 
     | U2024                | C2 v -> ZN ^ | OAI211_X1 | 0.085 |   2.009 |    2.653 | 
     | U1691                | A1 ^ -> ZN v | NAND2_X1  | 0.017 |   2.026 |    2.670 | 
     | U1690                | A1 v -> ZN v | AND2_X1   | 0.036 |   2.062 |    2.705 | 
     | U1684                | A2 v -> ZN v | OR2_X1    | 0.049 |   2.111 |    2.755 | 
     | U1910                | C2 v -> ZN ^ | OAI211_X1 | 0.044 |   2.155 |    2.799 | 
     | U5712                | CI ^ -> CO ^ | FA_X1     | 0.062 |   2.217 |    2.860 | 
     | U2037                | A1 ^ -> ZN v | NAND2_X1  | 0.024 |   2.241 |    2.885 | 
     | U1705                | A1 v -> ZN v | AND2_X1   | 0.034 |   2.275 |    2.918 | 
     | U2034                | C1 v -> ZN ^ | OAI211_X1 | 0.038 |   2.313 |    2.957 | 
     | U2033                | A1 ^ -> ZN v | NAND2_X1  | 0.016 |   2.329 |    2.973 | 
     | p_reg_Y_temp_reg_63_ | D v          | DFFS_X1   | 0.000 |   2.329 |    2.973 | 
     +------------------------------------------------------------------------------+ 
Path 3: MET Setup Check with Pin p_reg_Y_temp_reg_62_/CK 
Endpoint:   p_reg_Y_temp_reg_62_/D (^) checked with  leading edge of 'CLK'
Beginpoint: B_reg_Y_temp_reg_1_/QN (^) triggered by  leading edge of 'CLK'
Path Groups: {CLK}
Analysis View: default
Other End Arrival Time          0.050
- Setup                         0.028
+ Phase Shift                   2.997
- Uncertainty                   0.050
= Required Time                 2.969
- Arrival Time                  2.306
= Slack Time                    0.664
     Clock Rise Edge                 0.000
     + Clock Network Latency (Ideal) 0.050
     = Beginpoint Arrival Time       0.050
     +------------------------------------------------------------------------------+ 
     |       Instance       |     Arc      |   Cell    | Delay | Arrival | Required | 
     |                      |              |           |       |  Time   |   Time   | 
     |----------------------+--------------+-----------+-------+---------+----------| 
     | B_reg_Y_temp_reg_1_  | CK ^         |           |       |   0.050 |    0.714 | 
     | B_reg_Y_temp_reg_1_  | CK ^ -> QN ^ | DFF_X1    | 0.199 |   0.249 |    0.913 | 
     | U1498                | A1 ^ -> ZN ^ | OR2_X1    | 0.150 |   0.399 |    1.063 | 
     | U1715                | A2 ^ -> ZN ^ | OR2_X1    | 0.040 |   0.439 |    1.102 | 
     | U2212                | A2 ^ -> ZN ^ | AND2_X1   | 0.035 |   0.474 |    1.137 | 
     | U3192                | B ^ -> Z ^   | XOR2_X1   | 0.067 |   0.541 |    1.205 | 
     | U3640                | A ^ -> CO ^  | HA_X1     | 0.045 |   0.586 |    1.250 | 
     | U3505                | CI ^ -> CO ^ | FA_X1     | 0.048 |   0.634 |    1.298 | 
     | U3465                | CI ^ -> S v  | FA_X1     | 0.096 |   0.730 |    1.394 | 
     | U3510                | A v -> S ^   | FA_X1     | 0.120 |   0.850 |    1.514 | 
     | U3691                | CI ^ -> S v  | FA_X1     | 0.098 |   0.948 |    1.612 | 
     | U3895                | B v -> CO v  | FA_X1     | 0.085 |   1.033 |    1.697 | 
     | U3894                | B v -> CO v  | FA_X1     | 0.088 |   1.121 |    1.785 | 
     | U3893                | B v -> CO v  | FA_X1     | 0.086 |   1.207 |    1.870 | 
     | U3892                | B v -> CO v  | FA_X1     | 0.083 |   1.290 |    1.953 | 
     | U4336                | CI v -> CO v | FA_X1     | 0.073 |   1.363 |    2.027 | 
     | U5257                | CI v -> CO v | FA_X1     | 0.073 |   1.436 |    2.100 | 
     | U5247                | CI v -> CO v | FA_X1     | 0.075 |   1.511 |    2.175 | 
     | U5259                | CI v -> CO v | FA_X1     | 0.073 |   1.584 |    2.248 | 
     | U3844                | CI v -> S ^  | FA_X1     | 0.115 |   1.699 |    2.363 | 
     | U5246                | CI ^ -> S v  | FA_X1     | 0.094 |   1.793 |    2.457 | 
     | U2006                | A1 v -> ZN ^ | NOR2_X1   | 0.045 |   1.838 |    2.502 | 
     | U5283                | B1 ^ -> ZN v | OAI21_X1  | 0.020 |   1.858 |    2.522 | 
     | U5284                | A v -> ZN ^  | AOI21_X1  | 0.041 |   1.899 |    2.562 | 
     | U5285                | A ^ -> ZN v  | OAI21_X1  | 0.028 |   1.927 |    2.591 | 
     | U2068                | A2 v -> ZN ^ | NAND2_X1  | 0.024 |   1.951 |    2.615 | 
     | U2024                | C2 ^ -> ZN v | OAI211_X1 | 0.052 |   2.004 |    2.667 | 
     | U1691                | A1 v -> ZN ^ | NAND2_X1  | 0.023 |   2.027 |    2.690 | 
     | U1690                | A1 ^ -> ZN ^ | AND2_X1   | 0.037 |   2.064 |    2.727 | 
     | U1684                | A2 ^ -> ZN ^ | OR2_X1    | 0.026 |   2.089 |    2.753 | 
     | U1910                | C2 ^ -> ZN v | OAI211_X1 | 0.027 |   2.116 |    2.780 | 
     | U5712                | CI v -> CO v | FA_X1     | 0.080 |   2.197 |    2.861 | 
     | U2039                | A2 v -> ZN v | OR2_X1    | 0.053 |   2.250 |    2.914 | 
     | U2040                | A3 v -> ZN ^ | NAND3_X1  | 0.020 |   2.270 |    2.933 | 
     | U2078                | A1 ^ -> ZN v | NAND2_X1  | 0.014 |   2.283 |    2.947 | 
     | U1928                | B v -> ZN ^  | OAI211_X1 | 0.022 |   2.306 |    2.969 | 
     | p_reg_Y_temp_reg_62_ | D ^          | DFFS_X1   | 0.000 |   2.306 |    2.969 | 
     +------------------------------------------------------------------------------+ 
Path 4: MET Setup Check with Pin p_reg_Y_temp_reg_60_/CK 
Endpoint:   p_reg_Y_temp_reg_60_/D (^) checked with  leading edge of 'CLK'
Beginpoint: B_reg_Y_temp_reg_1_/QN (^) triggered by  leading edge of 'CLK'
Path Groups: {CLK}
Analysis View: default
Other End Arrival Time          0.050
- Setup                         0.026
+ Phase Shift                   2.997
- Uncertainty                   0.050
= Required Time                 2.971
- Arrival Time                  2.302
= Slack Time                    0.669
     Clock Rise Edge                 0.000
     + Clock Network Latency (Ideal) 0.050
     = Beginpoint Arrival Time       0.050
     +------------------------------------------------------------------------------+ 
     |       Instance       |     Arc      |   Cell    | Delay | Arrival | Required | 
     |                      |              |           |       |  Time   |   Time   | 
     |----------------------+--------------+-----------+-------+---------+----------| 
     | B_reg_Y_temp_reg_1_  | CK ^         |           |       |   0.050 |    0.719 | 
     | B_reg_Y_temp_reg_1_  | CK ^ -> QN ^ | DFF_X1    | 0.199 |   0.249 |    0.918 | 
     | U1498                | A1 ^ -> ZN ^ | OR2_X1    | 0.150 |   0.399 |    1.068 | 
     | U1715                | A2 ^ -> ZN ^ | OR2_X1    | 0.040 |   0.439 |    1.108 | 
     | U2212                | A2 ^ -> ZN ^ | AND2_X1   | 0.035 |   0.474 |    1.143 | 
     | U3192                | B ^ -> Z ^   | XOR2_X1   | 0.067 |   0.541 |    1.210 | 
     | U3640                | A ^ -> CO ^  | HA_X1     | 0.045 |   0.586 |    1.255 | 
     | U3505                | CI ^ -> CO ^ | FA_X1     | 0.048 |   0.634 |    1.303 | 
     | U3465                | CI ^ -> S v  | FA_X1     | 0.096 |   0.730 |    1.400 | 
     | U3510                | A v -> S ^   | FA_X1     | 0.120 |   0.850 |    1.519 | 
     | U3691                | CI ^ -> S v  | FA_X1     | 0.098 |   0.948 |    1.617 | 
     | U3895                | B v -> CO v  | FA_X1     | 0.085 |   1.033 |    1.702 | 
     | U3894                | B v -> CO v  | FA_X1     | 0.088 |   1.121 |    1.790 | 
     | U3893                | B v -> CO v  | FA_X1     | 0.086 |   1.207 |    1.876 | 
     | U3892                | B v -> CO v  | FA_X1     | 0.083 |   1.290 |    1.959 | 
     | U4336                | CI v -> CO v | FA_X1     | 0.073 |   1.363 |    2.032 | 
     | U5257                | CI v -> CO v | FA_X1     | 0.073 |   1.436 |    2.105 | 
     | U5247                | CI v -> CO v | FA_X1     | 0.075 |   1.511 |    2.181 | 
     | U5259                | CI v -> CO v | FA_X1     | 0.073 |   1.584 |    2.253 | 
     | U3844                | CI v -> S ^  | FA_X1     | 0.115 |   1.699 |    2.368 | 
     | U5246                | CI ^ -> S v  | FA_X1     | 0.094 |   1.794 |    2.463 | 
     | U2006                | A1 v -> ZN ^ | NOR2_X1   | 0.045 |   1.838 |    2.507 | 
     | U5283                | B1 ^ -> ZN v | OAI21_X1  | 0.020 |   1.858 |    2.527 | 
     | U5284                | A v -> ZN ^  | AOI21_X1  | 0.041 |   1.899 |    2.568 | 
     | U5285                | A ^ -> ZN v  | OAI21_X1  | 0.028 |   1.927 |    2.596 | 
     | U2068                | A2 v -> ZN ^ | NAND2_X1  | 0.024 |   1.951 |    2.620 | 
     | U2024                | C2 ^ -> ZN v | OAI211_X1 | 0.052 |   2.004 |    2.673 | 
     | U1691                | A1 v -> ZN ^ | NAND2_X1  | 0.023 |   2.027 |    2.696 | 
     | U1690                | A1 ^ -> ZN ^ | AND2_X1   | 0.037 |   2.064 |    2.733 | 
     | U1684                | A2 ^ -> ZN ^ | OR2_X1    | 0.026 |   2.089 |    2.759 | 
     | U1910                | C2 ^ -> ZN v | OAI211_X1 | 0.027 |   2.116 |    2.786 | 
     | U5712                | CI v -> CO v | FA_X1     | 0.080 |   2.197 |    2.866 | 
     | U2137                | B v -> ZN v  | XNOR2_X1  | 0.042 |   2.239 |    2.908 | 
     | U5913                | A1 v -> ZN v | OR2_X1    | 0.046 |   2.285 |    2.954 | 
     | U6168                | A2 v -> ZN ^ | NAND2_X1  | 0.017 |   2.302 |    2.971 | 
     | p_reg_Y_temp_reg_60_ | D ^          | DFFS_X1   | 0.000 |   2.302 |    2.971 | 
     +------------------------------------------------------------------------------+ 
Path 5: MET Setup Check with Pin p_reg_Y_temp_reg_59_/CK 
Endpoint:   p_reg_Y_temp_reg_59_/D (v) checked with  leading edge of 'CLK'
Beginpoint: B_reg_Y_temp_reg_1_/QN (^) triggered by  leading edge of 'CLK'
Path Groups: {CLK}
Analysis View: default
Other End Arrival Time          0.050
- Setup                         0.026
+ Phase Shift                   2.997
- Uncertainty                   0.050
= Required Time                 2.972
- Arrival Time                  2.302
= Slack Time                    0.670
     Clock Rise Edge                 0.000
     + Clock Network Latency (Ideal) 0.050
     = Beginpoint Arrival Time       0.050
     +------------------------------------------------------------------------------+ 
     |       Instance       |     Arc      |   Cell    | Delay | Arrival | Required | 
     |                      |              |           |       |  Time   |   Time   | 
     |----------------------+--------------+-----------+-------+---------+----------| 
     | B_reg_Y_temp_reg_1_  | CK ^         |           |       |   0.050 |    0.720 | 
     | B_reg_Y_temp_reg_1_  | CK ^ -> QN ^ | DFF_X1    | 0.199 |   0.249 |    0.919 | 
     | U1498                | A1 ^ -> ZN ^ | OR2_X1    | 0.150 |   0.399 |    1.069 | 
     | U1715                | A2 ^ -> ZN ^ | OR2_X1    | 0.040 |   0.439 |    1.109 | 
     | U2212                | A2 ^ -> ZN ^ | AND2_X1   | 0.035 |   0.474 |    1.143 | 
     | U3192                | B ^ -> Z ^   | XOR2_X1   | 0.067 |   0.541 |    1.211 | 
     | U3640                | A ^ -> CO ^  | HA_X1     | 0.045 |   0.586 |    1.256 | 
     | U3505                | CI ^ -> CO ^ | FA_X1     | 0.048 |   0.634 |    1.304 | 
     | U3465                | CI ^ -> S v  | FA_X1     | 0.096 |   0.730 |    1.400 | 
     | U3510                | A v -> S ^   | FA_X1     | 0.120 |   0.850 |    1.520 | 
     | U3691                | CI ^ -> S v  | FA_X1     | 0.098 |   0.948 |    1.618 | 
     | U3895                | B v -> CO v  | FA_X1     | 0.085 |   1.033 |    1.703 | 
     | U3894                | B v -> CO v  | FA_X1     | 0.088 |   1.121 |    1.791 | 
     | U3893                | B v -> CO v  | FA_X1     | 0.086 |   1.207 |    1.876 | 
     | U3892                | B v -> CO v  | FA_X1     | 0.083 |   1.290 |    1.960 | 
     | U4336                | CI v -> CO v | FA_X1     | 0.073 |   1.363 |    2.033 | 
     | U5257                | CI v -> CO v | FA_X1     | 0.073 |   1.436 |    2.106 | 
     | U5247                | CI v -> CO v | FA_X1     | 0.075 |   1.511 |    2.181 | 
     | U5259                | CI v -> CO v | FA_X1     | 0.073 |   1.584 |    2.254 | 
     | U3844                | CI v -> S v  | FA_X1     | 0.090 |   1.675 |    2.344 | 
     | U5246                | CI v -> S ^  | FA_X1     | 0.117 |   1.791 |    2.461 | 
     | U2006                | A1 ^ -> ZN v | NOR2_X1   | 0.016 |   1.807 |    2.477 | 
     | U5268                | A1 v -> ZN ^ | NOR2_X1   | 0.031 |   1.839 |    2.508 | 
     | U5277                | A1 ^ -> ZN v | NAND2_X1  | 0.016 |   1.855 |    2.524 | 
     | U5285                | B2 v -> ZN ^ | OAI21_X1  | 0.047 |   1.902 |    2.571 | 
     | U2068                | A2 ^ -> ZN v | NAND2_X1  | 0.022 |   1.924 |    2.594 | 
     | U2024                | C2 v -> ZN ^ | OAI211_X1 | 0.085 |   2.009 |    2.679 | 
     | U1691                | A1 ^ -> ZN v | NAND2_X1  | 0.017 |   2.026 |    2.696 | 
     | U1690                | A1 v -> ZN v | AND2_X1   | 0.036 |   2.062 |    2.731 | 
     | U1684                | A2 v -> ZN v | OR2_X1    | 0.049 |   2.111 |    2.781 | 
     | U1910                | C2 v -> ZN ^ | OAI211_X1 | 0.044 |   2.155 |    2.825 | 
     | U5712                | CI ^ -> S v  | FA_X1     | 0.097 |   2.252 |    2.922 | 
     | U5713                | A v -> ZN ^  | INV_X1    | 0.013 |   2.265 |    2.935 | 
     | U5912                | A1 ^ -> ZN ^ | OR2_X1    | 0.023 |   2.288 |    2.958 | 
     | U6166                | A2 ^ -> ZN v | NAND2_X1  | 0.014 |   2.302 |    2.972 | 
     | p_reg_Y_temp_reg_59_ | D v          | DFF_X1    | 0.000 |   2.302 |    2.972 | 
     +------------------------------------------------------------------------------+ 
Path 6: MET Setup Check with Pin p_reg_Y_temp_reg_58_/CK 
Endpoint:   p_reg_Y_temp_reg_58_/D (^) checked with  leading edge of 'CLK'
Beginpoint: B_reg_Y_temp_reg_1_/QN (^) triggered by  leading edge of 'CLK'
Path Groups: {CLK}
Analysis View: default
Other End Arrival Time          0.050
- Setup                         0.027
+ Phase Shift                   2.997
- Uncertainty                   0.050
= Required Time                 2.970
- Arrival Time                  2.262
= Slack Time                    0.709
     Clock Rise Edge                 0.000
     + Clock Network Latency (Ideal) 0.050
     = Beginpoint Arrival Time       0.050
     +------------------------------------------------------------------------------+ 
     |       Instance       |     Arc      |   Cell    | Delay | Arrival | Required | 
     |                      |              |           |       |  Time   |   Time   | 
     |----------------------+--------------+-----------+-------+---------+----------| 
     | B_reg_Y_temp_reg_1_  | CK ^         |           |       |   0.050 |    0.759 | 
     | B_reg_Y_temp_reg_1_  | CK ^ -> QN ^ | DFF_X1    | 0.199 |   0.249 |    0.958 | 
     | U1498                | A1 ^ -> ZN ^ | OR2_X1    | 0.150 |   0.399 |    1.108 | 
     | U1715                | A2 ^ -> ZN ^ | OR2_X1    | 0.040 |   0.439 |    1.148 | 
     | U2212                | A2 ^ -> ZN ^ | AND2_X1   | 0.035 |   0.474 |    1.182 | 
     | U3192                | B ^ -> Z ^   | XOR2_X1   | 0.067 |   0.541 |    1.250 | 
     | U3640                | A ^ -> CO ^  | HA_X1     | 0.045 |   0.586 |    1.295 | 
     | U3505                | CI ^ -> CO ^ | FA_X1     | 0.048 |   0.634 |    1.343 | 
     | U3465                | CI ^ -> S v  | FA_X1     | 0.096 |   0.730 |    1.439 | 
     | U3510                | A v -> S ^   | FA_X1     | 0.120 |   0.850 |    1.559 | 
     | U3691                | CI ^ -> S v  | FA_X1     | 0.098 |   0.948 |    1.657 | 
     | U3895                | B v -> CO v  | FA_X1     | 0.085 |   1.033 |    1.742 | 
     | U3894                | B v -> CO v  | FA_X1     | 0.088 |   1.121 |    1.830 | 
     | U3893                | B v -> CO v  | FA_X1     | 0.086 |   1.207 |    1.915 | 
     | U3892                | B v -> CO v  | FA_X1     | 0.083 |   1.290 |    1.998 | 
     | U4336                | CI v -> CO v | FA_X1     | 0.073 |   1.363 |    2.072 | 
     | U5257                | CI v -> CO v | FA_X1     | 0.073 |   1.436 |    2.145 | 
     | U5247                | CI v -> CO v | FA_X1     | 0.075 |   1.511 |    2.220 | 
     | U5259                | CI v -> CO v | FA_X1     | 0.073 |   1.584 |    2.293 | 
     | U3844                | CI v -> S v  | FA_X1     | 0.090 |   1.675 |    2.383 | 
     | U5246                | CI v -> S ^  | FA_X1     | 0.117 |   1.791 |    2.500 | 
     | U2006                | A1 ^ -> ZN v | NOR2_X1   | 0.016 |   1.807 |    2.516 | 
     | U5268                | A1 v -> ZN ^ | NOR2_X1   | 0.031 |   1.839 |    2.547 | 
     | U5277                | A1 ^ -> ZN v | NAND2_X1  | 0.016 |   1.855 |    2.563 | 
     | U5285                | B2 v -> ZN ^ | OAI21_X1  | 0.047 |   1.902 |    2.610 | 
     | U2068                | A2 ^ -> ZN v | NAND2_X1  | 0.022 |   1.924 |    2.633 | 
     | U2024                | C2 v -> ZN ^ | OAI211_X1 | 0.085 |   2.009 |    2.718 | 
     | U1691                | A1 ^ -> ZN v | NAND2_X1  | 0.017 |   2.026 |    2.735 | 
     | U1690                | A1 v -> ZN v | AND2_X1   | 0.036 |   2.062 |    2.770 | 
     | U2046                | B2 v -> ZN ^ | OAI21_X1  | 0.044 |   2.106 |    2.814 | 
     | U1689                | A1 ^ -> ZN v | NAND2_X1  | 0.025 |   2.131 |    2.839 | 
     | U1913                | A1 v -> ZN ^ | NAND2_X1  | 0.017 |   2.147 |    2.856 | 
     | U1950                | A1 ^ -> ZN v | NAND2_X1  | 0.014 |   2.161 |    2.870 | 
     | U2192                | A v -> ZN v  | XNOR2_X1  | 0.037 |   2.198 |    2.907 | 
     | U5911                | A1 v -> ZN v | OR2_X1    | 0.046 |   2.245 |    2.953 | 
     | U6164                | A2 v -> ZN ^ | NAND2_X1  | 0.017 |   2.262 |    2.970 | 
     | p_reg_Y_temp_reg_58_ | D ^          | DFF_X1    | 0.000 |   2.262 |    2.970 | 
     +------------------------------------------------------------------------------+ 
Path 7: MET Setup Check with Pin p_reg_Y_temp_reg_56_/CK 
Endpoint:   p_reg_Y_temp_reg_56_/D (^) checked with  leading edge of 'CLK'
Beginpoint: B_reg_Y_temp_reg_1_/QN (^) triggered by  leading edge of 'CLK'
Path Groups: {CLK}
Analysis View: default
Other End Arrival Time          0.050
- Setup                         0.027
+ Phase Shift                   2.997
- Uncertainty                   0.050
= Required Time                 2.970
- Arrival Time                  2.260
= Slack Time                    0.710
     Clock Rise Edge                 0.000
     + Clock Network Latency (Ideal) 0.050
     = Beginpoint Arrival Time       0.050
     +------------------------------------------------------------------------------+ 
     |       Instance       |     Arc      |   Cell    | Delay | Arrival | Required | 
     |                      |              |           |       |  Time   |   Time   | 
     |----------------------+--------------+-----------+-------+---------+----------| 
     | B_reg_Y_temp_reg_1_  | CK ^         |           |       |   0.050 |    0.760 | 
     | B_reg_Y_temp_reg_1_  | CK ^ -> QN ^ | DFF_X1    | 0.199 |   0.249 |    0.960 | 
     | U1498                | A1 ^ -> ZN ^ | OR2_X1    | 0.150 |   0.399 |    1.109 | 
     | U1715                | A2 ^ -> ZN ^ | OR2_X1    | 0.040 |   0.439 |    1.149 | 
     | U2212                | A2 ^ -> ZN ^ | AND2_X1   | 0.035 |   0.474 |    1.184 | 
     | U3192                | B ^ -> Z ^   | XOR2_X1   | 0.067 |   0.541 |    1.251 | 
     | U3640                | A ^ -> CO ^  | HA_X1     | 0.045 |   0.586 |    1.296 | 
     | U3505                | CI ^ -> CO ^ | FA_X1     | 0.048 |   0.634 |    1.345 | 
     | U3465                | CI ^ -> S v  | FA_X1     | 0.096 |   0.730 |    1.441 | 
     | U3510                | A v -> S ^   | FA_X1     | 0.120 |   0.850 |    1.560 | 
     | U3691                | CI ^ -> S v  | FA_X1     | 0.098 |   0.948 |    1.658 | 
     | U3895                | B v -> CO v  | FA_X1     | 0.085 |   1.033 |    1.744 | 
     | U3894                | B v -> CO v  | FA_X1     | 0.088 |   1.121 |    1.831 | 
     | U3893                | B v -> CO v  | FA_X1     | 0.086 |   1.207 |    1.917 | 
     | U3892                | B v -> CO v  | FA_X1     | 0.083 |   1.290 |    2.000 | 
     | U4336                | CI v -> CO v | FA_X1     | 0.073 |   1.363 |    2.073 | 
     | U5257                | CI v -> CO v | FA_X1     | 0.073 |   1.436 |    2.147 | 
     | U5247                | CI v -> CO v | FA_X1     | 0.075 |   1.511 |    2.222 | 
     | U5259                | CI v -> CO v | FA_X1     | 0.073 |   1.584 |    2.295 | 
     | U3844                | CI v -> S v  | FA_X1     | 0.090 |   1.675 |    2.385 | 
     | U5246                | CI v -> S ^  | FA_X1     | 0.117 |   1.791 |    2.502 | 
     | U2006                | A1 ^ -> ZN v | NOR2_X1   | 0.016 |   1.807 |    2.517 | 
     | U5268                | A1 v -> ZN ^ | NOR2_X1   | 0.031 |   1.839 |    2.549 | 
     | U5277                | A1 ^ -> ZN v | NAND2_X1  | 0.016 |   1.855 |    2.565 | 
     | U5285                | B2 v -> ZN ^ | OAI21_X1  | 0.047 |   1.902 |    2.612 | 
     | U2068                | A2 ^ -> ZN v | NAND2_X1  | 0.022 |   1.924 |    2.634 | 
     | U2024                | C2 v -> ZN ^ | OAI211_X1 | 0.085 |   2.009 |    2.719 | 
     | U1691                | A1 ^ -> ZN v | NAND2_X1  | 0.017 |   2.026 |    2.736 | 
     | U1690                | A1 v -> ZN v | AND2_X1   | 0.036 |   2.062 |    2.772 | 
     | U2046                | B2 v -> ZN ^ | OAI21_X1  | 0.044 |   2.106 |    2.816 | 
     | U1689                | A1 ^ -> ZN v | NAND2_X1  | 0.025 |   2.131 |    2.841 | 
     | U1961                | A1 v -> ZN v | AND2_X1   | 0.033 |   2.163 |    2.874 | 
     | U2195                | A v -> ZN v  | XNOR2_X1  | 0.035 |   2.198 |    2.908 | 
     | U5908                | A1 v -> ZN v | OR2_X1    | 0.045 |   2.243 |    2.954 | 
     | U6160                | A2 v -> ZN ^ | NAND2_X1  | 0.017 |   2.260 |    2.970 | 
     | p_reg_Y_temp_reg_56_ | D ^          | DFF_X1    | 0.000 |   2.260 |    2.970 | 
     +------------------------------------------------------------------------------+ 
Path 8: MET Setup Check with Pin p_reg_Y_temp_reg_52_/CK 
Endpoint:   p_reg_Y_temp_reg_52_/D (^) checked with  leading edge of 'CLK'
Beginpoint: B_reg_Y_temp_reg_1_/QN (^) triggered by  leading edge of 'CLK'
Path Groups: {CLK}
Analysis View: default
Other End Arrival Time          0.050
- Setup                         0.027
+ Phase Shift                   2.997
- Uncertainty                   0.050
= Required Time                 2.970
- Arrival Time                  2.255
= Slack Time                    0.715
     Clock Rise Edge                 0.000
     + Clock Network Latency (Ideal) 0.050
     = Beginpoint Arrival Time       0.050
     +------------------------------------------------------------------------------+ 
     |       Instance       |     Arc      |   Cell    | Delay | Arrival | Required | 
     |                      |              |           |       |  Time   |   Time   | 
     |----------------------+--------------+-----------+-------+---------+----------| 
     | B_reg_Y_temp_reg_1_  | CK ^         |           |       |   0.050 |    0.765 | 
     | B_reg_Y_temp_reg_1_  | CK ^ -> QN ^ | DFF_X1    | 0.199 |   0.249 |    0.964 | 
     | U1498                | A1 ^ -> ZN ^ | OR2_X1    | 0.150 |   0.399 |    1.114 | 
     | U1715                | A2 ^ -> ZN ^ | OR2_X1    | 0.040 |   0.439 |    1.154 | 
     | U2212                | A2 ^ -> ZN ^ | AND2_X1   | 0.035 |   0.474 |    1.188 | 
     | U3192                | B ^ -> Z ^   | XOR2_X1   | 0.067 |   0.541 |    1.256 | 
     | U3640                | A ^ -> CO ^  | HA_X1     | 0.045 |   0.586 |    1.301 | 
     | U3505                | CI ^ -> CO ^ | FA_X1     | 0.048 |   0.634 |    1.349 | 
     | U3465                | CI ^ -> S v  | FA_X1     | 0.096 |   0.730 |    1.445 | 
     | U3510                | A v -> S ^   | FA_X1     | 0.120 |   0.850 |    1.565 | 
     | U3691                | CI ^ -> S v  | FA_X1     | 0.098 |   0.948 |    1.663 | 
     | U3895                | B v -> CO v  | FA_X1     | 0.085 |   1.033 |    1.748 | 
     | U3894                | B v -> CO v  | FA_X1     | 0.088 |   1.121 |    1.836 | 
     | U3893                | B v -> CO v  | FA_X1     | 0.086 |   1.207 |    1.921 | 
     | U3892                | B v -> CO v  | FA_X1     | 0.083 |   1.290 |    2.005 | 
     | U4336                | CI v -> CO v | FA_X1     | 0.073 |   1.363 |    2.078 | 
     | U5257                | CI v -> CO v | FA_X1     | 0.073 |   1.436 |    2.151 | 
     | U5247                | CI v -> CO v | FA_X1     | 0.075 |   1.511 |    2.226 | 
     | U5259                | CI v -> CO v | FA_X1     | 0.073 |   1.584 |    2.299 | 
     | U3844                | CI v -> S v  | FA_X1     | 0.090 |   1.675 |    2.389 | 
     | U5246                | CI v -> S ^  | FA_X1     | 0.117 |   1.791 |    2.506 | 
     | U2006                | A1 ^ -> ZN v | NOR2_X1   | 0.016 |   1.807 |    2.522 | 
     | U5268                | A1 v -> ZN ^ | NOR2_X1   | 0.031 |   1.839 |    2.553 | 
     | U5277                | A1 ^ -> ZN v | NAND2_X1  | 0.016 |   1.855 |    2.569 | 
     | U5285                | B2 v -> ZN ^ | OAI21_X1  | 0.047 |   1.902 |    2.616 | 
     | U2068                | A2 ^ -> ZN v | NAND2_X1  | 0.022 |   1.924 |    2.639 | 
     | U2024                | C2 v -> ZN ^ | OAI211_X1 | 0.085 |   2.009 |    2.724 | 
     | U2022                | A ^ -> ZN v  | INV_X1    | 0.007 |   2.016 |    2.731 | 
     | U1709                | A2 v -> ZN v | OR2_X1    | 0.051 |   2.067 |    2.782 | 
     | U1975                | A1 v -> ZN ^ | NAND2_X1  | 0.019 |   2.086 |    2.801 | 
     | U1567                | A1 ^ -> ZN ^ | AND2_X1   | 0.035 |   2.121 |    2.835 | 
     | U1695                | A ^ -> ZN v  | INV_X1    | 0.009 |   2.130 |    2.845 | 
     | U1957                | A1 v -> ZN v | AND2_X1   | 0.028 |   2.158 |    2.873 | 
     | U2157                | A v -> ZN v  | XNOR2_X1  | 0.035 |   2.193 |    2.908 | 
     | U5904                | A1 v -> ZN v | OR2_X1    | 0.046 |   2.239 |    2.954 | 
     | U6152                | A2 v -> ZN ^ | NAND2_X1  | 0.017 |   2.255 |    2.970 | 
     | p_reg_Y_temp_reg_52_ | D ^          | DFF_X1    | 0.000 |   2.255 |    2.970 | 
     +------------------------------------------------------------------------------+ 
Path 9: MET Setup Check with Pin p_reg_Y_temp_reg_54_/CK 
Endpoint:   p_reg_Y_temp_reg_54_/D (^) checked with  leading edge of 'CLK'
Beginpoint: B_reg_Y_temp_reg_1_/QN (^) triggered by  leading edge of 'CLK'
Path Groups: {CLK}
Analysis View: default
Other End Arrival Time          0.050
- Setup                         0.026
+ Phase Shift                   2.997
- Uncertainty                   0.050
= Required Time                 2.971
- Arrival Time                  2.256
= Slack Time                    0.715
     Clock Rise Edge                 0.000
     + Clock Network Latency (Ideal) 0.050
     = Beginpoint Arrival Time       0.050
     +------------------------------------------------------------------------------+ 
     |       Instance       |     Arc      |   Cell    | Delay | Arrival | Required | 
     |                      |              |           |       |  Time   |   Time   | 
     |----------------------+--------------+-----------+-------+---------+----------| 
     | B_reg_Y_temp_reg_1_  | CK ^         |           |       |   0.050 |    0.765 | 
     | B_reg_Y_temp_reg_1_  | CK ^ -> QN ^ | DFF_X1    | 0.199 |   0.249 |    0.964 | 
     | U1498                | A1 ^ -> ZN ^ | OR2_X1    | 0.150 |   0.399 |    1.114 | 
     | U1715                | A2 ^ -> ZN ^ | OR2_X1    | 0.040 |   0.439 |    1.154 | 
     | U2212                | A2 ^ -> ZN ^ | AND2_X1   | 0.035 |   0.474 |    1.189 | 
     | U3192                | B ^ -> Z ^   | XOR2_X1   | 0.067 |   0.541 |    1.256 | 
     | U3640                | A ^ -> CO ^  | HA_X1     | 0.045 |   0.586 |    1.301 | 
     | U3505                | CI ^ -> CO ^ | FA_X1     | 0.048 |   0.634 |    1.349 | 
     | U3465                | CI ^ -> S v  | FA_X1     | 0.096 |   0.730 |    1.446 | 
     | U3510                | A v -> S ^   | FA_X1     | 0.120 |   0.850 |    1.565 | 
     | U3691                | CI ^ -> S v  | FA_X1     | 0.098 |   0.948 |    1.663 | 
     | U3895                | B v -> CO v  | FA_X1     | 0.085 |   1.033 |    1.748 | 
     | U3894                | B v -> CO v  | FA_X1     | 0.088 |   1.121 |    1.836 | 
     | U3893                | B v -> CO v  | FA_X1     | 0.086 |   1.207 |    1.922 | 
     | U3892                | B v -> CO v  | FA_X1     | 0.083 |   1.290 |    2.005 | 
     | U4336                | CI v -> CO v | FA_X1     | 0.073 |   1.363 |    2.078 | 
     | U5257                | CI v -> CO v | FA_X1     | 0.073 |   1.436 |    2.151 | 
     | U5247                | CI v -> CO v | FA_X1     | 0.075 |   1.511 |    2.227 | 
     | U5259                | CI v -> CO v | FA_X1     | 0.073 |   1.584 |    2.299 | 
     | U3844                | CI v -> S v  | FA_X1     | 0.090 |   1.675 |    2.390 | 
     | U5246                | CI v -> S ^  | FA_X1     | 0.117 |   1.791 |    2.506 | 
     | U2006                | A1 ^ -> ZN v | NOR2_X1   | 0.016 |   1.807 |    2.522 | 
     | U5268                | A1 v -> ZN ^ | NOR2_X1   | 0.031 |   1.839 |    2.554 | 
     | U5277                | A1 ^ -> ZN v | NAND2_X1  | 0.016 |   1.855 |    2.570 | 
     | U5285                | B2 v -> ZN ^ | OAI21_X1  | 0.047 |   1.902 |    2.617 | 
     | U2068                | A2 ^ -> ZN v | NAND2_X1  | 0.022 |   1.924 |    2.639 | 
     | U2024                | C2 v -> ZN ^ | OAI211_X1 | 0.085 |   2.009 |    2.724 | 
     | U2022                | A ^ -> ZN v  | INV_X1    | 0.007 |   2.016 |    2.731 | 
     | U1709                | A2 v -> ZN v | OR2_X1    | 0.051 |   2.067 |    2.782 | 
     | U1975                | A1 v -> ZN ^ | NAND2_X1  | 0.019 |   2.086 |    2.801 | 
     | U1567                | A1 ^ -> ZN ^ | AND2_X1   | 0.035 |   2.121 |    2.836 | 
     | U1909                | A2 ^ -> ZN ^ | OR2_X1    | 0.025 |   2.145 |    2.860 | 
     | U2092                | A1 ^ -> ZN v | NAND2_X1  | 0.013 |   2.158 |    2.874 | 
     | U2197                | A v -> ZN v  | XNOR2_X1  | 0.036 |   2.195 |    2.910 | 
     | U5906                | A1 v -> ZN v | OR2_X1    | 0.044 |   2.239 |    2.954 | 
     | U6156                | A2 v -> ZN ^ | NAND2_X1  | 0.017 |   2.256 |    2.971 | 
     | p_reg_Y_temp_reg_54_ | D ^          | DFFS_X1   | 0.000 |   2.256 |    2.971 | 
     +------------------------------------------------------------------------------+ 
Path 10: MET Setup Check with Pin p_reg_Y_temp_reg_57_/CK 
Endpoint:   p_reg_Y_temp_reg_57_/D (v) checked with  leading edge of 'CLK'
Beginpoint: B_reg_Y_temp_reg_1_/QN (^) triggered by  leading edge of 'CLK'
Path Groups: {CLK}
Analysis View: default
Other End Arrival Time          0.050
- Setup                         0.025
+ Phase Shift                   2.997
- Uncertainty                   0.050
= Required Time                 2.972
- Arrival Time                  2.251
= Slack Time                    0.721
     Clock Rise Edge                 0.000
     + Clock Network Latency (Ideal) 0.050
     = Beginpoint Arrival Time       0.050
     +------------------------------------------------------------------------------+ 
     |       Instance       |     Arc      |   Cell    | Delay | Arrival | Required | 
     |                      |              |           |       |  Time   |   Time   | 
     |----------------------+--------------+-----------+-------+---------+----------| 
     | B_reg_Y_temp_reg_1_  | CK ^         |           |       |   0.050 |    0.771 | 
     | B_reg_Y_temp_reg_1_  | CK ^ -> QN ^ | DFF_X1    | 0.199 |   0.249 |    0.970 | 
     | U1498                | A1 ^ -> ZN ^ | OR2_X1    | 0.150 |   0.399 |    1.119 | 
     | U1715                | A2 ^ -> ZN ^ | OR2_X1    | 0.040 |   0.439 |    1.159 | 
     | U2212                | A2 ^ -> ZN ^ | AND2_X1   | 0.035 |   0.474 |    1.194 | 
     | U3192                | B ^ -> Z ^   | XOR2_X1   | 0.067 |   0.541 |    1.261 | 
     | U3640                | A ^ -> CO ^  | HA_X1     | 0.045 |   0.586 |    1.306 | 
     | U3505                | CI ^ -> CO ^ | FA_X1     | 0.048 |   0.634 |    1.355 | 
     | U3465                | CI ^ -> S v  | FA_X1     | 0.096 |   0.730 |    1.451 | 
     | U3510                | A v -> S ^   | FA_X1     | 0.120 |   0.850 |    1.571 | 
     | U3691                | CI ^ -> S v  | FA_X1     | 0.098 |   0.948 |    1.668 | 
     | U3895                | B v -> CO v  | FA_X1     | 0.085 |   1.033 |    1.754 | 
     | U3894                | B v -> CO v  | FA_X1     | 0.088 |   1.121 |    1.841 | 
     | U3893                | B v -> CO v  | FA_X1     | 0.086 |   1.207 |    1.927 | 
     | U3892                | B v -> CO v  | FA_X1     | 0.083 |   1.290 |    2.010 | 
     | U4336                | CI v -> CO v | FA_X1     | 0.073 |   1.363 |    2.084 | 
     | U5257                | CI v -> CO v | FA_X1     | 0.073 |   1.436 |    2.157 | 
     | U5247                | CI v -> CO v | FA_X1     | 0.075 |   1.511 |    2.232 | 
     | U5259                | CI v -> CO v | FA_X1     | 0.073 |   1.584 |    2.305 | 
     | U3844                | CI v -> S v  | FA_X1     | 0.090 |   1.675 |    2.395 | 
     | U5246                | CI v -> S ^  | FA_X1     | 0.117 |   1.791 |    2.512 | 
     | U2006                | A1 ^ -> ZN v | NOR2_X1   | 0.016 |   1.807 |    2.528 | 
     | U5268                | A1 v -> ZN ^ | NOR2_X1   | 0.031 |   1.839 |    2.559 | 
     | U5277                | A1 ^ -> ZN v | NAND2_X1  | 0.016 |   1.855 |    2.575 | 
     | U5285                | B2 v -> ZN ^ | OAI21_X1  | 0.047 |   1.902 |    2.622 | 
     | U2068                | A2 ^ -> ZN v | NAND2_X1  | 0.022 |   1.924 |    2.644 | 
     | U2024                | C2 v -> ZN ^ | OAI211_X1 | 0.085 |   2.009 |    2.730 | 
     | U1691                | A1 ^ -> ZN v | NAND2_X1  | 0.017 |   2.026 |    2.747 | 
     | U1690                | A1 v -> ZN v | AND2_X1   | 0.036 |   2.062 |    2.782 | 
     | U2046                | B2 v -> ZN ^ | OAI21_X1  | 0.044 |   2.106 |    2.826 | 
     | U1689                | A1 ^ -> ZN v | NAND2_X1  | 0.025 |   2.131 |    2.851 | 
     | U1956                | C1 v -> ZN ^ | OAI211_X1 | 0.035 |   2.165 |    2.886 | 
     | U2193                | A ^ -> Z ^   | XOR2_X1   | 0.047 |   2.212 |    2.933 | 
     | U5909                | A1 ^ -> ZN ^ | OR2_X1    | 0.026 |   2.238 |    2.959 | 
     | U6162                | A2 ^ -> ZN v | NAND2_X1  | 0.013 |   2.251 |    2.972 | 
     | p_reg_Y_temp_reg_57_ | D v          | DFF_X1    | 0.000 |   2.251 |    2.972 | 
     +------------------------------------------------------------------------------+ 

