 -------------------------------------------------------------------------------------------------- 
| Snapshot           | WNS               | TNS | Density (%) | Resource               | DRVs       |
|                    | HEPG (ns) | ALL (ns)    |             | Real (s) | Memory (MB) | Tran | Cap |
|--------------------+-----------+-------+-----+-------------+----------+-------------+------+-----|
| initial_summary    |     1.227 | 1.227 |   0 |       60.42 | 0:00:04  |        6177 |    0 |   0 |
| ccopt_pro          |           |       |     |             | 0:00:01  |        7177 |      |     |
| route_type_fixing  |           |       |     |             | 0:00:00  |        6441 |      |     |
| pre_route_summary  |     1.227 | 1.227 |   0 |       60.42 | 0:00:01  |        6441 |    0 |   0 |
| eco_route          |           |       |     |             | 0:00:02  |        6441 |      |     |
| post_route_summary |     1.228 | 1.228 |   0 |       60.42 | 0:00:01  |        6177 |    0 |   0 |
| final_summary      |     1.228 | 1.228 |   0 |       60.42 | 0:00:03  |        6177 |    0 |   0 |
 -------------------------------------------------------------------------------------------------- 
