###############################################################
#  Generated by:      Cadence Innovus 23.35-s106_1
#  OS:                Linux x86_64(Host ID microsys.openstack.polito)
#  Generated on:      Sat Oct 10 22:57:06 2026
#  Design:            boothmul_registered
#  Command:           report_timing -max_paths 10 > reports/04_preCTS_setup_paths.rpt
###############################################################
Path 1: MET Setup Check with Pin p_reg_Y_temp_reg_63_/CK 
Endpoint:   p_reg_Y_temp_reg_63_/D (v) checked with  leading edge of 'CLK'
Beginpoint: B_reg_Y_temp_reg_1_/QN (v) triggered by  leading edge of 'CLK'
Path Groups: {CLK}
Analysis View: default
Other End Arrival Time          0.050
- Setup                         0.026
+ Phase Shift                   4.268
- Uncertainty                   0.050
= Required Time                 4.242
- Arrival Time                  3.298
= Slack Time                    0.944
     Clock Rise Edge                 0.000
     + Clock Network Latency (Ideal) 0.050
     = Beginpoint Arrival Time       0.050
     +------------------------------------------------------------------------------+ 
     |       Instance       |     Arc      |   Cell    | Delay | Arrival | Required | 
     |                      |              |           |       |  Time   |   Time   | 
     |----------------------+--------------+-----------+-------+---------+----------| 
     | B_reg_Y_temp_reg_1_  | CK ^         |           |       |   0.050 |    0.994 | 
     | B_reg_Y_temp_reg_1_  | CK ^ -> QN v | DFF_X1    | 0.134 |   0.184 |    1.128 | 
     | U3673                | A1 v -> ZN ^ | NOR2_X1   | 0.049 |   0.233 |    1.177 | 
     | U3674                | A2 ^ -> ZN v | NOR2_X1   | 0.037 |   0.270 |    1.214 | 
     | FE_OFC12_n4302       | A v -> Z v   | CLKBUF_X1 | 0.142 |   0.412 |    1.356 | 
     | FE_DBTC2_n4302       | A v -> ZN ^  | INV_X2    | 0.134 |   0.545 |    1.490 | 
     | U3676                | A2 ^ -> ZN v | AOI22_X1  | 0.031 |   0.576 |    1.521 | 
     | FE_OFC62_n4340       | A v -> Z v   | CLKBUF_X1 | 0.108 |   0.684 |    1.629 | 
     | U3647                | A v -> ZN ^  | INV_X1    | 0.090 |   0.774 |    1.718 | 
     | U3706                | B1 ^ -> ZN v | AOI22_X1  | 0.030 |   0.804 |    1.748 | 
     | FE_OFC71_n3792       | A v -> Z v   | CLKBUF_X2 | 0.138 |   0.942 |    1.887 | 
     | U3707                | A v -> ZN ^  | INV_X1    | 0.145 |   1.087 |    2.031 | 
     | U3798                | B1 ^ -> ZN v | AOI22_X1  | 0.087 |   1.174 |    2.118 | 
     | U3803                | A v -> ZN v  | XNOR2_X1  | 0.060 |   1.234 |    2.178 | 
     | U3804                | B v -> ZN v  | XNOR2_X1  | 0.049 |   1.283 |    2.227 | 
     | U3806                | A v -> ZN v  | XNOR2_X1  | 0.042 |   1.325 |    2.269 | 
     | U3807                | B v -> ZN v  | XNOR2_X1  | 0.061 |   1.386 |    2.330 | 
     | U3869                | B1 v -> ZN ^ | AOI222_X1 | 0.101 |   1.487 |    2.431 | 
     | U3870                | A2 ^ -> ZN v | NOR2_X1   | 0.025 |   1.512 |    2.456 | 
     | U4911                | A1 v -> ZN v | OR3_X1    | 0.069 |   1.581 |    2.525 | 
     | U4912                | A2 v -> ZN ^ | NOR2_X1   | 0.031 |   1.612 |    2.556 | 
     | U4914                | A1 ^ -> ZN v | NOR2_X1   | 0.011 |   1.622 |    2.567 | 
     | U4921                | B1 v -> ZN ^ | AOI21_X1  | 0.061 |   1.683 |    2.628 | 
     | U4922                | A ^ -> ZN v  | INV_X1    | 0.028 |   1.712 |    2.656 | 
     | U4938                | B2 v -> ZN ^ | OAI21_X1  | 0.037 |   1.748 |    2.693 | 
     | U4939                | B ^ -> ZN v  | OAI211_X1 | 0.029 |   1.778 |    2.722 | 
     | U4942                | B2 v -> ZN ^ | OAI221_X1 | 0.113 |   1.891 |    2.835 | 
     | U4943                | A ^ -> ZN v  | INV_X1    | 0.027 |   1.918 |    2.863 | 
     | U4949                | B1 v -> ZN ^ | OAI21_X1  | 0.036 |   1.954 |    2.899 | 
     | U4950                | B2 ^ -> ZN v | AOI22_X1  | 0.024 |   1.978 |    2.923 | 
     | U4954                | B1 v -> ZN ^ | AOI21_X1  | 0.076 |   2.054 |    2.998 | 
     | U4956                | B1 ^ -> ZN v | AOI21_X1  | 0.023 |   2.077 |    3.022 | 
     | U4960                | B1 v -> ZN ^ | OAI22_X1  | 0.050 |   2.127 |    3.071 | 
     | U4962                | B1 ^ -> ZN v | OAI221_X1 | 0.057 |   2.185 |    3.129 | 
     | U4963                | A v -> ZN ^  | INV_X1    | 0.042 |   2.227 |    3.171 | 
     | U4964                | B1 ^ -> ZN v | OAI22_X1  | 0.023 |   2.250 |    3.194 | 
     | U4971                | C2 v -> ZN ^ | OAI211_X1 | 0.047 |   2.297 |    3.242 | 
     | U5518                | C1 ^ -> ZN v | AOI221_X1 | 0.022 |   2.319 |    3.264 | 
     | U5519                | A2 v -> ZN ^ | NOR2_X1   | 0.048 |   2.367 |    3.312 | 
     | U5530                | A ^ -> ZN v  | INV_X1    | 0.010 |   2.378 |    3.322 | 
     | U5531                | C1 v -> ZN ^ | AOI211_X1 | 0.038 |   2.416 |    3.360 | 
     | U5532                | A ^ -> ZN v  | AOI211_X1 | 0.021 |   2.437 |    3.381 | 
     | U5533                | B v -> ZN ^  | AOI211_X1 | 0.136 |   2.573 |    3.517 | 
     | U5601                | A1 ^ -> ZN v | NAND3_X1  | 0.056 |   2.629 |    3.573 | 
     | U5938                | A1 v -> ZN ^ | NOR3_X1   | 0.080 |   2.709 |    3.653 | 
     | U6693                | A1 ^ -> ZN v | NAND2_X1  | 0.020 |   2.729 |    3.673 | 
     | U6694                | C2 v -> ZN ^ | OAI221_X1 | 0.051 |   2.780 |    3.724 | 
     | U6695                | A2 ^ -> ZN v | NAND2_X1  | 0.030 |   2.810 |    3.754 | 
     | U6831                | B2 v -> ZN ^ | AOI22_X1  | 0.049 |   2.859 |    3.803 | 
     | U6833                | B1 ^ -> ZN v | AOI21_X1  | 0.032 |   2.891 |    3.835 | 
     | U6987                | B1 v -> ZN ^ | AOI221_X1 | 0.076 |   2.968 |    3.912 | 
     | U6988                | B1 ^ -> ZN v | AOI21_X1  | 0.031 |   2.999 |    3.943 | 
     | U7034                | A1 v -> ZN ^ | NOR2_X1   | 0.044 |   3.043 |    3.987 | 
     | U7053                | A ^ -> ZN v  | INV_X1    | 0.010 |   3.053 |    3.997 | 
     | U7054                | B2 v -> ZN ^ | AOI22_X1  | 0.045 |   3.098 |    4.042 | 
     | U7056                | B1 ^ -> ZN v | AOI22_X1  | 0.025 |   3.123 |    4.067 | 
     | U7057                | A v -> ZN ^  | OAI21_X1  | 0.022 |   3.145 |    4.089 | 
     | U7058                | A ^ -> ZN v  | OAI21_X1  | 0.026 |   3.170 |    4.115 | 
     | U3285                | A1 v -> ZN v | AND2_X1   | 0.041 |   3.212 |    4.156 | 
     | U3287                | B1 v -> ZN ^ | AOI222_X1 | 0.078 |   3.289 |    4.234 | 
     | U3288                | A ^ -> ZN v  | INV_X1    | 0.008 |   3.298 |    4.242 | 
     | p_reg_Y_temp_reg_63_ | D v          | DFF_X1    | 0.000 |   3.298 |    4.242 | 
     +------------------------------------------------------------------------------+ 
Path 2: MET Setup Check with Pin p_reg_Y_temp_reg_62_/CK 
Endpoint:   p_reg_Y_temp_reg_62_/D (v) checked with  leading edge of 'CLK'
Beginpoint: B_reg_Y_temp_reg_1_/QN (v) triggered by  leading edge of 'CLK'
Path Groups: {CLK}
Analysis View: default
Other End Arrival Time          0.050
- Setup                         0.026
+ Phase Shift                   4.268
- Uncertainty                   0.050
= Required Time                 4.242
- Arrival Time                  3.296
= Slack Time                    0.946
     Clock Rise Edge                 0.000
     + Clock Network Latency (Ideal) 0.050
     = Beginpoint Arrival Time       0.050
     +------------------------------------------------------------------------------+ 
     |       Instance       |     Arc      |   Cell    | Delay | Arrival | Required | 
     |                      |              |           |       |  Time   |   Time   | 
     |----------------------+--------------+-----------+-------+---------+----------| 
     | B_reg_Y_temp_reg_1_  | CK ^         |           |       |   0.050 |    0.996 | 
     | B_reg_Y_temp_reg_1_  | CK ^ -> QN v | DFF_X1    | 0.134 |   0.184 |    1.130 | 
     | U3673                | A1 v -> ZN ^ | NOR2_X1   | 0.049 |   0.233 |    1.179 | 
     | U3674                | A2 ^ -> ZN v | NOR2_X1   | 0.037 |   0.270 |    1.216 | 
     | FE_OFC12_n4302       | A v -> Z v   | CLKBUF_X1 | 0.142 |   0.412 |    1.358 | 
     | FE_DBTC2_n4302       | A v -> ZN ^  | INV_X2    | 0.134 |   0.545 |    1.491 | 
     | U3676                | A2 ^ -> ZN v | AOI22_X1  | 0.031 |   0.576 |    1.522 | 
     | FE_OFC62_n4340       | A v -> Z v   | CLKBUF_X1 | 0.108 |   0.684 |    1.630 | 
     | U3647                | A v -> ZN ^  | INV_X1    | 0.090 |   0.774 |    1.720 | 
     | U3706                | B1 ^ -> ZN v | AOI22_X1  | 0.030 |   0.804 |    1.750 | 
     | FE_OFC71_n3792       | A v -> Z v   | CLKBUF_X2 | 0.138 |   0.942 |    1.888 | 
     | U3707                | A v -> ZN ^  | INV_X1    | 0.145 |   1.087 |    2.033 | 
     | U3798                | B1 ^ -> ZN v | AOI22_X1  | 0.087 |   1.174 |    2.120 | 
     | U3803                | A v -> ZN v  | XNOR2_X1  | 0.060 |   1.234 |    2.180 | 
     | U3804                | B v -> ZN v  | XNOR2_X1  | 0.049 |   1.283 |    2.229 | 
     | U3806                | A v -> ZN v  | XNOR2_X1  | 0.042 |   1.325 |    2.271 | 
     | U3807                | B v -> ZN v  | XNOR2_X1  | 0.061 |   1.386 |    2.332 | 
     | U3869                | B1 v -> ZN ^ | AOI222_X1 | 0.101 |   1.487 |    2.433 | 
     | U3870                | A2 ^ -> ZN v | NOR2_X1   | 0.025 |   1.512 |    2.458 | 
     | U4911                | A1 v -> ZN v | OR3_X1    | 0.069 |   1.581 |    2.527 | 
     | U4912                | A2 v -> ZN ^ | NOR2_X1   | 0.031 |   1.612 |    2.558 | 
     | U4914                | A1 ^ -> ZN v | NOR2_X1   | 0.011 |   1.622 |    2.568 | 
     | U4921                | B1 v -> ZN ^ | AOI21_X1  | 0.061 |   1.683 |    2.629 | 
     | U4922                | A ^ -> ZN v  | INV_X1    | 0.028 |   1.712 |    2.658 | 
     | U4938                | B2 v -> ZN ^ | OAI21_X1  | 0.037 |   1.748 |    2.694 | 
     | U4939                | B ^ -> ZN v  | OAI211_X1 | 0.029 |   1.778 |    2.724 | 
     | U4942                | B2 v -> ZN ^ | OAI221_X1 | 0.113 |   1.891 |    2.837 | 
     | U4943                | A ^ -> ZN v  | INV_X1    | 0.027 |   1.918 |    2.864 | 
     | U4949                | B1 v -> ZN ^ | OAI21_X1  | 0.036 |   1.954 |    2.900 | 
     | U4950                | B2 ^ -> ZN v | AOI22_X1  | 0.024 |   1.978 |    2.924 | 
     | U4954                | B1 v -> ZN ^ | AOI21_X1  | 0.076 |   2.054 |    3.000 | 
     | U4956                | B1 ^ -> ZN v | AOI21_X1  | 0.023 |   2.077 |    3.023 | 
     | U4960                | B1 v -> ZN ^ | OAI22_X1  | 0.050 |   2.127 |    3.073 | 
     | U4962                | B1 ^ -> ZN v | OAI221_X1 | 0.057 |   2.185 |    3.131 | 
     | U4963                | A v -> ZN ^  | INV_X1    | 0.042 |   2.227 |    3.173 | 
     | U4964                | B1 ^ -> ZN v | OAI22_X1  | 0.023 |   2.250 |    3.196 | 
     | U4971                | C2 v -> ZN ^ | OAI211_X1 | 0.047 |   2.297 |    3.243 | 
     | U5518                | C1 ^ -> ZN v | AOI221_X1 | 0.022 |   2.319 |    3.265 | 
     | U5519                | A2 v -> ZN ^ | NOR2_X1   | 0.048 |   2.367 |    3.313 | 
     | U5530                | A ^ -> ZN v  | INV_X1    | 0.010 |   2.378 |    3.324 | 
     | U5531                | C1 v -> ZN ^ | AOI211_X1 | 0.038 |   2.416 |    3.362 | 
     | U5532                | A ^ -> ZN v  | AOI211_X1 | 0.021 |   2.437 |    3.383 | 
     | U5533                | B v -> ZN ^  | AOI211_X1 | 0.136 |   2.573 |    3.519 | 
     | U5601                | A1 ^ -> ZN v | NAND3_X1  | 0.056 |   2.629 |    3.575 | 
     | U5938                | A1 v -> ZN ^ | NOR3_X1   | 0.080 |   2.709 |    3.655 | 
     | U6693                | A1 ^ -> ZN v | NAND2_X1  | 0.020 |   2.729 |    3.675 | 
     | U6694                | C2 v -> ZN ^ | OAI221_X1 | 0.051 |   2.780 |    3.726 | 
     | U6695                | A2 ^ -> ZN v | NAND2_X1  | 0.030 |   2.810 |    3.756 | 
     | U6831                | B2 v -> ZN ^ | AOI22_X1  | 0.049 |   2.859 |    3.805 | 
     | U6833                | B1 ^ -> ZN v | AOI21_X1  | 0.032 |   2.891 |    3.837 | 
     | U6987                | B1 v -> ZN ^ | AOI221_X1 | 0.076 |   2.968 |    3.914 | 
     | U6988                | B1 ^ -> ZN v | AOI21_X1  | 0.031 |   2.999 |    3.945 | 
     | U7034                | A1 v -> ZN ^ | NOR2_X1   | 0.044 |   3.043 |    3.989 | 
     | U7053                | A ^ -> ZN v  | INV_X1    | 0.010 |   3.053 |    3.999 | 
     | U7054                | B2 v -> ZN ^ | AOI22_X1  | 0.045 |   3.098 |    4.044 | 
     | U7056                | B1 ^ -> ZN v | AOI22_X1  | 0.025 |   3.123 |    4.069 | 
     | U7057                | A v -> ZN ^  | OAI21_X1  | 0.022 |   3.145 |    4.091 | 
     | U7058                | A ^ -> ZN v  | OAI21_X1  | 0.026 |   3.170 |    4.116 | 
     | U3285                | A1 v -> ZN v | AND2_X1   | 0.041 |   3.212 |    4.158 | 
     | U3290                | B1 v -> ZN ^ | AOI222_X1 | 0.077 |   3.288 |    4.234 | 
     | U3291                | A ^ -> ZN v  | INV_X1    | 0.008 |   3.296 |    4.242 | 
     | p_reg_Y_temp_reg_62_ | D v          | DFF_X1    | 0.000 |   3.296 |    4.242 | 
     +------------------------------------------------------------------------------+ 
Path 3: MET Setup Check with Pin p_reg_Y_temp_reg_61_/CK 
Endpoint:   p_reg_Y_temp_reg_61_/D (v) checked with  leading edge of 'CLK'
Beginpoint: B_reg_Y_temp_reg_1_/QN (v) triggered by  leading edge of 'CLK'
Path Groups: {CLK}
Analysis View: default
Other End Arrival Time          0.050
- Setup                         0.026
+ Phase Shift                   4.268
- Uncertainty                   0.050
= Required Time                 4.242
- Arrival Time                  3.296
= Slack Time                    0.946
     Clock Rise Edge                 0.000
     + Clock Network Latency (Ideal) 0.050
     = Beginpoint Arrival Time       0.050
     +------------------------------------------------------------------------------+ 
     |       Instance       |     Arc      |   Cell    | Delay | Arrival | Required | 
     |                      |              |           |       |  Time   |   Time   | 
     |----------------------+--------------+-----------+-------+---------+----------| 
     | B_reg_Y_temp_reg_1_  | CK ^         |           |       |   0.050 |    0.996 | 
     | B_reg_Y_temp_reg_1_  | CK ^ -> QN v | DFF_X1    | 0.134 |   0.184 |    1.130 | 
     | U3673                | A1 v -> ZN ^ | NOR2_X1   | 0.049 |   0.233 |    1.179 | 
     | U3674                | A2 ^ -> ZN v | NOR2_X1   | 0.037 |   0.270 |    1.216 | 
     | FE_OFC12_n4302       | A v -> Z v   | CLKBUF_X1 | 0.142 |   0.412 |    1.358 | 
     | FE_DBTC2_n4302       | A v -> ZN ^  | INV_X2    | 0.134 |   0.545 |    1.492 | 
     | U3676                | A2 ^ -> ZN v | AOI22_X1  | 0.031 |   0.576 |    1.523 | 
     | FE_OFC62_n4340       | A v -> Z v   | CLKBUF_X1 | 0.108 |   0.684 |    1.630 | 
     | U3647                | A v -> ZN ^  | INV_X1    | 0.090 |   0.774 |    1.720 | 
     | U3706                | B1 ^ -> ZN v | AOI22_X1  | 0.030 |   0.804 |    1.750 | 
     | FE_OFC71_n3792       | A v -> Z v   | CLKBUF_X2 | 0.138 |   0.942 |    1.889 | 
     | U3707                | A v -> ZN ^  | INV_X1    | 0.145 |   1.087 |    2.033 | 
     | U3798                | B1 ^ -> ZN v | AOI22_X1  | 0.087 |   1.174 |    2.120 | 
     | U3803                | A v -> ZN v  | XNOR2_X1  | 0.060 |   1.234 |    2.180 | 
     | U3804                | B v -> ZN v  | XNOR2_X1  | 0.049 |   1.283 |    2.229 | 
     | U3806                | A v -> ZN v  | XNOR2_X1  | 0.042 |   1.325 |    2.271 | 
     | U3807                | B v -> ZN v  | XNOR2_X1  | 0.061 |   1.386 |    2.332 | 
     | U3869                | B1 v -> ZN ^ | AOI222_X1 | 0.101 |   1.487 |    2.433 | 
     | U3870                | A2 ^ -> ZN v | NOR2_X1   | 0.025 |   1.512 |    2.458 | 
     | U4911                | A1 v -> ZN v | OR3_X1    | 0.069 |   1.581 |    2.527 | 
     | U4912                | A2 v -> ZN ^ | NOR2_X1   | 0.031 |   1.612 |    2.558 | 
     | U4914                | A1 ^ -> ZN v | NOR2_X1   | 0.011 |   1.622 |    2.568 | 
     | U4921                | B1 v -> ZN ^ | AOI21_X1  | 0.061 |   1.683 |    2.629 | 
     | U4922                | A ^ -> ZN v  | INV_X1    | 0.028 |   1.712 |    2.658 | 
     | U4938                | B2 v -> ZN ^ | OAI21_X1  | 0.037 |   1.748 |    2.694 | 
     | U4939                | B ^ -> ZN v  | OAI211_X1 | 0.029 |   1.778 |    2.724 | 
     | U4942                | B2 v -> ZN ^ | OAI221_X1 | 0.113 |   1.891 |    2.837 | 
     | U4943                | A ^ -> ZN v  | INV_X1    | 0.027 |   1.918 |    2.864 | 
     | U4949                | B1 v -> ZN ^ | OAI21_X1  | 0.036 |   1.954 |    2.900 | 
     | U4950                | B2 ^ -> ZN v | AOI22_X1  | 0.024 |   1.978 |    2.924 | 
     | U4954                | B1 v -> ZN ^ | AOI21_X1  | 0.076 |   2.054 |    3.000 | 
     | U4956                | B1 ^ -> ZN v | AOI21_X1  | 0.023 |   2.077 |    3.023 | 
     | U4960                | B1 v -> ZN ^ | OAI22_X1  | 0.050 |   2.127 |    3.073 | 
     | U4962                | B1 ^ -> ZN v | OAI221_X1 | 0.057 |   2.185 |    3.131 | 
     | U4963                | A v -> ZN ^  | INV_X1    | 0.042 |   2.227 |    3.173 | 
     | U4964                | B1 ^ -> ZN v | OAI22_X1  | 0.023 |   2.250 |    3.196 | 
     | U4971                | C2 v -> ZN ^ | OAI211_X1 | 0.047 |   2.297 |    3.243 | 
     | U5518                | C1 ^ -> ZN v | AOI221_X1 | 0.022 |   2.319 |    3.265 | 
     | U5519                | A2 v -> ZN ^ | NOR2_X1   | 0.048 |   2.367 |    3.314 | 
     | U5530                | A ^ -> ZN v  | INV_X1    | 0.010 |   2.378 |    3.324 | 
     | U5531                | C1 v -> ZN ^ | AOI211_X1 | 0.038 |   2.416 |    3.362 | 
     | U5532                | A ^ -> ZN v  | AOI211_X1 | 0.021 |   2.437 |    3.383 | 
     | U5533                | B v -> ZN ^  | AOI211_X1 | 0.136 |   2.573 |    3.519 | 
     | U5601                | A1 ^ -> ZN v | NAND3_X1  | 0.056 |   2.629 |    3.575 | 
     | U5938                | A1 v -> ZN ^ | NOR3_X1   | 0.080 |   2.709 |    3.655 | 
     | U6693                | A1 ^ -> ZN v | NAND2_X1  | 0.020 |   2.729 |    3.675 | 
     | U6694                | C2 v -> ZN ^ | OAI221_X1 | 0.051 |   2.780 |    3.726 | 
     | U6695                | A2 ^ -> ZN v | NAND2_X1  | 0.030 |   2.810 |    3.756 | 
     | U6831                | B2 v -> ZN ^ | AOI22_X1  | 0.049 |   2.859 |    3.805 | 
     | U6833                | B1 ^ -> ZN v | AOI21_X1  | 0.032 |   2.891 |    3.837 | 
     | U6987                | B1 v -> ZN ^ | AOI221_X1 | 0.076 |   2.968 |    3.914 | 
     | U6988                | B1 ^ -> ZN v | AOI21_X1  | 0.031 |   2.999 |    3.945 | 
     | U7034                | A1 v -> ZN ^ | NOR2_X1   | 0.044 |   3.043 |    3.989 | 
     | U7053                | A ^ -> ZN v  | INV_X1    | 0.010 |   3.053 |    3.999 | 
     | U7054                | B2 v -> ZN ^ | AOI22_X1  | 0.045 |   3.098 |    4.044 | 
     | U7056                | B1 ^ -> ZN v | AOI22_X1  | 0.025 |   3.123 |    4.069 | 
     | U7057                | A v -> ZN ^  | OAI21_X1  | 0.022 |   3.145 |    4.091 | 
     | U7058                | A ^ -> ZN v  | OAI21_X1  | 0.026 |   3.170 |    4.117 | 
     | U3285                | A1 v -> ZN v | AND2_X1   | 0.041 |   3.212 |    4.158 | 
     | U3292                | B1 v -> ZN ^ | AOI222_X1 | 0.076 |   3.288 |    4.234 | 
     | U3293                | A ^ -> ZN v  | INV_X1    | 0.008 |   3.296 |    4.242 | 
     | p_reg_Y_temp_reg_61_ | D v          | DFF_X1    | 0.000 |   3.296 |    4.242 | 
     +------------------------------------------------------------------------------+ 
Path 4: MET Setup Check with Pin p_reg_Y_temp_reg_60_/CK 
Endpoint:   p_reg_Y_temp_reg_60_/D (^) checked with  leading edge of 'CLK'
Beginpoint: B_reg_Y_temp_reg_1_/QN (v) triggered by  leading edge of 'CLK'
Path Groups: {CLK}
Analysis View: default
Other End Arrival Time          0.050
- Setup                         0.028
+ Phase Shift                   4.268
- Uncertainty                   0.050
= Required Time                 4.239
- Arrival Time                  3.266
= Slack Time                    0.974
     Clock Rise Edge                 0.000
     + Clock Network Latency (Ideal) 0.050
     = Beginpoint Arrival Time       0.050
     +------------------------------------------------------------------------------+ 
     |       Instance       |     Arc      |   Cell    | Delay | Arrival | Required | 
     |                      |              |           |       |  Time   |   Time   | 
     |----------------------+--------------+-----------+-------+---------+----------| 
     | B_reg_Y_temp_reg_1_  | CK ^         |           |       |   0.050 |    1.024 | 
     | B_reg_Y_temp_reg_1_  | CK ^ -> QN v | DFF_X1    | 0.134 |   0.184 |    1.158 | 
     | U3673                | A1 v -> ZN ^ | NOR2_X1   | 0.049 |   0.233 |    1.207 | 
     | U3674                | A2 ^ -> ZN v | NOR2_X1   | 0.037 |   0.270 |    1.244 | 
     | FE_OFC12_n4302       | A v -> Z v   | CLKBUF_X1 | 0.142 |   0.412 |    1.385 | 
     | FE_DBTC2_n4302       | A v -> ZN ^  | INV_X2    | 0.134 |   0.545 |    1.519 | 
     | U3676                | A2 ^ -> ZN v | AOI22_X1  | 0.031 |   0.576 |    1.550 | 
     | FE_OFC62_n4340       | A v -> Z v   | CLKBUF_X1 | 0.108 |   0.684 |    1.658 | 
     | U3647                | A v -> ZN ^  | INV_X1    | 0.090 |   0.774 |    1.748 | 
     | U3706                | B1 ^ -> ZN v | AOI22_X1  | 0.030 |   0.804 |    1.778 | 
     | FE_OFC71_n3792       | A v -> Z v   | CLKBUF_X2 | 0.138 |   0.942 |    1.916 | 
     | U3707                | A v -> ZN ^  | INV_X1    | 0.145 |   1.087 |    2.061 | 
     | U3798                | B1 ^ -> ZN v | AOI22_X1  | 0.087 |   1.174 |    2.148 | 
     | U3803                | A v -> ZN v  | XNOR2_X1  | 0.060 |   1.234 |    2.208 | 
     | U3804                | B v -> ZN v  | XNOR2_X1  | 0.049 |   1.283 |    2.257 | 
     | U3806                | A v -> ZN v  | XNOR2_X1  | 0.042 |   1.325 |    2.299 | 
     | U3807                | B v -> ZN v  | XNOR2_X1  | 0.061 |   1.386 |    2.360 | 
     | U3869                | B1 v -> ZN ^ | AOI222_X1 | 0.101 |   1.487 |    2.460 | 
     | U3870                | A2 ^ -> ZN v | NOR2_X1   | 0.025 |   1.512 |    2.486 | 
     | U4911                | A1 v -> ZN v | OR3_X1    | 0.069 |   1.581 |    2.555 | 
     | U4912                | A2 v -> ZN ^ | NOR2_X1   | 0.031 |   1.612 |    2.585 | 
     | U4914                | A1 ^ -> ZN v | NOR2_X1   | 0.011 |   1.622 |    2.596 | 
     | U4921                | B1 v -> ZN ^ | AOI21_X1  | 0.061 |   1.683 |    2.657 | 
     | U4922                | A ^ -> ZN v  | INV_X1    | 0.028 |   1.712 |    2.685 | 
     | U4938                | B2 v -> ZN ^ | OAI21_X1  | 0.037 |   1.748 |    2.722 | 
     | U4939                | B ^ -> ZN v  | OAI211_X1 | 0.029 |   1.778 |    2.751 | 
     | U4942                | B2 v -> ZN ^ | OAI221_X1 | 0.113 |   1.891 |    2.865 | 
     | U4943                | A ^ -> ZN v  | INV_X1    | 0.027 |   1.918 |    2.892 | 
     | U4949                | B1 v -> ZN ^ | OAI21_X1  | 0.036 |   1.954 |    2.928 | 
     | U4950                | B2 ^ -> ZN v | AOI22_X1  | 0.024 |   1.978 |    2.952 | 
     | U4954                | B1 v -> ZN ^ | AOI21_X1  | 0.076 |   2.054 |    3.028 | 
     | U4956                | B1 ^ -> ZN v | AOI21_X1  | 0.023 |   2.077 |    3.051 | 
     | U4960                | B1 v -> ZN ^ | OAI22_X1  | 0.050 |   2.127 |    3.101 | 
     | U4962                | B1 ^ -> ZN v | OAI221_X1 | 0.057 |   2.185 |    3.158 | 
     | U4963                | A v -> ZN ^  | INV_X1    | 0.042 |   2.227 |    3.201 | 
     | U4964                | B1 ^ -> ZN v | OAI22_X1  | 0.023 |   2.250 |    3.224 | 
     | U4971                | C2 v -> ZN ^ | OAI211_X1 | 0.047 |   2.297 |    3.271 | 
     | U5518                | C1 ^ -> ZN v | AOI221_X1 | 0.022 |   2.319 |    3.293 | 
     | U5519                | A2 v -> ZN ^ | NOR2_X1   | 0.048 |   2.367 |    3.341 | 
     | U5530                | A ^ -> ZN v  | INV_X1    | 0.010 |   2.378 |    3.352 | 
     | U5531                | C1 v -> ZN ^ | AOI211_X1 | 0.038 |   2.416 |    3.389 | 
     | U5532                | A ^ -> ZN v  | AOI211_X1 | 0.021 |   2.437 |    3.411 | 
     | U5533                | B v -> ZN ^  | AOI211_X1 | 0.136 |   2.573 |    3.547 | 
     | U5601                | A1 ^ -> ZN v | NAND3_X1  | 0.056 |   2.629 |    3.603 | 
     | U5938                | A1 v -> ZN ^ | NOR3_X1   | 0.080 |   2.709 |    3.683 | 
     | U6693                | A1 ^ -> ZN v | NAND2_X1  | 0.020 |   2.729 |    3.702 | 
     | U6694                | C2 v -> ZN ^ | OAI221_X1 | 0.051 |   2.780 |    3.754 | 
     | U6695                | A2 ^ -> ZN v | NAND2_X1  | 0.030 |   2.810 |    3.784 | 
     | U6831                | B2 v -> ZN ^ | AOI22_X1  | 0.049 |   2.859 |    3.832 | 
     | U6833                | B1 ^ -> ZN v | AOI21_X1  | 0.032 |   2.891 |    3.865 | 
     | U6987                | B1 v -> ZN ^ | AOI221_X1 | 0.076 |   2.968 |    3.941 | 
     | U6988                | B1 ^ -> ZN v | AOI21_X1  | 0.031 |   2.999 |    3.973 | 
     | U7034                | A1 v -> ZN ^ | NOR2_X1   | 0.044 |   3.043 |    4.017 | 
     | U7053                | A ^ -> ZN v  | INV_X1    | 0.010 |   3.053 |    4.027 | 
     | U7054                | B2 v -> ZN ^ | AOI22_X1  | 0.045 |   3.098 |    4.072 | 
     | U7056                | B1 ^ -> ZN v | AOI22_X1  | 0.025 |   3.123 |    4.096 | 
     | U7057                | A v -> ZN ^  | OAI21_X1  | 0.022 |   3.145 |    4.119 | 
     | U7058                | A ^ -> ZN v  | OAI21_X1  | 0.026 |   3.170 |    4.144 | 
     | U3284                | A2 v -> ZN ^ | NOR2_X1   | 0.056 |   3.226 |    4.200 | 
     | U3294                | A ^ -> ZN v  | INV_X1    | 0.010 |   3.236 |    4.210 | 
     | U3296                | B2 v -> ZN ^ | OAI21_X1  | 0.030 |   3.266 |    4.239 | 
     | p_reg_Y_temp_reg_60_ | D ^          | DFF_X1    | 0.000 |   3.266 |    4.239 | 
     +------------------------------------------------------------------------------+ 
Path 5: MET Setup Check with Pin p_reg_Y_temp_reg_59_/CK 
Endpoint:   p_reg_Y_temp_reg_59_/D (v) checked with  leading edge of 'CLK'
Beginpoint: B_reg_Y_temp_reg_1_/QN (v) triggered by  leading edge of 'CLK'
Path Groups: {CLK}
Analysis View: default
Other End Arrival Time          0.050
- Setup                         0.031
+ Phase Shift                   4.268
- Uncertainty                   0.050
= Required Time                 4.237
- Arrival Time                  3.203
= Slack Time                    1.034
     Clock Rise Edge                 0.000
     + Clock Network Latency (Ideal) 0.050
     = Beginpoint Arrival Time       0.050
     +------------------------------------------------------------------------------+ 
     |       Instance       |     Arc      |   Cell    | Delay | Arrival | Required | 
     |                      |              |           |       |  Time   |   Time   | 
     |----------------------+--------------+-----------+-------+---------+----------| 
     | B_reg_Y_temp_reg_1_  | CK ^         |           |       |   0.050 |    1.084 | 
     | B_reg_Y_temp_reg_1_  | CK ^ -> QN v | DFF_X1    | 0.134 |   0.184 |    1.218 | 
     | U3673                | A1 v -> ZN ^ | NOR2_X1   | 0.049 |   0.233 |    1.267 | 
     | U3674                | A2 ^ -> ZN v | NOR2_X1   | 0.037 |   0.270 |    1.304 | 
     | FE_OFC12_n4302       | A v -> Z v   | CLKBUF_X1 | 0.142 |   0.412 |    1.445 | 
     | FE_DBTC2_n4302       | A v -> ZN ^  | INV_X2    | 0.134 |   0.545 |    1.579 | 
     | U3676                | A2 ^ -> ZN v | AOI22_X1  | 0.031 |   0.576 |    1.610 | 
     | FE_OFC62_n4340       | A v -> Z v   | CLKBUF_X1 | 0.108 |   0.684 |    1.718 | 
     | U3647                | A v -> ZN ^  | INV_X1    | 0.090 |   0.774 |    1.808 | 
     | U3706                | B1 ^ -> ZN v | AOI22_X1  | 0.030 |   0.804 |    1.838 | 
     | FE_OFC71_n3792       | A v -> Z v   | CLKBUF_X2 | 0.138 |   0.942 |    1.976 | 
     | U3707                | A v -> ZN ^  | INV_X1    | 0.145 |   1.087 |    2.121 | 
     | U3798                | B1 ^ -> ZN v | AOI22_X1  | 0.087 |   1.174 |    2.208 | 
     | U3803                | A v -> ZN v  | XNOR2_X1  | 0.060 |   1.234 |    2.268 | 
     | U3804                | B v -> ZN v  | XNOR2_X1  | 0.049 |   1.283 |    2.317 | 
     | U3806                | A v -> ZN v  | XNOR2_X1  | 0.042 |   1.325 |    2.359 | 
     | U3807                | B v -> ZN v  | XNOR2_X1  | 0.061 |   1.386 |    2.420 | 
     | U3869                | B1 v -> ZN ^ | AOI222_X1 | 0.101 |   1.487 |    2.520 | 
     | U3870                | A2 ^ -> ZN v | NOR2_X1   | 0.025 |   1.512 |    2.546 | 
     | U4911                | A1 v -> ZN v | OR3_X1    | 0.069 |   1.581 |    2.615 | 
     | U4912                | A2 v -> ZN ^ | NOR2_X1   | 0.031 |   1.612 |    2.646 | 
     | U4914                | A1 ^ -> ZN v | NOR2_X1   | 0.011 |   1.622 |    2.656 | 
     | U4921                | B1 v -> ZN ^ | AOI21_X1  | 0.061 |   1.683 |    2.717 | 
     | U4922                | A ^ -> ZN v  | INV_X1    | 0.028 |   1.712 |    2.746 | 
     | U4938                | B2 v -> ZN ^ | OAI21_X1  | 0.037 |   1.748 |    2.782 | 
     | U4939                | B ^ -> ZN v  | OAI211_X1 | 0.029 |   1.778 |    2.812 | 
     | U4942                | B2 v -> ZN ^ | OAI221_X1 | 0.113 |   1.891 |    2.925 | 
     | U4943                | A ^ -> ZN v  | INV_X1    | 0.027 |   1.918 |    2.952 | 
     | U4949                | B1 v -> ZN ^ | OAI21_X1  | 0.036 |   1.954 |    2.988 | 
     | U4950                | B2 ^ -> ZN v | AOI22_X1  | 0.024 |   1.978 |    3.012 | 
     | U4954                | B1 v -> ZN ^ | AOI21_X1  | 0.076 |   2.054 |    3.088 | 
     | U4956                | B1 ^ -> ZN v | AOI21_X1  | 0.023 |   2.077 |    3.111 | 
     | U4960                | B1 v -> ZN ^ | OAI22_X1  | 0.050 |   2.127 |    3.161 | 
     | U4962                | B1 ^ -> ZN v | OAI221_X1 | 0.057 |   2.185 |    3.218 | 
     | U4963                | A v -> ZN ^  | INV_X1    | 0.042 |   2.227 |    3.261 | 
     | U4964                | B1 ^ -> ZN v | OAI22_X1  | 0.023 |   2.250 |    3.284 | 
     | U4971                | C2 v -> ZN ^ | OAI211_X1 | 0.047 |   2.297 |    3.331 | 
     | U5518                | C1 ^ -> ZN v | AOI221_X1 | 0.022 |   2.319 |    3.353 | 
     | U5519                | A2 v -> ZN ^ | NOR2_X1   | 0.048 |   2.367 |    3.401 | 
     | U5530                | A ^ -> ZN v  | INV_X1    | 0.010 |   2.378 |    3.412 | 
     | U5531                | C1 v -> ZN ^ | AOI211_X1 | 0.038 |   2.416 |    3.449 | 
     | U5532                | A ^ -> ZN v  | AOI211_X1 | 0.021 |   2.437 |    3.471 | 
     | U5533                | B v -> ZN ^  | AOI211_X1 | 0.136 |   2.573 |    3.607 | 
     | U5601                | A1 ^ -> ZN v | NAND3_X1  | 0.056 |   2.629 |    3.663 | 
     | U5938                | A1 v -> ZN ^ | NOR3_X1   | 0.080 |   2.709 |    3.743 | 
     | U6693                | A1 ^ -> ZN v | NAND2_X1  | 0.020 |   2.729 |    3.763 | 
     | U6694                | C2 v -> ZN ^ | OAI221_X1 | 0.051 |   2.780 |    3.814 | 
     | U6695                | A2 ^ -> ZN v | NAND2_X1  | 0.030 |   2.810 |    3.844 | 
     | U6831                | B2 v -> ZN ^ | AOI22_X1  | 0.049 |   2.859 |    3.893 | 
     | U6833                | B1 ^ -> ZN v | AOI21_X1  | 0.032 |   2.891 |    3.925 | 
     | U6987                | B1 v -> ZN ^ | AOI221_X1 | 0.076 |   2.968 |    4.002 | 
     | U6988                | B1 ^ -> ZN v | AOI21_X1  | 0.031 |   2.999 |    4.033 | 
     | U7034                | A1 v -> ZN ^ | NOR2_X1   | 0.044 |   3.043 |    4.077 | 
     | U7044                | A1 ^ -> ZN v | NAND2_X1  | 0.024 |   3.067 |    4.101 | 
     | U7050                | A2 v -> ZN v | OR2_X1    | 0.052 |   3.119 |    4.153 | 
     | U7051                | A2 v -> ZN ^ | NAND2_X1  | 0.019 |   3.138 |    4.172 | 
     | U7052                | B ^ -> ZN ^  | XNOR2_X1  | 0.042 |   3.180 |    4.214 | 
     | U3300                | A2 ^ -> ZN v | OAI22_X1  | 0.023 |   3.203 |    4.237 | 
     | p_reg_Y_temp_reg_59_ | D v          | DFF_X1    | 0.000 |   3.203 |    4.237 | 
     +------------------------------------------------------------------------------+ 
Path 6: MET Setup Check with Pin p_reg_Y_temp_reg_57_/CK 
Endpoint:   p_reg_Y_temp_reg_57_/D (^) checked with  leading edge of 'CLK'
Beginpoint: B_reg_Y_temp_reg_1_/QN (v) triggered by  leading edge of 'CLK'
Path Groups: {CLK}
Analysis View: default
Other End Arrival Time          0.050
- Setup                         0.034
+ Phase Shift                   4.268
- Uncertainty                   0.050
= Required Time                 4.234
- Arrival Time                  3.152
= Slack Time                    1.081
     Clock Rise Edge                 0.000
     + Clock Network Latency (Ideal) 0.050
     = Beginpoint Arrival Time       0.050
     +------------------------------------------------------------------------------+ 
     |       Instance       |     Arc      |   Cell    | Delay | Arrival | Required | 
     |                      |              |           |       |  Time   |   Time   | 
     |----------------------+--------------+-----------+-------+---------+----------| 
     | B_reg_Y_temp_reg_1_  | CK ^         |           |       |   0.050 |    1.131 | 
     | B_reg_Y_temp_reg_1_  | CK ^ -> QN v | DFF_X1    | 0.134 |   0.184 |    1.265 | 
     | U3673                | A1 v -> ZN ^ | NOR2_X1   | 0.049 |   0.233 |    1.314 | 
     | U3674                | A2 ^ -> ZN v | NOR2_X1   | 0.037 |   0.270 |    1.351 | 
     | FE_OFC12_n4302       | A v -> Z v   | CLKBUF_X1 | 0.142 |   0.412 |    1.493 | 
     | FE_DBTC2_n4302       | A v -> ZN ^  | INV_X2    | 0.134 |   0.545 |    1.627 | 
     | U3676                | A2 ^ -> ZN v | AOI22_X1  | 0.031 |   0.576 |    1.658 | 
     | FE_OFC62_n4340       | A v -> Z v   | CLKBUF_X1 | 0.108 |   0.684 |    1.765 | 
     | U3647                | A v -> ZN ^  | INV_X1    | 0.090 |   0.774 |    1.855 | 
     | U3706                | B1 ^ -> ZN v | AOI22_X1  | 0.030 |   0.804 |    1.885 | 
     | FE_OFC71_n3792       | A v -> Z v   | CLKBUF_X2 | 0.138 |   0.942 |    2.024 | 
     | U3707                | A v -> ZN ^  | INV_X1    | 0.145 |   1.087 |    2.168 | 
     | U3798                | B1 ^ -> ZN v | AOI22_X1  | 0.087 |   1.174 |    2.255 | 
     | U3803                | A v -> ZN v  | XNOR2_X1  | 0.060 |   1.234 |    2.315 | 
     | U3804                | B v -> ZN v  | XNOR2_X1  | 0.049 |   1.283 |    2.364 | 
     | U3806                | A v -> ZN v  | XNOR2_X1  | 0.042 |   1.325 |    2.406 | 
     | U3807                | B v -> ZN v  | XNOR2_X1  | 0.061 |   1.386 |    2.467 | 
     | U3869                | B1 v -> ZN ^ | AOI222_X1 | 0.101 |   1.487 |    2.568 | 
     | U3870                | A2 ^ -> ZN v | NOR2_X1   | 0.025 |   1.512 |    2.593 | 
     | U4911                | A1 v -> ZN v | OR3_X1    | 0.069 |   1.581 |    2.662 | 
     | U4912                | A2 v -> ZN ^ | NOR2_X1   | 0.031 |   1.612 |    2.693 | 
     | U4914                | A1 ^ -> ZN v | NOR2_X1   | 0.011 |   1.622 |    2.703 | 
     | U4921                | B1 v -> ZN ^ | AOI21_X1  | 0.061 |   1.683 |    2.764 | 
     | U4922                | A ^ -> ZN v  | INV_X1    | 0.028 |   1.712 |    2.793 | 
     | U4938                | B2 v -> ZN ^ | OAI21_X1  | 0.037 |   1.748 |    2.829 | 
     | U4939                | B ^ -> ZN v  | OAI211_X1 | 0.029 |   1.778 |    2.859 | 
     | U4942                | B2 v -> ZN ^ | OAI221_X1 | 0.113 |   1.891 |    2.972 | 
     | U4943                | A ^ -> ZN v  | INV_X1    | 0.027 |   1.918 |    2.999 | 
     | U4949                | B1 v -> ZN ^ | OAI21_X1  | 0.036 |   1.954 |    3.035 | 
     | U4950                | B2 ^ -> ZN v | AOI22_X1  | 0.024 |   1.978 |    3.059 | 
     | U4954                | B1 v -> ZN ^ | AOI21_X1  | 0.076 |   2.054 |    3.135 | 
     | U4956                | B1 ^ -> ZN v | AOI21_X1  | 0.023 |   2.077 |    3.159 | 
     | U4960                | B1 v -> ZN ^ | OAI22_X1  | 0.050 |   2.127 |    3.208 | 
     | U4962                | B1 ^ -> ZN v | OAI221_X1 | 0.057 |   2.185 |    3.266 | 
     | U4963                | A v -> ZN ^  | INV_X1    | 0.042 |   2.227 |    3.308 | 
     | U4964                | B1 ^ -> ZN v | OAI22_X1  | 0.023 |   2.250 |    3.331 | 
     | U4971                | C2 v -> ZN ^ | OAI211_X1 | 0.047 |   2.297 |    3.378 | 
     | U5518                | C1 ^ -> ZN v | AOI221_X1 | 0.022 |   2.319 |    3.401 | 
     | U5519                | A2 v -> ZN ^ | NOR2_X1   | 0.048 |   2.367 |    3.449 | 
     | U5530                | A ^ -> ZN v  | INV_X1    | 0.010 |   2.378 |    3.459 | 
     | U5531                | C1 v -> ZN ^ | AOI211_X1 | 0.038 |   2.416 |    3.497 | 
     | U5532                | A ^ -> ZN v  | AOI211_X1 | 0.021 |   2.437 |    3.518 | 
     | U5533                | B v -> ZN ^  | AOI211_X1 | 0.136 |   2.573 |    3.654 | 
     | U5601                | A1 ^ -> ZN v | NAND3_X1  | 0.056 |   2.629 |    3.710 | 
     | U5938                | A1 v -> ZN ^ | NOR3_X1   | 0.080 |   2.709 |    3.790 | 
     | U6693                | A1 ^ -> ZN v | NAND2_X1  | 0.020 |   2.729 |    3.810 | 
     | U6694                | C2 v -> ZN ^ | OAI221_X1 | 0.051 |   2.780 |    3.861 | 
     | U6695                | A2 ^ -> ZN v | NAND2_X1  | 0.030 |   2.810 |    3.891 | 
     | U6831                | B2 v -> ZN ^ | AOI22_X1  | 0.049 |   2.859 |    3.940 | 
     | U6833                | B1 ^ -> ZN v | AOI21_X1  | 0.032 |   2.891 |    3.972 | 
     | U6987                | B1 v -> ZN ^ | AOI221_X1 | 0.076 |   2.968 |    4.049 | 
     | U6988                | B1 ^ -> ZN v | AOI21_X1  | 0.031 |   2.999 |    4.080 | 
     | U7034                | A1 v -> ZN ^ | NOR2_X1   | 0.044 |   3.043 |    4.124 | 
     | U7035                | A ^ -> ZN v  | AOI21_X1  | 0.020 |   3.063 |    4.144 | 
     | U7036                | B v -> Z v   | XOR2_X1   | 0.059 |   3.122 |    4.203 | 
     | U3306                | A2 v -> ZN ^ | OAI22_X1  | 0.031 |   3.152 |    4.234 | 
     | p_reg_Y_temp_reg_57_ | D ^          | DFF_X1    | 0.000 |   3.152 |    4.234 | 
     +------------------------------------------------------------------------------+ 
Path 7: MET Setup Check with Pin p_reg_Y_temp_reg_58_/CK 
Endpoint:   p_reg_Y_temp_reg_58_/D (^) checked with  leading edge of 'CLK'
Beginpoint: B_reg_Y_temp_reg_1_/QN (v) triggered by  leading edge of 'CLK'
Path Groups: {CLK}
Analysis View: default
Other End Arrival Time          0.050
- Setup                         0.034
+ Phase Shift                   4.268
- Uncertainty                   0.050
= Required Time                 4.234
- Arrival Time                  3.141
= Slack Time                    1.093
     Clock Rise Edge                 0.000
     + Clock Network Latency (Ideal) 0.050
     = Beginpoint Arrival Time       0.050
     +------------------------------------------------------------------------------+ 
     |       Instance       |     Arc      |   Cell    | Delay | Arrival | Required | 
     |                      |              |           |       |  Time   |   Time   | 
     |----------------------+--------------+-----------+-------+---------+----------| 
     | B_reg_Y_temp_reg_1_  | CK ^         |           |       |   0.050 |    1.143 | 
     | B_reg_Y_temp_reg_1_  | CK ^ -> QN v | DFF_X1    | 0.134 |   0.184 |    1.277 | 
     | U3673                | A1 v -> ZN ^ | NOR2_X1   | 0.049 |   0.233 |    1.326 | 
     | U3674                | A2 ^ -> ZN v | NOR2_X1   | 0.037 |   0.270 |    1.363 | 
     | FE_OFC12_n4302       | A v -> Z v   | CLKBUF_X1 | 0.142 |   0.412 |    1.505 | 
     | FE_DBTC2_n4302       | A v -> ZN ^  | INV_X2    | 0.134 |   0.545 |    1.638 | 
     | U3676                | A2 ^ -> ZN v | AOI22_X1  | 0.031 |   0.576 |    1.669 | 
     | FE_OFC62_n4340       | A v -> Z v   | CLKBUF_X1 | 0.108 |   0.684 |    1.777 | 
     | U3647                | A v -> ZN ^  | INV_X1    | 0.090 |   0.774 |    1.867 | 
     | U3706                | B1 ^ -> ZN v | AOI22_X1  | 0.030 |   0.804 |    1.897 | 
     | FE_OFC71_n3792       | A v -> Z v   | CLKBUF_X2 | 0.138 |   0.942 |    2.035 | 
     | U3707                | A v -> ZN ^  | INV_X1    | 0.145 |   1.087 |    2.180 | 
     | U3798                | B1 ^ -> ZN v | AOI22_X1  | 0.087 |   1.174 |    2.267 | 
     | U3803                | A v -> ZN v  | XNOR2_X1  | 0.060 |   1.234 |    2.327 | 
     | U3804                | B v -> ZN v  | XNOR2_X1  | 0.049 |   1.283 |    2.376 | 
     | U3806                | A v -> ZN v  | XNOR2_X1  | 0.042 |   1.325 |    2.418 | 
     | U3807                | B v -> ZN v  | XNOR2_X1  | 0.061 |   1.386 |    2.479 | 
     | U3869                | B1 v -> ZN ^ | AOI222_X1 | 0.101 |   1.487 |    2.580 | 
     | U3870                | A2 ^ -> ZN v | NOR2_X1   | 0.025 |   1.512 |    2.605 | 
     | U4911                | A1 v -> ZN v | OR3_X1    | 0.069 |   1.581 |    2.674 | 
     | U4912                | A2 v -> ZN ^ | NOR2_X1   | 0.031 |   1.612 |    2.705 | 
     | U4914                | A1 ^ -> ZN v | NOR2_X1   | 0.011 |   1.622 |    2.715 | 
     | U4921                | B1 v -> ZN ^ | AOI21_X1  | 0.061 |   1.683 |    2.776 | 
     | U4922                | A ^ -> ZN v  | INV_X1    | 0.028 |   1.712 |    2.805 | 
     | U4938                | B2 v -> ZN ^ | OAI21_X1  | 0.037 |   1.748 |    2.841 | 
     | U4939                | B ^ -> ZN v  | OAI211_X1 | 0.029 |   1.778 |    2.871 | 
     | U4942                | B2 v -> ZN ^ | OAI221_X1 | 0.113 |   1.891 |    2.984 | 
     | U4943                | A ^ -> ZN v  | INV_X1    | 0.027 |   1.918 |    3.011 | 
     | U4949                | B1 v -> ZN ^ | OAI21_X1  | 0.036 |   1.954 |    3.047 | 
     | U4950                | B2 ^ -> ZN v | AOI22_X1  | 0.024 |   1.978 |    3.071 | 
     | U4954                | B1 v -> ZN ^ | AOI21_X1  | 0.076 |   2.054 |    3.147 | 
     | U4956                | B1 ^ -> ZN v | AOI21_X1  | 0.023 |   2.077 |    3.170 | 
     | U4960                | B1 v -> ZN ^ | OAI22_X1  | 0.050 |   2.127 |    3.220 | 
     | U4962                | B1 ^ -> ZN v | OAI221_X1 | 0.057 |   2.185 |    3.278 | 
     | U4963                | A v -> ZN ^  | INV_X1    | 0.042 |   2.227 |    3.320 | 
     | U4964                | B1 ^ -> ZN v | OAI22_X1  | 0.023 |   2.250 |    3.343 | 
     | U4971                | C2 v -> ZN ^ | OAI211_X1 | 0.047 |   2.297 |    3.390 | 
     | U5518                | C1 ^ -> ZN v | AOI221_X1 | 0.022 |   2.319 |    3.412 | 
     | U5519                | A2 v -> ZN ^ | NOR2_X1   | 0.048 |   2.367 |    3.460 | 
     | U5530                | A ^ -> ZN v  | INV_X1    | 0.010 |   2.378 |    3.471 | 
     | U5531                | C1 v -> ZN ^ | AOI211_X1 | 0.038 |   2.416 |    3.509 | 
     | U5532                | A ^ -> ZN v  | AOI211_X1 | 0.021 |   2.437 |    3.530 | 
     | U5533                | B v -> ZN ^  | AOI211_X1 | 0.136 |   2.573 |    3.666 | 
     | U5601                | A1 ^ -> ZN v | NAND3_X1  | 0.056 |   2.629 |    3.722 | 
     | U5938                | A1 v -> ZN ^ | NOR3_X1   | 0.080 |   2.709 |    3.802 | 
     | U6693                | A1 ^ -> ZN v | NAND2_X1  | 0.020 |   2.729 |    3.822 | 
     | U6694                | C2 v -> ZN ^ | OAI221_X1 | 0.051 |   2.780 |    3.873 | 
     | U6695                | A2 ^ -> ZN v | NAND2_X1  | 0.030 |   2.810 |    3.903 | 
     | U6831                | B2 v -> ZN ^ | AOI22_X1  | 0.049 |   2.859 |    3.952 | 
     | U6833                | B1 ^ -> ZN v | AOI21_X1  | 0.032 |   2.891 |    3.984 | 
     | U6987                | B1 v -> ZN ^ | AOI221_X1 | 0.076 |   2.968 |    4.061 | 
     | U6988                | B1 ^ -> ZN v | AOI21_X1  | 0.031 |   2.999 |    4.092 | 
     | U7034                | A1 v -> ZN ^ | NOR2_X1   | 0.044 |   3.043 |    4.136 | 
     | U7044                | A1 ^ -> ZN v | NAND2_X1  | 0.024 |   3.067 |    4.160 | 
     | U7045                | B v -> ZN v  | XNOR2_X1  | 0.043 |   3.110 |    4.203 | 
     | U3303                | A2 v -> ZN ^ | OAI22_X1  | 0.031 |   3.141 |    4.234 | 
     | p_reg_Y_temp_reg_58_ | D ^          | DFF_X1    | 0.000 |   3.141 |    4.234 | 
     +------------------------------------------------------------------------------+ 
Path 8: MET Setup Check with Pin p_reg_Y_temp_reg_56_/CK 
Endpoint:   p_reg_Y_temp_reg_56_/D (^) checked with  leading edge of 'CLK'
Beginpoint: B_reg_Y_temp_reg_1_/QN (v) triggered by  leading edge of 'CLK'
Path Groups: {CLK}
Analysis View: default
Other End Arrival Time          0.050
- Setup                         0.034
+ Phase Shift                   4.268
- Uncertainty                   0.050
= Required Time                 4.234
- Arrival Time                  3.074
= Slack Time                    1.159
     Clock Rise Edge                 0.000
     + Clock Network Latency (Ideal) 0.050
     = Beginpoint Arrival Time       0.050
     +------------------------------------------------------------------------------+ 
     |       Instance       |     Arc      |   Cell    | Delay | Arrival | Required | 
     |                      |              |           |       |  Time   |   Time   | 
     |----------------------+--------------+-----------+-------+---------+----------| 
     | B_reg_Y_temp_reg_1_  | CK ^         |           |       |   0.050 |    1.209 | 
     | B_reg_Y_temp_reg_1_  | CK ^ -> QN v | DFF_X1    | 0.134 |   0.184 |    1.343 | 
     | U3673                | A1 v -> ZN ^ | NOR2_X1   | 0.049 |   0.233 |    1.392 | 
     | U3674                | A2 ^ -> ZN v | NOR2_X1   | 0.037 |   0.270 |    1.429 | 
     | FE_OFC12_n4302       | A v -> Z v   | CLKBUF_X1 | 0.142 |   0.412 |    1.571 | 
     | FE_DBTC2_n4302       | A v -> ZN ^  | INV_X2    | 0.134 |   0.545 |    1.705 | 
     | U3676                | A2 ^ -> ZN v | AOI22_X1  | 0.031 |   0.576 |    1.736 | 
     | FE_OFC62_n4340       | A v -> Z v   | CLKBUF_X1 | 0.108 |   0.684 |    1.844 | 
     | U3647                | A v -> ZN ^  | INV_X1    | 0.090 |   0.774 |    1.933 | 
     | U3706                | B1 ^ -> ZN v | AOI22_X1  | 0.030 |   0.804 |    1.963 | 
     | FE_OFC71_n3792       | A v -> Z v   | CLKBUF_X2 | 0.138 |   0.942 |    2.102 | 
     | U3707                | A v -> ZN ^  | INV_X1    | 0.145 |   1.087 |    2.246 | 
     | U3798                | B1 ^ -> ZN v | AOI22_X1  | 0.087 |   1.174 |    2.333 | 
     | U3803                | A v -> ZN v  | XNOR2_X1  | 0.060 |   1.234 |    2.393 | 
     | U3804                | B v -> ZN v  | XNOR2_X1  | 0.049 |   1.283 |    2.442 | 
     | U3806                | A v -> ZN v  | XNOR2_X1  | 0.042 |   1.325 |    2.484 | 
     | U3807                | B v -> ZN v  | XNOR2_X1  | 0.061 |   1.386 |    2.545 | 
     | U3869                | B1 v -> ZN ^ | AOI222_X1 | 0.101 |   1.487 |    2.646 | 
     | U3870                | A2 ^ -> ZN v | NOR2_X1   | 0.025 |   1.512 |    2.671 | 
     | U4911                | A1 v -> ZN v | OR3_X1    | 0.069 |   1.581 |    2.740 | 
     | U4912                | A2 v -> ZN ^ | NOR2_X1   | 0.031 |   1.612 |    2.771 | 
     | U4914                | A1 ^ -> ZN v | NOR2_X1   | 0.011 |   1.622 |    2.782 | 
     | U4921                | B1 v -> ZN ^ | AOI21_X1  | 0.061 |   1.683 |    2.843 | 
     | U4922                | A ^ -> ZN v  | INV_X1    | 0.028 |   1.712 |    2.871 | 
     | U4938                | B2 v -> ZN ^ | OAI21_X1  | 0.037 |   1.748 |    2.908 | 
     | U4939                | B ^ -> ZN v  | OAI211_X1 | 0.029 |   1.778 |    2.937 | 
     | U4942                | B2 v -> ZN ^ | OAI221_X1 | 0.113 |   1.891 |    3.050 | 
     | U4943                | A ^ -> ZN v  | INV_X1    | 0.027 |   1.918 |    3.078 | 
     | U4949                | B1 v -> ZN ^ | OAI21_X1  | 0.036 |   1.954 |    3.114 | 
     | U4950                | B2 ^ -> ZN v | AOI22_X1  | 0.024 |   1.978 |    3.138 | 
     | U4954                | B1 v -> ZN ^ | AOI21_X1  | 0.076 |   2.054 |    3.213 | 
     | U4956                | B1 ^ -> ZN v | AOI21_X1  | 0.023 |   2.077 |    3.237 | 
     | U4960                | B1 v -> ZN ^ | OAI22_X1  | 0.050 |   2.127 |    3.286 | 
     | U4962                | B1 ^ -> ZN v | OAI221_X1 | 0.057 |   2.185 |    3.344 | 
     | U4963                | A v -> ZN ^  | INV_X1    | 0.042 |   2.227 |    3.386 | 
     | U4964                | B1 ^ -> ZN v | OAI22_X1  | 0.023 |   2.250 |    3.409 | 
     | U4971                | C2 v -> ZN ^ | OAI211_X1 | 0.047 |   2.297 |    3.457 | 
     | U5518                | C1 ^ -> ZN v | AOI221_X1 | 0.022 |   2.319 |    3.479 | 
     | U5519                | A2 v -> ZN ^ | NOR2_X1   | 0.048 |   2.368 |    3.527 | 
     | U5530                | A ^ -> ZN v  | INV_X1    | 0.010 |   2.378 |    3.537 | 
     | U5531                | C1 v -> ZN ^ | AOI211_X1 | 0.038 |   2.416 |    3.575 | 
     | U5532                | A ^ -> ZN v  | AOI211_X1 | 0.021 |   2.437 |    3.596 | 
     | U5533                | B v -> ZN ^  | AOI211_X1 | 0.136 |   2.573 |    3.732 | 
     | U5601                | A1 ^ -> ZN v | NAND3_X1  | 0.056 |   2.629 |    3.788 | 
     | U5938                | A1 v -> ZN ^ | NOR3_X1   | 0.080 |   2.709 |    3.868 | 
     | U6693                | A1 ^ -> ZN v | NAND2_X1  | 0.020 |   2.729 |    3.888 | 
     | U6694                | C2 v -> ZN ^ | OAI221_X1 | 0.051 |   2.780 |    3.939 | 
     | U6695                | A2 ^ -> ZN v | NAND2_X1  | 0.030 |   2.810 |    3.969 | 
     | U6831                | B2 v -> ZN ^ | AOI22_X1  | 0.049 |   2.859 |    4.018 | 
     | U6833                | B1 ^ -> ZN v | AOI21_X1  | 0.032 |   2.891 |    4.050 | 
     | U6987                | B1 v -> ZN ^ | AOI221_X1 | 0.076 |   2.968 |    4.127 | 
     | U6988                | B1 ^ -> ZN v | AOI21_X1  | 0.031 |   2.999 |    4.158 | 
     | U7016                | A v -> ZN v  | XNOR2_X1  | 0.044 |   3.043 |    4.202 | 
     | U3309                | A2 v -> ZN ^ | OAI22_X1  | 0.032 |   3.074 |    4.234 | 
     | p_reg_Y_temp_reg_56_ | D ^          | DFF_X1    | 0.000 |   3.074 |    4.234 | 
     +------------------------------------------------------------------------------+ 
Path 9: MET Setup Check with Pin p_reg_Y_temp_reg_55_/CK 
Endpoint:   p_reg_Y_temp_reg_55_/D (v) checked with  leading edge of 'CLK'
Beginpoint: B_reg_Y_temp_reg_1_/QN (v) triggered by  leading edge of 'CLK'
Path Groups: {CLK}
Analysis View: default
Other End Arrival Time          0.050
- Setup                         0.031
+ Phase Shift                   4.268
- Uncertainty                   0.050
= Required Time                 4.237
- Arrival Time                  3.071
= Slack Time                    1.167
     Clock Rise Edge                 0.000
     + Clock Network Latency (Ideal) 0.050
     = Beginpoint Arrival Time       0.050
     +------------------------------------------------------------------------------+ 
     |       Instance       |     Arc      |   Cell    | Delay | Arrival | Required | 
     |                      |              |           |       |  Time   |   Time   | 
     |----------------------+--------------+-----------+-------+---------+----------| 
     | B_reg_Y_temp_reg_1_  | CK ^         |           |       |   0.050 |    1.217 | 
     | B_reg_Y_temp_reg_1_  | CK ^ -> QN v | DFF_X1    | 0.134 |   0.184 |    1.351 | 
     | U3673                | A1 v -> ZN ^ | NOR2_X1   | 0.049 |   0.233 |    1.400 | 
     | U3674                | A2 ^ -> ZN v | NOR2_X1   | 0.037 |   0.270 |    1.437 | 
     | FE_OFC12_n4302       | A v -> Z v   | CLKBUF_X1 | 0.142 |   0.412 |    1.578 | 
     | FE_DBTC2_n4302       | A v -> ZN ^  | INV_X2    | 0.134 |   0.545 |    1.712 | 
     | U3676                | A2 ^ -> ZN v | AOI22_X1  | 0.031 |   0.576 |    1.743 | 
     | FE_OFC62_n4340       | A v -> Z v   | CLKBUF_X1 | 0.108 |   0.684 |    1.851 | 
     | U3647                | A v -> ZN ^  | INV_X1    | 0.090 |   0.774 |    1.941 | 
     | U3706                | B1 ^ -> ZN v | AOI22_X1  | 0.030 |   0.804 |    1.971 | 
     | FE_OFC71_n3792       | A v -> Z v   | CLKBUF_X2 | 0.138 |   0.942 |    2.109 | 
     | U3707                | A v -> ZN ^  | INV_X1    | 0.145 |   1.087 |    2.254 | 
     | U3798                | B1 ^ -> ZN v | AOI22_X1  | 0.087 |   1.174 |    2.340 | 
     | U3803                | A v -> ZN v  | XNOR2_X1  | 0.060 |   1.234 |    2.401 | 
     | U3804                | B v -> ZN v  | XNOR2_X1  | 0.049 |   1.283 |    2.450 | 
     | U3806                | A v -> ZN v  | XNOR2_X1  | 0.042 |   1.325 |    2.491 | 
     | U3807                | B v -> ZN v  | XNOR2_X1  | 0.061 |   1.386 |    2.552 | 
     | U3869                | B1 v -> ZN ^ | AOI222_X1 | 0.101 |   1.487 |    2.653 | 
     | U3870                | A2 ^ -> ZN v | NOR2_X1   | 0.025 |   1.512 |    2.678 | 
     | U4911                | A1 v -> ZN v | OR3_X1    | 0.069 |   1.581 |    2.747 | 
     | U4912                | A2 v -> ZN ^ | NOR2_X1   | 0.031 |   1.612 |    2.778 | 
     | U4914                | A1 ^ -> ZN v | NOR2_X1   | 0.011 |   1.622 |    2.789 | 
     | U4921                | B1 v -> ZN ^ | AOI21_X1  | 0.061 |   1.683 |    2.850 | 
     | U4922                | A ^ -> ZN v  | INV_X1    | 0.028 |   1.712 |    2.878 | 
     | U4938                | B2 v -> ZN ^ | OAI21_X1  | 0.037 |   1.748 |    2.915 | 
     | U4939                | B ^ -> ZN v  | OAI211_X1 | 0.029 |   1.778 |    2.944 | 
     | U4942                | B2 v -> ZN ^ | OAI221_X1 | 0.113 |   1.891 |    3.058 | 
     | U4943                | A ^ -> ZN v  | INV_X1    | 0.027 |   1.918 |    3.085 | 
     | U4949                | B1 v -> ZN ^ | OAI21_X1  | 0.036 |   1.954 |    3.121 | 
     | U4950                | B2 ^ -> ZN v | AOI22_X1  | 0.024 |   1.978 |    3.145 | 
     | U4954                | B1 v -> ZN ^ | AOI21_X1  | 0.076 |   2.054 |    3.221 | 
     | U4956                | B1 ^ -> ZN v | AOI21_X1  | 0.023 |   2.077 |    3.244 | 
     | U4960                | B1 v -> ZN ^ | OAI22_X1  | 0.050 |   2.127 |    3.294 | 
     | U4962                | B1 ^ -> ZN v | OAI221_X1 | 0.057 |   2.185 |    3.351 | 
     | U4963                | A v -> ZN ^  | INV_X1    | 0.042 |   2.227 |    3.394 | 
     | U4964                | B1 ^ -> ZN v | OAI22_X1  | 0.023 |   2.250 |    3.417 | 
     | U4971                | C2 v -> ZN ^ | OAI211_X1 | 0.047 |   2.297 |    3.464 | 
     | U5518                | C1 ^ -> ZN v | AOI221_X1 | 0.022 |   2.319 |    3.486 | 
     | U5519                | A2 v -> ZN ^ | NOR2_X1   | 0.048 |   2.367 |    3.534 | 
     | U5530                | A ^ -> ZN v  | INV_X1    | 0.010 |   2.378 |    3.545 | 
     | U5531                | C1 v -> ZN ^ | AOI211_X1 | 0.038 |   2.416 |    3.582 | 
     | U5532                | A ^ -> ZN v  | AOI211_X1 | 0.021 |   2.437 |    3.603 | 
     | U5533                | B v -> ZN ^  | AOI211_X1 | 0.136 |   2.573 |    3.740 | 
     | U5601                | A1 ^ -> ZN v | NAND3_X1  | 0.056 |   2.629 |    3.796 | 
     | U5938                | A1 v -> ZN ^ | NOR3_X1   | 0.080 |   2.709 |    3.876 | 
     | U6693                | A1 ^ -> ZN v | NAND2_X1  | 0.020 |   2.729 |    3.895 | 
     | U6694                | C2 v -> ZN ^ | OAI221_X1 | 0.051 |   2.780 |    3.947 | 
     | U6695                | A2 ^ -> ZN v | NAND2_X1  | 0.030 |   2.810 |    3.977 | 
     | U6831                | B2 v -> ZN ^ | AOI22_X1  | 0.049 |   2.859 |    4.025 | 
     | U6833                | B1 ^ -> ZN v | AOI21_X1  | 0.032 |   2.891 |    4.058 | 
     | U6953                | A3 v -> ZN ^ | NOR3_X1   | 0.064 |   2.955 |    4.122 | 
     | U6954                | A2 ^ -> ZN v | NAND2_X1  | 0.023 |   2.979 |    4.145 | 
     | U6985                | A v -> ZN ^  | OAI21_X1  | 0.024 |   3.003 |    4.170 | 
     | U6986                | B ^ -> ZN ^  | XNOR2_X1  | 0.045 |   3.048 |    4.214 | 
     | U3312                | A2 ^ -> ZN v | OAI22_X1  | 0.023 |   3.071 |    4.237 | 
     | p_reg_Y_temp_reg_55_ | D v          | DFF_X1    | 0.000 |   3.071 |    4.237 | 
     +------------------------------------------------------------------------------+ 
Path 10: MET Setup Check with Pin p_reg_Y_temp_reg_54_/CK 
Endpoint:   p_reg_Y_temp_reg_54_/D (v) checked with  leading edge of 'CLK'
Beginpoint: B_reg_Y_temp_reg_1_/QN (v) triggered by  leading edge of 'CLK'
Path Groups: {CLK}
Analysis View: default
Other End Arrival Time          0.050
- Setup                         0.031
+ Phase Shift                   4.268
- Uncertainty                   0.050
= Required Time                 4.237
- Arrival Time                  3.025
= Slack Time                    1.212
     Clock Rise Edge                 0.000
     + Clock Network Latency (Ideal) 0.050
     = Beginpoint Arrival Time       0.050
     +------------------------------------------------------------------------------+ 
     |       Instance       |     Arc      |   Cell    | Delay | Arrival | Required | 
     |                      |              |           |       |  Time   |   Time   | 
     |----------------------+--------------+-----------+-------+---------+----------| 
     | B_reg_Y_temp_reg_1_  | CK ^         |           |       |   0.050 |    1.262 | 
     | B_reg_Y_temp_reg_1_  | CK ^ -> QN v | DFF_X1    | 0.134 |   0.184 |    1.396 | 
     | U3673                | A1 v -> ZN ^ | NOR2_X1   | 0.049 |   0.233 |    1.445 | 
     | U3674                | A2 ^ -> ZN v | NOR2_X1   | 0.037 |   0.270 |    1.482 | 
     | FE_OFC12_n4302       | A v -> Z v   | CLKBUF_X1 | 0.142 |   0.412 |    1.623 | 
     | FE_DBTC2_n4302       | A v -> ZN ^  | INV_X2    | 0.134 |   0.545 |    1.757 | 
     | U3676                | A2 ^ -> ZN v | AOI22_X1  | 0.031 |   0.576 |    1.788 | 
     | FE_OFC62_n4340       | A v -> Z v   | CLKBUF_X1 | 0.108 |   0.684 |    1.896 | 
     | U3647                | A v -> ZN ^  | INV_X1    | 0.090 |   0.774 |    1.986 | 
     | U3706                | B1 ^ -> ZN v | AOI22_X1  | 0.030 |   0.804 |    2.016 | 
     | FE_OFC71_n3792       | A v -> Z v   | CLKBUF_X2 | 0.138 |   0.942 |    2.154 | 
     | U3707                | A v -> ZN ^  | INV_X1    | 0.145 |   1.087 |    2.299 | 
     | U3798                | B1 ^ -> ZN v | AOI22_X1  | 0.087 |   1.174 |    2.386 | 
     | U3803                | A v -> ZN v  | XNOR2_X1  | 0.060 |   1.234 |    2.446 | 
     | U3804                | B v -> ZN v  | XNOR2_X1  | 0.049 |   1.283 |    2.495 | 
     | U3806                | A v -> ZN v  | XNOR2_X1  | 0.042 |   1.325 |    2.537 | 
     | U3807                | B v -> ZN v  | XNOR2_X1  | 0.061 |   1.386 |    2.598 | 
     | U3869                | B1 v -> ZN ^ | AOI222_X1 | 0.101 |   1.487 |    2.698 | 
     | U3870                | A2 ^ -> ZN v | NOR2_X1   | 0.025 |   1.512 |    2.724 | 
     | U4911                | A1 v -> ZN v | OR3_X1    | 0.069 |   1.581 |    2.793 | 
     | U4912                | A2 v -> ZN ^ | NOR2_X1   | 0.031 |   1.612 |    2.823 | 
     | U4914                | A1 ^ -> ZN v | NOR2_X1   | 0.011 |   1.622 |    2.834 | 
     | U4921                | B1 v -> ZN ^ | AOI21_X1  | 0.061 |   1.683 |    2.895 | 
     | U4922                | A ^ -> ZN v  | INV_X1    | 0.028 |   1.712 |    2.923 | 
     | U4938                | B2 v -> ZN ^ | OAI21_X1  | 0.037 |   1.748 |    2.960 | 
     | U4939                | B ^ -> ZN v  | OAI211_X1 | 0.029 |   1.778 |    2.989 | 
     | U4942                | B2 v -> ZN ^ | OAI221_X1 | 0.113 |   1.891 |    3.103 | 
     | U4943                | A ^ -> ZN v  | INV_X1    | 0.027 |   1.918 |    3.130 | 
     | U4949                | B1 v -> ZN ^ | OAI21_X1  | 0.036 |   1.954 |    3.166 | 
     | U4950                | B2 ^ -> ZN v | AOI22_X1  | 0.024 |   1.978 |    3.190 | 
     | U4954                | B1 v -> ZN ^ | AOI21_X1  | 0.076 |   2.054 |    3.266 | 
     | U4956                | B1 ^ -> ZN v | AOI21_X1  | 0.023 |   2.077 |    3.289 | 
     | U4960                | B1 v -> ZN ^ | OAI22_X1  | 0.050 |   2.127 |    3.339 | 
     | U4962                | B1 ^ -> ZN v | OAI221_X1 | 0.057 |   2.185 |    3.396 | 
     | U4963                | A v -> ZN ^  | INV_X1    | 0.042 |   2.227 |    3.439 | 
     | U4964                | B1 ^ -> ZN v | OAI22_X1  | 0.023 |   2.250 |    3.462 | 
     | U4971                | C2 v -> ZN ^ | OAI211_X1 | 0.047 |   2.297 |    3.509 | 
     | U5518                | C1 ^ -> ZN v | AOI221_X1 | 0.022 |   2.319 |    3.531 | 
     | U5519                | A2 v -> ZN ^ | NOR2_X1   | 0.048 |   2.367 |    3.579 | 
     | U5530                | A ^ -> ZN v  | INV_X1    | 0.010 |   2.378 |    3.590 | 
     | U5531                | C1 v -> ZN ^ | AOI211_X1 | 0.038 |   2.416 |    3.627 | 
     | U5532                | A ^ -> ZN v  | AOI211_X1 | 0.021 |   2.437 |    3.649 | 
     | U5533                | B v -> ZN ^  | AOI211_X1 | 0.136 |   2.573 |    3.785 | 
     | U5601                | A1 ^ -> ZN v | NAND3_X1  | 0.056 |   2.629 |    3.841 | 
     | U5938                | A1 v -> ZN ^ | NOR3_X1   | 0.080 |   2.709 |    3.921 | 
     | U6693                | A1 ^ -> ZN v | NAND2_X1  | 0.020 |   2.729 |    3.940 | 
     | U6694                | C2 v -> ZN ^ | OAI221_X1 | 0.051 |   2.780 |    3.992 | 
     | U6695                | A2 ^ -> ZN v | NAND2_X1  | 0.030 |   2.810 |    4.022 | 
     | U6831                | B2 v -> ZN ^ | AOI22_X1  | 0.049 |   2.859 |    4.070 | 
     | U6833                | B1 ^ -> ZN v | AOI21_X1  | 0.032 |   2.891 |    4.103 | 
     | U6953                | A3 v -> ZN ^ | NOR3_X1   | 0.064 |   2.955 |    4.167 | 
     | U6954                | A2 ^ -> ZN v | NAND2_X1  | 0.023 |   2.979 |    4.190 | 
     | U6955                | A v -> ZN ^  | OAI21_X1  | 0.024 |   3.003 |    4.215 | 
     | U3315                | A2 ^ -> ZN v | OAI22_X1  | 0.023 |   3.025 |    4.237 | 
     | p_reg_Y_temp_reg_54_ | D v          | DFF_X1    | 0.000 |   3.025 |    4.237 | 
     +------------------------------------------------------------------------------+ 

