###############################################################
#  Generated by:      Cadence Innovus 23.35-s106_1
#  OS:                Linux x86_64(Host ID microsys.openstack.polito)
#  Generated on:      Sat Oct 10 23:01:42 2026
#  Design:            boothmul_registered
#  Command:           report_timing -max_paths 10 > reports/10_setup_paths.rpt
###############################################################
Path 1: MET Setup Check with Pin p_reg_Y_temp_reg_63_/CK 
Endpoint:   p_reg_Y_temp_reg_63_/D (v) checked with  leading edge of 'CLK'
Beginpoint: B_reg_Y_temp_reg_1_/QN (^) triggered by  leading edge of 'CLK'
Path Groups: {CLK}
Analysis View: default
Other End Arrival Time          0.067
- Setup                         0.026
+ Phase Shift                   4.268
+ CPPR Adjustment               0.000
- Uncertainty                   0.050
= Required Time                 4.259
- Arrival Time                  3.318
= Slack Time                    0.941
     Clock Rise Edge                 0.000
     + Clock Network Latency (Prop)  0.048
     = Beginpoint Arrival Time       0.048
     +------------------------------------------------------------------------------+ 
     |       Instance       |     Arc      |   Cell    | Delay | Arrival | Required | 
     |                      |              |           |       |  Time   |   Time   | 
     |----------------------+--------------+-----------+-------+---------+----------| 
     | B_reg_Y_temp_reg_1_  | CK ^         |           |       |   0.048 |    0.989 | 
     | B_reg_Y_temp_reg_1_  | CK ^ -> QN ^ | DFF_X1    | 0.168 |   0.215 |    1.156 | 
     | U3673                | A1 ^ -> ZN v | NOR2_X1   | 0.016 |   0.232 |    1.173 | 
     | U3674                | A2 v -> ZN ^ | NOR2_X1   | 0.121 |   0.353 |    1.294 | 
     | FE_OFC12_n4302       | A ^ -> Z ^   | CLKBUF_X1 | 0.154 |   0.507 |    1.448 | 
     | FE_DBTC2_n4302       | A ^ -> ZN v  | INV_X2    | 0.077 |   0.584 |    1.525 | 
     | U3676                | A2 v -> ZN ^ | AOI22_X1  | 0.062 |   0.646 |    1.587 | 
     | FE_OFC62_n4340       | A ^ -> Z ^   | CLKBUF_X1 | 0.104 |   0.751 |    1.692 | 
     | U3647                | A ^ -> ZN v  | INV_X1    | 0.057 |   0.808 |    1.749 | 
     | U3706                | B1 v -> ZN ^ | AOI22_X1  | 0.051 |   0.859 |    1.800 | 
     | FE_OFC71_n3792       | A ^ -> Z ^   | CLKBUF_X2 | 0.131 |   0.989 |    1.931 | 
     | U3707                | A ^ -> ZN v  | INV_X1    | 0.086 |   1.075 |    2.016 | 
     | U3798                | B1 v -> ZN ^ | AOI22_X1  | 0.141 |   1.217 |    2.158 | 
     | U3803                | A ^ -> ZN ^  | XNOR2_X1  | 0.061 |   1.278 |    2.219 | 
     | U3804                | B ^ -> ZN ^  | XNOR2_X1  | 0.046 |   1.324 |    2.265 | 
     | U3806                | A ^ -> ZN v  | XNOR2_X1  | 0.020 |   1.344 |    2.286 | 
     | U3807                | B v -> ZN v  | XNOR2_X1  | 0.061 |   1.405 |    2.346 | 
     | U3869                | B1 v -> ZN ^ | AOI222_X1 | 0.102 |   1.507 |    2.449 | 
     | U3870                | A2 ^ -> ZN v | NOR2_X1   | 0.025 |   1.532 |    2.473 | 
     | U4911                | A1 v -> ZN v | OR3_X1    | 0.069 |   1.601 |    2.543 | 
     | U4912                | A2 v -> ZN ^ | NOR2_X1   | 0.030 |   1.632 |    2.573 | 
     | U4914                | A1 ^ -> ZN v | NOR2_X1   | 0.011 |   1.643 |    2.584 | 
     | U4921                | B1 v -> ZN ^ | AOI21_X1  | 0.066 |   1.708 |    2.649 | 
     | U4922                | A ^ -> ZN v  | INV_X1    | 0.029 |   1.737 |    2.678 | 
     | U4938                | B2 v -> ZN ^ | OAI21_X1  | 0.036 |   1.774 |    2.715 | 
     | U4939                | B ^ -> ZN v  | OAI211_X1 | 0.028 |   1.802 |    2.743 | 
     | U4942                | B2 v -> ZN ^ | OAI221_X1 | 0.114 |   1.916 |    2.857 | 
     | U4943                | A ^ -> ZN v  | INV_X1    | 0.028 |   1.944 |    2.885 | 
     | U4949                | B1 v -> ZN ^ | OAI21_X1  | 0.037 |   1.981 |    2.922 | 
     | U4950                | B2 ^ -> ZN v | AOI22_X1  | 0.023 |   2.004 |    2.945 | 
     | U4954                | B1 v -> ZN ^ | AOI21_X1  | 0.079 |   2.084 |    3.025 | 
     | U4956                | B1 ^ -> ZN v | AOI21_X1  | 0.022 |   2.105 |    3.047 | 
     | U4960                | B1 v -> ZN ^ | OAI22_X1  | 0.052 |   2.158 |    3.099 | 
     | U4962                | B1 ^ -> ZN v | OAI221_X1 | 0.057 |   2.214 |    3.156 | 
     | U4963                | A v -> ZN ^  | INV_X1    | 0.045 |   2.259 |    3.200 | 
     | U4964                | B1 ^ -> ZN v | OAI22_X1  | 0.024 |   2.284 |    3.225 | 
     | U4971                | C2 v -> ZN ^ | OAI211_X1 | 0.049 |   2.332 |    3.274 | 
     | U5518                | C1 ^ -> ZN v | AOI221_X1 | 0.023 |   2.355 |    3.296 | 
     | U5519                | A2 v -> ZN ^ | NOR2_X1   | 0.052 |   2.407 |    3.348 | 
     | U5530                | A ^ -> ZN v  | INV_X1    | 0.010 |   2.417 |    3.358 | 
     | U5531                | C1 v -> ZN ^ | AOI211_X1 | 0.038 |   2.455 |    3.396 | 
     | U5532                | A ^ -> ZN v  | AOI211_X1 | 0.021 |   2.476 |    3.417 | 
     | U5533                | B v -> ZN ^  | AOI211_X1 | 0.121 |   2.597 |    3.538 | 
     | U5601                | A1 ^ -> ZN v | NAND3_X1  | 0.059 |   2.656 |    3.597 | 
     | U5938                | A1 v -> ZN ^ | NOR3_X1   | 0.076 |   2.732 |    3.673 | 
     | U6693                | A1 ^ -> ZN v | NAND2_X1  | 0.019 |   2.752 |    3.693 | 
     | U6694                | C2 v -> ZN ^ | OAI221_X1 | 0.050 |   2.802 |    3.743 | 
     | U6695                | A2 ^ -> ZN v | NAND2_X1  | 0.030 |   2.832 |    3.773 | 
     | U6831                | B2 v -> ZN ^ | AOI22_X1  | 0.049 |   2.881 |    3.822 | 
     | U6833                | B1 ^ -> ZN v | AOI21_X1  | 0.031 |   2.912 |    3.853 | 
     | U6987                | B1 v -> ZN ^ | AOI221_X1 | 0.075 |   2.987 |    3.928 | 
     | U6988                | B1 ^ -> ZN v | AOI21_X1  | 0.030 |   3.017 |    3.958 | 
     | U7034                | A1 v -> ZN ^ | NOR2_X1   | 0.044 |   3.061 |    4.002 | 
     | U7053                | A ^ -> ZN v  | INV_X1    | 0.011 |   3.072 |    4.013 | 
     | U7054                | B2 v -> ZN ^ | AOI22_X1  | 0.046 |   3.118 |    4.059 | 
     | U7056                | B1 ^ -> ZN v | AOI22_X1  | 0.025 |   3.142 |    4.083 | 
     | U7057                | A v -> ZN ^  | OAI21_X1  | 0.023 |   3.165 |    4.106 | 
     | U7058                | A ^ -> ZN v  | OAI21_X1  | 0.026 |   3.191 |    4.132 | 
     | U3285                | A1 v -> ZN v | AND2_X1   | 0.042 |   3.232 |    4.173 | 
     | U3287                | B1 v -> ZN ^ | AOI222_X1 | 0.077 |   3.310 |    4.251 | 
     | U3288                | A ^ -> ZN v  | INV_X1    | 0.008 |   3.318 |    4.259 | 
     | p_reg_Y_temp_reg_63_ | D v          | DFF_X1    | 0.000 |   3.318 |    4.259 | 
     +------------------------------------------------------------------------------+ 
Path 2: MET Setup Check with Pin p_reg_Y_temp_reg_62_/CK 
Endpoint:   p_reg_Y_temp_reg_62_/D (v) checked with  leading edge of 'CLK'
Beginpoint: B_reg_Y_temp_reg_1_/QN (^) triggered by  leading edge of 'CLK'
Path Groups: {CLK}
Analysis View: default
Other End Arrival Time          0.068
- Setup                         0.026
+ Phase Shift                   4.268
+ CPPR Adjustment               0.000
- Uncertainty                   0.050
= Required Time                 4.259
- Arrival Time                  3.318
= Slack Time                    0.941
     Clock Rise Edge                 0.000
     + Clock Network Latency (Prop)  0.048
     = Beginpoint Arrival Time       0.048
     +------------------------------------------------------------------------------+ 
     |       Instance       |     Arc      |   Cell    | Delay | Arrival | Required | 
     |                      |              |           |       |  Time   |   Time   | 
     |----------------------+--------------+-----------+-------+---------+----------| 
     | B_reg_Y_temp_reg_1_  | CK ^         |           |       |   0.048 |    0.989 | 
     | B_reg_Y_temp_reg_1_  | CK ^ -> QN ^ | DFF_X1    | 0.168 |   0.215 |    1.157 | 
     | U3673                | A1 ^ -> ZN v | NOR2_X1   | 0.016 |   0.232 |    1.173 | 
     | U3674                | A2 v -> ZN ^ | NOR2_X1   | 0.121 |   0.353 |    1.294 | 
     | FE_OFC12_n4302       | A ^ -> Z ^   | CLKBUF_X1 | 0.154 |   0.507 |    1.448 | 
     | FE_DBTC2_n4302       | A ^ -> ZN v  | INV_X2    | 0.077 |   0.584 |    1.525 | 
     | U3676                | A2 v -> ZN ^ | AOI22_X1  | 0.062 |   0.646 |    1.587 | 
     | FE_OFC62_n4340       | A ^ -> Z ^   | CLKBUF_X1 | 0.104 |   0.751 |    1.692 | 
     | U3647                | A ^ -> ZN v  | INV_X1    | 0.057 |   0.808 |    1.749 | 
     | U3706                | B1 v -> ZN ^ | AOI22_X1  | 0.051 |   0.859 |    1.800 | 
     | FE_OFC71_n3792       | A ^ -> Z ^   | CLKBUF_X2 | 0.131 |   0.989 |    1.931 | 
     | U3707                | A ^ -> ZN v  | INV_X1    | 0.086 |   1.075 |    2.017 | 
     | U3798                | B1 v -> ZN ^ | AOI22_X1  | 0.141 |   1.217 |    2.158 | 
     | U3803                | A ^ -> ZN ^  | XNOR2_X1  | 0.061 |   1.278 |    2.219 | 
     | U3804                | B ^ -> ZN ^  | XNOR2_X1  | 0.046 |   1.324 |    2.265 | 
     | U3806                | A ^ -> ZN v  | XNOR2_X1  | 0.020 |   1.344 |    2.286 | 
     | U3807                | B v -> ZN v  | XNOR2_X1  | 0.061 |   1.405 |    2.346 | 
     | U3869                | B1 v -> ZN ^ | AOI222_X1 | 0.102 |   1.507 |    2.449 | 
     | U3870                | A2 ^ -> ZN v | NOR2_X1   | 0.025 |   1.532 |    2.473 | 
     | U4911                | A1 v -> ZN v | OR3_X1    | 0.069 |   1.601 |    2.543 | 
     | U4912                | A2 v -> ZN ^ | NOR2_X1   | 0.030 |   1.632 |    2.573 | 
     | U4914                | A1 ^ -> ZN v | NOR2_X1   | 0.011 |   1.643 |    2.584 | 
     | U4921                | B1 v -> ZN ^ | AOI21_X1  | 0.066 |   1.708 |    2.649 | 
     | U4922                | A ^ -> ZN v  | INV_X1    | 0.029 |   1.737 |    2.678 | 
     | U4938                | B2 v -> ZN ^ | OAI21_X1  | 0.036 |   1.774 |    2.715 | 
     | U4939                | B ^ -> ZN v  | OAI211_X1 | 0.028 |   1.802 |    2.743 | 
     | U4942                | B2 v -> ZN ^ | OAI221_X1 | 0.114 |   1.916 |    2.857 | 
     | U4943                | A ^ -> ZN v  | INV_X1    | 0.028 |   1.944 |    2.885 | 
     | U4949                | B1 v -> ZN ^ | OAI21_X1  | 0.037 |   1.981 |    2.922 | 
     | U4950                | B2 ^ -> ZN v | AOI22_X1  | 0.023 |   2.004 |    2.945 | 
     | U4954                | B1 v -> ZN ^ | AOI21_X1  | 0.079 |   2.084 |    3.025 | 
     | U4956                | B1 ^ -> ZN v | AOI21_X1  | 0.022 |   2.105 |    3.047 | 
     | U4960                | B1 v -> ZN ^ | OAI22_X1  | 0.052 |   2.158 |    3.099 | 
     | U4962                | B1 ^ -> ZN v | OAI221_X1 | 0.057 |   2.214 |    3.156 | 
     | U4963                | A v -> ZN ^  | INV_X1    | 0.045 |   2.259 |    3.200 | 
     | U4964                | B1 ^ -> ZN v | OAI22_X1  | 0.024 |   2.284 |    3.225 | 
     | U4971                | C2 v -> ZN ^ | OAI211_X1 | 0.049 |   2.332 |    3.274 | 
     | U5518                | C1 ^ -> ZN v | AOI221_X1 | 0.023 |   2.355 |    3.296 | 
     | U5519                | A2 v -> ZN ^ | NOR2_X1   | 0.052 |   2.407 |    3.348 | 
     | U5530                | A ^ -> ZN v  | INV_X1    | 0.010 |   2.417 |    3.358 | 
     | U5531                | C1 v -> ZN ^ | AOI211_X1 | 0.038 |   2.455 |    3.396 | 
     | U5532                | A ^ -> ZN v  | AOI211_X1 | 0.021 |   2.476 |    3.417 | 
     | U5533                | B v -> ZN ^  | AOI211_X1 | 0.121 |   2.597 |    3.538 | 
     | U5601                | A1 ^ -> ZN v | NAND3_X1  | 0.059 |   2.656 |    3.598 | 
     | U5938                | A1 v -> ZN ^ | NOR3_X1   | 0.076 |   2.732 |    3.674 | 
     | U6693                | A1 ^ -> ZN v | NAND2_X1  | 0.019 |   2.752 |    3.693 | 
     | U6694                | C2 v -> ZN ^ | OAI221_X1 | 0.050 |   2.802 |    3.743 | 
     | U6695                | A2 ^ -> ZN v | NAND2_X1  | 0.030 |   2.832 |    3.773 | 
     | U6831                | B2 v -> ZN ^ | AOI22_X1  | 0.049 |   2.881 |    3.822 | 
     | U6833                | B1 ^ -> ZN v | AOI21_X1  | 0.031 |   2.912 |    3.853 | 
     | U6987                | B1 v -> ZN ^ | AOI221_X1 | 0.075 |   2.987 |    3.928 | 
     | U6988                | B1 ^ -> ZN v | AOI21_X1  | 0.030 |   3.017 |    3.958 | 
     | U7034                | A1 v -> ZN ^ | NOR2_X1   | 0.044 |   3.061 |    4.002 | 
     | U7053                | A ^ -> ZN v  | INV_X1    | 0.011 |   3.072 |    4.013 | 
     | U7054                | B2 v -> ZN ^ | AOI22_X1  | 0.046 |   3.118 |    4.059 | 
     | U7056                | B1 ^ -> ZN v | AOI22_X1  | 0.025 |   3.142 |    4.084 | 
     | U7057                | A v -> ZN ^  | OAI21_X1  | 0.023 |   3.165 |    4.106 | 
     | U7058                | A ^ -> ZN v  | OAI21_X1  | 0.026 |   3.191 |    4.132 | 
     | U3285                | A1 v -> ZN v | AND2_X1   | 0.042 |   3.232 |    4.173 | 
     | U3290                | B1 v -> ZN ^ | AOI222_X1 | 0.078 |   3.310 |    4.252 | 
     | U3291                | A ^ -> ZN v  | INV_X1    | 0.008 |   3.318 |    4.259 | 
     | p_reg_Y_temp_reg_62_ | D v          | DFF_X1    | 0.000 |   3.318 |    4.259 | 
     +------------------------------------------------------------------------------+ 
Path 3: MET Setup Check with Pin p_reg_Y_temp_reg_61_/CK 
Endpoint:   p_reg_Y_temp_reg_61_/D (v) checked with  leading edge of 'CLK'
Beginpoint: B_reg_Y_temp_reg_1_/QN (^) triggered by  leading edge of 'CLK'
Path Groups: {CLK}
Analysis View: default
Other End Arrival Time          0.068
- Setup                         0.026
+ Phase Shift                   4.268
+ CPPR Adjustment               0.000
- Uncertainty                   0.050
= Required Time                 4.260
- Arrival Time                  3.318
= Slack Time                    0.942
     Clock Rise Edge                 0.000
     + Clock Network Latency (Prop)  0.048
     = Beginpoint Arrival Time       0.048
     +------------------------------------------------------------------------------+ 
     |       Instance       |     Arc      |   Cell    | Delay | Arrival | Required | 
     |                      |              |           |       |  Time   |   Time   | 
     |----------------------+--------------+-----------+-------+---------+----------| 
     | B_reg_Y_temp_reg_1_  | CK ^         |           |       |   0.048 |    0.990 | 
     | B_reg_Y_temp_reg_1_  | CK ^ -> QN ^ | DFF_X1    | 0.168 |   0.215 |    1.157 | 
     | U3673                | A1 ^ -> ZN v | NOR2_X1   | 0.016 |   0.232 |    1.174 | 
     | U3674                | A2 v -> ZN ^ | NOR2_X1   | 0.121 |   0.353 |    1.295 | 
     | FE_OFC12_n4302       | A ^ -> Z ^   | CLKBUF_X1 | 0.154 |   0.507 |    1.449 | 
     | FE_DBTC2_n4302       | A ^ -> ZN v  | INV_X2    | 0.077 |   0.584 |    1.526 | 
     | U3676                | A2 v -> ZN ^ | AOI22_X1  | 0.062 |   0.646 |    1.588 | 
     | FE_OFC62_n4340       | A ^ -> Z ^   | CLKBUF_X1 | 0.104 |   0.751 |    1.693 | 
     | U3647                | A ^ -> ZN v  | INV_X1    | 0.057 |   0.808 |    1.750 | 
     | U3706                | B1 v -> ZN ^ | AOI22_X1  | 0.051 |   0.859 |    1.801 | 
     | FE_OFC71_n3792       | A ^ -> Z ^   | CLKBUF_X2 | 0.131 |   0.989 |    1.931 | 
     | U3707                | A ^ -> ZN v  | INV_X1    | 0.086 |   1.075 |    2.017 | 
     | U3798                | B1 v -> ZN ^ | AOI22_X1  | 0.141 |   1.217 |    2.159 | 
     | U3803                | A ^ -> ZN ^  | XNOR2_X1  | 0.061 |   1.278 |    2.220 | 
     | U3804                | B ^ -> ZN ^  | XNOR2_X1  | 0.046 |   1.324 |    2.266 | 
     | U3806                | A ^ -> ZN v  | XNOR2_X1  | 0.020 |   1.344 |    2.286 | 
     | U3807                | B v -> ZN v  | XNOR2_X1  | 0.061 |   1.405 |    2.347 | 
     | U3869                | B1 v -> ZN ^ | AOI222_X1 | 0.102 |   1.507 |    2.449 | 
     | U3870                | A2 ^ -> ZN v | NOR2_X1   | 0.025 |   1.532 |    2.474 | 
     | U4911                | A1 v -> ZN v | OR3_X1    | 0.069 |   1.601 |    2.543 | 
     | U4912                | A2 v -> ZN ^ | NOR2_X1   | 0.030 |   1.632 |    2.574 | 
     | U4914                | A1 ^ -> ZN v | NOR2_X1   | 0.011 |   1.643 |    2.585 | 
     | U4921                | B1 v -> ZN ^ | AOI21_X1  | 0.066 |   1.708 |    2.650 | 
     | U4922                | A ^ -> ZN v  | INV_X1    | 0.029 |   1.737 |    2.679 | 
     | U4938                | B2 v -> ZN ^ | OAI21_X1  | 0.036 |   1.774 |    2.716 | 
     | U4939                | B ^ -> ZN v  | OAI211_X1 | 0.028 |   1.802 |    2.744 | 
     | U4942                | B2 v -> ZN ^ | OAI221_X1 | 0.114 |   1.916 |    2.858 | 
     | U4943                | A ^ -> ZN v  | INV_X1    | 0.028 |   1.944 |    2.886 | 
     | U4949                | B1 v -> ZN ^ | OAI21_X1  | 0.037 |   1.981 |    2.923 | 
     | U4950                | B2 ^ -> ZN v | AOI22_X1  | 0.023 |   2.004 |    2.946 | 
     | U4954                | B1 v -> ZN ^ | AOI21_X1  | 0.079 |   2.084 |    3.026 | 
     | U4956                | B1 ^ -> ZN v | AOI21_X1  | 0.022 |   2.105 |    3.047 | 
     | U4960                | B1 v -> ZN ^ | OAI22_X1  | 0.052 |   2.158 |    3.100 | 
     | U4962                | B1 ^ -> ZN v | OAI221_X1 | 0.057 |   2.214 |    3.156 | 
     | U4963                | A v -> ZN ^  | INV_X1    | 0.045 |   2.259 |    3.201 | 
     | U4964                | B1 ^ -> ZN v | OAI22_X1  | 0.024 |   2.284 |    3.226 | 
     | U4971                | C2 v -> ZN ^ | OAI211_X1 | 0.049 |   2.332 |    3.274 | 
     | U5518                | C1 ^ -> ZN v | AOI221_X1 | 0.023 |   2.355 |    3.297 | 
     | U5519                | A2 v -> ZN ^ | NOR2_X1   | 0.052 |   2.407 |    3.349 | 
     | U5530                | A ^ -> ZN v  | INV_X1    | 0.010 |   2.417 |    3.359 | 
     | U5531                | C1 v -> ZN ^ | AOI211_X1 | 0.038 |   2.455 |    3.397 | 
     | U5532                | A ^ -> ZN v  | AOI211_X1 | 0.021 |   2.476 |    3.418 | 
     | U5533                | B v -> ZN ^  | AOI211_X1 | 0.121 |   2.597 |    3.539 | 
     | U5601                | A1 ^ -> ZN v | NAND3_X1  | 0.059 |   2.656 |    3.598 | 
     | U5938                | A1 v -> ZN ^ | NOR3_X1   | 0.076 |   2.732 |    3.674 | 
     | U6693                | A1 ^ -> ZN v | NAND2_X1  | 0.019 |   2.752 |    3.694 | 
     | U6694                | C2 v -> ZN ^ | OAI221_X1 | 0.050 |   2.802 |    3.744 | 
     | U6695                | A2 ^ -> ZN v | NAND2_X1  | 0.030 |   2.832 |    3.774 | 
     | U6831                | B2 v -> ZN ^ | AOI22_X1  | 0.049 |   2.881 |    3.823 | 
     | U6833                | B1 ^ -> ZN v | AOI21_X1  | 0.031 |   2.912 |    3.854 | 
     | U6987                | B1 v -> ZN ^ | AOI221_X1 | 0.075 |   2.987 |    3.929 | 
     | U6988                | B1 ^ -> ZN v | AOI21_X1  | 0.030 |   3.017 |    3.959 | 
     | U7034                | A1 v -> ZN ^ | NOR2_X1   | 0.044 |   3.061 |    4.003 | 
     | U7053                | A ^ -> ZN v  | INV_X1    | 0.011 |   3.072 |    4.014 | 
     | U7054                | B2 v -> ZN ^ | AOI22_X1  | 0.046 |   3.118 |    4.060 | 
     | U7056                | B1 ^ -> ZN v | AOI22_X1  | 0.025 |   3.142 |    4.084 | 
     | U7057                | A v -> ZN ^  | OAI21_X1  | 0.023 |   3.165 |    4.107 | 
     | U7058                | A ^ -> ZN v  | OAI21_X1  | 0.026 |   3.191 |    4.133 | 
     | U3285                | A1 v -> ZN v | AND2_X1   | 0.042 |   3.232 |    4.174 | 
     | U3292                | B1 v -> ZN ^ | AOI222_X1 | 0.078 |   3.310 |    4.252 | 
     | U3293                | A ^ -> ZN v  | INV_X1    | 0.008 |   3.318 |    4.260 | 
     | p_reg_Y_temp_reg_61_ | D v          | DFF_X1    | 0.000 |   3.318 |    4.260 | 
     +------------------------------------------------------------------------------+ 
Path 4: MET Setup Check with Pin p_reg_Y_temp_reg_60_/CK 
Endpoint:   p_reg_Y_temp_reg_60_/D (^) checked with  leading edge of 'CLK'
Beginpoint: B_reg_Y_temp_reg_1_/QN (^) triggered by  leading edge of 'CLK'
Path Groups: {CLK}
Analysis View: default
Other End Arrival Time          0.069
- Setup                         0.028
+ Phase Shift                   4.268
+ CPPR Adjustment               0.000
- Uncertainty                   0.050
= Required Time                 4.259
- Arrival Time                  3.289
= Slack Time                    0.970
     Clock Rise Edge                 0.000
     + Clock Network Latency (Prop)  0.048
     = Beginpoint Arrival Time       0.048
     +------------------------------------------------------------------------------+ 
     |       Instance       |     Arc      |   Cell    | Delay | Arrival | Required | 
     |                      |              |           |       |  Time   |   Time   | 
     |----------------------+--------------+-----------+-------+---------+----------| 
     | B_reg_Y_temp_reg_1_  | CK ^         |           |       |   0.048 |    1.017 | 
     | B_reg_Y_temp_reg_1_  | CK ^ -> QN ^ | DFF_X1    | 0.168 |   0.215 |    1.185 | 
     | U3673                | A1 ^ -> ZN v | NOR2_X1   | 0.016 |   0.232 |    1.201 | 
     | U3674                | A2 v -> ZN ^ | NOR2_X1   | 0.121 |   0.353 |    1.322 | 
     | FE_OFC12_n4302       | A ^ -> Z ^   | CLKBUF_X1 | 0.154 |   0.507 |    1.477 | 
     | FE_DBTC2_n4302       | A ^ -> ZN v  | INV_X2    | 0.077 |   0.584 |    1.553 | 
     | U3676                | A2 v -> ZN ^ | AOI22_X1  | 0.062 |   0.646 |    1.616 | 
     | FE_OFC62_n4340       | A ^ -> Z ^   | CLKBUF_X1 | 0.104 |   0.751 |    1.720 | 
     | U3647                | A ^ -> ZN v  | INV_X1    | 0.057 |   0.808 |    1.777 | 
     | U3706                | B1 v -> ZN ^ | AOI22_X1  | 0.051 |   0.859 |    1.828 | 
     | FE_OFC71_n3792       | A ^ -> Z ^   | CLKBUF_X2 | 0.131 |   0.989 |    1.959 | 
     | U3707                | A ^ -> ZN v  | INV_X1    | 0.086 |   1.075 |    2.045 | 
     | U3798                | B1 v -> ZN ^ | AOI22_X1  | 0.141 |   1.217 |    2.186 | 
     | U3803                | A ^ -> ZN ^  | XNOR2_X1  | 0.061 |   1.278 |    2.248 | 
     | U3804                | B ^ -> ZN ^  | XNOR2_X1  | 0.046 |   1.324 |    2.294 | 
     | U3806                | A ^ -> ZN v  | XNOR2_X1  | 0.020 |   1.344 |    2.314 | 
     | U3807                | B v -> ZN v  | XNOR2_X1  | 0.061 |   1.405 |    2.375 | 
     | U3869                | B1 v -> ZN ^ | AOI222_X1 | 0.102 |   1.507 |    2.477 | 
     | U3870                | A2 ^ -> ZN v | NOR2_X1   | 0.025 |   1.532 |    2.502 | 
     | U4911                | A1 v -> ZN v | OR3_X1    | 0.069 |   1.601 |    2.571 | 
     | U4912                | A2 v -> ZN ^ | NOR2_X1   | 0.030 |   1.632 |    2.601 | 
     | U4914                | A1 ^ -> ZN v | NOR2_X1   | 0.011 |   1.643 |    2.612 | 
     | U4921                | B1 v -> ZN ^ | AOI21_X1  | 0.066 |   1.708 |    2.678 | 
     | U4922                | A ^ -> ZN v  | INV_X1    | 0.029 |   1.737 |    2.707 | 
     | U4938                | B2 v -> ZN ^ | OAI21_X1  | 0.036 |   1.774 |    2.743 | 
     | U4939                | B ^ -> ZN v  | OAI211_X1 | 0.028 |   1.802 |    2.772 | 
     | U4942                | B2 v -> ZN ^ | OAI221_X1 | 0.114 |   1.916 |    2.886 | 
     | U4943                | A ^ -> ZN v  | INV_X1    | 0.028 |   1.944 |    2.914 | 
     | U4949                | B1 v -> ZN ^ | OAI21_X1  | 0.037 |   1.981 |    2.951 | 
     | U4950                | B2 ^ -> ZN v | AOI22_X1  | 0.023 |   2.004 |    2.974 | 
     | U4954                | B1 v -> ZN ^ | AOI21_X1  | 0.079 |   2.084 |    3.053 | 
     | U4956                | B1 ^ -> ZN v | AOI21_X1  | 0.022 |   2.105 |    3.075 | 
     | U4960                | B1 v -> ZN ^ | OAI22_X1  | 0.052 |   2.158 |    3.127 | 
     | U4962                | B1 ^ -> ZN v | OAI221_X1 | 0.057 |   2.214 |    3.184 | 
     | U4963                | A v -> ZN ^  | INV_X1    | 0.045 |   2.259 |    3.229 | 
     | U4964                | B1 ^ -> ZN v | OAI22_X1  | 0.024 |   2.284 |    3.253 | 
     | U4971                | C2 v -> ZN ^ | OAI211_X1 | 0.049 |   2.332 |    3.302 | 
     | U5518                | C1 ^ -> ZN v | AOI221_X1 | 0.023 |   2.355 |    3.325 | 
     | U5519                | A2 v -> ZN ^ | NOR2_X1   | 0.052 |   2.407 |    3.377 | 
     | U5530                | A ^ -> ZN v  | INV_X1    | 0.010 |   2.417 |    3.386 | 
     | U5531                | C1 v -> ZN ^ | AOI211_X1 | 0.038 |   2.455 |    3.424 | 
     | U5532                | A ^ -> ZN v  | AOI211_X1 | 0.021 |   2.476 |    3.445 | 
     | U5533                | B v -> ZN ^  | AOI211_X1 | 0.121 |   2.597 |    3.567 | 
     | U5601                | A1 ^ -> ZN v | NAND3_X1  | 0.059 |   2.656 |    3.626 | 
     | U5938                | A1 v -> ZN ^ | NOR3_X1   | 0.076 |   2.732 |    3.702 | 
     | U6693                | A1 ^ -> ZN v | NAND2_X1  | 0.019 |   2.752 |    3.721 | 
     | U6694                | C2 v -> ZN ^ | OAI221_X1 | 0.050 |   2.802 |    3.771 | 
     | U6695                | A2 ^ -> ZN v | NAND2_X1  | 0.030 |   2.832 |    3.801 | 
     | U6831                | B2 v -> ZN ^ | AOI22_X1  | 0.049 |   2.881 |    3.850 | 
     | U6833                | B1 ^ -> ZN v | AOI21_X1  | 0.031 |   2.912 |    3.882 | 
     | U6987                | B1 v -> ZN ^ | AOI221_X1 | 0.075 |   2.987 |    3.957 | 
     | U6988                | B1 ^ -> ZN v | AOI21_X1  | 0.030 |   3.017 |    3.987 | 
     | U7034                | A1 v -> ZN ^ | NOR2_X1   | 0.044 |   3.061 |    4.031 | 
     | U7053                | A ^ -> ZN v  | INV_X1    | 0.011 |   3.072 |    4.042 | 
     | U7054                | B2 v -> ZN ^ | AOI22_X1  | 0.046 |   3.118 |    4.087 | 
     | U7056                | B1 ^ -> ZN v | AOI22_X1  | 0.025 |   3.142 |    4.112 | 
     | U7057                | A v -> ZN ^  | OAI21_X1  | 0.023 |   3.165 |    4.134 | 
     | U7058                | A ^ -> ZN v  | OAI21_X1  | 0.026 |   3.191 |    4.160 | 
     | U3284                | A2 v -> ZN ^ | NOR2_X1   | 0.057 |   3.247 |    4.217 | 
     | U3294                | A ^ -> ZN v  | INV_X1    | 0.011 |   3.258 |    4.228 | 
     | U3296                | B2 v -> ZN ^ | OAI21_X1  | 0.031 |   3.289 |    4.259 | 
     | p_reg_Y_temp_reg_60_ | D ^          | DFF_X1    | 0.000 |   3.289 |    4.259 | 
     +------------------------------------------------------------------------------+ 
Path 5: MET Setup Check with Pin p_reg_Y_temp_reg_59_/CK 
Endpoint:   p_reg_Y_temp_reg_59_/D (v) checked with  leading edge of 'CLK'
Beginpoint: B_reg_Y_temp_reg_1_/QN (^) triggered by  leading edge of 'CLK'
Path Groups: {CLK}
Analysis View: default
Other End Arrival Time          0.069
- Setup                         0.030
+ Phase Shift                   4.268
+ CPPR Adjustment               0.000
- Uncertainty                   0.050
= Required Time                 4.257
- Arrival Time                  3.218
= Slack Time                    1.039
     Clock Rise Edge                 0.000
     + Clock Network Latency (Prop)  0.048
     = Beginpoint Arrival Time       0.048
     +------------------------------------------------------------------------------+ 
     |       Instance       |     Arc      |   Cell    | Delay | Arrival | Required | 
     |                      |              |           |       |  Time   |   Time   | 
     |----------------------+--------------+-----------+-------+---------+----------| 
     | B_reg_Y_temp_reg_1_  | CK ^         |           |       |   0.048 |    1.086 | 
     | B_reg_Y_temp_reg_1_  | CK ^ -> QN ^ | DFF_X1    | 0.168 |   0.215 |    1.254 | 
     | U3673                | A1 ^ -> ZN v | NOR2_X1   | 0.016 |   0.232 |    1.270 | 
     | U3674                | A2 v -> ZN ^ | NOR2_X1   | 0.121 |   0.353 |    1.391 | 
     | FE_OFC12_n4302       | A ^ -> Z ^   | CLKBUF_X1 | 0.154 |   0.507 |    1.546 | 
     | FE_DBTC2_n4302       | A ^ -> ZN v  | INV_X2    | 0.077 |   0.584 |    1.622 | 
     | U3676                | A2 v -> ZN ^ | AOI22_X1  | 0.062 |   0.646 |    1.685 | 
     | FE_OFC62_n4340       | A ^ -> Z ^   | CLKBUF_X1 | 0.104 |   0.751 |    1.789 | 
     | U3647                | A ^ -> ZN v  | INV_X1    | 0.057 |   0.808 |    1.846 | 
     | U3706                | B1 v -> ZN ^ | AOI22_X1  | 0.051 |   0.859 |    1.897 | 
     | FE_OFC71_n3792       | A ^ -> Z ^   | CLKBUF_X2 | 0.131 |   0.989 |    2.028 | 
     | U3707                | A ^ -> ZN v  | INV_X1    | 0.086 |   1.075 |    2.114 | 
     | U3798                | B1 v -> ZN ^ | AOI22_X1  | 0.141 |   1.217 |    2.255 | 
     | U3803                | A ^ -> ZN ^  | XNOR2_X1  | 0.061 |   1.278 |    2.317 | 
     | U3804                | B ^ -> ZN ^  | XNOR2_X1  | 0.046 |   1.324 |    2.363 | 
     | U3806                | A ^ -> ZN v  | XNOR2_X1  | 0.020 |   1.344 |    2.383 | 
     | U3807                | B v -> ZN v  | XNOR2_X1  | 0.061 |   1.405 |    2.444 | 
     | U3869                | B1 v -> ZN ^ | AOI222_X1 | 0.102 |   1.507 |    2.546 | 
     | U3870                | A2 ^ -> ZN v | NOR2_X1   | 0.025 |   1.532 |    2.571 | 
     | U4911                | A1 v -> ZN v | OR3_X1    | 0.069 |   1.601 |    2.640 | 
     | U4912                | A2 v -> ZN ^ | NOR2_X1   | 0.030 |   1.632 |    2.670 | 
     | U4914                | A1 ^ -> ZN v | NOR2_X1   | 0.011 |   1.643 |    2.681 | 
     | U4921                | B1 v -> ZN ^ | AOI21_X1  | 0.066 |   1.708 |    2.747 | 
     | U4922                | A ^ -> ZN v  | INV_X1    | 0.029 |   1.737 |    2.776 | 
     | U4938                | B2 v -> ZN ^ | OAI21_X1  | 0.036 |   1.774 |    2.812 | 
     | U4939                | B ^ -> ZN v  | OAI211_X1 | 0.028 |   1.802 |    2.841 | 
     | U4942                | B2 v -> ZN ^ | OAI221_X1 | 0.114 |   1.916 |    2.955 | 
     | U4943                | A ^ -> ZN v  | INV_X1    | 0.028 |   1.944 |    2.983 | 
     | U4949                | B1 v -> ZN ^ | OAI21_X1  | 0.037 |   1.981 |    3.020 | 
     | U4950                | B2 ^ -> ZN v | AOI22_X1  | 0.023 |   2.004 |    3.043 | 
     | U4954                | B1 v -> ZN ^ | AOI21_X1  | 0.079 |   2.084 |    3.122 | 
     | U4956                | B1 ^ -> ZN v | AOI21_X1  | 0.022 |   2.105 |    3.144 | 
     | U4960                | B1 v -> ZN ^ | OAI22_X1  | 0.052 |   2.158 |    3.196 | 
     | U4962                | B1 ^ -> ZN v | OAI221_X1 | 0.057 |   2.214 |    3.253 | 
     | U4963                | A v -> ZN ^  | INV_X1    | 0.045 |   2.259 |    3.298 | 
     | U4964                | B1 ^ -> ZN v | OAI22_X1  | 0.024 |   2.284 |    3.322 | 
     | U4971                | C2 v -> ZN ^ | OAI211_X1 | 0.049 |   2.332 |    3.371 | 
     | U5518                | C1 ^ -> ZN v | AOI221_X1 | 0.023 |   2.355 |    3.394 | 
     | U5519                | A2 v -> ZN ^ | NOR2_X1   | 0.052 |   2.407 |    3.446 | 
     | U5530                | A ^ -> ZN v  | INV_X1    | 0.010 |   2.417 |    3.455 | 
     | U5531                | C1 v -> ZN ^ | AOI211_X1 | 0.038 |   2.455 |    3.493 | 
     | U5532                | A ^ -> ZN v  | AOI211_X1 | 0.021 |   2.476 |    3.514 | 
     | U5533                | B v -> ZN ^  | AOI211_X1 | 0.121 |   2.597 |    3.636 | 
     | U5601                | A1 ^ -> ZN v | NAND3_X1  | 0.059 |   2.656 |    3.695 | 
     | U5938                | A1 v -> ZN ^ | NOR3_X1   | 0.076 |   2.732 |    3.771 | 
     | U6693                | A1 ^ -> ZN v | NAND2_X1  | 0.019 |   2.752 |    3.790 | 
     | U6694                | C2 v -> ZN ^ | OAI221_X1 | 0.050 |   2.802 |    3.840 | 
     | U6695                | A2 ^ -> ZN v | NAND2_X1  | 0.030 |   2.832 |    3.870 | 
     | U6831                | B2 v -> ZN ^ | AOI22_X1  | 0.049 |   2.881 |    3.919 | 
     | U6833                | B1 ^ -> ZN v | AOI21_X1  | 0.031 |   2.912 |    3.951 | 
     | U6987                | B1 v -> ZN ^ | AOI221_X1 | 0.075 |   2.987 |    4.026 | 
     | U6988                | B1 ^ -> ZN v | AOI21_X1  | 0.030 |   3.017 |    4.056 | 
     | U7034                | A1 v -> ZN ^ | NOR2_X1   | 0.044 |   3.061 |    4.100 | 
     | U7044                | A1 ^ -> ZN v | NAND2_X1  | 0.024 |   3.085 |    4.124 | 
     | U7050                | A2 v -> ZN v | OR2_X1    | 0.051 |   3.137 |    4.175 | 
     | U7051                | A2 v -> ZN ^ | NAND2_X1  | 0.019 |   3.155 |    4.194 | 
     | U7052                | B ^ -> ZN ^  | XNOR2_X1  | 0.040 |   3.196 |    4.234 | 
     | U3300                | A2 ^ -> ZN v | OAI22_X1  | 0.022 |   3.218 |    4.257 | 
     | p_reg_Y_temp_reg_59_ | D v          | DFF_X1    | 0.000 |   3.218 |    4.257 | 
     +------------------------------------------------------------------------------+ 
Path 6: MET Setup Check with Pin p_reg_Y_temp_reg_57_/CK 
Endpoint:   p_reg_Y_temp_reg_57_/D (^) checked with  leading edge of 'CLK'
Beginpoint: B_reg_Y_temp_reg_1_/QN (^) triggered by  leading edge of 'CLK'
Path Groups: {CLK}
Analysis View: default
Other End Arrival Time          0.070
- Setup                         0.034
+ Phase Shift                   4.268
+ CPPR Adjustment               0.000
- Uncertainty                   0.050
= Required Time                 4.254
- Arrival Time                  3.170
= Slack Time                    1.083
     Clock Rise Edge                 0.000
     + Clock Network Latency (Prop)  0.048
     = Beginpoint Arrival Time       0.048
     +------------------------------------------------------------------------------+ 
     |       Instance       |     Arc      |   Cell    | Delay | Arrival | Required | 
     |                      |              |           |       |  Time   |   Time   | 
     |----------------------+--------------+-----------+-------+---------+----------| 
     | B_reg_Y_temp_reg_1_  | CK ^         |           |       |   0.048 |    1.131 | 
     | B_reg_Y_temp_reg_1_  | CK ^ -> QN ^ | DFF_X1    | 0.168 |   0.215 |    1.299 | 
     | U3673                | A1 ^ -> ZN v | NOR2_X1   | 0.016 |   0.232 |    1.315 | 
     | U3674                | A2 v -> ZN ^ | NOR2_X1   | 0.121 |   0.353 |    1.436 | 
     | FE_OFC12_n4302       | A ^ -> Z ^   | CLKBUF_X1 | 0.154 |   0.507 |    1.590 | 
     | FE_DBTC2_n4302       | A ^ -> ZN v  | INV_X2    | 0.077 |   0.584 |    1.667 | 
     | U3676                | A2 v -> ZN ^ | AOI22_X1  | 0.062 |   0.646 |    1.729 | 
     | FE_OFC62_n4340       | A ^ -> Z ^   | CLKBUF_X1 | 0.104 |   0.751 |    1.834 | 
     | U3647                | A ^ -> ZN v  | INV_X1    | 0.057 |   0.808 |    1.891 | 
     | U3706                | B1 v -> ZN ^ | AOI22_X1  | 0.051 |   0.859 |    1.942 | 
     | FE_OFC71_n3792       | A ^ -> Z ^   | CLKBUF_X2 | 0.131 |   0.989 |    2.073 | 
     | U3707                | A ^ -> ZN v  | INV_X1    | 0.086 |   1.075 |    2.159 | 
     | U3798                | B1 v -> ZN ^ | AOI22_X1  | 0.141 |   1.217 |    2.300 | 
     | U3803                | A ^ -> ZN ^  | XNOR2_X1  | 0.061 |   1.278 |    2.362 | 
     | U3804                | B ^ -> ZN ^  | XNOR2_X1  | 0.046 |   1.324 |    2.408 | 
     | U3806                | A ^ -> ZN v  | XNOR2_X1  | 0.020 |   1.344 |    2.428 | 
     | U3807                | B v -> ZN v  | XNOR2_X1  | 0.061 |   1.405 |    2.489 | 
     | U3869                | B1 v -> ZN ^ | AOI222_X1 | 0.102 |   1.507 |    2.591 | 
     | U3870                | A2 ^ -> ZN v | NOR2_X1   | 0.025 |   1.532 |    2.616 | 
     | U4911                | A1 v -> ZN v | OR3_X1    | 0.069 |   1.601 |    2.685 | 
     | U4912                | A2 v -> ZN ^ | NOR2_X1   | 0.030 |   1.632 |    2.715 | 
     | U4914                | A1 ^ -> ZN v | NOR2_X1   | 0.011 |   1.643 |    2.726 | 
     | U4921                | B1 v -> ZN ^ | AOI21_X1  | 0.066 |   1.708 |    2.792 | 
     | U4922                | A ^ -> ZN v  | INV_X1    | 0.029 |   1.737 |    2.820 | 
     | U4938                | B2 v -> ZN ^ | OAI21_X1  | 0.036 |   1.774 |    2.857 | 
     | U4939                | B ^ -> ZN v  | OAI211_X1 | 0.028 |   1.802 |    2.885 | 
     | U4942                | B2 v -> ZN ^ | OAI221_X1 | 0.114 |   1.916 |    3.000 | 
     | U4943                | A ^ -> ZN v  | INV_X1    | 0.028 |   1.944 |    3.028 | 
     | U4949                | B1 v -> ZN ^ | OAI21_X1  | 0.037 |   1.981 |    3.064 | 
     | U4950                | B2 ^ -> ZN v | AOI22_X1  | 0.023 |   2.004 |    3.088 | 
     | U4954                | B1 v -> ZN ^ | AOI21_X1  | 0.079 |   2.084 |    3.167 | 
     | U4956                | B1 ^ -> ZN v | AOI21_X1  | 0.022 |   2.105 |    3.189 | 
     | U4960                | B1 v -> ZN ^ | OAI22_X1  | 0.052 |   2.158 |    3.241 | 
     | U4962                | B1 ^ -> ZN v | OAI221_X1 | 0.057 |   2.214 |    3.298 | 
     | U4963                | A v -> ZN ^  | INV_X1    | 0.045 |   2.259 |    3.343 | 
     | U4964                | B1 ^ -> ZN v | OAI22_X1  | 0.024 |   2.284 |    3.367 | 
     | U4971                | C2 v -> ZN ^ | OAI211_X1 | 0.049 |   2.332 |    3.416 | 
     | U5518                | C1 ^ -> ZN v | AOI221_X1 | 0.023 |   2.355 |    3.438 | 
     | U5519                | A2 v -> ZN ^ | NOR2_X1   | 0.052 |   2.407 |    3.490 | 
     | U5530                | A ^ -> ZN v  | INV_X1    | 0.010 |   2.417 |    3.500 | 
     | U5531                | C1 v -> ZN ^ | AOI211_X1 | 0.038 |   2.455 |    3.538 | 
     | U5532                | A ^ -> ZN v  | AOI211_X1 | 0.021 |   2.476 |    3.559 | 
     | U5533                | B v -> ZN ^  | AOI211_X1 | 0.121 |   2.597 |    3.681 | 
     | U5601                | A1 ^ -> ZN v | NAND3_X1  | 0.059 |   2.656 |    3.740 | 
     | U5938                | A1 v -> ZN ^ | NOR3_X1   | 0.076 |   2.732 |    3.816 | 
     | U6693                | A1 ^ -> ZN v | NAND2_X1  | 0.019 |   2.752 |    3.835 | 
     | U6694                | C2 v -> ZN ^ | OAI221_X1 | 0.050 |   2.802 |    3.885 | 
     | U6695                | A2 ^ -> ZN v | NAND2_X1  | 0.030 |   2.832 |    3.915 | 
     | U6831                | B2 v -> ZN ^ | AOI22_X1  | 0.049 |   2.881 |    3.964 | 
     | U6833                | B1 ^ -> ZN v | AOI21_X1  | 0.031 |   2.912 |    3.995 | 
     | U6987                | B1 v -> ZN ^ | AOI221_X1 | 0.075 |   2.987 |    4.071 | 
     | U6988                | B1 ^ -> ZN v | AOI21_X1  | 0.030 |   3.017 |    4.100 | 
     | U7034                | A1 v -> ZN ^ | NOR2_X1   | 0.044 |   3.061 |    4.145 | 
     | U7035                | A ^ -> ZN v  | AOI21_X1  | 0.020 |   3.081 |    4.165 | 
     | U7036                | B v -> Z v   | XOR2_X1   | 0.058 |   3.140 |    4.223 | 
     | U3306                | A2 v -> ZN ^ | OAI22_X1  | 0.031 |   3.170 |    4.254 | 
     | p_reg_Y_temp_reg_57_ | D ^          | DFF_X1    | 0.000 |   3.170 |    4.254 | 
     +------------------------------------------------------------------------------+ 
Path 7: MET Setup Check with Pin p_reg_Y_temp_reg_58_/CK 
Endpoint:   p_reg_Y_temp_reg_58_/D (^) checked with  leading edge of 'CLK'
Beginpoint: B_reg_Y_temp_reg_1_/QN (^) triggered by  leading edge of 'CLK'
Path Groups: {CLK}
Analysis View: default
Other End Arrival Time          0.070
- Setup                         0.034
+ Phase Shift                   4.268
+ CPPR Adjustment               0.000
- Uncertainty                   0.050
= Required Time                 4.253
- Arrival Time                  3.157
= Slack Time                    1.096
     Clock Rise Edge                 0.000
     + Clock Network Latency (Prop)  0.048
     = Beginpoint Arrival Time       0.048
     +------------------------------------------------------------------------------+ 
     |       Instance       |     Arc      |   Cell    | Delay | Arrival | Required | 
     |                      |              |           |       |  Time   |   Time   | 
     |----------------------+--------------+-----------+-------+---------+----------| 
     | B_reg_Y_temp_reg_1_  | CK ^         |           |       |   0.048 |    1.144 | 
     | B_reg_Y_temp_reg_1_  | CK ^ -> QN ^ | DFF_X1    | 0.168 |   0.215 |    1.312 | 
     | U3673                | A1 ^ -> ZN v | NOR2_X1   | 0.016 |   0.232 |    1.328 | 
     | U3674                | A2 v -> ZN ^ | NOR2_X1   | 0.121 |   0.353 |    1.449 | 
     | FE_OFC12_n4302       | A ^ -> Z ^   | CLKBUF_X1 | 0.154 |   0.507 |    1.603 | 
     | FE_DBTC2_n4302       | A ^ -> ZN v  | INV_X2    | 0.077 |   0.584 |    1.680 | 
     | U3676                | A2 v -> ZN ^ | AOI22_X1  | 0.062 |   0.646 |    1.742 | 
     | FE_OFC62_n4340       | A ^ -> Z ^   | CLKBUF_X1 | 0.104 |   0.751 |    1.847 | 
     | U3647                | A ^ -> ZN v  | INV_X1    | 0.057 |   0.808 |    1.904 | 
     | U3706                | B1 v -> ZN ^ | AOI22_X1  | 0.051 |   0.859 |    1.955 | 
     | FE_OFC71_n3792       | A ^ -> Z ^   | CLKBUF_X2 | 0.131 |   0.989 |    2.086 | 
     | U3707                | A ^ -> ZN v  | INV_X1    | 0.086 |   1.075 |    2.172 | 
     | U3798                | B1 v -> ZN ^ | AOI22_X1  | 0.141 |   1.217 |    2.313 | 
     | U3803                | A ^ -> ZN ^  | XNOR2_X1  | 0.061 |   1.278 |    2.374 | 
     | U3804                | B ^ -> ZN ^  | XNOR2_X1  | 0.046 |   1.324 |    2.420 | 
     | U3806                | A ^ -> ZN v  | XNOR2_X1  | 0.020 |   1.344 |    2.441 | 
     | U3807                | B v -> ZN v  | XNOR2_X1  | 0.061 |   1.405 |    2.501 | 
     | U3869                | B1 v -> ZN ^ | AOI222_X1 | 0.102 |   1.507 |    2.604 | 
     | U3870                | A2 ^ -> ZN v | NOR2_X1   | 0.025 |   1.532 |    2.628 | 
     | U4911                | A1 v -> ZN v | OR3_X1    | 0.069 |   1.601 |    2.698 | 
     | U4912                | A2 v -> ZN ^ | NOR2_X1   | 0.030 |   1.632 |    2.728 | 
     | U4914                | A1 ^ -> ZN v | NOR2_X1   | 0.011 |   1.643 |    2.739 | 
     | U4921                | B1 v -> ZN ^ | AOI21_X1  | 0.066 |   1.708 |    2.804 | 
     | U4922                | A ^ -> ZN v  | INV_X1    | 0.029 |   1.737 |    2.833 | 
     | U4938                | B2 v -> ZN ^ | OAI21_X1  | 0.036 |   1.774 |    2.870 | 
     | U4939                | B ^ -> ZN v  | OAI211_X1 | 0.028 |   1.802 |    2.898 | 
     | U4942                | B2 v -> ZN ^ | OAI221_X1 | 0.114 |   1.916 |    3.012 | 
     | U4943                | A ^ -> ZN v  | INV_X1    | 0.028 |   1.944 |    3.040 | 
     | U4949                | B1 v -> ZN ^ | OAI21_X1  | 0.037 |   1.981 |    3.077 | 
     | U4950                | B2 ^ -> ZN v | AOI22_X1  | 0.023 |   2.004 |    3.100 | 
     | U4954                | B1 v -> ZN ^ | AOI21_X1  | 0.079 |   2.084 |    3.180 | 
     | U4956                | B1 ^ -> ZN v | AOI21_X1  | 0.022 |   2.105 |    3.202 | 
     | U4960                | B1 v -> ZN ^ | OAI22_X1  | 0.052 |   2.158 |    3.254 | 
     | U4962                | B1 ^ -> ZN v | OAI221_X1 | 0.057 |   2.214 |    3.311 | 
     | U4963                | A v -> ZN ^  | INV_X1    | 0.045 |   2.259 |    3.355 | 
     | U4964                | B1 ^ -> ZN v | OAI22_X1  | 0.024 |   2.284 |    3.380 | 
     | U4971                | C2 v -> ZN ^ | OAI211_X1 | 0.049 |   2.332 |    3.429 | 
     | U5518                | C1 ^ -> ZN v | AOI221_X1 | 0.023 |   2.355 |    3.451 | 
     | U5519                | A2 v -> ZN ^ | NOR2_X1   | 0.052 |   2.407 |    3.503 | 
     | U5530                | A ^ -> ZN v  | INV_X1    | 0.010 |   2.417 |    3.513 | 
     | U5531                | C1 v -> ZN ^ | AOI211_X1 | 0.038 |   2.455 |    3.551 | 
     | U5532                | A ^ -> ZN v  | AOI211_X1 | 0.021 |   2.476 |    3.572 | 
     | U5533                | B v -> ZN ^  | AOI211_X1 | 0.121 |   2.597 |    3.693 | 
     | U5601                | A1 ^ -> ZN v | NAND3_X1  | 0.059 |   2.656 |    3.753 | 
     | U5938                | A1 v -> ZN ^ | NOR3_X1   | 0.076 |   2.732 |    3.829 | 
     | U6693                | A1 ^ -> ZN v | NAND2_X1  | 0.019 |   2.752 |    3.848 | 
     | U6694                | C2 v -> ZN ^ | OAI221_X1 | 0.050 |   2.802 |    3.898 | 
     | U6695                | A2 ^ -> ZN v | NAND2_X1  | 0.030 |   2.832 |    3.928 | 
     | U6831                | B2 v -> ZN ^ | AOI22_X1  | 0.049 |   2.881 |    3.977 | 
     | U6833                | B1 ^ -> ZN v | AOI21_X1  | 0.031 |   2.912 |    4.008 | 
     | U6987                | B1 v -> ZN ^ | AOI221_X1 | 0.075 |   2.987 |    4.083 | 
     | U6988                | B1 ^ -> ZN v | AOI21_X1  | 0.030 |   3.017 |    4.113 | 
     | U7034                | A1 v -> ZN ^ | NOR2_X1   | 0.044 |   3.061 |    4.157 | 
     | U7044                | A1 ^ -> ZN v | NAND2_X1  | 0.024 |   3.085 |    4.181 | 
     | U7045                | B v -> ZN v  | XNOR2_X1  | 0.041 |   3.127 |    4.223 | 
     | U3303                | A2 v -> ZN ^ | OAI22_X1  | 0.030 |   3.157 |    4.253 | 
     | p_reg_Y_temp_reg_58_ | D ^          | DFF_X1    | 0.000 |   3.157 |    4.253 | 
     +------------------------------------------------------------------------------+ 
Path 8: MET Setup Check with Pin p_reg_Y_temp_reg_56_/CK 
Endpoint:   p_reg_Y_temp_reg_56_/D (^) checked with  leading edge of 'CLK'
Beginpoint: B_reg_Y_temp_reg_1_/QN (^) triggered by  leading edge of 'CLK'
Path Groups: {CLK}
Analysis View: default
Other End Arrival Time          0.070
- Setup                         0.034
+ Phase Shift                   4.268
+ CPPR Adjustment               0.000
- Uncertainty                   0.050
= Required Time                 4.254
- Arrival Time                  3.091
= Slack Time                    1.163
     Clock Rise Edge                 0.000
     + Clock Network Latency (Prop)  0.048
     = Beginpoint Arrival Time       0.048
     +------------------------------------------------------------------------------+ 
     |       Instance       |     Arc      |   Cell    | Delay | Arrival | Required | 
     |                      |              |           |       |  Time   |   Time   | 
     |----------------------+--------------+-----------+-------+---------+----------| 
     | B_reg_Y_temp_reg_1_  | CK ^         |           |       |   0.048 |    1.211 | 
     | B_reg_Y_temp_reg_1_  | CK ^ -> QN ^ | DFF_X1    | 0.168 |   0.215 |    1.378 | 
     | U3673                | A1 ^ -> ZN v | NOR2_X1   | 0.016 |   0.232 |    1.394 | 
     | U3674                | A2 v -> ZN ^ | NOR2_X1   | 0.121 |   0.353 |    1.516 | 
     | FE_OFC12_n4302       | A ^ -> Z ^   | CLKBUF_X1 | 0.154 |   0.507 |    1.670 | 
     | FE_DBTC2_n4302       | A ^ -> ZN v  | INV_X2    | 0.077 |   0.584 |    1.747 | 
     | U3676                | A2 v -> ZN ^ | AOI22_X1  | 0.062 |   0.646 |    1.809 | 
     | FE_OFC62_n4340       | A ^ -> Z ^   | CLKBUF_X1 | 0.104 |   0.751 |    1.913 | 
     | U3647                | A ^ -> ZN v  | INV_X1    | 0.057 |   0.808 |    1.971 | 
     | U3706                | B1 v -> ZN ^ | AOI22_X1  | 0.051 |   0.859 |    2.021 | 
     | FE_OFC71_n3792       | A ^ -> Z ^   | CLKBUF_X2 | 0.131 |   0.989 |    2.152 | 
     | U3707                | A ^ -> ZN v  | INV_X1    | 0.086 |   1.075 |    2.238 | 
     | U3798                | B1 v -> ZN ^ | AOI22_X1  | 0.141 |   1.217 |    2.380 | 
     | U3803                | A ^ -> ZN ^  | XNOR2_X1  | 0.061 |   1.278 |    2.441 | 
     | U3804                | B ^ -> ZN ^  | XNOR2_X1  | 0.046 |   1.324 |    2.487 | 
     | U3806                | A ^ -> ZN v  | XNOR2_X1  | 0.020 |   1.344 |    2.507 | 
     | U3807                | B v -> ZN v  | XNOR2_X1  | 0.061 |   1.405 |    2.568 | 
     | U3869                | B1 v -> ZN ^ | AOI222_X1 | 0.102 |   1.507 |    2.670 | 
     | U3870                | A2 ^ -> ZN v | NOR2_X1   | 0.025 |   1.532 |    2.695 | 
     | U4911                | A1 v -> ZN v | OR3_X1    | 0.069 |   1.601 |    2.764 | 
     | U4912                | A2 v -> ZN ^ | NOR2_X1   | 0.030 |   1.632 |    2.795 | 
     | U4914                | A1 ^ -> ZN v | NOR2_X1   | 0.011 |   1.643 |    2.805 | 
     | U4921                | B1 v -> ZN ^ | AOI21_X1  | 0.066 |   1.708 |    2.871 | 
     | U4922                | A ^ -> ZN v  | INV_X1    | 0.029 |   1.737 |    2.900 | 
     | U4938                | B2 v -> ZN ^ | OAI21_X1  | 0.036 |   1.774 |    2.936 | 
     | U4939                | B ^ -> ZN v  | OAI211_X1 | 0.028 |   1.802 |    2.965 | 
     | U4942                | B2 v -> ZN ^ | OAI221_X1 | 0.114 |   1.916 |    3.079 | 
     | U4943                | A ^ -> ZN v  | INV_X1    | 0.028 |   1.944 |    3.107 | 
     | U4949                | B1 v -> ZN ^ | OAI21_X1  | 0.037 |   1.981 |    3.144 | 
     | U4950                | B2 ^ -> ZN v | AOI22_X1  | 0.023 |   2.004 |    3.167 | 
     | U4954                | B1 v -> ZN ^ | AOI21_X1  | 0.079 |   2.084 |    3.247 | 
     | U4956                | B1 ^ -> ZN v | AOI21_X1  | 0.022 |   2.105 |    3.268 | 
     | U4960                | B1 v -> ZN ^ | OAI22_X1  | 0.052 |   2.158 |    3.321 | 
     | U4962                | B1 ^ -> ZN v | OAI221_X1 | 0.057 |   2.214 |    3.377 | 
     | U4963                | A v -> ZN ^  | INV_X1    | 0.045 |   2.259 |    3.422 | 
     | U4964                | B1 ^ -> ZN v | OAI22_X1  | 0.024 |   2.284 |    3.446 | 
     | U4971                | C2 v -> ZN ^ | OAI211_X1 | 0.049 |   2.332 |    3.495 | 
     | U5518                | C1 ^ -> ZN v | AOI221_X1 | 0.023 |   2.355 |    3.518 | 
     | U5519                | A2 v -> ZN ^ | NOR2_X1   | 0.052 |   2.407 |    3.570 | 
     | U5530                | A ^ -> ZN v  | INV_X1    | 0.010 |   2.417 |    3.580 | 
     | U5531                | C1 v -> ZN ^ | AOI211_X1 | 0.038 |   2.455 |    3.617 | 
     | U5532                | A ^ -> ZN v  | AOI211_X1 | 0.021 |   2.476 |    3.639 | 
     | U5533                | B v -> ZN ^  | AOI211_X1 | 0.121 |   2.597 |    3.760 | 
     | U5601                | A1 ^ -> ZN v | NAND3_X1  | 0.059 |   2.656 |    3.819 | 
     | U5938                | A1 v -> ZN ^ | NOR3_X1   | 0.076 |   2.732 |    3.895 | 
     | U6693                | A1 ^ -> ZN v | NAND2_X1  | 0.019 |   2.752 |    3.914 | 
     | U6694                | C2 v -> ZN ^ | OAI221_X1 | 0.050 |   2.802 |    3.964 | 
     | U6695                | A2 ^ -> ZN v | NAND2_X1  | 0.030 |   2.832 |    3.994 | 
     | U6831                | B2 v -> ZN ^ | AOI22_X1  | 0.049 |   2.881 |    4.044 | 
     | U6833                | B1 ^ -> ZN v | AOI21_X1  | 0.031 |   2.912 |    4.075 | 
     | U6987                | B1 v -> ZN ^ | AOI221_X1 | 0.075 |   2.987 |    4.150 | 
     | U6988                | B1 ^ -> ZN v | AOI21_X1  | 0.030 |   3.017 |    4.180 | 
     | U7016                | A v -> ZN v  | XNOR2_X1  | 0.042 |   3.059 |    4.222 | 
     | U3309                | A2 v -> ZN ^ | OAI22_X1  | 0.032 |   3.091 |    4.254 | 
     | p_reg_Y_temp_reg_56_ | D ^          | DFF_X1    | 0.000 |   3.091 |    4.254 | 
     +------------------------------------------------------------------------------+ 
Path 9: MET Setup Check with Pin p_reg_Y_temp_reg_55_/CK 
Endpoint:   p_reg_Y_temp_reg_55_/D (v) checked with  leading edge of 'CLK'
Beginpoint: B_reg_Y_temp_reg_1_/QN (^) triggered by  leading edge of 'CLK'
Path Groups: {CLK}
Analysis View: default
Other End Arrival Time          0.070
- Setup                         0.030
+ Phase Shift                   4.268
+ CPPR Adjustment               0.000
- Uncertainty                   0.050
= Required Time                 4.257
- Arrival Time                  3.091
= Slack Time                    1.166
     Clock Rise Edge                 0.000
     + Clock Network Latency (Prop)  0.048
     = Beginpoint Arrival Time       0.048
     +------------------------------------------------------------------------------+ 
     |       Instance       |     Arc      |   Cell    | Delay | Arrival | Required | 
     |                      |              |           |       |  Time   |   Time   | 
     |----------------------+--------------+-----------+-------+---------+----------| 
     | B_reg_Y_temp_reg_1_  | CK ^         |           |       |   0.048 |    1.214 | 
     | B_reg_Y_temp_reg_1_  | CK ^ -> QN ^ | DFF_X1    | 0.168 |   0.215 |    1.381 | 
     | U3673                | A1 ^ -> ZN v | NOR2_X1   | 0.016 |   0.232 |    1.398 | 
     | U3674                | A2 v -> ZN ^ | NOR2_X1   | 0.121 |   0.353 |    1.519 | 
     | FE_OFC12_n4302       | A ^ -> Z ^   | CLKBUF_X1 | 0.154 |   0.507 |    1.673 | 
     | FE_DBTC2_n4302       | A ^ -> ZN v  | INV_X2    | 0.077 |   0.584 |    1.750 | 
     | U3676                | A2 v -> ZN ^ | AOI22_X1  | 0.062 |   0.646 |    1.812 | 
     | FE_OFC62_n4340       | A ^ -> Z ^   | CLKBUF_X1 | 0.104 |   0.751 |    1.917 | 
     | U3647                | A ^ -> ZN v  | INV_X1    | 0.057 |   0.808 |    1.974 | 
     | U3706                | B1 v -> ZN ^ | AOI22_X1  | 0.051 |   0.859 |    2.025 | 
     | FE_OFC71_n3792       | A ^ -> Z ^   | CLKBUF_X2 | 0.131 |   0.989 |    2.156 | 
     | U3707                | A ^ -> ZN v  | INV_X1    | 0.086 |   1.075 |    2.241 | 
     | U3798                | B1 v -> ZN ^ | AOI22_X1  | 0.141 |   1.217 |    2.383 | 
     | U3803                | A ^ -> ZN ^  | XNOR2_X1  | 0.061 |   1.278 |    2.444 | 
     | U3804                | B ^ -> ZN ^  | XNOR2_X1  | 0.046 |   1.324 |    2.490 | 
     | U3806                | A ^ -> ZN v  | XNOR2_X1  | 0.020 |   1.344 |    2.511 | 
     | U3807                | B v -> ZN v  | XNOR2_X1  | 0.061 |   1.405 |    2.571 | 
     | U3869                | B1 v -> ZN ^ | AOI222_X1 | 0.102 |   1.507 |    2.674 | 
     | U3870                | A2 ^ -> ZN v | NOR2_X1   | 0.025 |   1.532 |    2.698 | 
     | U4911                | A1 v -> ZN v | OR3_X1    | 0.069 |   1.601 |    2.768 | 
     | U4912                | A2 v -> ZN ^ | NOR2_X1   | 0.030 |   1.632 |    2.798 | 
     | U4914                | A1 ^ -> ZN v | NOR2_X1   | 0.011 |   1.643 |    2.809 | 
     | U4921                | B1 v -> ZN ^ | AOI21_X1  | 0.066 |   1.708 |    2.874 | 
     | U4922                | A ^ -> ZN v  | INV_X1    | 0.029 |   1.737 |    2.903 | 
     | U4938                | B2 v -> ZN ^ | OAI21_X1  | 0.036 |   1.774 |    2.940 | 
     | U4939                | B ^ -> ZN v  | OAI211_X1 | 0.028 |   1.802 |    2.968 | 
     | U4942                | B2 v -> ZN ^ | OAI221_X1 | 0.114 |   1.916 |    3.082 | 
     | U4943                | A ^ -> ZN v  | INV_X1    | 0.028 |   1.944 |    3.110 | 
     | U4949                | B1 v -> ZN ^ | OAI21_X1  | 0.037 |   1.981 |    3.147 | 
     | U4950                | B2 ^ -> ZN v | AOI22_X1  | 0.023 |   2.004 |    3.170 | 
     | U4954                | B1 v -> ZN ^ | AOI21_X1  | 0.079 |   2.084 |    3.250 | 
     | U4956                | B1 ^ -> ZN v | AOI21_X1  | 0.022 |   2.105 |    3.272 | 
     | U4960                | B1 v -> ZN ^ | OAI22_X1  | 0.052 |   2.158 |    3.324 | 
     | U4962                | B1 ^ -> ZN v | OAI221_X1 | 0.057 |   2.214 |    3.381 | 
     | U4963                | A v -> ZN ^  | INV_X1    | 0.045 |   2.259 |    3.425 | 
     | U4964                | B1 ^ -> ZN v | OAI22_X1  | 0.024 |   2.284 |    3.450 | 
     | U4971                | C2 v -> ZN ^ | OAI211_X1 | 0.049 |   2.332 |    3.499 | 
     | U5518                | C1 ^ -> ZN v | AOI221_X1 | 0.023 |   2.355 |    3.521 | 
     | U5519                | A2 v -> ZN ^ | NOR2_X1   | 0.052 |   2.407 |    3.573 | 
     | U5530                | A ^ -> ZN v  | INV_X1    | 0.010 |   2.417 |    3.583 | 
     | U5531                | C1 v -> ZN ^ | AOI211_X1 | 0.038 |   2.455 |    3.621 | 
     | U5532                | A ^ -> ZN v  | AOI211_X1 | 0.021 |   2.476 |    3.642 | 
     | U5533                | B v -> ZN ^  | AOI211_X1 | 0.121 |   2.597 |    3.763 | 
     | U5601                | A1 ^ -> ZN v | NAND3_X1  | 0.059 |   2.656 |    3.822 | 
     | U5938                | A1 v -> ZN ^ | NOR3_X1   | 0.076 |   2.732 |    3.898 | 
     | U6693                | A1 ^ -> ZN v | NAND2_X1  | 0.019 |   2.752 |    3.918 | 
     | U6694                | C2 v -> ZN ^ | OAI221_X1 | 0.050 |   2.802 |    3.968 | 
     | U6695                | A2 ^ -> ZN v | NAND2_X1  | 0.030 |   2.832 |    3.998 | 
     | U6831                | B2 v -> ZN ^ | AOI22_X1  | 0.049 |   2.881 |    4.047 | 
     | U6833                | B1 ^ -> ZN v | AOI21_X1  | 0.031 |   2.912 |    4.078 | 
     | U6953                | A3 v -> ZN ^ | NOR3_X1   | 0.065 |   2.977 |    4.143 | 
     | U6954                | A2 ^ -> ZN v | NAND2_X1  | 0.023 |   3.001 |    4.167 | 
     | U6985                | A v -> ZN ^  | OAI21_X1  | 0.024 |   3.025 |    4.191 | 
     | U6986                | B ^ -> ZN ^  | XNOR2_X1  | 0.044 |   3.069 |    4.235 | 
     | U3312                | A2 ^ -> ZN v | OAI22_X1  | 0.022 |   3.091 |    4.257 | 
     | p_reg_Y_temp_reg_55_ | D v          | DFF_X1    | 0.000 |   3.091 |    4.257 | 
     +------------------------------------------------------------------------------+ 
Path 10: MET Setup Check with Pin p_reg_Y_temp_reg_54_/CK 
Endpoint:   p_reg_Y_temp_reg_54_/D (v) checked with  leading edge of 'CLK'
Beginpoint: B_reg_Y_temp_reg_1_/QN (^) triggered by  leading edge of 'CLK'
Path Groups: {CLK}
Analysis View: default
Other End Arrival Time          0.070
- Setup                         0.030
+ Phase Shift                   4.268
+ CPPR Adjustment               0.000
- Uncertainty                   0.050
= Required Time                 4.257
- Arrival Time                  3.047
= Slack Time                    1.211
     Clock Rise Edge                 0.000
     + Clock Network Latency (Prop)  0.048
     = Beginpoint Arrival Time       0.048
     +------------------------------------------------------------------------------+ 
     |       Instance       |     Arc      |   Cell    | Delay | Arrival | Required | 
     |                      |              |           |       |  Time   |   Time   | 
     |----------------------+--------------+-----------+-------+---------+----------| 
     | B_reg_Y_temp_reg_1_  | CK ^         |           |       |   0.048 |    1.259 | 
     | B_reg_Y_temp_reg_1_  | CK ^ -> QN ^ | DFF_X1    | 0.168 |   0.215 |    1.426 | 
     | U3673                | A1 ^ -> ZN v | NOR2_X1   | 0.016 |   0.232 |    1.442 | 
     | U3674                | A2 v -> ZN ^ | NOR2_X1   | 0.121 |   0.353 |    1.563 | 
     | FE_OFC12_n4302       | A ^ -> Z ^   | CLKBUF_X1 | 0.154 |   0.507 |    1.718 | 
     | FE_DBTC2_n4302       | A ^ -> ZN v  | INV_X2    | 0.077 |   0.584 |    1.794 | 
     | U3676                | A2 v -> ZN ^ | AOI22_X1  | 0.062 |   0.646 |    1.857 | 
     | FE_OFC62_n4340       | A ^ -> Z ^   | CLKBUF_X1 | 0.104 |   0.751 |    1.961 | 
     | U3647                | A ^ -> ZN v  | INV_X1    | 0.057 |   0.808 |    2.019 | 
     | U3706                | B1 v -> ZN ^ | AOI22_X1  | 0.051 |   0.859 |    2.069 | 
     | FE_OFC71_n3792       | A ^ -> Z ^   | CLKBUF_X2 | 0.131 |   0.989 |    2.200 | 
     | U3707                | A ^ -> ZN v  | INV_X1    | 0.086 |   1.075 |    2.286 | 
     | U3798                | B1 v -> ZN ^ | AOI22_X1  | 0.141 |   1.217 |    2.428 | 
     | U3803                | A ^ -> ZN ^  | XNOR2_X1  | 0.061 |   1.278 |    2.489 | 
     | U3804                | B ^ -> ZN ^  | XNOR2_X1  | 0.046 |   1.324 |    2.535 | 
     | U3806                | A ^ -> ZN v  | XNOR2_X1  | 0.020 |   1.344 |    2.555 | 
     | U3807                | B v -> ZN v  | XNOR2_X1  | 0.061 |   1.405 |    2.616 | 
     | U3869                | B1 v -> ZN ^ | AOI222_X1 | 0.102 |   1.507 |    2.718 | 
     | U3870                | A2 ^ -> ZN v | NOR2_X1   | 0.025 |   1.532 |    2.743 | 
     | U4911                | A1 v -> ZN v | OR3_X1    | 0.069 |   1.601 |    2.812 | 
     | U4912                | A2 v -> ZN ^ | NOR2_X1   | 0.030 |   1.632 |    2.842 | 
     | U4914                | A1 ^ -> ZN v | NOR2_X1   | 0.011 |   1.643 |    2.853 | 
     | U4921                | B1 v -> ZN ^ | AOI21_X1  | 0.066 |   1.708 |    2.919 | 
     | U4922                | A ^ -> ZN v  | INV_X1    | 0.029 |   1.737 |    2.948 | 
     | U4938                | B2 v -> ZN ^ | OAI21_X1  | 0.036 |   1.774 |    2.984 | 
     | U4939                | B ^ -> ZN v  | OAI211_X1 | 0.028 |   1.802 |    3.013 | 
     | U4942                | B2 v -> ZN ^ | OAI221_X1 | 0.114 |   1.916 |    3.127 | 
     | U4943                | A ^ -> ZN v  | INV_X1    | 0.028 |   1.944 |    3.155 | 
     | U4949                | B1 v -> ZN ^ | OAI21_X1  | 0.037 |   1.981 |    3.192 | 
     | U4950                | B2 ^ -> ZN v | AOI22_X1  | 0.023 |   2.004 |    3.215 | 
     | U4954                | B1 v -> ZN ^ | AOI21_X1  | 0.079 |   2.084 |    3.294 | 
     | U4956                | B1 ^ -> ZN v | AOI21_X1  | 0.022 |   2.105 |    3.316 | 
     | U4960                | B1 v -> ZN ^ | OAI22_X1  | 0.052 |   2.158 |    3.368 | 
     | U4962                | B1 ^ -> ZN v | OAI221_X1 | 0.057 |   2.214 |    3.425 | 
     | U4963                | A v -> ZN ^  | INV_X1    | 0.045 |   2.259 |    3.470 | 
     | U4964                | B1 ^ -> ZN v | OAI22_X1  | 0.024 |   2.284 |    3.494 | 
     | U4971                | C2 v -> ZN ^ | OAI211_X1 | 0.049 |   2.332 |    3.543 | 
     | U5518                | C1 ^ -> ZN v | AOI221_X1 | 0.023 |   2.355 |    3.566 | 
     | U5519                | A2 v -> ZN ^ | NOR2_X1   | 0.052 |   2.407 |    3.618 | 
     | U5530                | A ^ -> ZN v  | INV_X1    | 0.010 |   2.417 |    3.627 | 
     | U5531                | C1 v -> ZN ^ | AOI211_X1 | 0.038 |   2.455 |    3.665 | 
     | U5532                | A ^ -> ZN v  | AOI211_X1 | 0.021 |   2.476 |    3.686 | 
     | U5533                | B v -> ZN ^  | AOI211_X1 | 0.121 |   2.597 |    3.808 | 
     | U5601                | A1 ^ -> ZN v | NAND3_X1  | 0.059 |   2.656 |    3.867 | 
     | U5938                | A1 v -> ZN ^ | NOR3_X1   | 0.076 |   2.732 |    3.943 | 
     | U6693                | A1 ^ -> ZN v | NAND2_X1  | 0.019 |   2.752 |    3.962 | 
     | U6694                | C2 v -> ZN ^ | OAI221_X1 | 0.050 |   2.802 |    4.012 | 
     | U6695                | A2 ^ -> ZN v | NAND2_X1  | 0.030 |   2.832 |    4.042 | 
     | U6831                | B2 v -> ZN ^ | AOI22_X1  | 0.049 |   2.881 |    4.091 | 
     | U6833                | B1 ^ -> ZN v | AOI21_X1  | 0.031 |   2.912 |    4.123 | 
     | U6953                | A3 v -> ZN ^ | NOR3_X1   | 0.065 |   2.977 |    4.188 | 
     | U6954                | A2 ^ -> ZN v | NAND2_X1  | 0.023 |   3.001 |    4.211 | 
     | U6955                | A v -> ZN ^  | OAI21_X1  | 0.024 |   3.025 |    4.235 | 
     | U3315                | A2 ^ -> ZN v | OAI22_X1  | 0.022 |   3.047 |    4.257 | 
     | p_reg_Y_temp_reg_54_ | D v          | DFF_X1    | 0.000 |   3.047 |    4.257 | 
     +------------------------------------------------------------------------------+ 

