###############################################################
#  Generated by:      Cadence Innovus 23.35-s106_1
#  OS:                Linux x86_64(Host ID microsys.openstack.polito)
#  Generated on:      Sat Oct 10 21:14:02 2026
#  Design:            boothmul_registered
#  Command:           report_timing -max_paths 10 > reports/04_preCTS_setup_paths.rpt
###############################################################
Path 1: MET Setup Check with Pin p_reg_Y_temp_reg_61_/CK 
Endpoint:   p_reg_Y_temp_reg_61_/D  (^) checked with  leading edge of 'CLK'
Beginpoint: B_reg_Y_temp_reg_11_/QN (^) triggered by  leading edge of 'CLK'
Path Groups: {CLK}
Analysis View: default
Other End Arrival Time          0.050
- Setup                         0.029
+ Phase Shift                   1.970
- Uncertainty                   0.050
= Required Time                 1.941
- Arrival Time                  1.884
= Slack Time                    0.057
     Clock Rise Edge                 0.000
     + Clock Network Latency (Ideal) 0.050
     = Beginpoint Arrival Time       0.050
     +------------------------------------------------------------------------------+ 
     |       Instance       |     Arc      |   Cell    | Delay | Arrival | Required | 
     |                      |              |           |       |  Time   |   Time   | 
     |----------------------+--------------+-----------+-------+---------+----------| 
     | B_reg_Y_temp_reg_11_ | CK ^         |           |       |   0.050 |    0.107 | 
     | B_reg_Y_temp_reg_11_ | CK ^ -> QN ^ | DFF_X1    | 0.086 |   0.136 |    0.192 | 
     | U3761                | A1 ^ -> ZN ^ | OR2_X1    | 0.035 |   0.171 |    0.228 | 
     | U4219                | A1 ^ -> ZN ^ | AND2_X1   | 0.150 |   0.322 |    0.378 | 
     | U4137                | B ^ -> ZN v  | XNOR2_X1  | 0.027 |   0.348 |    0.405 | 
     | FE_OFC22_n8416       | A v -> Z v   | CLKBUF_X1 | 0.149 |   0.498 |    0.554 | 
     | U4126                | B v -> ZN v  | XNOR2_X1  | 0.097 |   0.595 |    0.651 | 
     | FE_OFC27_n8513       | A v -> Z v   | CLKBUF_X1 | 0.161 |   0.756 |    0.813 | 
     | U6626                | A v -> ZN ^  | INV_X1    | 0.044 |   0.800 |    0.856 | 
     | U6627                | B ^ -> ZN ^  | XNOR2_X1  | 0.040 |   0.840 |    0.897 | 
     | FE_OFC31_n8986       | A ^ -> Z ^   | CLKBUF_X1 | 0.090 |   0.930 |    0.987 | 
     | U7493                | A ^ -> ZN ^  | XNOR2_X1  | 0.063 |   0.993 |    1.050 | 
     | U4591                | B2 ^ -> ZN v | OAI21_X1  | 0.040 |   1.033 |    1.090 | 
     | U4590                | B v -> ZN v  | XNOR2_X1  | 0.048 |   1.081 |    1.137 | 
     | U7496                | A1 v -> ZN v | OR2_X1    | 0.052 |   1.132 |    1.189 | 
     | U7498                | A1 v -> ZN ^ | NAND2_X1  | 0.018 |   1.150 |    1.207 | 
     | U7499                | B ^ -> ZN ^  | XNOR2_X1  | 0.051 |   1.201 |    1.257 | 
     | U7510                | A ^ -> ZN ^  | XNOR2_X1  | 0.048 |   1.249 |    1.306 | 
     | U7515                | A ^ -> ZN ^  | XNOR2_X1  | 0.043 |   1.292 |    1.348 | 
     | U8102                | A1 ^ -> ZN ^ | AND3_X1   | 0.045 |   1.337 |    1.393 | 
     | U5101                | A1 ^ -> ZN ^ | OR2_X1    | 0.034 |   1.371 |    1.428 | 
     | U8104                | A ^ -> ZN v  | AOI21_X1  | 0.014 |   1.385 |    1.442 | 
     | U8105                | A2 v -> ZN v | AND2_X1   | 0.034 |   1.419 |    1.475 | 
     | U8114                | C1 v -> ZN ^ | OAI211_X1 | 0.027 |   1.445 |    1.502 | 
     | U8115                | A1 ^ -> ZN ^ | AND2_X1   | 0.040 |   1.485 |    1.542 | 
     | U8138                | C1 ^ -> ZN v | OAI211_X1 | 0.021 |   1.506 |    1.563 | 
     | U8143                | A1 v -> ZN ^ | NAND2_X1  | 0.022 |   1.529 |    1.585 | 
     | U8144                | A1 ^ -> ZN v | NAND4_X1  | 0.028 |   1.557 |    1.614 | 
     | U3883                | B1 v -> ZN ^ | AOI21_X1  | 0.077 |   1.634 |    1.691 | 
     | U4270                | A1 ^ -> ZN ^ | AND2_X1   | 0.048 |   1.682 |    1.739 | 
     | U3879                | A2 ^ -> ZN ^ | OR2_X1    | 0.031 |   1.714 |    1.770 | 
     | U3999                | B1 ^ -> ZN v | OAI21_X1  | 0.023 |   1.736 |    1.793 | 
     | U4988                | A3 v -> ZN v | OR3_X1    | 0.086 |   1.823 |    1.879 | 
     | U4941                | A2 v -> ZN v | AND2_X1   | 0.034 |   1.856 |    1.913 | 
     | U5011                | C1 v -> ZN ^ | OAI211_X1 | 0.028 |   1.884 |    1.940 | 
     | p_reg_Y_temp_reg_61_ | D ^          | DFF_X1    | 0.000 |   1.884 |    1.941 | 
     +------------------------------------------------------------------------------+ 
Path 2: MET Setup Check with Pin p_reg_Y_temp_reg_63_/CK 
Endpoint:   p_reg_Y_temp_reg_63_/D  (^) checked with  leading edge of 'CLK'
Beginpoint: B_reg_Y_temp_reg_11_/QN (^) triggered by  leading edge of 'CLK'
Path Groups: {CLK}
Analysis View: default
Other End Arrival Time          0.050
- Setup                         0.025
+ Phase Shift                   1.970
- Uncertainty                   0.050
= Required Time                 1.945
- Arrival Time                  1.884
= Slack Time                    0.061
     Clock Rise Edge                 0.000
     + Clock Network Latency (Ideal) 0.050
     = Beginpoint Arrival Time       0.050
     +------------------------------------------------------------------------------+ 
     |       Instance       |     Arc      |   Cell    | Delay | Arrival | Required | 
     |                      |              |           |       |  Time   |   Time   | 
     |----------------------+--------------+-----------+-------+---------+----------| 
     | B_reg_Y_temp_reg_11_ | CK ^         |           |       |   0.050 |    0.111 | 
     | B_reg_Y_temp_reg_11_ | CK ^ -> QN ^ | DFF_X1    | 0.086 |   0.136 |    0.196 | 
     | U3761                | A1 ^ -> ZN ^ | OR2_X1    | 0.035 |   0.171 |    0.232 | 
     | U4219                | A1 ^ -> ZN ^ | AND2_X1   | 0.150 |   0.322 |    0.382 | 
     | U4137                | B ^ -> ZN v  | XNOR2_X1  | 0.027 |   0.348 |    0.409 | 
     | FE_OFC22_n8416       | A v -> Z v   | CLKBUF_X1 | 0.149 |   0.498 |    0.558 | 
     | U4126                | B v -> ZN v  | XNOR2_X1  | 0.097 |   0.595 |    0.655 | 
     | FE_OFC27_n8513       | A v -> Z v   | CLKBUF_X1 | 0.161 |   0.756 |    0.817 | 
     | U6626                | A v -> ZN ^  | INV_X1    | 0.044 |   0.800 |    0.860 | 
     | U6627                | B ^ -> ZN ^  | XNOR2_X1  | 0.040 |   0.840 |    0.901 | 
     | FE_OFC31_n8986       | A ^ -> Z ^   | CLKBUF_X1 | 0.090 |   0.930 |    0.991 | 
     | U7493                | A ^ -> ZN ^  | XNOR2_X1  | 0.063 |   0.993 |    1.054 | 
     | U4591                | B2 ^ -> ZN v | OAI21_X1  | 0.040 |   1.033 |    1.094 | 
     | U4590                | B v -> ZN v  | XNOR2_X1  | 0.048 |   1.081 |    1.141 | 
     | U7496                | A1 v -> ZN v | OR2_X1    | 0.052 |   1.132 |    1.193 | 
     | U7498                | A1 v -> ZN ^ | NAND2_X1  | 0.018 |   1.150 |    1.211 | 
     | U7499                | B ^ -> ZN ^  | XNOR2_X1  | 0.051 |   1.201 |    1.261 | 
     | U7510                | A ^ -> ZN ^  | XNOR2_X1  | 0.048 |   1.249 |    1.310 | 
     | U7515                | A ^ -> ZN ^  | XNOR2_X1  | 0.043 |   1.292 |    1.352 | 
     | U8102                | A1 ^ -> ZN ^ | AND3_X1   | 0.045 |   1.337 |    1.397 | 
     | U5101                | A1 ^ -> ZN ^ | OR2_X1    | 0.034 |   1.371 |    1.432 | 
     | U8104                | A ^ -> ZN v  | AOI21_X1  | 0.014 |   1.385 |    1.446 | 
     | U8105                | A2 v -> ZN v | AND2_X1   | 0.034 |   1.419 |    1.479 | 
     | U8114                | C1 v -> ZN ^ | OAI211_X1 | 0.027 |   1.445 |    1.506 | 
     | U8115                | A1 ^ -> ZN ^ | AND2_X1   | 0.040 |   1.485 |    1.546 | 
     | U8138                | C1 ^ -> ZN v | OAI211_X1 | 0.021 |   1.506 |    1.567 | 
     | U8143                | A1 v -> ZN ^ | NAND2_X1  | 0.022 |   1.529 |    1.589 | 
     | U8144                | A1 ^ -> ZN v | NAND4_X1  | 0.028 |   1.557 |    1.618 | 
     | U3883                | B1 v -> ZN ^ | AOI21_X1  | 0.077 |   1.634 |    1.695 | 
     | U4270                | A1 ^ -> ZN ^ | AND2_X1   | 0.048 |   1.682 |    1.743 | 
     | U3879                | A2 ^ -> ZN ^ | OR2_X1    | 0.031 |   1.714 |    1.774 | 
     | U3999                | B1 ^ -> ZN v | OAI21_X1  | 0.023 |   1.736 |    1.797 | 
     | U4936                | A3 v -> ZN v | OR3_X1    | 0.087 |   1.823 |    1.884 | 
     | U9209                | B2 v -> ZN ^ | AOI21_X1  | 0.033 |   1.856 |    1.917 | 
     | U9429                | A2 ^ -> ZN ^ | OR2_X1    | 0.028 |   1.884 |    1.945 | 
     | p_reg_Y_temp_reg_63_ | D ^          | DFFS_X1   | 0.000 |   1.884 |    1.945 | 
     +------------------------------------------------------------------------------+ 
Path 3: MET Setup Check with Pin p_reg_Y_temp_reg_42_/CK 
Endpoint:   p_reg_Y_temp_reg_42_/D  (^) checked with  leading edge of 'CLK'
Beginpoint: B_reg_Y_temp_reg_11_/QN (^) triggered by  leading edge of 'CLK'
Path Groups: {CLK}
Analysis View: default
Other End Arrival Time          0.050
- Setup                         0.026
+ Phase Shift                   1.970
- Uncertainty                   0.050
= Required Time                 1.944
- Arrival Time                  1.878
= Slack Time                    0.065
     Clock Rise Edge                 0.000
     + Clock Network Latency (Ideal) 0.050
     = Beginpoint Arrival Time       0.050
     +------------------------------------------------------------------------------+ 
     |       Instance       |     Arc      |   Cell    | Delay | Arrival | Required | 
     |                      |              |           |       |  Time   |   Time   | 
     |----------------------+--------------+-----------+-------+---------+----------| 
     | B_reg_Y_temp_reg_11_ | CK ^         |           |       |   0.050 |    0.115 | 
     | B_reg_Y_temp_reg_11_ | CK ^ -> QN ^ | DFF_X1    | 0.086 |   0.136 |    0.201 | 
     | U3761                | A1 ^ -> ZN ^ | OR2_X1    | 0.035 |   0.171 |    0.236 | 
     | U4219                | A1 ^ -> ZN ^ | AND2_X1   | 0.150 |   0.322 |    0.387 | 
     | U4137                | B ^ -> ZN v  | XNOR2_X1  | 0.027 |   0.348 |    0.414 | 
     | FE_OFC22_n8416       | A v -> Z v   | CLKBUF_X1 | 0.149 |   0.498 |    0.563 | 
     | U4126                | B v -> ZN v  | XNOR2_X1  | 0.097 |   0.595 |    0.660 | 
     | FE_OFC27_n8513       | A v -> Z v   | CLKBUF_X1 | 0.161 |   0.756 |    0.821 | 
     | U6626                | A v -> ZN ^  | INV_X1    | 0.044 |   0.800 |    0.865 | 
     | U6627                | B ^ -> ZN ^  | XNOR2_X1  | 0.040 |   0.840 |    0.905 | 
     | FE_OFC31_n8986       | A ^ -> Z ^   | CLKBUF_X1 | 0.090 |   0.930 |    0.995 | 
     | U7493                | A ^ -> ZN ^  | XNOR2_X1  | 0.063 |   0.993 |    1.058 | 
     | U4591                | B2 ^ -> ZN v | OAI21_X1  | 0.040 |   1.033 |    1.098 | 
     | U4590                | B v -> ZN v  | XNOR2_X1  | 0.048 |   1.081 |    1.146 | 
     | U7496                | A1 v -> ZN v | OR2_X1    | 0.052 |   1.132 |    1.198 | 
     | U7498                | A1 v -> ZN ^ | NAND2_X1  | 0.018 |   1.150 |    1.215 | 
     | U7499                | B ^ -> ZN ^  | XNOR2_X1  | 0.051 |   1.201 |    1.266 | 
     | U7510                | A ^ -> ZN ^  | XNOR2_X1  | 0.048 |   1.249 |    1.314 | 
     | U7515                | A ^ -> ZN ^  | XNOR2_X1  | 0.043 |   1.292 |    1.357 | 
     | U8102                | A1 ^ -> ZN ^ | AND3_X1   | 0.045 |   1.337 |    1.402 | 
     | U5101                | A1 ^ -> ZN ^ | OR2_X1    | 0.034 |   1.371 |    1.436 | 
     | U8104                | A ^ -> ZN v  | AOI21_X1  | 0.014 |   1.385 |    1.450 | 
     | U8105                | A2 v -> ZN v | AND2_X1   | 0.034 |   1.419 |    1.484 | 
     | U8114                | C1 v -> ZN ^ | OAI211_X1 | 0.027 |   1.445 |    1.511 | 
     | U8115                | A1 ^ -> ZN ^ | AND2_X1   | 0.040 |   1.485 |    1.550 | 
     | U8138                | C1 ^ -> ZN v | OAI211_X1 | 0.021 |   1.506 |    1.572 | 
     | U8143                | A1 v -> ZN ^ | NAND2_X1  | 0.022 |   1.529 |    1.594 | 
     | U8144                | A1 ^ -> ZN v | NAND4_X1  | 0.028 |   1.557 |    1.622 | 
     | U3883                | B1 v -> ZN ^ | AOI21_X1  | 0.077 |   1.634 |    1.700 | 
     | U4627                | A1 ^ -> ZN v | NAND2_X1  | 0.025 |   1.659 |    1.724 | 
     | U4475                | A1 v -> ZN v | AND3_X1   | 0.043 |   1.702 |    1.767 | 
     | U3806                | A2 v -> ZN v | OR2_X1    | 0.059 |   1.761 |    1.826 | 
     | U4664                | A v -> ZN v  | XNOR2_X1  | 0.044 |   1.805 |    1.871 | 
     | U9239                | A2 v -> ZN ^ | NOR2_X1   | 0.044 |   1.850 |    1.915 | 
     | U9238                | A1 ^ -> ZN ^ | OR2_X1    | 0.028 |   1.878 |    1.944 | 
     | p_reg_Y_temp_reg_42_ | D ^          | DFF_X1    | 0.000 |   1.878 |    1.944 | 
     +------------------------------------------------------------------------------+ 
Path 4: MET Setup Check with Pin p_reg_Y_temp_reg_41_/CK 
Endpoint:   p_reg_Y_temp_reg_41_/D  (^) checked with  leading edge of 'CLK'
Beginpoint: B_reg_Y_temp_reg_11_/QN (^) triggered by  leading edge of 'CLK'
Path Groups: {CLK}
Analysis View: default
Other End Arrival Time          0.050
- Setup                         0.026
+ Phase Shift                   1.970
- Uncertainty                   0.050
= Required Time                 1.944
- Arrival Time                  1.874
= Slack Time                    0.069
     Clock Rise Edge                 0.000
     + Clock Network Latency (Ideal) 0.050
     = Beginpoint Arrival Time       0.050
     +------------------------------------------------------------------------------+ 
     |       Instance       |     Arc      |   Cell    | Delay | Arrival | Required | 
     |                      |              |           |       |  Time   |   Time   | 
     |----------------------+--------------+-----------+-------+---------+----------| 
     | B_reg_Y_temp_reg_11_ | CK ^         |           |       |   0.050 |    0.119 | 
     | B_reg_Y_temp_reg_11_ | CK ^ -> QN ^ | DFF_X1    | 0.086 |   0.136 |    0.205 | 
     | U3761                | A1 ^ -> ZN ^ | OR2_X1    | 0.035 |   0.171 |    0.240 | 
     | U4219                | A1 ^ -> ZN ^ | AND2_X1   | 0.150 |   0.322 |    0.391 | 
     | U4137                | B ^ -> ZN v  | XNOR2_X1  | 0.027 |   0.348 |    0.418 | 
     | FE_OFC22_n8416       | A v -> Z v   | CLKBUF_X1 | 0.149 |   0.498 |    0.567 | 
     | U4126                | B v -> ZN v  | XNOR2_X1  | 0.097 |   0.595 |    0.664 | 
     | FE_OFC27_n8513       | A v -> Z v   | CLKBUF_X1 | 0.161 |   0.756 |    0.825 | 
     | U6626                | A v -> ZN ^  | INV_X1    | 0.044 |   0.800 |    0.869 | 
     | U6627                | B ^ -> ZN ^  | XNOR2_X1  | 0.040 |   0.840 |    0.909 | 
     | FE_OFC31_n8986       | A ^ -> Z ^   | CLKBUF_X1 | 0.090 |   0.930 |    0.999 | 
     | U7493                | A ^ -> ZN ^  | XNOR2_X1  | 0.063 |   0.993 |    1.062 | 
     | U4591                | B2 ^ -> ZN v | OAI21_X1  | 0.040 |   1.033 |    1.103 | 
     | U4590                | B v -> ZN v  | XNOR2_X1  | 0.048 |   1.081 |    1.150 | 
     | U7496                | A1 v -> ZN v | OR2_X1    | 0.052 |   1.132 |    1.202 | 
     | U7498                | A1 v -> ZN ^ | NAND2_X1  | 0.018 |   1.150 |    1.220 | 
     | U7499                | B ^ -> ZN ^  | XNOR2_X1  | 0.051 |   1.201 |    1.270 | 
     | U7510                | A ^ -> ZN ^  | XNOR2_X1  | 0.048 |   1.249 |    1.318 | 
     | U7515                | A ^ -> ZN ^  | XNOR2_X1  | 0.043 |   1.292 |    1.361 | 
     | U8102                | A1 ^ -> ZN ^ | AND3_X1   | 0.045 |   1.337 |    1.406 | 
     | U5101                | A1 ^ -> ZN ^ | OR2_X1    | 0.034 |   1.371 |    1.440 | 
     | U8104                | A ^ -> ZN v  | AOI21_X1  | 0.014 |   1.385 |    1.455 | 
     | U8105                | A2 v -> ZN v | AND2_X1   | 0.034 |   1.419 |    1.488 | 
     | U8114                | C1 v -> ZN ^ | OAI211_X1 | 0.027 |   1.445 |    1.515 | 
     | U8115                | A1 ^ -> ZN ^ | AND2_X1   | 0.040 |   1.485 |    1.555 | 
     | U8138                | C1 ^ -> ZN v | OAI211_X1 | 0.021 |   1.506 |    1.576 | 
     | U8143                | A1 v -> ZN ^ | NAND2_X1  | 0.022 |   1.529 |    1.598 | 
     | U8144                | A1 ^ -> ZN v | NAND4_X1  | 0.028 |   1.557 |    1.626 | 
     | U3883                | B1 v -> ZN ^ | AOI21_X1  | 0.077 |   1.634 |    1.704 | 
     | U4627                | A1 ^ -> ZN v | NAND2_X1  | 0.025 |   1.659 |    1.728 | 
     | U4475                | A1 v -> ZN v | AND3_X1   | 0.043 |   1.702 |    1.771 | 
     | U8683                | A3 v -> ZN v | OR3_X1    | 0.081 |   1.782 |    1.852 | 
     | U9237                | B2 v -> ZN ^ | AOI21_X1  | 0.058 |   1.840 |    1.909 | 
     | U9236                | A2 ^ -> ZN ^ | OR2_X1    | 0.034 |   1.874 |    1.944 | 
     | p_reg_Y_temp_reg_41_ | D ^          | DFF_X1    | 0.000 |   1.874 |    1.944 | 
     +------------------------------------------------------------------------------+ 
Path 5: MET Setup Check with Pin p_reg_Y_temp_reg_43_/CK 
Endpoint:   p_reg_Y_temp_reg_43_/D  (v) checked with  leading edge of 'CLK'
Beginpoint: B_reg_Y_temp_reg_11_/QN (^) triggered by  leading edge of 'CLK'
Path Groups: {CLK}
Analysis View: default
Other End Arrival Time          0.050
- Setup                         0.032
+ Phase Shift                   1.970
- Uncertainty                   0.050
= Required Time                 1.938
- Arrival Time                  1.867
= Slack Time                    0.071
     Clock Rise Edge                 0.000
     + Clock Network Latency (Ideal) 0.050
     = Beginpoint Arrival Time       0.050
     +------------------------------------------------------------------------------+ 
     |       Instance       |     Arc      |   Cell    | Delay | Arrival | Required | 
     |                      |              |           |       |  Time   |   Time   | 
     |----------------------+--------------+-----------+-------+---------+----------| 
     | B_reg_Y_temp_reg_11_ | CK ^         |           |       |   0.050 |    0.121 | 
     | B_reg_Y_temp_reg_11_ | CK ^ -> QN ^ | DFF_X1    | 0.086 |   0.136 |    0.207 | 
     | U3761                | A1 ^ -> ZN ^ | OR2_X1    | 0.035 |   0.171 |    0.242 | 
     | U4219                | A1 ^ -> ZN ^ | AND2_X1   | 0.150 |   0.322 |    0.392 | 
     | U4137                | B ^ -> ZN v  | XNOR2_X1  | 0.027 |   0.348 |    0.419 | 
     | FE_OFC22_n8416       | A v -> Z v   | CLKBUF_X1 | 0.149 |   0.498 |    0.569 | 
     | U4126                | B v -> ZN v  | XNOR2_X1  | 0.097 |   0.595 |    0.666 | 
     | FE_OFC27_n8513       | A v -> Z v   | CLKBUF_X1 | 0.161 |   0.756 |    0.827 | 
     | U6626                | A v -> ZN ^  | INV_X1    | 0.044 |   0.800 |    0.871 | 
     | U6627                | B ^ -> ZN ^  | XNOR2_X1  | 0.040 |   0.840 |    0.911 | 
     | FE_OFC31_n8986       | A ^ -> Z ^   | CLKBUF_X1 | 0.090 |   0.930 |    1.001 | 
     | U7493                | A ^ -> ZN ^  | XNOR2_X1  | 0.063 |   0.993 |    1.064 | 
     | U4591                | B2 ^ -> ZN v | OAI21_X1  | 0.040 |   1.033 |    1.104 | 
     | U4590                | B v -> ZN v  | XNOR2_X1  | 0.048 |   1.081 |    1.152 | 
     | U7496                | A1 v -> ZN v | OR2_X1    | 0.052 |   1.132 |    1.203 | 
     | U7498                | A1 v -> ZN ^ | NAND2_X1  | 0.018 |   1.150 |    1.221 | 
     | U7499                | B ^ -> ZN ^  | XNOR2_X1  | 0.051 |   1.201 |    1.272 | 
     | U7510                | A ^ -> ZN ^  | XNOR2_X1  | 0.048 |   1.249 |    1.320 | 
     | U7515                | A ^ -> ZN ^  | XNOR2_X1  | 0.043 |   1.292 |    1.363 | 
     | U8102                | A1 ^ -> ZN ^ | AND3_X1   | 0.045 |   1.337 |    1.408 | 
     | U5101                | A1 ^ -> ZN ^ | OR2_X1    | 0.034 |   1.371 |    1.442 | 
     | U8104                | A ^ -> ZN v  | AOI21_X1  | 0.014 |   1.385 |    1.456 | 
     | U8105                | A2 v -> ZN v | AND2_X1   | 0.034 |   1.419 |    1.490 | 
     | U8114                | C1 v -> ZN ^ | OAI211_X1 | 0.027 |   1.445 |    1.516 | 
     | U8115                | A1 ^ -> ZN ^ | AND2_X1   | 0.040 |   1.485 |    1.556 | 
     | U8138                | C1 ^ -> ZN v | OAI211_X1 | 0.021 |   1.506 |    1.577 | 
     | U8143                | A1 v -> ZN ^ | NAND2_X1  | 0.022 |   1.529 |    1.599 | 
     | U8144                | A1 ^ -> ZN v | NAND4_X1  | 0.028 |   1.557 |    1.628 | 
     | U3883                | B1 v -> ZN ^ | AOI21_X1  | 0.077 |   1.634 |    1.705 | 
     | U4627                | A1 ^ -> ZN v | NAND2_X1  | 0.025 |   1.659 |    1.730 | 
     | U4475                | A1 v -> ZN v | AND3_X1   | 0.043 |   1.702 |    1.773 | 
     | U3806                | A2 v -> ZN v | OR2_X1    | 0.059 |   1.761 |    1.832 | 
     | U4382                | B1 v -> ZN ^ | OAI21_X1  | 0.031 |   1.793 |    1.863 | 
     | U8701                | A ^ -> ZN ^  | XNOR2_X1  | 0.054 |   1.847 |    1.918 | 
     | U9243                | B1 ^ -> ZN v | OAI21_X1  | 0.020 |   1.867 |    1.938 | 
     | p_reg_Y_temp_reg_43_ | D v          | DFF_X1    | 0.000 |   1.867 |    1.938 | 
     +------------------------------------------------------------------------------+ 
Path 6: MET Setup Check with Pin p_reg_Y_temp_reg_62_/CK 
Endpoint:   p_reg_Y_temp_reg_62_/D  (^) checked with  leading edge of 'CLK'
Beginpoint: B_reg_Y_temp_reg_11_/QN (^) triggered by  leading edge of 'CLK'
Path Groups: {CLK}
Analysis View: default
Other End Arrival Time          0.050
- Setup                         0.029
+ Phase Shift                   1.970
- Uncertainty                   0.050
= Required Time                 1.940
- Arrival Time                  1.849
= Slack Time                    0.091
     Clock Rise Edge                 0.000
     + Clock Network Latency (Ideal) 0.050
     = Beginpoint Arrival Time       0.050
     +------------------------------------------------------------------------------+ 
     |       Instance       |     Arc      |   Cell    | Delay | Arrival | Required | 
     |                      |              |           |       |  Time   |   Time   | 
     |----------------------+--------------+-----------+-------+---------+----------| 
     | B_reg_Y_temp_reg_11_ | CK ^         |           |       |   0.050 |    0.141 | 
     | B_reg_Y_temp_reg_11_ | CK ^ -> QN ^ | DFF_X1    | 0.086 |   0.136 |    0.227 | 
     | U3761                | A1 ^ -> ZN ^ | OR2_X1    | 0.035 |   0.171 |    0.262 | 
     | U4219                | A1 ^ -> ZN ^ | AND2_X1   | 0.150 |   0.321 |    0.413 | 
     | U4137                | B ^ -> ZN v  | XNOR2_X1  | 0.027 |   0.348 |    0.440 | 
     | FE_OFC22_n8416       | A v -> Z v   | CLKBUF_X1 | 0.149 |   0.498 |    0.589 | 
     | U4126                | B v -> ZN v  | XNOR2_X1  | 0.097 |   0.595 |    0.686 | 
     | FE_OFC27_n8513       | A v -> Z v   | CLKBUF_X1 | 0.161 |   0.756 |    0.847 | 
     | U6626                | A v -> ZN ^  | INV_X1    | 0.044 |   0.800 |    0.891 | 
     | U6627                | B ^ -> ZN ^  | XNOR2_X1  | 0.040 |   0.840 |    0.931 | 
     | FE_OFC31_n8986       | A ^ -> Z ^   | CLKBUF_X1 | 0.090 |   0.930 |    1.021 | 
     | U7493                | A ^ -> ZN ^  | XNOR2_X1  | 0.063 |   0.993 |    1.084 | 
     | U4591                | B2 ^ -> ZN v | OAI21_X1  | 0.040 |   1.033 |    1.124 | 
     | U4590                | B v -> ZN v  | XNOR2_X1  | 0.048 |   1.081 |    1.172 | 
     | U7496                | A1 v -> ZN v | OR2_X1    | 0.052 |   1.132 |    1.224 | 
     | U7498                | A1 v -> ZN ^ | NAND2_X1  | 0.018 |   1.150 |    1.241 | 
     | U7499                | B ^ -> ZN ^  | XNOR2_X1  | 0.051 |   1.201 |    1.292 | 
     | U7510                | A ^ -> ZN ^  | XNOR2_X1  | 0.048 |   1.249 |    1.340 | 
     | U7515                | A ^ -> ZN ^  | XNOR2_X1  | 0.043 |   1.292 |    1.383 | 
     | U8102                | A1 ^ -> ZN ^ | AND3_X1   | 0.045 |   1.337 |    1.428 | 
     | U5101                | A1 ^ -> ZN ^ | OR2_X1    | 0.034 |   1.371 |    1.462 | 
     | U8104                | A ^ -> ZN v  | AOI21_X1  | 0.014 |   1.385 |    1.476 | 
     | U8105                | A2 v -> ZN v | AND2_X1   | 0.034 |   1.419 |    1.510 | 
     | U8114                | C1 v -> ZN ^ | OAI211_X1 | 0.027 |   1.445 |    1.537 | 
     | U8115                | A1 ^ -> ZN ^ | AND2_X1   | 0.040 |   1.485 |    1.576 | 
     | U8138                | C1 ^ -> ZN v | OAI211_X1 | 0.021 |   1.506 |    1.598 | 
     | U8143                | A1 v -> ZN ^ | NAND2_X1  | 0.022 |   1.529 |    1.620 | 
     | U8144                | A1 ^ -> ZN v | NAND4_X1  | 0.028 |   1.557 |    1.648 | 
     | U3883                | B1 v -> ZN ^ | AOI21_X1  | 0.077 |   1.634 |    1.726 | 
     | U4270                | A1 ^ -> ZN ^ | AND2_X1   | 0.048 |   1.682 |    1.773 | 
     | U3879                | A2 ^ -> ZN ^ | OR2_X1    | 0.031 |   1.714 |    1.805 | 
     | U3999                | B1 ^ -> ZN v | OAI21_X1  | 0.023 |   1.736 |    1.827 | 
     | U4936                | A3 v -> ZN v | OR3_X1    | 0.087 |   1.823 |    1.914 | 
     | U9428                | B v -> ZN ^  | OAI211_X1 | 0.026 |   1.849 |    1.940 | 
     | p_reg_Y_temp_reg_62_ | D ^          | DFF_X1    | 0.000 |   1.849 |    1.940 | 
     +------------------------------------------------------------------------------+ 
Path 7: MET Setup Check with Pin p_reg_Y_temp_reg_60_/CK 
Endpoint:   p_reg_Y_temp_reg_60_/D  (^) checked with  leading edge of 'CLK'
Beginpoint: B_reg_Y_temp_reg_11_/QN (^) triggered by  leading edge of 'CLK'
Path Groups: {CLK}
Analysis View: default
Other End Arrival Time          0.050
- Setup                         0.029
+ Phase Shift                   1.970
- Uncertainty                   0.050
= Required Time                 1.941
- Arrival Time                  1.848
= Slack Time                    0.093
     Clock Rise Edge                 0.000
     + Clock Network Latency (Ideal) 0.050
     = Beginpoint Arrival Time       0.050
     +------------------------------------------------------------------------------+ 
     |       Instance       |     Arc      |   Cell    | Delay | Arrival | Required | 
     |                      |              |           |       |  Time   |   Time   | 
     |----------------------+--------------+-----------+-------+---------+----------| 
     | B_reg_Y_temp_reg_11_ | CK ^         |           |       |   0.050 |    0.143 | 
     | B_reg_Y_temp_reg_11_ | CK ^ -> QN ^ | DFF_X1    | 0.086 |   0.136 |    0.228 | 
     | U3761                | A1 ^ -> ZN ^ | OR2_X1    | 0.035 |   0.171 |    0.264 | 
     | U4219                | A1 ^ -> ZN ^ | AND2_X1   | 0.150 |   0.322 |    0.414 | 
     | U4137                | B ^ -> ZN v  | XNOR2_X1  | 0.027 |   0.348 |    0.441 | 
     | FE_OFC22_n8416       | A v -> Z v   | CLKBUF_X1 | 0.149 |   0.498 |    0.590 | 
     | U4126                | B v -> ZN v  | XNOR2_X1  | 0.097 |   0.595 |    0.687 | 
     | FE_OFC27_n8513       | A v -> Z v   | CLKBUF_X1 | 0.161 |   0.756 |    0.849 | 
     | U6626                | A v -> ZN ^  | INV_X1    | 0.044 |   0.800 |    0.892 | 
     | U6627                | B ^ -> ZN ^  | XNOR2_X1  | 0.040 |   0.840 |    0.933 | 
     | FE_OFC31_n8986       | A ^ -> Z ^   | CLKBUF_X1 | 0.090 |   0.930 |    1.023 | 
     | U7493                | A ^ -> ZN ^  | XNOR2_X1  | 0.063 |   0.993 |    1.086 | 
     | U4591                | B2 ^ -> ZN v | OAI21_X1  | 0.040 |   1.033 |    1.126 | 
     | U4590                | B v -> ZN v  | XNOR2_X1  | 0.048 |   1.081 |    1.174 | 
     | U7496                | A1 v -> ZN v | OR2_X1    | 0.052 |   1.132 |    1.225 | 
     | U7498                | A1 v -> ZN ^ | NAND2_X1  | 0.018 |   1.150 |    1.243 | 
     | U7499                | B ^ -> ZN ^  | XNOR2_X1  | 0.051 |   1.201 |    1.293 | 
     | U7510                | A ^ -> ZN ^  | XNOR2_X1  | 0.048 |   1.249 |    1.342 | 
     | U7515                | A ^ -> ZN ^  | XNOR2_X1  | 0.043 |   1.292 |    1.384 | 
     | U8102                | A1 ^ -> ZN ^ | AND3_X1   | 0.045 |   1.337 |    1.429 | 
     | U5101                | A1 ^ -> ZN ^ | OR2_X1    | 0.034 |   1.371 |    1.464 | 
     | U8104                | A ^ -> ZN v  | AOI21_X1  | 0.014 |   1.385 |    1.478 | 
     | U8105                | A2 v -> ZN v | AND2_X1   | 0.034 |   1.419 |    1.512 | 
     | U8114                | C1 v -> ZN ^ | OAI211_X1 | 0.027 |   1.445 |    1.538 | 
     | U8115                | A1 ^ -> ZN ^ | AND2_X1   | 0.040 |   1.485 |    1.578 | 
     | U8138                | C1 ^ -> ZN v | OAI211_X1 | 0.021 |   1.506 |    1.599 | 
     | U8143                | A1 v -> ZN ^ | NAND2_X1  | 0.022 |   1.529 |    1.621 | 
     | U8144                | A1 ^ -> ZN v | NAND4_X1  | 0.028 |   1.557 |    1.650 | 
     | U3883                | B1 v -> ZN ^ | AOI21_X1  | 0.077 |   1.634 |    1.727 | 
     | U4270                | A1 ^ -> ZN ^ | AND2_X1   | 0.048 |   1.682 |    1.775 | 
     | U3879                | A2 ^ -> ZN ^ | OR2_X1    | 0.031 |   1.714 |    1.806 | 
     | U3999                | B1 ^ -> ZN v | OAI21_X1  | 0.023 |   1.736 |    1.829 | 
     | U4988                | A3 v -> ZN v | OR3_X1    | 0.086 |   1.823 |    1.915 | 
     | U9427                | B v -> ZN ^  | OAI211_X1 | 0.025 |   1.848 |    1.941 | 
     | p_reg_Y_temp_reg_60_ | D ^          | DFF_X1    | 0.000 |   1.848 |    1.941 | 
     +------------------------------------------------------------------------------+ 
Path 8: MET Setup Check with Pin p_reg_Y_temp_reg_57_/CK 
Endpoint:   p_reg_Y_temp_reg_57_/D  (^) checked with  leading edge of 'CLK'
Beginpoint: B_reg_Y_temp_reg_11_/QN (^) triggered by  leading edge of 'CLK'
Path Groups: {CLK}
Analysis View: default
Other End Arrival Time          0.050
- Setup                         0.028
+ Phase Shift                   1.970
- Uncertainty                   0.050
= Required Time                 1.941
- Arrival Time                  1.840
= Slack Time                    0.102
     Clock Rise Edge                 0.000
     + Clock Network Latency (Ideal) 0.050
     = Beginpoint Arrival Time       0.050
     +------------------------------------------------------------------------------+ 
     |       Instance       |     Arc      |   Cell    | Delay | Arrival | Required | 
     |                      |              |           |       |  Time   |   Time   | 
     |----------------------+--------------+-----------+-------+---------+----------| 
     | B_reg_Y_temp_reg_11_ | CK ^         |           |       |   0.050 |    0.152 | 
     | B_reg_Y_temp_reg_11_ | CK ^ -> QN ^ | DFF_X1    | 0.086 |   0.136 |    0.237 | 
     | U3761                | A1 ^ -> ZN ^ | OR2_X1    | 0.035 |   0.171 |    0.273 | 
     | U4219                | A1 ^ -> ZN ^ | AND2_X1   | 0.150 |   0.322 |    0.423 | 
     | U4137                | B ^ -> ZN v  | XNOR2_X1  | 0.027 |   0.348 |    0.450 | 
     | FE_OFC22_n8416       | A v -> Z v   | CLKBUF_X1 | 0.149 |   0.498 |    0.600 | 
     | U4126                | B v -> ZN v  | XNOR2_X1  | 0.097 |   0.595 |    0.697 | 
     | FE_OFC27_n8513       | A v -> Z v   | CLKBUF_X1 | 0.161 |   0.756 |    0.858 | 
     | U6626                | A v -> ZN ^  | INV_X1    | 0.044 |   0.800 |    0.902 | 
     | U6627                | B ^ -> ZN ^  | XNOR2_X1  | 0.040 |   0.840 |    0.942 | 
     | FE_OFC31_n8986       | A ^ -> Z ^   | CLKBUF_X1 | 0.090 |   0.930 |    1.032 | 
     | U7493                | A ^ -> ZN ^  | XNOR2_X1  | 0.063 |   0.993 |    1.095 | 
     | U4591                | B2 ^ -> ZN v | OAI21_X1  | 0.040 |   1.033 |    1.135 | 
     | U4590                | B v -> ZN v  | XNOR2_X1  | 0.048 |   1.081 |    1.183 | 
     | U7496                | A1 v -> ZN v | OR2_X1    | 0.052 |   1.132 |    1.234 | 
     | U7498                | A1 v -> ZN ^ | NAND2_X1  | 0.018 |   1.150 |    1.252 | 
     | U7499                | B ^ -> ZN ^  | XNOR2_X1  | 0.051 |   1.201 |    1.303 | 
     | U7510                | A ^ -> ZN ^  | XNOR2_X1  | 0.048 |   1.249 |    1.351 | 
     | U7515                | A ^ -> ZN ^  | XNOR2_X1  | 0.043 |   1.292 |    1.394 | 
     | U8102                | A1 ^ -> ZN ^ | AND3_X1   | 0.045 |   1.337 |    1.438 | 
     | U5101                | A1 ^ -> ZN ^ | OR2_X1    | 0.034 |   1.371 |    1.473 | 
     | U8104                | A ^ -> ZN v  | AOI21_X1  | 0.014 |   1.385 |    1.487 | 
     | U8105                | A2 v -> ZN v | AND2_X1   | 0.034 |   1.419 |    1.521 | 
     | U8114                | C1 v -> ZN ^ | OAI211_X1 | 0.027 |   1.445 |    1.547 | 
     | U8115                | A1 ^ -> ZN ^ | AND2_X1   | 0.040 |   1.485 |    1.587 | 
     | U8138                | C1 ^ -> ZN v | OAI211_X1 | 0.021 |   1.506 |    1.608 | 
     | U8143                | A1 v -> ZN ^ | NAND2_X1  | 0.022 |   1.529 |    1.630 | 
     | U8144                | A1 ^ -> ZN v | NAND4_X1  | 0.028 |   1.557 |    1.659 | 
     | U3883                | B1 v -> ZN ^ | AOI21_X1  | 0.077 |   1.634 |    1.736 | 
     | U3884                | A1 ^ -> ZN v | NAND2_X1  | 0.035 |   1.669 |    1.771 | 
     | U4651                | A2 v -> ZN v | OR2_X1    | 0.056 |   1.725 |    1.827 | 
     | U4938                | A v -> ZN ^  | OAI211_X1 | 0.020 |   1.745 |    1.847 | 
     | U4932                | A1 ^ -> ZN ^ | AND2_X1   | 0.040 |   1.785 |    1.887 | 
     | U5009                | A3 ^ -> ZN v | NAND3_X1  | 0.022 |   1.807 |    1.909 | 
     | U5008                | A4 v -> ZN ^ | NAND4_X1  | 0.033 |   1.840 |    1.941 | 
     | p_reg_Y_temp_reg_57_ | D ^          | DFF_X1    | 0.000 |   1.840 |    1.941 | 
     +------------------------------------------------------------------------------+ 
Path 9: MET Setup Check with Pin p_reg_Y_temp_reg_44_/CK 
Endpoint:   p_reg_Y_temp_reg_44_/D  (v) checked with  leading edge of 'CLK'
Beginpoint: B_reg_Y_temp_reg_11_/QN (^) triggered by  leading edge of 'CLK'
Path Groups: {CLK}
Analysis View: default
Other End Arrival Time          0.050
- Setup                         0.025
+ Phase Shift                   1.970
- Uncertainty                   0.050
= Required Time                 1.945
- Arrival Time                  1.838
= Slack Time                    0.107
     Clock Rise Edge                 0.000
     + Clock Network Latency (Ideal) 0.050
     = Beginpoint Arrival Time       0.050
     +------------------------------------------------------------------------------+ 
     |       Instance       |     Arc      |   Cell    | Delay | Arrival | Required | 
     |                      |              |           |       |  Time   |   Time   | 
     |----------------------+--------------+-----------+-------+---------+----------| 
     | B_reg_Y_temp_reg_11_ | CK ^         |           |       |   0.050 |    0.157 | 
     | B_reg_Y_temp_reg_11_ | CK ^ -> QN ^ | DFF_X1    | 0.086 |   0.136 |    0.243 | 
     | U3761                | A1 ^ -> ZN ^ | OR2_X1    | 0.035 |   0.171 |    0.278 | 
     | U4219                | A1 ^ -> ZN ^ | AND2_X1   | 0.150 |   0.322 |    0.429 | 
     | U4137                | B ^ -> ZN v  | XNOR2_X1  | 0.027 |   0.348 |    0.456 | 
     | FE_OFC22_n8416       | A v -> Z v   | CLKBUF_X1 | 0.149 |   0.498 |    0.605 | 
     | U4126                | B v -> ZN v  | XNOR2_X1  | 0.097 |   0.595 |    0.702 | 
     | FE_OFC27_n8513       | A v -> Z v   | CLKBUF_X1 | 0.161 |   0.756 |    0.863 | 
     | U6626                | A v -> ZN ^  | INV_X1    | 0.044 |   0.800 |    0.907 | 
     | U6627                | B ^ -> ZN ^  | XNOR2_X1  | 0.040 |   0.840 |    0.947 | 
     | FE_OFC31_n8986       | A ^ -> Z ^   | CLKBUF_X1 | 0.090 |   0.930 |    1.037 | 
     | U7493                | A ^ -> ZN ^  | XNOR2_X1  | 0.063 |   0.993 |    1.100 | 
     | U4591                | B2 ^ -> ZN v | OAI21_X1  | 0.040 |   1.033 |    1.140 | 
     | U4590                | B v -> ZN v  | XNOR2_X1  | 0.048 |   1.081 |    1.188 | 
     | U7496                | A1 v -> ZN v | OR2_X1    | 0.052 |   1.132 |    1.240 | 
     | U7498                | A1 v -> ZN ^ | NAND2_X1  | 0.018 |   1.150 |    1.257 | 
     | U7499                | B ^ -> ZN ^  | XNOR2_X1  | 0.051 |   1.201 |    1.308 | 
     | U7510                | A ^ -> ZN ^  | XNOR2_X1  | 0.048 |   1.249 |    1.356 | 
     | U7515                | A ^ -> ZN ^  | XNOR2_X1  | 0.043 |   1.292 |    1.399 | 
     | U8102                | A1 ^ -> ZN ^ | AND3_X1   | 0.045 |   1.337 |    1.444 | 
     | U5101                | A1 ^ -> ZN ^ | OR2_X1    | 0.034 |   1.371 |    1.478 | 
     | U8104                | A ^ -> ZN v  | AOI21_X1  | 0.014 |   1.385 |    1.492 | 
     | U8105                | A2 v -> ZN v | AND2_X1   | 0.034 |   1.419 |    1.526 | 
     | U8114                | C1 v -> ZN ^ | OAI211_X1 | 0.027 |   1.445 |    1.553 | 
     | U8115                | A1 ^ -> ZN ^ | AND2_X1   | 0.040 |   1.485 |    1.592 | 
     | U8138                | C1 ^ -> ZN v | OAI211_X1 | 0.021 |   1.506 |    1.614 | 
     | U8143                | A1 v -> ZN ^ | NAND2_X1  | 0.022 |   1.529 |    1.636 | 
     | U8144                | A1 ^ -> ZN v | NAND4_X1  | 0.028 |   1.557 |    1.664 | 
     | U3883                | B1 v -> ZN ^ | AOI21_X1  | 0.077 |   1.634 |    1.742 | 
     | U4627                | A1 ^ -> ZN v | NAND2_X1  | 0.025 |   1.659 |    1.766 | 
     | U4344                | A v -> ZN ^  | INV_X1    | 0.017 |   1.676 |    1.783 | 
     | U4677                | A1 ^ -> ZN v | NAND2_X1  | 0.020 |   1.696 |    1.804 | 
     | U4676                | A2 v -> ZN ^ | NAND2_X1  | 0.026 |   1.723 |    1.830 | 
     | U8697                | A ^ -> ZN ^  | XNOR2_X1  | 0.046 |   1.768 |    1.876 | 
     | U9242                | A2 ^ -> ZN v | NOR2_X1   | 0.018 |   1.787 |    1.894 | 
     | U9241                | A1 v -> ZN v | OR2_X1    | 0.051 |   1.838 |    1.945 | 
     | p_reg_Y_temp_reg_44_ | D v          | DFF_X1    | 0.000 |   1.838 |    1.945 | 
     +------------------------------------------------------------------------------+ 
Path 10: MET Setup Check with Pin p_reg_Y_temp_reg_38_/CK 
Endpoint:   p_reg_Y_temp_reg_38_/D  (v) checked with  leading edge of 'CLK'
Beginpoint: B_reg_Y_temp_reg_11_/QN (^) triggered by  leading edge of 'CLK'
Path Groups: {CLK}
Analysis View: default
Other End Arrival Time          0.050
- Setup                         0.026
+ Phase Shift                   1.970
- Uncertainty                   0.050
= Required Time                 1.944
- Arrival Time                  1.833
= Slack Time                    0.111
     Clock Rise Edge                 0.000
     + Clock Network Latency (Ideal) 0.050
     = Beginpoint Arrival Time       0.050
     +------------------------------------------------------------------------------+ 
     |       Instance       |     Arc      |   Cell    | Delay | Arrival | Required | 
     |                      |              |           |       |  Time   |   Time   | 
     |----------------------+--------------+-----------+-------+---------+----------| 
     | B_reg_Y_temp_reg_11_ | CK ^         |           |       |   0.050 |    0.161 | 
     | B_reg_Y_temp_reg_11_ | CK ^ -> QN ^ | DFF_X1    | 0.086 |   0.136 |    0.247 | 
     | U3761                | A1 ^ -> ZN ^ | OR2_X1    | 0.035 |   0.171 |    0.282 | 
     | U4219                | A1 ^ -> ZN ^ | AND2_X1   | 0.150 |   0.322 |    0.433 | 
     | U4137                | B ^ -> ZN v  | XNOR2_X1  | 0.027 |   0.348 |    0.459 | 
     | FE_OFC22_n8416       | A v -> Z v   | CLKBUF_X1 | 0.149 |   0.498 |    0.609 | 
     | U4126                | B v -> ZN v  | XNOR2_X1  | 0.097 |   0.595 |    0.706 | 
     | FE_OFC27_n8513       | A v -> Z v   | CLKBUF_X1 | 0.161 |   0.756 |    0.867 | 
     | U6626                | A v -> ZN ^  | INV_X1    | 0.044 |   0.800 |    0.911 | 
     | U6627                | B ^ -> ZN ^  | XNOR2_X1  | 0.040 |   0.840 |    0.951 | 
     | FE_OFC31_n8986       | A ^ -> Z ^   | CLKBUF_X1 | 0.090 |   0.930 |    1.041 | 
     | U7493                | A ^ -> ZN ^  | XNOR2_X1  | 0.063 |   0.993 |    1.104 | 
     | U4591                | B2 ^ -> ZN v | OAI21_X1  | 0.040 |   1.033 |    1.144 | 
     | U4590                | B v -> ZN v  | XNOR2_X1  | 0.048 |   1.081 |    1.192 | 
     | U7496                | A1 v -> ZN v | OR2_X1    | 0.052 |   1.132 |    1.243 | 
     | U7498                | A1 v -> ZN ^ | NAND2_X1  | 0.018 |   1.150 |    1.261 | 
     | U7499                | B ^ -> ZN ^  | XNOR2_X1  | 0.051 |   1.201 |    1.312 | 
     | U7510                | A ^ -> ZN ^  | XNOR2_X1  | 0.048 |   1.249 |    1.360 | 
     | U7515                | A ^ -> ZN ^  | XNOR2_X1  | 0.043 |   1.292 |    1.403 | 
     | U8102                | A1 ^ -> ZN ^ | AND3_X1   | 0.045 |   1.337 |    1.448 | 
     | U5101                | A1 ^ -> ZN ^ | OR2_X1    | 0.034 |   1.371 |    1.482 | 
     | U8104                | A ^ -> ZN v  | AOI21_X1  | 0.014 |   1.385 |    1.496 | 
     | U8105                | A2 v -> ZN v | AND2_X1   | 0.034 |   1.419 |    1.530 | 
     | U8114                | C1 v -> ZN ^ | OAI211_X1 | 0.027 |   1.445 |    1.556 | 
     | U8115                | A1 ^ -> ZN ^ | AND2_X1   | 0.040 |   1.485 |    1.596 | 
     | U8138                | C1 ^ -> ZN v | OAI211_X1 | 0.021 |   1.506 |    1.617 | 
     | U8143                | A1 v -> ZN ^ | NAND2_X1  | 0.022 |   1.529 |    1.640 | 
     | U8144                | A1 ^ -> ZN v | NAND4_X1  | 0.028 |   1.557 |    1.668 | 
     | U3883                | B1 v -> ZN ^ | AOI21_X1  | 0.077 |   1.634 |    1.745 | 
     | U8650                | A2 ^ -> ZN ^ | OR2_X1    | 0.049 |   1.684 |    1.795 | 
     | U8653                | A ^ -> ZN v  | INV_X1    | 0.008 |   1.692 |    1.803 | 
     | U8664                | A1 v -> ZN v | OR2_X1    | 0.047 |   1.738 |    1.849 | 
     | U8670                | A2 v -> ZN v | AND2_X1   | 0.032 |   1.771 |    1.882 | 
     | U9235                | B2 v -> ZN ^ | OAI21_X1  | 0.046 |   1.817 |    1.928 | 
     | U9420                | A1 ^ -> ZN v | NAND2_X1  | 0.016 |   1.833 |    1.944 | 
     | p_reg_Y_temp_reg_38_ | D v          | DFF_X1    | 0.000 |   1.833 |    1.944 | 
     +------------------------------------------------------------------------------+ 

