###############################################################
#  Generated by:      Cadence Innovus 23.35-s106_1
#  OS:                Linux x86_64(Host ID microsys.openstack.polito)
#  Generated on:      Sat Oct 10 21:14:27 2026
#  Design:            boothmul_registered
#  Command:           report_ccopt_skew_groups -file reports/05_skew_groups.rpt
###############################################################

Skew Group Structure:
=====================

-----------------------------------------------------------------------------
Skew Group                Sources    Constrained Sinks    Unconstrained Sinks
-----------------------------------------------------------------------------
CLK/coherent-synthesis       1              128                    0
-----------------------------------------------------------------------------

Skew Group Summary:
===================

---------------------------------------------------------------------------------------------------------------------------------------------------------------------------
Timing Corner         Skew Group                ID Target    Min ID    Max ID    Avg ID    Std.Dev. ID    Skew Target Type    Skew Target    Skew     Skew window occupancy
---------------------------------------------------------------------------------------------------------------------------------------------------------------------------
std-typ:both.early    CLK/coherent-synthesis        -        0.062     0.076     0.070        0.005       ignored                  -         0.014              -
std-typ:both.late     CLK/coherent-synthesis    *0.050       0.062     0.076     0.071        0.005       explicit             0.050         0.014    100% {0.062, 0.076}
---------------------------------------------------------------------------------------------------------------------------------------------------------------------------

* - indicates that target was not met.

Skew Group Min/Max path pins:
=============================

------------------------------------------------------------------------------------
Timing Corner         Skew Group                Min ID    PathID    Max ID    PathID
------------------------------------------------------------------------------------
std-typ:both.early    CLK/coherent-synthesis    0.062       1       0.076       2
-    min A_reg_Y_temp_reg_22_/CK
-    max B_reg_Y_temp_reg_25_/CK
std-typ:both.late     CLK/coherent-synthesis    0.062       3       0.076       4
-    min A_reg_Y_temp_reg_22_/CK
-    max B_reg_Y_temp_reg_25_/CK
------------------------------------------------------------------------------------

Timing for timing corner std-typ:both.early, min clock_path:
============================================================

PathID    : 1
Path type : skew group CLK/coherent-synthesis (path 1 of 1)
Start     : CLK
End       : A_reg_Y_temp_reg_22_/CK
Delay     : 0.062

------------------------------------------------------------------------------------------------
Name  Lib cell   Event  Incr   Arrival  Slew   Cap     Location         Distance  Fanout  Status
                        (ns)   (ns)     (ns)   (fF)                     (um)              
-- Clockpath trace -----------------------------------------------------------------------------
CLK
-     -          rise   -       0.000   0.002  22.410  (67.105,0.000)   -            4    
CTS_ccl_a_buf_00001/A
-     CLKBUF_X2  rise   0.002   0.002   0.002  -       (33.760,78.715)  112.060   -       
CTS_ccl_a_buf_00001/Z
-     CLKBUF_X2  rise   0.059   0.061   0.039  32.131  (33.395,79.090)    0.740     22    
A_reg_Y_temp_reg_22_/CK
-     DFF_X1     rise   0.001   0.062   0.039  -       (30.060,76.970)    5.455   -       
------------------------------------------------------------------------------------------------

Timing for timing corner std-typ:both.early, max clock_path:
============================================================

PathID    : 2
Path type : skew group CLK/coherent-synthesis (path 1 of 1)
Start     : CLK
End       : B_reg_Y_temp_reg_25_/CK
Delay     : 0.076

-------------------------------------------------------------------------------------------------
Name  Lib cell   Event  Incr   Arrival  Slew   Cap     Location          Distance  Fanout  Status
                        (ns)   (ns)     (ns)   (fF)                      (um)              
-- Clockpath trace ------------------------------------------------------------------------------
CLK
-     -          rise   -       0.000   0.002  22.410  (67.105,0.000)    -            4    
CTS_ccl_a_buf_00003/A
-     CLKBUF_X3  rise   0.002   0.002   0.002  -       (104.060,89.915)  126.870   -       
CTS_ccl_a_buf_00003/Z
-     CLKBUF_X3  rise   0.071   0.073   0.046  58.712  (103.695,90.260)    0.710     44    
B_reg_Y_temp_reg_25_/CK
-     DFF_X1     rise   0.003   0.076   0.046  -       (94.280,76.970)    22.705   -       
-------------------------------------------------------------------------------------------------

Timing for timing corner std-typ:both.late, min clock_path:
===========================================================

PathID    : 3
Path type : skew group CLK/coherent-synthesis (path 1 of 1)
Start     : CLK
End       : A_reg_Y_temp_reg_22_/CK
Delay     : 0.062

------------------------------------------------------------------------------------------------
Name  Lib cell   Event  Incr   Arrival  Slew   Cap     Location         Distance  Fanout  Status
                        (ns)   (ns)     (ns)   (fF)                     (um)              
-- Clockpath trace -----------------------------------------------------------------------------
CLK
-     -          rise   -       0.000   0.002  22.410  (67.105,0.000)   -            4    
CTS_ccl_a_buf_00001/A
-     CLKBUF_X2  rise   0.002   0.002   0.002  -       (33.760,78.715)  112.060   -       
CTS_ccl_a_buf_00001/Z
-     CLKBUF_X2  rise   0.059   0.061   0.039  32.131  (33.395,79.090)    0.740     22    
A_reg_Y_temp_reg_22_/CK
-     DFF_X1     rise   0.001   0.062   0.039  -       (30.060,76.970)    5.455   -       
------------------------------------------------------------------------------------------------

Timing for timing corner std-typ:both.late, max clock_path:
===========================================================

PathID    : 4
Path type : skew group CLK/coherent-synthesis (path 1 of 1)
Start     : CLK
End       : B_reg_Y_temp_reg_25_/CK
Delay     : 0.076

-------------------------------------------------------------------------------------------------
Name  Lib cell   Event  Incr   Arrival  Slew   Cap     Location          Distance  Fanout  Status
                        (ns)   (ns)     (ns)   (fF)                      (um)              
-- Clockpath trace ------------------------------------------------------------------------------
CLK
-     -          rise   -       0.000   0.002  22.410  (67.105,0.000)    -            4    
CTS_ccl_a_buf_00003/A
-     CLKBUF_X3  rise   0.002   0.002   0.002  -       (104.060,89.915)  126.870   -       
CTS_ccl_a_buf_00003/Z
-     CLKBUF_X3  rise   0.071   0.073   0.046  58.712  (103.695,90.260)    0.710     44    
B_reg_Y_temp_reg_25_/CK
-     DFF_X1     rise   0.003   0.076   0.046  -       (94.280,76.970)    22.705   -       
-------------------------------------------------------------------------------------------------

