###############################################################
#  Generated by:      Cadence Innovus 23.35-s106_1
#  OS:                Linux x86_64(Host ID microsys.openstack.polito)
#  Generated on:      Sat Oct 10 21:30:59 2026
#  Design:            boothmul_registered
#  Command:           report_ccopt_skew_groups -file reports/05_skew_groups.rpt
###############################################################

Skew Group Structure:
=====================

-----------------------------------------------------------------------------
Skew Group                Sources    Constrained Sinks    Unconstrained Sinks
-----------------------------------------------------------------------------
CLK/coherent-synthesis       1              128                    0
-----------------------------------------------------------------------------

Skew Group Summary:
===================

---------------------------------------------------------------------------------------------------------------------------------------------------------------------------
Timing Corner         Skew Group                ID Target    Min ID    Max ID    Avg ID    Std.Dev. ID    Skew Target Type    Skew Target    Skew     Skew window occupancy
---------------------------------------------------------------------------------------------------------------------------------------------------------------------------
std-typ:both.early    CLK/coherent-synthesis        -        0.057     0.067     0.063        0.003       ignored                  -         0.010              -
std-typ:both.late     CLK/coherent-synthesis     0.050       0.057     0.067     0.063        0.003       explicit             0.050         0.010    100% {0.057, 0.067}
---------------------------------------------------------------------------------------------------------------------------------------------------------------------------

* - indicates that target was not met.

Skew Group Min/Max path pins:
=============================

------------------------------------------------------------------------------------
Timing Corner         Skew Group                Min ID    PathID    Max ID    PathID
------------------------------------------------------------------------------------
std-typ:both.early    CLK/coherent-synthesis    0.057       1       0.067       2
-    min A_reg_Y_temp_reg_28_/CK
-    max B_reg_Y_temp_reg_27_/CK
std-typ:both.late     CLK/coherent-synthesis    0.057       3       0.067       4
-    min A_reg_Y_temp_reg_28_/CK
-    max B_reg_Y_temp_reg_27_/CK
------------------------------------------------------------------------------------

Timing for timing corner std-typ:both.early, min clock_path:
============================================================

PathID    : 1
Path type : skew group CLK/coherent-synthesis (path 1 of 1)
Start     : CLK
End       : A_reg_Y_temp_reg_28_/CK
Delay     : 0.057

------------------------------------------------------------------------------------------------
Name  Lib cell   Event  Incr   Arrival  Slew   Cap     Location         Distance  Fanout  Status
                        (ns)   (ns)     (ns)   (fF)                     (um)              
-- Clockpath trace -----------------------------------------------------------------------------
CLK
-     -          rise   -       0.000   0.002  18.832  (67.385,0.000)   -            4    
CTS_ccl_a_buf_00002/A
-     CLKBUF_X3  rise   0.001   0.001   0.002  -       (48.200,51.765)   70.950   -       
CTS_ccl_a_buf_00002/Z
-     CLKBUF_X3  rise   0.055   0.056   0.036  42.792  (47.835,51.420)    0.710     32    
A_reg_Y_temp_reg_28_/CK
-     DFF_X1     rise   0.000   0.057   0.036  -       (47.350,50.710)    1.195   -       
------------------------------------------------------------------------------------------------

Timing for timing corner std-typ:both.early, max clock_path:
============================================================

PathID    : 2
Path type : skew group CLK/coherent-synthesis (path 1 of 1)
Start     : CLK
End       : B_reg_Y_temp_reg_27_/CK
Delay     : 0.067

-------------------------------------------------------------------------------------------------
Name  Lib cell   Event  Incr   Arrival  Slew   Cap     Location          Distance  Fanout  Status
                        (ns)   (ns)     (ns)   (fF)                      (um)              
-- Clockpath trace ------------------------------------------------------------------------------
CLK
-     -          rise   -       0.000   0.002  18.832  (67.385,0.000)    -            4    
CTS_ccl_a_buf_00001/A
-     CLKBUF_X3  rise   0.001   0.001   0.002  -       (76.060,15.365)    24.040   -       
CTS_ccl_a_buf_00001/Z
-     CLKBUF_X3  rise   0.057   0.057   0.042  49.712  (76.425,15.020)     0.710     38    
B_reg_Y_temp_reg_27_/CK
-     DFF_X1     rise   0.010   0.067   0.042  -       (102.640,60.170)   71.365   -       
-------------------------------------------------------------------------------------------------

Timing for timing corner std-typ:both.late, min clock_path:
===========================================================

PathID    : 3
Path type : skew group CLK/coherent-synthesis (path 1 of 1)
Start     : CLK
End       : A_reg_Y_temp_reg_28_/CK
Delay     : 0.057

------------------------------------------------------------------------------------------------
Name  Lib cell   Event  Incr   Arrival  Slew   Cap     Location         Distance  Fanout  Status
                        (ns)   (ns)     (ns)   (fF)                     (um)              
-- Clockpath trace -----------------------------------------------------------------------------
CLK
-     -          rise   -       0.000   0.002  18.832  (67.385,0.000)   -            4    
CTS_ccl_a_buf_00002/A
-     CLKBUF_X3  rise   0.001   0.001   0.002  -       (48.200,51.765)   70.950   -       
CTS_ccl_a_buf_00002/Z
-     CLKBUF_X3  rise   0.055   0.056   0.036  42.792  (47.835,51.420)    0.710     32    
A_reg_Y_temp_reg_28_/CK
-     DFF_X1     rise   0.000   0.057   0.036  -       (47.350,50.710)    1.195   -       
------------------------------------------------------------------------------------------------

Timing for timing corner std-typ:both.late, max clock_path:
===========================================================

PathID    : 4
Path type : skew group CLK/coherent-synthesis (path 1 of 1)
Start     : CLK
End       : B_reg_Y_temp_reg_27_/CK
Delay     : 0.067

-------------------------------------------------------------------------------------------------
Name  Lib cell   Event  Incr   Arrival  Slew   Cap     Location          Distance  Fanout  Status
                        (ns)   (ns)     (ns)   (fF)                      (um)              
-- Clockpath trace ------------------------------------------------------------------------------
CLK
-     -          rise   -       0.000   0.002  18.832  (67.385,0.000)    -            4    
CTS_ccl_a_buf_00001/A
-     CLKBUF_X3  rise   0.001   0.001   0.002  -       (76.060,15.365)    24.040   -       
CTS_ccl_a_buf_00001/Z
-     CLKBUF_X3  rise   0.057   0.058   0.042  49.712  (76.425,15.020)     0.710     38    
B_reg_Y_temp_reg_27_/CK
-     DFF_X1     rise   0.010   0.067   0.042  -       (102.640,60.170)   71.365   -       
-------------------------------------------------------------------------------------------------

