###############################################################
#  Generated by:      Cadence Innovus 23.35-s106_1
#  OS:                Linux x86_64(Host ID microsys.openstack.polito)
#  Generated on:      Sat Oct 10 21:35:31 2026
#  Design:            boothmul_registered
#  Command:           report_timing -max_paths 10 > reports/10_setup_paths.rpt
###############################################################
Path 1: MET Setup Check with Pin p_reg_Y_temp_reg_56_/CK 
Endpoint:   p_reg_Y_temp_reg_56_/D (v) checked with  leading edge of 'CLK'
Beginpoint: B_reg_Y_temp_reg_11_/Q (v) triggered by  leading edge of 'CLK'
Path Groups: {CLK}
Analysis View: default
Other End Arrival Time          0.065
- Setup                         0.025
+ Phase Shift                   2.075
+ CPPR Adjustment               0.000
- Uncertainty                   0.050
= Required Time                 2.064
- Arrival Time                  1.925
= Slack Time                    0.139
     Clock Rise Edge                 0.000
     + Clock Network Latency (Prop)  0.045
     = Beginpoint Arrival Time       0.045
     +------------------------------------------------------------------------------+ 
     |       Instance       |     Arc      |   Cell    | Delay | Arrival | Required | 
     |                      |              |           |       |  Time   |   Time   | 
     |----------------------+--------------+-----------+-------+---------+----------| 
     | B_reg_Y_temp_reg_11_ | CK ^         |           |       |   0.045 |    0.184 | 
     | B_reg_Y_temp_reg_11_ | CK ^ -> Q v  | DFF_X1    | 0.095 |   0.140 |    0.279 | 
     | U4872                | A1 v -> ZN ^ | NAND2_X1  | 0.023 |   0.162 |    0.301 | 
     | U4873                | A1 ^ -> ZN v | NAND2_X1  | 0.081 |   0.243 |    0.382 | 
     | U3647                | B v -> ZN v  | XNOR2_X1  | 0.072 |   0.315 |    0.454 | 
     | FE_OFC26_n4528       | A v -> Z v   | CLKBUF_X1 | 0.133 |   0.448 |    0.587 | 
     | U5009                | B v -> ZN v  | XNOR2_X1  | 0.070 |   0.517 |    0.656 | 
     | FE_OFC36_n8335       | A v -> Z v   | CLKBUF_X1 | 0.121 |   0.638 |    0.777 | 
     | U6853                | A v -> ZN ^  | XNOR2_X1  | 0.113 |   0.751 |    0.890 | 
     | U6854                | A ^ -> ZN ^  | XNOR2_X1  | 0.052 |   0.803 |    0.941 | 
     | FE_OFC39_n8559       | A ^ -> Z ^   | CLKBUF_X1 | 0.099 |   0.901 |    1.040 | 
     | U7455                | A ^ -> ZN v  | INV_X1    | 0.033 |   0.935 |    1.073 | 
     | U7456                | B v -> ZN v  | XNOR2_X1  | 0.049 |   0.983 |    1.122 | 
     | U7457                | CI v -> S ^  | FA_X1     | 0.124 |   1.107 |    1.246 | 
     | U4424                | B ^ -> ZN ^  | XNOR2_X1  | 0.044 |   1.151 |    1.290 | 
     | U4384                | B ^ -> ZN ^  | XNOR2_X1  | 0.044 |   1.196 |    1.334 | 
     | U4383                | A ^ -> ZN ^  | XNOR2_X1  | 0.059 |   1.255 |    1.393 | 
     | U3879                | A2 ^ -> ZN ^ | OR2_X1    | 0.045 |   1.300 |    1.438 | 
     | U7619                | A2 ^ -> ZN ^ | AND2_X1   | 0.045 |   1.345 |    1.484 | 
     | U8106                | A3 ^ -> ZN ^ | AND3_X1   | 0.054 |   1.399 |    1.538 | 
     | U8115                | C2 ^ -> ZN v | OAI211_X1 | 0.025 |   1.424 |    1.563 | 
     | U4683                | A1 v -> ZN ^ | NAND2_X1  | 0.024 |   1.448 |    1.587 | 
     | U8123                | A1 ^ -> ZN v | NAND4_X1  | 0.024 |   1.472 |    1.611 | 
     | U4691                | A2 v -> ZN v | AND2_X1   | 0.047 |   1.519 |    1.657 | 
     | U8133                | C1 v -> ZN ^ | OAI211_X1 | 0.029 |   1.548 |    1.686 | 
     | U8138                | A1 ^ -> ZN ^ | AND2_X1   | 0.050 |   1.598 |    1.736 | 
     | U8158                | B2 ^ -> ZN v | OAI21_X1  | 0.023 |   1.621 |    1.760 | 
     | U4701                | A1 v -> ZN v | OR2_X1    | 0.045 |   1.666 |    1.805 | 
     | U4390                | C1 v -> ZN ^ | OAI211_X1 | 0.081 |   1.747 |    1.886 | 
     | U4606                | B1 ^ -> ZN v | AOI21_X1  | 0.036 |   1.784 |    1.922 | 
     | U3662                | A1 v -> ZN v | OR2_X1    | 0.067 |   1.850 |    1.989 | 
     | U4700                | A1 v -> ZN v | OR2_X1    | 0.048 |   1.898 |    2.036 | 
     | U3978                | A2 v -> ZN ^ | NAND2_X1  | 0.016 |   1.914 |    2.053 | 
     | U3977                | A1 ^ -> ZN v | NAND2_X1  | 0.011 |   1.925 |    2.064 | 
     | p_reg_Y_temp_reg_56_ | D v          | DFF_X1    | 0.000 |   1.925 |    2.064 | 
     +------------------------------------------------------------------------------+ 
Path 2: MET Setup Check with Pin p_reg_Y_temp_reg_58_/CK 
Endpoint:   p_reg_Y_temp_reg_58_/D (^) checked with  leading edge of 'CLK'
Beginpoint: B_reg_Y_temp_reg_11_/Q (v) triggered by  leading edge of 'CLK'
Path Groups: {CLK}
Analysis View: default
Other End Arrival Time          0.064
- Setup                         0.032
+ Phase Shift                   2.075
+ CPPR Adjustment               0.000
- Uncertainty                   0.050
= Required Time                 2.057
- Arrival Time                  1.917
= Slack Time                    0.140
     Clock Rise Edge                 0.000
     + Clock Network Latency (Prop)  0.045
     = Beginpoint Arrival Time       0.045
     +------------------------------------------------------------------------------+ 
     |       Instance       |     Arc      |   Cell    | Delay | Arrival | Required | 
     |                      |              |           |       |  Time   |   Time   | 
     |----------------------+--------------+-----------+-------+---------+----------| 
     | B_reg_Y_temp_reg_11_ | CK ^         |           |       |   0.045 |    0.185 | 
     | B_reg_Y_temp_reg_11_ | CK ^ -> Q v  | DFF_X1    | 0.095 |   0.140 |    0.280 | 
     | U4872                | A1 v -> ZN ^ | NAND2_X1  | 0.023 |   0.162 |    0.303 | 
     | U4873                | A1 ^ -> ZN v | NAND2_X1  | 0.081 |   0.243 |    0.384 | 
     | U3647                | B v -> ZN v  | XNOR2_X1  | 0.072 |   0.315 |    0.455 | 
     | FE_OFC26_n4528       | A v -> Z v   | CLKBUF_X1 | 0.133 |   0.448 |    0.588 | 
     | U5009                | B v -> ZN v  | XNOR2_X1  | 0.070 |   0.517 |    0.658 | 
     | FE_OFC36_n8335       | A v -> Z v   | CLKBUF_X1 | 0.121 |   0.638 |    0.779 | 
     | U6853                | A v -> ZN ^  | XNOR2_X1  | 0.113 |   0.751 |    0.891 | 
     | U6854                | A ^ -> ZN ^  | XNOR2_X1  | 0.052 |   0.803 |    0.943 | 
     | FE_OFC39_n8559       | A ^ -> Z ^   | CLKBUF_X1 | 0.099 |   0.901 |    1.042 | 
     | U7455                | A ^ -> ZN v  | INV_X1    | 0.033 |   0.935 |    1.075 | 
     | U7456                | B v -> ZN v  | XNOR2_X1  | 0.049 |   0.983 |    1.123 | 
     | U7457                | CI v -> S ^  | FA_X1     | 0.124 |   1.107 |    1.247 | 
     | U4424                | B ^ -> ZN ^  | XNOR2_X1  | 0.044 |   1.151 |    1.291 | 
     | U4384                | B ^ -> ZN ^  | XNOR2_X1  | 0.044 |   1.196 |    1.336 | 
     | U4383                | A ^ -> ZN ^  | XNOR2_X1  | 0.059 |   1.255 |    1.395 | 
     | U3879                | A2 ^ -> ZN ^ | OR2_X1    | 0.045 |   1.300 |    1.440 | 
     | U7619                | A2 ^ -> ZN ^ | AND2_X1   | 0.045 |   1.345 |    1.485 | 
     | U8106                | A3 ^ -> ZN ^ | AND3_X1   | 0.054 |   1.399 |    1.539 | 
     | U8115                | C2 ^ -> ZN v | OAI211_X1 | 0.025 |   1.424 |    1.564 | 
     | U4683                | A1 v -> ZN ^ | NAND2_X1  | 0.024 |   1.448 |    1.588 | 
     | U8123                | A1 ^ -> ZN v | NAND4_X1  | 0.024 |   1.472 |    1.612 | 
     | U4691                | A2 v -> ZN v | AND2_X1   | 0.047 |   1.519 |    1.659 | 
     | U8133                | C1 v -> ZN ^ | OAI211_X1 | 0.029 |   1.548 |    1.688 | 
     | U8138                | A1 ^ -> ZN ^ | AND2_X1   | 0.050 |   1.598 |    1.738 | 
     | U8158                | B2 ^ -> ZN v | OAI21_X1  | 0.023 |   1.621 |    1.761 | 
     | U4701                | A1 v -> ZN v | OR2_X1    | 0.045 |   1.666 |    1.807 | 
     | U4390                | C1 v -> ZN ^ | OAI211_X1 | 0.081 |   1.747 |    1.888 | 
     | U4606                | B1 ^ -> ZN v | AOI21_X1  | 0.036 |   1.784 |    1.924 | 
     | U3662                | A1 v -> ZN v | OR2_X1    | 0.067 |   1.850 |    1.990 | 
     | U4716                | A1 v -> ZN ^ | NAND2_X1  | 0.019 |   1.869 |    2.009 | 
     | U4717                | A1 ^ -> ZN v | NAND3_X1  | 0.017 |   1.885 |    2.026 | 
     | U9290                | B2 v -> ZN ^ | OAI21_X1  | 0.032 |   1.917 |    2.057 | 
     | p_reg_Y_temp_reg_58_ | D ^          | DFFS_X1   | 0.000 |   1.917 |    2.057 | 
     +------------------------------------------------------------------------------+ 
Path 3: MET Setup Check with Pin p_reg_Y_temp_reg_55_/CK 
Endpoint:   p_reg_Y_temp_reg_55_/D (^) checked with  leading edge of 'CLK'
Beginpoint: B_reg_Y_temp_reg_11_/Q (v) triggered by  leading edge of 'CLK'
Path Groups: {CLK}
Analysis View: default
Other End Arrival Time          0.064
- Setup                         0.030
+ Phase Shift                   2.075
+ CPPR Adjustment               0.000
- Uncertainty                   0.050
= Required Time                 2.059
- Arrival Time                  1.918
= Slack Time                    0.141
     Clock Rise Edge                 0.000
     + Clock Network Latency (Prop)  0.045
     = Beginpoint Arrival Time       0.045
     +------------------------------------------------------------------------------+ 
     |       Instance       |     Arc      |   Cell    | Delay | Arrival | Required | 
     |                      |              |           |       |  Time   |   Time   | 
     |----------------------+--------------+-----------+-------+---------+----------| 
     | B_reg_Y_temp_reg_11_ | CK ^         |           |       |   0.045 |    0.186 | 
     | B_reg_Y_temp_reg_11_ | CK ^ -> Q v  | DFF_X1    | 0.095 |   0.140 |    0.281 | 
     | U4872                | A1 v -> ZN ^ | NAND2_X1  | 0.023 |   0.162 |    0.304 | 
     | U4873                | A1 ^ -> ZN v | NAND2_X1  | 0.081 |   0.243 |    0.384 | 
     | U3647                | B v -> ZN v  | XNOR2_X1  | 0.072 |   0.315 |    0.456 | 
     | FE_OFC26_n4528       | A v -> Z v   | CLKBUF_X1 | 0.133 |   0.448 |    0.589 | 
     | U5009                | B v -> ZN v  | XNOR2_X1  | 0.070 |   0.517 |    0.659 | 
     | FE_OFC36_n8335       | A v -> Z v   | CLKBUF_X1 | 0.121 |   0.638 |    0.779 | 
     | U6853                | A v -> ZN ^  | XNOR2_X1  | 0.113 |   0.751 |    0.892 | 
     | U6854                | A ^ -> ZN ^  | XNOR2_X1  | 0.052 |   0.803 |    0.944 | 
     | FE_OFC39_n8559       | A ^ -> Z ^   | CLKBUF_X1 | 0.099 |   0.901 |    1.043 | 
     | U7455                | A ^ -> ZN v  | INV_X1    | 0.033 |   0.935 |    1.076 | 
     | U7456                | B v -> ZN v  | XNOR2_X1  | 0.049 |   0.983 |    1.124 | 
     | U7457                | CI v -> S ^  | FA_X1     | 0.124 |   1.107 |    1.248 | 
     | U4424                | B ^ -> ZN ^  | XNOR2_X1  | 0.044 |   1.151 |    1.292 | 
     | U4384                | B ^ -> ZN ^  | XNOR2_X1  | 0.044 |   1.196 |    1.337 | 
     | U4383                | A ^ -> ZN ^  | XNOR2_X1  | 0.059 |   1.255 |    1.396 | 
     | U3879                | A2 ^ -> ZN ^ | OR2_X1    | 0.045 |   1.300 |    1.441 | 
     | U7619                | A2 ^ -> ZN ^ | AND2_X1   | 0.045 |   1.345 |    1.486 | 
     | U8106                | A3 ^ -> ZN ^ | AND3_X1   | 0.054 |   1.399 |    1.540 | 
     | U8115                | C2 ^ -> ZN v | OAI211_X1 | 0.025 |   1.424 |    1.565 | 
     | U4683                | A1 v -> ZN ^ | NAND2_X1  | 0.024 |   1.448 |    1.589 | 
     | U8123                | A1 ^ -> ZN v | NAND4_X1  | 0.024 |   1.472 |    1.613 | 
     | U4691                | A2 v -> ZN v | AND2_X1   | 0.047 |   1.519 |    1.660 | 
     | U8133                | C1 v -> ZN ^ | OAI211_X1 | 0.029 |   1.548 |    1.689 | 
     | U8138                | A1 ^ -> ZN ^ | AND2_X1   | 0.050 |   1.598 |    1.739 | 
     | U8158                | B2 ^ -> ZN v | OAI21_X1  | 0.023 |   1.621 |    1.762 | 
     | U4701                | A1 v -> ZN v | OR2_X1    | 0.045 |   1.666 |    1.807 | 
     | U4390                | C1 v -> ZN ^ | OAI211_X1 | 0.081 |   1.747 |    1.888 | 
     | U9050                | A1 ^ -> ZN ^ | AND2_X1   | 0.046 |   1.793 |    1.934 | 
     | U4603                | B1 ^ -> ZN v | OAI21_X1  | 0.017 |   1.810 |    1.951 | 
     | U9064                | A1 v -> ZN ^ | NAND2_X1  | 0.023 |   1.833 |    1.974 | 
     | U4810                | B1 ^ -> ZN v | OAI21_X1  | 0.017 |   1.850 |    1.991 | 
     | U9067                | A v -> ZN v  | XNOR2_X1  | 0.041 |   1.891 |    2.032 | 
     | U9289                | B1 v -> ZN ^ | OAI21_X1  | 0.027 |   1.918 |    2.059 | 
     | p_reg_Y_temp_reg_55_ | D ^          | DFFS_X1   | 0.000 |   1.918 |    2.059 | 
     +------------------------------------------------------------------------------+ 
Path 4: MET Setup Check with Pin p_reg_Y_temp_reg_52_/CK 
Endpoint:   p_reg_Y_temp_reg_52_/D (^) checked with  leading edge of 'CLK'
Beginpoint: B_reg_Y_temp_reg_11_/Q (v) triggered by  leading edge of 'CLK'
Path Groups: {CLK}
Analysis View: default
Other End Arrival Time          0.064
- Setup                         0.031
+ Phase Shift                   2.075
+ CPPR Adjustment               0.000
- Uncertainty                   0.050
= Required Time                 2.057
- Arrival Time                  1.915
= Slack Time                    0.142
     Clock Rise Edge                 0.000
     + Clock Network Latency (Prop)  0.045
     = Beginpoint Arrival Time       0.045
     +------------------------------------------------------------------------------+ 
     |       Instance       |     Arc      |   Cell    | Delay | Arrival | Required | 
     |                      |              |           |       |  Time   |   Time   | 
     |----------------------+--------------+-----------+-------+---------+----------| 
     | B_reg_Y_temp_reg_11_ | CK ^         |           |       |   0.045 |    0.187 | 
     | B_reg_Y_temp_reg_11_ | CK ^ -> Q v  | DFF_X1    | 0.095 |   0.140 |    0.282 | 
     | U4872                | A1 v -> ZN ^ | NAND2_X1  | 0.023 |   0.162 |    0.304 | 
     | U4873                | A1 ^ -> ZN v | NAND2_X1  | 0.081 |   0.243 |    0.385 | 
     | U3647                | B v -> ZN v  | XNOR2_X1  | 0.072 |   0.315 |    0.457 | 
     | FE_OFC26_n4528       | A v -> Z v   | CLKBUF_X1 | 0.133 |   0.448 |    0.590 | 
     | U5009                | B v -> ZN v  | XNOR2_X1  | 0.070 |   0.517 |    0.659 | 
     | FE_OFC36_n8335       | A v -> Z v   | CLKBUF_X1 | 0.121 |   0.638 |    0.780 | 
     | U6853                | A v -> ZN ^  | XNOR2_X1  | 0.113 |   0.751 |    0.893 | 
     | U6854                | A ^ -> ZN ^  | XNOR2_X1  | 0.052 |   0.803 |    0.944 | 
     | FE_OFC39_n8559       | A ^ -> Z ^   | CLKBUF_X1 | 0.099 |   0.901 |    1.043 | 
     | U7455                | A ^ -> ZN v  | INV_X1    | 0.033 |   0.935 |    1.076 | 
     | U7456                | B v -> ZN v  | XNOR2_X1  | 0.049 |   0.983 |    1.125 | 
     | U7457                | CI v -> S ^  | FA_X1     | 0.124 |   1.107 |    1.249 | 
     | U4424                | B ^ -> ZN ^  | XNOR2_X1  | 0.044 |   1.151 |    1.293 | 
     | U4384                | B ^ -> ZN ^  | XNOR2_X1  | 0.044 |   1.196 |    1.337 | 
     | U4383                | A ^ -> ZN ^  | XNOR2_X1  | 0.059 |   1.255 |    1.396 | 
     | U3879                | A2 ^ -> ZN ^ | OR2_X1    | 0.045 |   1.300 |    1.441 | 
     | U7619                | A2 ^ -> ZN ^ | AND2_X1   | 0.045 |   1.345 |    1.487 | 
     | U8106                | A3 ^ -> ZN ^ | AND3_X1   | 0.054 |   1.399 |    1.541 | 
     | U8115                | C2 ^ -> ZN v | OAI211_X1 | 0.025 |   1.424 |    1.566 | 
     | U4683                | A1 v -> ZN ^ | NAND2_X1  | 0.024 |   1.448 |    1.590 | 
     | U8123                | A1 ^ -> ZN v | NAND4_X1  | 0.024 |   1.472 |    1.614 | 
     | U4691                | A2 v -> ZN v | AND2_X1   | 0.047 |   1.519 |    1.660 | 
     | U8133                | C1 v -> ZN ^ | OAI211_X1 | 0.029 |   1.548 |    1.689 | 
     | U8138                | A1 ^ -> ZN ^ | AND2_X1   | 0.050 |   1.598 |    1.739 | 
     | U8158                | B2 ^ -> ZN v | OAI21_X1  | 0.023 |   1.621 |    1.763 | 
     | U4701                | A1 v -> ZN v | OR2_X1    | 0.045 |   1.666 |    1.808 | 
     | U4390                | C1 v -> ZN ^ | OAI211_X1 | 0.081 |   1.747 |    1.889 | 
     | U9050                | A1 ^ -> ZN ^ | AND2_X1   | 0.046 |   1.793 |    1.935 | 
     | U4603                | B1 ^ -> ZN v | OAI21_X1  | 0.017 |   1.810 |    1.952 | 
     | U9052                | A1 v -> ZN v | AND2_X1   | 0.036 |   1.846 |    1.988 | 
     | U9055                | A v -> ZN v  | XNOR2_X1  | 0.039 |   1.885 |    2.027 | 
     | U9288                | B2 v -> ZN ^ | OAI21_X1  | 0.030 |   1.915 |    2.057 | 
     | p_reg_Y_temp_reg_52_ | D ^          | DFFS_X1   | 0.000 |   1.915 |    2.057 | 
     +------------------------------------------------------------------------------+ 
Path 5: MET Setup Check with Pin p_reg_Y_temp_reg_59_/CK 
Endpoint:   p_reg_Y_temp_reg_59_/D (^) checked with  leading edge of 'CLK'
Beginpoint: B_reg_Y_temp_reg_11_/Q (v) triggered by  leading edge of 'CLK'
Path Groups: {CLK}
Analysis View: default
Other End Arrival Time          0.065
- Setup                         0.029
+ Phase Shift                   2.075
+ CPPR Adjustment               0.000
- Uncertainty                   0.050
= Required Time                 2.061
- Arrival Time                  1.919
= Slack Time                    0.142
     Clock Rise Edge                 0.000
     + Clock Network Latency (Prop)  0.045
     = Beginpoint Arrival Time       0.045
     +------------------------------------------------------------------------------+ 
     |       Instance       |     Arc      |   Cell    | Delay | Arrival | Required | 
     |                      |              |           |       |  Time   |   Time   | 
     |----------------------+--------------+-----------+-------+---------+----------| 
     | B_reg_Y_temp_reg_11_ | CK ^         |           |       |   0.045 |    0.187 | 
     | B_reg_Y_temp_reg_11_ | CK ^ -> Q v  | DFF_X1    | 0.095 |   0.140 |    0.282 | 
     | U4872                | A1 v -> ZN ^ | NAND2_X1  | 0.023 |   0.162 |    0.304 | 
     | U4873                | A1 ^ -> ZN v | NAND2_X1  | 0.081 |   0.243 |    0.385 | 
     | U3647                | B v -> ZN v  | XNOR2_X1  | 0.072 |   0.315 |    0.457 | 
     | FE_OFC26_n4528       | A v -> Z v   | CLKBUF_X1 | 0.133 |   0.448 |    0.590 | 
     | U5009                | B v -> ZN v  | XNOR2_X1  | 0.070 |   0.517 |    0.659 | 
     | FE_OFC36_n8335       | A v -> Z v   | CLKBUF_X1 | 0.121 |   0.638 |    0.780 | 
     | U6853                | A v -> ZN ^  | XNOR2_X1  | 0.113 |   0.751 |    0.893 | 
     | U6854                | A ^ -> ZN ^  | XNOR2_X1  | 0.052 |   0.803 |    0.944 | 
     | FE_OFC39_n8559       | A ^ -> Z ^   | CLKBUF_X1 | 0.099 |   0.901 |    1.043 | 
     | U7455                | A ^ -> ZN v  | INV_X1    | 0.033 |   0.935 |    1.076 | 
     | U7456                | B v -> ZN v  | XNOR2_X1  | 0.049 |   0.983 |    1.125 | 
     | U7457                | CI v -> S ^  | FA_X1     | 0.124 |   1.107 |    1.249 | 
     | U4424                | B ^ -> ZN ^  | XNOR2_X1  | 0.044 |   1.151 |    1.293 | 
     | U4384                | B ^ -> ZN ^  | XNOR2_X1  | 0.044 |   1.196 |    1.337 | 
     | U4383                | A ^ -> ZN ^  | XNOR2_X1  | 0.059 |   1.255 |    1.396 | 
     | U3879                | A2 ^ -> ZN ^ | OR2_X1    | 0.045 |   1.300 |    1.442 | 
     | U7619                | A2 ^ -> ZN ^ | AND2_X1   | 0.045 |   1.345 |    1.487 | 
     | U8106                | A3 ^ -> ZN ^ | AND3_X1   | 0.054 |   1.399 |    1.541 | 
     | U8115                | C2 ^ -> ZN v | OAI211_X1 | 0.025 |   1.424 |    1.566 | 
     | U4683                | A1 v -> ZN ^ | NAND2_X1  | 0.024 |   1.448 |    1.590 | 
     | U8123                | A1 ^ -> ZN v | NAND4_X1  | 0.024 |   1.472 |    1.614 | 
     | U4691                | A2 v -> ZN v | AND2_X1   | 0.047 |   1.519 |    1.661 | 
     | U8133                | C1 v -> ZN ^ | OAI211_X1 | 0.029 |   1.548 |    1.690 | 
     | U8138                | A1 ^ -> ZN ^ | AND2_X1   | 0.050 |   1.598 |    1.739 | 
     | U8158                | B2 ^ -> ZN v | OAI21_X1  | 0.023 |   1.621 |    1.763 | 
     | U4701                | A1 v -> ZN v | OR2_X1    | 0.045 |   1.666 |    1.808 | 
     | U4390                | C1 v -> ZN ^ | OAI211_X1 | 0.081 |   1.747 |    1.889 | 
     | U4606                | B1 ^ -> ZN v | AOI21_X1  | 0.036 |   1.784 |    1.925 | 
     | U3662                | A1 v -> ZN v | OR2_X1    | 0.067 |   1.850 |    1.992 | 
     | U4715                | A1 v -> ZN ^ | NAND2_X1  | 0.021 |   1.871 |    2.013 | 
     | U4728                | B2 ^ -> ZN v | OAI21_X1  | 0.017 |   1.888 |    2.030 | 
     | U9291                | B2 v -> ZN ^ | OAI21_X1  | 0.031 |   1.919 |    2.061 | 
     | p_reg_Y_temp_reg_59_ | D ^          | DFF_X1    | 0.000 |   1.919 |    2.061 | 
     +------------------------------------------------------------------------------+ 
Path 6: MET Setup Check with Pin p_reg_Y_temp_reg_63_/CK 
Endpoint:   p_reg_Y_temp_reg_63_/D (^) checked with  leading edge of 'CLK'
Beginpoint: B_reg_Y_temp_reg_11_/Q (v) triggered by  leading edge of 'CLK'
Path Groups: {CLK}
Analysis View: default
Other End Arrival Time          0.063
- Setup                         0.027
+ Phase Shift                   2.075
+ CPPR Adjustment               0.000
- Uncertainty                   0.050
= Required Time                 2.060
- Arrival Time                  1.913
= Slack Time                    0.147
     Clock Rise Edge                 0.000
     + Clock Network Latency (Prop)  0.045
     = Beginpoint Arrival Time       0.045
     +------------------------------------------------------------------------------+ 
     |       Instance       |     Arc      |   Cell    | Delay | Arrival | Required | 
     |                      |              |           |       |  Time   |   Time   | 
     |----------------------+--------------+-----------+-------+---------+----------| 
     | B_reg_Y_temp_reg_11_ | CK ^         |           |       |   0.045 |    0.192 | 
     | B_reg_Y_temp_reg_11_ | CK ^ -> Q v  | DFF_X1    | 0.095 |   0.140 |    0.287 | 
     | U4872                | A1 v -> ZN ^ | NAND2_X1  | 0.023 |   0.162 |    0.309 | 
     | U4873                | A1 ^ -> ZN v | NAND2_X1  | 0.081 |   0.243 |    0.390 | 
     | U3647                | B v -> ZN v  | XNOR2_X1  | 0.072 |   0.315 |    0.462 | 
     | FE_OFC26_n4528       | A v -> Z v   | CLKBUF_X1 | 0.133 |   0.448 |    0.594 | 
     | U5009                | B v -> ZN v  | XNOR2_X1  | 0.070 |   0.517 |    0.664 | 
     | FE_OFC36_n8335       | A v -> Z v   | CLKBUF_X1 | 0.121 |   0.638 |    0.785 | 
     | U6853                | A v -> ZN ^  | XNOR2_X1  | 0.113 |   0.751 |    0.897 | 
     | U6854                | A ^ -> ZN ^  | XNOR2_X1  | 0.052 |   0.803 |    0.949 | 
     | FE_OFC39_n8559       | A ^ -> Z ^   | CLKBUF_X1 | 0.099 |   0.901 |    1.048 | 
     | U7455                | A ^ -> ZN v  | INV_X1    | 0.033 |   0.935 |    1.081 | 
     | U7456                | B v -> ZN v  | XNOR2_X1  | 0.049 |   0.983 |    1.130 | 
     | U7457                | CI v -> S ^  | FA_X1     | 0.124 |   1.107 |    1.253 | 
     | U4424                | B ^ -> ZN ^  | XNOR2_X1  | 0.044 |   1.151 |    1.298 | 
     | U4384                | B ^ -> ZN ^  | XNOR2_X1  | 0.044 |   1.196 |    1.342 | 
     | U4383                | A ^ -> ZN ^  | XNOR2_X1  | 0.059 |   1.255 |    1.401 | 
     | U3879                | A2 ^ -> ZN ^ | OR2_X1    | 0.045 |   1.300 |    1.446 | 
     | U7619                | A2 ^ -> ZN ^ | AND2_X1   | 0.045 |   1.345 |    1.491 | 
     | U8106                | A3 ^ -> ZN ^ | AND3_X1   | 0.054 |   1.399 |    1.545 | 
     | U8115                | C2 ^ -> ZN v | OAI211_X1 | 0.025 |   1.424 |    1.570 | 
     | U4683                | A1 v -> ZN ^ | NAND2_X1  | 0.024 |   1.448 |    1.595 | 
     | U8123                | A1 ^ -> ZN v | NAND4_X1  | 0.024 |   1.472 |    1.619 | 
     | U4691                | A2 v -> ZN v | AND2_X1   | 0.047 |   1.519 |    1.665 | 
     | U8133                | C1 v -> ZN ^ | OAI211_X1 | 0.029 |   1.548 |    1.694 | 
     | U8138                | A1 ^ -> ZN ^ | AND2_X1   | 0.050 |   1.598 |    1.744 | 
     | U8158                | B2 ^ -> ZN v | OAI21_X1  | 0.023 |   1.621 |    1.768 | 
     | U4701                | A1 v -> ZN v | OR2_X1    | 0.045 |   1.666 |    1.813 | 
     | U4390                | C1 v -> ZN ^ | OAI211_X1 | 0.081 |   1.747 |    1.894 | 
     | U4606                | B1 ^ -> ZN v | AOI21_X1  | 0.036 |   1.784 |    1.930 | 
     | U8325                | A v -> ZN ^  | INV_X1    | 0.024 |   1.807 |    1.954 | 
     | U4209                | A1 ^ -> ZN v | NAND2_X1  | 0.015 |   1.822 |    1.969 | 
     | U4702                | A1 v -> ZN v | AND2_X1   | 0.033 |   1.855 |    2.001 | 
     | U9293                | A2 v -> ZN v | AND2_X1   | 0.030 |   1.885 |    2.032 | 
     | U9294                | B2 v -> ZN ^ | OAI21_X1  | 0.028 |   1.913 |    2.060 | 
     | p_reg_Y_temp_reg_63_ | D ^          | DFFS_X1   | 0.000 |   1.913 |    2.060 | 
     +------------------------------------------------------------------------------+ 
Path 7: MET Setup Check with Pin p_reg_Y_temp_reg_57_/CK 
Endpoint:   p_reg_Y_temp_reg_57_/D (^) checked with  leading edge of 'CLK'
Beginpoint: B_reg_Y_temp_reg_11_/Q (v) triggered by  leading edge of 'CLK'
Path Groups: {CLK}
Analysis View: default
Other End Arrival Time          0.065
- Setup                         0.026
+ Phase Shift                   2.075
+ CPPR Adjustment               0.000
- Uncertainty                   0.050
= Required Time                 2.064
- Arrival Time                  1.913
= Slack Time                    0.151
     Clock Rise Edge                 0.000
     + Clock Network Latency (Prop)  0.045
     = Beginpoint Arrival Time       0.045
     +------------------------------------------------------------------------------+ 
     |       Instance       |     Arc      |   Cell    | Delay | Arrival | Required | 
     |                      |              |           |       |  Time   |   Time   | 
     |----------------------+--------------+-----------+-------+---------+----------| 
     | B_reg_Y_temp_reg_11_ | CK ^         |           |       |   0.045 |    0.196 | 
     | B_reg_Y_temp_reg_11_ | CK ^ -> Q v  | DFF_X1    | 0.095 |   0.140 |    0.291 | 
     | U4872                | A1 v -> ZN ^ | NAND2_X1  | 0.023 |   0.162 |    0.313 | 
     | U4873                | A1 ^ -> ZN v | NAND2_X1  | 0.081 |   0.243 |    0.394 | 
     | U3647                | B v -> ZN v  | XNOR2_X1  | 0.072 |   0.315 |    0.466 | 
     | FE_OFC26_n4528       | A v -> Z v   | CLKBUF_X1 | 0.133 |   0.448 |    0.598 | 
     | U5009                | B v -> ZN v  | XNOR2_X1  | 0.070 |   0.517 |    0.668 | 
     | FE_OFC36_n8335       | A v -> Z v   | CLKBUF_X1 | 0.121 |   0.638 |    0.789 | 
     | U6853                | A v -> ZN ^  | XNOR2_X1  | 0.113 |   0.751 |    0.901 | 
     | U6854                | A ^ -> ZN ^  | XNOR2_X1  | 0.052 |   0.803 |    0.953 | 
     | FE_OFC39_n8559       | A ^ -> Z ^   | CLKBUF_X1 | 0.099 |   0.901 |    1.052 | 
     | U7455                | A ^ -> ZN v  | INV_X1    | 0.033 |   0.935 |    1.085 | 
     | U7456                | B v -> ZN v  | XNOR2_X1  | 0.049 |   0.983 |    1.134 | 
     | U7457                | CI v -> S ^  | FA_X1     | 0.124 |   1.107 |    1.257 | 
     | U4424                | B ^ -> ZN ^  | XNOR2_X1  | 0.044 |   1.151 |    1.302 | 
     | U4384                | B ^ -> ZN ^  | XNOR2_X1  | 0.044 |   1.196 |    1.346 | 
     | U4383                | A ^ -> ZN ^  | XNOR2_X1  | 0.059 |   1.255 |    1.405 | 
     | U3879                | A2 ^ -> ZN ^ | OR2_X1    | 0.045 |   1.300 |    1.450 | 
     | U7619                | A2 ^ -> ZN ^ | AND2_X1   | 0.045 |   1.345 |    1.495 | 
     | U8106                | A3 ^ -> ZN ^ | AND3_X1   | 0.054 |   1.399 |    1.549 | 
     | U8115                | C2 ^ -> ZN v | OAI211_X1 | 0.025 |   1.424 |    1.574 | 
     | U4683                | A1 v -> ZN ^ | NAND2_X1  | 0.024 |   1.448 |    1.599 | 
     | U8123                | A1 ^ -> ZN v | NAND4_X1  | 0.024 |   1.472 |    1.623 | 
     | U4691                | A2 v -> ZN v | AND2_X1   | 0.047 |   1.519 |    1.669 | 
     | U8133                | C1 v -> ZN ^ | OAI211_X1 | 0.029 |   1.548 |    1.698 | 
     | U8138                | A1 ^ -> ZN ^ | AND2_X1   | 0.050 |   1.598 |    1.748 | 
     | U8158                | B2 ^ -> ZN v | OAI21_X1  | 0.023 |   1.621 |    1.772 | 
     | U4701                | A1 v -> ZN v | OR2_X1    | 0.045 |   1.666 |    1.817 | 
     | U4390                | C1 v -> ZN ^ | OAI211_X1 | 0.081 |   1.747 |    1.898 | 
     | U4606                | B1 ^ -> ZN v | AOI21_X1  | 0.036 |   1.784 |    1.934 | 
     | U3662                | A1 v -> ZN v | OR2_X1    | 0.067 |   1.850 |    2.001 | 
     | U4707                | A1 v -> ZN ^ | NAND3_X1  | 0.019 |   1.870 |    2.020 | 
     | U4445                | B ^ -> ZN v  | OAI211_X1 | 0.027 |   1.897 |    2.047 | 
     | U4114                | A1 v -> ZN ^ | NAND2_X1  | 0.016 |   1.913 |    2.064 | 
     | p_reg_Y_temp_reg_57_ | D ^          | DFFS_X1   | 0.000 |   1.913 |    2.064 | 
     +------------------------------------------------------------------------------+ 
Path 8: MET Setup Check with Pin p_reg_Y_temp_reg_53_/CK 
Endpoint:   p_reg_Y_temp_reg_53_/D (^) checked with  leading edge of 'CLK'
Beginpoint: B_reg_Y_temp_reg_11_/Q (v) triggered by  leading edge of 'CLK'
Path Groups: {CLK}
Analysis View: default
Other End Arrival Time          0.062
- Setup                         0.027
+ Phase Shift                   2.075
+ CPPR Adjustment               0.000
- Uncertainty                   0.050
= Required Time                 2.059
- Arrival Time                  1.907
= Slack Time                    0.152
     Clock Rise Edge                 0.000
     + Clock Network Latency (Prop)  0.045
     = Beginpoint Arrival Time       0.045
     +------------------------------------------------------------------------------+ 
     |       Instance       |     Arc      |   Cell    | Delay | Arrival | Required | 
     |                      |              |           |       |  Time   |   Time   | 
     |----------------------+--------------+-----------+-------+---------+----------| 
     | B_reg_Y_temp_reg_11_ | CK ^         |           |       |   0.045 |    0.197 | 
     | B_reg_Y_temp_reg_11_ | CK ^ -> Q v  | DFF_X1    | 0.095 |   0.140 |    0.292 | 
     | U4872                | A1 v -> ZN ^ | NAND2_X1  | 0.023 |   0.162 |    0.315 | 
     | U4873                | A1 ^ -> ZN v | NAND2_X1  | 0.081 |   0.243 |    0.395 | 
     | U3647                | B v -> ZN v  | XNOR2_X1  | 0.072 |   0.315 |    0.467 | 
     | FE_OFC26_n4528       | A v -> Z v   | CLKBUF_X1 | 0.133 |   0.448 |    0.600 | 
     | U5009                | B v -> ZN v  | XNOR2_X1  | 0.070 |   0.517 |    0.670 | 
     | FE_OFC36_n8335       | A v -> Z v   | CLKBUF_X1 | 0.121 |   0.638 |    0.790 | 
     | U6853                | A v -> ZN ^  | XNOR2_X1  | 0.113 |   0.751 |    0.903 | 
     | U6854                | A ^ -> ZN ^  | XNOR2_X1  | 0.052 |   0.803 |    0.955 | 
     | FE_OFC39_n8559       | A ^ -> Z ^   | CLKBUF_X1 | 0.099 |   0.901 |    1.054 | 
     | U7455                | A ^ -> ZN v  | INV_X1    | 0.033 |   0.935 |    1.087 | 
     | U7456                | B v -> ZN v  | XNOR2_X1  | 0.049 |   0.983 |    1.135 | 
     | U7457                | CI v -> S ^  | FA_X1     | 0.124 |   1.107 |    1.259 | 
     | U4424                | B ^ -> ZN ^  | XNOR2_X1  | 0.044 |   1.151 |    1.303 | 
     | U4384                | B ^ -> ZN ^  | XNOR2_X1  | 0.044 |   1.196 |    1.348 | 
     | U4383                | A ^ -> ZN ^  | XNOR2_X1  | 0.059 |   1.255 |    1.407 | 
     | U3879                | A2 ^ -> ZN ^ | OR2_X1    | 0.045 |   1.300 |    1.452 | 
     | U7619                | A2 ^ -> ZN ^ | AND2_X1   | 0.045 |   1.345 |    1.497 | 
     | U8106                | A3 ^ -> ZN ^ | AND3_X1   | 0.054 |   1.399 |    1.551 | 
     | U8115                | C2 ^ -> ZN v | OAI211_X1 | 0.025 |   1.424 |    1.576 | 
     | U4683                | A1 v -> ZN ^ | NAND2_X1  | 0.024 |   1.448 |    1.600 | 
     | U8123                | A1 ^ -> ZN v | NAND4_X1  | 0.024 |   1.472 |    1.624 | 
     | U4691                | A2 v -> ZN v | AND2_X1   | 0.047 |   1.519 |    1.671 | 
     | U8133                | C1 v -> ZN ^ | OAI211_X1 | 0.029 |   1.548 |    1.700 | 
     | U8138                | A1 ^ -> ZN ^ | AND2_X1   | 0.050 |   1.598 |    1.750 | 
     | U8158                | B2 ^ -> ZN v | OAI21_X1  | 0.023 |   1.621 |    1.773 | 
     | U4701                | A1 v -> ZN v | OR2_X1    | 0.045 |   1.666 |    1.818 | 
     | U4390                | C1 v -> ZN ^ | OAI211_X1 | 0.081 |   1.747 |    1.899 | 
     | U9050                | A1 ^ -> ZN ^ | AND2_X1   | 0.046 |   1.793 |    1.945 | 
     | U4603                | B1 ^ -> ZN v | OAI21_X1  | 0.017 |   1.810 |    1.962 | 
     | U9052                | A1 v -> ZN v | AND2_X1   | 0.036 |   1.846 |    1.998 | 
     | U4709                | A v -> ZN ^  | INV_X1    | 0.013 |   1.859 |    2.011 | 
     | U4035                | A1 ^ -> ZN v | NAND4_X1  | 0.023 |   1.882 |    2.034 | 
     | U4710                | A2 v -> ZN ^ | NAND4_X1  | 0.026 |   1.907 |    2.059 | 
     | p_reg_Y_temp_reg_53_ | D ^          | DFFS_X1   | 0.000 |   1.907 |    2.059 | 
     +------------------------------------------------------------------------------+ 
Path 9: MET Setup Check with Pin p_reg_Y_temp_reg_61_/CK 
Endpoint:   p_reg_Y_temp_reg_61_/D (v) checked with  leading edge of 'CLK'
Beginpoint: B_reg_Y_temp_reg_11_/Q (v) triggered by  leading edge of 'CLK'
Path Groups: {CLK}
Analysis View: default
Other End Arrival Time          0.063
- Setup                         0.028
+ Phase Shift                   2.075
+ CPPR Adjustment               0.000
- Uncertainty                   0.050
= Required Time                 2.060
- Arrival Time                  1.898
= Slack Time                    0.162
     Clock Rise Edge                 0.000
     + Clock Network Latency (Prop)  0.045
     = Beginpoint Arrival Time       0.045
     +------------------------------------------------------------------------------+ 
     |       Instance       |     Arc      |   Cell    | Delay | Arrival | Required | 
     |                      |              |           |       |  Time   |   Time   | 
     |----------------------+--------------+-----------+-------+---------+----------| 
     | B_reg_Y_temp_reg_11_ | CK ^         |           |       |   0.045 |    0.207 | 
     | B_reg_Y_temp_reg_11_ | CK ^ -> Q v  | DFF_X1    | 0.095 |   0.140 |    0.302 | 
     | U4872                | A1 v -> ZN ^ | NAND2_X1  | 0.023 |   0.162 |    0.324 | 
     | U4873                | A1 ^ -> ZN v | NAND2_X1  | 0.081 |   0.243 |    0.405 | 
     | U3647                | B v -> ZN v  | XNOR2_X1  | 0.072 |   0.315 |    0.477 | 
     | FE_OFC26_n4528       | A v -> Z v   | CLKBUF_X1 | 0.133 |   0.448 |    0.610 | 
     | U5009                | B v -> ZN v  | XNOR2_X1  | 0.070 |   0.517 |    0.679 | 
     | FE_OFC36_n8335       | A v -> Z v   | CLKBUF_X1 | 0.121 |   0.638 |    0.800 | 
     | U6853                | A v -> ZN ^  | XNOR2_X1  | 0.113 |   0.751 |    0.913 | 
     | U6854                | A ^ -> ZN ^  | XNOR2_X1  | 0.052 |   0.803 |    0.964 | 
     | FE_OFC39_n8559       | A ^ -> Z ^   | CLKBUF_X1 | 0.099 |   0.901 |    1.063 | 
     | U7455                | A ^ -> ZN v  | INV_X1    | 0.033 |   0.935 |    1.096 | 
     | U7456                | B v -> ZN v  | XNOR2_X1  | 0.049 |   0.983 |    1.145 | 
     | U7457                | CI v -> S ^  | FA_X1     | 0.124 |   1.107 |    1.269 | 
     | U4424                | B ^ -> ZN ^  | XNOR2_X1  | 0.044 |   1.151 |    1.313 | 
     | U4384                | B ^ -> ZN ^  | XNOR2_X1  | 0.044 |   1.196 |    1.357 | 
     | U4383                | A ^ -> ZN ^  | XNOR2_X1  | 0.059 |   1.255 |    1.416 | 
     | U3879                | A2 ^ -> ZN ^ | OR2_X1    | 0.045 |   1.300 |    1.461 | 
     | U7619                | A2 ^ -> ZN ^ | AND2_X1   | 0.045 |   1.345 |    1.507 | 
     | U8106                | A3 ^ -> ZN ^ | AND3_X1   | 0.054 |   1.399 |    1.561 | 
     | U8115                | C2 ^ -> ZN v | OAI211_X1 | 0.025 |   1.424 |    1.586 | 
     | U4683                | A1 v -> ZN ^ | NAND2_X1  | 0.024 |   1.448 |    1.610 | 
     | U8123                | A1 ^ -> ZN v | NAND4_X1  | 0.024 |   1.472 |    1.634 | 
     | U4691                | A2 v -> ZN v | AND2_X1   | 0.047 |   1.519 |    1.681 | 
     | U8133                | C1 v -> ZN ^ | OAI211_X1 | 0.029 |   1.548 |    1.709 | 
     | U8138                | A1 ^ -> ZN ^ | AND2_X1   | 0.050 |   1.598 |    1.759 | 
     | U8158                | B2 ^ -> ZN v | OAI21_X1  | 0.023 |   1.621 |    1.783 | 
     | U4701                | A1 v -> ZN v | OR2_X1    | 0.045 |   1.666 |    1.828 | 
     | U4390                | C1 v -> ZN ^ | OAI211_X1 | 0.081 |   1.747 |    1.909 | 
     | U4606                | B1 ^ -> ZN v | AOI21_X1  | 0.036 |   1.784 |    1.945 | 
     | U8325                | A v -> ZN ^  | INV_X1    | 0.024 |   1.807 |    1.969 | 
     | U3996                | A1 ^ -> ZN v | NAND2_X1  | 0.024 |   1.831 |    1.993 | 
     | U4720                | A1 v -> ZN ^ | NAND3_X1  | 0.017 |   1.848 |    2.010 | 
     | U9292                | A1 ^ -> ZN ^ | OR2_X1    | 0.024 |   1.872 |    2.034 | 
     | U4696                | A2 ^ -> ZN v | NAND4_X1  | 0.026 |   1.898 |    2.060 | 
     | p_reg_Y_temp_reg_61_ | D v          | DFFS_X1   | 0.000 |   1.898 |    2.060 | 
     +------------------------------------------------------------------------------+ 
Path 10: MET Setup Check with Pin p_reg_Y_temp_reg_54_/CK 
Endpoint:   p_reg_Y_temp_reg_54_/D (v) checked with  leading edge of 'CLK'
Beginpoint: B_reg_Y_temp_reg_11_/Q (v) triggered by  leading edge of 'CLK'
Path Groups: {CLK}
Analysis View: default
Other End Arrival Time          0.064
- Setup                         0.033
+ Phase Shift                   2.075
+ CPPR Adjustment               0.000
- Uncertainty                   0.050
= Required Time                 2.056
- Arrival Time                  1.894
= Slack Time                    0.162
     Clock Rise Edge                 0.000
     + Clock Network Latency (Prop)  0.045
     = Beginpoint Arrival Time       0.045
     +------------------------------------------------------------------------------+ 
     |       Instance       |     Arc      |   Cell    | Delay | Arrival | Required | 
     |                      |              |           |       |  Time   |   Time   | 
     |----------------------+--------------+-----------+-------+---------+----------| 
     | B_reg_Y_temp_reg_11_ | CK ^         |           |       |   0.045 |    0.207 | 
     | B_reg_Y_temp_reg_11_ | CK ^ -> Q v  | DFF_X1    | 0.095 |   0.140 |    0.302 | 
     | U4872                | A1 v -> ZN ^ | NAND2_X1  | 0.023 |   0.162 |    0.324 | 
     | U4873                | A1 ^ -> ZN v | NAND2_X1  | 0.081 |   0.243 |    0.405 | 
     | U3647                | B v -> ZN v  | XNOR2_X1  | 0.072 |   0.315 |    0.477 | 
     | FE_OFC26_n4528       | A v -> Z v   | CLKBUF_X1 | 0.133 |   0.448 |    0.610 | 
     | U5009                | B v -> ZN v  | XNOR2_X1  | 0.070 |   0.517 |    0.679 | 
     | FE_OFC36_n8335       | A v -> Z v   | CLKBUF_X1 | 0.121 |   0.638 |    0.800 | 
     | U6853                | A v -> ZN ^  | XNOR2_X1  | 0.113 |   0.751 |    0.913 | 
     | U6854                | A ^ -> ZN ^  | XNOR2_X1  | 0.052 |   0.803 |    0.965 | 
     | FE_OFC39_n8559       | A ^ -> Z ^   | CLKBUF_X1 | 0.099 |   0.901 |    1.063 | 
     | U7455                | A ^ -> ZN v  | INV_X1    | 0.033 |   0.935 |    1.097 | 
     | U7456                | B v -> ZN v  | XNOR2_X1  | 0.049 |   0.983 |    1.145 | 
     | U7457                | CI v -> S ^  | FA_X1     | 0.124 |   1.107 |    1.269 | 
     | U4424                | B ^ -> ZN ^  | XNOR2_X1  | 0.044 |   1.151 |    1.313 | 
     | U4384                | B ^ -> ZN ^  | XNOR2_X1  | 0.044 |   1.196 |    1.358 | 
     | U4383                | A ^ -> ZN ^  | XNOR2_X1  | 0.059 |   1.255 |    1.417 | 
     | U3879                | A2 ^ -> ZN ^ | OR2_X1    | 0.045 |   1.300 |    1.462 | 
     | U7619                | A2 ^ -> ZN ^ | AND2_X1   | 0.045 |   1.345 |    1.507 | 
     | U8106                | A3 ^ -> ZN ^ | AND3_X1   | 0.054 |   1.399 |    1.561 | 
     | U8115                | C2 ^ -> ZN v | OAI211_X1 | 0.025 |   1.424 |    1.586 | 
     | U4683                | A1 v -> ZN ^ | NAND2_X1  | 0.024 |   1.448 |    1.610 | 
     | U8123                | A1 ^ -> ZN v | NAND4_X1  | 0.024 |   1.472 |    1.634 | 
     | U4691                | A2 v -> ZN v | AND2_X1   | 0.047 |   1.519 |    1.681 | 
     | U8133                | C1 v -> ZN ^ | OAI211_X1 | 0.029 |   1.548 |    1.710 | 
     | U8138                | A1 ^ -> ZN ^ | AND2_X1   | 0.050 |   1.598 |    1.760 | 
     | U8158                | B2 ^ -> ZN v | OAI21_X1  | 0.023 |   1.621 |    1.783 | 
     | U4701                | A1 v -> ZN v | OR2_X1    | 0.045 |   1.666 |    1.828 | 
     | U4390                | C1 v -> ZN ^ | OAI211_X1 | 0.081 |   1.747 |    1.909 | 
     | U9050                | A1 ^ -> ZN ^ | AND2_X1   | 0.046 |   1.793 |    1.955 | 
     | U4603                | B1 ^ -> ZN v | OAI21_X1  | 0.017 |   1.810 |    1.972 | 
     | U9064                | A1 v -> ZN ^ | NAND2_X1  | 0.023 |   1.833 |    1.995 | 
     | U9065                | A ^ -> ZN ^  | XNOR2_X1  | 0.042 |   1.875 |    2.037 | 
     | U3661                | B2 ^ -> ZN v | OAI21_X1  | 0.020 |   1.894 |    2.056 | 
     | p_reg_Y_temp_reg_54_ | D v          | DFFS_X1   | 0.000 |   1.894 |    2.056 | 
     +------------------------------------------------------------------------------+ 

