 
****************************************
Report : area
Design : boothmul_registered
Version: W-2024.09-SP2
Date   : Wed Sep 30 22:05:24 2026
****************************************

Library(s) Used:

    NangateOpenCellLibrary (File: /home/repository/do/libnandgate/NangateOpenCellLibrary_typical_ecsm.db)

Number of ports:                          131
Number of nets:                          5940
Number of cells:                         5348
Number of combinational cells:           5218
Number of sequential cells:               128
Number of macros/black boxes:               0
Number of buf/inv:                        998
Number of references:                      40

Combinational area:               6982.765992
Buf/Inv area:                      586.530001
Noncombinational area:             594.509981
Macro/Black Box area:                0.000000
Net Interconnect area:      undefined  (Wire load has zero net area)

Total cell area:                  7577.275973
Total area:                 undefined
1
