 
****************************************
Report : area
Design : boothmul_registered
Version: W-2024.09-SP2
Date   : Tue Sep 15 19:19:36 2026
****************************************

Library(s) Used:

    NangateOpenCellLibrary (File: /home/repository/do/libnandgate/NangateOpenCellLibrary_typical_ecsm.db)

Number of ports:                          131
Number of nets:                          4452
Number of cells:                         3784
Number of combinational cells:           3655
Number of sequential cells:               128
Number of macros/black boxes:               0
Number of buf/inv:                        402
Number of references:                      35

Combinational area:               5709.690003
Buf/Inv area:                      216.258002
Noncombinational area:             583.337981
Macro/Black Box area:                0.000000
Net Interconnect area:      undefined  (Wire load has zero net area)

Total cell area:                  6293.027984
Total area:                 undefined
1
