 
****************************************
Report : area
Design : boothmul_registered
Version: W-2024.09-SP2
Date   : Wed Sep 30 22:05:17 2026
****************************************

Library(s) Used:

    NangateOpenCellLibrary (File: /home/repository/do/libnandgate/NangateOpenCellLibrary_typical_ecsm.db)

Number of ports:                          131
Number of nets:                          6138
Number of cells:                         5554
Number of combinational cells:           5424
Number of sequential cells:               128
Number of macros/black boxes:               0
Number of buf/inv:                       1054
Number of references:                      44

Combinational area:               7168.433985
Buf/Inv area:                      653.296000
Noncombinational area:             597.169981
Macro/Black Box area:                0.000000
Net Interconnect area:      undefined  (Wire load has zero net area)

Total cell area:                  7765.603966
Total area:                 undefined
1
