Information: Propagating switching activity (low effort zero delay simulation). (PWR-6)
Warning: The derived toggle rate value (1.111111) for the clock net 'CLK' conflicts with the annotated value (0.828500). Using the annotated value. (PWR-12)
 
****************************************
Report : power
        -analysis_effort low
Design : boothmul_registered
Version: W-2024.09-SP2
Date   : Wed Sep 30 22:05:20 2026
****************************************


Library(s) Used:

    NangateOpenCellLibrary (File: /home/repository/do/libnandgate/NangateOpenCellLibrary_typical_ecsm.db)


Operating Conditions: typical   Library: NangateOpenCellLibrary
Wire Load Model Mode: top

Design        Wire Load Model            Library
------------------------------------------------
boothmul_registered    5K_hvratio_1_4    NangateOpenCellLibrary


Global Operating Voltage = 1.1  
Power-specific unit information :
    Voltage Units = 1V
    Capacitance Units = 1.000000ff
    Time Units = 1ns
    Dynamic Power Units = 1uW    (derived from V,C,T units)
    Leakage Power Units = 1nW


Attributes
----------
i - Including register clock pin internal power


  Cell Internal Power  = 3.636014 mW   (55%)
  Net Switching Power  = 3.012898 mW   (45%)
                         ---------
Total Dynamic Power    = 6.648912 mW  (100%)

Cell Leakage Power     = 166.7339 uW


                 Internal         Switching           Leakage            Total
Power Group      Power            Power               Power              Power   (   %    )  Attrs
--------------------------------------------------------------------------------------------------
io_pad           0.000000          0.000000          0.000000          0.000000  (   0.00%)
memory           0.000000          0.000000          0.000000          0.000000  (   0.00%)
black_box        0.000000          0.000000          0.000000          0.000000  (   0.00%)
clock_network  262.356628          0.000000          0.000000        262.356628  (   3.85%)  i
register       227.383484        129.490646        1.072358e+04        367.597626
                                                                                 (   5.39%)
sequential       0.000000          0.000000          0.000000          0.000000  (   0.00%)
combinational  3.146272e+03        2.883411e+03        1.560104e+05        6.185694e+03
                                                                                 (  90.76%)
--------------------------------------------------------------------------------------------------
Total          3.636012e+03 uW     3.012901e+03 uW     1.667340e+05 nW     6.815648e+03 uW
1
