Information: Propagating switching activity (low effort zero delay simulation). (PWR-6)
Warning: The derived toggle rate value (1.538462) for the clock net 'CLK' conflicts with the annotated value (0.998004). Using the annotated value. (PWR-12)
 
****************************************
Report : power
        -analysis_effort low
Design : boothmul_registered
Version: W-2024.09-SP2
Date   : Wed Sep 30 22:05:12 2026
****************************************


Library(s) Used:

    NangateOpenCellLibrary (File: /home/repository/do/libnandgate/NangateOpenCellLibrary_typical_ecsm.db)


Operating Conditions: typical   Library: NangateOpenCellLibrary
Wire Load Model Mode: top

Design        Wire Load Model            Library
------------------------------------------------
boothmul_registered    5K_hvratio_1_4    NangateOpenCellLibrary


Global Operating Voltage = 1.1  
Power-specific unit information :
    Voltage Units = 1V
    Capacitance Units = 1.000000ff
    Time Units = 1ns
    Dynamic Power Units = 1uW    (derived from V,C,T units)
    Leakage Power Units = 1nW


Attributes
----------
i - Including register clock pin internal power


  Cell Internal Power  = 4.041018 mW   (54%)
  Net Switching Power  = 3.471025 mW   (46%)
                         ---------
Total Dynamic Power    = 7.512043 mW  (100%)

Cell Leakage Power     = 181.9364 uW


                 Internal         Switching           Leakage            Total
Power Group      Power            Power               Power              Power   (   %    )  Attrs
--------------------------------------------------------------------------------------------------
io_pad           0.000000          0.000000          0.000000          0.000000  (   0.00%)
memory           0.000000          0.000000          0.000000          0.000000  (   0.00%)
black_box        0.000000          0.000000          0.000000          0.000000  (   0.00%)
clock_network  316.037292          0.000000          0.000000        316.037292  (   4.11%)  i
register       259.126892        147.204514        1.058542e+04        416.916931
                                                                                 (   5.42%)
sequential       0.000000          0.000000          0.000000          0.000000  (   0.00%)
combinational  3.465854e+03        3.323821e+03        1.713510e+05        6.961026e+03
                                                                                 (  90.47%)
--------------------------------------------------------------------------------------------------
Total          4.041018e+03 uW     3.471025e+03 uW     1.819364e+05 nW     7.693980e+03 uW
1
