###############################################################
#  Generated by:      Cadence Innovus 23.35-s106_1
#  OS:                Linux x86_64(Host ID microsys.openstack.polito)
#  Generated on:      Sat Oct 10 19:13:27 2026
#  Design:            boothmul_registered
#  Command:           report_ccopt_skew_groups -file reports/05_skew_groups.rpt
###############################################################

Skew Group Structure:
=====================

-----------------------------------------------------------------------------
Skew Group                Sources    Constrained Sinks    Unconstrained Sinks
-----------------------------------------------------------------------------
CLK/coherent-synthesis       1              128                    0
-----------------------------------------------------------------------------

Skew Group Summary:
===================

---------------------------------------------------------------------------------------------------------------------------------------------------------------------------
Timing Corner         Skew Group                ID Target    Min ID    Max ID    Avg ID    Std.Dev. ID    Skew Target Type    Skew Target    Skew     Skew window occupancy
---------------------------------------------------------------------------------------------------------------------------------------------------------------------------
std-typ:both.early    CLK/coherent-synthesis        -        0.057     0.074     0.066        0.005       ignored                  -         0.017              -
std-typ:both.late     CLK/coherent-synthesis     0.050       0.057     0.074     0.066        0.005       explicit             0.050         0.017    100% {0.057, 0.074}
---------------------------------------------------------------------------------------------------------------------------------------------------------------------------

* - indicates that target was not met.

Skew Group Min/Max path pins:
=============================

------------------------------------------------------------------------------------
Timing Corner         Skew Group                Min ID    PathID    Max ID    PathID
------------------------------------------------------------------------------------
std-typ:both.early    CLK/coherent-synthesis    0.057       1       0.074       2
-    min p_reg_Y_temp_reg_45_/CK
-    max p_reg_Y_temp_reg_63_/CK
std-typ:both.late     CLK/coherent-synthesis    0.057       3       0.074       4
-    min p_reg_Y_temp_reg_45_/CK
-    max p_reg_Y_temp_reg_59_/CK
------------------------------------------------------------------------------------

Timing for timing corner std-typ:both.early, min clock_path:
============================================================

PathID    : 1
Path type : skew group CLK/coherent-synthesis (path 1 of 1)
Start     : CLK
End       : p_reg_Y_temp_reg_45_/CK
Delay     : 0.057

-------------------------------------------------------------------------------------------------
Name  Lib cell   Event  Incr   Arrival  Slew   Cap     Location          Distance  Fanout  Status
                        (ns)   (ns)     (ns)   (fF)                      (um)              
-- Clockpath trace ------------------------------------------------------------------------------
CLK
-     -          rise   -       0.000   0.002  23.411  (73.545,0.000)    -            5    
CTS_ccl_a_buf_00003/A
-     CLKBUF_X2  rise   0.002   0.002   0.003  -       (123.370,43.365)   93.190   -       
CTS_ccl_a_buf_00003/Z
-     CLKBUF_X2  rise   0.054   0.056   0.034  28.970  (123.735,42.990)    0.740     24    
p_reg_Y_temp_reg_45_/CK
-     DFF_X1     rise   0.001   0.057   0.034  -       (123.920,42.310)    0.865   -       
-------------------------------------------------------------------------------------------------

Timing for timing corner std-typ:both.early, max clock_path:
============================================================

PathID    : 2
Path type : skew group CLK/coherent-synthesis (path 1 of 1)
Start     : CLK
End       : p_reg_Y_temp_reg_63_/CK
Delay     : 0.074

-------------------------------------------------------------------------------------------------
Name  Lib cell   Event  Incr   Arrival  Slew   Cap     Location          Distance  Fanout  Status
                        (ns)   (ns)     (ns)   (fF)                      (um)              
-- Clockpath trace ------------------------------------------------------------------------------
CLK
-     -          rise   -       0.000   0.002  23.411  (73.545,0.000)    -            5    
CTS_ccl_a_buf_00002/A
-     CLKBUF_X3  rise   0.002   0.002   0.002  -       (66.940,43.365)    49.970   -       
CTS_ccl_a_buf_00002/Z
-     CLKBUF_X3  rise   0.067   0.069   0.044  54.573  (67.305,43.020)     0.710     39    
p_reg_Y_temp_reg_63_/CK
-     DFF_X1     rise   0.005   0.074   0.044  -       (122.970,20.970)   77.715   -       
-------------------------------------------------------------------------------------------------

Timing for timing corner std-typ:both.late, min clock_path:
===========================================================

PathID    : 3
Path type : skew group CLK/coherent-synthesis (path 1 of 1)
Start     : CLK
End       : p_reg_Y_temp_reg_45_/CK
Delay     : 0.057

-------------------------------------------------------------------------------------------------
Name  Lib cell   Event  Incr   Arrival  Slew   Cap     Location          Distance  Fanout  Status
                        (ns)   (ns)     (ns)   (fF)                      (um)              
-- Clockpath trace ------------------------------------------------------------------------------
CLK
-     -          rise   -       0.000   0.002  23.411  (73.545,0.000)    -            5    
CTS_ccl_a_buf_00003/A
-     CLKBUF_X2  rise   0.002   0.002   0.003  -       (123.370,43.365)   93.190   -       
CTS_ccl_a_buf_00003/Z
-     CLKBUF_X2  rise   0.054   0.057   0.034  28.970  (123.735,42.990)    0.740     24    
p_reg_Y_temp_reg_45_/CK
-     DFF_X1     rise   0.000   0.057   0.034  -       (123.920,42.310)    0.865   -       
-------------------------------------------------------------------------------------------------

Timing for timing corner std-typ:both.late, max clock_path:
===========================================================

PathID    : 4
Path type : skew group CLK/coherent-synthesis (path 1 of 1)
Start     : CLK
End       : p_reg_Y_temp_reg_59_/CK
Delay     : 0.074

-------------------------------------------------------------------------------------------------
Name  Lib cell   Event  Incr   Arrival  Slew   Cap     Location          Distance  Fanout  Status
                        (ns)   (ns)     (ns)   (fF)                      (um)              
-- Clockpath trace ------------------------------------------------------------------------------
CLK
-     -          rise   -       0.000   0.002  23.411  (73.545,0.000)    -            5    
CTS_ccl_a_buf_00002/A
-     CLKBUF_X3  rise   0.002   0.002   0.002  -       (66.940,43.365)    49.970   -       
CTS_ccl_a_buf_00002/Z
-     CLKBUF_X3  rise   0.068   0.069   0.044  54.573  (67.305,43.020)     0.710     39    
p_reg_Y_temp_reg_59_/CK
-     DFF_X1     rise   0.005   0.074   0.044  -       (122.210,15.370)   82.555   -       
-------------------------------------------------------------------------------------------------

